/usr/share/dotnet/sdk/9.0.305/Sdks/Microsoft.NET.Sdk/targets/Microsoft.PackageDependencyResolution.targets(266,5): error NETSDK1004: Assets file '/home/runner/work/trading-bot-c-/trading-bot-c-/src/StrategyAgent/obj/project.assets.json' not found. Run a NuGet package restore to generate this file. [/home/runner/work/trading-bot-c-/trading-bot-c-/src/StrategyAgent/StrategyAgent.csproj]
/usr/share/dotnet/sdk/9.0.305/Sdks/Microsoft.NET.Sdk/targets/Microsoft.PackageDependencyResolution.targets(266,5): error NETSDK1004: Assets file '/home/runner/work/trading-bot-c-/trading-bot-c-/src/UnifiedOrchestrator/obj/project.assets.json' not found. Run a NuGet package restore to generate this file. [/home/runner/work/trading-bot-c-/trading-bot-c-/src/UnifiedOrchestrator/UnifiedOrchestrator.csproj]
/usr/share/dotnet/sdk/9.0.305/Sdks/Microsoft.NET.Sdk/targets/Microsoft.PackageDependencyResolution.targets(266,5): error NETSDK1004: Assets file '/home/runner/work/trading-bot-c-/trading-bot-c-/src/UpdaterAgent/obj/project.assets.json' not found. Run a NuGet package restore to generate this file. [/home/runner/work/trading-bot-c-/trading-bot-c-/src/UpdaterAgent/UpdaterAgent.csproj]
/usr/share/dotnet/sdk/9.0.305/Sdks/Microsoft.NET.Sdk/targets/Microsoft.PackageDependencyResolution.targets(266,5): error NETSDK1004: Assets file '/home/runner/work/trading-bot-c-/trading-bot-c-/src/BotCore/obj/project.assets.json' not found. Run a NuGet package restore to generate this file. [/home/runner/work/trading-bot-c-/trading-bot-c-/src/BotCore/BotCore.csproj]
/usr/share/dotnet/sdk/9.0.305/Sdks/Microsoft.NET.Sdk/targets/Microsoft.PackageDependencyResolution.targets(266,5): error NETSDK1004: Assets file '/home/runner/work/trading-bot-c-/trading-bot-c-/tests/Unit/obj/project.assets.json' not found. Run a NuGet package restore to generate this file. [/home/runner/work/trading-bot-c-/trading-bot-c-/tests/Unit/MLRLAuditTests.csproj]
/usr/share/dotnet/sdk/9.0.305/Sdks/Microsoft.NET.Sdk/targets/Microsoft.PackageDependencyResolution.targets(266,5): error NETSDK1004: Assets file '/home/runner/work/trading-bot-c-/trading-bot-c-/src/Abstractions/obj/project.assets.json' not found. Run a NuGet package restore to generate this file. [/home/runner/work/trading-bot-c-/trading-bot-c-/src/Abstractions/Abstractions.csproj]
/usr/share/dotnet/sdk/9.0.305/Sdks/Microsoft.NET.Sdk/targets/Microsoft.PackageDependencyResolution.targets(266,5): error NETSDK1004: Assets file '/home/runner/work/trading-bot-c-/trading-bot-c-/src/S7/obj/project.assets.json' not found. Run a NuGet package restore to generate this file. [/home/runner/work/trading-bot-c-/trading-bot-c-/src/S7/S7.csproj]

Build FAILED.

/usr/share/dotnet/sdk/9.0.305/Sdks/Microsoft.NET.Sdk/targets/Microsoft.PackageDependencyResolution.targets(266,5): error NETSDK1004: Assets file '/home/runner/work/trading-bot-c-/trading-bot-c-/src/StrategyAgent/obj/project.assets.json' not found. Run a NuGet package restore to generate this file. [/home/runner/work/trading-bot-c-/trading-bot-c-/src/StrategyAgent/StrategyAgent.csproj]
/usr/share/dotnet/sdk/9.0.305/Sdks/Microsoft.NET.Sdk/targets/Microsoft.PackageDependencyResolution.targets(266,5): error NETSDK1004: Assets file '/home/runner/work/trading-bot-c-/trading-bot-c-/src/UnifiedOrchestrator/obj/project.assets.json' not found. Run a NuGet package restore to generate this file. [/home/runner/work/trading-bot-c-/trading-bot-c-/src/UnifiedOrchestrator/UnifiedOrchestrator.csproj]
/usr/share/dotnet/sdk/9.0.305/Sdks/Microsoft.NET.Sdk/targets/Microsoft.PackageDependencyResolution.targets(266,5): error NETSDK1004: Assets file '/home/runner/work/trading-bot-c-/trading-bot-c-/src/UpdaterAgent/obj/project.assets.json' not found. Run a NuGet package restore to generate this file. [/home/runner/work/trading-bot-c-/trading-bot-c-/src/UpdaterAgent/UpdaterAgent.csproj]
/usr/share/dotnet/sdk/9.0.305/Sdks/Microsoft.NET.Sdk/targets/Microsoft.PackageDependencyResolution.targets(266,5): error NETSDK1004: Assets file '/home/runner/work/trading-bot-c-/trading-bot-c-/src/BotCore/obj/project.assets.json' not found. Run a NuGet package restore to generate this file. [/home/runner/work/trading-bot-c-/trading-bot-c-/src/BotCore/BotCore.csproj]
/usr/share/dotnet/sdk/9.0.305/Sdks/Microsoft.NET.Sdk/targets/Microsoft.PackageDependencyResolution.targets(266,5): error NETSDK1004: Assets file '/home/runner/work/trading-bot-c-/trading-bot-c-/tests/Unit/obj/project.assets.json' not found. Run a NuGet package restore to generate this file. [/home/runner/work/trading-bot-c-/trading-bot-c-/tests/Unit/MLRLAuditTests.csproj]
/usr/share/dotnet/sdk/9.0.305/Sdks/Microsoft.NET.Sdk/targets/Microsoft.PackageDependencyResolution.targets(266,5): error NETSDK1004: Assets file '/home/runner/work/trading-bot-c-/trading-bot-c-/src/Abstractions/obj/project.assets.json' not found. Run a NuGet package restore to generate this file. [/home/runner/work/trading-bot-c-/trading-bot-c-/src/Abstractions/Abstractions.csproj]
/usr/share/dotnet/sdk/9.0.305/Sdks/Microsoft.NET.Sdk/targets/Microsoft.PackageDependencyResolution.targets(266,5): error NETSDK1004: Assets file '/home/runner/work/trading-bot-c-/trading-bot-c-/src/S7/obj/project.assets.json' not found. Run a NuGet package restore to generate this file. [/home/runner/work/trading-bot-c-/trading-bot-c-/src/S7/S7.csproj]
    0 Warning(s)
    7 Error(s)

Time Elapsed 00:00:04.78
