  Determining projects to restore...
  Restored /home/runner/work/trading-bot-c-/trading-bot-c-/src/TopstepAuthAgent/TopstepAuthAgent.csproj (in 17.2 sec).
  Restored /home/runner/work/trading-bot-c-/trading-bot-c-/src/S7/S7.csproj (in 17.2 sec).
  Restored /home/runner/work/trading-bot-c-/trading-bot-c-/src/IntelligenceStack/IntelligenceStack.csproj (in 23.07 sec).
  Restored /home/runner/work/trading-bot-c-/trading-bot-c-/src/Zones/Zones.csproj (in 6.13 sec).
  Restored /home/runner/work/trading-bot-c-/trading-bot-c-/src/UpdaterAgent/UpdaterAgent.csproj (in 7.3 sec).
  Restored /home/runner/work/trading-bot-c-/trading-bot-c-/src/RLAgent/RLAgent.csproj (in 3 ms).
  Restored /home/runner/work/trading-bot-c-/trading-bot-c-/src/BotCore/BotCore.csproj (in 954 ms).
  Restored /home/runner/work/trading-bot-c-/trading-bot-c-/src/Abstractions/Abstractions.csproj (in 4 ms).
  Restored /home/runner/work/trading-bot-c-/trading-bot-c-/src/Safety/Safety.csproj (in 5.36 sec).
  Restored /home/runner/work/trading-bot-c-/trading-bot-c-/src/UnifiedOrchestrator/UnifiedOrchestrator.csproj (in 8.13 sec).
  Restored /home/runner/work/trading-bot-c-/trading-bot-c-/tests/Unit/MLRLAuditTests.csproj (in 31.21 sec).
  UpdaterAgent -> /home/runner/work/trading-bot-c-/trading-bot-c-/src/UpdaterAgent/bin/Debug/net8.0/UpdaterAgent.dll
  INFO: Enforcing strict literal detection in critical namespaces
  Abstractions -> /home/runner/work/trading-bot-c-/trading-bot-c-/src/Abstractions/bin/Debug/net8.0/Abstractions.dll
  INFO: Enforcing strict literal detection in critical namespaces
  TopstepAuthAgent -> /home/runner/work/trading-bot-c-/trading-bot-c-/src/TopstepAuthAgent/bin/Debug/net8.0/TopstepAuthAgent.dll
  INFO: Enforcing strict literal detection in critical namespaces
  RLAgent -> /home/runner/work/trading-bot-c-/trading-bot-c-/src/RLAgent/bin/Debug/net8.0/RLAgent.dll
  INFO: Enforcing strict literal detection in critical namespaces
  Zones -> /home/runner/work/trading-bot-c-/trading-bot-c-/src/Zones/bin/Debug/net8.0/Zones.dll
  INFO: Enforcing strict literal detection in critical namespaces
  S7 -> /home/runner/work/trading-bot-c-/trading-bot-c-/src/S7/bin/Debug/net8.0/TradingBot.S7.dll
  INFO: Enforcing strict literal detection in critical namespaces
  IntelligenceStack -> /home/runner/work/trading-bot-c-/trading-bot-c-/src/IntelligenceStack/bin/Debug/net8.0/IntelligenceStack.dll
  INFO: Enforcing strict literal detection in critical namespaces
/home/runner/work/trading-bot-c-/trading-bot-c-/src/BotCore/Services/ProductionOrderEvidenceService.cs(61,50): error CS0019: Operator '??' cannot be applied to operands of type 'decimal' and 'int' [/home/runner/work/trading-bot-c-/trading-bot-c-/src/BotCore/BotCore.csproj]
/home/runner/work/trading-bot-c-/trading-bot-c-/src/BotCore/Services/ProductionOrderEvidenceService.cs(61,76): error CS0019: Operator '??' cannot be applied to operands of type 'int' and 'int' [/home/runner/work/trading-bot-c-/trading-bot-c-/src/BotCore/BotCore.csproj]
/home/runner/work/trading-bot-c-/trading-bot-c-/src/BotCore/Services/ProductionOrderEvidenceService.cs(83,40): error CS0019: Operator '??' cannot be applied to operands of type 'decimal' and 'int' [/home/runner/work/trading-bot-c-/trading-bot-c-/src/BotCore/BotCore.csproj]
/home/runner/work/trading-bot-c-/trading-bot-c-/src/BotCore/Services/ProductionOrderEvidenceService.cs(84,39): error CS0019: Operator '??' cannot be applied to operands of type 'int' and 'int' [/home/runner/work/trading-bot-c-/trading-bot-c-/src/BotCore/BotCore.csproj]
/home/runner/work/trading-bot-c-/trading-bot-c-/src/BotCore/Brain/UnifiedTradingBrain.cs(1,1): error S104: This file has 3163 lines, which is greater than 1000 authorized. Split it into smaller files. (https://rules.sonarsource.com/csharp/RSPEC-104) [/home/runner/work/trading-bot-c-/trading-bot-c-/src/BotCore/BotCore.csproj]
/home/runner/work/trading-bot-c-/trading-bot-c-/src/BotCore/CriticalSystemComponents.cs(1,1): error S104: This file has 1706 lines, which is greater than 1000 authorized. Split it into smaller files. (https://rules.sonarsource.com/csharp/RSPEC-104) [/home/runner/work/trading-bot-c-/trading-bot-c-/src/BotCore/BotCore.csproj]
/home/runner/work/trading-bot-c-/trading-bot-c-/src/BotCore/ML/OnnxModelLoader.cs(1,1): error S104: This file has 1393 lines, which is greater than 1000 authorized. Split it into smaller files. (https://rules.sonarsource.com/csharp/RSPEC-104) [/home/runner/work/trading-bot-c-/trading-bot-c-/src/BotCore/BotCore.csproj]
/home/runner/work/trading-bot-c-/trading-bot-c-/src/BotCore/Services/AutonomousDecisionEngine.cs(1,1): error S104: This file has 1392 lines, which is greater than 1000 authorized. Split it into smaller files. (https://rules.sonarsource.com/csharp/RSPEC-104) [/home/runner/work/trading-bot-c-/trading-bot-c-/src/BotCore/BotCore.csproj]
/home/runner/work/trading-bot-c-/trading-bot-c-/src/BotCore/Services/MasterDecisionOrchestrator.cs(1,1): error S104: This file has 1485 lines, which is greater than 1000 authorized. Split it into smaller files. (https://rules.sonarsource.com/csharp/RSPEC-104) [/home/runner/work/trading-bot-c-/trading-bot-c-/src/BotCore/BotCore.csproj]
/home/runner/work/trading-bot-c-/trading-bot-c-/src/BotCore/Services/OrderExecutionService.cs(1,1): error S104: This file has 1054 lines, which is greater than 1000 authorized. Split it into smaller files. (https://rules.sonarsource.com/csharp/RSPEC-104) [/home/runner/work/trading-bot-c-/trading-bot-c-/src/BotCore/BotCore.csproj]
/home/runner/work/trading-bot-c-/trading-bot-c-/src/BotCore/Services/TradingSystemIntegrationService.cs(1,1): error S104: This file has 1458 lines, which is greater than 1000 authorized. Split it into smaller files. (https://rules.sonarsource.com/csharp/RSPEC-104) [/home/runner/work/trading-bot-c-/trading-bot-c-/src/BotCore/BotCore.csproj]
/home/runner/work/trading-bot-c-/trading-bot-c-/src/BotCore/Services/UnifiedPositionManagementService.cs(1,1): error S104: This file has 2044 lines, which is greater than 1000 authorized. Split it into smaller files. (https://rules.sonarsource.com/csharp/RSPEC-104) [/home/runner/work/trading-bot-c-/trading-bot-c-/src/BotCore/BotCore.csproj]
/home/runner/work/trading-bot-c-/trading-bot-c-/src/BotCore/Strategy/AllStrategies.cs(1,1): error S104: This file has 1012 lines, which is greater than 1000 authorized. Split it into smaller files. (https://rules.sonarsource.com/csharp/RSPEC-104) [/home/runner/work/trading-bot-c-/trading-bot-c-/src/BotCore/BotCore.csproj]
/home/runner/work/trading-bot-c-/trading-bot-c-/src/BotCore/Strategy/S3Strategy.cs(1,1): error S104: This file has 1030 lines, which is greater than 1000 authorized. Split it into smaller files. (https://rules.sonarsource.com/csharp/RSPEC-104) [/home/runner/work/trading-bot-c-/trading-bot-c-/src/BotCore/BotCore.csproj]
/home/runner/work/trading-bot-c-/trading-bot-c-/src/BotCore/ApiClient.cs(45,30): error CA1034: Do not nest type ContractDto. Alternatively, change its accessibility so that it is not externally visible. (https://learn.microsoft.com/dotnet/fundamentals/code-analysis/quality-rules/ca1034) [/home/runner/work/trading-bot-c-/trading-bot-c-/src/BotCore/BotCore.csproj]
/home/runner/work/trading-bot-c-/trading-bot-c-/src/BotCore/ApiClient.cs(46,30): error CA1034: Do not nest type AvailableResp. Alternatively, change its accessibility so that it is not externally visible. (https://learn.microsoft.com/dotnet/fundamentals/code-analysis/quality-rules/ca1034) [/home/runner/work/trading-bot-c-/trading-bot-c-/src/BotCore/BotCore.csproj]
/home/runner/work/trading-bot-c-/trading-bot-c-/src/BotCore/ApiClient.cs(136,30): error CA1034: Do not nest type SearchResp. Alternatively, change its accessibility so that it is not externally visible. (https://learn.microsoft.com/dotnet/fundamentals/code-analysis/quality-rules/ca1034) [/home/runner/work/trading-bot-c-/trading-bot-c-/src/BotCore/BotCore.csproj]
/home/runner/work/trading-bot-c-/trading-bot-c-/src/BotCore/Services/TradingSystemIntegrationService.cs(860,24): error S3241: Change return type to 'void'; not a single caller uses the returned value. (https://rules.sonarsource.com/csharp/RSPEC-3241) [/home/runner/work/trading-bot-c-/trading-bot-c-/src/BotCore/BotCore.csproj]
/home/runner/work/trading-bot-c-/trading-bot-c-/src/BotCore/Services/TradingSystemIntegrationService.cs(134,22): error CA1034: Do not nest type TradingSystemConfiguration. Alternatively, change its accessibility so that it is not externally visible. (https://learn.microsoft.com/dotnet/fundamentals/code-analysis/quality-rules/ca1034) [/home/runner/work/trading-bot-c-/trading-bot-c-/src/BotCore/BotCore.csproj]
/home/runner/work/trading-bot-c-/trading-bot-c-/src/BotCore/Services/TradingSystemIntegrationService.cs(142,27): error CA1056: Change the type of property 'TradingSystemIntegrationService.TradingSystemConfiguration.UserHubUrl' from 'string' to 'System.Uri' (https://learn.microsoft.com/dotnet/fundamentals/code-analysis/quality-rules/ca1056) [/home/runner/work/trading-bot-c-/trading-bot-c-/src/BotCore/BotCore.csproj]
/home/runner/work/trading-bot-c-/trading-bot-c-/src/BotCore/Services/TradingSystemIntegrationService.cs(141,27): error CA1056: Change the type of property 'TradingSystemIntegrationService.TradingSystemConfiguration.TopstepXApiBaseUrl' from 'string' to 'System.Uri' (https://learn.microsoft.com/dotnet/fundamentals/code-analysis/quality-rules/ca1056) [/home/runner/work/trading-bot-c-/trading-bot-c-/src/BotCore/BotCore.csproj]
/home/runner/work/trading-bot-c-/trading-bot-c-/src/BotCore/Services/TradingSystemIntegrationService.cs(143,27): error CA1056: Change the type of property 'TradingSystemIntegrationService.TradingSystemConfiguration.MarketHubUrl' from 'string' to 'System.Uri' (https://learn.microsoft.com/dotnet/fundamentals/code-analysis/quality-rules/ca1056) [/home/runner/work/trading-bot-c-/trading-bot-c-/src/BotCore/BotCore.csproj]
/home/runner/work/trading-bot-c-/trading-bot-c-/src/BotCore/Services/TradingSystemIntegrationService.cs(170,22): error CA1034: Do not nest type PlaceOrderRequest. Alternatively, change its accessibility so that it is not externally visible. (https://learn.microsoft.com/dotnet/fundamentals/code-analysis/quality-rules/ca1034) [/home/runner/work/trading-bot-c-/trading-bot-c-/src/BotCore/BotCore.csproj]
/home/runner/work/trading-bot-c-/trading-bot-c-/src/BotCore/Services/IntegritySigningService.cs(415,21): error S2953: Either implement 'IDisposable.Dispose', or totally rename this method to prevent confusion. (https://rules.sonarsource.com/csharp/RSPEC-2953) [/home/runner/work/trading-bot-c-/trading-bot-c-/src/BotCore/BotCore.csproj]
/home/runner/work/trading-bot-c-/trading-bot-c-/src/BotCore/Bandits/LinUcbBandit.cs(188,25): error CA1814: _AInverse is a multidimensional array. Replace it with a jagged array if possible. (https://learn.microsoft.com/dotnet/fundamentals/code-analysis/quality-rules/ca1814) [/home/runner/work/trading-bot-c-/trading-bot-c-/src/BotCore/BotCore.csproj]
/home/runner/work/trading-bot-c-/trading-bot-c-/src/BotCore/Bandits/LinUcbBandit.cs(186,33): error CA1814: _A is a multidimensional array. Replace it with a jagged array if possible. (https://learn.microsoft.com/dotnet/fundamentals/code-analysis/quality-rules/ca1814) [/home/runner/work/trading-bot-c-/trading-bot-c-/src/BotCore/BotCore.csproj]
/home/runner/work/trading-bot-c-/trading-bot-c-/src/BotCore/Strategy/AllStrategies.cs(57,48): error S4136: All 'generate_candidates' method overloads should be adjacent. (https://rules.sonarsource.com/csharp/RSPEC-4136) [/home/runner/work/trading-bot-c-/trading-bot-c-/src/BotCore/BotCore.csproj]
/home/runner/work/trading-bot-c-/trading-bot-c-/src/BotCore/BarAggregator.cs(159,24): error S3241: Change return type to 'void'; not a single caller uses the returned value. (https://rules.sonarsource.com/csharp/RSPEC-3241) [/home/runner/work/trading-bot-c-/trading-bot-c-/src/BotCore/BotCore.csproj]
/home/runner/work/trading-bot-c-/trading-bot-c-/src/BotCore/BarAggregator.cs(21,35): error CA1003: Change the event 'OnBar' to replace the type 'System.Action<BotCore.Models.Bar>?' with a generic EventHandler, for example EventHandler<T>, where T is a valid EventArgs (https://learn.microsoft.com/dotnet/fundamentals/code-analysis/quality-rules/ca1003) [/home/runner/work/trading-bot-c-/trading-bot-c-/src/BotCore/BotCore.csproj]
/home/runner/work/trading-bot-c-/trading-bot-c-/src/BotCore/BarAggregatorV2.cs(27,60): error CA1003: Change the event 'BarClosed' to replace the type 'System.Action<string, string, BotCore.FootprintBar>?' with a generic EventHandler, for example EventHandler<T>, where T is a valid EventArgs (https://learn.microsoft.com/dotnet/fundamentals/code-analysis/quality-rules/ca1003) [/home/runner/work/trading-bot-c-/trading-bot-c-/src/BotCore/BotCore.csproj]
/home/runner/work/trading-bot-c-/trading-bot-c-/src/BotCore/ML/UCBManager.cs(19,53): error S1075: Refactor your code not to use hardcoded absolute paths or URIs. (https://rules.sonarsource.com/csharp/RSPEC-1075) [/home/runner/work/trading-bot-c-/trading-bot-c-/src/BotCore/BotCore.csproj]
/home/runner/work/trading-bot-c-/trading-bot-c-/src/BotCore/Models/Candidate.cs(8,23): error CA1707: Remove the underscores from member name BotCore.Models.Candidate.strategy_id (https://learn.microsoft.com/dotnet/fundamentals/code-analysis/quality-rules/ca1707) [/home/runner/work/trading-bot-c-/trading-bot-c-/src/BotCore/BotCore.csproj]
/home/runner/work/trading-bot-c-/trading-bot-c-/src/BotCore/Models/Candidate.cs(16,21): error CA1707: Remove the underscores from member name BotCore.Models.Candidate.atr_ok (https://learn.microsoft.com/dotnet/fundamentals/code-analysis/quality-rules/ca1707) [/home/runner/work/trading-bot-c-/trading-bot-c-/src/BotCore/BotCore.csproj]
/home/runner/work/trading-bot-c-/trading-bot-c-/src/BotCore/Models/Candidate.cs(17,25): error CA1707: Remove the underscores from member name BotCore.Models.Candidate.vol_z (https://learn.microsoft.com/dotnet/fundamentals/code-analysis/quality-rules/ca1707) [/home/runner/work/trading-bot-c-/trading-bot-c-/src/BotCore/BotCore.csproj]
/home/runner/work/trading-bot-c-/trading-bot-c-/src/BotCore/Models/MarketSnapshot.cs(13,21): error CA1707: Remove the underscores from member name BotCore.Models.MarketSnapshot.Ema9Over21_5m (https://learn.microsoft.com/dotnet/fundamentals/code-analysis/quality-rules/ca1707) [/home/runner/work/trading-bot-c-/trading-bot-c-/src/BotCore/BotCore.csproj]
/home/runner/work/trading-bot-c-/trading-bot-c-/src/BotCore/Infrastructure/HttpClientConfiguration.cs(161,29): error CA1034: Do not nest type TokenResponse. Alternatively, change its accessibility so that it is not externally visible. (https://learn.microsoft.com/dotnet/fundamentals/code-analysis/quality-rules/ca1034) [/home/runner/work/trading-bot-c-/trading-bot-c-/src/BotCore/BotCore.csproj]
/home/runner/work/trading-bot-c-/trading-bot-c-/src/BotCore/ModelUpdaterService.cs(456,22): error CA1034: Do not nest type ModelManifest. Alternatively, change its accessibility so that it is not externally visible. (https://learn.microsoft.com/dotnet/fundamentals/code-analysis/quality-rules/ca1034) [/home/runner/work/trading-bot-c-/trading-bot-c-/src/BotCore/BotCore.csproj]
/home/runner/work/trading-bot-c-/trading-bot-c-/src/BotCore/ModelUpdaterService.cs(463,22): error CA1034: Do not nest type ModelInfo. Alternatively, change its accessibility so that it is not externally visible. (https://learn.microsoft.com/dotnet/fundamentals/code-analysis/quality-rules/ca1034) [/home/runner/work/trading-bot-c-/trading-bot-c-/src/BotCore/BotCore.csproj]
/home/runner/work/trading-bot-c-/trading-bot-c-/src/BotCore/ModelUpdaterService.cs(465,27): error CA1056: Change the type of property 'ModelUpdaterService.ModelInfo.Url' from 'string' to 'System.Uri' (https://learn.microsoft.com/dotnet/fundamentals/code-analysis/quality-rules/ca1056) [/home/runner/work/trading-bot-c-/trading-bot-c-/src/BotCore/BotCore.csproj]
/home/runner/work/trading-bot-c-/trading-bot-c-/src/BotCore/ModelUpdaterService.cs(28,41): error S1450: Remove the field '_config' and declare it as a local variable in the relevant methods. (https://rules.sonarsource.com/csharp/RSPEC-1450) [/home/runner/work/trading-bot-c-/trading-bot-c-/src/BotCore/BotCore.csproj]
/home/runner/work/trading-bot-c-/trading-bot-c-/src/BotCore/MultiStrategyRlCollector.cs(85,22): error CA1034: Do not nest type ComprehensiveFeatures. Alternatively, change its accessibility so that it is not externally visible. (https://learn.microsoft.com/dotnet/fundamentals/code-analysis/quality-rules/ca1034) [/home/runner/work/trading-bot-c-/trading-bot-c-/src/BotCore/BotCore.csproj]
/home/runner/work/trading-bot-c-/trading-bot-c-/src/BotCore/StrategyDsl/StrategyKnowledgeGraphNew.cs(284,21): error CA1711: Either replace the suffix 'New' in type name StrategyKnowledgeGraphNew with the suggested numeric alternate '2' or provide a more meaningful suffix that distinguishes it from the type it replaces (https://learn.microsoft.com/dotnet/fundamentals/code-analysis/quality-rules/ca1711) [/home/runner/work/trading-bot-c-/trading-bot-c-/src/BotCore/BotCore.csproj]
/home/runner/work/trading-bot-c-/trading-bot-c-/src/BotCore/MultiStrategyRlCollector.cs(195,22): error CA1034: Do not nest type EnhancedTradeOutcome. Alternatively, change its accessibility so that it is not externally visible. (https://learn.microsoft.com/dotnet/fundamentals/code-analysis/quality-rules/ca1034) [/home/runner/work/trading-bot-c-/trading-bot-c-/src/BotCore/BotCore.csproj]
/home/runner/work/trading-bot-c-/trading-bot-c-/src/BotCore/Supervisor/ContractResolver.cs(10,25): error S1118: Add a 'private' constructor or the 'static' keyword to the class declaration. (https://rules.sonarsource.com/csharp/RSPEC-1118) [/home/runner/work/trading-bot-c-/trading-bot-c-/src/BotCore/BotCore.csproj]
/home/runner/work/trading-bot-c-/trading-bot-c-/src/BotCore/Supervisor/StateStore.cs(14,29): error CA1034: Do not nest type Snapshot. Alternatively, change its accessibility so that it is not externally visible. (https://learn.microsoft.com/dotnet/fundamentals/code-analysis/quality-rules/ca1034) [/home/runner/work/trading-bot-c-/trading-bot-c-/src/BotCore/BotCore.csproj]
/home/runner/work/trading-bot-c-/trading-bot-c-/src/BotCore/Objectives/ProfitObjective.cs(13,26): error CA1034: Do not nest type ProfitMetrics. Alternatively, change its accessibility so that it is not externally visible. (https://learn.microsoft.com/dotnet/fundamentals/code-analysis/quality-rules/ca1034) [/home/runner/work/trading-bot-c-/trading-bot-c-/src/BotCore/BotCore.csproj]
/home/runner/work/trading-bot-c-/trading-bot-c-/src/BotCore/Objectives/ProfitObjective.cs(15,26): error CA1034: Do not nest type Weights. Alternatively, change its accessibility so that it is not externally visible. (https://learn.microsoft.com/dotnet/fundamentals/code-analysis/quality-rules/ca1034) [/home/runner/work/trading-bot-c-/trading-bot-c-/src/BotCore/BotCore.csproj]
/home/runner/work/trading-bot-c-/trading-bot-c-/src/BotCore/Supervisor/StrategyDiagnostics.cs(9,30): error CA1034: Do not nest type Check. Alternatively, change its accessibility so that it is not externally visible. (https://learn.microsoft.com/dotnet/fundamentals/code-analysis/quality-rules/ca1034) [/home/runner/work/trading-bot-c-/trading-bot-c-/src/BotCore/BotCore.csproj]
/home/runner/work/trading-bot-c-/trading-bot-c-/src/BotCore/Supervisor/StrategyDiagnostics.cs(10,30): error CA1034: Do not nest type Report. Alternatively, change its accessibility so that it is not externally visible. (https://learn.microsoft.com/dotnet/fundamentals/code-analysis/quality-rules/ca1034) [/home/runner/work/trading-bot-c-/trading-bot-c-/src/BotCore/BotCore.csproj]
/home/runner/work/trading-bot-c-/trading-bot-c-/src/BotCore/TestApp/Program.cs(14,21): error S1118: Add a 'private' constructor or the 'static' keyword to the class declaration. (https://rules.sonarsource.com/csharp/RSPEC-1118) [/home/runner/work/trading-bot-c-/trading-bot-c-/src/BotCore/BotCore.csproj]
/home/runner/work/trading-bot-c-/trading-bot-c-/src/BotCore/TradeLog.cs(19,102): error CA1727: Use PascalCase for named placeholders in the logging message template (https://learn.microsoft.com/dotnet/fundamentals/code-analysis/quality-rules/ca1727) [/home/runner/work/trading-bot-c-/trading-bot-c-/src/BotCore/BotCore.csproj]
/home/runner/work/trading-bot-c-/trading-bot-c-/src/BotCore/TradeLog.cs(23,17): error CA1727: Use PascalCase for named placeholders in the logging message template (https://learn.microsoft.com/dotnet/fundamentals/code-analysis/quality-rules/ca1727) [/home/runner/work/trading-bot-c-/trading-bot-c-/src/BotCore/BotCore.csproj]
/home/runner/work/trading-bot-c-/trading-bot-c-/src/BotCore/TradeLog.cs(10,23): error CA1034: Do not nest type ContractSpec. Alternatively, change its accessibility so that it is not externally visible. (https://learn.microsoft.com/dotnet/fundamentals/code-analysis/quality-rules/ca1034) [/home/runner/work/trading-bot-c-/trading-bot-c-/src/BotCore/BotCore.csproj]
/home/runner/work/trading-bot-c-/trading-bot-c-/src/BotCore/TradeLog.cs(59,17): error CA1727: Use PascalCase for named placeholders in the logging message template (https://learn.microsoft.com/dotnet/fundamentals/code-analysis/quality-rules/ca1727) [/home/runner/work/trading-bot-c-/trading-bot-c-/src/BotCore/BotCore.csproj]
/home/runner/work/trading-bot-c-/trading-bot-c-/src/BotCore/CloudRlTrainerEnhanced.cs(290,22): error CA1034: Do not nest type EnhancedModelManifest. Alternatively, change its accessibility so that it is not externally visible. (https://learn.microsoft.com/dotnet/fundamentals/code-analysis/quality-rules/ca1034) [/home/runner/work/trading-bot-c-/trading-bot-c-/src/BotCore/BotCore.csproj]
/home/runner/work/trading-bot-c-/trading-bot-c-/src/BotCore/CloudRlTrainerEnhanced.cs(24,33): error S1450: Remove the field '_dataDir' and declare it as a local variable in the relevant methods. (https://rules.sonarsource.com/csharp/RSPEC-1450) [/home/runner/work/trading-bot-c-/trading-bot-c-/src/BotCore/BotCore.csproj]
/home/runner/work/trading-bot-c-/trading-bot-c-/src/BotCore/CloudRlTrainerEnhanced.cs(301,22): error CA1034: Do not nest type EnhancedModelInfo. Alternatively, change its accessibility so that it is not externally visible. (https://learn.microsoft.com/dotnet/fundamentals/code-analysis/quality-rules/ca1034) [/home/runner/work/trading-bot-c-/trading-bot-c-/src/BotCore/BotCore.csproj]
/home/runner/work/trading-bot-c-/trading-bot-c-/src/BotCore/CloudRlTrainerEnhanced.cs(303,27): error CA1056: Change the type of property 'CloudRlTrainerEnhanced.EnhancedModelInfo.Url' from 'string' to 'System.Uri' (https://learn.microsoft.com/dotnet/fundamentals/code-analysis/quality-rules/ca1056) [/home/runner/work/trading-bot-c-/trading-bot-c-/src/BotCore/BotCore.csproj]
/home/runner/work/trading-bot-c-/trading-bot-c-/src/BotCore/Market/BarAggregator.cs(15,43): error CA1003: Change the event 'OnBarClosed' to replace the type 'System.Action<string, BotCore.Market.Bar>?' with a generic EventHandler, for example EventHandler<T>, where T is a valid EventArgs (https://learn.microsoft.com/dotnet/fundamentals/code-analysis/quality-rules/ca1003) [/home/runner/work/trading-bot-c-/trading-bot-c-/src/BotCore/BotCore.csproj]
/home/runner/work/trading-bot-c-/trading-bot-c-/src/BotCore/RlTrainingDataCollector.cs(52,22): error CA1034: Do not nest type FeatureSnapshot. Alternatively, change its accessibility so that it is not externally visible. (https://learn.microsoft.com/dotnet/fundamentals/code-analysis/quality-rules/ca1034) [/home/runner/work/trading-bot-c-/trading-bot-c-/src/BotCore/BotCore.csproj]
/home/runner/work/trading-bot-c-/trading-bot-c-/src/BotCore/Market/IEconomicEventManager.cs(36,45): error CA1003: Change the event 'OnHighImpactEventApproaching' to replace the type 'System.EventHandler<BotCore.Market.EconomicEventAlert>?' with a generic EventHandler, for example EventHandler<T>, where T is a valid EventArgs (https://learn.microsoft.com/dotnet/fundamentals/code-analysis/quality-rules/ca1003) [/home/runner/work/trading-bot-c-/trading-bot-c-/src/BotCore/BotCore.csproj]
/home/runner/work/trading-bot-c-/trading-bot-c-/src/BotCore/Market/IEconomicEventManager.cs(41,45): error CA1003: Change the event 'OnTradingRestrictionChanged' to replace the type 'System.EventHandler<BotCore.Market.TradingRestriction>?' with a generic EventHandler, for example EventHandler<T>, where T is a valid EventArgs (https://learn.microsoft.com/dotnet/fundamentals/code-analysis/quality-rules/ca1003) [/home/runner/work/trading-bot-c-/trading-bot-c-/src/BotCore/BotCore.csproj]
/home/runner/work/trading-bot-c-/trading-bot-c-/src/BotCore/RlTrainingDataCollector.cs(97,22): error CA1034: Do not nest type TradeOutcome. Alternatively, change its accessibility so that it is not externally visible. (https://learn.microsoft.com/dotnet/fundamentals/code-analysis/quality-rules/ca1034) [/home/runner/work/trading-bot-c-/trading-bot-c-/src/BotCore/BotCore.csproj]
/home/runner/work/trading-bot-c-/trading-bot-c-/src/BotCore/Configuration/ProductionConfigurationValidation.cs(190,49): error S1075: Refactor your code not to use hardcoded absolute paths or URIs. (https://rules.sonarsource.com/csharp/RSPEC-1075) [/home/runner/work/trading-bot-c-/trading-bot-c-/src/BotCore/BotCore.csproj]
/home/runner/work/trading-bot-c-/trading-bot-c-/src/BotCore/Configuration/ProductionConfigurationValidation.cs(192,51): error S1075: Refactor your code not to use hardcoded absolute paths or URIs. (https://rules.sonarsource.com/csharp/RSPEC-1075) [/home/runner/work/trading-bot-c-/trading-bot-c-/src/BotCore/BotCore.csproj]
/home/runner/work/trading-bot-c-/trading-bot-c-/src/BotCore/Configuration/ProductionConfigurationValidation.cs(191,49): error S1075: Refactor your code not to use hardcoded absolute paths or URIs. (https://rules.sonarsource.com/csharp/RSPEC-1075) [/home/runner/work/trading-bot-c-/trading-bot-c-/src/BotCore/BotCore.csproj]
/home/runner/work/trading-bot-c-/trading-bot-c-/src/BotCore/Market/RedundantDataFeedManager.cs(18,37): error CA1003: Change the event 'OnDataReceived' to replace the type 'System.EventHandler<BotCore.Market.MarketData>?' with a generic EventHandler, for example EventHandler<T>, where T is a valid EventArgs (https://learn.microsoft.com/dotnet/fundamentals/code-analysis/quality-rules/ca1003) [/home/runner/work/trading-bot-c-/trading-bot-c-/src/BotCore/BotCore.csproj]
/home/runner/work/trading-bot-c-/trading-bot-c-/src/BotCore/Market/RedundantDataFeedManager.cs(19,36): error CA1003: Change the event 'OnError' to replace the type 'System.EventHandler<System.Exception>?' with a generic EventHandler, for example EventHandler<T>, where T is a valid EventArgs (https://learn.microsoft.com/dotnet/fundamentals/code-analysis/quality-rules/ca1003) [/home/runner/work/trading-bot-c-/trading-bot-c-/src/BotCore/BotCore.csproj]
/home/runner/work/trading-bot-c-/trading-bot-c-/src/BotCore/Market/RedundantDataFeedManager.cs(112,44): error CA1003: Change the event 'OnConsolidatedData' to replace the type 'System.EventHandler<BotCore.Market.MarketData>?' with a generic EventHandler, for example EventHandler<T>, where T is a valid EventArgs (https://learn.microsoft.com/dotnet/fundamentals/code-analysis/quality-rules/ca1003) [/home/runner/work/trading-bot-c-/trading-bot-c-/src/BotCore/BotCore.csproj]
/home/runner/work/trading-bot-c-/trading-bot-c-/src/BotCore/Market/RedundantDataFeedManager.cs(113,40): error CA1003: Change the event 'OnFeedFailover' to replace the type 'System.EventHandler<string>?' with a generic EventHandler, for example EventHandler<T>, where T is a valid EventArgs (https://learn.microsoft.com/dotnet/fundamentals/code-analysis/quality-rules/ca1003) [/home/runner/work/trading-bot-c-/trading-bot-c-/src/BotCore/BotCore.csproj]
/home/runner/work/trading-bot-c-/trading-bot-c-/src/BotCore/Calibration/IsotonicCalibrationService.cs(21,51): error S1450: Remove the field '_config' and declare it as a local variable in the relevant methods. (https://rules.sonarsource.com/csharp/RSPEC-1450) [/home/runner/work/trading-bot-c-/trading-bot-c-/src/BotCore/BotCore.csproj]
/home/runner/work/trading-bot-c-/trading-bot-c-/src/BotCore/CloudRlTrainer.cs(19,29): error S1450: Remove the field '_dataDir' and declare it as a local variable in the relevant methods. (https://rules.sonarsource.com/csharp/RSPEC-1450) [/home/runner/work/trading-bot-c-/trading-bot-c-/src/BotCore/BotCore.csproj]
/home/runner/work/trading-bot-c-/trading-bot-c-/src/BotCore/Services/MarketDataStalenessService.cs(23,27): error CA1003: Change the event 'OnDataStale' to replace the type 'System.Action<string>?' with a generic EventHandler, for example EventHandler<T>, where T is a valid EventArgs (https://learn.microsoft.com/dotnet/fundamentals/code-analysis/quality-rules/ca1003) [/home/runner/work/trading-bot-c-/trading-bot-c-/src/BotCore/BotCore.csproj]
/home/runner/work/trading-bot-c-/trading-bot-c-/src/BotCore/Services/MarketDataStalenessService.cs(24,27): error CA1003: Change the event 'OnDataFresh' to replace the type 'System.Action<string>?' with a generic EventHandler, for example EventHandler<T>, where T is a valid EventArgs (https://learn.microsoft.com/dotnet/fundamentals/code-analysis/quality-rules/ca1003) [/home/runner/work/trading-bot-c-/trading-bot-c-/src/BotCore/BotCore.csproj]
/home/runner/work/trading-bot-c-/trading-bot-c-/src/BotCore/Services/MarketDataStalenessService.cs(25,19): error CA1003: Change the event 'OnRoutingPaused' to replace the type 'System.Action?' with a generic EventHandler, for example EventHandler<T>, where T is a valid EventArgs (https://learn.microsoft.com/dotnet/fundamentals/code-analysis/quality-rules/ca1003) [/home/runner/work/trading-bot-c-/trading-bot-c-/src/BotCore/BotCore.csproj]
/home/runner/work/trading-bot-c-/trading-bot-c-/src/BotCore/Services/MarketDataStalenessService.cs(26,19): error CA1003: Change the event 'OnRoutingResumed' to replace the type 'System.Action?' with a generic EventHandler, for example EventHandler<T>, where T is a valid EventArgs (https://learn.microsoft.com/dotnet/fundamentals/code-analysis/quality-rules/ca1003) [/home/runner/work/trading-bot-c-/trading-bot-c-/src/BotCore/BotCore.csproj]
/home/runner/work/trading-bot-c-/trading-bot-c-/src/BotCore/Services/EnhancedMarketDataFlowService.cs(31,30): error CA1003: Change the event 'OnDataFlowInterrupted' to replace the type 'System.Action<string>' with a generic EventHandler, for example EventHandler<T>, where T is a valid EventArgs (https://learn.microsoft.com/dotnet/fundamentals/code-analysis/quality-rules/ca1003) [/home/runner/work/trading-bot-c-/trading-bot-c-/src/BotCore/BotCore.csproj]
/home/runner/work/trading-bot-c-/trading-bot-c-/src/BotCore/Services/EnhancedMarketDataFlowService.cs(30,30): error CA1003: Change the event 'OnDataFlowRestored' to replace the type 'System.Action<string>' with a generic EventHandler, for example EventHandler<T>, where T is a valid EventArgs (https://learn.microsoft.com/dotnet/fundamentals/code-analysis/quality-rules/ca1003) [/home/runner/work/trading-bot-c-/trading-bot-c-/src/BotCore/BotCore.csproj]
/home/runner/work/trading-bot-c-/trading-bot-c-/src/BotCore/Services/EnhancedMarketDataFlowService.cs(32,30): error CA1003: Change the event 'OnSnapshotDataReceived' to replace the type 'System.Action<string>' with a generic EventHandler, for example EventHandler<T>, where T is a valid EventArgs (https://learn.microsoft.com/dotnet/fundamentals/code-analysis/quality-rules/ca1003) [/home/runner/work/trading-bot-c-/trading-bot-c-/src/BotCore/BotCore.csproj]
/home/runner/work/trading-bot-c-/trading-bot-c-/src/BotCore/Services/EnhancedMarketDataFlowService.cs(29,38): error CA1003: Change the event 'OnMarketDataReceived' to replace the type 'System.Action<string, object>' with a generic EventHandler, for example EventHandler<T>, where T is a valid EventArgs (https://learn.microsoft.com/dotnet/fundamentals/code-analysis/quality-rules/ca1003) [/home/runner/work/trading-bot-c-/trading-bot-c-/src/BotCore/BotCore.csproj]
/home/runner/work/trading-bot-c-/trading-bot-c-/src/BotCore/Services/EnhancedMarketDataFlowService.cs(45,37): error S4487: Remove this unread private field '_httpClient' or refactor the code to use its value. (https://rules.sonarsource.com/csharp/RSPEC-4487) [/home/runner/work/trading-bot-c-/trading-bot-c-/src/BotCore/BotCore.csproj]
/home/runner/work/trading-bot-c-/trading-bot-c-/src/BotCore/Services/EnhancedMarketDataFlowService.cs(53,31): error S4487: Remove this unread private field '_isHealthy' or refactor the code to use its value. (https://rules.sonarsource.com/csharp/RSPEC-4487) [/home/runner/work/trading-bot-c-/trading-bot-c-/src/BotCore/BotCore.csproj]
/home/runner/work/trading-bot-c-/trading-bot-c-/src/BotCore/Services/MasterDecisionOrchestrator.cs(57,39): error S4487: Remove this unread private field '_serviceProvider' or refactor the code to use its value. (https://rules.sonarsource.com/csharp/RSPEC-4487) [/home/runner/work/trading-bot-c-/trading-bot-c-/src/BotCore/BotCore.csproj]
/home/runner/work/trading-bot-c-/trading-bot-c-/src/BotCore/Services/MasterDecisionOrchestrator.cs(1804,39): error S4487: Remove this unread private field '_serviceProvider' or refactor the code to use its value. (https://rules.sonarsource.com/csharp/RSPEC-4487) [/home/runner/work/trading-bot-c-/trading-bot-c-/src/BotCore/BotCore.csproj]
/home/runner/work/trading-bot-c-/trading-bot-c-/src/BotCore/Services/MasterDecisionOrchestrator.cs(1861,39): error S4487: Remove this unread private field '_serviceProvider' or refactor the code to use its value. (https://rules.sonarsource.com/csharp/RSPEC-4487) [/home/runner/work/trading-bot-c-/trading-bot-c-/src/BotCore/BotCore.csproj]
/home/runner/work/trading-bot-c-/trading-bot-c-/src/BotCore/Services/MasterDecisionOrchestrator.cs(1818,17): error S4144: Update this method so that its implementation is not identical to 'InitializeAsync'. (https://rules.sonarsource.com/csharp/RSPEC-4144) [/home/runner/work/trading-bot-c-/trading-bot-c-/src/BotCore/BotCore.csproj]
/home/runner/work/trading-bot-c-/trading-bot-c-/src/BotCore/Services/MasterDecisionOrchestrator.cs(1830,17): error S4144: Update this method so that its implementation is not identical to 'InitializeAsync'. (https://rules.sonarsource.com/csharp/RSPEC-4144) [/home/runner/work/trading-bot-c-/trading-bot-c-/src/BotCore/BotCore.csproj]
/home/runner/work/trading-bot-c-/trading-bot-c-/src/BotCore/Services/MasterDecisionOrchestrator.cs(1836,17): error S4144: Update this method so that its implementation is not identical to 'InitializeAsync'. (https://rules.sonarsource.com/csharp/RSPEC-4144) [/home/runner/work/trading-bot-c-/trading-bot-c-/src/BotCore/BotCore.csproj]
/home/runner/work/trading-bot-c-/trading-bot-c-/src/BotCore/Services/MasterDecisionOrchestrator.cs(1842,17): error S4144: Update this method so that its implementation is not identical to 'InitializeAsync'. (https://rules.sonarsource.com/csharp/RSPEC-4144) [/home/runner/work/trading-bot-c-/trading-bot-c-/src/BotCore/BotCore.csproj]
/home/runner/work/trading-bot-c-/trading-bot-c-/src/BotCore/Services/MasterDecisionOrchestrator.cs(1875,17): error S4144: Update this method so that its implementation is not identical to 'InitializeAsync'. (https://rules.sonarsource.com/csharp/RSPEC-4144) [/home/runner/work/trading-bot-c-/trading-bot-c-/src/BotCore/BotCore.csproj]
/home/runner/work/trading-bot-c-/trading-bot-c-/src/BotCore/Services/MasterDecisionOrchestrator.cs(1881,17): error S4144: Update this method so that its implementation is not identical to 'InitializeAsync'. (https://rules.sonarsource.com/csharp/RSPEC-4144) [/home/runner/work/trading-bot-c-/trading-bot-c-/src/BotCore/BotCore.csproj]
/home/runner/work/trading-bot-c-/trading-bot-c-/src/BotCore/Services/OllamaClient.cs(129,25): error CA1034: Do not nest type OllamaResponse. Alternatively, change its accessibility so that it is not externally visible. (https://learn.microsoft.com/dotnet/fundamentals/code-analysis/quality-rules/ca1034) [/home/runner/work/trading-bot-c-/trading-bot-c-/src/BotCore/BotCore.csproj]
/home/runner/work/trading-bot-c-/trading-bot-c-/src/BotCore/Services/PositionManagementOptimizer.cs(45,43): error S4487: Remove this unread private field '_serviceProvider' or refactor the code to use its value. (https://rules.sonarsource.com/csharp/RSPEC-4487) [/home/runner/work/trading-bot-c-/trading-bot-c-/src/BotCore/BotCore.csproj]
/home/runner/work/trading-bot-c-/trading-bot-c-/src/BotCore/Services/ProductionGuardrailOrchestrator.cs(20,50): error S4487: Remove this unread private field '_killSwitchService' or refactor the code to use its value. (https://rules.sonarsource.com/csharp/RSPEC-4487) [/home/runner/work/trading-bot-c-/trading-bot-c-/src/BotCore/BotCore.csproj]
/home/runner/work/trading-bot-c-/trading-bot-c-/src/BotCore/Services/ProductionGuardrailOrchestrator.cs(21,53): error S4487: Remove this unread private field '_orderEvidenceService' or refactor the code to use its value. (https://rules.sonarsource.com/csharp/RSPEC-4487) [/home/runner/work/trading-bot-c-/trading-bot-c-/src/BotCore/BotCore.csproj]
/home/runner/work/trading-bot-c-/trading-bot-c-/src/BotCore/Services/ProductionGuardrailOrchestrator.cs(23,39): error S4487: Remove this unread private field '_serviceProvider' or refactor the code to use its value. (https://rules.sonarsource.com/csharp/RSPEC-4487) [/home/runner/work/trading-bot-c-/trading-bot-c-/src/BotCore/BotCore.csproj]
/home/runner/work/trading-bot-c-/trading-bot-c-/src/BotCore/Services/ProductionConfigurationService.cs(189,19): error CA1056: Change the type of property 'TopstepXConfig.BaseUrl' from 'string' to 'System.Uri' (https://learn.microsoft.com/dotnet/fundamentals/code-analysis/quality-rules/ca1056) [/home/runner/work/trading-bot-c-/trading-bot-c-/src/BotCore/BotCore.csproj]
/home/runner/work/trading-bot-c-/trading-bot-c-/src/BotCore/Services/ProductionConfigurationService.cs(190,19): error CA1056: Change the type of property 'TopstepXConfig.UserHubUrl' from 'string' to 'System.Uri' (https://learn.microsoft.com/dotnet/fundamentals/code-analysis/quality-rules/ca1056) [/home/runner/work/trading-bot-c-/trading-bot-c-/src/BotCore/BotCore.csproj]
/home/runner/work/trading-bot-c-/trading-bot-c-/src/BotCore/Services/ProductionConfigurationService.cs(191,19): error CA1056: Change the type of property 'TopstepXConfig.MarketHubUrl' from 'string' to 'System.Uri' (https://learn.microsoft.com/dotnet/fundamentals/code-analysis/quality-rules/ca1056) [/home/runner/work/trading-bot-c-/trading-bot-c-/src/BotCore/BotCore.csproj]
/home/runner/work/trading-bot-c-/trading-bot-c-/src/BotCore/Services/ProductionPriceService.cs(15,26): error CA1707: Remove the underscores from member name BotCore.Services.ProductionPriceService.ES_TICK (https://learn.microsoft.com/dotnet/fundamentals/code-analysis/quality-rules/ca1707) [/home/runner/work/trading-bot-c-/trading-bot-c-/src/BotCore/BotCore.csproj]
/home/runner/work/trading-bot-c-/trading-bot-c-/src/BotCore/Services/ProductionPriceService.cs(16,26): error CA1707: Remove the underscores from member name BotCore.Services.ProductionPriceService.MES_TICK (https://learn.microsoft.com/dotnet/fundamentals/code-analysis/quality-rules/ca1707) [/home/runner/work/trading-bot-c-/trading-bot-c-/src/BotCore/BotCore.csproj]
/home/runner/work/trading-bot-c-/trading-bot-c-/src/BotCore/Services/ProductionPriceService.cs(17,26): error CA1707: Remove the underscores from member name BotCore.Services.ProductionPriceService.DEFAULT_TICK (https://learn.microsoft.com/dotnet/fundamentals/code-analysis/quality-rules/ca1707) [/home/runner/work/trading-bot-c-/trading-bot-c-/src/BotCore/BotCore.csproj]
/home/runner/work/trading-bot-c-/trading-bot-c-/src/BotCore/Services/ProductionTopstepXApiClient.cs(45,44): error S1075: Refactor your code not to use hardcoded absolute paths or URIs. (https://rules.sonarsource.com/csharp/RSPEC-1075) [/home/runner/work/trading-bot-c-/trading-bot-c-/src/BotCore/BotCore.csproj]
/home/runner/work/trading-bot-c-/trading-bot-c-/src/BotCore/Services/StrategyPerformanceAnalyzer.cs(1052,13): error CA1008: Add a member to AlertSeverity that has a value of zero with a suggested name of 'None' (https://learn.microsoft.com/dotnet/fundamentals/code-analysis/quality-rules/ca1008) [/home/runner/work/trading-bot-c-/trading-bot-c-/src/BotCore/BotCore.csproj]
/home/runner/work/trading-bot-c-/trading-bot-c-/src/BotCore/Services/TopStepComplianceManager.cs(26,39): error S4487: Remove this unread private field '_config' or refactor the code to use its value. (https://rules.sonarsource.com/csharp/RSPEC-4487) [/home/runner/work/trading-bot-c-/trading-bot-c-/src/BotCore/BotCore.csproj]
/home/runner/work/trading-bot-c-/trading-bot-c-/src/BotCore/Services/TimeOptimizedStrategyManager.cs(22,56): error S4487: Remove this unread private field '_strategies' or refactor the code to use its value. (https://rules.sonarsource.com/csharp/RSPEC-4487) [/home/runner/work/trading-bot-c-/trading-bot-c-/src/BotCore/BotCore.csproj]
/home/runner/work/trading-bot-c-/trading-bot-c-/src/BotCore/Services/UnifiedDecisionRouter.cs(78,39): error S4487: Remove this unread private field '_serviceProvider' or refactor the code to use its value. (https://rules.sonarsource.com/csharp/RSPEC-4487) [/home/runner/work/trading-bot-c-/trading-bot-c-/src/BotCore/BotCore.csproj]
/home/runner/work/trading-bot-c-/trading-bot-c-/src/BotCore/Services/UnifiedDecisionRouter.cs(87,57): error S4487: Remove this unread private field '_strategyConfigs' or refactor the code to use its value. (https://rules.sonarsource.com/csharp/RSPEC-4487) [/home/runner/work/trading-bot-c-/trading-bot-c-/src/BotCore/BotCore.csproj]
/home/runner/work/trading-bot-c-/trading-bot-c-/src/BotCore/Services/WalkForwardValidationService.cs(53,51): error S4487: Remove this unread private field '_backtestService' or refactor the code to use its value. (https://rules.sonarsource.com/csharp/RSPEC-4487) [/home/runner/work/trading-bot-c-/trading-bot-c-/src/BotCore/BotCore.csproj]
/home/runner/work/trading-bot-c-/trading-bot-c-/src/BotCore/AutoRlTrainer.cs(33,13): error CA1848: For improved performance, use the LoggerMessage delegates instead of calling 'LoggerExtensions.LogInformation(ILogger, string?, params object?[])' (https://learn.microsoft.com/dotnet/fundamentals/code-analysis/quality-rules/ca1848) [/home/runner/work/trading-bot-c-/trading-bot-c-/src/BotCore/BotCore.csproj]
/home/runner/work/trading-bot-c-/trading-bot-c-/src/BotCore/AutoRlTrainer.cs(45,13): error CA1848: For improved performance, use the LoggerMessage delegates instead of calling 'LoggerExtensions.LogInformation(ILogger, string?, params object?[])' (https://learn.microsoft.com/dotnet/fundamentals/code-analysis/quality-rules/ca1848) [/home/runner/work/trading-bot-c-/trading-bot-c-/src/BotCore/BotCore.csproj]
/home/runner/work/trading-bot-c-/trading-bot-c-/src/BotCore/Auth/SimpleTopstepAuth.cs(48,45): error S1075: Refactor your code not to use hardcoded absolute paths or URIs. (https://rules.sonarsource.com/csharp/RSPEC-1075) [/home/runner/work/trading-bot-c-/trading-bot-c-/src/BotCore/BotCore.csproj]
/home/runner/work/trading-bot-c-/trading-bot-c-/src/BotCore/Services/TradingSystemIntegrationService.cs(224,17): error CA1848: For improved performance, use the LoggerMessage delegates instead of calling 'LoggerExtensions.LogWarning(ILogger, string?, params object?[])' (https://learn.microsoft.com/dotnet/fundamentals/code-analysis/quality-rules/ca1848) [/home/runner/work/trading-bot-c-/trading-bot-c-/src/BotCore/BotCore.csproj]
/home/runner/work/trading-bot-c-/trading-bot-c-/src/BotCore/Services/TradingSystemIntegrationService.cs(233,17): error CA1848: For improved performance, use the LoggerMessage delegates instead of calling 'LoggerExtensions.LogWarning(ILogger, string?, params object?[])' (https://learn.microsoft.com/dotnet/fundamentals/code-analysis/quality-rules/ca1848) [/home/runner/work/trading-bot-c-/trading-bot-c-/src/BotCore/BotCore.csproj]
/home/runner/work/trading-bot-c-/trading-bot-c-/src/BotCore/Services/TradingSystemIntegrationService.cs(237,17): error CA1848: For improved performance, use the LoggerMessage delegates instead of calling 'LoggerExtensions.LogInformation(ILogger, string?, params object?[])' (https://learn.microsoft.com/dotnet/fundamentals/code-analysis/quality-rules/ca1848) [/home/runner/work/trading-bot-c-/trading-bot-c-/src/BotCore/BotCore.csproj]
/home/runner/work/trading-bot-c-/trading-bot-c-/src/BotCore/Services/TradingSystemIntegrationService.cs(247,63): error CA1848: For improved performance, use the LoggerMessage delegates instead of calling 'LoggerExtensions.LogInformation(ILogger, string?, params object?[])' (https://learn.microsoft.com/dotnet/fundamentals/code-analysis/quality-rules/ca1848) [/home/runner/work/trading-bot-c-/trading-bot-c-/src/BotCore/BotCore.csproj]
/home/runner/work/trading-bot-c-/trading-bot-c-/src/BotCore/Services/TradingSystemIntegrationService.cs(248,66): error CA1848: For improved performance, use the LoggerMessage delegates instead of calling 'LoggerExtensions.LogWarning(ILogger, string?, params object?[])' (https://learn.microsoft.com/dotnet/fundamentals/code-analysis/quality-rules/ca1848) [/home/runner/work/trading-bot-c-/trading-bot-c-/src/BotCore/BotCore.csproj]
/home/runner/work/trading-bot-c-/trading-bot-c-/src/BotCore/Services/TradingSystemIntegrationService.cs(271,13): error CA1848: For improved performance, use the LoggerMessage delegates instead of calling 'LoggerExtensions.LogInformation(ILogger, string?, params object?[])' (https://learn.microsoft.com/dotnet/fundamentals/code-analysis/quality-rules/ca1848) [/home/runner/work/trading-bot-c-/trading-bot-c-/src/BotCore/BotCore.csproj]
/home/runner/work/trading-bot-c-/trading-bot-c-/src/BotCore/Strategy/S6_MaxPerf_FullStack.cs(364,22): error S1541: The Cyclomatic Complexity of this method is 18 which is greater than 10 authorized. (https://rules.sonarsource.com/csharp/RSPEC-1541) [/home/runner/work/trading-bot-c-/trading-bot-c-/src/BotCore/BotCore.csproj]
/home/runner/work/trading-bot-c-/trading-bot-c-/src/BotCore/Auth/SimpleTopstepAuth.cs(81,17): error CA1848: For improved performance, use the LoggerMessage delegates instead of calling 'LoggerExtensions.LogInformation(ILogger, string?, params object?[])' (https://learn.microsoft.com/dotnet/fundamentals/code-analysis/quality-rules/ca1848) [/home/runner/work/trading-bot-c-/trading-bot-c-/src/BotCore/BotCore.csproj]
/home/runner/work/trading-bot-c-/trading-bot-c-/src/BotCore/Auth/SimpleTopstepAuth.cs(97,21): error CA1848: For improved performance, use the LoggerMessage delegates instead of calling 'LoggerExtensions.LogError(ILogger, string?, params object?[])' (https://learn.microsoft.com/dotnet/fundamentals/code-analysis/quality-rules/ca1848) [/home/runner/work/trading-bot-c-/trading-bot-c-/src/BotCore/BotCore.csproj]
/home/runner/work/trading-bot-c-/trading-bot-c-/src/BotCore/Auth/SimpleTopstepAuth.cs(103,17): error CA1848: For improved performance, use the LoggerMessage delegates instead of calling 'LoggerExtensions.LogInformation(ILogger, string?, params object?[])' (https://learn.microsoft.com/dotnet/fundamentals/code-analysis/quality-rules/ca1848) [/home/runner/work/trading-bot-c-/trading-bot-c-/src/BotCore/BotCore.csproj]
/home/runner/work/trading-bot-c-/trading-bot-c-/src/BotCore/Auth/SimpleTopstepAuth.cs(128,17): error CA1848: For improved performance, use the LoggerMessage delegates instead of calling 'LoggerExtensions.LogInformation(ILogger, string?, params object?[])' (https://learn.microsoft.com/dotnet/fundamentals/code-analysis/quality-rules/ca1848) [/home/runner/work/trading-bot-c-/trading-bot-c-/src/BotCore/BotCore.csproj]
/home/runner/work/trading-bot-c-/trading-bot-c-/src/BotCore/Auth/SimpleTopstepAuth.cs(132,17): error CA1848: For improved performance, use the LoggerMessage delegates instead of calling 'LoggerExtensions.LogError(ILogger, Exception?, string?, params object?[])' (https://learn.microsoft.com/dotnet/fundamentals/code-analysis/quality-rules/ca1848) [/home/runner/work/trading-bot-c-/trading-bot-c-/src/BotCore/BotCore.csproj]
/home/runner/work/trading-bot-c-/trading-bot-c-/src/BotCore/Services/TradingSystemIntegrationService.cs(278,17): error CA1848: For improved performance, use the LoggerMessage delegates instead of calling 'LoggerExtensions.LogInformation(ILogger, string?, params object?[])' (https://learn.microsoft.com/dotnet/fundamentals/code-analysis/quality-rules/ca1848) [/home/runner/work/trading-bot-c-/trading-bot-c-/src/BotCore/BotCore.csproj]
/home/runner/work/trading-bot-c-/trading-bot-c-/src/BotCore/Services/TradingSystemIntegrationService.cs(293,21): error CA1848: For improved performance, use the LoggerMessage delegates instead of calling 'LoggerExtensions.LogWarning(ILogger, Exception?, string?, params object?[])' (https://learn.microsoft.com/dotnet/fundamentals/code-analysis/quality-rules/ca1848) [/home/runner/work/trading-bot-c-/trading-bot-c-/src/BotCore/BotCore.csproj]
/home/runner/work/trading-bot-c-/trading-bot-c-/src/BotCore/Services/TradingSystemIntegrationService.cs(305,17): error CA1848: For improved performance, use the LoggerMessage delegates instead of calling 'LoggerExtensions.LogInformation(ILogger, string?, params object?[])' (https://learn.microsoft.com/dotnet/fundamentals/code-analysis/quality-rules/ca1848) [/home/runner/work/trading-bot-c-/trading-bot-c-/src/BotCore/BotCore.csproj]
/home/runner/work/trading-bot-c-/trading-bot-c-/src/BotCore/Services/TradingSystemIntegrationService.cs(322,17): error CA1848: For improved performance, use the LoggerMessage delegates instead of calling 'LoggerExtensions.LogInformation(ILogger, Exception?, string?, params object?[])' (https://learn.microsoft.com/dotnet/fundamentals/code-analysis/quality-rules/ca1848) [/home/runner/work/trading-bot-c-/trading-bot-c-/src/BotCore/BotCore.csproj]
/home/runner/work/trading-bot-c-/trading-bot-c-/src/BotCore/Services/TradingSystemIntegrationService.cs(327,17): error CA1848: For improved performance, use the LoggerMessage delegates instead of calling 'LoggerExtensions.LogCritical(ILogger, Exception?, string?, params object?[])' (https://learn.microsoft.com/dotnet/fundamentals/code-analysis/quality-rules/ca1848) [/home/runner/work/trading-bot-c-/trading-bot-c-/src/BotCore/BotCore.csproj]
/home/runner/work/trading-bot-c-/trading-bot-c-/src/BotCore/Services/TradingSystemIntegrationService.cs(332,17): error CA1848: For improved performance, use the LoggerMessage delegates instead of calling 'LoggerExtensions.LogCritical(ILogger, Exception?, string?, params object?[])' (https://learn.microsoft.com/dotnet/fundamentals/code-analysis/quality-rules/ca1848) [/home/runner/work/trading-bot-c-/trading-bot-c-/src/BotCore/BotCore.csproj]
/home/runner/work/trading-bot-c-/trading-bot-c-/src/BotCore/Services/TradingSystemIntegrationService.cs(337,17): error CA1848: For improved performance, use the LoggerMessage delegates instead of calling 'LoggerExtensions.LogCritical(ILogger, Exception?, string?, params object?[])' (https://learn.microsoft.com/dotnet/fundamentals/code-analysis/quality-rules/ca1848) [/home/runner/work/trading-bot-c-/trading-bot-c-/src/BotCore/BotCore.csproj]
/home/runner/work/trading-bot-c-/trading-bot-c-/src/BotCore/Services/TradingSystemIntegrationService.cs(342,17): error CA1848: For improved performance, use the LoggerMessage delegates instead of calling 'LoggerExtensions.LogCritical(ILogger, Exception?, string?, params object?[])' (https://learn.microsoft.com/dotnet/fundamentals/code-analysis/quality-rules/ca1848) [/home/runner/work/trading-bot-c-/trading-bot-c-/src/BotCore/BotCore.csproj]
/home/runner/work/trading-bot-c-/trading-bot-c-/src/BotCore/Services/TradingSystemIntegrationService.cs(390,17): error CA1848: For improved performance, use the LoggerMessage delegates instead of calling 'LoggerExtensions.LogError(ILogger, Exception?, string?, params object?[])' (https://learn.microsoft.com/dotnet/fundamentals/code-analysis/quality-rules/ca1848) [/home/runner/work/trading-bot-c-/trading-bot-c-/src/BotCore/BotCore.csproj]
/home/runner/work/trading-bot-c-/trading-bot-c-/src/BotCore/Services/TradingSystemIntegrationService.cs(395,17): error CA1848: For improved performance, use the LoggerMessage delegates instead of calling 'LoggerExtensions.LogError(ILogger, Exception?, string?, params object?[])' (https://learn.microsoft.com/dotnet/fundamentals/code-analysis/quality-rules/ca1848) [/home/runner/work/trading-bot-c-/trading-bot-c-/src/BotCore/BotCore.csproj]
/home/runner/work/trading-bot-c-/trading-bot-c-/src/BotCore/Bandits/ParameterBundle.cs(251,41): error CA1002: Change 'List<ParameterBundle>' in 'ParameterBundleFactory.CreateAllBundles()' to use 'Collection<T>', 'ReadOnlyCollection<T>' or 'KeyedCollection<K,V>' (https://learn.microsoft.com/dotnet/fundamentals/code-analysis/quality-rules/ca1002) [/home/runner/work/trading-bot-c-/trading-bot-c-/src/BotCore/BotCore.csproj]
/home/runner/work/trading-bot-c-/trading-bot-c-/src/BotCore/ApiClient.cs(92,21): error CA1848: For improved performance, use the LoggerMessage delegates instead of calling 'LoggerExtensions.LogWarning(ILogger, string?, params object?[])' (https://learn.microsoft.com/dotnet/fundamentals/code-analysis/quality-rules/ca1848) [/home/runner/work/trading-bot-c-/trading-bot-c-/src/BotCore/BotCore.csproj]
/home/runner/work/trading-bot-c-/trading-bot-c-/src/BotCore/ApiClient.cs(111,21): error CA1848: For improved performance, use the LoggerMessage delegates instead of calling 'LoggerExtensions.LogInformation(ILogger, string?, params object?[])' (https://learn.microsoft.com/dotnet/fundamentals/code-analysis/quality-rules/ca1848) [/home/runner/work/trading-bot-c-/trading-bot-c-/src/BotCore/BotCore.csproj]
/home/runner/work/trading-bot-c-/trading-bot-c-/src/BotCore/ApiClient.cs(119,17): error CA1848: For improved performance, use the LoggerMessage delegates instead of calling 'LoggerExtensions.LogWarning(ILogger, Exception?, string?, params object?[])' (https://learn.microsoft.com/dotnet/fundamentals/code-analysis/quality-rules/ca1848) [/home/runner/work/trading-bot-c-/trading-bot-c-/src/BotCore/BotCore.csproj]
/home/runner/work/trading-bot-c-/trading-bot-c-/src/BotCore/ApiClient.cs(124,17): error CA1848: For improved performance, use the LoggerMessage delegates instead of calling 'LoggerExtensions.LogWarning(ILogger, Exception?, string?, params object?[])' (https://learn.microsoft.com/dotnet/fundamentals/code-analysis/quality-rules/ca1848) [/home/runner/work/trading-bot-c-/trading-bot-c-/src/BotCore/BotCore.csproj]
/home/runner/work/trading-bot-c-/trading-bot-c-/src/BotCore/ApiClient.cs(129,17): error CA1848: For improved performance, use the LoggerMessage delegates instead of calling 'LoggerExtensions.LogWarning(ILogger, Exception?, string?, params object?[])' (https://learn.microsoft.com/dotnet/fundamentals/code-analysis/quality-rules/ca1848) [/home/runner/work/trading-bot-c-/trading-bot-c-/src/BotCore/BotCore.csproj]
/home/runner/work/trading-bot-c-/trading-bot-c-/src/BotCore/Bandits/ParameterBundle.cs(286,41): error CA1002: Change 'List<ParameterBundle>' in 'ParameterBundleFactory.CreateBundlesForStrategy(string)' to use 'Collection<T>', 'ReadOnlyCollection<T>' or 'KeyedCollection<K,V>' (https://learn.microsoft.com/dotnet/fundamentals/code-analysis/quality-rules/ca1002) [/home/runner/work/trading-bot-c-/trading-bot-c-/src/BotCore/BotCore.csproj]
/home/runner/work/trading-bot-c-/trading-bot-c-/src/BotCore/Bandits/ParameterBundle.cs(296,35): error CA1024: Use properties where appropriate (https://learn.microsoft.com/dotnet/fundamentals/code-analysis/quality-rules/ca1024) [/home/runner/work/trading-bot-c-/trading-bot-c-/src/BotCore/BotCore.csproj]
/home/runner/work/trading-bot-c-/trading-bot-c-/src/BotCore/Services/TradingBotTuningRunner.cs(355,102): error S1172: Remove this unused method parameter 'cancellationToken'. (https://rules.sonarsource.com/csharp/RSPEC-1172) [/home/runner/work/trading-bot-c-/trading-bot-c-/src/BotCore/BotCore.csproj]
/home/runner/work/trading-bot-c-/trading-bot-c-/src/BotCore/Services/TradingBotTuningRunner.cs(389,13): error CA1848: For improved performance, use the LoggerMessage delegates instead of calling 'LoggerExtensions.LogInformation(ILogger, string?, params object?[])' (https://learn.microsoft.com/dotnet/fundamentals/code-analysis/quality-rules/ca1848) [/home/runner/work/trading-bot-c-/trading-bot-c-/src/BotCore/BotCore.csproj]
/home/runner/work/trading-bot-c-/trading-bot-c-/src/BotCore/Strategy/S6_MaxPerf_FullStack.cs(417,22): error S1541: The Cyclomatic Complexity of this method is 12 which is greater than 10 authorized. (https://rules.sonarsource.com/csharp/RSPEC-1541) [/home/runner/work/trading-bot-c-/trading-bot-c-/src/BotCore/BotCore.csproj]
/home/runner/work/trading-bot-c-/trading-bot-c-/src/BotCore/Bandits/ParameterBundle.cs(336,40): error S6602: "Array.Find" static method should be used instead of the "FirstOrDefault" extension method. (https://rules.sonarsource.com/csharp/RSPEC-6602) [/home/runner/work/trading-bot-c-/trading-bot-c-/src/BotCore/BotCore.csproj]
/home/runner/work/trading-bot-c-/trading-bot-c-/src/BotCore/Strategy/S11_MaxPerf_FullStack.cs(479,25): error S1541: The Cyclomatic Complexity of this method is 15 which is greater than 10 authorized. (https://rules.sonarsource.com/csharp/RSPEC-1541) [/home/runner/work/trading-bot-c-/trading-bot-c-/src/BotCore/BotCore.csproj]
/home/runner/work/trading-bot-c-/trading-bot-c-/src/BotCore/Services/ErrorHandlingMonitoringSystem.cs(113,13): error CA1848: For improved performance, use the LoggerMessage delegates instead of calling 'LoggerExtensions.LogInformation(ILogger, string?, params object?[])' (https://learn.microsoft.com/dotnet/fundamentals/code-analysis/quality-rules/ca1848) [/home/runner/work/trading-bot-c-/trading-bot-c-/src/BotCore/BotCore.csproj]
/home/runner/work/trading-bot-c-/trading-bot-c-/src/BotCore/ApiClient.cs(146,21): error CA1848: For improved performance, use the LoggerMessage delegates instead of calling 'LoggerExtensions.LogWarning(ILogger, string?, params object?[])' (https://learn.microsoft.com/dotnet/fundamentals/code-analysis/quality-rules/ca1848) [/home/runner/work/trading-bot-c-/trading-bot-c-/src/BotCore/BotCore.csproj]
/home/runner/work/trading-bot-c-/trading-bot-c-/src/BotCore/ApiClient.cs(163,17): error CA1848: For improved performance, use the LoggerMessage delegates instead of calling 'LoggerExtensions.LogWarning(ILogger, Exception?, string?, params object?[])' (https://learn.microsoft.com/dotnet/fundamentals/code-analysis/quality-rules/ca1848) [/home/runner/work/trading-bot-c-/trading-bot-c-/src/BotCore/BotCore.csproj]
/home/runner/work/trading-bot-c-/trading-bot-c-/src/BotCore/ApiClient.cs(168,17): error CA1848: For improved performance, use the LoggerMessage delegates instead of calling 'LoggerExtensions.LogWarning(ILogger, Exception?, string?, params object?[])' (https://learn.microsoft.com/dotnet/fundamentals/code-analysis/quality-rules/ca1848) [/home/runner/work/trading-bot-c-/trading-bot-c-/src/BotCore/BotCore.csproj]
/home/runner/work/trading-bot-c-/trading-bot-c-/src/BotCore/ApiClient.cs(173,17): error CA1848: For improved performance, use the LoggerMessage delegates instead of calling 'LoggerExtensions.LogWarning(ILogger, Exception?, string?, params object?[])' (https://learn.microsoft.com/dotnet/fundamentals/code-analysis/quality-rules/ca1848) [/home/runner/work/trading-bot-c-/trading-bot-c-/src/BotCore/BotCore.csproj]
/home/runner/work/trading-bot-c-/trading-bot-c-/src/BotCore/Services/ErrorHandlingMonitoringSystem.cs(158,17): error CA1848: For improved performance, use the LoggerMessage delegates instead of calling 'LoggerExtensions.LogError(ILogger, Exception?, string?, params object?[])' (https://learn.microsoft.com/dotnet/fundamentals/code-analysis/quality-rules/ca1848) [/home/runner/work/trading-bot-c-/trading-bot-c-/src/BotCore/BotCore.csproj]
/home/runner/work/trading-bot-c-/trading-bot-c-/src/BotCore/Services/ErrorHandlingMonitoringSystem.cs(179,17): error CA1848: For improved performance, use the LoggerMessage delegates instead of calling 'LoggerExtensions.LogCritical(ILogger, Exception?, string?, params object?[])' (https://learn.microsoft.com/dotnet/fundamentals/code-analysis/quality-rules/ca1848) [/home/runner/work/trading-bot-c-/trading-bot-c-/src/BotCore/BotCore.csproj]
/home/runner/work/trading-bot-c-/trading-bot-c-/src/BotCore/Services/ErrorHandlingMonitoringSystem.cs(184,17): error CA1848: For improved performance, use the LoggerMessage delegates instead of calling 'LoggerExtensions.LogCritical(ILogger, Exception?, string?, params object?[])' (https://learn.microsoft.com/dotnet/fundamentals/code-analysis/quality-rules/ca1848) [/home/runner/work/trading-bot-c-/trading-bot-c-/src/BotCore/BotCore.csproj]
/home/runner/work/trading-bot-c-/trading-bot-c-/src/BotCore/Bandits/ParameterBundle.cs(355,41): error CA1002: Change 'List<ParameterBundle>' in 'ParameterBundleFactory.GetRecommendedBundles(MarketCondition)' to use 'Collection<T>', 'ReadOnlyCollection<T>' or 'KeyedCollection<K,V>' (https://learn.microsoft.com/dotnet/fundamentals/code-analysis/quality-rules/ca1002) [/home/runner/work/trading-bot-c-/trading-bot-c-/src/BotCore/BotCore.csproj]
/home/runner/work/trading-bot-c-/trading-bot-c-/src/BotCore/Bandits/ParameterBundle.cs(355,41): error S1541: The Cyclomatic Complexity of this method is 20 which is greater than 10 authorized. (https://rules.sonarsource.com/csharp/RSPEC-1541) [/home/runner/work/trading-bot-c-/trading-bot-c-/src/BotCore/BotCore.csproj]
/home/runner/work/trading-bot-c-/trading-bot-c-/src/BotCore/Services/TradingBotTuningRunner.cs(445,102): error S1172: Remove this unused method parameter 'cancellationToken'. (https://rules.sonarsource.com/csharp/RSPEC-1172) [/home/runner/work/trading-bot-c-/trading-bot-c-/src/BotCore/BotCore.csproj]
/home/runner/work/trading-bot-c-/trading-bot-c-/src/BotCore/ApiClient.cs(196,25): error CA1848: For improved performance, use the LoggerMessage delegates instead of calling 'LoggerExtensions.LogWarning(ILogger, string?, params object?[])' (https://learn.microsoft.com/dotnet/fundamentals/code-analysis/quality-rules/ca1848) [/home/runner/work/trading-bot-c-/trading-bot-c-/src/BotCore/BotCore.csproj]
/home/runner/work/trading-bot-c-/trading-bot-c-/src/BotCore/ApiClient.cs(209,21): error CA1848: For improved performance, use the LoggerMessage delegates instead of calling 'LoggerExtensions.LogWarning(ILogger, Exception?, string?, params object?[])' (https://learn.microsoft.com/dotnet/fundamentals/code-analysis/quality-rules/ca1848) [/home/runner/work/trading-bot-c-/trading-bot-c-/src/BotCore/BotCore.csproj]
/home/runner/work/trading-bot-c-/trading-bot-c-/src/BotCore/Services/TradingBotTuningRunner.cs(479,13): error CA1848: For improved performance, use the LoggerMessage delegates instead of calling 'LoggerExtensions.LogInformation(ILogger, string?, params object?[])' (https://learn.microsoft.com/dotnet/fundamentals/code-analysis/quality-rules/ca1848) [/home/runner/work/trading-bot-c-/trading-bot-c-/src/BotCore/BotCore.csproj]
/home/runner/work/trading-bot-c-/trading-bot-c-/src/BotCore/Services/ErrorHandlingMonitoringSystem.cs(220,17): error CA1848: For improved performance, use the LoggerMessage delegates instead of calling 'LoggerExtensions.LogWarning(ILogger, Exception?, string?, params object?[])' (https://learn.microsoft.com/dotnet/fundamentals/code-analysis/quality-rules/ca1848) [/home/runner/work/trading-bot-c-/trading-bot-c-/src/BotCore/BotCore.csproj]
/home/runner/work/trading-bot-c-/trading-bot-c-/src/BotCore/Services/ErrorHandlingMonitoringSystem.cs(224,17): error CA1848: For improved performance, use the LoggerMessage delegates instead of calling 'LoggerExtensions.LogWarning(ILogger, Exception?, string?, params object?[])' (https://learn.microsoft.com/dotnet/fundamentals/code-analysis/quality-rules/ca1848) [/home/runner/work/trading-bot-c-/trading-bot-c-/src/BotCore/BotCore.csproj]
/home/runner/work/trading-bot-c-/trading-bot-c-/src/BotCore/Services/ErrorHandlingMonitoringSystem.cs(228,17): error CA1848: For improved performance, use the LoggerMessage delegates instead of calling 'LoggerExtensions.LogWarning(ILogger, Exception?, string?, params object?[])' (https://learn.microsoft.com/dotnet/fundamentals/code-analysis/quality-rules/ca1848) [/home/runner/work/trading-bot-c-/trading-bot-c-/src/BotCore/BotCore.csproj]
/home/runner/work/trading-bot-c-/trading-bot-c-/src/BotCore/Strategy/S6_MaxPerf_FullStack.cs(483,25): error S1541: The Cyclomatic Complexity of this method is 13 which is greater than 10 authorized. (https://rules.sonarsource.com/csharp/RSPEC-1541) [/home/runner/work/trading-bot-c-/trading-bot-c-/src/BotCore/BotCore.csproj]
/home/runner/work/trading-bot-c-/trading-bot-c-/src/BotCore/Services/ErrorHandlingMonitoringSystem.cs(247,17): error CA1848: For improved performance, use the LoggerMessage delegates instead of calling 'LoggerExtensions.LogCritical(ILogger, string?, params object?[])' (https://learn.microsoft.com/dotnet/fundamentals/code-analysis/quality-rules/ca1848) [/home/runner/work/trading-bot-c-/trading-bot-c-/src/BotCore/BotCore.csproj]
/home/runner/work/trading-bot-c-/trading-bot-c-/src/BotCore/Services/ErrorHandlingMonitoringSystem.cs(273,17): error CA1848: For improved performance, use the LoggerMessage delegates instead of calling 'LoggerExtensions.LogInformation(ILogger, string?, params object?[])' (https://learn.microsoft.com/dotnet/fundamentals/code-analysis/quality-rules/ca1848) [/home/runner/work/trading-bot-c-/trading-bot-c-/src/BotCore/BotCore.csproj]
/home/runner/work/trading-bot-c-/trading-bot-c-/src/BotCore/Services/ErrorHandlingMonitoringSystem.cs(277,17): error CA1848: For improved performance, use the LoggerMessage delegates instead of calling 'LoggerExtensions.LogCritical(ILogger, Exception?, string?, params object?[])' (https://learn.microsoft.com/dotnet/fundamentals/code-analysis/quality-rules/ca1848) [/home/runner/work/trading-bot-c-/trading-bot-c-/src/BotCore/BotCore.csproj]
/home/runner/work/trading-bot-c-/trading-bot-c-/src/BotCore/Services/ErrorHandlingMonitoringSystem.cs(281,17): error CA1848: For improved performance, use the LoggerMessage delegates instead of calling 'LoggerExtensions.LogCritical(ILogger, Exception?, string?, params object?[])' (https://learn.microsoft.com/dotnet/fundamentals/code-analysis/quality-rules/ca1848) [/home/runner/work/trading-bot-c-/trading-bot-c-/src/BotCore/BotCore.csproj]
/home/runner/work/trading-bot-c-/trading-bot-c-/src/BotCore/Services/TradingSystemIntegrationService.cs(404,40): error S1541: The Cyclomatic Complexity of this method is 27 which is greater than 10 authorized. (https://rules.sonarsource.com/csharp/RSPEC-1541) [/home/runner/work/trading-bot-c-/trading-bot-c-/src/BotCore/BotCore.csproj]
/home/runner/work/trading-bot-c-/trading-bot-c-/src/BotCore/Services/TradingSystemIntegrationService.cs(404,40): error S138: This method 'PlaceOrderAsync' has 134 lines, which is greater than the 80 lines authorized. Split it into smaller methods. (https://rules.sonarsource.com/csharp/RSPEC-138) [/home/runner/work/trading-bot-c-/trading-bot-c-/src/BotCore/BotCore.csproj]
/home/runner/work/trading-bot-c-/trading-bot-c-/src/BotCore/Services/TradingSystemIntegrationService.cs(419,21): error CA1848: For improved performance, use the LoggerMessage delegates instead of calling 'LoggerExtensions.LogWarning(ILogger, string?, params object?[])' (https://learn.microsoft.com/dotnet/fundamentals/code-analysis/quality-rules/ca1848) [/home/runner/work/trading-bot-c-/trading-bot-c-/src/BotCore/BotCore.csproj]
/home/runner/work/trading-bot-c-/trading-bot-c-/src/BotCore/Services/TradingSystemIntegrationService.cs(426,21): error CA1848: For improved performance, use the LoggerMessage delegates instead of calling 'LoggerExtensions.LogWarning(ILogger, string?, params object?[])' (https://learn.microsoft.com/dotnet/fundamentals/code-analysis/quality-rules/ca1848) [/home/runner/work/trading-bot-c-/trading-bot-c-/src/BotCore/BotCore.csproj]
/home/runner/work/trading-bot-c-/trading-bot-c-/src/BotCore/Services/TradingSystemIntegrationService.cs(433,21): error CA1848: For improved performance, use the LoggerMessage delegates instead of calling 'LoggerExtensions.LogWarning(ILogger, string?, params object?[])' (https://learn.microsoft.com/dotnet/fundamentals/code-analysis/quality-rules/ca1848) [/home/runner/work/trading-bot-c-/trading-bot-c-/src/BotCore/BotCore.csproj]
/home/runner/work/trading-bot-c-/trading-bot-c-/src/BotCore/Services/TradingSystemIntegrationService.cs(441,21): error CA1848: For improved performance, use the LoggerMessage delegates instead of calling 'LoggerExtensions.LogWarning(ILogger, string?, params object?[])' (https://learn.microsoft.com/dotnet/fundamentals/code-analysis/quality-rules/ca1848) [/home/runner/work/trading-bot-c-/trading-bot-c-/src/BotCore/BotCore.csproj]
/home/runner/work/trading-bot-c-/trading-bot-c-/src/BotCore/Services/TradingSystemIntegrationService.cs(456,21): error CA1848: For improved performance, use the LoggerMessage delegates instead of calling 'LoggerExtensions.LogWarning(ILogger, string?, params object?[])' (https://learn.microsoft.com/dotnet/fundamentals/code-analysis/quality-rules/ca1848) [/home/runner/work/trading-bot-c-/trading-bot-c-/src/BotCore/BotCore.csproj]
/home/runner/work/trading-bot-c-/trading-bot-c-/src/BotCore/Services/TradingSystemIntegrationService.cs(503,21): error CA1848: For improved performance, use the LoggerMessage delegates instead of calling 'LoggerExtensions.LogWarning(ILogger, string?, params object?[])' (https://learn.microsoft.com/dotnet/fundamentals/code-analysis/quality-rules/ca1848) [/home/runner/work/trading-bot-c-/trading-bot-c-/src/BotCore/BotCore.csproj]
/home/runner/work/trading-bot-c-/trading-bot-c-/src/BotCore/Services/TradingSystemIntegrationService.cs(509,21): error CA1848: For improved performance, use the LoggerMessage delegates instead of calling 'LoggerExtensions.LogWarning(ILogger, string?, params object?[])' (https://learn.microsoft.com/dotnet/fundamentals/code-analysis/quality-rules/ca1848) [/home/runner/work/trading-bot-c-/trading-bot-c-/src/BotCore/BotCore.csproj]
/home/runner/work/trading-bot-c-/trading-bot-c-/src/BotCore/Services/TradingSystemIntegrationService.cs(517,17): error CA1848: For improved performance, use the LoggerMessage delegates instead of calling 'LoggerExtensions.LogInformation(ILogger, string?, params object?[])' (https://learn.microsoft.com/dotnet/fundamentals/code-analysis/quality-rules/ca1848) [/home/runner/work/trading-bot-c-/trading-bot-c-/src/BotCore/BotCore.csproj]
/home/runner/work/trading-bot-c-/trading-bot-c-/src/BotCore/Services/TradingSystemIntegrationService.cs(525,21): error CA1848: For improved performance, use the LoggerMessage delegates instead of calling 'LoggerExtensions.LogInformation(ILogger, string?, params object?[])' (https://learn.microsoft.com/dotnet/fundamentals/code-analysis/quality-rules/ca1848) [/home/runner/work/trading-bot-c-/trading-bot-c-/src/BotCore/BotCore.csproj]
/home/runner/work/trading-bot-c-/trading-bot-c-/src/BotCore/Services/TradingSystemIntegrationService.cs(557,21): error CA1848: For improved performance, use the LoggerMessage delegates instead of calling 'LoggerExtensions.LogInformation(ILogger, string?, params object?[])' (https://learn.microsoft.com/dotnet/fundamentals/code-analysis/quality-rules/ca1848) [/home/runner/work/trading-bot-c-/trading-bot-c-/src/BotCore/BotCore.csproj]
/home/runner/work/trading-bot-c-/trading-bot-c-/src/BotCore/Services/TradingSystemIntegrationService.cs(565,21): error CA1848: For improved performance, use the LoggerMessage delegates instead of calling 'LoggerExtensions.LogWarning(ILogger, string?, params object?[])' (https://learn.microsoft.com/dotnet/fundamentals/code-analysis/quality-rules/ca1848) [/home/runner/work/trading-bot-c-/trading-bot-c-/src/BotCore/BotCore.csproj]
/home/runner/work/trading-bot-c-/trading-bot-c-/src/BotCore/Services/TradingSystemIntegrationService.cs(571,17): error CA1848: For improved performance, use the LoggerMessage delegates instead of calling 'LoggerExtensions.LogError(ILogger, Exception?, string?, params object?[])' (https://learn.microsoft.com/dotnet/fundamentals/code-analysis/quality-rules/ca1848) [/home/runner/work/trading-bot-c-/trading-bot-c-/src/BotCore/BotCore.csproj]
/home/runner/work/trading-bot-c-/trading-bot-c-/src/BotCore/Services/TradingSystemIntegrationService.cs(576,17): error CA1848: For improved performance, use the LoggerMessage delegates instead of calling 'LoggerExtensions.LogError(ILogger, Exception?, string?, params object?[])' (https://learn.microsoft.com/dotnet/fundamentals/code-analysis/quality-rules/ca1848) [/home/runner/work/trading-bot-c-/trading-bot-c-/src/BotCore/BotCore.csproj]
/home/runner/work/trading-bot-c-/trading-bot-c-/src/BotCore/Services/TradingSystemIntegrationService.cs(581,17): error CA1848: For improved performance, use the LoggerMessage delegates instead of calling 'LoggerExtensions.LogError(ILogger, Exception?, string?, params object?[])' (https://learn.microsoft.com/dotnet/fundamentals/code-analysis/quality-rules/ca1848) [/home/runner/work/trading-bot-c-/trading-bot-c-/src/BotCore/BotCore.csproj]
/home/runner/work/trading-bot-c-/trading-bot-c-/src/BotCore/Services/ErrorHandlingMonitoringSystem.cs(319,17): error CA1848: For improved performance, use the LoggerMessage delegates instead of calling 'LoggerExtensions.LogDebug(ILogger, string?, params object?[])' (https://learn.microsoft.com/dotnet/fundamentals/code-analysis/quality-rules/ca1848) [/home/runner/work/trading-bot-c-/trading-bot-c-/src/BotCore/BotCore.csproj]
/home/runner/work/trading-bot-c-/trading-bot-c-/src/BotCore/Services/TradingBotTuningRunner.cs(536,17): error S1854: Remove this useless assignment to local variable 'parameterConfigs'. (https://rules.sonarsource.com/csharp/RSPEC-1854) [/home/runner/work/trading-bot-c-/trading-bot-c-/src/BotCore/BotCore.csproj]
/home/runner/work/trading-bot-c-/trading-bot-c-/src/BotCore/Services/TradingBotTuningRunner.cs(527,126): error S1172: Remove this unused method parameter 'cancellationToken'. (https://rules.sonarsource.com/csharp/RSPEC-1172) [/home/runner/work/trading-bot-c-/trading-bot-c-/src/BotCore/BotCore.csproj]
/home/runner/work/trading-bot-c-/trading-bot-c-/src/BotCore/Services/TradingBotTuningRunner.cs(555,13): error CA1848: For improved performance, use the LoggerMessage delegates instead of calling 'LoggerExtensions.LogInformation(ILogger, string?, params object?[])' (https://learn.microsoft.com/dotnet/fundamentals/code-analysis/quality-rules/ca1848) [/home/runner/work/trading-bot-c-/trading-bot-c-/src/BotCore/BotCore.csproj]
/home/runner/work/trading-bot-c-/trading-bot-c-/src/BotCore/Services/TradingSystemIntegrationService.cs(642,17): error CA1848: For improved performance, use the LoggerMessage delegates instead of calling 'LoggerExtensions.LogError(ILogger, Exception?, string?, params object?[])' (https://learn.microsoft.com/dotnet/fundamentals/code-analysis/quality-rules/ca1848) [/home/runner/work/trading-bot-c-/trading-bot-c-/src/BotCore/BotCore.csproj]
/home/runner/work/trading-bot-c-/trading-bot-c-/src/BotCore/Services/TradingSystemIntegrationService.cs(646,17): error CA1848: For improved performance, use the LoggerMessage delegates instead of calling 'LoggerExtensions.LogWarning(ILogger, Exception?, string?, params object?[])' (https://learn.microsoft.com/dotnet/fundamentals/code-analysis/quality-rules/ca1848) [/home/runner/work/trading-bot-c-/trading-bot-c-/src/BotCore/BotCore.csproj]
/home/runner/work/trading-bot-c-/trading-bot-c-/src/BotCore/Services/TradingSystemIntegrationService.cs(650,17): error CA1848: For improved performance, use the LoggerMessage delegates instead of calling 'LoggerExtensions.LogError(ILogger, Exception?, string?, params object?[])' (https://learn.microsoft.com/dotnet/fundamentals/code-analysis/quality-rules/ca1848) [/home/runner/work/trading-bot-c-/trading-bot-c-/src/BotCore/BotCore.csproj]
/home/runner/work/trading-bot-c-/trading-bot-c-/src/BotCore/Services/ErrorHandlingMonitoringSystem.cs(368,21): error CA1848: For improved performance, use the LoggerMessage delegates instead of calling 'LoggerExtensions.LogWarning(ILogger, string?, params object?[])' (https://learn.microsoft.com/dotnet/fundamentals/code-analysis/quality-rules/ca1848) [/home/runner/work/trading-bot-c-/trading-bot-c-/src/BotCore/BotCore.csproj]
/home/runner/work/trading-bot-c-/trading-bot-c-/src/BotCore/Services/ErrorHandlingMonitoringSystem.cs(382,21): error CA1848: For improved performance, use the LoggerMessage delegates instead of calling 'LoggerExtensions.LogWarning(ILogger, string?, params object?[])' (https://learn.microsoft.com/dotnet/fundamentals/code-analysis/quality-rules/ca1848) [/home/runner/work/trading-bot-c-/trading-bot-c-/src/BotCore/BotCore.csproj]
/home/runner/work/trading-bot-c-/trading-bot-c-/src/BotCore/Services/ErrorHandlingMonitoringSystem.cs(388,17): error CA1848: For improved performance, use the LoggerMessage delegates instead of calling 'LoggerExtensions.LogError(ILogger, Exception?, string?, params object?[])' (https://learn.microsoft.com/dotnet/fundamentals/code-analysis/quality-rules/ca1848) [/home/runner/work/trading-bot-c-/trading-bot-c-/src/BotCore/BotCore.csproj]
/home/runner/work/trading-bot-c-/trading-bot-c-/src/BotCore/Services/ErrorHandlingMonitoringSystem.cs(392,17): error CA1848: For improved performance, use the LoggerMessage delegates instead of calling 'LoggerExtensions.LogError(ILogger, Exception?, string?, params object?[])' (https://learn.microsoft.com/dotnet/fundamentals/code-analysis/quality-rules/ca1848) [/home/runner/work/trading-bot-c-/trading-bot-c-/src/BotCore/BotCore.csproj]
/home/runner/work/trading-bot-c-/trading-bot-c-/src/BotCore/Services/OrderFillConfirmationSystem.cs(61,13): error CA1848: For improved performance, use the LoggerMessage delegates instead of calling 'LoggerExtensions.LogInformation(ILogger, string?, params object?[])' (https://learn.microsoft.com/dotnet/fundamentals/code-analysis/quality-rules/ca1848) [/home/runner/work/trading-bot-c-/trading-bot-c-/src/BotCore/BotCore.csproj]
/home/runner/work/trading-bot-c-/trading-bot-c-/src/BotCore/Tests/SessionAwareRuntimeGatesTest.cs(36,29): error CA2000: Call System.IDisposable.Dispose on object created by 'LoggerFactory.Create(builder => builder.AddConsole())' before all references to it are out of scope (https://learn.microsoft.com/dotnet/fundamentals/code-analysis/quality-rules/ca2000) [/home/runner/work/trading-bot-c-/trading-bot-c-/src/BotCore/BotCore.csproj]
/home/runner/work/trading-bot-c-/trading-bot-c-/src/BotCore/Tests/SessionAwareRuntimeGatesTest.cs(17,27): error CA1303: Method 'Task SessionAwareRuntimeGatesTest.RunBasicTestAsync()' passes a literal string as parameter 'value' of a call to 'void Console.WriteLine(string? value)'. Retrieve the following string(s) from a resource table instead: "🧪 Testing SessionAwareRuntimeGates functionality...". (https://learn.microsoft.com/dotnet/fundamentals/code-analysis/quality-rules/ca1303) [/home/runner/work/trading-bot-c-/trading-bot-c-/src/BotCore/BotCore.csproj]
/home/runner/work/trading-bot-c-/trading-bot-c-/src/BotCore/Tests/SessionAwareRuntimeGatesTest.cs(43,27): error CA1303: Method 'Task SessionAwareRuntimeGatesTest.RunBasicTestAsync()' passes a literal string as parameter 'value' of a call to 'void Console.WriteLine(string? value)'. Retrieve the following string(s) from a resource table instead: "📊 Current Session Status:". (https://learn.microsoft.com/dotnet/fundamentals/code-analysis/quality-rules/ca1303) [/home/runner/work/trading-bot-c-/trading-bot-c-/src/BotCore/BotCore.csproj]
/home/runner/work/trading-bot-c-/trading-bot-c-/src/BotCore/Tests/SessionAwareRuntimeGatesTest.cs(60,27): error CA1303: Method 'Task SessionAwareRuntimeGatesTest.RunBasicTestAsync()' passes a literal string as parameter 'value' of a call to 'void Console.WriteLine(string? value)'. Retrieve the following string(s) from a resource table instead: "✅ SessionAwareRuntimeGates test completed successfully!". (https://learn.microsoft.com/dotnet/fundamentals/code-analysis/quality-rules/ca1303) [/home/runner/work/trading-bot-c-/trading-bot-c-/src/BotCore/BotCore.csproj]
/home/runner/work/trading-bot-c-/trading-bot-c-/src/BotCore/Services/ErrorHandlingMonitoringSystem.cs(398,17): error CA1836: Prefer 'IsEmpty' over 'Count' to determine whether the object is empty (https://learn.microsoft.com/dotnet/fundamentals/code-analysis/quality-rules/ca1836) [/home/runner/work/trading-bot-c-/trading-bot-c-/src/BotCore/BotCore.csproj]
/home/runner/work/trading-bot-c-/trading-bot-c-/src/BotCore/Bandits/NeuralUcbExtended.cs(96,9): error CA1848: For improved performance, use the LoggerMessage delegates instead of calling 'LoggerExtensions.LogInformation(ILogger, string?, params object?[])' (https://learn.microsoft.com/dotnet/fundamentals/code-analysis/quality-rules/ca1848) [/home/runner/work/trading-bot-c-/trading-bot-c-/src/BotCore/BotCore.csproj]
/home/runner/work/trading-bot-c-/trading-bot-c-/src/BotCore/Bandits/NeuralUcbExtended.cs(101,9): error CA1848: For improved performance, use the LoggerMessage delegates instead of calling 'LoggerExtensions.LogInformation(ILogger, string?, params object?[])' (https://learn.microsoft.com/dotnet/fundamentals/code-analysis/quality-rules/ca1848) [/home/runner/work/trading-bot-c-/trading-bot-c-/src/BotCore/BotCore.csproj]
/home/runner/work/trading-bot-c-/trading-bot-c-/src/BotCore/Testing/ProductionGuardrailTester.cs(43,9): error CA1848: For improved performance, use the LoggerMessage delegates instead of calling 'LoggerExtensions.LogInformation(ILogger, string?, params object?[])' (https://learn.microsoft.com/dotnet/fundamentals/code-analysis/quality-rules/ca1848) [/home/runner/work/trading-bot-c-/trading-bot-c-/src/BotCore/BotCore.csproj]
/home/runner/work/trading-bot-c-/trading-bot-c-/src/BotCore/Testing/ProductionGuardrailTester.cs(64,13): error CA1848: For improved performance, use the LoggerMessage delegates instead of calling 'LoggerExtensions.LogInformation(ILogger, string?, params object?[])' (https://learn.microsoft.com/dotnet/fundamentals/code-analysis/quality-rules/ca1848) [/home/runner/work/trading-bot-c-/trading-bot-c-/src/BotCore/BotCore.csproj]
/home/runner/work/trading-bot-c-/trading-bot-c-/src/BotCore/Testing/ProductionGuardrailTester.cs(68,13): error CA1848: For improved performance, use the LoggerMessage delegates instead of calling 'LoggerExtensions.LogCritical(ILogger, string?, params object?[])' (https://learn.microsoft.com/dotnet/fundamentals/code-analysis/quality-rules/ca1848) [/home/runner/work/trading-bot-c-/trading-bot-c-/src/BotCore/BotCore.csproj]
/home/runner/work/trading-bot-c-/trading-bot-c-/src/BotCore/Services/OrderFillConfirmationSystem.cs(102,17): error CA1848: For improved performance, use the LoggerMessage delegates instead of calling 'LoggerExtensions.LogInformation(ILogger, string?, params object?[])' (https://learn.microsoft.com/dotnet/fundamentals/code-analysis/quality-rules/ca1848) [/home/runner/work/trading-bot-c-/trading-bot-c-/src/BotCore/BotCore.csproj]
/home/runner/work/trading-bot-c-/trading-bot-c-/src/BotCore/Services/OrderFillConfirmationSystem.cs(127,21): error CA1848: For improved performance, use the LoggerMessage delegates instead of calling 'LoggerExtensions.LogInformation(ILogger, string?, params object?[])' (https://learn.microsoft.com/dotnet/fundamentals/code-analysis/quality-rules/ca1848) [/home/runner/work/trading-bot-c-/trading-bot-c-/src/BotCore/BotCore.csproj]
/home/runner/work/trading-bot-c-/trading-bot-c-/src/BotCore/Services/OrderFillConfirmationSystem.cs(137,21): error CA1848: For improved performance, use the LoggerMessage delegates instead of calling 'LoggerExtensions.LogWarning(ILogger, string?, params object?[])' (https://learn.microsoft.com/dotnet/fundamentals/code-analysis/quality-rules/ca1848) [/home/runner/work/trading-bot-c-/trading-bot-c-/src/BotCore/BotCore.csproj]
/home/runner/work/trading-bot-c-/trading-bot-c-/src/BotCore/Services/OrderFillConfirmationSystem.cs(145,17): error CA1848: For improved performance, use the LoggerMessage delegates instead of calling 'LoggerExtensions.LogError(ILogger, Exception?, string?, params object?[])' (https://learn.microsoft.com/dotnet/fundamentals/code-analysis/quality-rules/ca1848) [/home/runner/work/trading-bot-c-/trading-bot-c-/src/BotCore/BotCore.csproj]
/home/runner/work/trading-bot-c-/trading-bot-c-/src/BotCore/Services/OrderFillConfirmationSystem.cs(150,17): error CA1848: For improved performance, use the LoggerMessage delegates instead of calling 'LoggerExtensions.LogError(ILogger, Exception?, string?, params object?[])' (https://learn.microsoft.com/dotnet/fundamentals/code-analysis/quality-rules/ca1848) [/home/runner/work/trading-bot-c-/trading-bot-c-/src/BotCore/BotCore.csproj]
/home/runner/work/trading-bot-c-/trading-bot-c-/src/BotCore/Services/OrderFillConfirmationSystem.cs(155,17): error CA1848: For improved performance, use the LoggerMessage delegates instead of calling 'LoggerExtensions.LogError(ILogger, Exception?, string?, params object?[])' (https://learn.microsoft.com/dotnet/fundamentals/code-analysis/quality-rules/ca1848) [/home/runner/work/trading-bot-c-/trading-bot-c-/src/BotCore/BotCore.csproj]
/home/runner/work/trading-bot-c-/trading-bot-c-/src/BotCore/Testing/ProductionGuardrailTester.cs(76,9): error CA1848: For improved performance, use the LoggerMessage delegates instead of calling 'LoggerExtensions.LogInformation(ILogger, string?, params object?[])' (https://learn.microsoft.com/dotnet/fundamentals/code-analysis/quality-rules/ca1848) [/home/runner/work/trading-bot-c-/trading-bot-c-/src/BotCore/BotCore.csproj]
/home/runner/work/trading-bot-c-/trading-bot-c-/src/BotCore/Testing/ProductionGuardrailTester.cs(89,17): error CA1848: For improved performance, use the LoggerMessage delegates instead of calling 'LoggerExtensions.LogInformation(ILogger, string?, params object?[])' (https://learn.microsoft.com/dotnet/fundamentals/code-analysis/quality-rules/ca1848) [/home/runner/work/trading-bot-c-/trading-bot-c-/src/BotCore/BotCore.csproj]
/home/runner/work/trading-bot-c-/trading-bot-c-/src/BotCore/Testing/ProductionGuardrailTester.cs(94,17): error CA1848: For improved performance, use the LoggerMessage delegates instead of calling 'LoggerExtensions.LogError(ILogger, string?, params object?[])' (https://learn.microsoft.com/dotnet/fundamentals/code-analysis/quality-rules/ca1848) [/home/runner/work/trading-bot-c-/trading-bot-c-/src/BotCore/BotCore.csproj]
/home/runner/work/trading-bot-c-/trading-bot-c-/src/BotCore/Testing/ProductionGuardrailTester.cs(100,13): error CA1848: For improved performance, use the LoggerMessage delegates instead of calling 'LoggerExtensions.LogError(ILogger, Exception?, string?, params object?[])' (https://learn.microsoft.com/dotnet/fundamentals/code-analysis/quality-rules/ca1848) [/home/runner/work/trading-bot-c-/trading-bot-c-/src/BotCore/BotCore.csproj]
/home/runner/work/trading-bot-c-/trading-bot-c-/src/BotCore/Testing/ProductionGuardrailTester.cs(105,13): error CA1848: For improved performance, use the LoggerMessage delegates instead of calling 'LoggerExtensions.LogError(ILogger, Exception?, string?, params object?[])' (https://learn.microsoft.com/dotnet/fundamentals/code-analysis/quality-rules/ca1848) [/home/runner/work/trading-bot-c-/trading-bot-c-/src/BotCore/BotCore.csproj]
/home/runner/work/trading-bot-c-/trading-bot-c-/src/BotCore/Testing/ProductionGuardrailTester.cs(110,13): error CA1848: For improved performance, use the LoggerMessage delegates instead of calling 'LoggerExtensions.LogError(ILogger, Exception?, string?, params object?[])' (https://learn.microsoft.com/dotnet/fundamentals/code-analysis/quality-rules/ca1848) [/home/runner/work/trading-bot-c-/trading-bot-c-/src/BotCore/BotCore.csproj]
/home/runner/work/trading-bot-c-/trading-bot-c-/src/BotCore/BarAggregator.cs(139,64): error S6580: Use a format provider when parsing date and time. (https://rules.sonarsource.com/csharp/RSPEC-6580) [/home/runner/work/trading-bot-c-/trading-bot-c-/src/BotCore/BotCore.csproj]
/home/runner/work/trading-bot-c-/trading-bot-c-/src/BotCore/Bandits/NeuralUcbExtended.cs(117,13): error CA1848: For improved performance, use the LoggerMessage delegates instead of calling 'LoggerExtensions.LogDebug(ILogger, string?, params object?[])' (https://learn.microsoft.com/dotnet/fundamentals/code-analysis/quality-rules/ca1848) [/home/runner/work/trading-bot-c-/trading-bot-c-/src/BotCore/BotCore.csproj]
/home/runner/work/trading-bot-c-/trading-bot-c-/src/BotCore/Bandits/NeuralUcbExtended.cs(151,13): error CA1848: For improved performance, use the LoggerMessage delegates instead of calling 'LoggerExtensions.LogInformation(ILogger, string?, params object?[])' (https://learn.microsoft.com/dotnet/fundamentals/code-analysis/quality-rules/ca1848) [/home/runner/work/trading-bot-c-/trading-bot-c-/src/BotCore/BotCore.csproj]
/home/runner/work/trading-bot-c-/trading-bot-c-/src/BotCore/Bandits/NeuralUcbExtended.cs(160,13): error CA1848: For improved performance, use the LoggerMessage delegates instead of calling 'LoggerExtensions.LogError(ILogger, Exception?, string?, params object?[])' (https://learn.microsoft.com/dotnet/fundamentals/code-analysis/quality-rules/ca1848) [/home/runner/work/trading-bot-c-/trading-bot-c-/src/BotCore/BotCore.csproj]
/home/runner/work/trading-bot-c-/trading-bot-c-/src/BotCore/Testing/ProductionGuardrailTester.cs(125,9): error CA1848: For improved performance, use the LoggerMessage delegates instead of calling 'LoggerExtensions.LogInformation(ILogger, string?, params object?[])' (https://learn.microsoft.com/dotnet/fundamentals/code-analysis/quality-rules/ca1848) [/home/runner/work/trading-bot-c-/trading-bot-c-/src/BotCore/BotCore.csproj]
/home/runner/work/trading-bot-c-/trading-bot-c-/src/BotCore/Testing/ProductionGuardrailTester.cs(140,17): error CA1848: For improved performance, use the LoggerMessage delegates instead of calling 'LoggerExtensions.LogInformation(ILogger, string?, params object?[])' (https://learn.microsoft.com/dotnet/fundamentals/code-analysis/quality-rules/ca1848) [/home/runner/work/trading-bot-c-/trading-bot-c-/src/BotCore/BotCore.csproj]
/home/runner/work/trading-bot-c-/trading-bot-c-/src/BotCore/Testing/ProductionGuardrailTester.cs(145,17): error CA1848: For improved performance, use the LoggerMessage delegates instead of calling 'LoggerExtensions.LogError(ILogger, string?, params object?[])' (https://learn.microsoft.com/dotnet/fundamentals/code-analysis/quality-rules/ca1848) [/home/runner/work/trading-bot-c-/trading-bot-c-/src/BotCore/BotCore.csproj]
/home/runner/work/trading-bot-c-/trading-bot-c-/src/BotCore/Testing/ProductionGuardrailTester.cs(151,13): error CA1848: For improved performance, use the LoggerMessage delegates instead of calling 'LoggerExtensions.LogError(ILogger, Exception?, string?, params object?[])' (https://learn.microsoft.com/dotnet/fundamentals/code-analysis/quality-rules/ca1848) [/home/runner/work/trading-bot-c-/trading-bot-c-/src/BotCore/BotCore.csproj]
/home/runner/work/trading-bot-c-/trading-bot-c-/src/BotCore/Testing/ProductionGuardrailTester.cs(156,13): error CA1848: For improved performance, use the LoggerMessage delegates instead of calling 'LoggerExtensions.LogError(ILogger, Exception?, string?, params object?[])' (https://learn.microsoft.com/dotnet/fundamentals/code-analysis/quality-rules/ca1848) [/home/runner/work/trading-bot-c-/trading-bot-c-/src/BotCore/BotCore.csproj]
/home/runner/work/trading-bot-c-/trading-bot-c-/src/BotCore/Testing/ProductionGuardrailTester.cs(161,13): error CA1848: For improved performance, use the LoggerMessage delegates instead of calling 'LoggerExtensions.LogError(ILogger, Exception?, string?, params object?[])' (https://learn.microsoft.com/dotnet/fundamentals/code-analysis/quality-rules/ca1848) [/home/runner/work/trading-bot-c-/trading-bot-c-/src/BotCore/BotCore.csproj]
/home/runner/work/trading-bot-c-/trading-bot-c-/src/BotCore/Testing/ProductionGuardrailTester.cs(176,17): error CA1848: For improved performance, use the LoggerMessage delegates instead of calling 'LoggerExtensions.LogWarning(ILogger, Exception?, string?, params object?[])' (https://learn.microsoft.com/dotnet/fundamentals/code-analysis/quality-rules/ca1848) [/home/runner/work/trading-bot-c-/trading-bot-c-/src/BotCore/BotCore.csproj]
/home/runner/work/trading-bot-c-/trading-bot-c-/src/BotCore/Testing/ProductionGuardrailTester.cs(180,17): error CA1848: For improved performance, use the LoggerMessage delegates instead of calling 'LoggerExtensions.LogWarning(ILogger, Exception?, string?, params object?[])' (https://learn.microsoft.com/dotnet/fundamentals/code-analysis/quality-rules/ca1848) [/home/runner/work/trading-bot-c-/trading-bot-c-/src/BotCore/BotCore.csproj]
/home/runner/work/trading-bot-c-/trading-bot-c-/src/BotCore/Testing/ProductionGuardrailTester.cs(135,36): error CA1849: 'ProductionKillSwitchService.IsKillSwitchActive()' synchronously blocks. Await 'ProductionKillSwitchService.IsKillSwitchActiveAsync()' instead. (https://learn.microsoft.com/dotnet/fundamentals/code-analysis/quality-rules/ca1849) [/home/runner/work/trading-bot-c-/trading-bot-c-/src/BotCore/BotCore.csproj]
/home/runner/work/trading-bot-c-/trading-bot-c-/src/BotCore/Services/TradingSystemIntegrationService.cs(669,21): error CA1848: For improved performance, use the LoggerMessage delegates instead of calling 'LoggerExtensions.LogDebug(ILogger, string?, params object?[])' (https://learn.microsoft.com/dotnet/fundamentals/code-analysis/quality-rules/ca1848) [/home/runner/work/trading-bot-c-/trading-bot-c-/src/BotCore/BotCore.csproj]
/home/runner/work/trading-bot-c-/trading-bot-c-/src/BotCore/Services/TradingSystemIntegrationService.cs(676,21): error CA1848: For improved performance, use the LoggerMessage delegates instead of calling 'LoggerExtensions.LogDebug(ILogger, string?, params object?[])' (https://learn.microsoft.com/dotnet/fundamentals/code-analysis/quality-rules/ca1848) [/home/runner/work/trading-bot-c-/trading-bot-c-/src/BotCore/BotCore.csproj]
/home/runner/work/trading-bot-c-/trading-bot-c-/src/BotCore/Services/TradingSystemIntegrationService.cs(704,25): error CA1848: For improved performance, use the LoggerMessage delegates instead of calling 'LoggerExtensions.LogError(ILogger, Exception?, string?, params object?[])' (https://learn.microsoft.com/dotnet/fundamentals/code-analysis/quality-rules/ca1848) [/home/runner/work/trading-bot-c-/trading-bot-c-/src/BotCore/BotCore.csproj]
/home/runner/work/trading-bot-c-/trading-bot-c-/src/BotCore/Services/TradingSystemIntegrationService.cs(708,25): error CA1848: For improved performance, use the LoggerMessage delegates instead of calling 'LoggerExtensions.LogError(ILogger, Exception?, string?, params object?[])' (https://learn.microsoft.com/dotnet/fundamentals/code-analysis/quality-rules/ca1848) [/home/runner/work/trading-bot-c-/trading-bot-c-/src/BotCore/BotCore.csproj]
/home/runner/work/trading-bot-c-/trading-bot-c-/src/BotCore/Services/TradingSystemIntegrationService.cs(724,17): error CA1848: For improved performance, use the LoggerMessage delegates instead of calling 'LoggerExtensions.LogInformation(ILogger, string?, params object?[])' (https://learn.microsoft.com/dotnet/fundamentals/code-analysis/quality-rules/ca1848) [/home/runner/work/trading-bot-c-/trading-bot-c-/src/BotCore/BotCore.csproj]
/home/runner/work/trading-bot-c-/trading-bot-c-/src/BotCore/Services/TradingSystemIntegrationService.cs(734,17): error CA1848: For improved performance, use the LoggerMessage delegates instead of calling 'LoggerExtensions.LogInformation(ILogger, string?, params object?[])' (https://learn.microsoft.com/dotnet/fundamentals/code-analysis/quality-rules/ca1848) [/home/runner/work/trading-bot-c-/trading-bot-c-/src/BotCore/BotCore.csproj]
/home/runner/work/trading-bot-c-/trading-bot-c-/src/BotCore/Services/TradingSystemIntegrationService.cs(755,17): error CA1848: For improved performance, use the LoggerMessage delegates instead of calling 'LoggerExtensions.LogError(ILogger, Exception?, string?, params object?[])' (https://learn.microsoft.com/dotnet/fundamentals/code-analysis/quality-rules/ca1848) [/home/runner/work/trading-bot-c-/trading-bot-c-/src/BotCore/BotCore.csproj]
/home/runner/work/trading-bot-c-/trading-bot-c-/src/BotCore/Services/TradingSystemIntegrationService.cs(759,17): error CA1848: For improved performance, use the LoggerMessage delegates instead of calling 'LoggerExtensions.LogError(ILogger, Exception?, string?, params object?[])' (https://learn.microsoft.com/dotnet/fundamentals/code-analysis/quality-rules/ca1848) [/home/runner/work/trading-bot-c-/trading-bot-c-/src/BotCore/BotCore.csproj]
/home/runner/work/trading-bot-c-/trading-bot-c-/src/BotCore/Services/TradingSystemIntegrationService.cs(763,17): error CA1848: For improved performance, use the LoggerMessage delegates instead of calling 'LoggerExtensions.LogWarning(ILogger, Exception?, string?, params object?[])' (https://learn.microsoft.com/dotnet/fundamentals/code-analysis/quality-rules/ca1848) [/home/runner/work/trading-bot-c-/trading-bot-c-/src/BotCore/BotCore.csproj]
/home/runner/work/trading-bot-c-/trading-bot-c-/src/BotCore/Services/TradingBotTuningRunner.cs(642,13): error S1172: Remove this unused method parameter 'cancellationToken'. (https://rules.sonarsource.com/csharp/RSPEC-1172) [/home/runner/work/trading-bot-c-/trading-bot-c-/src/BotCore/BotCore.csproj]
/home/runner/work/trading-bot-c-/trading-bot-c-/src/BotCore/Services/TradingBotTuningRunner.cs(686,13): error CA1848: For improved performance, use the LoggerMessage delegates instead of calling 'LoggerExtensions.LogDebug(ILogger, string?, params object?[])' (https://learn.microsoft.com/dotnet/fundamentals/code-analysis/quality-rules/ca1848) [/home/runner/work/trading-bot-c-/trading-bot-c-/src/BotCore/BotCore.csproj]
/home/runner/work/trading-bot-c-/trading-bot-c-/src/BotCore/Services/ErrorHandlingMonitoringSystem.cs(467,17): error CA1848: For improved performance, use the LoggerMessage delegates instead of calling 'LoggerExtensions.LogInformation(ILogger, string?, params object?[])' (https://learn.microsoft.com/dotnet/fundamentals/code-analysis/quality-rules/ca1848) [/home/runner/work/trading-bot-c-/trading-bot-c-/src/BotCore/BotCore.csproj]
/home/runner/work/trading-bot-c-/trading-bot-c-/src/BotCore/Services/ErrorHandlingMonitoringSystem.cs(472,17): error CA1848: For improved performance, use the LoggerMessage delegates instead of calling 'LoggerExtensions.LogError(ILogger, Exception?, string?, params object?[])' (https://learn.microsoft.com/dotnet/fundamentals/code-analysis/quality-rules/ca1848) [/home/runner/work/trading-bot-c-/trading-bot-c-/src/BotCore/BotCore.csproj]
/home/runner/work/trading-bot-c-/trading-bot-c-/src/BotCore/Services/ErrorHandlingMonitoringSystem.cs(476,17): error CA1848: For improved performance, use the LoggerMessage delegates instead of calling 'LoggerExtensions.LogError(ILogger, Exception?, string?, params object?[])' (https://learn.microsoft.com/dotnet/fundamentals/code-analysis/quality-rules/ca1848) [/home/runner/work/trading-bot-c-/trading-bot-c-/src/BotCore/BotCore.csproj]
/home/runner/work/trading-bot-c-/trading-bot-c-/src/BotCore/Services/ErrorHandlingMonitoringSystem.cs(480,17): error CA1848: For improved performance, use the LoggerMessage delegates instead of calling 'LoggerExtensions.LogError(ILogger, Exception?, string?, params object?[])' (https://learn.microsoft.com/dotnet/fundamentals/code-analysis/quality-rules/ca1848) [/home/runner/work/trading-bot-c-/trading-bot-c-/src/BotCore/BotCore.csproj]
/home/runner/work/trading-bot-c-/trading-bot-c-/src/BotCore/Bandits/NeuralUcbExtended.cs(192,13): error CA1848: For improved performance, use the LoggerMessage delegates instead of calling 'LoggerExtensions.LogDebug(ILogger, string?, params object?[])' (https://learn.microsoft.com/dotnet/fundamentals/code-analysis/quality-rules/ca1848) [/home/runner/work/trading-bot-c-/trading-bot-c-/src/BotCore/BotCore.csproj]
/home/runner/work/trading-bot-c-/trading-bot-c-/src/BotCore/Bandits/NeuralUcbExtended.cs(203,13): error CA1848: For improved performance, use the LoggerMessage delegates instead of calling 'LoggerExtensions.LogDebug(ILogger, string?, params object?[])' (https://learn.microsoft.com/dotnet/fundamentals/code-analysis/quality-rules/ca1848) [/home/runner/work/trading-bot-c-/trading-bot-c-/src/BotCore/BotCore.csproj]
/home/runner/work/trading-bot-c-/trading-bot-c-/src/BotCore/Bandits/NeuralUcbExtended.cs(207,13): error CA1848: For improved performance, use the LoggerMessage delegates instead of calling 'LoggerExtensions.LogError(ILogger, Exception?, string?, params object?[])' (https://learn.microsoft.com/dotnet/fundamentals/code-analysis/quality-rules/ca1848) [/home/runner/work/trading-bot-c-/trading-bot-c-/src/BotCore/BotCore.csproj]
/home/runner/work/trading-bot-c-/trading-bot-c-/src/BotCore/Bandits/NeuralUcbExtended.cs(211,13): error CA1848: For improved performance, use the LoggerMessage delegates instead of calling 'LoggerExtensions.LogError(ILogger, Exception?, string?, params object?[])' (https://learn.microsoft.com/dotnet/fundamentals/code-analysis/quality-rules/ca1848) [/home/runner/work/trading-bot-c-/trading-bot-c-/src/BotCore/BotCore.csproj]
/home/runner/work/trading-bot-c-/trading-bot-c-/src/BotCore/Services/OrderFillConfirmationSystem.cs(192,21): error CA1848: For improved performance, use the LoggerMessage delegates instead of calling 'LoggerExtensions.LogWarning(ILogger, string?, params object?[])' (https://learn.microsoft.com/dotnet/fundamentals/code-analysis/quality-rules/ca1848) [/home/runner/work/trading-bot-c-/trading-bot-c-/src/BotCore/BotCore.csproj]
/home/runner/work/trading-bot-c-/trading-bot-c-/src/BotCore/Services/OrderFillConfirmationSystem.cs(198,17): error CA1848: For improved performance, use the LoggerMessage delegates instead of calling 'LoggerExtensions.LogError(ILogger, Exception?, string?, params object?[])' (https://learn.microsoft.com/dotnet/fundamentals/code-analysis/quality-rules/ca1848) [/home/runner/work/trading-bot-c-/trading-bot-c-/src/BotCore/BotCore.csproj]
/home/runner/work/trading-bot-c-/trading-bot-c-/src/BotCore/Services/OrderFillConfirmationSystem.cs(203,17): error CA1848: For improved performance, use the LoggerMessage delegates instead of calling 'LoggerExtensions.LogError(ILogger, Exception?, string?, params object?[])' (https://learn.microsoft.com/dotnet/fundamentals/code-analysis/quality-rules/ca1848) [/home/runner/work/trading-bot-c-/trading-bot-c-/src/BotCore/BotCore.csproj]
/home/runner/work/trading-bot-c-/trading-bot-c-/src/BotCore/Services/OrderFillConfirmationSystem.cs(208,17): error CA1848: For improved performance, use the LoggerMessage delegates instead of calling 'LoggerExtensions.LogError(ILogger, Exception?, string?, params object?[])' (https://learn.microsoft.com/dotnet/fundamentals/code-analysis/quality-rules/ca1848) [/home/runner/work/trading-bot-c-/trading-bot-c-/src/BotCore/BotCore.csproj]
/home/runner/work/trading-bot-c-/trading-bot-c-/src/BotCore/Testing/ProductionGuardrailTester.cs(187,9): error CA1848: For improved performance, use the LoggerMessage delegates instead of calling 'LoggerExtensions.LogInformation(ILogger, string?, params object?[])' (https://learn.microsoft.com/dotnet/fundamentals/code-analysis/quality-rules/ca1848) [/home/runner/work/trading-bot-c-/trading-bot-c-/src/BotCore/BotCore.csproj]
/home/runner/work/trading-bot-c-/trading-bot-c-/src/BotCore/Testing/ProductionGuardrailTester.cs(200,17): error CA1848: For improved performance, use the LoggerMessage delegates instead of calling 'LoggerExtensions.LogInformation(ILogger, string?, params object?[])' (https://learn.microsoft.com/dotnet/fundamentals/code-analysis/quality-rules/ca1848) [/home/runner/work/trading-bot-c-/trading-bot-c-/src/BotCore/BotCore.csproj]
/home/runner/work/trading-bot-c-/trading-bot-c-/src/BotCore/Testing/ProductionGuardrailTester.cs(206,17): error CA1848: For improved performance, use the LoggerMessage delegates instead of calling 'LoggerExtensions.LogError(ILogger, string?, params object?[])' (https://learn.microsoft.com/dotnet/fundamentals/code-analysis/quality-rules/ca1848) [/home/runner/work/trading-bot-c-/trading-bot-c-/src/BotCore/BotCore.csproj]
/home/runner/work/trading-bot-c-/trading-bot-c-/src/BotCore/Testing/ProductionGuardrailTester.cs(213,13): error CA1848: For improved performance, use the LoggerMessage delegates instead of calling 'LoggerExtensions.LogError(ILogger, Exception?, string?, params object?[])' (https://learn.microsoft.com/dotnet/fundamentals/code-analysis/quality-rules/ca1848) [/home/runner/work/trading-bot-c-/trading-bot-c-/src/BotCore/BotCore.csproj]
/home/runner/work/trading-bot-c-/trading-bot-c-/src/BotCore/Testing/ProductionGuardrailTester.cs(218,13): error CA1848: For improved performance, use the LoggerMessage delegates instead of calling 'LoggerExtensions.LogError(ILogger, Exception?, string?, params object?[])' (https://learn.microsoft.com/dotnet/fundamentals/code-analysis/quality-rules/ca1848) [/home/runner/work/trading-bot-c-/trading-bot-c-/src/BotCore/BotCore.csproj]
/home/runner/work/trading-bot-c-/trading-bot-c-/src/BotCore/Testing/ProductionGuardrailTester.cs(223,13): error CA1848: For improved performance, use the LoggerMessage delegates instead of calling 'LoggerExtensions.LogError(ILogger, Exception?, string?, params object?[])' (https://learn.microsoft.com/dotnet/fundamentals/code-analysis/quality-rules/ca1848) [/home/runner/work/trading-bot-c-/trading-bot-c-/src/BotCore/BotCore.csproj]
/home/runner/work/trading-bot-c-/trading-bot-c-/src/BotCore/Testing/ProductionGuardrailTester.cs(228,18): error S1541: The Cyclomatic Complexity of this method is 16 which is greater than 10 authorized. (https://rules.sonarsource.com/csharp/RSPEC-1541) [/home/runner/work/trading-bot-c-/trading-bot-c-/src/BotCore/BotCore.csproj]
/home/runner/work/trading-bot-c-/trading-bot-c-/src/BotCore/Bandits/NeuralUcbExtended.cs(261,13): error CA1848: For improved performance, use the LoggerMessage delegates instead of calling 'LoggerExtensions.LogError(ILogger, Exception?, string?, params object?[])' (https://learn.microsoft.com/dotnet/fundamentals/code-analysis/quality-rules/ca1848) [/home/runner/work/trading-bot-c-/trading-bot-c-/src/BotCore/BotCore.csproj]
/home/runner/work/trading-bot-c-/trading-bot-c-/src/BotCore/Bandits/NeuralUcbExtended.cs(266,13): error CA1848: For improved performance, use the LoggerMessage delegates instead of calling 'LoggerExtensions.LogError(ILogger, Exception?, string?, params object?[])' (https://learn.microsoft.com/dotnet/fundamentals/code-analysis/quality-rules/ca1848) [/home/runner/work/trading-bot-c-/trading-bot-c-/src/BotCore/BotCore.csproj]
/home/runner/work/trading-bot-c-/trading-bot-c-/src/BotCore/Testing/ProductionGuardrailTester.cs(246,108): error S2583: Remove this unnecessary check for null. Some code paths are unreachable. (https://rules.sonarsource.com/csharp/RSPEC-2583) [/home/runner/work/trading-bot-c-/trading-bot-c-/src/BotCore/BotCore.csproj]
/home/runner/work/trading-bot-c-/trading-bot-c-/src/BotCore/Testing/ProductionGuardrailTester.cs(246,108): error S2589: Remove this unnecessary check for null. (https://rules.sonarsource.com/csharp/RSPEC-2589) [/home/runner/work/trading-bot-c-/trading-bot-c-/src/BotCore/BotCore.csproj]
/home/runner/work/trading-bot-c-/trading-bot-c-/src/BotCore/Testing/ProductionGuardrailTester.cs(246,197): error S2583: Remove this unnecessary check for null. Some code paths are unreachable. (https://rules.sonarsource.com/csharp/RSPEC-2583) [/home/runner/work/trading-bot-c-/trading-bot-c-/src/BotCore/BotCore.csproj]
/home/runner/work/trading-bot-c-/trading-bot-c-/src/BotCore/Testing/ProductionGuardrailTester.cs(246,197): error S2589: Remove this unnecessary check for null. (https://rules.sonarsource.com/csharp/RSPEC-2589) [/home/runner/work/trading-bot-c-/trading-bot-c-/src/BotCore/BotCore.csproj]
/home/runner/work/trading-bot-c-/trading-bot-c-/src/BotCore/Testing/ProductionGuardrailTester.cs(246,21): error S2589: Remove this unnecessary check for null. (https://rules.sonarsource.com/csharp/RSPEC-2589) [/home/runner/work/trading-bot-c-/trading-bot-c-/src/BotCore/BotCore.csproj]
/home/runner/work/trading-bot-c-/trading-bot-c-/src/BotCore/Testing/ProductionGuardrailTester.cs(230,9): error CA1848: For improved performance, use the LoggerMessage delegates instead of calling 'LoggerExtensions.LogInformation(ILogger, string?, params object?[])' (https://learn.microsoft.com/dotnet/fundamentals/code-analysis/quality-rules/ca1848) [/home/runner/work/trading-bot-c-/trading-bot-c-/src/BotCore/BotCore.csproj]
/home/runner/work/trading-bot-c-/trading-bot-c-/src/BotCore/Testing/ProductionGuardrailTester.cs(245,17): error CA1848: For improved performance, use the LoggerMessage delegates instead of calling 'LoggerExtensions.LogInformation(ILogger, string?, params object?[])' (https://learn.microsoft.com/dotnet/fundamentals/code-analysis/quality-rules/ca1848) [/home/runner/work/trading-bot-c-/trading-bot-c-/src/BotCore/BotCore.csproj]
/home/runner/work/trading-bot-c-/trading-bot-c-/src/BotCore/Testing/ProductionGuardrailTester.cs(251,17): error CA1848: For improved performance, use the LoggerMessage delegates instead of calling 'LoggerExtensions.LogError(ILogger, string?, params object?[])' (https://learn.microsoft.com/dotnet/fundamentals/code-analysis/quality-rules/ca1848) [/home/runner/work/trading-bot-c-/trading-bot-c-/src/BotCore/BotCore.csproj]
/home/runner/work/trading-bot-c-/trading-bot-c-/src/BotCore/Testing/ProductionGuardrailTester.cs(258,13): error CA1848: For improved performance, use the LoggerMessage delegates instead of calling 'LoggerExtensions.LogError(ILogger, Exception?, string?, params object?[])' (https://learn.microsoft.com/dotnet/fundamentals/code-analysis/quality-rules/ca1848) [/home/runner/work/trading-bot-c-/trading-bot-c-/src/BotCore/BotCore.csproj]
/home/runner/work/trading-bot-c-/trading-bot-c-/src/BotCore/Testing/ProductionGuardrailTester.cs(263,13): error CA1848: For improved performance, use the LoggerMessage delegates instead of calling 'LoggerExtensions.LogError(ILogger, Exception?, string?, params object?[])' (https://learn.microsoft.com/dotnet/fundamentals/code-analysis/quality-rules/ca1848) [/home/runner/work/trading-bot-c-/trading-bot-c-/src/BotCore/BotCore.csproj]
/home/runner/work/trading-bot-c-/trading-bot-c-/src/BotCore/Testing/ProductionGuardrailTester.cs(268,13): error CA1848: For improved performance, use the LoggerMessage delegates instead of calling 'LoggerExtensions.LogError(ILogger, Exception?, string?, params object?[])' (https://learn.microsoft.com/dotnet/fundamentals/code-analysis/quality-rules/ca1848) [/home/runner/work/trading-bot-c-/trading-bot-c-/src/BotCore/BotCore.csproj]
/home/runner/work/trading-bot-c-/trading-bot-c-/src/BotCore/Services/ErrorHandlingMonitoringSystem.cs(501,21): error CA1848: For improved performance, use the LoggerMessage delegates instead of calling 'LoggerExtensions.LogDebug(ILogger, string?, params object?[])' (https://learn.microsoft.com/dotnet/fundamentals/code-analysis/quality-rules/ca1848) [/home/runner/work/trading-bot-c-/trading-bot-c-/src/BotCore/BotCore.csproj]
/home/runner/work/trading-bot-c-/trading-bot-c-/src/BotCore/Services/ErrorHandlingMonitoringSystem.cs(506,17): error CA1848: For improved performance, use the LoggerMessage delegates instead of calling 'LoggerExtensions.LogWarning(ILogger, Exception?, string?, params object?[])' (https://learn.microsoft.com/dotnet/fundamentals/code-analysis/quality-rules/ca1848) [/home/runner/work/trading-bot-c-/trading-bot-c-/src/BotCore/BotCore.csproj]
/home/runner/work/trading-bot-c-/trading-bot-c-/src/BotCore/Services/ErrorHandlingMonitoringSystem.cs(510,17): error CA1848: For improved performance, use the LoggerMessage delegates instead of calling 'LoggerExtensions.LogWarning(ILogger, Exception?, string?, params object?[])' (https://learn.microsoft.com/dotnet/fundamentals/code-analysis/quality-rules/ca1848) [/home/runner/work/trading-bot-c-/trading-bot-c-/src/BotCore/BotCore.csproj]
/home/runner/work/trading-bot-c-/trading-bot-c-/src/BotCore/Testing/ProductionGuardrailTester.cs(275,9): error CA1848: For improved performance, use the LoggerMessage delegates instead of calling 'LoggerExtensions.LogInformation(ILogger, string?, params object?[])' (https://learn.microsoft.com/dotnet/fundamentals/code-analysis/quality-rules/ca1848) [/home/runner/work/trading-bot-c-/trading-bot-c-/src/BotCore/BotCore.csproj]
/home/runner/work/trading-bot-c-/trading-bot-c-/src/BotCore/Testing/ProductionGuardrailTester.cs(296,17): error CA1848: For improved performance, use the LoggerMessage delegates instead of calling 'LoggerExtensions.LogInformation(ILogger, string?, params object?[])' (https://learn.microsoft.com/dotnet/fundamentals/code-analysis/quality-rules/ca1848) [/home/runner/work/trading-bot-c-/trading-bot-c-/src/BotCore/BotCore.csproj]
/home/runner/work/trading-bot-c-/trading-bot-c-/src/BotCore/Testing/ProductionGuardrailTester.cs(302,17): error CA1848: For improved performance, use the LoggerMessage delegates instead of calling 'LoggerExtensions.LogError(ILogger, string?, params object?[])' (https://learn.microsoft.com/dotnet/fundamentals/code-analysis/quality-rules/ca1848) [/home/runner/work/trading-bot-c-/trading-bot-c-/src/BotCore/BotCore.csproj]
/home/runner/work/trading-bot-c-/trading-bot-c-/src/BotCore/Testing/ProductionGuardrailTester.cs(309,13): error CA1848: For improved performance, use the LoggerMessage delegates instead of calling 'LoggerExtensions.LogError(ILogger, Exception?, string?, params object?[])' (https://learn.microsoft.com/dotnet/fundamentals/code-analysis/quality-rules/ca1848) [/home/runner/work/trading-bot-c-/trading-bot-c-/src/BotCore/BotCore.csproj]
/home/runner/work/trading-bot-c-/trading-bot-c-/src/BotCore/Testing/ProductionGuardrailTester.cs(314,13): error CA1848: For improved performance, use the LoggerMessage delegates instead of calling 'LoggerExtensions.LogError(ILogger, Exception?, string?, params object?[])' (https://learn.microsoft.com/dotnet/fundamentals/code-analysis/quality-rules/ca1848) [/home/runner/work/trading-bot-c-/trading-bot-c-/src/BotCore/BotCore.csproj]
/home/runner/work/trading-bot-c-/trading-bot-c-/src/BotCore/Testing/ProductionGuardrailTester.cs(319,13): error CA1848: For improved performance, use the LoggerMessage delegates instead of calling 'LoggerExtensions.LogError(ILogger, Exception?, string?, params object?[])' (https://learn.microsoft.com/dotnet/fundamentals/code-analysis/quality-rules/ca1848) [/home/runner/work/trading-bot-c-/trading-bot-c-/src/BotCore/BotCore.csproj]
/home/runner/work/trading-bot-c-/trading-bot-c-/src/BotCore/Services/TradingSystemIntegrationService.cs(795,17): error CA1848: For improved performance, use the LoggerMessage delegates instead of calling 'LoggerExtensions.LogDebug(ILogger, string?, params object?[])' (https://learn.microsoft.com/dotnet/fundamentals/code-analysis/quality-rules/ca1848) [/home/runner/work/trading-bot-c-/trading-bot-c-/src/BotCore/BotCore.csproj]
/home/runner/work/trading-bot-c-/trading-bot-c-/src/BotCore/Services/TradingSystemIntegrationService.cs(802,17): error CA1848: For improved performance, use the LoggerMessage delegates instead of calling 'LoggerExtensions.LogError(ILogger, Exception?, string?, params object?[])' (https://learn.microsoft.com/dotnet/fundamentals/code-analysis/quality-rules/ca1848) [/home/runner/work/trading-bot-c-/trading-bot-c-/src/BotCore/BotCore.csproj]
/home/runner/work/trading-bot-c-/trading-bot-c-/src/BotCore/Services/TradingSystemIntegrationService.cs(807,17): error CA1848: For improved performance, use the LoggerMessage delegates instead of calling 'LoggerExtensions.LogError(ILogger, Exception?, string?, params object?[])' (https://learn.microsoft.com/dotnet/fundamentals/code-analysis/quality-rules/ca1848) [/home/runner/work/trading-bot-c-/trading-bot-c-/src/BotCore/BotCore.csproj]
/home/runner/work/trading-bot-c-/trading-bot-c-/src/BotCore/Services/TradingSystemIntegrationService.cs(812,17): error CA1848: For improved performance, use the LoggerMessage delegates instead of calling 'LoggerExtensions.LogWarning(ILogger, Exception?, string?, params object?[])' (https://learn.microsoft.com/dotnet/fundamentals/code-analysis/quality-rules/ca1848) [/home/runner/work/trading-bot-c-/trading-bot-c-/src/BotCore/BotCore.csproj]
/home/runner/work/trading-bot-c-/trading-bot-c-/src/BotCore/Bandits/NeuralUcbExtended.cs(284,13): error CA1848: For improved performance, use the LoggerMessage delegates instead of calling 'LoggerExtensions.LogError(ILogger, Exception?, string?, params object?[])' (https://learn.microsoft.com/dotnet/fundamentals/code-analysis/quality-rules/ca1848) [/home/runner/work/trading-bot-c-/trading-bot-c-/src/BotCore/BotCore.csproj]
/home/runner/work/trading-bot-c-/trading-bot-c-/src/BotCore/Services/OrderFillConfirmationSystem.cs(270,17): error CA1848: For improved performance, use the LoggerMessage delegates instead of calling 'LoggerExtensions.LogError(ILogger, Exception?, string?, params object?[])' (https://learn.microsoft.com/dotnet/fundamentals/code-analysis/quality-rules/ca1848) [/home/runner/work/trading-bot-c-/trading-bot-c-/src/BotCore/BotCore.csproj]
/home/runner/work/trading-bot-c-/trading-bot-c-/src/BotCore/Services/OrderFillConfirmationSystem.cs(274,17): error CA1848: For improved performance, use the LoggerMessage delegates instead of calling 'LoggerExtensions.LogError(ILogger, Exception?, string?, params object?[])' (https://learn.microsoft.com/dotnet/fundamentals/code-analysis/quality-rules/ca1848) [/home/runner/work/trading-bot-c-/trading-bot-c-/src/BotCore/BotCore.csproj]
/home/runner/work/trading-bot-c-/trading-bot-c-/src/BotCore/Services/OrderFillConfirmationSystem.cs(278,17): error CA1848: For improved performance, use the LoggerMessage delegates instead of calling 'LoggerExtensions.LogError(ILogger, Exception?, string?, params object?[])' (https://learn.microsoft.com/dotnet/fundamentals/code-analysis/quality-rules/ca1848) [/home/runner/work/trading-bot-c-/trading-bot-c-/src/BotCore/BotCore.csproj]
/home/runner/work/trading-bot-c-/trading-bot-c-/src/BotCore/Services/ErrorHandlingMonitoringSystem.cs(561,17): error CA1848: For improved performance, use the LoggerMessage delegates instead of calling 'LoggerExtensions.LogInformation(ILogger, string?, params object?[])' (https://learn.microsoft.com/dotnet/fundamentals/code-analysis/quality-rules/ca1848) [/home/runner/work/trading-bot-c-/trading-bot-c-/src/BotCore/BotCore.csproj]
/home/runner/work/trading-bot-c-/trading-bot-c-/src/BotCore/Services/TradingBotTuningRunner.cs(754,17): error CA1848: For improved performance, use the LoggerMessage delegates instead of calling 'LoggerExtensions.LogInformation(ILogger, string?, params object?[])' (https://learn.microsoft.com/dotnet/fundamentals/code-analysis/quality-rules/ca1848) [/home/runner/work/trading-bot-c-/trading-bot-c-/src/BotCore/BotCore.csproj]
/home/runner/work/trading-bot-c-/trading-bot-c-/src/BotCore/Services/TradingBotTuningRunner.cs(758,17): error CA1848: For improved performance, use the LoggerMessage delegates instead of calling 'LoggerExtensions.LogError(ILogger, Exception?, string?, params object?[])' (https://learn.microsoft.com/dotnet/fundamentals/code-analysis/quality-rules/ca1848) [/home/runner/work/trading-bot-c-/trading-bot-c-/src/BotCore/BotCore.csproj]
/home/runner/work/trading-bot-c-/trading-bot-c-/src/BotCore/Services/TradingBotTuningRunner.cs(762,17): error CA1848: For improved performance, use the LoggerMessage delegates instead of calling 'LoggerExtensions.LogError(ILogger, Exception?, string?, params object?[])' (https://learn.microsoft.com/dotnet/fundamentals/code-analysis/quality-rules/ca1848) [/home/runner/work/trading-bot-c-/trading-bot-c-/src/BotCore/BotCore.csproj]
/home/runner/work/trading-bot-c-/trading-bot-c-/src/BotCore/Services/TradingBotTuningRunner.cs(766,17): error CA1848: For improved performance, use the LoggerMessage delegates instead of calling 'LoggerExtensions.LogError(ILogger, Exception?, string?, params object?[])' (https://learn.microsoft.com/dotnet/fundamentals/code-analysis/quality-rules/ca1848) [/home/runner/work/trading-bot-c-/trading-bot-c-/src/BotCore/BotCore.csproj]
/home/runner/work/trading-bot-c-/trading-bot-c-/src/BotCore/Services/OrderFillConfirmationSystem.cs(300,25): error CA1848: For improved performance, use the LoggerMessage delegates instead of calling 'LoggerExtensions.LogDebug(ILogger, string?, params object?[])' (https://learn.microsoft.com/dotnet/fundamentals/code-analysis/quality-rules/ca1848) [/home/runner/work/trading-bot-c-/trading-bot-c-/src/BotCore/BotCore.csproj]
/home/runner/work/trading-bot-c-/trading-bot-c-/src/BotCore/Services/OrderFillConfirmationSystem.cs(307,17): error CA1848: For improved performance, use the LoggerMessage delegates instead of calling 'LoggerExtensions.LogWarning(ILogger, Exception?, string?, params object?[])' (https://learn.microsoft.com/dotnet/fundamentals/code-analysis/quality-rules/ca1848) [/home/runner/work/trading-bot-c-/trading-bot-c-/src/BotCore/BotCore.csproj]
/home/runner/work/trading-bot-c-/trading-bot-c-/src/BotCore/Services/OrderFillConfirmationSystem.cs(311,17): error CA1848: For improved performance, use the LoggerMessage delegates instead of calling 'LoggerExtensions.LogWarning(ILogger, Exception?, string?, params object?[])' (https://learn.microsoft.com/dotnet/fundamentals/code-analysis/quality-rules/ca1848) [/home/runner/work/trading-bot-c-/trading-bot-c-/src/BotCore/BotCore.csproj]
/home/runner/work/trading-bot-c-/trading-bot-c-/src/BotCore/Services/OrderFillConfirmationSystem.cs(315,17): error CA1848: For improved performance, use the LoggerMessage delegates instead of calling 'LoggerExtensions.LogWarning(ILogger, Exception?, string?, params object?[])' (https://learn.microsoft.com/dotnet/fundamentals/code-analysis/quality-rules/ca1848) [/home/runner/work/trading-bot-c-/trading-bot-c-/src/BotCore/BotCore.csproj]
/home/runner/work/trading-bot-c-/trading-bot-c-/src/BotCore/Services/OrderFillConfirmationSystem.cs(319,17): error CA1848: For improved performance, use the LoggerMessage delegates instead of calling 'LoggerExtensions.LogWarning(ILogger, Exception?, string?, params object?[])' (https://learn.microsoft.com/dotnet/fundamentals/code-analysis/quality-rules/ca1848) [/home/runner/work/trading-bot-c-/trading-bot-c-/src/BotCore/BotCore.csproj]
/home/runner/work/trading-bot-c-/trading-bot-c-/src/BotCore/Services/OrderFillConfirmationSystem.cs(348,25): error CA1848: For improved performance, use the LoggerMessage delegates instead of calling 'LoggerExtensions.LogInformation(ILogger, string?, params object?[])' (https://learn.microsoft.com/dotnet/fundamentals/code-analysis/quality-rules/ca1848) [/home/runner/work/trading-bot-c-/trading-bot-c-/src/BotCore/BotCore.csproj]
/home/runner/work/trading-bot-c-/trading-bot-c-/src/BotCore/Services/OrderFillConfirmationSystem.cs(357,17): error CA1848: For improved performance, use the LoggerMessage delegates instead of calling 'LoggerExtensions.LogError(ILogger, Exception?, string?, params object?[])' (https://learn.microsoft.com/dotnet/fundamentals/code-analysis/quality-rules/ca1848) [/home/runner/work/trading-bot-c-/trading-bot-c-/src/BotCore/BotCore.csproj]
/home/runner/work/trading-bot-c-/trading-bot-c-/src/BotCore/Services/OrderFillConfirmationSystem.cs(362,17): error CA1848: For improved performance, use the LoggerMessage delegates instead of calling 'LoggerExtensions.LogError(ILogger, Exception?, string?, params object?[])' (https://learn.microsoft.com/dotnet/fundamentals/code-analysis/quality-rules/ca1848) [/home/runner/work/trading-bot-c-/trading-bot-c-/src/BotCore/BotCore.csproj]
/home/runner/work/trading-bot-c-/trading-bot-c-/src/BotCore/Services/OrderFillConfirmationSystem.cs(367,17): error CA1848: For improved performance, use the LoggerMessage delegates instead of calling 'LoggerExtensions.LogError(ILogger, Exception?, string?, params object?[])' (https://learn.microsoft.com/dotnet/fundamentals/code-analysis/quality-rules/ca1848) [/home/runner/work/trading-bot-c-/trading-bot-c-/src/BotCore/BotCore.csproj]
/home/runner/work/trading-bot-c-/trading-bot-c-/src/BotCore/Services/OrderFillConfirmationSystem.cs(372,17): error CA1848: For improved performance, use the LoggerMessage delegates instead of calling 'LoggerExtensions.LogError(ILogger, Exception?, string?, params object?[])' (https://learn.microsoft.com/dotnet/fundamentals/code-analysis/quality-rules/ca1848) [/home/runner/work/trading-bot-c-/trading-bot-c-/src/BotCore/BotCore.csproj]
/home/runner/work/trading-bot-c-/trading-bot-c-/src/BotCore/Services/OrderFillConfirmationSystem.cs(377,17): error CA1848: For improved performance, use the LoggerMessage delegates instead of calling 'LoggerExtensions.LogError(ILogger, Exception?, string?, params object?[])' (https://learn.microsoft.com/dotnet/fundamentals/code-analysis/quality-rules/ca1848) [/home/runner/work/trading-bot-c-/trading-bot-c-/src/BotCore/BotCore.csproj]
/home/runner/work/trading-bot-c-/trading-bot-c-/src/BotCore/Bandits/NeuralUcbExtended.cs(332,13): error CA1848: For improved performance, use the LoggerMessage delegates instead of calling 'LoggerExtensions.LogWarning(ILogger, string?, params object?[])' (https://learn.microsoft.com/dotnet/fundamentals/code-analysis/quality-rules/ca1848) [/home/runner/work/trading-bot-c-/trading-bot-c-/src/BotCore/BotCore.csproj]
/home/runner/work/trading-bot-c-/trading-bot-c-/src/BotCore/Bandits/NeuralUcbExtended.cs(339,9): error CA1848: For improved performance, use the LoggerMessage delegates instead of calling 'LoggerExtensions.LogDebug(ILogger, string?, params object?[])' (https://learn.microsoft.com/dotnet/fundamentals/code-analysis/quality-rules/ca1848) [/home/runner/work/trading-bot-c-/trading-bot-c-/src/BotCore/BotCore.csproj]
/home/runner/work/trading-bot-c-/trading-bot-c-/src/BotCore/Bandits/NeuralUcbExtended.cs(348,35): error S1541: The Cyclomatic Complexity of this method is 14 which is greater than 10 authorized. (https://rules.sonarsource.com/csharp/RSPEC-1541) [/home/runner/work/trading-bot-c-/trading-bot-c-/src/BotCore/BotCore.csproj]
/home/runner/work/trading-bot-c-/trading-bot-c-/src/BotCore/Bandits/NeuralUcbExtended.cs(396,13): error CA1848: For improved performance, use the LoggerMessage delegates instead of calling 'LoggerExtensions.LogDebug(ILogger, string?, params object?[])' (https://learn.microsoft.com/dotnet/fundamentals/code-analysis/quality-rules/ca1848) [/home/runner/work/trading-bot-c-/trading-bot-c-/src/BotCore/BotCore.csproj]
/home/runner/work/trading-bot-c-/trading-bot-c-/src/BotCore/Services/TradingSystemIntegrationService.cs(907,17): error CA1848: For improved performance, use the LoggerMessage delegates instead of calling 'LoggerExtensions.LogInformation(ILogger, string?, params object?[])' (https://learn.microsoft.com/dotnet/fundamentals/code-analysis/quality-rules/ca1848) [/home/runner/work/trading-bot-c-/trading-bot-c-/src/BotCore/BotCore.csproj]
/home/runner/work/trading-bot-c-/trading-bot-c-/src/BotCore/Services/TradingSystemIntegrationService.cs(914,17): error CA1848: For improved performance, use the LoggerMessage delegates instead of calling 'LoggerExtensions.LogError(ILogger, Exception?, string?, params object?[])' (https://learn.microsoft.com/dotnet/fundamentals/code-analysis/quality-rules/ca1848) [/home/runner/work/trading-bot-c-/trading-bot-c-/src/BotCore/BotCore.csproj]
/home/runner/work/trading-bot-c-/trading-bot-c-/src/BotCore/Services/TradingSystemIntegrationService.cs(919,17): error CA1848: For improved performance, use the LoggerMessage delegates instead of calling 'LoggerExtensions.LogError(ILogger, Exception?, string?, params object?[])' (https://learn.microsoft.com/dotnet/fundamentals/code-analysis/quality-rules/ca1848) [/home/runner/work/trading-bot-c-/trading-bot-c-/src/BotCore/BotCore.csproj]
/home/runner/work/trading-bot-c-/trading-bot-c-/src/BotCore/Services/TradingSystemIntegrationService.cs(940,21): error CA1848: For improved performance, use the LoggerMessage delegates instead of calling 'LoggerExtensions.LogInformation(ILogger, string?, params object?[])' (https://learn.microsoft.com/dotnet/fundamentals/code-analysis/quality-rules/ca1848) [/home/runner/work/trading-bot-c-/trading-bot-c-/src/BotCore/BotCore.csproj]
/home/runner/work/trading-bot-c-/trading-bot-c-/src/BotCore/Services/TradingSystemIntegrationService.cs(967,17): error CA1848: For improved performance, use the LoggerMessage delegates instead of calling 'LoggerExtensions.LogInformation(ILogger, string?, params object?[])' (https://learn.microsoft.com/dotnet/fundamentals/code-analysis/quality-rules/ca1848) [/home/runner/work/trading-bot-c-/trading-bot-c-/src/BotCore/BotCore.csproj]
/home/runner/work/trading-bot-c-/trading-bot-c-/src/BotCore/Services/TradingSystemIntegrationService.cs(977,17): error CA1848: For improved performance, use the LoggerMessage delegates instead of calling 'LoggerExtensions.LogError(ILogger, Exception?, string?, params object?[])' (https://learn.microsoft.com/dotnet/fundamentals/code-analysis/quality-rules/ca1848) [/home/runner/work/trading-bot-c-/trading-bot-c-/src/BotCore/BotCore.csproj]
/home/runner/work/trading-bot-c-/trading-bot-c-/src/BotCore/Services/TradingSystemIntegrationService.cs(981,17): error CA1848: For improved performance, use the LoggerMessage delegates instead of calling 'LoggerExtensions.LogError(ILogger, Exception?, string?, params object?[])' (https://learn.microsoft.com/dotnet/fundamentals/code-analysis/quality-rules/ca1848) [/home/runner/work/trading-bot-c-/trading-bot-c-/src/BotCore/BotCore.csproj]
/home/runner/work/trading-bot-c-/trading-bot-c-/src/BotCore/Services/TradingSystemIntegrationService.cs(985,17): error CA1848: For improved performance, use the LoggerMessage delegates instead of calling 'LoggerExtensions.LogWarning(ILogger, Exception?, string?, params object?[])' (https://learn.microsoft.com/dotnet/fundamentals/code-analysis/quality-rules/ca1848) [/home/runner/work/trading-bot-c-/trading-bot-c-/src/BotCore/BotCore.csproj]
/home/runner/work/trading-bot-c-/trading-bot-c-/src/BotCore/Bandits/NeuralUcbExtended.cs(416,98): error S1905: Remove this unnecessary cast to 'decimal'. (https://rules.sonarsource.com/csharp/RSPEC-1905) [/home/runner/work/trading-bot-c-/trading-bot-c-/src/BotCore/BotCore.csproj]
/home/runner/work/trading-bot-c-/trading-bot-c-/src/BotCore/Bandits/NeuralUcbExtended.cs(422,13): error S2589: Change this condition so that it does not always evaluate to 'True'. (https://rules.sonarsource.com/csharp/RSPEC-2589) [/home/runner/work/trading-bot-c-/trading-bot-c-/src/BotCore/BotCore.csproj]
/home/runner/work/trading-bot-c-/trading-bot-c-/src/BotCore/Bandits/NeuralUcbExtended.cs(425,13): error S2589: Change this condition so that it does not always evaluate to 'True'. (https://rules.sonarsource.com/csharp/RSPEC-2589) [/home/runner/work/trading-bot-c-/trading-bot-c-/src/BotCore/BotCore.csproj]
/home/runner/work/trading-bot-c-/trading-bot-c-/src/BotCore/Bandits/NeuralUcbExtended.cs(428,13): error S2589: Change this condition so that it does not always evaluate to 'True'. (https://rules.sonarsource.com/csharp/RSPEC-2589) [/home/runner/work/trading-bot-c-/trading-bot-c-/src/BotCore/BotCore.csproj]
/home/runner/work/trading-bot-c-/trading-bot-c-/src/BotCore/Bandits/NeuralUcbExtended.cs(431,13): error S2589: Change this condition so that it does not always evaluate to 'True'. (https://rules.sonarsource.com/csharp/RSPEC-2589) [/home/runner/work/trading-bot-c-/trading-bot-c-/src/BotCore/BotCore.csproj]
/home/runner/work/trading-bot-c-/trading-bot-c-/src/BotCore/Bandits/NeuralUcbExtended.cs(434,13): error S2589: Change this condition so that it does not always evaluate to 'True'. (https://rules.sonarsource.com/csharp/RSPEC-2589) [/home/runner/work/trading-bot-c-/trading-bot-c-/src/BotCore/BotCore.csproj]
/home/runner/work/trading-bot-c-/trading-bot-c-/src/BotCore/Services/TradingSystemIntegrationService.cs(994,13): error CA1848: For improved performance, use the LoggerMessage delegates instead of calling 'LoggerExtensions.LogInformation(ILogger, string?, params object?[])' (https://learn.microsoft.com/dotnet/fundamentals/code-analysis/quality-rules/ca1848) [/home/runner/work/trading-bot-c-/trading-bot-c-/src/BotCore/BotCore.csproj]
/home/runner/work/trading-bot-c-/trading-bot-c-/src/BotCore/Services/TradingSystemIntegrationService.cs(995,13): error CA1848: For improved performance, use the LoggerMessage delegates instead of calling 'LoggerExtensions.LogInformation(ILogger, string?, params object?[])' (https://learn.microsoft.com/dotnet/fundamentals/code-analysis/quality-rules/ca1848) [/home/runner/work/trading-bot-c-/trading-bot-c-/src/BotCore/BotCore.csproj]
/home/runner/work/trading-bot-c-/trading-bot-c-/src/BotCore/Services/TradingSystemIntegrationService.cs(996,13): error CA1848: For improved performance, use the LoggerMessage delegates instead of calling 'LoggerExtensions.LogInformation(ILogger, string?, params object?[])' (https://learn.microsoft.com/dotnet/fundamentals/code-analysis/quality-rules/ca1848) [/home/runner/work/trading-bot-c-/trading-bot-c-/src/BotCore/BotCore.csproj]
/home/runner/work/trading-bot-c-/trading-bot-c-/src/BotCore/Services/TradingSystemIntegrationService.cs(997,13): error CA1848: For improved performance, use the LoggerMessage delegates instead of calling 'LoggerExtensions.LogInformation(ILogger, string?, params object?[])' (https://learn.microsoft.com/dotnet/fundamentals/code-analysis/quality-rules/ca1848) [/home/runner/work/trading-bot-c-/trading-bot-c-/src/BotCore/BotCore.csproj]
/home/runner/work/trading-bot-c-/trading-bot-c-/src/BotCore/Services/TradingSystemIntegrationService.cs(1014,17): error CA1848: For improved performance, use the LoggerMessage delegates instead of calling 'LoggerExtensions.LogWarning(ILogger, string?, params object?[])' (https://learn.microsoft.com/dotnet/fundamentals/code-analysis/quality-rules/ca1848) [/home/runner/work/trading-bot-c-/trading-bot-c-/src/BotCore/BotCore.csproj]
/home/runner/work/trading-bot-c-/trading-bot-c-/src/BotCore/Bandits/NeuralUcbExtended.cs(450,31): error S1905: Remove this unnecessary cast to 'decimal'. (https://rules.sonarsource.com/csharp/RSPEC-1905) [/home/runner/work/trading-bot-c-/trading-bot-c-/src/BotCore/BotCore.csproj]
/home/runner/work/trading-bot-c-/trading-bot-c-/src/BotCore/Services/TradingBotSymbolSessionManager.cs(67,9): error AsyncFixer01: The method 'InitializeAsync' does not need to use async/await. (https://github.com/semihokur/AsyncFixer) [/home/runner/work/trading-bot-c-/trading-bot-c-/src/BotCore/BotCore.csproj]
/home/runner/work/trading-bot-c-/trading-bot-c-/src/BotCore/Services/TradingBotSymbolSessionManager.cs(83,17): error CA1848: For improved performance, use the LoggerMessage delegates instead of calling 'LoggerExtensions.LogDebug(ILogger, string?, params object?[])' (https://learn.microsoft.com/dotnet/fundamentals/code-analysis/quality-rules/ca1848) [/home/runner/work/trading-bot-c-/trading-bot-c-/src/BotCore/BotCore.csproj]
/home/runner/work/trading-bot-c-/trading-bot-c-/src/BotCore/Services/TradingBotSymbolSessionManager.cs(91,13): error CA1848: For improved performance, use the LoggerMessage delegates instead of calling 'LoggerExtensions.LogWarning(ILogger, string?, params object?[])' (https://learn.microsoft.com/dotnet/fundamentals/code-analysis/quality-rules/ca1848) [/home/runner/work/trading-bot-c-/trading-bot-c-/src/BotCore/BotCore.csproj]
/home/runner/work/trading-bot-c-/trading-bot-c-/src/BotCore/Services/TradingSystemIntegrationService.cs(1081,22): error S1541: The Cyclomatic Complexity of this method is 11 which is greater than 10 authorized. (https://rules.sonarsource.com/csharp/RSPEC-1541) [/home/runner/work/trading-bot-c-/trading-bot-c-/src/BotCore/BotCore.csproj]
/home/runner/work/trading-bot-c-/trading-bot-c-/src/BotCore/Services/TradingSystemIntegrationService.cs(1095,17): error CA1848: For improved performance, use the LoggerMessage delegates instead of calling 'LoggerExtensions.LogWarning(ILogger, string?, params object?[])' (https://learn.microsoft.com/dotnet/fundamentals/code-analysis/quality-rules/ca1848) [/home/runner/work/trading-bot-c-/trading-bot-c-/src/BotCore/BotCore.csproj]
/home/runner/work/trading-bot-c-/trading-bot-c-/src/BotCore/Services/TradingSystemIntegrationService.cs(1107,21): error CA1848: For improved performance, use the LoggerMessage delegates instead of calling 'LoggerExtensions.LogWarning(ILogger, string?, params object?[])' (https://learn.microsoft.com/dotnet/fundamentals/code-analysis/quality-rules/ca1848) [/home/runner/work/trading-bot-c-/trading-bot-c-/src/BotCore/BotCore.csproj]
/home/runner/work/trading-bot-c-/trading-bot-c-/src/BotCore/Services/TradingBotSymbolSessionManager.cs(108,17): error CA1848: For improved performance, use the LoggerMessage delegates instead of calling 'LoggerExtensions.LogDebug(ILogger, string?, params object?[])' (https://learn.microsoft.com/dotnet/fundamentals/code-analysis/quality-rules/ca1848) [/home/runner/work/trading-bot-c-/trading-bot-c-/src/BotCore/BotCore.csproj]
/home/runner/work/trading-bot-c-/trading-bot-c-/src/BotCore/Services/TradingBotSymbolSessionManager.cs(117,9): error AsyncFixer01: The method 'UpdateConfigurationAsync' does not need to use async/await. (https://github.com/semihokur/AsyncFixer) [/home/runner/work/trading-bot-c-/trading-bot-c-/src/BotCore/BotCore.csproj]
/home/runner/work/trading-bot-c-/trading-bot-c-/src/BotCore/Services/TradingBotSymbolSessionManager.cs(148,13): error CA1848: For improved performance, use the LoggerMessage delegates instead of calling 'LoggerExtensions.LogDebug(ILogger, string?, params object?[])' (https://learn.microsoft.com/dotnet/fundamentals/code-analysis/quality-rules/ca1848) [/home/runner/work/trading-bot-c-/trading-bot-c-/src/BotCore/BotCore.csproj]
/home/runner/work/trading-bot-c-/trading-bot-c-/src/BotCore/Services/TradingBotSymbolSessionManager.cs(131,13): error CA1848: For improved performance, use the LoggerMessage delegates instead of calling 'LoggerExtensions.LogInformation(ILogger, string?, params object?[])' (https://learn.microsoft.com/dotnet/fundamentals/code-analysis/quality-rules/ca1848) [/home/runner/work/trading-bot-c-/trading-bot-c-/src/BotCore/BotCore.csproj]
/home/runner/work/trading-bot-c-/trading-bot-c-/src/BotCore/Services/TradingBotSymbolSessionManager.cs(173,17): error CA1848: For improved performance, use the LoggerMessage delegates instead of calling 'LoggerExtensions.LogDebug(ILogger, string?, params object?[])' (https://learn.microsoft.com/dotnet/fundamentals/code-analysis/quality-rules/ca1848) [/home/runner/work/trading-bot-c-/trading-bot-c-/src/BotCore/BotCore.csproj]
/home/runner/work/trading-bot-c-/trading-bot-c-/src/BotCore/Services/TradingSystemIntegrationService.cs(1148,17): error CA1848: For improved performance, use the LoggerMessage delegates instead of calling 'LoggerExtensions.LogDebug(ILogger, string?, params object?[])' (https://learn.microsoft.com/dotnet/fundamentals/code-analysis/quality-rules/ca1848) [/home/runner/work/trading-bot-c-/trading-bot-c-/src/BotCore/BotCore.csproj]
/home/runner/work/trading-bot-c-/trading-bot-c-/src/BotCore/Services/TradingSystemIntegrationService.cs(1151,13): error CA1848: For improved performance, use the LoggerMessage delegates instead of calling 'LoggerExtensions.LogInformation(ILogger, string?, params object?[])' (https://learn.microsoft.com/dotnet/fundamentals/code-analysis/quality-rules/ca1848) [/home/runner/work/trading-bot-c-/trading-bot-c-/src/BotCore/BotCore.csproj]
/home/runner/work/trading-bot-c-/trading-bot-c-/src/BotCore/Services/TradingBotSymbolSessionManager.cs(185,32): error S1541: The Cyclomatic Complexity of this method is 15 which is greater than 10 authorized. (https://rules.sonarsource.com/csharp/RSPEC-1541) [/home/runner/work/trading-bot-c-/trading-bot-c-/src/BotCore/BotCore.csproj]
/home/runner/work/trading-bot-c-/trading-bot-c-/src/BotCore/Services/TradingSystemIntegrationService.cs(1171,17): error CA1848: For improved performance, use the LoggerMessage delegates instead of calling 'LoggerExtensions.LogInformation(ILogger, string?, params object?[])' (https://learn.microsoft.com/dotnet/fundamentals/code-analysis/quality-rules/ca1848) [/home/runner/work/trading-bot-c-/trading-bot-c-/src/BotCore/BotCore.csproj]
/home/runner/work/trading-bot-c-/trading-bot-c-/src/BotCore/Services/TradingSystemIntegrationService.cs(1176,17): error CA1848: For improved performance, use the LoggerMessage delegates instead of calling 'LoggerExtensions.LogError(ILogger, Exception?, string?, params object?[])' (https://learn.microsoft.com/dotnet/fundamentals/code-analysis/quality-rules/ca1848) [/home/runner/work/trading-bot-c-/trading-bot-c-/src/BotCore/BotCore.csproj]
/home/runner/work/trading-bot-c-/trading-bot-c-/src/BotCore/Services/TradingSystemIntegrationService.cs(1181,17): error CA1848: For improved performance, use the LoggerMessage delegates instead of calling 'LoggerExtensions.LogError(ILogger, Exception?, string?, params object?[])' (https://learn.microsoft.com/dotnet/fundamentals/code-analysis/quality-rules/ca1848) [/home/runner/work/trading-bot-c-/trading-bot-c-/src/BotCore/BotCore.csproj]
/home/runner/work/trading-bot-c-/trading-bot-c-/src/BotCore/Services/TradingBotSymbolSessionManager.cs(234,13): error CA1848: For improved performance, use the LoggerMessage delegates instead of calling 'LoggerExtensions.LogInformation(ILogger, string?, params object?[])' (https://learn.microsoft.com/dotnet/fundamentals/code-analysis/quality-rules/ca1848) [/home/runner/work/trading-bot-c-/trading-bot-c-/src/BotCore/BotCore.csproj]
/home/runner/work/trading-bot-c-/trading-bot-c-/src/BotCore/Services/TradingSystemIntegrationService.cs(1198,17): error CA1848: For improved performance, use the LoggerMessage delegates instead of calling 'LoggerExtensions.LogDebug(ILogger, string?, params object?[])' (https://learn.microsoft.com/dotnet/fundamentals/code-analysis/quality-rules/ca1848) [/home/runner/work/trading-bot-c-/trading-bot-c-/src/BotCore/BotCore.csproj]
/home/runner/work/trading-bot-c-/trading-bot-c-/src/BotCore/Services/TradingSystemIntegrationService.cs(1205,17): error CA1848: For improved performance, use the LoggerMessage delegates instead of calling 'LoggerExtensions.LogDebug(ILogger, string?, params object?[])' (https://learn.microsoft.com/dotnet/fundamentals/code-analysis/quality-rules/ca1848) [/home/runner/work/trading-bot-c-/trading-bot-c-/src/BotCore/BotCore.csproj]
/home/runner/work/trading-bot-c-/trading-bot-c-/src/BotCore/Services/TradingSystemIntegrationService.cs(1215,17): error CA1848: For improved performance, use the LoggerMessage delegates instead of calling 'LoggerExtensions.LogDebug(ILogger, string?, params object?[])' (https://learn.microsoft.com/dotnet/fundamentals/code-analysis/quality-rules/ca1848) [/home/runner/work/trading-bot-c-/trading-bot-c-/src/BotCore/BotCore.csproj]
/home/runner/work/trading-bot-c-/trading-bot-c-/src/BotCore/Services/TradingSystemIntegrationService.cs(1225,17): error CA1848: For improved performance, use the LoggerMessage delegates instead of calling 'LoggerExtensions.LogDebug(ILogger, string?, params object?[])' (https://learn.microsoft.com/dotnet/fundamentals/code-analysis/quality-rules/ca1848) [/home/runner/work/trading-bot-c-/trading-bot-c-/src/BotCore/BotCore.csproj]
/home/runner/work/trading-bot-c-/trading-bot-c-/src/BotCore/Services/TradingSystemIntegrationService.cs(1233,17): error CA1848: For improved performance, use the LoggerMessage delegates instead of calling 'LoggerExtensions.LogDebug(ILogger, string?, params object?[])' (https://learn.microsoft.com/dotnet/fundamentals/code-analysis/quality-rules/ca1848) [/home/runner/work/trading-bot-c-/trading-bot-c-/src/BotCore/BotCore.csproj]
/home/runner/work/trading-bot-c-/trading-bot-c-/src/BotCore/Services/TradingSystemIntegrationService.cs(1253,21): error CA1848: For improved performance, use the LoggerMessage delegates instead of calling 'LoggerExtensions.LogError(ILogger, Exception?, string?, params object?[])' (https://learn.microsoft.com/dotnet/fundamentals/code-analysis/quality-rules/ca1848) [/home/runner/work/trading-bot-c-/trading-bot-c-/src/BotCore/BotCore.csproj]
/home/runner/work/trading-bot-c-/trading-bot-c-/src/BotCore/Services/TradingSystemIntegrationService.cs(1257,21): error CA1848: For improved performance, use the LoggerMessage delegates instead of calling 'LoggerExtensions.LogWarning(ILogger, Exception?, string?, params object?[])' (https://learn.microsoft.com/dotnet/fundamentals/code-analysis/quality-rules/ca1848) [/home/runner/work/trading-bot-c-/trading-bot-c-/src/BotCore/BotCore.csproj]
/home/runner/work/trading-bot-c-/trading-bot-c-/src/BotCore/Services/TradingBotSymbolSessionManager.cs(353,21): error CA1848: For improved performance, use the LoggerMessage delegates instead of calling 'LoggerExtensions.LogInformation(ILogger, string?, params object?[])' (https://learn.microsoft.com/dotnet/fundamentals/code-analysis/quality-rules/ca1848) [/home/runner/work/trading-bot-c-/trading-bot-c-/src/BotCore/BotCore.csproj]
/home/runner/work/trading-bot-c-/trading-bot-c-/src/BotCore/Services/TradingBotSymbolSessionManager.cs(367,21): error CA1848: For improved performance, use the LoggerMessage delegates instead of calling 'LoggerExtensions.LogInformation(ILogger, string?, params object?[])' (https://learn.microsoft.com/dotnet/fundamentals/code-analysis/quality-rules/ca1848) [/home/runner/work/trading-bot-c-/trading-bot-c-/src/BotCore/BotCore.csproj]
/home/runner/work/trading-bot-c-/trading-bot-c-/src/BotCore/Services/TradingBotSymbolSessionManager.cs(372,17): error CA1848: For improved performance, use the LoggerMessage delegates instead of calling 'LoggerExtensions.LogDebug(ILogger, Exception?, string?, params object?[])' (https://learn.microsoft.com/dotnet/fundamentals/code-analysis/quality-rules/ca1848) [/home/runner/work/trading-bot-c-/trading-bot-c-/src/BotCore/BotCore.csproj]
/home/runner/work/trading-bot-c-/trading-bot-c-/src/BotCore/Services/TradingBotSymbolSessionManager.cs(377,17): error CA1848: For improved performance, use the LoggerMessage delegates instead of calling 'LoggerExtensions.LogError(ILogger, Exception?, string?, params object?[])' (https://learn.microsoft.com/dotnet/fundamentals/code-analysis/quality-rules/ca1848) [/home/runner/work/trading-bot-c-/trading-bot-c-/src/BotCore/BotCore.csproj]
/home/runner/work/trading-bot-c-/trading-bot-c-/src/BotCore/Services/TradingBotSymbolSessionManager.cs(381,17): error CA1848: For improved performance, use the LoggerMessage delegates instead of calling 'LoggerExtensions.LogError(ILogger, Exception?, string?, params object?[])' (https://learn.microsoft.com/dotnet/fundamentals/code-analysis/quality-rules/ca1848) [/home/runner/work/trading-bot-c-/trading-bot-c-/src/BotCore/BotCore.csproj]
/home/runner/work/trading-bot-c-/trading-bot-c-/src/BotCore/Services/TradingBotSymbolSessionManager.cs(385,17): error CA1848: For improved performance, use the LoggerMessage delegates instead of calling 'LoggerExtensions.LogError(ILogger, Exception?, string?, params object?[])' (https://learn.microsoft.com/dotnet/fundamentals/code-analysis/quality-rules/ca1848) [/home/runner/work/trading-bot-c-/trading-bot-c-/src/BotCore/BotCore.csproj]
/home/runner/work/trading-bot-c-/trading-bot-c-/src/BotCore/Services/TradingBotSymbolSessionManager.cs(405,17): error CA1848: For improved performance, use the LoggerMessage delegates instead of calling 'LoggerExtensions.LogDebug(ILogger, string?, params object?[])' (https://learn.microsoft.com/dotnet/fundamentals/code-analysis/quality-rules/ca1848) [/home/runner/work/trading-bot-c-/trading-bot-c-/src/BotCore/BotCore.csproj]
/home/runner/work/trading-bot-c-/trading-bot-c-/src/BotCore/Services/TradingBotSymbolSessionManager.cs(409,17): error CA1848: For improved performance, use the LoggerMessage delegates instead of calling 'LoggerExtensions.LogError(ILogger, Exception?, string?, params object?[])' (https://learn.microsoft.com/dotnet/fundamentals/code-analysis/quality-rules/ca1848) [/home/runner/work/trading-bot-c-/trading-bot-c-/src/BotCore/BotCore.csproj]
/home/runner/work/trading-bot-c-/trading-bot-c-/src/BotCore/Services/TradingBotSymbolSessionManager.cs(413,17): error CA1848: For improved performance, use the LoggerMessage delegates instead of calling 'LoggerExtensions.LogError(ILogger, Exception?, string?, params object?[])' (https://learn.microsoft.com/dotnet/fundamentals/code-analysis/quality-rules/ca1848) [/home/runner/work/trading-bot-c-/trading-bot-c-/src/BotCore/BotCore.csproj]
/home/runner/work/trading-bot-c-/trading-bot-c-/src/BotCore/Services/TradingBotSymbolSessionManager.cs(417,17): error CA1848: For improved performance, use the LoggerMessage delegates instead of calling 'LoggerExtensions.LogError(ILogger, Exception?, string?, params object?[])' (https://learn.microsoft.com/dotnet/fundamentals/code-analysis/quality-rules/ca1848) [/home/runner/work/trading-bot-c-/trading-bot-c-/src/BotCore/BotCore.csproj]
/home/runner/work/trading-bot-c-/trading-bot-c-/src/BotCore/Bandits/NeuralUcbBandit.cs(516,17): error CA1848: For improved performance, use the LoggerMessage delegates instead of calling 'LoggerExtensions.LogInformation(ILogger, string?, params object?[])' (https://learn.microsoft.com/dotnet/fundamentals/code-analysis/quality-rules/ca1848) [/home/runner/work/trading-bot-c-/trading-bot-c-/src/BotCore/BotCore.csproj]
/home/runner/work/trading-bot-c-/trading-bot-c-/src/BotCore/Bandits/NeuralUcbBandit.cs(520,17): error CA1848: For improved performance, use the LoggerMessage delegates instead of calling 'LoggerExtensions.LogWarning(ILogger, string?, params object?[])' (https://learn.microsoft.com/dotnet/fundamentals/code-analysis/quality-rules/ca1848) [/home/runner/work/trading-bot-c-/trading-bot-c-/src/BotCore/BotCore.csproj]
/home/runner/work/trading-bot-c-/trading-bot-c-/src/BotCore/Bandits/NeuralUcbBandit.cs(525,13): error CA1848: For improved performance, use the LoggerMessage delegates instead of calling 'LoggerExtensions.LogError(ILogger, Exception?, string?, params object?[])' (https://learn.microsoft.com/dotnet/fundamentals/code-analysis/quality-rules/ca1848) [/home/runner/work/trading-bot-c-/trading-bot-c-/src/BotCore/BotCore.csproj]
/home/runner/work/trading-bot-c-/trading-bot-c-/src/BotCore/Bandits/NeuralUcbBandit.cs(529,13): error CA1848: For improved performance, use the LoggerMessage delegates instead of calling 'LoggerExtensions.LogError(ILogger, Exception?, string?, params object?[])' (https://learn.microsoft.com/dotnet/fundamentals/code-analysis/quality-rules/ca1848) [/home/runner/work/trading-bot-c-/trading-bot-c-/src/BotCore/BotCore.csproj]
/home/runner/work/trading-bot-c-/trading-bot-c-/src/BotCore/Bandits/NeuralUcbBandit.cs(533,13): error CA1848: For improved performance, use the LoggerMessage delegates instead of calling 'LoggerExtensions.LogError(ILogger, Exception?, string?, params object?[])' (https://learn.microsoft.com/dotnet/fundamentals/code-analysis/quality-rules/ca1848) [/home/runner/work/trading-bot-c-/trading-bot-c-/src/BotCore/BotCore.csproj]
/home/runner/work/trading-bot-c-/trading-bot-c-/src/BotCore/Services/TradingSystemIntegrationService.cs(1265,22): error S1541: The Cyclomatic Complexity of this method is 11 which is greater than 10 authorized. (https://rules.sonarsource.com/csharp/RSPEC-1541) [/home/runner/work/trading-bot-c-/trading-bot-c-/src/BotCore/BotCore.csproj]
/home/runner/work/trading-bot-c-/trading-bot-c-/src/BotCore/Services/TradingSystemIntegrationService.cs(1307,33): error CA1848: For improved performance, use the LoggerMessage delegates instead of calling 'LoggerExtensions.LogError(ILogger, Exception?, string?, params object?[])' (https://learn.microsoft.com/dotnet/fundamentals/code-analysis/quality-rules/ca1848) [/home/runner/work/trading-bot-c-/trading-bot-c-/src/BotCore/BotCore.csproj]
/home/runner/work/trading-bot-c-/trading-bot-c-/src/BotCore/Services/TradingSystemIntegrationService.cs(1311,33): error CA1848: For improved performance, use the LoggerMessage delegates instead of calling 'LoggerExtensions.LogError(ILogger, Exception?, string?, params object?[])' (https://learn.microsoft.com/dotnet/fundamentals/code-analysis/quality-rules/ca1848) [/home/runner/work/trading-bot-c-/trading-bot-c-/src/BotCore/BotCore.csproj]
/home/runner/work/trading-bot-c-/trading-bot-c-/src/BotCore/Services/TradingSystemIntegrationService.cs(1325,21): error CA1848: For improved performance, use the LoggerMessage delegates instead of calling 'LoggerExtensions.LogDebug(ILogger, string?, params object?[])' (https://learn.microsoft.com/dotnet/fundamentals/code-analysis/quality-rules/ca1848) [/home/runner/work/trading-bot-c-/trading-bot-c-/src/BotCore/BotCore.csproj]
/home/runner/work/trading-bot-c-/trading-bot-c-/src/BotCore/Services/TradingSystemIntegrationService.cs(1332,17): error CA1848: For improved performance, use the LoggerMessage delegates instead of calling 'LoggerExtensions.LogError(ILogger, Exception?, string?, params object?[])' (https://learn.microsoft.com/dotnet/fundamentals/code-analysis/quality-rules/ca1848) [/home/runner/work/trading-bot-c-/trading-bot-c-/src/BotCore/BotCore.csproj]
/home/runner/work/trading-bot-c-/trading-bot-c-/src/BotCore/Services/TradingSystemIntegrationService.cs(1336,17): error CA1848: For improved performance, use the LoggerMessage delegates instead of calling 'LoggerExtensions.LogError(ILogger, Exception?, string?, params object?[])' (https://learn.microsoft.com/dotnet/fundamentals/code-analysis/quality-rules/ca1848) [/home/runner/work/trading-bot-c-/trading-bot-c-/src/BotCore/BotCore.csproj]
/home/runner/work/trading-bot-c-/trading-bot-c-/src/BotCore/Bandits/NeuralUcbBandit.cs(552,30): error CA1826: Do not use Enumerable methods on indexable collections. Instead use the collection directly. (https://learn.microsoft.com/dotnet/fundamentals/code-analysis/quality-rules/ca1826) [/home/runner/work/trading-bot-c-/trading-bot-c-/src/BotCore/BotCore.csproj]
/home/runner/work/trading-bot-c-/trading-bot-c-/src/BotCore/Bandits/NeuralUcbBandit.cs(558,17): error CA1848: For improved performance, use the LoggerMessage delegates instead of calling 'LoggerExtensions.LogError(ILogger, Exception?, string?, params object?[])' (https://learn.microsoft.com/dotnet/fundamentals/code-analysis/quality-rules/ca1848) [/home/runner/work/trading-bot-c-/trading-bot-c-/src/BotCore/BotCore.csproj]
/home/runner/work/trading-bot-c-/trading-bot-c-/src/BotCore/Bandits/NeuralUcbBandit.cs(563,17): error CA1848: For improved performance, use the LoggerMessage delegates instead of calling 'LoggerExtensions.LogError(ILogger, Exception?, string?, params object?[])' (https://learn.microsoft.com/dotnet/fundamentals/code-analysis/quality-rules/ca1848) [/home/runner/work/trading-bot-c-/trading-bot-c-/src/BotCore/BotCore.csproj]
/home/runner/work/trading-bot-c-/trading-bot-c-/src/BotCore/Bandits/NeuralUcbBandit.cs(568,17): error CA1848: For improved performance, use the LoggerMessage delegates instead of calling 'LoggerExtensions.LogError(ILogger, Exception?, string?, params object?[])' (https://learn.microsoft.com/dotnet/fundamentals/code-analysis/quality-rules/ca1848) [/home/runner/work/trading-bot-c-/trading-bot-c-/src/BotCore/BotCore.csproj]
/home/runner/work/trading-bot-c-/trading-bot-c-/src/BotCore/Services/TradingSystemIntegrationService.cs(1381,17): error CA1848: For improved performance, use the LoggerMessage delegates instead of calling 'LoggerExtensions.LogDebug(ILogger, string?, params object?[])' (https://learn.microsoft.com/dotnet/fundamentals/code-analysis/quality-rules/ca1848) [/home/runner/work/trading-bot-c-/trading-bot-c-/src/BotCore/BotCore.csproj]
/home/runner/work/trading-bot-c-/trading-bot-c-/src/BotCore/Services/TradingSystemIntegrationService.cs(1387,21): error CA1848: For improved performance, use the LoggerMessage delegates instead of calling 'LoggerExtensions.LogInformation(ILogger, string?, params object?[])' (https://learn.microsoft.com/dotnet/fundamentals/code-analysis/quality-rules/ca1848) [/home/runner/work/trading-bot-c-/trading-bot-c-/src/BotCore/BotCore.csproj]
/home/runner/work/trading-bot-c-/trading-bot-c-/src/BotCore/Services/TradingSystemIntegrationService.cs(1395,17): error CA1848: For improved performance, use the LoggerMessage delegates instead of calling 'LoggerExtensions.LogError(ILogger, Exception?, string?, params object?[])' (https://learn.microsoft.com/dotnet/fundamentals/code-analysis/quality-rules/ca1848) [/home/runner/work/trading-bot-c-/trading-bot-c-/src/BotCore/BotCore.csproj]
/home/runner/work/trading-bot-c-/trading-bot-c-/src/BotCore/Services/TradingSystemIntegrationService.cs(1399,17): error CA1848: For improved performance, use the LoggerMessage delegates instead of calling 'LoggerExtensions.LogError(ILogger, Exception?, string?, params object?[])' (https://learn.microsoft.com/dotnet/fundamentals/code-analysis/quality-rules/ca1848) [/home/runner/work/trading-bot-c-/trading-bot-c-/src/BotCore/BotCore.csproj]
/home/runner/work/trading-bot-c-/trading-bot-c-/src/BotCore/Services/TradingSystemIntegrationService.cs(1424,17): error CA1848: For improved performance, use the LoggerMessage delegates instead of calling 'LoggerExtensions.LogError(ILogger, Exception?, string?, params object?[])' (https://learn.microsoft.com/dotnet/fundamentals/code-analysis/quality-rules/ca1848) [/home/runner/work/trading-bot-c-/trading-bot-c-/src/BotCore/BotCore.csproj]
/home/runner/work/trading-bot-c-/trading-bot-c-/src/BotCore/Bandits/NeuralUcbBandit.cs(580,64): error SCS0005: Weak random number generator. (https://security-code-scan.github.io/#SCS0005) [/home/runner/work/trading-bot-c-/trading-bot-c-/src/BotCore/BotCore.csproj]
/home/runner/work/trading-bot-c-/trading-bot-c-/src/BotCore/Bandits/NeuralUcbBandit.cs(580,64): error CA5394: Random is an insecure random number generator. Use cryptographically secure random number generators when randomness is required for security. (https://learn.microsoft.com/dotnet/fundamentals/code-analysis/quality-rules/ca5394) [/home/runner/work/trading-bot-c-/trading-bot-c-/src/BotCore/BotCore.csproj]
/home/runner/work/trading-bot-c-/trading-bot-c-/src/BotCore/Bandits/NeuralUcbBandit.cs(596,9): error CA1848: For improved performance, use the LoggerMessage delegates instead of calling 'LoggerExtensions.LogInformation(ILogger, string?, params object?[])' (https://learn.microsoft.com/dotnet/fundamentals/code-analysis/quality-rules/ca1848) [/home/runner/work/trading-bot-c-/trading-bot-c-/src/BotCore/BotCore.csproj]
/home/runner/work/trading-bot-c-/trading-bot-c-/src/BotCore/Bandits/NeuralUcbBandit.cs(613,36): error CA2016: Forward the 'ct' parameter to the 'PredictAsync' method or pass in 'CancellationToken.None' explicitly to indicate intentionally not propagating the token (https://learn.microsoft.com/dotnet/fundamentals/code-analysis/quality-rules/ca2016) [/home/runner/work/trading-bot-c-/trading-bot-c-/src/BotCore/BotCore.csproj]
/home/runner/work/trading-bot-c-/trading-bot-c-/src/BotCore/Bandits/NeuralUcbBandit.cs(619,45): error CA2016: Forward the 'ct' parameter to the 'PredictAsync' method or pass in 'CancellationToken.None' explicitly to indicate intentionally not propagating the token (https://learn.microsoft.com/dotnet/fundamentals/code-analysis/quality-rules/ca2016) [/home/runner/work/trading-bot-c-/trading-bot-c-/src/BotCore/BotCore.csproj]
/home/runner/work/trading-bot-c-/trading-bot-c-/src/BotCore/Services/TradingSystemIntegrationService.cs(1432,22): error S1541: The Cyclomatic Complexity of this method is 12 which is greater than 10 authorized. (https://rules.sonarsource.com/csharp/RSPEC-1541) [/home/runner/work/trading-bot-c-/trading-bot-c-/src/BotCore/BotCore.csproj]
/home/runner/work/trading-bot-c-/trading-bot-c-/src/BotCore/Services/TradingSystemIntegrationService.cs(1481,17): error CA1848: For improved performance, use the LoggerMessage delegates instead of calling 'LoggerExtensions.LogTrace(ILogger, string?, params object?[])' (https://learn.microsoft.com/dotnet/fundamentals/code-analysis/quality-rules/ca1848) [/home/runner/work/trading-bot-c-/trading-bot-c-/src/BotCore/BotCore.csproj]
/home/runner/work/trading-bot-c-/trading-bot-c-/src/BotCore/Services/TradingSystemIntegrationService.cs(1487,17): error CA1848: For improved performance, use the LoggerMessage delegates instead of calling 'LoggerExtensions.LogError(ILogger, Exception?, string?, params object?[])' (https://learn.microsoft.com/dotnet/fundamentals/code-analysis/quality-rules/ca1848) [/home/runner/work/trading-bot-c-/trading-bot-c-/src/BotCore/BotCore.csproj]
/home/runner/work/trading-bot-c-/trading-bot-c-/src/BotCore/Services/TradingSystemIntegrationService.cs(1491,17): error CA1848: For improved performance, use the LoggerMessage delegates instead of calling 'LoggerExtensions.LogError(ILogger, Exception?, string?, params object?[])' (https://learn.microsoft.com/dotnet/fundamentals/code-analysis/quality-rules/ca1848) [/home/runner/work/trading-bot-c-/trading-bot-c-/src/BotCore/BotCore.csproj]
/home/runner/work/trading-bot-c-/trading-bot-c-/src/BotCore/Services/TradingSystemIntegrationService.cs(1497,13): error CA1848: For improved performance, use the LoggerMessage delegates instead of calling 'LoggerExtensions.LogInformation(ILogger, string?, params object?[])' (https://learn.microsoft.com/dotnet/fundamentals/code-analysis/quality-rules/ca1848) [/home/runner/work/trading-bot-c-/trading-bot-c-/src/BotCore/BotCore.csproj]
/home/runner/work/trading-bot-c-/trading-bot-c-/src/BotCore/Services/TradingSystemIntegrationService.cs(1517,13): error CA1848: For improved performance, use the LoggerMessage delegates instead of calling 'LoggerExtensions.LogInformation(ILogger, string?, params object?[])' (https://learn.microsoft.com/dotnet/fundamentals/code-analysis/quality-rules/ca1848) [/home/runner/work/trading-bot-c-/trading-bot-c-/src/BotCore/BotCore.csproj]
/home/runner/work/trading-bot-c-/trading-bot-c-/src/BotCore/Services/TradingSystemIntegrationService.cs(1536,21): error CA1848: For improved performance, use the LoggerMessage delegates instead of calling 'LoggerExtensions.LogInformation(ILogger, string?, params object?[])' (https://learn.microsoft.com/dotnet/fundamentals/code-analysis/quality-rules/ca1848) [/home/runner/work/trading-bot-c-/trading-bot-c-/src/BotCore/BotCore.csproj]
/home/runner/work/trading-bot-c-/trading-bot-c-/src/BotCore/Services/TradingSystemIntegrationService.cs(1541,17): error CA1848: For improved performance, use the LoggerMessage delegates instead of calling 'LoggerExtensions.LogInformation(ILogger, string?, params object?[])' (https://learn.microsoft.com/dotnet/fundamentals/code-analysis/quality-rules/ca1848) [/home/runner/work/trading-bot-c-/trading-bot-c-/src/BotCore/BotCore.csproj]
/home/runner/work/trading-bot-c-/trading-bot-c-/src/BotCore/Services/TradingSystemIntegrationService.cs(1545,17): error CA1848: For improved performance, use the LoggerMessage delegates instead of calling 'LoggerExtensions.LogInformation(ILogger, string?, params object?[])' (https://learn.microsoft.com/dotnet/fundamentals/code-analysis/quality-rules/ca1848) [/home/runner/work/trading-bot-c-/trading-bot-c-/src/BotCore/BotCore.csproj]
/home/runner/work/trading-bot-c-/trading-bot-c-/src/BotCore/Services/TradingSystemIntegrationService.cs(1549,17): error CA1848: For improved performance, use the LoggerMessage delegates instead of calling 'LoggerExtensions.LogError(ILogger, Exception?, string?, params object?[])' (https://learn.microsoft.com/dotnet/fundamentals/code-analysis/quality-rules/ca1848) [/home/runner/work/trading-bot-c-/trading-bot-c-/src/BotCore/BotCore.csproj]
/home/runner/work/trading-bot-c-/trading-bot-c-/src/BotCore/Services/TradingSystemIntegrationService.cs(1555,17): error CA1848: For improved performance, use the LoggerMessage delegates instead of calling 'LoggerExtensions.LogError(ILogger, Exception?, string?, params object?[])' (https://learn.microsoft.com/dotnet/fundamentals/code-analysis/quality-rules/ca1848) [/home/runner/work/trading-bot-c-/trading-bot-c-/src/BotCore/BotCore.csproj]
/home/runner/work/trading-bot-c-/trading-bot-c-/src/BotCore/Services/TradingSystemIntegrationService.cs(1618,36): error S2589: Change this condition so that it does not always evaluate to 'False'. (https://rules.sonarsource.com/csharp/RSPEC-2589) [/home/runner/work/trading-bot-c-/trading-bot-c-/src/BotCore/BotCore.csproj]
/home/runner/work/trading-bot-c-/trading-bot-c-/src/BotCore/Services/TradingSystemIntegrationService.cs(1605,21): error CA1848: For improved performance, use the LoggerMessage delegates instead of calling 'LoggerExtensions.LogDebug(ILogger, string?, params object?[])' (https://learn.microsoft.com/dotnet/fundamentals/code-analysis/quality-rules/ca1848) [/home/runner/work/trading-bot-c-/trading-bot-c-/src/BotCore/BotCore.csproj]
/home/runner/work/trading-bot-c-/trading-bot-c-/src/BotCore/Services/TradingSystemIntegrationService.cs(1620,21): error CA1848: For improved performance, use the LoggerMessage delegates instead of calling 'LoggerExtensions.LogWarning(ILogger, string?, params object?[])' (https://learn.microsoft.com/dotnet/fundamentals/code-analysis/quality-rules/ca1848) [/home/runner/work/trading-bot-c-/trading-bot-c-/src/BotCore/BotCore.csproj]
/home/runner/work/trading-bot-c-/trading-bot-c-/src/BotCore/Services/TradingSystemIntegrationService.cs(1639,17): error CA1848: For improved performance, use the LoggerMessage delegates instead of calling 'LoggerExtensions.LogDebug(ILogger, string?, params object?[])' (https://learn.microsoft.com/dotnet/fundamentals/code-analysis/quality-rules/ca1848) [/home/runner/work/trading-bot-c-/trading-bot-c-/src/BotCore/BotCore.csproj]
/home/runner/work/trading-bot-c-/trading-bot-c-/src/BotCore/Services/TradingSystemIntegrationService.cs(1646,17): error CA1848: For improved performance, use the LoggerMessage delegates instead of calling 'LoggerExtensions.LogWarning(ILogger, Exception?, string?, params object?[])' (https://learn.microsoft.com/dotnet/fundamentals/code-analysis/quality-rules/ca1848) [/home/runner/work/trading-bot-c-/trading-bot-c-/src/BotCore/BotCore.csproj]
/home/runner/work/trading-bot-c-/trading-bot-c-/src/BotCore/Services/TradingSystemIntegrationService.cs(1651,17): error CA1848: For improved performance, use the LoggerMessage delegates instead of calling 'LoggerExtensions.LogWarning(ILogger, Exception?, string?, params object?[])' (https://learn.microsoft.com/dotnet/fundamentals/code-analysis/quality-rules/ca1848) [/home/runner/work/trading-bot-c-/trading-bot-c-/src/BotCore/BotCore.csproj]
/home/runner/work/trading-bot-c-/trading-bot-c-/src/BotCore/Services/TradingSystemIntegrationService.cs(1656,17): error CA1848: For improved performance, use the LoggerMessage delegates instead of calling 'LoggerExtensions.LogWarning(ILogger, Exception?, string?, params object?[])' (https://learn.microsoft.com/dotnet/fundamentals/code-analysis/quality-rules/ca1848) [/home/runner/work/trading-bot-c-/trading-bot-c-/src/BotCore/BotCore.csproj]
/home/runner/work/trading-bot-c-/trading-bot-c-/src/BotCore/Bandits/NeuralUcbBandit.cs(676,13): error CA1848: For improved performance, use the LoggerMessage delegates instead of calling 'LoggerExtensions.LogDebug(ILogger, string?, params object?[])' (https://learn.microsoft.com/dotnet/fundamentals/code-analysis/quality-rules/ca1848) [/home/runner/work/trading-bot-c-/trading-bot-c-/src/BotCore/BotCore.csproj]
/home/runner/work/trading-bot-c-/trading-bot-c-/src/BotCore/Bandits/NeuralUcbBandit.cs(680,13): error CA1848: For improved performance, use the LoggerMessage delegates instead of calling 'LoggerExtensions.LogError(ILogger, Exception?, string?, params object?[])' (https://learn.microsoft.com/dotnet/fundamentals/code-analysis/quality-rules/ca1848) [/home/runner/work/trading-bot-c-/trading-bot-c-/src/BotCore/BotCore.csproj]
/home/runner/work/trading-bot-c-/trading-bot-c-/src/BotCore/Bandits/NeuralUcbBandit.cs(684,13): error CA1848: For improved performance, use the LoggerMessage delegates instead of calling 'LoggerExtensions.LogError(ILogger, Exception?, string?, params object?[])' (https://learn.microsoft.com/dotnet/fundamentals/code-analysis/quality-rules/ca1848) [/home/runner/work/trading-bot-c-/trading-bot-c-/src/BotCore/BotCore.csproj]
/home/runner/work/trading-bot-c-/trading-bot-c-/src/BotCore/Bandits/NeuralUcbBandit.cs(688,13): error CA1848: For improved performance, use the LoggerMessage delegates instead of calling 'LoggerExtensions.LogError(ILogger, Exception?, string?, params object?[])' (https://learn.microsoft.com/dotnet/fundamentals/code-analysis/quality-rules/ca1848) [/home/runner/work/trading-bot-c-/trading-bot-c-/src/BotCore/BotCore.csproj]
/home/runner/work/trading-bot-c-/trading-bot-c-/src/BotCore/Bandits/NeuralUcbBandit.cs(692,13): error CA1848: For improved performance, use the LoggerMessage delegates instead of calling 'LoggerExtensions.LogError(ILogger, Exception?, string?, params object?[])' (https://learn.microsoft.com/dotnet/fundamentals/code-analysis/quality-rules/ca1848) [/home/runner/work/trading-bot-c-/trading-bot-c-/src/BotCore/BotCore.csproj]
/home/runner/work/trading-bot-c-/trading-bot-c-/src/BotCore/Bandits/NeuralUcbBandit.cs(474,10): error S2368: Make this method private or simplify its parameters to not use multidimensional/jagged arrays. (https://rules.sonarsource.com/csharp/RSPEC-2368) [/home/runner/work/trading-bot-c-/trading-bot-c-/src/BotCore/BotCore.csproj]
/home/runner/work/trading-bot-c-/trading-bot-c-/src/BotCore/Services/TradingSystemIntegrationService.cs(1663,13): error CA1848: For improved performance, use the LoggerMessage delegates instead of calling 'LoggerExtensions.LogInformation(ILogger, string?, params object?[])' (https://learn.microsoft.com/dotnet/fundamentals/code-analysis/quality-rules/ca1848) [/home/runner/work/trading-bot-c-/trading-bot-c-/src/BotCore/BotCore.csproj]
/home/runner/work/trading-bot-c-/trading-bot-c-/src/BotCore/Services/TradingSystemIntegrationService.cs(1670,17): error CA1848: For improved performance, use the LoggerMessage delegates instead of calling 'LoggerExtensions.LogInformation(ILogger, string?, params object?[])' (https://learn.microsoft.com/dotnet/fundamentals/code-analysis/quality-rules/ca1848) [/home/runner/work/trading-bot-c-/trading-bot-c-/src/BotCore/BotCore.csproj]
/home/runner/work/trading-bot-c-/trading-bot-c-/src/BotCore/Services/TradingSystemIntegrationService.cs(1674,17): error CA1848: For improved performance, use the LoggerMessage delegates instead of calling 'LoggerExtensions.LogInformation(ILogger, string?, params object?[])' (https://learn.microsoft.com/dotnet/fundamentals/code-analysis/quality-rules/ca1848) [/home/runner/work/trading-bot-c-/trading-bot-c-/src/BotCore/BotCore.csproj]
/home/runner/work/trading-bot-c-/trading-bot-c-/src/BotCore/Services/TradingSystemIntegrationService.cs(1678,17): error CA1848: For improved performance, use the LoggerMessage delegates instead of calling 'LoggerExtensions.LogError(ILogger, Exception?, string?, params object?[])' (https://learn.microsoft.com/dotnet/fundamentals/code-analysis/quality-rules/ca1848) [/home/runner/work/trading-bot-c-/trading-bot-c-/src/BotCore/BotCore.csproj]
/home/runner/work/trading-bot-c-/trading-bot-c-/src/BotCore/Services/TradingSystemIntegrationService.cs(1683,17): error CA1848: For improved performance, use the LoggerMessage delegates instead of calling 'LoggerExtensions.LogError(ILogger, Exception?, string?, params object?[])' (https://learn.microsoft.com/dotnet/fundamentals/code-analysis/quality-rules/ca1848) [/home/runner/work/trading-bot-c-/trading-bot-c-/src/BotCore/BotCore.csproj]
/home/runner/work/trading-bot-c-/trading-bot-c-/src/BotCore/Services/TradingSystemIntegrationService.cs(1688,17): error CA1848: For improved performance, use the LoggerMessage delegates instead of calling 'LoggerExtensions.LogError(ILogger, Exception?, string?, params object?[])' (https://learn.microsoft.com/dotnet/fundamentals/code-analysis/quality-rules/ca1848) [/home/runner/work/trading-bot-c-/trading-bot-c-/src/BotCore/BotCore.csproj]
/home/runner/work/trading-bot-c-/trading-bot-c-/src/BotCore/Services/TradingSystemIntegrationService.cs(1693,17): error CA1848: For improved performance, use the LoggerMessage delegates instead of calling 'LoggerExtensions.LogError(ILogger, Exception?, string?, params object?[])' (https://learn.microsoft.com/dotnet/fundamentals/code-analysis/quality-rules/ca1848) [/home/runner/work/trading-bot-c-/trading-bot-c-/src/BotCore/BotCore.csproj]
/home/runner/work/trading-bot-c-/trading-bot-c-/src/BotCore/Services/TradingSystemIntegrationService.cs(1702,13): error CA1848: For improved performance, use the LoggerMessage delegates instead of calling 'LoggerExtensions.LogInformation(ILogger, string?, params object?[])' (https://learn.microsoft.com/dotnet/fundamentals/code-analysis/quality-rules/ca1848) [/home/runner/work/trading-bot-c-/trading-bot-c-/src/BotCore/BotCore.csproj]
/home/runner/work/trading-bot-c-/trading-bot-c-/src/BotCore/Services/TradingSystemIntegrationService.cs(1707,13): error CA1848: For improved performance, use the LoggerMessage delegates instead of calling 'LoggerExtensions.LogInformation(ILogger, string?, params object?[])' (https://learn.microsoft.com/dotnet/fundamentals/code-analysis/quality-rules/ca1848) [/home/runner/work/trading-bot-c-/trading-bot-c-/src/BotCore/BotCore.csproj]
/home/runner/work/trading-bot-c-/trading-bot-c-/src/BotCore/Services/TradingSystemIntegrationService.cs(1713,13): error CA1848: For improved performance, use the LoggerMessage delegates instead of calling 'LoggerExtensions.LogInformation(ILogger, string?, params object?[])' (https://learn.microsoft.com/dotnet/fundamentals/code-analysis/quality-rules/ca1848) [/home/runner/work/trading-bot-c-/trading-bot-c-/src/BotCore/BotCore.csproj]
/home/runner/work/trading-bot-c-/trading-bot-c-/src/BotCore/Services/TradingSystemIntegrationService.cs(1726,17): error CA1848: For improved performance, use the LoggerMessage delegates instead of calling 'LoggerExtensions.LogWarning(ILogger, string?, params object?[])' (https://learn.microsoft.com/dotnet/fundamentals/code-analysis/quality-rules/ca1848) [/home/runner/work/trading-bot-c-/trading-bot-c-/src/BotCore/BotCore.csproj]
/home/runner/work/trading-bot-c-/trading-bot-c-/src/BotCore/Services/TradingSystemIntegrationService.cs(1752,13): error CA1848: For improved performance, use the LoggerMessage delegates instead of calling 'LoggerExtensions.LogCritical(ILogger, string?, params object?[])' (https://learn.microsoft.com/dotnet/fundamentals/code-analysis/quality-rules/ca1848) [/home/runner/work/trading-bot-c-/trading-bot-c-/src/BotCore/BotCore.csproj]
/home/runner/work/trading-bot-c-/trading-bot-c-/src/BotCore/Services/TradingSystemIntegrationService.cs(1758,13): error CA1848: For improved performance, use the LoggerMessage delegates instead of calling 'LoggerExtensions.LogInformation(ILogger, string?, params object?[])' (https://learn.microsoft.com/dotnet/fundamentals/code-analysis/quality-rules/ca1848) [/home/runner/work/trading-bot-c-/trading-bot-c-/src/BotCore/BotCore.csproj]
/home/runner/work/trading-bot-c-/trading-bot-c-/src/BotCore/Services/TradingSystemIntegrationService.cs(1766,13): error CA1848: For improved performance, use the LoggerMessage delegates instead of calling 'LoggerExtensions.LogInformation(ILogger, string?, params object?[])' (https://learn.microsoft.com/dotnet/fundamentals/code-analysis/quality-rules/ca1848) [/home/runner/work/trading-bot-c-/trading-bot-c-/src/BotCore/BotCore.csproj]
/home/runner/work/trading-bot-c-/trading-bot-c-/src/BotCore/Services/TradingSystemIntegrationService.cs(1760,37): error CA1849: 'Timer.Dispose()' synchronously blocks. Await 'Timer.DisposeAsync()' instead. (https://learn.microsoft.com/dotnet/fundamentals/code-analysis/quality-rules/ca1849) [/home/runner/work/trading-bot-c-/trading-bot-c-/src/BotCore/BotCore.csproj]
/home/runner/work/trading-bot-c-/trading-bot-c-/src/BotCore/Services/TradingSystemIntegrationService.cs(1779,17): error CA1848: For improved performance, use the LoggerMessage delegates instead of calling 'LoggerExtensions.LogInformation(ILogger, string?, params object?[])' (https://learn.microsoft.com/dotnet/fundamentals/code-analysis/quality-rules/ca1848) [/home/runner/work/trading-bot-c-/trading-bot-c-/src/BotCore/BotCore.csproj]
/home/runner/work/trading-bot-c-/trading-bot-c-/src/BotCore/Services/TradingSystemIntegrationService.cs(1785,21): error CA1848: For improved performance, use the LoggerMessage delegates instead of calling 'LoggerExtensions.LogInformation(ILogger, string?, params object?[])' (https://learn.microsoft.com/dotnet/fundamentals/code-analysis/quality-rules/ca1848) [/home/runner/work/trading-bot-c-/trading-bot-c-/src/BotCore/BotCore.csproj]
/home/runner/work/trading-bot-c-/trading-bot-c-/src/BotCore/Services/TradingSystemIntegrationService.cs(1789,21): error CA1848: For improved performance, use the LoggerMessage delegates instead of calling 'LoggerExtensions.LogWarning(ILogger, string?, params object?[])' (https://learn.microsoft.com/dotnet/fundamentals/code-analysis/quality-rules/ca1848) [/home/runner/work/trading-bot-c-/trading-bot-c-/src/BotCore/BotCore.csproj]
/home/runner/work/trading-bot-c-/trading-bot-c-/src/BotCore/Services/TradingSystemIntegrationService.cs(1797,21): error CA1848: For improved performance, use the LoggerMessage delegates instead of calling 'LoggerExtensions.LogInformation(ILogger, string?, params object?[])' (https://learn.microsoft.com/dotnet/fundamentals/code-analysis/quality-rules/ca1848) [/home/runner/work/trading-bot-c-/trading-bot-c-/src/BotCore/BotCore.csproj]
/home/runner/work/trading-bot-c-/trading-bot-c-/src/BotCore/Services/TradingSystemIntegrationService.cs(1802,21): error CA1848: For improved performance, use the LoggerMessage delegates instead of calling 'LoggerExtensions.LogWarning(ILogger, string?, params object?[])' (https://learn.microsoft.com/dotnet/fundamentals/code-analysis/quality-rules/ca1848) [/home/runner/work/trading-bot-c-/trading-bot-c-/src/BotCore/BotCore.csproj]
/home/runner/work/trading-bot-c-/trading-bot-c-/src/BotCore/Services/TradingSystemIntegrationService.cs(1808,17): error CA1848: For improved performance, use the LoggerMessage delegates instead of calling 'LoggerExtensions.LogInformation(ILogger, string?, params object?[])' (https://learn.microsoft.com/dotnet/fundamentals/code-analysis/quality-rules/ca1848) [/home/runner/work/trading-bot-c-/trading-bot-c-/src/BotCore/BotCore.csproj]
/home/runner/work/trading-bot-c-/trading-bot-c-/src/BotCore/Services/TradingSystemIntegrationService.cs(1812,17): error CA1848: For improved performance, use the LoggerMessage delegates instead of calling 'LoggerExtensions.LogError(ILogger, Exception?, string?, params object?[])' (https://learn.microsoft.com/dotnet/fundamentals/code-analysis/quality-rules/ca1848) [/home/runner/work/trading-bot-c-/trading-bot-c-/src/BotCore/BotCore.csproj]
/home/runner/work/trading-bot-c-/trading-bot-c-/src/BotCore/Services/TradingSystemIntegrationService.cs(1817,17): error CA1848: For improved performance, use the LoggerMessage delegates instead of calling 'LoggerExtensions.LogError(ILogger, Exception?, string?, params object?[])' (https://learn.microsoft.com/dotnet/fundamentals/code-analysis/quality-rules/ca1848) [/home/runner/work/trading-bot-c-/trading-bot-c-/src/BotCore/BotCore.csproj]
/home/runner/work/trading-bot-c-/trading-bot-c-/src/BotCore/Services/TradingSystemIntegrationService.cs(1822,17): error CA1848: For improved performance, use the LoggerMessage delegates instead of calling 'LoggerExtensions.LogError(ILogger, Exception?, string?, params object?[])' (https://learn.microsoft.com/dotnet/fundamentals/code-analysis/quality-rules/ca1848) [/home/runner/work/trading-bot-c-/trading-bot-c-/src/BotCore/BotCore.csproj]
/home/runner/work/trading-bot-c-/trading-bot-c-/src/BotCore/Services/TradingSystemIntegrationService.cs(1841,21): error CA1848: For improved performance, use the LoggerMessage delegates instead of calling 'LoggerExtensions.LogInformation(ILogger, string?, params object?[])' (https://learn.microsoft.com/dotnet/fundamentals/code-analysis/quality-rules/ca1848) [/home/runner/work/trading-bot-c-/trading-bot-c-/src/BotCore/BotCore.csproj]
/home/runner/work/trading-bot-c-/trading-bot-c-/src/BotCore/Services/TradingSystemIntegrationService.cs(1850,21): error CA1848: For improved performance, use the LoggerMessage delegates instead of calling 'LoggerExtensions.LogInformation(ILogger, string?, params object?[])' (https://learn.microsoft.com/dotnet/fundamentals/code-analysis/quality-rules/ca1848) [/home/runner/work/trading-bot-c-/trading-bot-c-/src/BotCore/BotCore.csproj]
/home/runner/work/trading-bot-c-/trading-bot-c-/src/BotCore/Services/TradingSystemIntegrationService.cs(1858,21): error CA1848: For improved performance, use the LoggerMessage delegates instead of calling 'LoggerExtensions.LogDebug(ILogger, string?, params object?[])' (https://learn.microsoft.com/dotnet/fundamentals/code-analysis/quality-rules/ca1848) [/home/runner/work/trading-bot-c-/trading-bot-c-/src/BotCore/BotCore.csproj]
/home/runner/work/trading-bot-c-/trading-bot-c-/src/BotCore/Services/TradingSystemIntegrationService.cs(1864,25): error CA1848: For improved performance, use the LoggerMessage delegates instead of calling 'LoggerExtensions.LogInformation(ILogger, string?, params object?[])' (https://learn.microsoft.com/dotnet/fundamentals/code-analysis/quality-rules/ca1848) [/home/runner/work/trading-bot-c-/trading-bot-c-/src/BotCore/BotCore.csproj]
/home/runner/work/trading-bot-c-/trading-bot-c-/src/BotCore/Services/TradingSystemIntegrationService.cs(1877,13): error CA1848: For improved performance, use the LoggerMessage delegates instead of calling 'LoggerExtensions.LogTrace(ILogger, string?, params object?[])' (https://learn.microsoft.com/dotnet/fundamentals/code-analysis/quality-rules/ca1848) [/home/runner/work/trading-bot-c-/trading-bot-c-/src/BotCore/BotCore.csproj]
/home/runner/work/trading-bot-c-/trading-bot-c-/src/BotCore/Services/TradingSystemIntegrationService.cs(1896,30): error CA1826: Do not use Enumerable methods on indexable collections. Instead use the collection directly. (https://learn.microsoft.com/dotnet/fundamentals/code-analysis/quality-rules/ca1826) [/home/runner/work/trading-bot-c-/trading-bot-c-/src/BotCore/BotCore.csproj]
/home/runner/work/trading-bot-c-/trading-bot-c-/src/BotCore/Services/SuppressionLedgerService.cs(285,21): error CA1848: For improved performance, use the LoggerMessage delegates instead of calling 'LoggerExtensions.LogInformation(ILogger, string?, params object?[])' (https://learn.microsoft.com/dotnet/fundamentals/code-analysis/quality-rules/ca1848) [/home/runner/work/trading-bot-c-/trading-bot-c-/src/BotCore/BotCore.csproj]
/home/runner/work/trading-bot-c-/trading-bot-c-/src/BotCore/Services/SuppressionLedgerService.cs(289,21): error CA1848: For improved performance, use the LoggerMessage delegates instead of calling 'LoggerExtensions.LogWarning(ILogger, string?, params object?[])' (https://learn.microsoft.com/dotnet/fundamentals/code-analysis/quality-rules/ca1848) [/home/runner/work/trading-bot-c-/trading-bot-c-/src/BotCore/BotCore.csproj]
/home/runner/work/trading-bot-c-/trading-bot-c-/src/BotCore/Services/SuppressionLedgerService.cs(295,17): error CA1848: For improved performance, use the LoggerMessage delegates instead of calling 'LoggerExtensions.LogError(ILogger, Exception?, string?, params object?[])' (https://learn.microsoft.com/dotnet/fundamentals/code-analysis/quality-rules/ca1848) [/home/runner/work/trading-bot-c-/trading-bot-c-/src/BotCore/BotCore.csproj]
/home/runner/work/trading-bot-c-/trading-bot-c-/src/BotCore/Services/SuppressionLedgerService.cs(301,17): error CA1848: For improved performance, use the LoggerMessage delegates instead of calling 'LoggerExtensions.LogError(ILogger, Exception?, string?, params object?[])' (https://learn.microsoft.com/dotnet/fundamentals/code-analysis/quality-rules/ca1848) [/home/runner/work/trading-bot-c-/trading-bot-c-/src/BotCore/BotCore.csproj]
/home/runner/work/trading-bot-c-/trading-bot-c-/src/BotCore/Services/SuppressionLedgerService.cs(307,17): error CA1848: For improved performance, use the LoggerMessage delegates instead of calling 'LoggerExtensions.LogError(ILogger, Exception?, string?, params object?[])' (https://learn.microsoft.com/dotnet/fundamentals/code-analysis/quality-rules/ca1848) [/home/runner/work/trading-bot-c-/trading-bot-c-/src/BotCore/BotCore.csproj]
/home/runner/work/trading-bot-c-/trading-bot-c-/src/BotCore/Services/SuppressionLedgerService.cs(336,25): error CA1307: 'string.IndexOf(char)' has a method overload that takes a 'StringComparison' parameter. Replace this call in 'TradingBot.BotCore.Services.SuppressionLedgerService.ExtractRuleFromSuppressMessage(string)' with a call to 'string.IndexOf(char, System.StringComparison)' for clarity of intent. (https://learn.microsoft.com/dotnet/fundamentals/code-analysis/quality-rules/ca1307) [/home/runner/work/trading-bot-c-/trading-bot-c-/src/BotCore/BotCore.csproj]
/home/runner/work/trading-bot-c-/trading-bot-c-/src/BotCore/Services/SuppressionLedgerService.cs(366,17): error CA1848: For improved performance, use the LoggerMessage delegates instead of calling 'LoggerExtensions.LogError(ILogger, Exception?, string?, params object?[])' (https://learn.microsoft.com/dotnet/fundamentals/code-analysis/quality-rules/ca1848) [/home/runner/work/trading-bot-c-/trading-bot-c-/src/BotCore/BotCore.csproj]
/home/runner/work/trading-bot-c-/trading-bot-c-/src/BotCore/Services/SuppressionLedgerService.cs(370,17): error CA1848: For improved performance, use the LoggerMessage delegates instead of calling 'LoggerExtensions.LogError(ILogger, Exception?, string?, params object?[])' (https://learn.microsoft.com/dotnet/fundamentals/code-analysis/quality-rules/ca1848) [/home/runner/work/trading-bot-c-/trading-bot-c-/src/BotCore/BotCore.csproj]
/home/runner/work/trading-bot-c-/trading-bot-c-/src/BotCore/Services/SuppressionLedgerService.cs(374,17): error CA1848: For improved performance, use the LoggerMessage delegates instead of calling 'LoggerExtensions.LogError(ILogger, Exception?, string?, params object?[])' (https://learn.microsoft.com/dotnet/fundamentals/code-analysis/quality-rules/ca1848) [/home/runner/work/trading-bot-c-/trading-bot-c-/src/BotCore/BotCore.csproj]
/home/runner/work/trading-bot-c-/trading-bot-c-/src/BotCore/Services/SuppressionLedgerService.cs(388,17): error CA1848: For improved performance, use the LoggerMessage delegates instead of calling 'LoggerExtensions.LogError(ILogger, Exception?, string?, params object?[])' (https://learn.microsoft.com/dotnet/fundamentals/code-analysis/quality-rules/ca1848) [/home/runner/work/trading-bot-c-/trading-bot-c-/src/BotCore/BotCore.csproj]
/home/runner/work/trading-bot-c-/trading-bot-c-/src/BotCore/Services/SuppressionLedgerService.cs(392,17): error CA1848: For improved performance, use the LoggerMessage delegates instead of calling 'LoggerExtensions.LogError(ILogger, Exception?, string?, params object?[])' (https://learn.microsoft.com/dotnet/fundamentals/code-analysis/quality-rules/ca1848) [/home/runner/work/trading-bot-c-/trading-bot-c-/src/BotCore/BotCore.csproj]
/home/runner/work/trading-bot-c-/trading-bot-c-/src/BotCore/Services/SuppressionLedgerService.cs(396,17): error CA1848: For improved performance, use the LoggerMessage delegates instead of calling 'LoggerExtensions.LogError(ILogger, Exception?, string?, params object?[])' (https://learn.microsoft.com/dotnet/fundamentals/code-analysis/quality-rules/ca1848) [/home/runner/work/trading-bot-c-/trading-bot-c-/src/BotCore/BotCore.csproj]
/home/runner/work/trading-bot-c-/trading-bot-c-/src/BotCore/Services/TradingSystemIntegrationService.cs(1904,43): error S1541: The Cyclomatic Complexity of this method is 15 which is greater than 10 authorized. (https://rules.sonarsource.com/csharp/RSPEC-1541) [/home/runner/work/trading-bot-c-/trading-bot-c-/src/BotCore/BotCore.csproj]
/home/runner/work/trading-bot-c-/trading-bot-c-/src/BotCore/Services/TradingSystemIntegrationService.cs(1904,43): error S138: This method 'ValidateProgressiveReadiness' has 84 lines, which is greater than the 80 lines authorized. Split it into smaller methods. (https://rules.sonarsource.com/csharp/RSPEC-138) [/home/runner/work/trading-bot-c-/trading-bot-c-/src/BotCore/BotCore.csproj]
/home/runner/work/trading-bot-c-/trading-bot-c-/src/BotCore/Services/SuppressionLedgerService.cs(421,17): error CA1848: For improved performance, use the LoggerMessage delegates instead of calling 'LoggerExtensions.LogWarning(ILogger, string?, params object?[])' (https://learn.microsoft.com/dotnet/fundamentals/code-analysis/quality-rules/ca1848) [/home/runner/work/trading-bot-c-/trading-bot-c-/src/BotCore/BotCore.csproj]
/home/runner/work/trading-bot-c-/trading-bot-c-/src/BotCore/Services/SuppressionLedgerService.cs(425,17): error CA1848: For improved performance, use the LoggerMessage delegates instead of calling 'LoggerExtensions.LogError(ILogger, Exception?, string?, params object?[])' (https://learn.microsoft.com/dotnet/fundamentals/code-analysis/quality-rules/ca1848) [/home/runner/work/trading-bot-c-/trading-bot-c-/src/BotCore/BotCore.csproj]
/home/runner/work/trading-bot-c-/trading-bot-c-/src/BotCore/Services/SuppressionLedgerService.cs(429,17): error CA1848: For improved performance, use the LoggerMessage delegates instead of calling 'LoggerExtensions.LogError(ILogger, Exception?, string?, params object?[])' (https://learn.microsoft.com/dotnet/fundamentals/code-analysis/quality-rules/ca1848) [/home/runner/work/trading-bot-c-/trading-bot-c-/src/BotCore/BotCore.csproj]
/home/runner/work/trading-bot-c-/trading-bot-c-/src/BotCore/Services/SuppressionLedgerService.cs(433,17): error CA1848: For improved performance, use the LoggerMessage delegates instead of calling 'LoggerExtensions.LogError(ILogger, Exception?, string?, params object?[])' (https://learn.microsoft.com/dotnet/fundamentals/code-analysis/quality-rules/ca1848) [/home/runner/work/trading-bot-c-/trading-bot-c-/src/BotCore/BotCore.csproj]
/home/runner/work/trading-bot-c-/trading-bot-c-/src/BotCore/Services/SuppressionLedgerService.cs(437,17): error CA1848: For improved performance, use the LoggerMessage delegates instead of calling 'LoggerExtensions.LogError(ILogger, Exception?, string?, params object?[])' (https://learn.microsoft.com/dotnet/fundamentals/code-analysis/quality-rules/ca1848) [/home/runner/work/trading-bot-c-/trading-bot-c-/src/BotCore/BotCore.csproj]
/home/runner/work/trading-bot-c-/trading-bot-c-/src/BotCore/Bandits/NeuralUcbBandit.cs(398,31): error CA1303: Method 'Task NeuralUcbArm.RetrainNetworkAsync(CancellationToken ct)' passes a literal string as parameter 'value' of a call to 'void Console.WriteLine(string? value)'. Retrieve the following string(s) from a resource table instead: "[NEURAL-UCB] Retraining completed". (https://learn.microsoft.com/dotnet/fundamentals/code-analysis/quality-rules/ca1303) [/home/runner/work/trading-bot-c-/trading-bot-c-/src/BotCore/BotCore.csproj]
/home/runner/work/trading-bot-c-/trading-bot-c-/src/BotCore/Services/StateDurabilityService.cs(32,13): error CA1848: For improved performance, use the LoggerMessage delegates instead of calling 'LoggerExtensions.LogInformation(ILogger, string?, params object?[])' (https://learn.microsoft.com/dotnet/fundamentals/code-analysis/quality-rules/ca1848) [/home/runner/work/trading-bot-c-/trading-bot-c-/src/BotCore/BotCore.csproj]
/home/runner/work/trading-bot-c-/trading-bot-c-/src/BotCore/Services/StateDurabilityService.cs(51,21): error CA1848: For improved performance, use the LoggerMessage delegates instead of calling 'LoggerExtensions.LogError(ILogger, Exception?, string?, params object?[])' (https://learn.microsoft.com/dotnet/fundamentals/code-analysis/quality-rules/ca1848) [/home/runner/work/trading-bot-c-/trading-bot-c-/src/BotCore/BotCore.csproj]
/home/runner/work/trading-bot-c-/trading-bot-c-/src/BotCore/Services/StateDurabilityService.cs(56,21): error CA1848: For improved performance, use the LoggerMessage delegates instead of calling 'LoggerExtensions.LogError(ILogger, Exception?, string?, params object?[])' (https://learn.microsoft.com/dotnet/fundamentals/code-analysis/quality-rules/ca1848) [/home/runner/work/trading-bot-c-/trading-bot-c-/src/BotCore/BotCore.csproj]
/home/runner/work/trading-bot-c-/trading-bot-c-/src/BotCore/Services/StateDurabilityService.cs(61,21): error CA1848: For improved performance, use the LoggerMessage delegates instead of calling 'LoggerExtensions.LogError(ILogger, Exception?, string?, params object?[])' (https://learn.microsoft.com/dotnet/fundamentals/code-analysis/quality-rules/ca1848) [/home/runner/work/trading-bot-c-/trading-bot-c-/src/BotCore/BotCore.csproj]
/home/runner/work/trading-bot-c-/trading-bot-c-/src/BotCore/Services/StateDurabilityService.cs(66,21): error CA1848: For improved performance, use the LoggerMessage delegates instead of calling 'LoggerExtensions.LogError(ILogger, Exception?, string?, params object?[])' (https://learn.microsoft.com/dotnet/fundamentals/code-analysis/quality-rules/ca1848) [/home/runner/work/trading-bot-c-/trading-bot-c-/src/BotCore/BotCore.csproj]
/home/runner/work/trading-bot-c-/trading-bot-c-/src/BotCore/Services/StateDurabilityService.cs(72,13): error CA1848: For improved performance, use the LoggerMessage delegates instead of calling 'LoggerExtensions.LogInformation(ILogger, string?, params object?[])' (https://learn.microsoft.com/dotnet/fundamentals/code-analysis/quality-rules/ca1848) [/home/runner/work/trading-bot-c-/trading-bot-c-/src/BotCore/BotCore.csproj]
/home/runner/work/trading-bot-c-/trading-bot-c-/src/BotCore/Services/PositionTrackingSystem.cs(39,13): error CA1848: For improved performance, use the LoggerMessage delegates instead of calling 'LoggerExtensions.LogInformation(ILogger, string?, params object?[])' (https://learn.microsoft.com/dotnet/fundamentals/code-analysis/quality-rules/ca1848) [/home/runner/work/trading-bot-c-/trading-bot-c-/src/BotCore/BotCore.csproj]
/home/runner/work/trading-bot-c-/trading-bot-c-/src/BotCore/Services/StateDurabilityService.cs(85,17): error CA1848: For improved performance, use the LoggerMessage delegates instead of calling 'LoggerExtensions.LogInformation(ILogger, string?, params object?[])' (https://learn.microsoft.com/dotnet/fundamentals/code-analysis/quality-rules/ca1848) [/home/runner/work/trading-bot-c-/trading-bot-c-/src/BotCore/BotCore.csproj]
/home/runner/work/trading-bot-c-/trading-bot-c-/src/BotCore/Services/StateDurabilityService.cs(101,17): error CA1848: For improved performance, use the LoggerMessage delegates instead of calling 'LoggerExtensions.LogInformation(ILogger, string?, params object?[])' (https://learn.microsoft.com/dotnet/fundamentals/code-analysis/quality-rules/ca1848) [/home/runner/work/trading-bot-c-/trading-bot-c-/src/BotCore/BotCore.csproj]
/home/runner/work/trading-bot-c-/trading-bot-c-/src/BotCore/Services/StateDurabilityService.cs(107,17): error CA1848: For improved performance, use the LoggerMessage delegates instead of calling 'LoggerExtensions.LogError(ILogger, Exception?, string?, params object?[])' (https://learn.microsoft.com/dotnet/fundamentals/code-analysis/quality-rules/ca1848) [/home/runner/work/trading-bot-c-/trading-bot-c-/src/BotCore/BotCore.csproj]
/home/runner/work/trading-bot-c-/trading-bot-c-/src/BotCore/Services/StateDurabilityService.cs(112,17): error CA1848: For improved performance, use the LoggerMessage delegates instead of calling 'LoggerExtensions.LogError(ILogger, Exception?, string?, params object?[])' (https://learn.microsoft.com/dotnet/fundamentals/code-analysis/quality-rules/ca1848) [/home/runner/work/trading-bot-c-/trading-bot-c-/src/BotCore/BotCore.csproj]
/home/runner/work/trading-bot-c-/trading-bot-c-/src/BotCore/Services/StateDurabilityService.cs(117,17): error CA1848: For improved performance, use the LoggerMessage delegates instead of calling 'LoggerExtensions.LogError(ILogger, Exception?, string?, params object?[])' (https://learn.microsoft.com/dotnet/fundamentals/code-analysis/quality-rules/ca1848) [/home/runner/work/trading-bot-c-/trading-bot-c-/src/BotCore/BotCore.csproj]
/home/runner/work/trading-bot-c-/trading-bot-c-/src/BotCore/Services/StateDurabilityService.cs(122,17): error CA1848: For improved performance, use the LoggerMessage delegates instead of calling 'LoggerExtensions.LogError(ILogger, Exception?, string?, params object?[])' (https://learn.microsoft.com/dotnet/fundamentals/code-analysis/quality-rules/ca1848) [/home/runner/work/trading-bot-c-/trading-bot-c-/src/BotCore/BotCore.csproj]
/home/runner/work/trading-bot-c-/trading-bot-c-/src/BotCore/Services/PositionTrackingSystem.cs(83,17): error CA1848: For improved performance, use the LoggerMessage delegates instead of calling 'LoggerExtensions.LogInformation(ILogger, string?, params object?[])' (https://learn.microsoft.com/dotnet/fundamentals/code-analysis/quality-rules/ca1848) [/home/runner/work/trading-bot-c-/trading-bot-c-/src/BotCore/BotCore.csproj]
/home/runner/work/trading-bot-c-/trading-bot-c-/src/BotCore/Services/PositionTrackingSystem.cs(101,17): error CA1848: For improved performance, use the LoggerMessage delegates instead of calling 'LoggerExtensions.LogError(ILogger, Exception?, string?, params object?[])' (https://learn.microsoft.com/dotnet/fundamentals/code-analysis/quality-rules/ca1848) [/home/runner/work/trading-bot-c-/trading-bot-c-/src/BotCore/BotCore.csproj]
/home/runner/work/trading-bot-c-/trading-bot-c-/src/BotCore/Services/PositionTrackingSystem.cs(105,17): error CA1848: For improved performance, use the LoggerMessage delegates instead of calling 'LoggerExtensions.LogError(ILogger, Exception?, string?, params object?[])' (https://learn.microsoft.com/dotnet/fundamentals/code-analysis/quality-rules/ca1848) [/home/runner/work/trading-bot-c-/trading-bot-c-/src/BotCore/BotCore.csproj]
/home/runner/work/trading-bot-c-/trading-bot-c-/src/BotCore/Services/PositionTrackingSystem.cs(109,17): error CA1848: For improved performance, use the LoggerMessage delegates instead of calling 'LoggerExtensions.LogError(ILogger, Exception?, string?, params object?[])' (https://learn.microsoft.com/dotnet/fundamentals/code-analysis/quality-rules/ca1848) [/home/runner/work/trading-bot-c-/trading-bot-c-/src/BotCore/BotCore.csproj]
/home/runner/work/trading-bot-c-/trading-bot-c-/src/BotCore/Services/StateDurabilityService.cs(136,21): error CA1848: For improved performance, use the LoggerMessage delegates instead of calling 'LoggerExtensions.LogWarning(ILogger, string?, params object?[])' (https://learn.microsoft.com/dotnet/fundamentals/code-analysis/quality-rules/ca1848) [/home/runner/work/trading-bot-c-/trading-bot-c-/src/BotCore/BotCore.csproj]
/home/runner/work/trading-bot-c-/trading-bot-c-/src/BotCore/Services/StateDurabilityService.cs(159,25): error CA1848: For improved performance, use the LoggerMessage delegates instead of calling 'LoggerExtensions.LogInformation(ILogger, string?, params object?[])' (https://learn.microsoft.com/dotnet/fundamentals/code-analysis/quality-rules/ca1848) [/home/runner/work/trading-bot-c-/trading-bot-c-/src/BotCore/BotCore.csproj]
/home/runner/work/trading-bot-c-/trading-bot-c-/src/BotCore/Services/StateDurabilityService.cs(165,21): error CA1848: For improved performance, use the LoggerMessage delegates instead of calling 'LoggerExtensions.LogInformation(ILogger, string?, params object?[])' (https://learn.microsoft.com/dotnet/fundamentals/code-analysis/quality-rules/ca1848) [/home/runner/work/trading-bot-c-/trading-bot-c-/src/BotCore/BotCore.csproj]
/home/runner/work/trading-bot-c-/trading-bot-c-/src/BotCore/Services/StateDurabilityService.cs(169,21): error CA1848: For improved performance, use the LoggerMessage delegates instead of calling 'LoggerExtensions.LogError(ILogger, Exception?, string?, params object?[])' (https://learn.microsoft.com/dotnet/fundamentals/code-analysis/quality-rules/ca1848) [/home/runner/work/trading-bot-c-/trading-bot-c-/src/BotCore/BotCore.csproj]
/home/runner/work/trading-bot-c-/trading-bot-c-/src/BotCore/Services/PositionTrackingSystem.cs(149,13): error CA1848: For improved performance, use the LoggerMessage delegates instead of calling 'LoggerExtensions.LogDebug(ILogger, string?, params object?[])' (https://learn.microsoft.com/dotnet/fundamentals/code-analysis/quality-rules/ca1848) [/home/runner/work/trading-bot-c-/trading-bot-c-/src/BotCore/BotCore.csproj]
/home/runner/work/trading-bot-c-/trading-bot-c-/src/BotCore/Services/StateDurabilityService.cs(194,17): error CA1848: For improved performance, use the LoggerMessage delegates instead of calling 'LoggerExtensions.LogWarning(ILogger, Exception?, string?, params object?[])' (https://learn.microsoft.com/dotnet/fundamentals/code-analysis/quality-rules/ca1848) [/home/runner/work/trading-bot-c-/trading-bot-c-/src/BotCore/BotCore.csproj]
/home/runner/work/trading-bot-c-/trading-bot-c-/src/BotCore/Services/StateDurabilityService.cs(199,17): error CA1848: For improved performance, use the LoggerMessage delegates instead of calling 'LoggerExtensions.LogError(ILogger, Exception?, string?, params object?[])' (https://learn.microsoft.com/dotnet/fundamentals/code-analysis/quality-rules/ca1848) [/home/runner/work/trading-bot-c-/trading-bot-c-/src/BotCore/BotCore.csproj]
/home/runner/work/trading-bot-c-/trading-bot-c-/src/BotCore/Services/StateDurabilityService.cs(204,17): error CA1848: For improved performance, use the LoggerMessage delegates instead of calling 'LoggerExtensions.LogError(ILogger, Exception?, string?, params object?[])' (https://learn.microsoft.com/dotnet/fundamentals/code-analysis/quality-rules/ca1848) [/home/runner/work/trading-bot-c-/trading-bot-c-/src/BotCore/BotCore.csproj]
/home/runner/work/trading-bot-c-/trading-bot-c-/src/BotCore/Services/StateDurabilityService.cs(209,17): error CA1848: For improved performance, use the LoggerMessage delegates instead of calling 'LoggerExtensions.LogError(ILogger, Exception?, string?, params object?[])' (https://learn.microsoft.com/dotnet/fundamentals/code-analysis/quality-rules/ca1848) [/home/runner/work/trading-bot-c-/trading-bot-c-/src/BotCore/BotCore.csproj]
/home/runner/work/trading-bot-c-/trading-bot-c-/src/BotCore/Services/PositionTrackingSystem.cs(207,17): error CA1848: For improved performance, use the LoggerMessage delegates instead of calling 'LoggerExtensions.LogCritical(ILogger, string?, params object?[])' (https://learn.microsoft.com/dotnet/fundamentals/code-analysis/quality-rules/ca1848) [/home/runner/work/trading-bot-c-/trading-bot-c-/src/BotCore/BotCore.csproj]
/home/runner/work/trading-bot-c-/trading-bot-c-/src/BotCore/Services/StateDurabilityService.cs(218,17): error CA1848: For improved performance, use the LoggerMessage delegates instead of calling 'LoggerExtensions.LogWarning(ILogger, string?, params object?[])' (https://learn.microsoft.com/dotnet/fundamentals/code-analysis/quality-rules/ca1848) [/home/runner/work/trading-bot-c-/trading-bot-c-/src/BotCore/BotCore.csproj]
/home/runner/work/trading-bot-c-/trading-bot-c-/src/BotCore/Services/StateDurabilityService.cs(230,13): error CA1848: For improved performance, use the LoggerMessage delegates instead of calling 'LoggerExtensions.LogInformation(ILogger, string?, params object?[])' (https://learn.microsoft.com/dotnet/fundamentals/code-analysis/quality-rules/ca1848) [/home/runner/work/trading-bot-c-/trading-bot-c-/src/BotCore/BotCore.csproj]
/home/runner/work/trading-bot-c-/trading-bot-c-/src/BotCore/Services/StateDurabilityService.cs(236,17): error CA1848: For improved performance, use the LoggerMessage delegates instead of calling 'LoggerExtensions.LogInformation(ILogger, string?, params object?[])' (https://learn.microsoft.com/dotnet/fundamentals/code-analysis/quality-rules/ca1848) [/home/runner/work/trading-bot-c-/trading-bot-c-/src/BotCore/BotCore.csproj]
/home/runner/work/trading-bot-c-/trading-bot-c-/src/BotCore/Services/StateDurabilityService.cs(240,17): error CA1848: For improved performance, use the LoggerMessage delegates instead of calling 'LoggerExtensions.LogError(ILogger, Exception?, string?, params object?[])' (https://learn.microsoft.com/dotnet/fundamentals/code-analysis/quality-rules/ca1848) [/home/runner/work/trading-bot-c-/trading-bot-c-/src/BotCore/BotCore.csproj]
/home/runner/work/trading-bot-c-/trading-bot-c-/src/BotCore/Services/StateDurabilityService.cs(259,25): error CA1848: For improved performance, use the LoggerMessage delegates instead of calling 'LoggerExtensions.LogInformation(ILogger, string?, params object?[])' (https://learn.microsoft.com/dotnet/fundamentals/code-analysis/quality-rules/ca1848) [/home/runner/work/trading-bot-c-/trading-bot-c-/src/BotCore/BotCore.csproj]
/home/runner/work/trading-bot-c-/trading-bot-c-/src/BotCore/Services/StateDurabilityService.cs(265,17): error CA1848: For improved performance, use the LoggerMessage delegates instead of calling 'LoggerExtensions.LogError(ILogger, Exception?, string?, params object?[])' (https://learn.microsoft.com/dotnet/fundamentals/code-analysis/quality-rules/ca1848) [/home/runner/work/trading-bot-c-/trading-bot-c-/src/BotCore/BotCore.csproj]
/home/runner/work/trading-bot-c-/trading-bot-c-/src/BotCore/Services/StateDurabilityService.cs(269,17): error CA1848: For improved performance, use the LoggerMessage delegates instead of calling 'LoggerExtensions.LogError(ILogger, Exception?, string?, params object?[])' (https://learn.microsoft.com/dotnet/fundamentals/code-analysis/quality-rules/ca1848) [/home/runner/work/trading-bot-c-/trading-bot-c-/src/BotCore/BotCore.csproj]
/home/runner/work/trading-bot-c-/trading-bot-c-/src/BotCore/Services/StateDurabilityService.cs(273,17): error CA1848: For improved performance, use the LoggerMessage delegates instead of calling 'LoggerExtensions.LogError(ILogger, Exception?, string?, params object?[])' (https://learn.microsoft.com/dotnet/fundamentals/code-analysis/quality-rules/ca1848) [/home/runner/work/trading-bot-c-/trading-bot-c-/src/BotCore/BotCore.csproj]
/home/runner/work/trading-bot-c-/trading-bot-c-/src/BotCore/Services/StateDurabilityService.cs(285,17): error CA1848: For improved performance, use the LoggerMessage delegates instead of calling 'LoggerExtensions.LogCritical(ILogger, string?, params object?[])' (https://learn.microsoft.com/dotnet/fundamentals/code-analysis/quality-rules/ca1848) [/home/runner/work/trading-bot-c-/trading-bot-c-/src/BotCore/BotCore.csproj]
/home/runner/work/trading-bot-c-/trading-bot-c-/src/BotCore/Services/StateDurabilityService.cs(289,17): error CA1848: For improved performance, use the LoggerMessage delegates instead of calling 'LoggerExtensions.LogError(ILogger, Exception?, string?, params object?[])' (https://learn.microsoft.com/dotnet/fundamentals/code-analysis/quality-rules/ca1848) [/home/runner/work/trading-bot-c-/trading-bot-c-/src/BotCore/BotCore.csproj]
/home/runner/work/trading-bot-c-/trading-bot-c-/src/BotCore/Services/StateDurabilityService.cs(293,17): error CA1848: For improved performance, use the LoggerMessage delegates instead of calling 'LoggerExtensions.LogError(ILogger, Exception?, string?, params object?[])' (https://learn.microsoft.com/dotnet/fundamentals/code-analysis/quality-rules/ca1848) [/home/runner/work/trading-bot-c-/trading-bot-c-/src/BotCore/BotCore.csproj]
/home/runner/work/trading-bot-c-/trading-bot-c-/src/BotCore/Bandits/LinUcbBandit.cs(569,22): error CA1002: Change 'List<string>' in 'IFunctionApproximationBandit.SelectArmAsync(List<string>, ContextVector, [CancellationToken])' to use 'Collection<T>', 'ReadOnlyCollection<T>' or 'KeyedCollection<K,V>' (https://learn.microsoft.com/dotnet/fundamentals/code-analysis/quality-rules/ca1002) [/home/runner/work/trading-bot-c-/trading-bot-c-/src/BotCore/BotCore.csproj]
/home/runner/work/trading-bot-c-/trading-bot-c-/src/BotCore/Services/PositionTrackingSystem.cs(248,17): error CA1848: For improved performance, use the LoggerMessage delegates instead of calling 'LoggerExtensions.LogCritical(ILogger, string?, params object?[])' (https://learn.microsoft.com/dotnet/fundamentals/code-analysis/quality-rules/ca1848) [/home/runner/work/trading-bot-c-/trading-bot-c-/src/BotCore/BotCore.csproj]
/home/runner/work/trading-bot-c-/trading-bot-c-/src/BotCore/Services/TradingSystemIntegrationService.cs(106,37): error CA2213: 'TradingSystemIntegrationService' contains field '_riskEngine' that is of IDisposable type 'RiskEngine', but it is never disposed. Change the Dispose method on 'TradingSystemIntegrationService' to call Close or Dispose on this field. (https://learn.microsoft.com/dotnet/fundamentals/code-analysis/quality-rules/ca2213) [/home/runner/work/trading-bot-c-/trading-bot-c-/src/BotCore/BotCore.csproj]
/home/runner/work/trading-bot-c-/trading-bot-c-/src/BotCore/Services/TradingSystemIntegrationService.cs(40,46): error CA2213: 'TradingSystemIntegrationService' contains field '_orderConfirmation' that is of IDisposable type 'OrderFillConfirmationSystem?', but it is never disposed. Change the Dispose method on 'TradingSystemIntegrationService' to call Close or Dispose on this field. (https://learn.microsoft.com/dotnet/fundamentals/code-analysis/quality-rules/ca2213) [/home/runner/work/trading-bot-c-/trading-bot-c-/src/BotCore/BotCore.csproj]
/home/runner/work/trading-bot-c-/trading-bot-c-/src/BotCore/Services/TradingSystemIntegrationService.cs(109,32): error CA2213: 'TradingSystemIntegrationService' contains field '_tradingEvaluationTimer' that is of IDisposable type 'Timer', but it is never disposed. Change the Dispose method on 'TradingSystemIntegrationService' to call Close or Dispose on this field. (https://learn.microsoft.com/dotnet/fundamentals/code-analysis/quality-rules/ca2213) [/home/runner/work/trading-bot-c-/trading-bot-c-/src/BotCore/BotCore.csproj]
/home/runner/work/trading-bot-c-/trading-bot-c-/src/BotCore/Services/PositionTrackingSystem.cs(259,17): error CA1848: For improved performance, use the LoggerMessage delegates instead of calling 'LoggerExtensions.LogDebug(ILogger, string?, params object?[])' (https://learn.microsoft.com/dotnet/fundamentals/code-analysis/quality-rules/ca1848) [/home/runner/work/trading-bot-c-/trading-bot-c-/src/BotCore/BotCore.csproj]
/home/runner/work/trading-bot-c-/trading-bot-c-/src/BotCore/Services/PositionTrackingSystem.cs(268,21): error CA1848: For improved performance, use the LoggerMessage delegates instead of calling 'LoggerExtensions.LogWarning(ILogger, string?, params object?[])' (https://learn.microsoft.com/dotnet/fundamentals/code-analysis/quality-rules/ca1848) [/home/runner/work/trading-bot-c-/trading-bot-c-/src/BotCore/BotCore.csproj]
/home/runner/work/trading-bot-c-/trading-bot-c-/src/BotCore/Services/PositionTrackingSystem.cs(274,21): error CA1848: For improved performance, use the LoggerMessage delegates instead of calling 'LoggerExtensions.LogInformation(ILogger, string?, params object?[])' (https://learn.microsoft.com/dotnet/fundamentals/code-analysis/quality-rules/ca1848) [/home/runner/work/trading-bot-c-/trading-bot-c-/src/BotCore/BotCore.csproj]
/home/runner/work/trading-bot-c-/trading-bot-c-/src/BotCore/Services/PositionTrackingSystem.cs(280,17): error CA1848: For improved performance, use the LoggerMessage delegates instead of calling 'LoggerExtensions.LogError(ILogger, Exception?, string?, params object?[])' (https://learn.microsoft.com/dotnet/fundamentals/code-analysis/quality-rules/ca1848) [/home/runner/work/trading-bot-c-/trading-bot-c-/src/BotCore/BotCore.csproj]
/home/runner/work/trading-bot-c-/trading-bot-c-/src/BotCore/Services/PositionTrackingSystem.cs(284,17): error CA1848: For improved performance, use the LoggerMessage delegates instead of calling 'LoggerExtensions.LogError(ILogger, Exception?, string?, params object?[])' (https://learn.microsoft.com/dotnet/fundamentals/code-analysis/quality-rules/ca1848) [/home/runner/work/trading-bot-c-/trading-bot-c-/src/BotCore/BotCore.csproj]
/home/runner/work/trading-bot-c-/trading-bot-c-/src/BotCore/Services/PositionTrackingSystem.cs(288,17): error CA1848: For improved performance, use the LoggerMessage delegates instead of calling 'LoggerExtensions.LogError(ILogger, Exception?, string?, params object?[])' (https://learn.microsoft.com/dotnet/fundamentals/code-analysis/quality-rules/ca1848) [/home/runner/work/trading-bot-c-/trading-bot-c-/src/BotCore/BotCore.csproj]
/home/runner/work/trading-bot-c-/trading-bot-c-/src/BotCore/Services/SecretsValidationService.cs(48,13): error CA1848: For improved performance, use the LoggerMessage delegates instead of calling 'LoggerExtensions.LogInformation(ILogger, string?, params object?[])' (https://learn.microsoft.com/dotnet/fundamentals/code-analysis/quality-rules/ca1848) [/home/runner/work/trading-bot-c-/trading-bot-c-/src/BotCore/BotCore.csproj]
/home/runner/work/trading-bot-c-/trading-bot-c-/src/BotCore/Services/SecretsValidationService.cs(71,21): error CA1848: For improved performance, use the LoggerMessage delegates instead of calling 'LoggerExtensions.LogInformation(ILogger, string?, params object?[])' (https://learn.microsoft.com/dotnet/fundamentals/code-analysis/quality-rules/ca1848) [/home/runner/work/trading-bot-c-/trading-bot-c-/src/BotCore/BotCore.csproj]
/home/runner/work/trading-bot-c-/trading-bot-c-/src/BotCore/Services/SecretsValidationService.cs(75,21): error CA1848: For improved performance, use the LoggerMessage delegates instead of calling 'LoggerExtensions.LogError(ILogger, string?, params object?[])' (https://learn.microsoft.com/dotnet/fundamentals/code-analysis/quality-rules/ca1848) [/home/runner/work/trading-bot-c-/trading-bot-c-/src/BotCore/BotCore.csproj]
/home/runner/work/trading-bot-c-/trading-bot-c-/src/BotCore/Services/SecretsValidationService.cs(81,17): error CA1848: For improved performance, use the LoggerMessage delegates instead of calling 'LoggerExtensions.LogError(ILogger, Exception?, string?, params object?[])' (https://learn.microsoft.com/dotnet/fundamentals/code-analysis/quality-rules/ca1848) [/home/runner/work/trading-bot-c-/trading-bot-c-/src/BotCore/BotCore.csproj]
/home/runner/work/trading-bot-c-/trading-bot-c-/src/BotCore/Services/SecretsValidationService.cs(87,17): error CA1848: For improved performance, use the LoggerMessage delegates instead of calling 'LoggerExtensions.LogError(ILogger, Exception?, string?, params object?[])' (https://learn.microsoft.com/dotnet/fundamentals/code-analysis/quality-rules/ca1848) [/home/runner/work/trading-bot-c-/trading-bot-c-/src/BotCore/BotCore.csproj]
/home/runner/work/trading-bot-c-/trading-bot-c-/src/BotCore/Services/SecretsValidationService.cs(93,17): error CA1848: For improved performance, use the LoggerMessage delegates instead of calling 'LoggerExtensions.LogError(ILogger, Exception?, string?, params object?[])' (https://learn.microsoft.com/dotnet/fundamentals/code-analysis/quality-rules/ca1848) [/home/runner/work/trading-bot-c-/trading-bot-c-/src/BotCore/BotCore.csproj]
/home/runner/work/trading-bot-c-/trading-bot-c-/src/BotCore/Services/SecretsValidationService.cs(121,21): error CA1848: For improved performance, use the LoggerMessage delegates instead of calling 'LoggerExtensions.LogError(ILogger, string?, params object?[])' (https://learn.microsoft.com/dotnet/fundamentals/code-analysis/quality-rules/ca1848) [/home/runner/work/trading-bot-c-/trading-bot-c-/src/BotCore/BotCore.csproj]
/home/runner/work/trading-bot-c-/trading-bot-c-/src/BotCore/Services/SecretsValidationService.cs(129,25): error CA1848: For improved performance, use the LoggerMessage delegates instead of calling 'LoggerExtensions.LogDebug(ILogger, string?, params object?[])' (https://learn.microsoft.com/dotnet/fundamentals/code-analysis/quality-rules/ca1848) [/home/runner/work/trading-bot-c-/trading-bot-c-/src/BotCore/BotCore.csproj]
/home/runner/work/trading-bot-c-/trading-bot-c-/src/BotCore/Services/SecretsValidationService.cs(134,25): error CA1848: For improved performance, use the LoggerMessage delegates instead of calling 'LoggerExtensions.LogError(ILogger, string?, params object?[])' (https://learn.microsoft.com/dotnet/fundamentals/code-analysis/quality-rules/ca1848) [/home/runner/work/trading-bot-c-/trading-bot-c-/src/BotCore/BotCore.csproj]
/home/runner/work/trading-bot-c-/trading-bot-c-/src/BotCore/Bandits/LinUcbBandit.cs(204,14): error CA1814: .ctor uses a multidimensional array of decimal[*,*]. Replace it with a jagged array if possible. (https://learn.microsoft.com/dotnet/fundamentals/code-analysis/quality-rules/ca1814) [/home/runner/work/trading-bot-c-/trading-bot-c-/src/BotCore/BotCore.csproj]
/home/runner/work/trading-bot-c-/trading-bot-c-/src/BotCore/Services/SecretsValidationService.cs(159,21): error CA1848: For improved performance, use the LoggerMessage delegates instead of calling 'LoggerExtensions.LogError(ILogger, string?, params object?[])' (https://learn.microsoft.com/dotnet/fundamentals/code-analysis/quality-rules/ca1848) [/home/runner/work/trading-bot-c-/trading-bot-c-/src/BotCore/BotCore.csproj]
/home/runner/work/trading-bot-c-/trading-bot-c-/src/BotCore/Services/SecretsValidationService.cs(164,21): error CA1848: For improved performance, use the LoggerMessage delegates instead of calling 'LoggerExtensions.LogError(ILogger, string?, params object?[])' (https://learn.microsoft.com/dotnet/fundamentals/code-analysis/quality-rules/ca1848) [/home/runner/work/trading-bot-c-/trading-bot-c-/src/BotCore/BotCore.csproj]
/home/runner/work/trading-bot-c-/trading-bot-c-/src/BotCore/Services/SecretsValidationService.cs(169,21): error CA1848: For improved performance, use the LoggerMessage delegates instead of calling 'LoggerExtensions.LogDebug(ILogger, string?, params object?[])' (https://learn.microsoft.com/dotnet/fundamentals/code-analysis/quality-rules/ca1848) [/home/runner/work/trading-bot-c-/trading-bot-c-/src/BotCore/BotCore.csproj]
/home/runner/work/trading-bot-c-/trading-bot-c-/src/BotCore/Services/SecretsValidationService.cs(192,21): error CA1848: For improved performance, use the LoggerMessage delegates instead of calling 'LoggerExtensions.LogWarning(ILogger, string?, params object?[])' (https://learn.microsoft.com/dotnet/fundamentals/code-analysis/quality-rules/ca1848) [/home/runner/work/trading-bot-c-/trading-bot-c-/src/BotCore/BotCore.csproj]
/home/runner/work/trading-bot-c-/trading-bot-c-/src/BotCore/Services/SecretsValidationService.cs(197,21): error CA1848: For improved performance, use the LoggerMessage delegates instead of calling 'LoggerExtensions.LogError(ILogger, string?, params object?[])' (https://learn.microsoft.com/dotnet/fundamentals/code-analysis/quality-rules/ca1848) [/home/runner/work/trading-bot-c-/trading-bot-c-/src/BotCore/BotCore.csproj]
/home/runner/work/trading-bot-c-/trading-bot-c-/src/BotCore/Services/SecretsValidationService.cs(202,21): error CA1848: For improved performance, use the LoggerMessage delegates instead of calling 'LoggerExtensions.LogDebug(ILogger, string?, params object?[])' (https://learn.microsoft.com/dotnet/fundamentals/code-analysis/quality-rules/ca1848) [/home/runner/work/trading-bot-c-/trading-bot-c-/src/BotCore/BotCore.csproj]
/home/runner/work/trading-bot-c-/trading-bot-c-/src/BotCore/Services/SecretsValidationService.cs(218,38): error S3267: Loop should be simplified by calling Select(rule => rule.Name)) (https://rules.sonarsource.com/csharp/RSPEC-3267) [/home/runner/work/trading-bot-c-/trading-bot-c-/src/BotCore/BotCore.csproj]
/home/runner/work/trading-bot-c-/trading-bot-c-/src/BotCore/Services/SecretsValidationService.cs(221,21): error CA1848: For improved performance, use the LoggerMessage delegates instead of calling 'LoggerExtensions.LogError(ILogger, string?, params object?[])' (https://learn.microsoft.com/dotnet/fundamentals/code-analysis/quality-rules/ca1848) [/home/runner/work/trading-bot-c-/trading-bot-c-/src/BotCore/BotCore.csproj]
/home/runner/work/trading-bot-c-/trading-bot-c-/src/BotCore/Services/EnhancedTrainingDataService.cs(69,13): error CA1848: For improved performance, use the LoggerMessage delegates instead of calling 'LoggerExtensions.LogInformation(ILogger, string?, params object?[])' (https://learn.microsoft.com/dotnet/fundamentals/code-analysis/quality-rules/ca1848) [/home/runner/work/trading-bot-c-/trading-bot-c-/src/BotCore/BotCore.csproj]
/home/runner/work/trading-bot-c-/trading-bot-c-/src/BotCore/TestApp/Program.cs(39,13): error CA1848: For improved performance, use the LoggerMessage delegates instead of calling 'LoggerExtensions.LogInformation(ILogger, string?, params object?[])' (https://learn.microsoft.com/dotnet/fundamentals/code-analysis/quality-rules/ca1848) [/home/runner/work/trading-bot-c-/trading-bot-c-/src/BotCore/BotCore.csproj]
/home/runner/work/trading-bot-c-/trading-bot-c-/src/BotCore/TestApp/Program.cs(45,17): error CA1848: For improved performance, use the LoggerMessage delegates instead of calling 'LoggerExtensions.LogInformation(ILogger, string?, params object?[])' (https://learn.microsoft.com/dotnet/fundamentals/code-analysis/quality-rules/ca1848) [/home/runner/work/trading-bot-c-/trading-bot-c-/src/BotCore/BotCore.csproj]
/home/runner/work/trading-bot-c-/trading-bot-c-/src/BotCore/TestApp/Program.cs(50,17): error CA1848: For improved performance, use the LoggerMessage delegates instead of calling 'LoggerExtensions.LogCritical(ILogger, string?, params object?[])' (https://learn.microsoft.com/dotnet/fundamentals/code-analysis/quality-rules/ca1848) [/home/runner/work/trading-bot-c-/trading-bot-c-/src/BotCore/BotCore.csproj]
/home/runner/work/trading-bot-c-/trading-bot-c-/src/BotCore/StrategyDsl/StrategyKnowledgeGraphNew.cs(621,17): error CA1848: For improved performance, use the LoggerMessage delegates instead of calling 'LoggerExtensions.LogTrace(ILogger, string?, params object?[])' (https://learn.microsoft.com/dotnet/fundamentals/code-analysis/quality-rules/ca1848) [/home/runner/work/trading-bot-c-/trading-bot-c-/src/BotCore/BotCore.csproj]
/home/runner/work/trading-bot-c-/trading-bot-c-/src/BotCore/StrategyDsl/StrategyKnowledgeGraphNew.cs(629,17): error CA1848: For improved performance, use the LoggerMessage delegates instead of calling 'LoggerExtensions.LogError(ILogger, Exception?, string?, params object?[])' (https://learn.microsoft.com/dotnet/fundamentals/code-analysis/quality-rules/ca1848) [/home/runner/work/trading-bot-c-/trading-bot-c-/src/BotCore/BotCore.csproj]
/home/runner/work/trading-bot-c-/trading-bot-c-/src/BotCore/StrategyDsl/StrategyKnowledgeGraphNew.cs(634,17): error CA1848: For improved performance, use the LoggerMessage delegates instead of calling 'LoggerExtensions.LogError(ILogger, Exception?, string?, params object?[])' (https://learn.microsoft.com/dotnet/fundamentals/code-analysis/quality-rules/ca1848) [/home/runner/work/trading-bot-c-/trading-bot-c-/src/BotCore/BotCore.csproj]
/home/runner/work/trading-bot-c-/trading-bot-c-/src/BotCore/StrategyDsl/StrategyKnowledgeGraphNew.cs(639,17): error CA1848: For improved performance, use the LoggerMessage delegates instead of calling 'LoggerExtensions.LogError(ILogger, Exception?, string?, params object?[])' (https://learn.microsoft.com/dotnet/fundamentals/code-analysis/quality-rules/ca1848) [/home/runner/work/trading-bot-c-/trading-bot-c-/src/BotCore/BotCore.csproj]
/home/runner/work/trading-bot-c-/trading-bot-c-/src/BotCore/Services/SecretsValidationService.cs(249,25): error CA1848: For improved performance, use the LoggerMessage delegates instead of calling 'LoggerExtensions.LogDebug(ILogger, string?, params object?[])' (https://learn.microsoft.com/dotnet/fundamentals/code-analysis/quality-rules/ca1848) [/home/runner/work/trading-bot-c-/trading-bot-c-/src/BotCore/BotCore.csproj]
/home/runner/work/trading-bot-c-/trading-bot-c-/src/BotCore/Services/SecretsValidationService.cs(253,25): error CA1848: For improved performance, use the LoggerMessage delegates instead of calling 'LoggerExtensions.LogError(ILogger, string?, params object?[])' (https://learn.microsoft.com/dotnet/fundamentals/code-analysis/quality-rules/ca1848) [/home/runner/work/trading-bot-c-/trading-bot-c-/src/BotCore/BotCore.csproj]
/home/runner/work/trading-bot-c-/trading-bot-c-/src/BotCore/Services/SecretsValidationService.cs(260,17): error CA1848: For improved performance, use the LoggerMessage delegates instead of calling 'LoggerExtensions.LogError(ILogger, Exception?, string?, params object?[])' (https://learn.microsoft.com/dotnet/fundamentals/code-analysis/quality-rules/ca1848) [/home/runner/work/trading-bot-c-/trading-bot-c-/src/BotCore/BotCore.csproj]
/home/runner/work/trading-bot-c-/trading-bot-c-/src/BotCore/Services/SecretsValidationService.cs(265,17): error CA1848: For improved performance, use the LoggerMessage delegates instead of calling 'LoggerExtensions.LogError(ILogger, Exception?, string?, params object?[])' (https://learn.microsoft.com/dotnet/fundamentals/code-analysis/quality-rules/ca1848) [/home/runner/work/trading-bot-c-/trading-bot-c-/src/BotCore/BotCore.csproj]
/home/runner/work/trading-bot-c-/trading-bot-c-/src/BotCore/Services/SecretsValidationService.cs(270,17): error CA1848: For improved performance, use the LoggerMessage delegates instead of calling 'LoggerExtensions.LogError(ILogger, Exception?, string?, params object?[])' (https://learn.microsoft.com/dotnet/fundamentals/code-analysis/quality-rules/ca1848) [/home/runner/work/trading-bot-c-/trading-bot-c-/src/BotCore/BotCore.csproj]
/home/runner/work/trading-bot-c-/trading-bot-c-/src/BotCore/TestApp/Program.cs(23,27): error CA1303: Method 'Task<int> Program.Main(string[] args)' passes a literal string as parameter 'value' of a call to 'void Console.WriteLine(string? value)'. Retrieve the following string(s) from a resource table instead: "🛡️ Production Guardrail Test App". (https://learn.microsoft.com/dotnet/fundamentals/code-analysis/quality-rules/ca1303) [/home/runner/work/trading-bot-c-/trading-bot-c-/src/BotCore/BotCore.csproj]
/home/runner/work/trading-bot-c-/trading-bot-c-/src/BotCore/TestApp/Program.cs(24,27): error CA1303: Method 'Task<int> Program.Main(string[] args)' passes a literal string as parameter 'value' of a call to 'void Console.WriteLine(string? value)'. Retrieve the following string(s) from a resource table instead: "================================". (https://learn.microsoft.com/dotnet/fundamentals/code-analysis/quality-rules/ca1303) [/home/runner/work/trading-bot-c-/trading-bot-c-/src/BotCore/BotCore.csproj]
/home/runner/work/trading-bot-c-/trading-bot-c-/src/BotCore/Services/SecretsValidationService.cs(284,17): error CA1848: For improved performance, use the LoggerMessage delegates instead of calling 'LoggerExtensions.LogDebug(ILogger, string?, params object?[])' (https://learn.microsoft.com/dotnet/fundamentals/code-analysis/quality-rules/ca1848) [/home/runner/work/trading-bot-c-/trading-bot-c-/src/BotCore/BotCore.csproj]
/home/runner/work/trading-bot-c-/trading-bot-c-/src/BotCore/Strategy/StrategyMlIntegration.cs(106,17): error CA1848: For improved performance, use the LoggerMessage delegates instead of calling 'LoggerExtensions.LogDebug(ILogger, string?, params object?[])' (https://learn.microsoft.com/dotnet/fundamentals/code-analysis/quality-rules/ca1848) [/home/runner/work/trading-bot-c-/trading-bot-c-/src/BotCore/BotCore.csproj]
/home/runner/work/trading-bot-c-/trading-bot-c-/src/BotCore/Strategy/StrategyMlIntegration.cs(111,17): error CA1848: For improved performance, use the LoggerMessage delegates instead of calling 'LoggerExtensions.LogError(ILogger, Exception?, string?, params object?[])' (https://learn.microsoft.com/dotnet/fundamentals/code-analysis/quality-rules/ca1848) [/home/runner/work/trading-bot-c-/trading-bot-c-/src/BotCore/BotCore.csproj]
/home/runner/work/trading-bot-c-/trading-bot-c-/src/BotCore/Strategy/StrategyMlIntegration.cs(115,17): error CA1848: For improved performance, use the LoggerMessage delegates instead of calling 'LoggerExtensions.LogError(ILogger, Exception?, string?, params object?[])' (https://learn.microsoft.com/dotnet/fundamentals/code-analysis/quality-rules/ca1848) [/home/runner/work/trading-bot-c-/trading-bot-c-/src/BotCore/BotCore.csproj]
/home/runner/work/trading-bot-c-/trading-bot-c-/src/BotCore/Strategy/StrategyMlIntegration.cs(119,17): error CA1848: For improved performance, use the LoggerMessage delegates instead of calling 'LoggerExtensions.LogError(ILogger, Exception?, string?, params object?[])' (https://learn.microsoft.com/dotnet/fundamentals/code-analysis/quality-rules/ca1848) [/home/runner/work/trading-bot-c-/trading-bot-c-/src/BotCore/BotCore.csproj]
/home/runner/work/trading-bot-c-/trading-bot-c-/src/BotCore/Strategy/StrategyMlIntegration.cs(157,17): error CA1848: For improved performance, use the LoggerMessage delegates instead of calling 'LoggerExtensions.LogDebug(ILogger, string?, params object?[])' (https://learn.microsoft.com/dotnet/fundamentals/code-analysis/quality-rules/ca1848) [/home/runner/work/trading-bot-c-/trading-bot-c-/src/BotCore/BotCore.csproj]
/home/runner/work/trading-bot-c-/trading-bot-c-/src/BotCore/Strategy/StrategyMlIntegration.cs(162,17): error CA1848: For improved performance, use the LoggerMessage delegates instead of calling 'LoggerExtensions.LogError(ILogger, Exception?, string?, params object?[])' (https://learn.microsoft.com/dotnet/fundamentals/code-analysis/quality-rules/ca1848) [/home/runner/work/trading-bot-c-/trading-bot-c-/src/BotCore/BotCore.csproj]
/home/runner/work/trading-bot-c-/trading-bot-c-/src/BotCore/Strategy/StrategyMlIntegration.cs(166,17): error CA1848: For improved performance, use the LoggerMessage delegates instead of calling 'LoggerExtensions.LogError(ILogger, Exception?, string?, params object?[])' (https://learn.microsoft.com/dotnet/fundamentals/code-analysis/quality-rules/ca1848) [/home/runner/work/trading-bot-c-/trading-bot-c-/src/BotCore/BotCore.csproj]
/home/runner/work/trading-bot-c-/trading-bot-c-/src/BotCore/Services/SecretsValidationService.cs(301,17): error CA1848: For improved performance, use the LoggerMessage delegates instead of calling 'LoggerExtensions.LogDebug(ILogger, string?, params object?[])' (https://learn.microsoft.com/dotnet/fundamentals/code-analysis/quality-rules/ca1848) [/home/runner/work/trading-bot-c-/trading-bot-c-/src/BotCore/BotCore.csproj]
/home/runner/work/trading-bot-c-/trading-bot-c-/src/BotCore/Supervisor/StrategyDiagnostics.cs(12,30): error S1541: The Cyclomatic Complexity of this method is 11 which is greater than 10 authorized. (https://rules.sonarsource.com/csharp/RSPEC-1541) [/home/runner/work/trading-bot-c-/trading-bot-c-/src/BotCore/BotCore.csproj]
/home/runner/work/trading-bot-c-/trading-bot-c-/src/BotCore/Supervisor/StrategyDiagnostics.cs(35,34): error S6603: The collection-specific "TrueForAll" method should be used instead of the "All" extension (https://rules.sonarsource.com/csharp/RSPEC-6603) [/home/runner/work/trading-bot-c-/trading-bot-c-/src/BotCore/BotCore.csproj]
/home/runner/work/trading-bot-c-/trading-bot-c-/src/BotCore/Services/EnhancedAutoRlTrainer.cs(64,21): error CA1848: For improved performance, use the LoggerMessage delegates instead of calling 'LoggerExtensions.LogDebug(ILogger, string?, params object?[])' (https://learn.microsoft.com/dotnet/fundamentals/code-analysis/quality-rules/ca1848) [/home/runner/work/trading-bot-c-/trading-bot-c-/src/BotCore/BotCore.csproj]
/home/runner/work/trading-bot-c-/trading-bot-c-/src/BotCore/Services/EnhancedAutoRlTrainer.cs(68,17): error CA1848: For improved performance, use the LoggerMessage delegates instead of calling 'LoggerExtensions.LogInformation(ILogger, string?, params object?[])' (https://learn.microsoft.com/dotnet/fundamentals/code-analysis/quality-rules/ca1848) [/home/runner/work/trading-bot-c-/trading-bot-c-/src/BotCore/BotCore.csproj]
/home/runner/work/trading-bot-c-/trading-bot-c-/src/BotCore/Services/EnhancedAutoRlTrainer.cs(74,21): error CA1848: For improved performance, use the LoggerMessage delegates instead of calling 'LoggerExtensions.LogWarning(ILogger, string?, params object?[])' (https://learn.microsoft.com/dotnet/fundamentals/code-analysis/quality-rules/ca1848) [/home/runner/work/trading-bot-c-/trading-bot-c-/src/BotCore/BotCore.csproj]
/home/runner/work/trading-bot-c-/trading-bot-c-/src/BotCore/Services/EnhancedAutoRlTrainer.cs(83,21): error CA1848: For improved performance, use the LoggerMessage delegates instead of calling 'LoggerExtensions.LogInformation(ILogger, string?, params object?[])' (https://learn.microsoft.com/dotnet/fundamentals/code-analysis/quality-rules/ca1848) [/home/runner/work/trading-bot-c-/trading-bot-c-/src/BotCore/BotCore.csproj]
/home/runner/work/trading-bot-c-/trading-bot-c-/src/BotCore/Services/EnhancedAutoRlTrainer.cs(90,21): error CA1848: For improved performance, use the LoggerMessage delegates instead of calling 'LoggerExtensions.LogError(ILogger, string?, params object?[])' (https://learn.microsoft.com/dotnet/fundamentals/code-analysis/quality-rules/ca1848) [/home/runner/work/trading-bot-c-/trading-bot-c-/src/BotCore/BotCore.csproj]
/home/runner/work/trading-bot-c-/trading-bot-c-/src/BotCore/Services/EnhancedAutoRlTrainer.cs(95,17): error CA1848: For improved performance, use the LoggerMessage delegates instead of calling 'LoggerExtensions.LogError(ILogger, Exception?, string?, params object?[])' (https://learn.microsoft.com/dotnet/fundamentals/code-analysis/quality-rules/ca1848) [/home/runner/work/trading-bot-c-/trading-bot-c-/src/BotCore/BotCore.csproj]
/home/runner/work/trading-bot-c-/trading-bot-c-/src/BotCore/Services/EnhancedAutoRlTrainer.cs(99,17): error CA1848: For improved performance, use the LoggerMessage delegates instead of calling 'LoggerExtensions.LogError(ILogger, Exception?, string?, params object?[])' (https://learn.microsoft.com/dotnet/fundamentals/code-analysis/quality-rules/ca1848) [/home/runner/work/trading-bot-c-/trading-bot-c-/src/BotCore/BotCore.csproj]
/home/runner/work/trading-bot-c-/trading-bot-c-/src/BotCore/Services/EnhancedAutoRlTrainer.cs(103,17): error CA1848: For improved performance, use the LoggerMessage delegates instead of calling 'LoggerExtensions.LogError(ILogger, Exception?, string?, params object?[])' (https://learn.microsoft.com/dotnet/fundamentals/code-analysis/quality-rules/ca1848) [/home/runner/work/trading-bot-c-/trading-bot-c-/src/BotCore/BotCore.csproj]
/home/runner/work/trading-bot-c-/trading-bot-c-/src/BotCore/Services/EnhancedTrainingDataService.cs(108,13): error CA1848: For improved performance, use the LoggerMessage delegates instead of calling 'LoggerExtensions.LogInformation(ILogger, string?, params object?[])' (https://learn.microsoft.com/dotnet/fundamentals/code-analysis/quality-rules/ca1848) [/home/runner/work/trading-bot-c-/trading-bot-c-/src/BotCore/BotCore.csproj]
/home/runner/work/trading-bot-c-/trading-bot-c-/src/BotCore/RlTrainingDataCollector.cs(149,85): error S2589: Remove this unnecessary check for null. (https://rules.sonarsource.com/csharp/RSPEC-2589) [/home/runner/work/trading-bot-c-/trading-bot-c-/src/BotCore/BotCore.csproj]
/home/runner/work/trading-bot-c-/trading-bot-c-/src/BotCore/RlTrainingDataCollector.cs(153,90): error S2589: Remove this unnecessary check for null. (https://rules.sonarsource.com/csharp/RSPEC-2589) [/home/runner/work/trading-bot-c-/trading-bot-c-/src/BotCore/BotCore.csproj]
/home/runner/work/trading-bot-c-/trading-bot-c-/src/BotCore/RlTrainingDataCollector.cs(157,101): error S2589: Remove this unnecessary check for null. (https://rules.sonarsource.com/csharp/RSPEC-2589) [/home/runner/work/trading-bot-c-/trading-bot-c-/src/BotCore/BotCore.csproj]
/home/runner/work/trading-bot-c-/trading-bot-c-/src/BotCore/RlTrainingDataCollector.cs(130,63): error CA1869: Avoid creating a new 'JsonSerializerOptions' instance for every serialization operation. Cache and reuse instances instead. (https://learn.microsoft.com/dotnet/fundamentals/code-analysis/quality-rules/ca1869) [/home/runner/work/trading-bot-c-/trading-bot-c-/src/BotCore/BotCore.csproj]
/home/runner/work/trading-bot-c-/trading-bot-c-/src/BotCore/RlTrainingDataCollector.cs(144,17): error CA1848: For improved performance, use the LoggerMessage delegates instead of calling 'LoggerExtensions.LogDebug(ILogger, string?, params object?[])' (https://learn.microsoft.com/dotnet/fundamentals/code-analysis/quality-rules/ca1848) [/home/runner/work/trading-bot-c-/trading-bot-c-/src/BotCore/BotCore.csproj]
/home/runner/work/trading-bot-c-/trading-bot-c-/src/BotCore/RlTrainingDataCollector.cs(149,17): error CA1848: For improved performance, use the LoggerMessage delegates instead of calling 'LoggerExtensions.LogError(ILogger, Exception?, string?, params object?[])' (https://learn.microsoft.com/dotnet/fundamentals/code-analysis/quality-rules/ca1848) [/home/runner/work/trading-bot-c-/trading-bot-c-/src/BotCore/BotCore.csproj]
/home/runner/work/trading-bot-c-/trading-bot-c-/src/BotCore/RlTrainingDataCollector.cs(153,17): error CA1848: For improved performance, use the LoggerMessage delegates instead of calling 'LoggerExtensions.LogError(ILogger, Exception?, string?, params object?[])' (https://learn.microsoft.com/dotnet/fundamentals/code-analysis/quality-rules/ca1848) [/home/runner/work/trading-bot-c-/trading-bot-c-/src/BotCore/BotCore.csproj]
/home/runner/work/trading-bot-c-/trading-bot-c-/src/BotCore/RlTrainingDataCollector.cs(157,17): error CA1848: For improved performance, use the LoggerMessage delegates instead of calling 'LoggerExtensions.LogError(ILogger, Exception?, string?, params object?[])' (https://learn.microsoft.com/dotnet/fundamentals/code-analysis/quality-rules/ca1848) [/home/runner/work/trading-bot-c-/trading-bot-c-/src/BotCore/BotCore.csproj]
/home/runner/work/trading-bot-c-/trading-bot-c-/src/BotCore/Services/ZoneTelemetryService.cs(81,17): error CA1848: For improved performance, use the LoggerMessage delegates instead of calling 'LoggerExtensions.LogTrace(ILogger, string?, params object?[])' (https://learn.microsoft.com/dotnet/fundamentals/code-analysis/quality-rules/ca1848) [/home/runner/work/trading-bot-c-/trading-bot-c-/src/BotCore/BotCore.csproj]
/home/runner/work/trading-bot-c-/trading-bot-c-/src/BotCore/Services/ZoneTelemetryService.cs(86,17): error CA1848: For improved performance, use the LoggerMessage delegates instead of calling 'LoggerExtensions.LogError(ILogger, Exception?, string?, params object?[])' (https://learn.microsoft.com/dotnet/fundamentals/code-analysis/quality-rules/ca1848) [/home/runner/work/trading-bot-c-/trading-bot-c-/src/BotCore/BotCore.csproj]
/home/runner/work/trading-bot-c-/trading-bot-c-/src/BotCore/Services/ZoneTelemetryService.cs(90,17): error CA1848: For improved performance, use the LoggerMessage delegates instead of calling 'LoggerExtensions.LogError(ILogger, Exception?, string?, params object?[])' (https://learn.microsoft.com/dotnet/fundamentals/code-analysis/quality-rules/ca1848) [/home/runner/work/trading-bot-c-/trading-bot-c-/src/BotCore/BotCore.csproj]
/home/runner/work/trading-bot-c-/trading-bot-c-/src/BotCore/Services/ZoneTelemetryService.cs(107,17): error CA1848: For improved performance, use the LoggerMessage delegates instead of calling 'LoggerExtensions.LogInformation(ILogger, string?, params object?[])' (https://learn.microsoft.com/dotnet/fundamentals/code-analysis/quality-rules/ca1848) [/home/runner/work/trading-bot-c-/trading-bot-c-/src/BotCore/BotCore.csproj]
/home/runner/work/trading-bot-c-/trading-bot-c-/src/BotCore/Services/ZoneTelemetryService.cs(112,17): error CA1848: For improved performance, use the LoggerMessage delegates instead of calling 'LoggerExtensions.LogError(ILogger, Exception?, string?, params object?[])' (https://learn.microsoft.com/dotnet/fundamentals/code-analysis/quality-rules/ca1848) [/home/runner/work/trading-bot-c-/trading-bot-c-/src/BotCore/BotCore.csproj]
/home/runner/work/trading-bot-c-/trading-bot-c-/src/BotCore/Services/ZoneTelemetryService.cs(116,17): error CA1848: For improved performance, use the LoggerMessage delegates instead of calling 'LoggerExtensions.LogError(ILogger, Exception?, string?, params object?[])' (https://learn.microsoft.com/dotnet/fundamentals/code-analysis/quality-rules/ca1848) [/home/runner/work/trading-bot-c-/trading-bot-c-/src/BotCore/BotCore.csproj]
/home/runner/work/trading-bot-c-/trading-bot-c-/src/BotCore/Bandits/LinUcbBandit.cs(327,25): error CA1814: UpdateInverse uses a multidimensional array of decimal[*,*]. Replace it with a jagged array if possible. (https://learn.microsoft.com/dotnet/fundamentals/code-analysis/quality-rules/ca1814) [/home/runner/work/trading-bot-c-/trading-bot-c-/src/BotCore/BotCore.csproj]
/home/runner/work/trading-bot-c-/trading-bot-c-/src/BotCore/Bandits/LinUcbBandit.cs(336,25): error CA1814: UpdateInverse uses a multidimensional array of decimal[*,*]. Replace it with a jagged array if possible. (https://learn.microsoft.com/dotnet/fundamentals/code-analysis/quality-rules/ca1814) [/home/runner/work/trading-bot-c-/trading-bot-c-/src/BotCore/BotCore.csproj]
/home/runner/work/trading-bot-c-/trading-bot-c-/src/BotCore/Services/EnhancedAutoRlTrainer.cs(129,17): error CA1848: For improved performance, use the LoggerMessage delegates instead of calling 'LoggerExtensions.LogDebug(ILogger, Exception?, string?, params object?[])' (https://learn.microsoft.com/dotnet/fundamentals/code-analysis/quality-rules/ca1848) [/home/runner/work/trading-bot-c-/trading-bot-c-/src/BotCore/BotCore.csproj]
/home/runner/work/trading-bot-c-/trading-bot-c-/src/BotCore/Services/EnhancedAutoRlTrainer.cs(133,17): error CA1848: For improved performance, use the LoggerMessage delegates instead of calling 'LoggerExtensions.LogDebug(ILogger, Exception?, string?, params object?[])' (https://learn.microsoft.com/dotnet/fundamentals/code-analysis/quality-rules/ca1848) [/home/runner/work/trading-bot-c-/trading-bot-c-/src/BotCore/BotCore.csproj]
/home/runner/work/trading-bot-c-/trading-bot-c-/src/BotCore/Services/EnhancedAutoRlTrainer.cs(137,17): error CA1848: For improved performance, use the LoggerMessage delegates instead of calling 'LoggerExtensions.LogDebug(ILogger, Exception?, string?, params object?[])' (https://learn.microsoft.com/dotnet/fundamentals/code-analysis/quality-rules/ca1848) [/home/runner/work/trading-bot-c-/trading-bot-c-/src/BotCore/BotCore.csproj]
/home/runner/work/trading-bot-c-/trading-bot-c-/src/BotCore/Services/ZoneTelemetryService.cs(137,17): error CA1848: For improved performance, use the LoggerMessage delegates instead of calling 'LoggerExtensions.LogTrace(ILogger, string?, params object?[])' (https://learn.microsoft.com/dotnet/fundamentals/code-analysis/quality-rules/ca1848) [/home/runner/work/trading-bot-c-/trading-bot-c-/src/BotCore/BotCore.csproj]
/home/runner/work/trading-bot-c-/trading-bot-c-/src/BotCore/Services/ZoneTelemetryService.cs(142,17): error CA1848: For improved performance, use the LoggerMessage delegates instead of calling 'LoggerExtensions.LogError(ILogger, Exception?, string?, params object?[])' (https://learn.microsoft.com/dotnet/fundamentals/code-analysis/quality-rules/ca1848) [/home/runner/work/trading-bot-c-/trading-bot-c-/src/BotCore/BotCore.csproj]
/home/runner/work/trading-bot-c-/trading-bot-c-/src/BotCore/Services/ZoneTelemetryService.cs(146,17): error CA1848: For improved performance, use the LoggerMessage delegates instead of calling 'LoggerExtensions.LogError(ILogger, Exception?, string?, params object?[])' (https://learn.microsoft.com/dotnet/fundamentals/code-analysis/quality-rules/ca1848) [/home/runner/work/trading-bot-c-/trading-bot-c-/src/BotCore/BotCore.csproj]
/home/runner/work/trading-bot-c-/trading-bot-c-/src/BotCore/Services/EnhancedTrainingDataService.cs(133,17): error CA1848: For improved performance, use the LoggerMessage delegates instead of calling 'LoggerExtensions.LogInformation(ILogger, string?, params object?[])' (https://learn.microsoft.com/dotnet/fundamentals/code-analysis/quality-rules/ca1848) [/home/runner/work/trading-bot-c-/trading-bot-c-/src/BotCore/BotCore.csproj]
/home/runner/work/trading-bot-c-/trading-bot-c-/src/BotCore/Services/EnhancedTrainingDataService.cs(138,17): error CA1848: For improved performance, use the LoggerMessage delegates instead of calling 'LoggerExtensions.LogWarning(ILogger, string?, params object?[])' (https://learn.microsoft.com/dotnet/fundamentals/code-analysis/quality-rules/ca1848) [/home/runner/work/trading-bot-c-/trading-bot-c-/src/BotCore/BotCore.csproj]
/home/runner/work/trading-bot-c-/trading-bot-c-/src/BotCore/Services/ZoneTelemetryService.cs(163,17): error CA1848: For improved performance, use the LoggerMessage delegates instead of calling 'LoggerExtensions.LogInformation(ILogger, string?, params object?[])' (https://learn.microsoft.com/dotnet/fundamentals/code-analysis/quality-rules/ca1848) [/home/runner/work/trading-bot-c-/trading-bot-c-/src/BotCore/BotCore.csproj]
/home/runner/work/trading-bot-c-/trading-bot-c-/src/BotCore/Services/ZoneTelemetryService.cs(168,17): error CA1848: For improved performance, use the LoggerMessage delegates instead of calling 'LoggerExtensions.LogError(ILogger, Exception?, string?, params object?[])' (https://learn.microsoft.com/dotnet/fundamentals/code-analysis/quality-rules/ca1848) [/home/runner/work/trading-bot-c-/trading-bot-c-/src/BotCore/BotCore.csproj]
/home/runner/work/trading-bot-c-/trading-bot-c-/src/BotCore/Services/ZoneTelemetryService.cs(172,17): error CA1848: For improved performance, use the LoggerMessage delegates instead of calling 'LoggerExtensions.LogError(ILogger, Exception?, string?, params object?[])' (https://learn.microsoft.com/dotnet/fundamentals/code-analysis/quality-rules/ca1848) [/home/runner/work/trading-bot-c-/trading-bot-c-/src/BotCore/BotCore.csproj]
/home/runner/work/trading-bot-c-/trading-bot-c-/src/BotCore/Bandits/LinUcbBandit.cs(344,24): error CA1814: InvertMatrix returns a multidimensional array of decimal[*,*]. Replace it with a jagged array if possible. (https://learn.microsoft.com/dotnet/fundamentals/code-analysis/quality-rules/ca1814) [/home/runner/work/trading-bot-c-/trading-bot-c-/src/BotCore/BotCore.csproj]
/home/runner/work/trading-bot-c-/trading-bot-c-/src/BotCore/Bandits/LinUcbBandit.cs(344,48): error CA1814: matrix is a multidimensional array. Replace it with a jagged array if possible. (https://learn.microsoft.com/dotnet/fundamentals/code-analysis/quality-rules/ca1814) [/home/runner/work/trading-bot-c-/trading-bot-c-/src/BotCore/BotCore.csproj]
/home/runner/work/trading-bot-c-/trading-bot-c-/src/BotCore/RlTrainingDataCollector.cs(170,62): error CA1869: Avoid creating a new 'JsonSerializerOptions' instance for every serialization operation. Cache and reuse instances instead. (https://learn.microsoft.com/dotnet/fundamentals/code-analysis/quality-rules/ca1869) [/home/runner/work/trading-bot-c-/trading-bot-c-/src/BotCore/BotCore.csproj]
/home/runner/work/trading-bot-c-/trading-bot-c-/src/BotCore/RlTrainingDataCollector.cs(185,17): error CA1848: For improved performance, use the LoggerMessage delegates instead of calling 'LoggerExtensions.LogDebug(ILogger, string?, params object?[])' (https://learn.microsoft.com/dotnet/fundamentals/code-analysis/quality-rules/ca1848) [/home/runner/work/trading-bot-c-/trading-bot-c-/src/BotCore/BotCore.csproj]
/home/runner/work/trading-bot-c-/trading-bot-c-/src/BotCore/RlTrainingDataCollector.cs(190,17): error CA1848: For improved performance, use the LoggerMessage delegates instead of calling 'LoggerExtensions.LogError(ILogger, Exception?, string?, params object?[])' (https://learn.microsoft.com/dotnet/fundamentals/code-analysis/quality-rules/ca1848) [/home/runner/work/trading-bot-c-/trading-bot-c-/src/BotCore/BotCore.csproj]
/home/runner/work/trading-bot-c-/trading-bot-c-/src/BotCore/RlTrainingDataCollector.cs(194,17): error CA1848: For improved performance, use the LoggerMessage delegates instead of calling 'LoggerExtensions.LogError(ILogger, Exception?, string?, params object?[])' (https://learn.microsoft.com/dotnet/fundamentals/code-analysis/quality-rules/ca1848) [/home/runner/work/trading-bot-c-/trading-bot-c-/src/BotCore/BotCore.csproj]
/home/runner/work/trading-bot-c-/trading-bot-c-/src/BotCore/RlTrainingDataCollector.cs(198,17): error CA1848: For improved performance, use the LoggerMessage delegates instead of calling 'LoggerExtensions.LogError(ILogger, Exception?, string?, params object?[])' (https://learn.microsoft.com/dotnet/fundamentals/code-analysis/quality-rules/ca1848) [/home/runner/work/trading-bot-c-/trading-bot-c-/src/BotCore/BotCore.csproj]
/home/runner/work/trading-bot-c-/trading-bot-c-/src/BotCore/Bandits/LinUcbBandit.cs(421,62): error CA1814: matrix is a multidimensional array. Replace it with a jagged array if possible. (https://learn.microsoft.com/dotnet/fundamentals/code-analysis/quality-rules/ca1814) [/home/runner/work/trading-bot-c-/trading-bot-c-/src/BotCore/BotCore.csproj]
/home/runner/work/trading-bot-c-/trading-bot-c-/src/BotCore/Bandits/LinUcbBandit.cs(344,24): error S1541: The Cyclomatic Complexity of this method is 16 which is greater than 10 authorized. (https://rules.sonarsource.com/csharp/RSPEC-1541) [/home/runner/work/trading-bot-c-/trading-bot-c-/src/BotCore/BotCore.csproj]
/home/runner/work/trading-bot-c-/trading-bot-c-/src/BotCore/Resilience/EnhancedProductionResilienceService.cs(358,13): error S6667: Logging in a catch clause should pass the caught exception as a parameter. (https://rules.sonarsource.com/csharp/RSPEC-6667) [/home/runner/work/trading-bot-c-/trading-bot-c-/src/BotCore/BotCore.csproj]
/home/runner/work/trading-bot-c-/trading-bot-c-/src/BotCore/Services/ZoneTelemetryService.cs(213,13): error CA1848: For improved performance, use the LoggerMessage delegates instead of calling 'LoggerExtensions.LogTrace(ILogger, string?, params object?[])' (https://learn.microsoft.com/dotnet/fundamentals/code-analysis/quality-rules/ca1848) [/home/runner/work/trading-bot-c-/trading-bot-c-/src/BotCore/BotCore.csproj]
/home/runner/work/trading-bot-c-/trading-bot-c-/src/BotCore/Bandits/LinUcbBandit.cs(347,25): error CA1814: InvertMatrix uses a multidimensional array of decimal[*,*]. Replace it with a jagged array if possible. (https://learn.microsoft.com/dotnet/fundamentals/code-analysis/quality-rules/ca1814) [/home/runner/work/trading-bot-c-/trading-bot-c-/src/BotCore/BotCore.csproj]
/home/runner/work/trading-bot-c-/trading-bot-c-/src/BotCore/Bandits/LinUcbBandit.cs(409,23): error CA1814: InvertMatrix uses a multidimensional array of decimal[*,*]. Replace it with a jagged array if possible. (https://learn.microsoft.com/dotnet/fundamentals/code-analysis/quality-rules/ca1814) [/home/runner/work/trading-bot-c-/trading-bot-c-/src/BotCore/BotCore.csproj]
/home/runner/work/trading-bot-c-/trading-bot-c-/src/BotCore/Resilience/EnhancedProductionResilienceService.cs(349,9): error CA1848: For improved performance, use the LoggerMessage delegates instead of calling 'LoggerExtensions.LogInformation(ILogger, string?, params object?[])' (https://learn.microsoft.com/dotnet/fundamentals/code-analysis/quality-rules/ca1848) [/home/runner/work/trading-bot-c-/trading-bot-c-/src/BotCore/BotCore.csproj]
/home/runner/work/trading-bot-c-/trading-bot-c-/src/BotCore/Resilience/EnhancedProductionResilienceService.cs(358,13): error CA1848: For improved performance, use the LoggerMessage delegates instead of calling 'LoggerExtensions.LogInformation(ILogger, string?, params object?[])' (https://learn.microsoft.com/dotnet/fundamentals/code-analysis/quality-rules/ca1848) [/home/runner/work/trading-bot-c-/trading-bot-c-/src/BotCore/BotCore.csproj]
/home/runner/work/trading-bot-c-/trading-bot-c-/src/BotCore/Resilience/EnhancedProductionResilienceService.cs(362,13): error CA1848: For improved performance, use the LoggerMessage delegates instead of calling 'LoggerExtensions.LogError(ILogger, Exception?, string?, params object?[])' (https://learn.microsoft.com/dotnet/fundamentals/code-analysis/quality-rules/ca1848) [/home/runner/work/trading-bot-c-/trading-bot-c-/src/BotCore/BotCore.csproj]
/home/runner/work/trading-bot-c-/trading-bot-c-/src/BotCore/Resilience/EnhancedProductionResilienceService.cs(367,13): error CA1848: For improved performance, use the LoggerMessage delegates instead of calling 'LoggerExtensions.LogInformation(ILogger, string?, params object?[])' (https://learn.microsoft.com/dotnet/fundamentals/code-analysis/quality-rules/ca1848) [/home/runner/work/trading-bot-c-/trading-bot-c-/src/BotCore/BotCore.csproj]
/home/runner/work/trading-bot-c-/trading-bot-c-/src/BotCore/StrategyDsl/StrategyKnowledgeGraphNew.cs(321,9): error CA1848: For improved performance, use the LoggerMessage delegates instead of calling 'LoggerExtensions.LogDebug(ILogger, string?, params object?[])' (https://learn.microsoft.com/dotnet/fundamentals/code-analysis/quality-rules/ca1848) [/home/runner/work/trading-bot-c-/trading-bot-c-/src/BotCore/BotCore.csproj]
/home/runner/work/trading-bot-c-/trading-bot-c-/src/BotCore/StrategyDsl/StrategyKnowledgeGraphNew.cs(331,21): error CA1848: For improved performance, use the LoggerMessage delegates instead of calling 'LoggerExtensions.LogTrace(ILogger, string?, params object?[])' (https://learn.microsoft.com/dotnet/fundamentals/code-analysis/quality-rules/ca1848) [/home/runner/work/trading-bot-c-/trading-bot-c-/src/BotCore/BotCore.csproj]
/home/runner/work/trading-bot-c-/trading-bot-c-/src/BotCore/StrategyDsl/StrategyKnowledgeGraphNew.cs(338,21): error CA1848: For improved performance, use the LoggerMessage delegates instead of calling 'LoggerExtensions.LogTrace(ILogger, string?, params object?[])' (https://learn.microsoft.com/dotnet/fundamentals/code-analysis/quality-rules/ca1848) [/home/runner/work/trading-bot-c-/trading-bot-c-/src/BotCore/BotCore.csproj]
/home/runner/work/trading-bot-c-/trading-bot-c-/src/BotCore/StrategyDsl/StrategyKnowledgeGraphNew.cs(345,21): error CA1848: For improved performance, use the LoggerMessage delegates instead of calling 'LoggerExtensions.LogTrace(ILogger, string?, params object?[])' (https://learn.microsoft.com/dotnet/fundamentals/code-analysis/quality-rules/ca1848) [/home/runner/work/trading-bot-c-/trading-bot-c-/src/BotCore/BotCore.csproj]
/home/runner/work/trading-bot-c-/trading-bot-c-/src/BotCore/StrategyDsl/StrategyKnowledgeGraphNew.cs(353,21): error CA1848: For improved performance, use the LoggerMessage delegates instead of calling 'LoggerExtensions.LogTrace(ILogger, string?, params object?[])' (https://learn.microsoft.com/dotnet/fundamentals/code-analysis/quality-rules/ca1848) [/home/runner/work/trading-bot-c-/trading-bot-c-/src/BotCore/BotCore.csproj]
/home/runner/work/trading-bot-c-/trading-bot-c-/src/BotCore/StrategyDsl/StrategyKnowledgeGraphNew.cs(382,17): error CA1848: For improved performance, use the LoggerMessage delegates instead of calling 'LoggerExtensions.LogTrace(ILogger, string?, params object?[])' (https://learn.microsoft.com/dotnet/fundamentals/code-analysis/quality-rules/ca1848) [/home/runner/work/trading-bot-c-/trading-bot-c-/src/BotCore/BotCore.csproj]
/home/runner/work/trading-bot-c-/trading-bot-c-/src/BotCore/StrategyDsl/StrategyKnowledgeGraphNew.cs(387,17): error CA1848: For improved performance, use the LoggerMessage delegates instead of calling 'LoggerExtensions.LogError(ILogger, Exception?, string?, params object?[])' (https://learn.microsoft.com/dotnet/fundamentals/code-analysis/quality-rules/ca1848) [/home/runner/work/trading-bot-c-/trading-bot-c-/src/BotCore/BotCore.csproj]
/home/runner/work/trading-bot-c-/trading-bot-c-/src/BotCore/StrategyDsl/StrategyKnowledgeGraphNew.cs(391,17): error CA1848: For improved performance, use the LoggerMessage delegates instead of calling 'LoggerExtensions.LogError(ILogger, Exception?, string?, params object?[])' (https://learn.microsoft.com/dotnet/fundamentals/code-analysis/quality-rules/ca1848) [/home/runner/work/trading-bot-c-/trading-bot-c-/src/BotCore/BotCore.csproj]
/home/runner/work/trading-bot-c-/trading-bot-c-/src/BotCore/StrategyDsl/StrategyKnowledgeGraphNew.cs(395,17): error CA1848: For improved performance, use the LoggerMessage delegates instead of calling 'LoggerExtensions.LogError(ILogger, Exception?, string?, params object?[])' (https://learn.microsoft.com/dotnet/fundamentals/code-analysis/quality-rules/ca1848) [/home/runner/work/trading-bot-c-/trading-bot-c-/src/BotCore/BotCore.csproj]
/home/runner/work/trading-bot-c-/trading-bot-c-/src/BotCore/StrategyDsl/StrategyKnowledgeGraphNew.cs(402,9): error CA1848: For improved performance, use the LoggerMessage delegates instead of calling 'LoggerExtensions.LogDebug(ILogger, string?, params object?[])' (https://learn.microsoft.com/dotnet/fundamentals/code-analysis/quality-rules/ca1848) [/home/runner/work/trading-bot-c-/trading-bot-c-/src/BotCore/BotCore.csproj]
/home/runner/work/trading-bot-c-/trading-bot-c-/src/BotCore/Resilience/EnhancedProductionResilienceService.cs(392,13): error S6667: Logging in a catch clause should pass the caught exception as a parameter. (https://rules.sonarsource.com/csharp/RSPEC-6667) [/home/runner/work/trading-bot-c-/trading-bot-c-/src/BotCore/BotCore.csproj]
/home/runner/work/trading-bot-c-/trading-bot-c-/src/BotCore/Resilience/EnhancedProductionResilienceService.cs(392,13): error CA1848: For improved performance, use the LoggerMessage delegates instead of calling 'LoggerExtensions.LogInformation(ILogger, string?, params object?[])' (https://learn.microsoft.com/dotnet/fundamentals/code-analysis/quality-rules/ca1848) [/home/runner/work/trading-bot-c-/trading-bot-c-/src/BotCore/BotCore.csproj]
/home/runner/work/trading-bot-c-/trading-bot-c-/src/BotCore/Resilience/EnhancedProductionResilienceService.cs(397,13): error CA1848: For improved performance, use the LoggerMessage delegates instead of calling 'LoggerExtensions.LogError(ILogger, Exception?, string?, params object?[])' (https://learn.microsoft.com/dotnet/fundamentals/code-analysis/quality-rules/ca1848) [/home/runner/work/trading-bot-c-/trading-bot-c-/src/BotCore/BotCore.csproj]
/home/runner/work/trading-bot-c-/trading-bot-c-/src/BotCore/Supervisor/StatusService.cs(37,17): error S1066: Merge this if statement with the enclosing one. (https://rules.sonarsource.com/csharp/RSPEC-1066) [/home/runner/work/trading-bot-c-/trading-bot-c-/src/BotCore/BotCore.csproj]
/home/runner/work/trading-bot-c-/trading-bot-c-/src/BotCore/Supervisor/StatusService.cs(78,21): error CA1848: For improved performance, use the LoggerMessage delegates instead of calling 'LoggerExtensions.LogInformation(ILogger, string?, params object?[])' (https://learn.microsoft.com/dotnet/fundamentals/code-analysis/quality-rules/ca1848) [/home/runner/work/trading-bot-c-/trading-bot-c-/src/BotCore/BotCore.csproj]
/home/runner/work/trading-bot-c-/trading-bot-c-/src/BotCore/Supervisor/StatusService.cs(83,13): error CA1848: For improved performance, use the LoggerMessage delegates instead of calling 'LoggerExtensions.LogInformation(ILogger, string?, params object?[])' (https://learn.microsoft.com/dotnet/fundamentals/code-analysis/quality-rules/ca1848) [/home/runner/work/trading-bot-c-/trading-bot-c-/src/BotCore/BotCore.csproj]
/home/runner/work/trading-bot-c-/trading-bot-c-/src/BotCore/Services/EnhancedAutoRlTrainer.cs(143,34): error S138: This method 'TrainModelAsync' has 92 lines, which is greater than the 80 lines authorized. Split it into smaller methods. (https://rules.sonarsource.com/csharp/RSPEC-138) [/home/runner/work/trading-bot-c-/trading-bot-c-/src/BotCore/BotCore.csproj]
/home/runner/work/trading-bot-c-/trading-bot-c-/src/BotCore/Services/EnhancedAutoRlTrainer.cs(152,21): error CA1848: For improved performance, use the LoggerMessage delegates instead of calling 'LoggerExtensions.LogError(ILogger, string?, params object?[])' (https://learn.microsoft.com/dotnet/fundamentals/code-analysis/quality-rules/ca1848) [/home/runner/work/trading-bot-c-/trading-bot-c-/src/BotCore/BotCore.csproj]
/home/runner/work/trading-bot-c-/trading-bot-c-/src/BotCore/Services/EnhancedAutoRlTrainer.cs(162,17): error CA1848: For improved performance, use the LoggerMessage delegates instead of calling 'LoggerExtensions.LogInformation(ILogger, string?, params object?[])' (https://learn.microsoft.com/dotnet/fundamentals/code-analysis/quality-rules/ca1848) [/home/runner/work/trading-bot-c-/trading-bot-c-/src/BotCore/BotCore.csproj]
/home/runner/work/trading-bot-c-/trading-bot-c-/src/BotCore/Services/EnhancedAutoRlTrainer.cs(186,25): error CA1848: For improved performance, use the LoggerMessage delegates instead of calling 'LoggerExtensions.LogDebug(ILogger, string?, params object?[])' (https://learn.microsoft.com/dotnet/fundamentals/code-analysis/quality-rules/ca1848) [/home/runner/work/trading-bot-c-/trading-bot-c-/src/BotCore/BotCore.csproj]
/home/runner/work/trading-bot-c-/trading-bot-c-/src/BotCore/Services/EnhancedAutoRlTrainer.cs(195,25): error CA1848: For improved performance, use the LoggerMessage delegates instead of calling 'LoggerExtensions.LogWarning(ILogger, string?, params object?[])' (https://learn.microsoft.com/dotnet/fundamentals/code-analysis/quality-rules/ca1848) [/home/runner/work/trading-bot-c-/trading-bot-c-/src/BotCore/BotCore.csproj]
/home/runner/work/trading-bot-c-/trading-bot-c-/src/BotCore/Services/EnhancedAutoRlTrainer.cs(208,21): error CA1848: For improved performance, use the LoggerMessage delegates instead of calling 'LoggerExtensions.LogError(ILogger, string?, params object?[])' (https://learn.microsoft.com/dotnet/fundamentals/code-analysis/quality-rules/ca1848) [/home/runner/work/trading-bot-c-/trading-bot-c-/src/BotCore/BotCore.csproj]
/home/runner/work/trading-bot-c-/trading-bot-c-/src/BotCore/Services/EnhancedAutoRlTrainer.cs(220,25): error CA1848: For improved performance, use the LoggerMessage delegates instead of calling 'LoggerExtensions.LogInformation(ILogger, string?, params object?[])' (https://learn.microsoft.com/dotnet/fundamentals/code-analysis/quality-rules/ca1848) [/home/runner/work/trading-bot-c-/trading-bot-c-/src/BotCore/BotCore.csproj]
/home/runner/work/trading-bot-c-/trading-bot-c-/src/BotCore/Services/EnhancedAutoRlTrainer.cs(225,21): error CA1848: For improved performance, use the LoggerMessage delegates instead of calling 'LoggerExtensions.LogInformation(ILogger, string?, params object?[])' (https://learn.microsoft.com/dotnet/fundamentals/code-analysis/quality-rules/ca1848) [/home/runner/work/trading-bot-c-/trading-bot-c-/src/BotCore/BotCore.csproj]
/home/runner/work/trading-bot-c-/trading-bot-c-/src/BotCore/Services/EnhancedAutoRlTrainer.cs(234,21): error CA1848: For improved performance, use the LoggerMessage delegates instead of calling 'LoggerExtensions.LogError(ILogger, string?, params object?[])' (https://learn.microsoft.com/dotnet/fundamentals/code-analysis/quality-rules/ca1848) [/home/runner/work/trading-bot-c-/trading-bot-c-/src/BotCore/BotCore.csproj]
/home/runner/work/trading-bot-c-/trading-bot-c-/src/BotCore/Services/EnhancedAutoRlTrainer.cs(237,25): error CA1848: For improved performance, use the LoggerMessage delegates instead of calling 'LoggerExtensions.LogError(ILogger, string?, params object?[])' (https://learn.microsoft.com/dotnet/fundamentals/code-analysis/quality-rules/ca1848) [/home/runner/work/trading-bot-c-/trading-bot-c-/src/BotCore/BotCore.csproj]
/home/runner/work/trading-bot-c-/trading-bot-c-/src/BotCore/Services/EnhancedAutoRlTrainer.cs(244,17): error CA1848: For improved performance, use the LoggerMessage delegates instead of calling 'LoggerExtensions.LogError(ILogger, Exception?, string?, params object?[])' (https://learn.microsoft.com/dotnet/fundamentals/code-analysis/quality-rules/ca1848) [/home/runner/work/trading-bot-c-/trading-bot-c-/src/BotCore/BotCore.csproj]
/home/runner/work/trading-bot-c-/trading-bot-c-/src/BotCore/Services/EnhancedAutoRlTrainer.cs(249,17): error CA1848: For improved performance, use the LoggerMessage delegates instead of calling 'LoggerExtensions.LogError(ILogger, Exception?, string?, params object?[])' (https://learn.microsoft.com/dotnet/fundamentals/code-analysis/quality-rules/ca1848) [/home/runner/work/trading-bot-c-/trading-bot-c-/src/BotCore/BotCore.csproj]
/home/runner/work/trading-bot-c-/trading-bot-c-/src/BotCore/Services/EnhancedAutoRlTrainer.cs(254,17): error CA1848: For improved performance, use the LoggerMessage delegates instead of calling 'LoggerExtensions.LogError(ILogger, Exception?, string?, params object?[])' (https://learn.microsoft.com/dotnet/fundamentals/code-analysis/quality-rules/ca1848) [/home/runner/work/trading-bot-c-/trading-bot-c-/src/BotCore/BotCore.csproj]
/home/runner/work/trading-bot-c-/trading-bot-c-/src/BotCore/PositionAgent.cs(22,33): error S2629: Don't use string interpolation in logging message templates. (https://rules.sonarsource.com/csharp/RSPEC-2629) [/home/runner/work/trading-bot-c-/trading-bot-c-/src/BotCore/BotCore.csproj]
/home/runner/work/trading-bot-c-/trading-bot-c-/src/BotCore/PositionAgent.cs(22,13): error CA1848: For improved performance, use the LoggerMessage delegates instead of calling 'LoggerExtensions.LogInformation(ILogger, string?, params object?[])' (https://learn.microsoft.com/dotnet/fundamentals/code-analysis/quality-rules/ca1848) [/home/runner/work/trading-bot-c-/trading-bot-c-/src/BotCore/BotCore.csproj]
/home/runner/work/trading-bot-c-/trading-bot-c-/src/BotCore/PositionAgent.cs(22,33): error CA2254: The logging message template should not vary between calls to 'LoggerExtensions.LogInformation(ILogger, string?, params object?[])' (https://learn.microsoft.com/dotnet/fundamentals/code-analysis/quality-rules/ca2254) [/home/runner/work/trading-bot-c-/trading-bot-c-/src/BotCore/BotCore.csproj]
/home/runner/work/trading-bot-c-/trading-bot-c-/src/BotCore/PositionAgent.cs(28,33): error S2629: Don't use string interpolation in logging message templates. (https://rules.sonarsource.com/csharp/RSPEC-2629) [/home/runner/work/trading-bot-c-/trading-bot-c-/src/BotCore/BotCore.csproj]
/home/runner/work/trading-bot-c-/trading-bot-c-/src/BotCore/PositionAgent.cs(28,13): error CA1848: For improved performance, use the LoggerMessage delegates instead of calling 'LoggerExtensions.LogInformation(ILogger, string?, params object?[])' (https://learn.microsoft.com/dotnet/fundamentals/code-analysis/quality-rules/ca1848) [/home/runner/work/trading-bot-c-/trading-bot-c-/src/BotCore/BotCore.csproj]
/home/runner/work/trading-bot-c-/trading-bot-c-/src/BotCore/PositionAgent.cs(28,33): error CA2254: The logging message template should not vary between calls to 'LoggerExtensions.LogInformation(ILogger, string?, params object?[])' (https://learn.microsoft.com/dotnet/fundamentals/code-analysis/quality-rules/ca2254) [/home/runner/work/trading-bot-c-/trading-bot-c-/src/BotCore/BotCore.csproj]
/home/runner/work/trading-bot-c-/trading-bot-c-/src/BotCore/PositionAgent.cs(31,33): error CA1024: Use properties where appropriate (https://learn.microsoft.com/dotnet/fundamentals/code-analysis/quality-rules/ca1024) [/home/runner/work/trading-bot-c-/trading-bot-c-/src/BotCore/BotCore.csproj]
/home/runner/work/trading-bot-c-/trading-bot-c-/src/BotCore/PositionAgent.cs(33,24): error CA1024: Use properties where appropriate (https://learn.microsoft.com/dotnet/fundamentals/code-analysis/quality-rules/ca1024) [/home/runner/work/trading-bot-c-/trading-bot-c-/src/BotCore/BotCore.csproj]
/home/runner/work/trading-bot-c-/trading-bot-c-/src/BotCore/Services/EnhancedTrainingDataService.cs(158,17): error CA1848: For improved performance, use the LoggerMessage delegates instead of calling 'LoggerExtensions.LogWarning(ILogger, string?, params object?[])' (https://learn.microsoft.com/dotnet/fundamentals/code-analysis/quality-rules/ca1848) [/home/runner/work/trading-bot-c-/trading-bot-c-/src/BotCore/BotCore.csproj]
/home/runner/work/trading-bot-c-/trading-bot-c-/src/BotCore/Services/EnhancedTrainingDataService.cs(166,17): error CA1848: For improved performance, use the LoggerMessage delegates instead of calling 'LoggerExtensions.LogInformation(ILogger, string?, params object?[])' (https://learn.microsoft.com/dotnet/fundamentals/code-analysis/quality-rules/ca1848) [/home/runner/work/trading-bot-c-/trading-bot-c-/src/BotCore/BotCore.csproj]
/home/runner/work/trading-bot-c-/trading-bot-c-/src/BotCore/Services/EnhancedTrainingDataService.cs(188,21): error CA1848: For improved performance, use the LoggerMessage delegates instead of calling 'LoggerExtensions.LogWarning(ILogger, Exception?, string?, params object?[])' (https://learn.microsoft.com/dotnet/fundamentals/code-analysis/quality-rules/ca1848) [/home/runner/work/trading-bot-c-/trading-bot-c-/src/BotCore/BotCore.csproj]
/home/runner/work/trading-bot-c-/trading-bot-c-/src/BotCore/Services/EnhancedTrainingDataService.cs(192,21): error CA1848: For improved performance, use the LoggerMessage delegates instead of calling 'LoggerExtensions.LogWarning(ILogger, Exception?, string?, params object?[])' (https://learn.microsoft.com/dotnet/fundamentals/code-analysis/quality-rules/ca1848) [/home/runner/work/trading-bot-c-/trading-bot-c-/src/BotCore/BotCore.csproj]
/home/runner/work/trading-bot-c-/trading-bot-c-/src/BotCore/Services/EnhancedTrainingDataService.cs(201,17): error CA1848: For improved performance, use the LoggerMessage delegates instead of calling 'LoggerExtensions.LogInformation(ILogger, string?, params object?[])' (https://learn.microsoft.com/dotnet/fundamentals/code-analysis/quality-rules/ca1848) [/home/runner/work/trading-bot-c-/trading-bot-c-/src/BotCore/BotCore.csproj]
/home/runner/work/trading-bot-c-/trading-bot-c-/src/BotCore/Services/ProductionBreadthFeedService.cs(40,13): error CA1848: For improved performance, use the LoggerMessage delegates instead of calling 'LoggerExtensions.LogInformation(ILogger, string?, params object?[])' (https://learn.microsoft.com/dotnet/fundamentals/code-analysis/quality-rules/ca1848) [/home/runner/work/trading-bot-c-/trading-bot-c-/src/BotCore/BotCore.csproj]
/home/runner/work/trading-bot-c-/trading-bot-c-/src/BotCore/Services/EnhancedAutoRlTrainer.cs(268,21): error CA1848: For improved performance, use the LoggerMessage delegates instead of calling 'LoggerExtensions.LogInformation(ILogger, string?, params object?[])' (https://learn.microsoft.com/dotnet/fundamentals/code-analysis/quality-rules/ca1848) [/home/runner/work/trading-bot-c-/trading-bot-c-/src/BotCore/BotCore.csproj]
/home/runner/work/trading-bot-c-/trading-bot-c-/src/BotCore/Services/ProductionBreadthFeedService.cs(75,20): error S1696: Do not catch NullReferenceException; test for null instead. (https://rules.sonarsource.com/csharp/RSPEC-1696) [/home/runner/work/trading-bot-c-/trading-bot-c-/src/BotCore/BotCore.csproj]
/home/runner/work/trading-bot-c-/trading-bot-c-/src/BotCore/Services/ProductionBreadthFeedService.cs(66,21): error S2589: Remove this unnecessary check for null. (https://rules.sonarsource.com/csharp/RSPEC-2589) [/home/runner/work/trading-bot-c-/trading-bot-c-/src/BotCore/BotCore.csproj]
/home/runner/work/trading-bot-c-/trading-bot-c-/src/BotCore/Services/ProductionBreadthFeedService.cs(66,122): error S2589: Remove this unnecessary check for null. (https://rules.sonarsource.com/csharp/RSPEC-2589) [/home/runner/work/trading-bot-c-/trading-bot-c-/src/BotCore/BotCore.csproj]
/home/runner/work/trading-bot-c-/trading-bot-c-/src/BotCore/Services/ProductionBreadthFeedService.cs(52,17): error CA1848: For improved performance, use the LoggerMessage delegates instead of calling 'LoggerExtensions.LogDebug(ILogger, string?, params object?[])' (https://learn.microsoft.com/dotnet/fundamentals/code-analysis/quality-rules/ca1848) [/home/runner/work/trading-bot-c-/trading-bot-c-/src/BotCore/BotCore.csproj]
/home/runner/work/trading-bot-c-/trading-bot-c-/src/BotCore/Services/ProductionBreadthFeedService.cs(66,29): error CA1848: For improved performance, use the LoggerMessage delegates instead of calling 'LoggerExtensions.LogDebug(ILogger, string?, params object?[])' (https://learn.microsoft.com/dotnet/fundamentals/code-analysis/quality-rules/ca1848) [/home/runner/work/trading-bot-c-/trading-bot-c-/src/BotCore/BotCore.csproj]
/home/runner/work/trading-bot-c-/trading-bot-c-/src/BotCore/Services/ProductionBreadthFeedService.cs(71,29): error CA1848: For improved performance, use the LoggerMessage delegates instead of calling 'LoggerExtensions.LogError(ILogger, string?, params object?[])' (https://learn.microsoft.com/dotnet/fundamentals/code-analysis/quality-rules/ca1848) [/home/runner/work/trading-bot-c-/trading-bot-c-/src/BotCore/BotCore.csproj]
/home/runner/work/trading-bot-c-/trading-bot-c-/src/BotCore/Services/ProductionBreadthFeedService.cs(77,17): error CA1848: For improved performance, use the LoggerMessage delegates instead of calling 'LoggerExtensions.LogError(ILogger, Exception?, string?, params object?[])' (https://learn.microsoft.com/dotnet/fundamentals/code-analysis/quality-rules/ca1848) [/home/runner/work/trading-bot-c-/trading-bot-c-/src/BotCore/BotCore.csproj]
/home/runner/work/trading-bot-c-/trading-bot-c-/src/BotCore/Services/ProductionBreadthFeedService.cs(82,17): error CA1848: For improved performance, use the LoggerMessage delegates instead of calling 'LoggerExtensions.LogError(ILogger, Exception?, string?, params object?[])' (https://learn.microsoft.com/dotnet/fundamentals/code-analysis/quality-rules/ca1848) [/home/runner/work/trading-bot-c-/trading-bot-c-/src/BotCore/BotCore.csproj]
/home/runner/work/trading-bot-c-/trading-bot-c-/src/BotCore/Services/EnhancedAutoRlTrainer.cs(282,17): error S1075: Refactor your code not to use hardcoded absolute paths or URIs. (https://rules.sonarsource.com/csharp/RSPEC-1075) [/home/runner/work/trading-bot-c-/trading-bot-c-/src/BotCore/BotCore.csproj]
/home/runner/work/trading-bot-c-/trading-bot-c-/src/BotCore/Services/EnhancedAutoRlTrainer.cs(283,17): error S1075: Refactor your code not to use hardcoded absolute paths or URIs. (https://rules.sonarsource.com/csharp/RSPEC-1075) [/home/runner/work/trading-bot-c-/trading-bot-c-/src/BotCore/BotCore.csproj]
/home/runner/work/trading-bot-c-/trading-bot-c-/src/BotCore/Services/EnhancedAutoRlTrainer.cs(284,17): error S1075: Refactor your code not to use hardcoded absolute paths or URIs. (https://rules.sonarsource.com/csharp/RSPEC-1075) [/home/runner/work/trading-bot-c-/trading-bot-c-/src/BotCore/BotCore.csproj]
/home/runner/work/trading-bot-c-/trading-bot-c-/src/BotCore/Services/EnhancedAutoRlTrainer.cs(285,17): error S1075: Refactor your code not to use hardcoded absolute paths or URIs. (https://rules.sonarsource.com/csharp/RSPEC-1075) [/home/runner/work/trading-bot-c-/trading-bot-c-/src/BotCore/BotCore.csproj]
/home/runner/work/trading-bot-c-/trading-bot-c-/src/BotCore/RlTrainingDataCollector.cs(250,52): error CA1307: 'string.GetHashCode()' has a method overload that takes a 'StringComparison' parameter. Replace this call in 'BotCore.RlTrainingDataCollector.CreateFeatureSnapshot(string, string, string, decimal, decimal)' with a call to 'string.GetHashCode(System.StringComparison)' for clarity of intent. (https://learn.microsoft.com/dotnet/fundamentals/code-analysis/quality-rules/ca1307) [/home/runner/work/trading-bot-c-/trading-bot-c-/src/BotCore/BotCore.csproj]
/home/runner/work/trading-bot-c-/trading-bot-c-/src/BotCore/RlTrainingDataCollector.cs(253,56): error CA1307: 'string.GetHashCode()' has a method overload that takes a 'StringComparison' parameter. Replace this call in 'BotCore.RlTrainingDataCollector.CreateFeatureSnapshot(string, string, string, decimal, decimal)' with a call to 'string.GetHashCode(System.StringComparison)' for clarity of intent. (https://learn.microsoft.com/dotnet/fundamentals/code-analysis/quality-rules/ca1307) [/home/runner/work/trading-bot-c-/trading-bot-c-/src/BotCore/BotCore.csproj]
/home/runner/work/trading-bot-c-/trading-bot-c-/src/BotCore/RlTrainingDataCollector.cs(256,54): error CA1307: 'string.GetHashCode()' has a method overload that takes a 'StringComparison' parameter. Replace this call in 'BotCore.RlTrainingDataCollector.CreateFeatureSnapshot(string, string, string, decimal, decimal)' with a call to 'string.GetHashCode(System.StringComparison)' for clarity of intent. (https://learn.microsoft.com/dotnet/fundamentals/code-analysis/quality-rules/ca1307) [/home/runner/work/trading-bot-c-/trading-bot-c-/src/BotCore/BotCore.csproj]
/home/runner/work/trading-bot-c-/trading-bot-c-/src/BotCore/RlTrainingDataCollector.cs(257,57): error CA1307: 'string.GetHashCode()' has a method overload that takes a 'StringComparison' parameter. Replace this call in 'BotCore.RlTrainingDataCollector.CreateFeatureSnapshot(string, string, string, decimal, decimal)' with a call to 'string.GetHashCode(System.StringComparison)' for clarity of intent. (https://learn.microsoft.com/dotnet/fundamentals/code-analysis/quality-rules/ca1307) [/home/runner/work/trading-bot-c-/trading-bot-c-/src/BotCore/BotCore.csproj]
/home/runner/work/trading-bot-c-/trading-bot-c-/src/BotCore/Services/EnhancedTrainingDataService.cs(223,21): error CA1848: For improved performance, use the LoggerMessage delegates instead of calling 'LoggerExtensions.LogInformation(ILogger, string?, params object?[])' (https://learn.microsoft.com/dotnet/fundamentals/code-analysis/quality-rules/ca1848) [/home/runner/work/trading-bot-c-/trading-bot-c-/src/BotCore/BotCore.csproj]
/home/runner/work/trading-bot-c-/trading-bot-c-/src/BotCore/Services/EnhancedAutoRlTrainer.cs(325,13): error CA1848: For improved performance, use the LoggerMessage delegates instead of calling 'LoggerExtensions.LogInformation(ILogger, string?, params object?[])' (https://learn.microsoft.com/dotnet/fundamentals/code-analysis/quality-rules/ca1848) [/home/runner/work/trading-bot-c-/trading-bot-c-/src/BotCore/BotCore.csproj]
/home/runner/work/trading-bot-c-/trading-bot-c-/src/BotCore/Services/ProductionBreadthFeedService.cs(99,21): error CA1848: For improved performance, use the LoggerMessage delegates instead of calling 'LoggerExtensions.LogError(ILogger, string?, params object?[])' (https://learn.microsoft.com/dotnet/fundamentals/code-analysis/quality-rules/ca1848) [/home/runner/work/trading-bot-c-/trading-bot-c-/src/BotCore/BotCore.csproj]
/home/runner/work/trading-bot-c-/trading-bot-c-/src/BotCore/Services/ProductionBreadthFeedService.cs(103,17): error CA1848: For improved performance, use the LoggerMessage delegates instead of calling 'LoggerExtensions.LogError(ILogger, string?, params object?[])' (https://learn.microsoft.com/dotnet/fundamentals/code-analysis/quality-rules/ca1848) [/home/runner/work/trading-bot-c-/trading-bot-c-/src/BotCore/BotCore.csproj]
/home/runner/work/trading-bot-c-/trading-bot-c-/src/BotCore/Services/ProductionBreadthFeedService.cs(112,17): error CA1848: For improved performance, use the LoggerMessage delegates instead of calling 'LoggerExtensions.LogDebug(ILogger, string?, params object?[])' (https://learn.microsoft.com/dotnet/fundamentals/code-analysis/quality-rules/ca1848) [/home/runner/work/trading-bot-c-/trading-bot-c-/src/BotCore/BotCore.csproj]
/home/runner/work/trading-bot-c-/trading-bot-c-/src/BotCore/Services/ProductionBreadthFeedService.cs(122,17): error CA1848: For improved performance, use the LoggerMessage delegates instead of calling 'LoggerExtensions.LogError(ILogger, Exception?, string?, params object?[])' (https://learn.microsoft.com/dotnet/fundamentals/code-analysis/quality-rules/ca1848) [/home/runner/work/trading-bot-c-/trading-bot-c-/src/BotCore/BotCore.csproj]
/home/runner/work/trading-bot-c-/trading-bot-c-/src/BotCore/Services/ProductionBreadthFeedService.cs(127,17): error CA1848: For improved performance, use the LoggerMessage delegates instead of calling 'LoggerExtensions.LogError(ILogger, Exception?, string?, params object?[])' (https://learn.microsoft.com/dotnet/fundamentals/code-analysis/quality-rules/ca1848) [/home/runner/work/trading-bot-c-/trading-bot-c-/src/BotCore/BotCore.csproj]
/home/runner/work/trading-bot-c-/trading-bot-c-/src/BotCore/Services/ProductionBreadthFeedService.cs(132,17): error CA1848: For improved performance, use the LoggerMessage delegates instead of calling 'LoggerExtensions.LogError(ILogger, Exception?, string?, params object?[])' (https://learn.microsoft.com/dotnet/fundamentals/code-analysis/quality-rules/ca1848) [/home/runner/work/trading-bot-c-/trading-bot-c-/src/BotCore/BotCore.csproj]
/home/runner/work/trading-bot-c-/trading-bot-c-/src/BotCore/Services/ZoneMarketDataBridge.cs(43,21): error CA1848: For improved performance, use the LoggerMessage delegates instead of calling 'LoggerExtensions.LogWarning(ILogger, string?, params object?[])' (https://learn.microsoft.com/dotnet/fundamentals/code-analysis/quality-rules/ca1848) [/home/runner/work/trading-bot-c-/trading-bot-c-/src/BotCore/BotCore.csproj]
/home/runner/work/trading-bot-c-/trading-bot-c-/src/BotCore/Services/ZoneMarketDataBridge.cs(49,21): error CA1848: For improved performance, use the LoggerMessage delegates instead of calling 'LoggerExtensions.LogWarning(ILogger, string?, params object?[])' (https://learn.microsoft.com/dotnet/fundamentals/code-analysis/quality-rules/ca1848) [/home/runner/work/trading-bot-c-/trading-bot-c-/src/BotCore/BotCore.csproj]
/home/runner/work/trading-bot-c-/trading-bot-c-/src/BotCore/Services/ZoneMarketDataBridge.cs(56,17): error CA1848: For improved performance, use the LoggerMessage delegates instead of calling 'LoggerExtensions.LogInformation(ILogger, string?, params object?[])' (https://learn.microsoft.com/dotnet/fundamentals/code-analysis/quality-rules/ca1848) [/home/runner/work/trading-bot-c-/trading-bot-c-/src/BotCore/BotCore.csproj]
/home/runner/work/trading-bot-c-/trading-bot-c-/src/BotCore/Services/ZoneMarketDataBridge.cs(61,17): error CA1848: For improved performance, use the LoggerMessage delegates instead of calling 'LoggerExtensions.LogError(ILogger, Exception?, string?, params object?[])' (https://learn.microsoft.com/dotnet/fundamentals/code-analysis/quality-rules/ca1848) [/home/runner/work/trading-bot-c-/trading-bot-c-/src/BotCore/BotCore.csproj]
/home/runner/work/trading-bot-c-/trading-bot-c-/src/BotCore/Services/ZoneMarketDataBridge.cs(66,17): error CA1848: For improved performance, use the LoggerMessage delegates instead of calling 'LoggerExtensions.LogError(ILogger, Exception?, string?, params object?[])' (https://learn.microsoft.com/dotnet/fundamentals/code-analysis/quality-rules/ca1848) [/home/runner/work/trading-bot-c-/trading-bot-c-/src/BotCore/BotCore.csproj]
/home/runner/work/trading-bot-c-/trading-bot-c-/src/BotCore/Services/ZoneMarketDataBridge.cs(71,17): error CA1848: For improved performance, use the LoggerMessage delegates instead of calling 'LoggerExtensions.LogError(ILogger, Exception?, string?, params object?[])' (https://learn.microsoft.com/dotnet/fundamentals/code-analysis/quality-rules/ca1848) [/home/runner/work/trading-bot-c-/trading-bot-c-/src/BotCore/BotCore.csproj]
/home/runner/work/trading-bot-c-/trading-bot-c-/src/BotCore/Services/ZoneMarketDataBridge.cs(83,13): error CA1848: For improved performance, use the LoggerMessage delegates instead of calling 'LoggerExtensions.LogInformation(ILogger, string?, params object?[])' (https://learn.microsoft.com/dotnet/fundamentals/code-analysis/quality-rules/ca1848) [/home/runner/work/trading-bot-c-/trading-bot-c-/src/BotCore/BotCore.csproj]
/home/runner/work/trading-bot-c-/trading-bot-c-/src/BotCore/Services/EnhancedTrainingDataService.cs(251,13): error CA1848: For improved performance, use the LoggerMessage delegates instead of calling 'LoggerExtensions.LogDebug(ILogger, string?, params object?[])' (https://learn.microsoft.com/dotnet/fundamentals/code-analysis/quality-rules/ca1848) [/home/runner/work/trading-bot-c-/trading-bot-c-/src/BotCore/BotCore.csproj]
/home/runner/work/trading-bot-c-/trading-bot-c-/src/BotCore/Patterns/PatternEngine.cs(86,17): error CA1848: For improved performance, use the LoggerMessage delegates instead of calling 'LoggerExtensions.LogWarning(ILogger, Exception?, string?, params object?[])' (https://learn.microsoft.com/dotnet/fundamentals/code-analysis/quality-rules/ca1848) [/home/runner/work/trading-bot-c-/trading-bot-c-/src/BotCore/BotCore.csproj]
/home/runner/work/trading-bot-c-/trading-bot-c-/src/BotCore/Patterns/PatternEngine.cs(90,17): error CA1848: For improved performance, use the LoggerMessage delegates instead of calling 'LoggerExtensions.LogWarning(ILogger, Exception?, string?, params object?[])' (https://learn.microsoft.com/dotnet/fundamentals/code-analysis/quality-rules/ca1848) [/home/runner/work/trading-bot-c-/trading-bot-c-/src/BotCore/BotCore.csproj]
/home/runner/work/trading-bot-c-/trading-bot-c-/src/BotCore/Patterns/PatternEngine.cs(102,9): error CA1848: For improved performance, use the LoggerMessage delegates instead of calling 'LoggerExtensions.LogDebug(ILogger, string?, params object?[])' (https://learn.microsoft.com/dotnet/fundamentals/code-analysis/quality-rules/ca1848) [/home/runner/work/trading-bot-c-/trading-bot-c-/src/BotCore/BotCore.csproj]
/home/runner/work/trading-bot-c-/trading-bot-c-/src/BotCore/Services/ZoneMarketDataBridge.cs(118,20): error S1696: Do not catch NullReferenceException; test for null instead. (https://rules.sonarsource.com/csharp/RSPEC-1696) [/home/runner/work/trading-bot-c-/trading-bot-c-/src/BotCore/BotCore.csproj]
/home/runner/work/trading-bot-c-/trading-bot-c-/src/BotCore/Services/ProductionBreadthFeedService.cs(149,21): error CA1848: For improved performance, use the LoggerMessage delegates instead of calling 'LoggerExtensions.LogError(ILogger, string?, params object?[])' (https://learn.microsoft.com/dotnet/fundamentals/code-analysis/quality-rules/ca1848) [/home/runner/work/trading-bot-c-/trading-bot-c-/src/BotCore/BotCore.csproj]
/home/runner/work/trading-bot-c-/trading-bot-c-/src/BotCore/Services/ProductionBreadthFeedService.cs(153,17): error CA1848: For improved performance, use the LoggerMessage delegates instead of calling 'LoggerExtensions.LogError(ILogger, string?, params object?[])' (https://learn.microsoft.com/dotnet/fundamentals/code-analysis/quality-rules/ca1848) [/home/runner/work/trading-bot-c-/trading-bot-c-/src/BotCore/BotCore.csproj]
/home/runner/work/trading-bot-c-/trading-bot-c-/src/BotCore/Services/ProductionBreadthFeedService.cs(162,17): error CA1848: For improved performance, use the LoggerMessage delegates instead of calling 'LoggerExtensions.LogDebug(ILogger, string?, params object?[])' (https://learn.microsoft.com/dotnet/fundamentals/code-analysis/quality-rules/ca1848) [/home/runner/work/trading-bot-c-/trading-bot-c-/src/BotCore/BotCore.csproj]
/home/runner/work/trading-bot-c-/trading-bot-c-/src/BotCore/Services/ProductionBreadthFeedService.cs(172,17): error CA1848: For improved performance, use the LoggerMessage delegates instead of calling 'LoggerExtensions.LogError(ILogger, Exception?, string?, params object?[])' (https://learn.microsoft.com/dotnet/fundamentals/code-analysis/quality-rules/ca1848) [/home/runner/work/trading-bot-c-/trading-bot-c-/src/BotCore/BotCore.csproj]
/home/runner/work/trading-bot-c-/trading-bot-c-/src/BotCore/Services/ProductionBreadthFeedService.cs(177,17): error CA1848: For improved performance, use the LoggerMessage delegates instead of calling 'LoggerExtensions.LogError(ILogger, Exception?, string?, params object?[])' (https://learn.microsoft.com/dotnet/fundamentals/code-analysis/quality-rules/ca1848) [/home/runner/work/trading-bot-c-/trading-bot-c-/src/BotCore/BotCore.csproj]
/home/runner/work/trading-bot-c-/trading-bot-c-/src/BotCore/Services/ProductionBreadthFeedService.cs(182,17): error CA1848: For improved performance, use the LoggerMessage delegates instead of calling 'LoggerExtensions.LogError(ILogger, Exception?, string?, params object?[])' (https://learn.microsoft.com/dotnet/fundamentals/code-analysis/quality-rules/ca1848) [/home/runner/work/trading-bot-c-/trading-bot-c-/src/BotCore/BotCore.csproj]
/home/runner/work/trading-bot-c-/trading-bot-c-/src/BotCore/Supervisor/SignalJournal.cs(41,41): error S3878: Remove this array creation and simply pass the elements. (https://rules.sonarsource.com/csharp/RSPEC-3878) [/home/runner/work/trading-bot-c-/trading-bot-c-/src/BotCore/BotCore.csproj]
/home/runner/work/trading-bot-c-/trading-bot-c-/src/BotCore/Services/ZoneMarketDataBridge.cs(106,25): error CA1848: For improved performance, use the LoggerMessage delegates instead of calling 'LoggerExtensions.LogTrace(ILogger, string?, params object?[])' (https://learn.microsoft.com/dotnet/fundamentals/code-analysis/quality-rules/ca1848) [/home/runner/work/trading-bot-c-/trading-bot-c-/src/BotCore/BotCore.csproj]
/home/runner/work/trading-bot-c-/trading-bot-c-/src/BotCore/Services/ZoneMarketDataBridge.cs(112,17): error CA1848: For improved performance, use the LoggerMessage delegates instead of calling 'LoggerExtensions.LogError(ILogger, Exception?, string?, params object?[])' (https://learn.microsoft.com/dotnet/fundamentals/code-analysis/quality-rules/ca1848) [/home/runner/work/trading-bot-c-/trading-bot-c-/src/BotCore/BotCore.csproj]
/home/runner/work/trading-bot-c-/trading-bot-c-/src/BotCore/Services/ZoneMarketDataBridge.cs(116,17): error CA1848: For improved performance, use the LoggerMessage delegates instead of calling 'LoggerExtensions.LogError(ILogger, Exception?, string?, params object?[])' (https://learn.microsoft.com/dotnet/fundamentals/code-analysis/quality-rules/ca1848) [/home/runner/work/trading-bot-c-/trading-bot-c-/src/BotCore/BotCore.csproj]
/home/runner/work/trading-bot-c-/trading-bot-c-/src/BotCore/Services/ZoneMarketDataBridge.cs(120,17): error CA1848: For improved performance, use the LoggerMessage delegates instead of calling 'LoggerExtensions.LogError(ILogger, Exception?, string?, params object?[])' (https://learn.microsoft.com/dotnet/fundamentals/code-analysis/quality-rules/ca1848) [/home/runner/work/trading-bot-c-/trading-bot-c-/src/BotCore/BotCore.csproj]
/home/runner/work/trading-bot-c-/trading-bot-c-/src/BotCore/Resilience/EnhancedProductionResilienceService.cs(302,153): error SCS0005: Weak random number generator. (https://security-code-scan.github.io/#SCS0005) [/home/runner/work/trading-bot-c-/trading-bot-c-/src/BotCore/BotCore.csproj]
/home/runner/work/trading-bot-c-/trading-bot-c-/src/BotCore/Resilience/EnhancedProductionResilienceService.cs(302,153): error CA5394: Random is an insecure random number generator. Use cryptographically secure random number generators when randomness is required for security. (https://learn.microsoft.com/dotnet/fundamentals/code-analysis/quality-rules/ca5394) [/home/runner/work/trading-bot-c-/trading-bot-c-/src/BotCore/BotCore.csproj]
/home/runner/work/trading-bot-c-/trading-bot-c-/src/BotCore/Risk/RiskEngine.cs(425,24): error CA1024: Use properties where appropriate (https://learn.microsoft.com/dotnet/fundamentals/code-analysis/quality-rules/ca1024) [/home/runner/work/trading-bot-c-/trading-bot-c-/src/BotCore/BotCore.csproj]
/home/runner/work/trading-bot-c-/trading-bot-c-/src/BotCore/RlTrainingDataCollector.cs(330,25): error S6667: Logging in a catch clause should pass the caught exception as a parameter. (https://rules.sonarsource.com/csharp/RSPEC-6667) [/home/runner/work/trading-bot-c-/trading-bot-c-/src/BotCore/BotCore.csproj]
/home/runner/work/trading-bot-c-/trading-bot-c-/src/BotCore/RlTrainingDataCollector.cs(334,25): error S6667: Logging in a catch clause should pass the caught exception as a parameter. (https://rules.sonarsource.com/csharp/RSPEC-6667) [/home/runner/work/trading-bot-c-/trading-bot-c-/src/BotCore/BotCore.csproj]
/home/runner/work/trading-bot-c-/trading-bot-c-/src/BotCore/RlTrainingDataCollector.cs(338,25): error S6667: Logging in a catch clause should pass the caught exception as a parameter. (https://rules.sonarsource.com/csharp/RSPEC-6667) [/home/runner/work/trading-bot-c-/trading-bot-c-/src/BotCore/BotCore.csproj]
/home/runner/work/trading-bot-c-/trading-bot-c-/src/BotCore/RlTrainingDataCollector.cs(281,30): error S1541: The Cyclomatic Complexity of this method is 11 which is greater than 10 authorized. (https://rules.sonarsource.com/csharp/RSPEC-1541) [/home/runner/work/trading-bot-c-/trading-bot-c-/src/BotCore/BotCore.csproj]
/home/runner/work/trading-bot-c-/trading-bot-c-/src/BotCore/RlTrainingDataCollector.cs(330,25): error CA1848: For improved performance, use the LoggerMessage delegates instead of calling 'LoggerExtensions.LogWarning(ILogger, string?, params object?[])' (https://learn.microsoft.com/dotnet/fundamentals/code-analysis/quality-rules/ca1848) [/home/runner/work/trading-bot-c-/trading-bot-c-/src/BotCore/BotCore.csproj]
/home/runner/work/trading-bot-c-/trading-bot-c-/src/BotCore/RlTrainingDataCollector.cs(334,25): error CA1848: For improved performance, use the LoggerMessage delegates instead of calling 'LoggerExtensions.LogWarning(ILogger, string?, params object?[])' (https://learn.microsoft.com/dotnet/fundamentals/code-analysis/quality-rules/ca1848) [/home/runner/work/trading-bot-c-/trading-bot-c-/src/BotCore/BotCore.csproj]
/home/runner/work/trading-bot-c-/trading-bot-c-/src/BotCore/RlTrainingDataCollector.cs(338,25): error CA1848: For improved performance, use the LoggerMessage delegates instead of calling 'LoggerExtensions.LogWarning(ILogger, string?, params object?[])' (https://learn.microsoft.com/dotnet/fundamentals/code-analysis/quality-rules/ca1848) [/home/runner/work/trading-bot-c-/trading-bot-c-/src/BotCore/BotCore.csproj]
/home/runner/work/trading-bot-c-/trading-bot-c-/src/BotCore/RlTrainingDataCollector.cs(346,17): error CA1848: For improved performance, use the LoggerMessage delegates instead of calling 'LoggerExtensions.LogInformation(ILogger, string?, params object?[])' (https://learn.microsoft.com/dotnet/fundamentals/code-analysis/quality-rules/ca1848) [/home/runner/work/trading-bot-c-/trading-bot-c-/src/BotCore/BotCore.csproj]
/home/runner/work/trading-bot-c-/trading-bot-c-/src/BotCore/RlTrainingDataCollector.cs(351,17): error CA1848: For improved performance, use the LoggerMessage delegates instead of calling 'LoggerExtensions.LogError(ILogger, Exception?, string?, params object?[])' (https://learn.microsoft.com/dotnet/fundamentals/code-analysis/quality-rules/ca1848) [/home/runner/work/trading-bot-c-/trading-bot-c-/src/BotCore/BotCore.csproj]
/home/runner/work/trading-bot-c-/trading-bot-c-/src/BotCore/RlTrainingDataCollector.cs(356,17): error CA1848: For improved performance, use the LoggerMessage delegates instead of calling 'LoggerExtensions.LogError(ILogger, Exception?, string?, params object?[])' (https://learn.microsoft.com/dotnet/fundamentals/code-analysis/quality-rules/ca1848) [/home/runner/work/trading-bot-c-/trading-bot-c-/src/BotCore/BotCore.csproj]
/home/runner/work/trading-bot-c-/trading-bot-c-/src/BotCore/RlTrainingDataCollector.cs(361,17): error CA1848: For improved performance, use the LoggerMessage delegates instead of calling 'LoggerExtensions.LogError(ILogger, Exception?, string?, params object?[])' (https://learn.microsoft.com/dotnet/fundamentals/code-analysis/quality-rules/ca1848) [/home/runner/work/trading-bot-c-/trading-bot-c-/src/BotCore/BotCore.csproj]
/home/runner/work/trading-bot-c-/trading-bot-c-/src/BotCore/RlTrainingDataCollector.cs(303,26): error CA1310: The behavior of 'string.StartsWith(string)' could vary based on the current user's locale settings. Replace this call in 'BotCore.RlTrainingDataCollector.ExportToCsv(Microsoft.Extensions.Logging.ILogger, System.DateTime?, System.DateTime?)' with a call to 'string.StartsWith(string, System.StringComparison)'. (https://learn.microsoft.com/dotnet/fundamentals/code-analysis/quality-rules/ca1310) [/home/runner/work/trading-bot-c-/trading-bot-c-/src/BotCore/BotCore.csproj]
/home/runner/work/trading-bot-c-/trading-bot-c-/src/BotCore/RlTrainingDataCollector.cs(303,72): error CA1310: The behavior of 'string.StartsWith(string)' could vary based on the current user's locale settings. Replace this call in 'BotCore.RlTrainingDataCollector.ExportToCsv(Microsoft.Extensions.Logging.ILogger, System.DateTime?, System.DateTime?)' with a call to 'string.StartsWith(string, System.StringComparison)'. (https://learn.microsoft.com/dotnet/fundamentals/code-analysis/quality-rules/ca1310) [/home/runner/work/trading-bot-c-/trading-bot-c-/src/BotCore/BotCore.csproj]
/home/runner/work/trading-bot-c-/trading-bot-c-/src/BotCore/Patterns/PatternEngine.cs(120,17): error CA1848: For improved performance, use the LoggerMessage delegates instead of calling 'LoggerExtensions.LogWarning(ILogger, string?, params object?[])' (https://learn.microsoft.com/dotnet/fundamentals/code-analysis/quality-rules/ca1848) [/home/runner/work/trading-bot-c-/trading-bot-c-/src/BotCore/BotCore.csproj]
/home/runner/work/trading-bot-c-/trading-bot-c-/src/BotCore/Patterns/PatternEngine.cs(153,13): error CA1848: For improved performance, use the LoggerMessage delegates instead of calling 'LoggerExtensions.LogError(ILogger, Exception?, string?, params object?[])' (https://learn.microsoft.com/dotnet/fundamentals/code-analysis/quality-rules/ca1848) [/home/runner/work/trading-bot-c-/trading-bot-c-/src/BotCore/BotCore.csproj]
/home/runner/work/trading-bot-c-/trading-bot-c-/src/BotCore/Services/ProductionBreadthFeedService.cs(199,21): error CA1848: For improved performance, use the LoggerMessage delegates instead of calling 'LoggerExtensions.LogError(ILogger, string?, params object?[])' (https://learn.microsoft.com/dotnet/fundamentals/code-analysis/quality-rules/ca1848) [/home/runner/work/trading-bot-c-/trading-bot-c-/src/BotCore/BotCore.csproj]
/home/runner/work/trading-bot-c-/trading-bot-c-/src/BotCore/Services/ProductionBreadthFeedService.cs(203,17): error CA1848: For improved performance, use the LoggerMessage delegates instead of calling 'LoggerExtensions.LogError(ILogger, string?, params object?[])' (https://learn.microsoft.com/dotnet/fundamentals/code-analysis/quality-rules/ca1848) [/home/runner/work/trading-bot-c-/trading-bot-c-/src/BotCore/BotCore.csproj]
/home/runner/work/trading-bot-c-/trading-bot-c-/src/BotCore/Services/ProductionBreadthFeedService.cs(212,17): error CA1848: For improved performance, use the LoggerMessage delegates instead of calling 'LoggerExtensions.LogDebug(ILogger, string?, params object?[])' (https://learn.microsoft.com/dotnet/fundamentals/code-analysis/quality-rules/ca1848) [/home/runner/work/trading-bot-c-/trading-bot-c-/src/BotCore/BotCore.csproj]
/home/runner/work/trading-bot-c-/trading-bot-c-/src/BotCore/Services/ProductionBreadthFeedService.cs(219,17): error CA1848: For improved performance, use the LoggerMessage delegates instead of calling 'LoggerExtensions.LogError(ILogger, Exception?, string?, params object?[])' (https://learn.microsoft.com/dotnet/fundamentals/code-analysis/quality-rules/ca1848) [/home/runner/work/trading-bot-c-/trading-bot-c-/src/BotCore/BotCore.csproj]
/home/runner/work/trading-bot-c-/trading-bot-c-/src/BotCore/Services/ProductionBreadthFeedService.cs(224,17): error CA1848: For improved performance, use the LoggerMessage delegates instead of calling 'LoggerExtensions.LogError(ILogger, Exception?, string?, params object?[])' (https://learn.microsoft.com/dotnet/fundamentals/code-analysis/quality-rules/ca1848) [/home/runner/work/trading-bot-c-/trading-bot-c-/src/BotCore/BotCore.csproj]
/home/runner/work/trading-bot-c-/trading-bot-c-/src/BotCore/Services/ProductionBreadthFeedService.cs(229,17): error CA1848: For improved performance, use the LoggerMessage delegates instead of calling 'LoggerExtensions.LogError(ILogger, Exception?, string?, params object?[])' (https://learn.microsoft.com/dotnet/fundamentals/code-analysis/quality-rules/ca1848) [/home/runner/work/trading-bot-c-/trading-bot-c-/src/BotCore/BotCore.csproj]
/home/runner/work/trading-bot-c-/trading-bot-c-/src/BotCore/Services/ZoneMarketDataBridge.cs(129,33): error S1244: Do not check floating point inequality with exact values, use a range instead. (https://rules.sonarsource.com/csharp/RSPEC-1244) [/home/runner/work/trading-bot-c-/trading-bot-c-/src/BotCore/BotCore.csproj]
/home/runner/work/trading-bot-c-/trading-bot-c-/src/BotCore/Services/ZoneMarketDataBridge.cs(129,57): error S1244: Do not check floating point inequality with exact values, use a range instead. (https://rules.sonarsource.com/csharp/RSPEC-1244) [/home/runner/work/trading-bot-c-/trading-bot-c-/src/BotCore/BotCore.csproj]
/home/runner/work/trading-bot-c-/trading-bot-c-/src/BotCore/Services/ZoneMarketDataBridge.cs(130,32): error S1244: Do not check floating point inequality with exact values, use a range instead. (https://rules.sonarsource.com/csharp/RSPEC-1244) [/home/runner/work/trading-bot-c-/trading-bot-c-/src/BotCore/BotCore.csproj]
/home/runner/work/trading-bot-c-/trading-bot-c-/src/BotCore/Services/ZoneMarketDataBridge.cs(130,57): error S1244: Do not check floating point inequality with exact values, use a range instead. (https://rules.sonarsource.com/csharp/RSPEC-1244) [/home/runner/work/trading-bot-c-/trading-bot-c-/src/BotCore/BotCore.csproj]
/home/runner/work/trading-bot-c-/trading-bot-c-/src/BotCore/Services/ZoneMarketDataBridge.cs(144,37): error S1244: Do not check floating point inequality with exact values, use a range instead. (https://rules.sonarsource.com/csharp/RSPEC-1244) [/home/runner/work/trading-bot-c-/trading-bot-c-/src/BotCore/BotCore.csproj]
/home/runner/work/trading-bot-c-/trading-bot-c-/src/BotCore/Services/ZoneMarketDataBridge.cs(144,60): error S1244: Do not check floating point inequality with exact values, use a range instead. (https://rules.sonarsource.com/csharp/RSPEC-1244) [/home/runner/work/trading-bot-c-/trading-bot-c-/src/BotCore/BotCore.csproj]
/home/runner/work/trading-bot-c-/trading-bot-c-/src/BotCore/Services/ZoneMarketDataBridge.cs(141,17): error CA1848: For improved performance, use the LoggerMessage delegates instead of calling 'LoggerExtensions.LogTrace(ILogger, string?, params object?[])' (https://learn.microsoft.com/dotnet/fundamentals/code-analysis/quality-rules/ca1848) [/home/runner/work/trading-bot-c-/trading-bot-c-/src/BotCore/BotCore.csproj]
/home/runner/work/trading-bot-c-/trading-bot-c-/src/BotCore/Services/ZoneMarketDataBridge.cs(152,17): error CA1848: For improved performance, use the LoggerMessage delegates instead of calling 'LoggerExtensions.LogTrace(ILogger, string?, params object?[])' (https://learn.microsoft.com/dotnet/fundamentals/code-analysis/quality-rules/ca1848) [/home/runner/work/trading-bot-c-/trading-bot-c-/src/BotCore/BotCore.csproj]
/home/runner/work/trading-bot-c-/trading-bot-c-/src/BotCore/Services/ZoneMarketDataBridge.cs(161,13): error CA1848: For improved performance, use the LoggerMessage delegates instead of calling 'LoggerExtensions.LogTrace(ILogger, string?, params object?[])' (https://learn.microsoft.com/dotnet/fundamentals/code-analysis/quality-rules/ca1848) [/home/runner/work/trading-bot-c-/trading-bot-c-/src/BotCore/BotCore.csproj]
/home/runner/work/trading-bot-c-/trading-bot-c-/src/BotCore/Services/ProductionBreadthFeedService.cs(245,21): error S1854: Remove this useless assignment to local variable 'baseRatio'. (https://rules.sonarsource.com/csharp/RSPEC-1854) [/home/runner/work/trading-bot-c-/trading-bot-c-/src/BotCore/BotCore.csproj]
/home/runner/work/trading-bot-c-/trading-bot-c-/src/BotCore/ModelUpdaterService.cs(75,13): error CA1848: For improved performance, use the LoggerMessage delegates instead of calling 'LoggerExtensions.LogInformation(ILogger, string?, params object?[])' (https://learn.microsoft.com/dotnet/fundamentals/code-analysis/quality-rules/ca1848) [/home/runner/work/trading-bot-c-/trading-bot-c-/src/BotCore/BotCore.csproj]
/home/runner/work/trading-bot-c-/trading-bot-c-/src/BotCore/ModelUpdaterService.cs(85,13): error CA1848: For improved performance, use the LoggerMessage delegates instead of calling 'LoggerExtensions.LogInformation(ILogger, string?, params object?[])' (https://learn.microsoft.com/dotnet/fundamentals/code-analysis/quality-rules/ca1848) [/home/runner/work/trading-bot-c-/trading-bot-c-/src/BotCore/BotCore.csproj]
/home/runner/work/trading-bot-c-/trading-bot-c-/src/BotCore/MultiStrategyRlCollector.cs(254,73): error CA1311: Specify a culture or use an invariant version to avoid implicit dependency on current culture (https://learn.microsoft.com/dotnet/fundamentals/code-analysis/quality-rules/ca1311) [/home/runner/work/trading-bot-c-/trading-bot-c-/src/BotCore/BotCore.csproj]
/home/runner/work/trading-bot-c-/trading-bot-c-/src/BotCore/MultiStrategyRlCollector.cs(248,63): error CA1869: Avoid creating a new 'JsonSerializerOptions' instance for every serialization operation. Cache and reuse instances instead. (https://learn.microsoft.com/dotnet/fundamentals/code-analysis/quality-rules/ca1869) [/home/runner/work/trading-bot-c-/trading-bot-c-/src/BotCore/BotCore.csproj]
/home/runner/work/trading-bot-c-/trading-bot-c-/src/BotCore/Resilience/EnhancedProductionResilienceService.cs(327,54): error CA1859: Change return type of method 'GetTimeoutPolicy' from 'Polly.IAsyncPolicy<System.Net.Http.HttpResponseMessage>' to 'Polly.Timeout.AsyncTimeoutPolicy<System.Net.Http.HttpResponseMessage>' for improved performance (https://learn.microsoft.com/dotnet/fundamentals/code-analysis/quality-rules/ca1859) [/home/runner/work/trading-bot-c-/trading-bot-c-/src/BotCore/BotCore.csproj]
/home/runner/work/trading-bot-c-/trading-bot-c-/src/BotCore/Resilience/EnhancedProductionResilienceService.cs(310,54): error CA1859: Change return type of method 'GetCircuitBreakerPolicy' from 'Polly.IAsyncPolicy<System.Net.Http.HttpResponseMessage>' to 'Polly.CircuitBreaker.AsyncCircuitBreakerPolicy<System.Net.Http.HttpResponseMessage>' for improved performance (https://learn.microsoft.com/dotnet/fundamentals/code-analysis/quality-rules/ca1859) [/home/runner/work/trading-bot-c-/trading-bot-c-/src/BotCore/BotCore.csproj]
/home/runner/work/trading-bot-c-/trading-bot-c-/src/BotCore/Resilience/EnhancedProductionResilienceService.cs(296,54): error CA1859: Change return type of method 'GetRetryPolicy' from 'Polly.IAsyncPolicy<System.Net.Http.HttpResponseMessage>' to 'Polly.Retry.AsyncRetryPolicy<System.Net.Http.HttpResponseMessage>' for improved performance (https://learn.microsoft.com/dotnet/fundamentals/code-analysis/quality-rules/ca1859) [/home/runner/work/trading-bot-c-/trading-bot-c-/src/BotCore/BotCore.csproj]
/home/runner/work/trading-bot-c-/trading-bot-c-/src/BotCore/MultiStrategyRlCollector.cs(262,17): error CA1848: For improved performance, use the LoggerMessage delegates instead of calling 'LoggerExtensions.LogDebug(ILogger, string?, params object?[])' (https://learn.microsoft.com/dotnet/fundamentals/code-analysis/quality-rules/ca1848) [/home/runner/work/trading-bot-c-/trading-bot-c-/src/BotCore/BotCore.csproj]
/home/runner/work/trading-bot-c-/trading-bot-c-/src/BotCore/MultiStrategyRlCollector.cs(267,17): error CA1848: For improved performance, use the LoggerMessage delegates instead of calling 'LoggerExtensions.LogError(ILogger, Exception?, string?, params object?[])' (https://learn.microsoft.com/dotnet/fundamentals/code-analysis/quality-rules/ca1848) [/home/runner/work/trading-bot-c-/trading-bot-c-/src/BotCore/BotCore.csproj]
/home/runner/work/trading-bot-c-/trading-bot-c-/src/BotCore/MultiStrategyRlCollector.cs(271,17): error CA1848: For improved performance, use the LoggerMessage delegates instead of calling 'LoggerExtensions.LogError(ILogger, Exception?, string?, params object?[])' (https://learn.microsoft.com/dotnet/fundamentals/code-analysis/quality-rules/ca1848) [/home/runner/work/trading-bot-c-/trading-bot-c-/src/BotCore/BotCore.csproj]
/home/runner/work/trading-bot-c-/trading-bot-c-/src/BotCore/MultiStrategyRlCollector.cs(275,17): error CA1848: For improved performance, use the LoggerMessage delegates instead of calling 'LoggerExtensions.LogError(ILogger, Exception?, string?, params object?[])' (https://learn.microsoft.com/dotnet/fundamentals/code-analysis/quality-rules/ca1848) [/home/runner/work/trading-bot-c-/trading-bot-c-/src/BotCore/BotCore.csproj]
/home/runner/work/trading-bot-c-/trading-bot-c-/src/BotCore/MultiStrategyRlCollector.cs(254,44): error CA1304: The behavior of 'string.ToLower()' could vary based on the current user's locale settings. Replace this call in 'MultiStrategyRlCollector.LogComprehensiveFeatures(ILogger, MultiStrategyRlCollector.ComprehensiveFeatures)' with a call to 'string.ToLower(CultureInfo)'. (https://learn.microsoft.com/dotnet/fundamentals/code-analysis/quality-rules/ca1304) [/home/runner/work/trading-bot-c-/trading-bot-c-/src/BotCore/BotCore.csproj]
/home/runner/work/trading-bot-c-/trading-bot-c-/src/BotCore/Services/ZoneBreakMonitoringService.cs(58,13): error CA1848: For improved performance, use the LoggerMessage delegates instead of calling 'LoggerExtensions.LogInformation(ILogger, string?, params object?[])' (https://learn.microsoft.com/dotnet/fundamentals/code-analysis/quality-rules/ca1848) [/home/runner/work/trading-bot-c-/trading-bot-c-/src/BotCore/BotCore.csproj]
/home/runner/work/trading-bot-c-/trading-bot-c-/src/BotCore/Services/ZoneBreakMonitoringService.cs(73,21): error CA1848: For improved performance, use the LoggerMessage delegates instead of calling 'LoggerExtensions.LogError(ILogger, Exception?, string?, params object?[])' (https://learn.microsoft.com/dotnet/fundamentals/code-analysis/quality-rules/ca1848) [/home/runner/work/trading-bot-c-/trading-bot-c-/src/BotCore/BotCore.csproj]
/home/runner/work/trading-bot-c-/trading-bot-c-/src/BotCore/Services/ZoneBreakMonitoringService.cs(77,21): error CA1848: For improved performance, use the LoggerMessage delegates instead of calling 'LoggerExtensions.LogError(ILogger, Exception?, string?, params object?[])' (https://learn.microsoft.com/dotnet/fundamentals/code-analysis/quality-rules/ca1848) [/home/runner/work/trading-bot-c-/trading-bot-c-/src/BotCore/BotCore.csproj]
/home/runner/work/trading-bot-c-/trading-bot-c-/src/BotCore/Services/ZoneBreakMonitoringService.cs(83,13): error CA1848: For improved performance, use the LoggerMessage delegates instead of calling 'LoggerExtensions.LogInformation(ILogger, string?, params object?[])' (https://learn.microsoft.com/dotnet/fundamentals/code-analysis/quality-rules/ca1848) [/home/runner/work/trading-bot-c-/trading-bot-c-/src/BotCore/BotCore.csproj]
/home/runner/work/trading-bot-c-/trading-bot-c-/src/BotCore/StrategyDsl/StrategyKnowledgeGraphNew.cs(460,30): error S1541: The Cyclomatic Complexity of this method is 14 which is greater than 10 authorized. (https://rules.sonarsource.com/csharp/RSPEC-1541) [/home/runner/work/trading-bot-c-/trading-bot-c-/src/BotCore/BotCore.csproj]
/home/runner/work/trading-bot-c-/trading-bot-c-/src/BotCore/Services/ZoneBreakMonitoringService.cs(119,24): error S1696: Do not catch NullReferenceException; test for null instead. (https://rules.sonarsource.com/csharp/RSPEC-1696) [/home/runner/work/trading-bot-c-/trading-bot-c-/src/BotCore/BotCore.csproj]
/home/runner/work/trading-bot-c-/trading-bot-c-/src/BotCore/StrategyDsl/StrategyKnowledgeGraphNew.cs(523,13): error CA1848: For improved performance, use the LoggerMessage delegates instead of calling 'LoggerExtensions.LogWarning(ILogger, Exception?, string?, params object?[])' (https://learn.microsoft.com/dotnet/fundamentals/code-analysis/quality-rules/ca1848) [/home/runner/work/trading-bot-c-/trading-bot-c-/src/BotCore/BotCore.csproj]
/home/runner/work/trading-bot-c-/trading-bot-c-/src/BotCore/StrategyDsl/StrategyKnowledgeGraphNew.cs(528,13): error CA1848: For improved performance, use the LoggerMessage delegates instead of calling 'LoggerExtensions.LogWarning(ILogger, Exception?, string?, params object?[])' (https://learn.microsoft.com/dotnet/fundamentals/code-analysis/quality-rules/ca1848) [/home/runner/work/trading-bot-c-/trading-bot-c-/src/BotCore/BotCore.csproj]
/home/runner/work/trading-bot-c-/trading-bot-c-/src/BotCore/StrategyDsl/StrategyKnowledgeGraphNew.cs(533,13): error CA1848: For improved performance, use the LoggerMessage delegates instead of calling 'LoggerExtensions.LogWarning(ILogger, Exception?, string?, params object?[])' (https://learn.microsoft.com/dotnet/fundamentals/code-analysis/quality-rules/ca1848) [/home/runner/work/trading-bot-c-/trading-bot-c-/src/BotCore/BotCore.csproj]
/home/runner/work/trading-bot-c-/trading-bot-c-/src/BotCore/MultiStrategyRlCollector.cs(294,72): error CA1311: Specify a culture or use an invariant version to avoid implicit dependency on current culture (https://learn.microsoft.com/dotnet/fundamentals/code-analysis/quality-rules/ca1311) [/home/runner/work/trading-bot-c-/trading-bot-c-/src/BotCore/BotCore.csproj]
/home/runner/work/trading-bot-c-/trading-bot-c-/src/BotCore/MultiStrategyRlCollector.cs(288,62): error CA1869: Avoid creating a new 'JsonSerializerOptions' instance for every serialization operation. Cache and reuse instances instead. (https://learn.microsoft.com/dotnet/fundamentals/code-analysis/quality-rules/ca1869) [/home/runner/work/trading-bot-c-/trading-bot-c-/src/BotCore/BotCore.csproj]
/home/runner/work/trading-bot-c-/trading-bot-c-/src/BotCore/MultiStrategyRlCollector.cs(305,17): error CA1848: For improved performance, use the LoggerMessage delegates instead of calling 'LoggerExtensions.LogDebug(ILogger, string?, params object?[])' (https://learn.microsoft.com/dotnet/fundamentals/code-analysis/quality-rules/ca1848) [/home/runner/work/trading-bot-c-/trading-bot-c-/src/BotCore/BotCore.csproj]
/home/runner/work/trading-bot-c-/trading-bot-c-/src/BotCore/MultiStrategyRlCollector.cs(310,17): error CA1848: For improved performance, use the LoggerMessage delegates instead of calling 'LoggerExtensions.LogError(ILogger, Exception?, string?, params object?[])' (https://learn.microsoft.com/dotnet/fundamentals/code-analysis/quality-rules/ca1848) [/home/runner/work/trading-bot-c-/trading-bot-c-/src/BotCore/BotCore.csproj]
/home/runner/work/trading-bot-c-/trading-bot-c-/src/BotCore/MultiStrategyRlCollector.cs(314,17): error CA1848: For improved performance, use the LoggerMessage delegates instead of calling 'LoggerExtensions.LogError(ILogger, Exception?, string?, params object?[])' (https://learn.microsoft.com/dotnet/fundamentals/code-analysis/quality-rules/ca1848) [/home/runner/work/trading-bot-c-/trading-bot-c-/src/BotCore/BotCore.csproj]
/home/runner/work/trading-bot-c-/trading-bot-c-/src/BotCore/MultiStrategyRlCollector.cs(318,17): error CA1848: For improved performance, use the LoggerMessage delegates instead of calling 'LoggerExtensions.LogError(ILogger, Exception?, string?, params object?[])' (https://learn.microsoft.com/dotnet/fundamentals/code-analysis/quality-rules/ca1848) [/home/runner/work/trading-bot-c-/trading-bot-c-/src/BotCore/BotCore.csproj]
/home/runner/work/trading-bot-c-/trading-bot-c-/src/BotCore/MultiStrategyRlCollector.cs(294,44): error CA1304: The behavior of 'string.ToLower()' could vary based on the current user's locale settings. Replace this call in 'MultiStrategyRlCollector.LogEnhancedOutcome(ILogger, MultiStrategyRlCollector.EnhancedTradeOutcome)' with a call to 'string.ToLower(CultureInfo)'. (https://learn.microsoft.com/dotnet/fundamentals/code-analysis/quality-rules/ca1304) [/home/runner/work/trading-bot-c-/trading-bot-c-/src/BotCore/BotCore.csproj]
/home/runner/work/trading-bot-c-/trading-bot-c-/src/BotCore/Services/ZoneBreakMonitoringService.cs(113,21): error CA1848: For improved performance, use the LoggerMessage delegates instead of calling 'LoggerExtensions.LogWarning(ILogger, Exception?, string?, params object?[])' (https://learn.microsoft.com/dotnet/fundamentals/code-analysis/quality-rules/ca1848) [/home/runner/work/trading-bot-c-/trading-bot-c-/src/BotCore/BotCore.csproj]
/home/runner/work/trading-bot-c-/trading-bot-c-/src/BotCore/Services/ZoneBreakMonitoringService.cs(117,21): error CA1848: For improved performance, use the LoggerMessage delegates instead of calling 'LoggerExtensions.LogWarning(ILogger, Exception?, string?, params object?[])' (https://learn.microsoft.com/dotnet/fundamentals/code-analysis/quality-rules/ca1848) [/home/runner/work/trading-bot-c-/trading-bot-c-/src/BotCore/BotCore.csproj]
/home/runner/work/trading-bot-c-/trading-bot-c-/src/BotCore/Services/ZoneBreakMonitoringService.cs(121,21): error CA1848: For improved performance, use the LoggerMessage delegates instead of calling 'LoggerExtensions.LogWarning(ILogger, Exception?, string?, params object?[])' (https://learn.microsoft.com/dotnet/fundamentals/code-analysis/quality-rules/ca1848) [/home/runner/work/trading-bot-c-/trading-bot-c-/src/BotCore/BotCore.csproj]
/home/runner/work/trading-bot-c-/trading-bot-c-/src/BotCore/ModelUpdaterService.cs(117,21): error S3626: Remove this redundant jump. (https://rules.sonarsource.com/csharp/RSPEC-3626) [/home/runner/work/trading-bot-c-/trading-bot-c-/src/BotCore/BotCore.csproj]
/home/runner/work/trading-bot-c-/trading-bot-c-/src/BotCore/ModelUpdaterService.cs(133,21): error S3626: Remove this redundant jump. (https://rules.sonarsource.com/csharp/RSPEC-3626) [/home/runner/work/trading-bot-c-/trading-bot-c-/src/BotCore/BotCore.csproj]
/home/runner/work/trading-bot-c-/trading-bot-c-/src/BotCore/ModelUpdaterService.cs(149,21): error S3626: Remove this redundant jump. (https://rules.sonarsource.com/csharp/RSPEC-3626) [/home/runner/work/trading-bot-c-/trading-bot-c-/src/BotCore/BotCore.csproj]
/home/runner/work/trading-bot-c-/trading-bot-c-/src/BotCore/ModelUpdaterService.cs(107,17): error CA1848: For improved performance, use the LoggerMessage delegates instead of calling 'LoggerExtensions.LogError(ILogger, Exception?, string?, params object?[])' (https://learn.microsoft.com/dotnet/fundamentals/code-analysis/quality-rules/ca1848) [/home/runner/work/trading-bot-c-/trading-bot-c-/src/BotCore/BotCore.csproj]
/home/runner/work/trading-bot-c-/trading-bot-c-/src/BotCore/ModelUpdaterService.cs(113,21): error CA1848: For improved performance, use the LoggerMessage delegates instead of calling 'LoggerExtensions.LogWarning(ILogger, string?, params object?[])' (https://learn.microsoft.com/dotnet/fundamentals/code-analysis/quality-rules/ca1848) [/home/runner/work/trading-bot-c-/trading-bot-c-/src/BotCore/BotCore.csproj]
/home/runner/work/trading-bot-c-/trading-bot-c-/src/BotCore/ModelUpdaterService.cs(123,17): error CA1848: For improved performance, use the LoggerMessage delegates instead of calling 'LoggerExtensions.LogError(ILogger, Exception?, string?, params object?[])' (https://learn.microsoft.com/dotnet/fundamentals/code-analysis/quality-rules/ca1848) [/home/runner/work/trading-bot-c-/trading-bot-c-/src/BotCore/BotCore.csproj]
/home/runner/work/trading-bot-c-/trading-bot-c-/src/BotCore/ModelUpdaterService.cs(129,21): error CA1848: For improved performance, use the LoggerMessage delegates instead of calling 'LoggerExtensions.LogWarning(ILogger, string?, params object?[])' (https://learn.microsoft.com/dotnet/fundamentals/code-analysis/quality-rules/ca1848) [/home/runner/work/trading-bot-c-/trading-bot-c-/src/BotCore/BotCore.csproj]
/home/runner/work/trading-bot-c-/trading-bot-c-/src/BotCore/ModelUpdaterService.cs(139,17): error CA1848: For improved performance, use the LoggerMessage delegates instead of calling 'LoggerExtensions.LogError(ILogger, Exception?, string?, params object?[])' (https://learn.microsoft.com/dotnet/fundamentals/code-analysis/quality-rules/ca1848) [/home/runner/work/trading-bot-c-/trading-bot-c-/src/BotCore/BotCore.csproj]
/home/runner/work/trading-bot-c-/trading-bot-c-/src/BotCore/ModelUpdaterService.cs(145,21): error CA1848: For improved performance, use the LoggerMessage delegates instead of calling 'LoggerExtensions.LogWarning(ILogger, string?, params object?[])' (https://learn.microsoft.com/dotnet/fundamentals/code-analysis/quality-rules/ca1848) [/home/runner/work/trading-bot-c-/trading-bot-c-/src/BotCore/BotCore.csproj]
/home/runner/work/trading-bot-c-/trading-bot-c-/src/BotCore/Patterns/PatternEngine.cs(201,90): error S1172: Remove this unused method parameter 'cancellationToken'. (https://rules.sonarsource.com/csharp/RSPEC-1172) [/home/runner/work/trading-bot-c-/trading-bot-c-/src/BotCore/BotCore.csproj]
/home/runner/work/trading-bot-c-/trading-bot-c-/src/BotCore/Patterns/PatternEngine.cs(225,21): error CA1848: For improved performance, use the LoggerMessage delegates instead of calling 'LoggerExtensions.LogDebug(ILogger, string?, params object?[])' (https://learn.microsoft.com/dotnet/fundamentals/code-analysis/quality-rules/ca1848) [/home/runner/work/trading-bot-c-/trading-bot-c-/src/BotCore/BotCore.csproj]
/home/runner/work/trading-bot-c-/trading-bot-c-/src/BotCore/Patterns/PatternEngine.cs(237,17): error CA1848: For improved performance, use the LoggerMessage delegates instead of calling 'LoggerExtensions.LogDebug(ILogger, string?, params object?[])' (https://learn.microsoft.com/dotnet/fundamentals/code-analysis/quality-rules/ca1848) [/home/runner/work/trading-bot-c-/trading-bot-c-/src/BotCore/BotCore.csproj]
/home/runner/work/trading-bot-c-/trading-bot-c-/src/BotCore/Patterns/PatternEngine.cs(241,13): error CA1848: For improved performance, use the LoggerMessage delegates instead of calling 'LoggerExtensions.LogWarning(ILogger, string?, params object?[])' (https://learn.microsoft.com/dotnet/fundamentals/code-analysis/quality-rules/ca1848) [/home/runner/work/trading-bot-c-/trading-bot-c-/src/BotCore/BotCore.csproj]
/home/runner/work/trading-bot-c-/trading-bot-c-/src/BotCore/Patterns/PatternEngine.cs(246,13): error CA1848: For improved performance, use the LoggerMessage delegates instead of calling 'LoggerExtensions.LogError(ILogger, Exception?, string?, params object?[])' (https://learn.microsoft.com/dotnet/fundamentals/code-analysis/quality-rules/ca1848) [/home/runner/work/trading-bot-c-/trading-bot-c-/src/BotCore/BotCore.csproj]
/home/runner/work/trading-bot-c-/trading-bot-c-/src/BotCore/Patterns/PatternEngine.cs(251,13): error CA1848: For improved performance, use the LoggerMessage delegates instead of calling 'LoggerExtensions.LogError(ILogger, Exception?, string?, params object?[])' (https://learn.microsoft.com/dotnet/fundamentals/code-analysis/quality-rules/ca1848) [/home/runner/work/trading-bot-c-/trading-bot-c-/src/BotCore/BotCore.csproj]
/home/runner/work/trading-bot-c-/trading-bot-c-/src/BotCore/Patterns/PatternEngine.cs(256,13): error CA1848: For improved performance, use the LoggerMessage delegates instead of calling 'LoggerExtensions.LogError(ILogger, Exception?, string?, params object?[])' (https://learn.microsoft.com/dotnet/fundamentals/code-analysis/quality-rules/ca1848) [/home/runner/work/trading-bot-c-/trading-bot-c-/src/BotCore/BotCore.csproj]
/home/runner/work/trading-bot-c-/trading-bot-c-/src/BotCore/ModelUpdaterService.cs(156,13): error CA1848: For improved performance, use the LoggerMessage delegates instead of calling 'LoggerExtensions.LogDebug(ILogger, string?, params object?[])' (https://learn.microsoft.com/dotnet/fundamentals/code-analysis/quality-rules/ca1848) [/home/runner/work/trading-bot-c-/trading-bot-c-/src/BotCore/BotCore.csproj]
/home/runner/work/trading-bot-c-/trading-bot-c-/src/BotCore/ModelUpdaterService.cs(162,17): error CA1848: For improved performance, use the LoggerMessage delegates instead of calling 'LoggerExtensions.LogWarning(ILogger, string?, params object?[])' (https://learn.microsoft.com/dotnet/fundamentals/code-analysis/quality-rules/ca1848) [/home/runner/work/trading-bot-c-/trading-bot-c-/src/BotCore/BotCore.csproj]
/home/runner/work/trading-bot-c-/trading-bot-c-/src/BotCore/ModelUpdaterService.cs(170,17): error CA1848: For improved performance, use the LoggerMessage delegates instead of calling 'LoggerExtensions.LogDebug(ILogger, string?, params object?[])' (https://learn.microsoft.com/dotnet/fundamentals/code-analysis/quality-rules/ca1848) [/home/runner/work/trading-bot-c-/trading-bot-c-/src/BotCore/BotCore.csproj]
/home/runner/work/trading-bot-c-/trading-bot-c-/src/BotCore/ModelUpdaterService.cs(177,17): error CA1848: For improved performance, use the LoggerMessage delegates instead of calling 'LoggerExtensions.LogError(ILogger, string?, params object?[])' (https://learn.microsoft.com/dotnet/fundamentals/code-analysis/quality-rules/ca1848) [/home/runner/work/trading-bot-c-/trading-bot-c-/src/BotCore/BotCore.csproj]
/home/runner/work/trading-bot-c-/trading-bot-c-/src/BotCore/ModelUpdaterService.cs(185,17): error CA1848: For improved performance, use the LoggerMessage delegates instead of calling 'LoggerExtensions.LogError(ILogger, string?, params object?[])' (https://learn.microsoft.com/dotnet/fundamentals/code-analysis/quality-rules/ca1848) [/home/runner/work/trading-bot-c-/trading-bot-c-/src/BotCore/BotCore.csproj]
/home/runner/work/trading-bot-c-/trading-bot-c-/src/BotCore/ModelUpdaterService.cs(192,17): error CA1848: For improved performance, use the LoggerMessage delegates instead of calling 'LoggerExtensions.LogInformation(ILogger, string?, params object?[])' (https://learn.microsoft.com/dotnet/fundamentals/code-analysis/quality-rules/ca1848) [/home/runner/work/trading-bot-c-/trading-bot-c-/src/BotCore/BotCore.csproj]
/home/runner/work/trading-bot-c-/trading-bot-c-/src/BotCore/ModelUpdaterService.cs(201,17): error CA1848: For improved performance, use the LoggerMessage delegates instead of calling 'LoggerExtensions.LogInformation(ILogger, string?, params object?[])' (https://learn.microsoft.com/dotnet/fundamentals/code-analysis/quality-rules/ca1848) [/home/runner/work/trading-bot-c-/trading-bot-c-/src/BotCore/BotCore.csproj]
/home/runner/work/trading-bot-c-/trading-bot-c-/src/BotCore/Services/ZoneBreakMonitoringService.cs(132,13): error S1172: Remove this unused method parameter 'cancellationToken'. (https://rules.sonarsource.com/csharp/RSPEC-1172) [/home/runner/work/trading-bot-c-/trading-bot-c-/src/BotCore/BotCore.csproj]
/home/runner/work/trading-bot-c-/trading-bot-c-/src/BotCore/ModelUpdaterService.cs(210,44): error CA2234: Modify 'ModelUpdaterService.DownloadManifestAsync(CancellationToken)' to call 'HttpClient.GetAsync(Uri, CancellationToken)' instead of 'HttpClient.GetAsync(string, CancellationToken)' (https://learn.microsoft.com/dotnet/fundamentals/code-analysis/quality-rules/ca2234) [/home/runner/work/trading-bot-c-/trading-bot-c-/src/BotCore/BotCore.csproj]
/home/runner/work/trading-bot-c-/trading-bot-c-/src/BotCore/ModelUpdaterService.cs(214,17): error CA1848: For improved performance, use the LoggerMessage delegates instead of calling 'LoggerExtensions.LogDebug(ILogger, string?, params object?[])' (https://learn.microsoft.com/dotnet/fundamentals/code-analysis/quality-rules/ca1848) [/home/runner/work/trading-bot-c-/trading-bot-c-/src/BotCore/BotCore.csproj]
/home/runner/work/trading-bot-c-/trading-bot-c-/src/BotCore/ModelUpdaterService.cs(220,17): error CA1848: For improved performance, use the LoggerMessage delegates instead of calling 'LoggerExtensions.LogError(ILogger, Exception?, string?, params object?[])' (https://learn.microsoft.com/dotnet/fundamentals/code-analysis/quality-rules/ca1848) [/home/runner/work/trading-bot-c-/trading-bot-c-/src/BotCore/BotCore.csproj]
/home/runner/work/trading-bot-c-/trading-bot-c-/src/BotCore/ModelUpdaterService.cs(233,21): error CA1848: For improved performance, use the LoggerMessage delegates instead of calling 'LoggerExtensions.LogError(ILogger, string?, params object?[])' (https://learn.microsoft.com/dotnet/fundamentals/code-analysis/quality-rules/ca1848) [/home/runner/work/trading-bot-c-/trading-bot-c-/src/BotCore/BotCore.csproj]
/home/runner/work/trading-bot-c-/trading-bot-c-/src/BotCore/ModelUpdaterService.cs(242,21): error CA1848: For improved performance, use the LoggerMessage delegates instead of calling 'LoggerExtensions.LogError(ILogger, string?, params object?[])' (https://learn.microsoft.com/dotnet/fundamentals/code-analysis/quality-rules/ca1848) [/home/runner/work/trading-bot-c-/trading-bot-c-/src/BotCore/BotCore.csproj]
/home/runner/work/trading-bot-c-/trading-bot-c-/src/BotCore/ModelUpdaterService.cs(246,21): error CA1848: For improved performance, use the LoggerMessage delegates instead of calling 'LoggerExtensions.LogDebug(ILogger, string?, params object?[])' (https://learn.microsoft.com/dotnet/fundamentals/code-analysis/quality-rules/ca1848) [/home/runner/work/trading-bot-c-/trading-bot-c-/src/BotCore/BotCore.csproj]
/home/runner/work/trading-bot-c-/trading-bot-c-/src/BotCore/ModelUpdaterService.cs(253,17): error CA1848: For improved performance, use the LoggerMessage delegates instead of calling 'LoggerExtensions.LogError(ILogger, Exception?, string?, params object?[])' (https://learn.microsoft.com/dotnet/fundamentals/code-analysis/quality-rules/ca1848) [/home/runner/work/trading-bot-c-/trading-bot-c-/src/BotCore/BotCore.csproj]
/home/runner/work/trading-bot-c-/trading-bot-c-/src/BotCore/ModelUpdaterService.cs(258,17): error CA1848: For improved performance, use the LoggerMessage delegates instead of calling 'LoggerExtensions.LogError(ILogger, Exception?, string?, params object?[])' (https://learn.microsoft.com/dotnet/fundamentals/code-analysis/quality-rules/ca1848) [/home/runner/work/trading-bot-c-/trading-bot-c-/src/BotCore/BotCore.csproj]
/home/runner/work/trading-bot-c-/trading-bot-c-/src/BotCore/ModelUpdaterService.cs(263,17): error CA1848: For improved performance, use the LoggerMessage delegates instead of calling 'LoggerExtensions.LogError(ILogger, Exception?, string?, params object?[])' (https://learn.microsoft.com/dotnet/fundamentals/code-analysis/quality-rules/ca1848) [/home/runner/work/trading-bot-c-/trading-bot-c-/src/BotCore/BotCore.csproj]
/home/runner/work/trading-bot-c-/trading-bot-c-/src/BotCore/RlTrainingDataCollector.cs(369,31): error S1541: The Cyclomatic Complexity of this method is 23 which is greater than 10 authorized. (https://rules.sonarsource.com/csharp/RSPEC-1541) [/home/runner/work/trading-bot-c-/trading-bot-c-/src/BotCore/BotCore.csproj]
/home/runner/work/trading-bot-c-/trading-bot-c-/src/BotCore/Resilience/EnhancedProductionResilienceService.cs(53,21): error CA1848: For improved performance, use the LoggerMessage delegates instead of calling 'LoggerExtensions.LogWarning(ILogger, string?, params object?[])' (https://learn.microsoft.com/dotnet/fundamentals/code-analysis/quality-rules/ca1848) [/home/runner/work/trading-bot-c-/trading-bot-c-/src/BotCore/BotCore.csproj]
/home/runner/work/trading-bot-c-/trading-bot-c-/src/BotCore/Resilience/EnhancedProductionResilienceService.cs(67,21): error CA1848: For improved performance, use the LoggerMessage delegates instead of calling 'LoggerExtensions.LogError(ILogger, string?, params object?[])' (https://learn.microsoft.com/dotnet/fundamentals/code-analysis/quality-rules/ca1848) [/home/runner/work/trading-bot-c-/trading-bot-c-/src/BotCore/BotCore.csproj]
/home/runner/work/trading-bot-c-/trading-bot-c-/src/BotCore/Resilience/EnhancedProductionResilienceService.cs(72,21): error CA1848: For improved performance, use the LoggerMessage delegates instead of calling 'LoggerExtensions.LogInformation(ILogger, string?, params object?[])' (https://learn.microsoft.com/dotnet/fundamentals/code-analysis/quality-rules/ca1848) [/home/runner/work/trading-bot-c-/trading-bot-c-/src/BotCore/BotCore.csproj]
/home/runner/work/trading-bot-c-/trading-bot-c-/src/BotCore/Resilience/EnhancedProductionResilienceService.cs(76,21): error CA1848: For improved performance, use the LoggerMessage delegates instead of calling 'LoggerExtensions.LogInformation(ILogger, string?, params object?[])' (https://learn.microsoft.com/dotnet/fundamentals/code-analysis/quality-rules/ca1848) [/home/runner/work/trading-bot-c-/trading-bot-c-/src/BotCore/BotCore.csproj]
/home/runner/work/trading-bot-c-/trading-bot-c-/src/BotCore/Resilience/EnhancedProductionResilienceService.cs(85,17): error CA1848: For improved performance, use the LoggerMessage delegates instead of calling 'LoggerExtensions.LogWarning(ILogger, string?, params object?[])' (https://learn.microsoft.com/dotnet/fundamentals/code-analysis/quality-rules/ca1848) [/home/runner/work/trading-bot-c-/trading-bot-c-/src/BotCore/BotCore.csproj]
/home/runner/work/trading-bot-c-/trading-bot-c-/src/BotCore/Resilience/EnhancedProductionResilienceService.cs(96,17): error CA1848: For improved performance, use the LoggerMessage delegates instead of calling 'LoggerExtensions.LogWarning(ILogger, string?, params object?[])' (https://learn.microsoft.com/dotnet/fundamentals/code-analysis/quality-rules/ca1848) [/home/runner/work/trading-bot-c-/trading-bot-c-/src/BotCore/BotCore.csproj]
/home/runner/work/trading-bot-c-/trading-bot-c-/src/BotCore/Strategy/SessionHelper.cs(80,43): error S1541: The Cyclomatic Complexity of this method is 17 which is greater than 10 authorized. (https://rules.sonarsource.com/csharp/RSPEC-1541) [/home/runner/work/trading-bot-c-/trading-bot-c-/src/BotCore/BotCore.csproj]
/home/runner/work/trading-bot-c-/trading-bot-c-/src/BotCore/ModelUpdaterService.cs(272,88): error CA1869: Avoid creating a new 'JsonSerializerOptions' instance for every serialization operation. Cache and reuse instances instead. (https://learn.microsoft.com/dotnet/fundamentals/code-analysis/quality-rules/ca1869) [/home/runner/work/trading-bot-c-/trading-bot-c-/src/BotCore/BotCore.csproj]
/home/runner/work/trading-bot-c-/trading-bot-c-/src/BotCore/ModelUpdaterService.cs(288,17): error CA1848: For improved performance, use the LoggerMessage delegates instead of calling 'LoggerExtensions.LogError(ILogger, Exception?, string?, params object?[])' (https://learn.microsoft.com/dotnet/fundamentals/code-analysis/quality-rules/ca1848) [/home/runner/work/trading-bot-c-/trading-bot-c-/src/BotCore/BotCore.csproj]
/home/runner/work/trading-bot-c-/trading-bot-c-/src/BotCore/ModelUpdaterService.cs(304,17): error CA1848: For improved performance, use the LoggerMessage delegates instead of calling 'LoggerExtensions.LogError(ILogger, Exception?, string?, params object?[])' (https://learn.microsoft.com/dotnet/fundamentals/code-analysis/quality-rules/ca1848) [/home/runner/work/trading-bot-c-/trading-bot-c-/src/BotCore/BotCore.csproj]
/home/runner/work/trading-bot-c-/trading-bot-c-/src/BotCore/ModelUpdaterService.cs(321,25): error CA1848: For improved performance, use the LoggerMessage delegates instead of calling 'LoggerExtensions.LogError(ILogger, string?, params object?[])' (https://learn.microsoft.com/dotnet/fundamentals/code-analysis/quality-rules/ca1848) [/home/runner/work/trading-bot-c-/trading-bot-c-/src/BotCore/BotCore.csproj]
/home/runner/work/trading-bot-c-/trading-bot-c-/src/BotCore/ModelUpdaterService.cs(325,25): error CA1848: For improved performance, use the LoggerMessage delegates instead of calling 'LoggerExtensions.LogInformation(ILogger, string?, params object?[])' (https://learn.microsoft.com/dotnet/fundamentals/code-analysis/quality-rules/ca1848) [/home/runner/work/trading-bot-c-/trading-bot-c-/src/BotCore/BotCore.csproj]
/home/runner/work/trading-bot-c-/trading-bot-c-/src/BotCore/ModelUpdaterService.cs(331,21): error CA1848: For improved performance, use the LoggerMessage delegates instead of calling 'LoggerExtensions.LogError(ILogger, Exception?, string?, params object?[])' (https://learn.microsoft.com/dotnet/fundamentals/code-analysis/quality-rules/ca1848) [/home/runner/work/trading-bot-c-/trading-bot-c-/src/BotCore/BotCore.csproj]
/home/runner/work/trading-bot-c-/trading-bot-c-/src/BotCore/ModelUpdaterService.cs(336,21): error CA1848: For improved performance, use the LoggerMessage delegates instead of calling 'LoggerExtensions.LogError(ILogger, Exception?, string?, params object?[])' (https://learn.microsoft.com/dotnet/fundamentals/code-analysis/quality-rules/ca1848) [/home/runner/work/trading-bot-c-/trading-bot-c-/src/BotCore/BotCore.csproj]
/home/runner/work/trading-bot-c-/trading-bot-c-/src/BotCore/ModelUpdaterService.cs(341,21): error CA1848: For improved performance, use the LoggerMessage delegates instead of calling 'LoggerExtensions.LogError(ILogger, Exception?, string?, params object?[])' (https://learn.microsoft.com/dotnet/fundamentals/code-analysis/quality-rules/ca1848) [/home/runner/work/trading-bot-c-/trading-bot-c-/src/BotCore/BotCore.csproj]
/home/runner/work/trading-bot-c-/trading-bot-c-/src/BotCore/Resilience/EnhancedProductionResilienceService.cs(138,13): error CA1848: For improved performance, use the LoggerMessage delegates instead of calling 'LoggerExtensions.LogDebug(ILogger, string?, params object?[])' (https://learn.microsoft.com/dotnet/fundamentals/code-analysis/quality-rules/ca1848) [/home/runner/work/trading-bot-c-/trading-bot-c-/src/BotCore/BotCore.csproj]
/home/runner/work/trading-bot-c-/trading-bot-c-/src/BotCore/StrategyDsl/StrategyKnowledgeGraphNew.cs(92,13): error CA1848: For improved performance, use the LoggerMessage delegates instead of calling 'LoggerExtensions.LogWarning(ILogger, Exception?, string?, params object?[])' (https://learn.microsoft.com/dotnet/fundamentals/code-analysis/quality-rules/ca1848) [/home/runner/work/trading-bot-c-/trading-bot-c-/src/BotCore/BotCore.csproj]
/home/runner/work/trading-bot-c-/trading-bot-c-/src/BotCore/StrategyDsl/StrategyKnowledgeGraphNew.cs(97,13): error CA1848: For improved performance, use the LoggerMessage delegates instead of calling 'LoggerExtensions.LogWarning(ILogger, Exception?, string?, params object?[])' (https://learn.microsoft.com/dotnet/fundamentals/code-analysis/quality-rules/ca1848) [/home/runner/work/trading-bot-c-/trading-bot-c-/src/BotCore/BotCore.csproj]
/home/runner/work/trading-bot-c-/trading-bot-c-/src/BotCore/StrategyDsl/StrategyKnowledgeGraphNew.cs(102,13): error CA1848: For improved performance, use the LoggerMessage delegates instead of calling 'LoggerExtensions.LogError(ILogger, Exception?, string?, params object?[])' (https://learn.microsoft.com/dotnet/fundamentals/code-analysis/quality-rules/ca1848) [/home/runner/work/trading-bot-c-/trading-bot-c-/src/BotCore/BotCore.csproj]
/home/runner/work/trading-bot-c-/trading-bot-c-/src/BotCore/Resilience/EnhancedProductionResilienceService.cs(155,13): error CA1848: For improved performance, use the LoggerMessage delegates instead of calling 'LoggerExtensions.LogDebug(ILogger, string?, params object?[])' (https://learn.microsoft.com/dotnet/fundamentals/code-analysis/quality-rules/ca1848) [/home/runner/work/trading-bot-c-/trading-bot-c-/src/BotCore/BotCore.csproj]
/home/runner/work/trading-bot-c-/trading-bot-c-/src/BotCore/Risk/RiskEngine.cs(40,31): error CA1707: Remove the underscores from member name BotCore.Risk.RiskEngine.size_for(decimal, decimal, decimal) (https://learn.microsoft.com/dotnet/fundamentals/code-analysis/quality-rules/ca1707) [/home/runner/work/trading-bot-c-/trading-bot-c-/src/BotCore/BotCore.csproj]
/home/runner/work/trading-bot-c-/trading-bot-c-/src/BotCore/ModelUpdaterService.cs(410,82): error S108: Either remove or fill this block of code. (https://rules.sonarsource.com/csharp/RSPEC-108) [/home/runner/work/trading-bot-c-/trading-bot-c-/src/BotCore/BotCore.csproj]
/home/runner/work/trading-bot-c-/trading-bot-c-/src/BotCore/ModelUpdaterService.cs(422,82): error S108: Either remove or fill this block of code. (https://rules.sonarsource.com/csharp/RSPEC-108) [/home/runner/work/trading-bot-c-/trading-bot-c-/src/BotCore/BotCore.csproj]
/home/runner/work/trading-bot-c-/trading-bot-c-/src/BotCore/ModelUpdaterService.cs(434,82): error S108: Either remove or fill this block of code. (https://rules.sonarsource.com/csharp/RSPEC-108) [/home/runner/work/trading-bot-c-/trading-bot-c-/src/BotCore/BotCore.csproj]
/home/runner/work/trading-bot-c-/trading-bot-c-/src/BotCore/Strategy/S6_S11_Bridge.cs(684,48): error S1541: The Cyclomatic Complexity of this method is 17 which is greater than 10 authorized. (https://rules.sonarsource.com/csharp/RSPEC-1541) [/home/runner/work/trading-bot-c-/trading-bot-c-/src/BotCore/BotCore.csproj]
/home/runner/work/trading-bot-c-/trading-bot-c-/src/BotCore/Strategy/S6_S11_Bridge.cs(684,48): error S138: This method 'GetS6Candidates' has 81 lines, which is greater than the 80 lines authorized. Split it into smaller methods. (https://rules.sonarsource.com/csharp/RSPEC-138) [/home/runner/work/trading-bot-c-/trading-bot-c-/src/BotCore/BotCore.csproj]
/home/runner/work/trading-bot-c-/trading-bot-c-/src/BotCore/ModelUpdaterService.cs(357,44): error CA2234: Modify 'ModelUpdaterService.UpdateSingleModelAsync(string, ModelUpdaterService.ModelInfo, CancellationToken)' to call 'HttpClient.GetAsync(Uri, CancellationToken)' instead of 'HttpClient.GetAsync(string, CancellationToken)' (https://learn.microsoft.com/dotnet/fundamentals/code-analysis/quality-rules/ca2234) [/home/runner/work/trading-bot-c-/trading-bot-c-/src/BotCore/BotCore.csproj]
/home/runner/work/trading-bot-c-/trading-bot-c-/src/BotCore/ModelUpdaterService.cs(369,21): error CA1848: For improved performance, use the LoggerMessage delegates instead of calling 'LoggerExtensions.LogError(ILogger, string?, params object?[])' (https://learn.microsoft.com/dotnet/fundamentals/code-analysis/quality-rules/ca1848) [/home/runner/work/trading-bot-c-/trading-bot-c-/src/BotCore/BotCore.csproj]
/home/runner/work/trading-bot-c-/trading-bot-c-/src/BotCore/ModelUpdaterService.cs(405,17): error CA1848: For improved performance, use the LoggerMessage delegates instead of calling 'LoggerExtensions.LogError(ILogger, Exception?, string?, params object?[])' (https://learn.microsoft.com/dotnet/fundamentals/code-analysis/quality-rules/ca1848) [/home/runner/work/trading-bot-c-/trading-bot-c-/src/BotCore/BotCore.csproj]
/home/runner/work/trading-bot-c-/trading-bot-c-/src/BotCore/ModelUpdaterService.cs(417,17): error CA1848: For improved performance, use the LoggerMessage delegates instead of calling 'LoggerExtensions.LogError(ILogger, Exception?, string?, params object?[])' (https://learn.microsoft.com/dotnet/fundamentals/code-analysis/quality-rules/ca1848) [/home/runner/work/trading-bot-c-/trading-bot-c-/src/BotCore/BotCore.csproj]
/home/runner/work/trading-bot-c-/trading-bot-c-/src/BotCore/ModelUpdaterService.cs(429,17): error CA1848: For improved performance, use the LoggerMessage delegates instead of calling 'LoggerExtensions.LogError(ILogger, Exception?, string?, params object?[])' (https://learn.microsoft.com/dotnet/fundamentals/code-analysis/quality-rules/ca1848) [/home/runner/work/trading-bot-c-/trading-bot-c-/src/BotCore/BotCore.csproj]
/home/runner/work/trading-bot-c-/trading-bot-c-/src/BotCore/ModelUpdaterService.cs(360,46): error CA2007: Consider calling ConfigureAwait on the awaited task (https://learn.microsoft.com/dotnet/fundamentals/code-analysis/quality-rules/ca2007) [/home/runner/work/trading-bot-c-/trading-bot-c-/src/BotCore/BotCore.csproj]
/home/runner/work/trading-bot-c-/trading-bot-c-/src/BotCore/Resilience/EnhancedProductionResilienceService.cs(184,22): error SCS0005: Weak random number generator. (https://security-code-scan.github.io/#SCS0005) [/home/runner/work/trading-bot-c-/trading-bot-c-/src/BotCore/BotCore.csproj]
/home/runner/work/trading-bot-c-/trading-bot-c-/src/BotCore/Strategy/S6_S11_Bridge.cs(781,24): error CA1848: For improved performance, use the LoggerMessage delegates instead of calling 'LoggerExtensions.LogError(ILogger, Exception?, string?, params object?[])' (https://learn.microsoft.com/dotnet/fundamentals/code-analysis/quality-rules/ca1848) [/home/runner/work/trading-bot-c-/trading-bot-c-/src/BotCore/BotCore.csproj]
/home/runner/work/trading-bot-c-/trading-bot-c-/src/BotCore/Strategy/S6_S11_Bridge.cs(785,24): error CA1848: For improved performance, use the LoggerMessage delegates instead of calling 'LoggerExtensions.LogError(ILogger, Exception?, string?, params object?[])' (https://learn.microsoft.com/dotnet/fundamentals/code-analysis/quality-rules/ca1848) [/home/runner/work/trading-bot-c-/trading-bot-c-/src/BotCore/BotCore.csproj]
/home/runner/work/trading-bot-c-/trading-bot-c-/src/BotCore/StrategyDsl/StrategyKnowledgeGraphNew.cs(137,20): error S1541: The Cyclomatic Complexity of this method is 18 which is greater than 10 authorized. (https://rules.sonarsource.com/csharp/RSPEC-1541) [/home/runner/work/trading-bot-c-/trading-bot-c-/src/BotCore/BotCore.csproj]
/home/runner/work/trading-bot-c-/trading-bot-c-/src/BotCore/MultiStrategyRlCollector.cs(457,30): error S2139: Either log this exception and handle it, or rethrow it with some contextual information. (https://rules.sonarsource.com/csharp/RSPEC-2139) [/home/runner/work/trading-bot-c-/trading-bot-c-/src/BotCore/BotCore.csproj]
/home/runner/work/trading-bot-c-/trading-bot-c-/src/BotCore/Resilience/EnhancedProductionResilienceService.cs(184,22): error CA5394: Random is an insecure random number generator. Use cryptographically secure random number generators when randomness is required for security. (https://learn.microsoft.com/dotnet/fundamentals/code-analysis/quality-rules/ca5394) [/home/runner/work/trading-bot-c-/trading-bot-c-/src/BotCore/BotCore.csproj]
/home/runner/work/trading-bot-c-/trading-bot-c-/src/BotCore/MultiStrategyRlCollector.cs(447,76): error CA1311: Specify a culture or use an invariant version to avoid implicit dependency on current culture (https://learn.microsoft.com/dotnet/fundamentals/code-analysis/quality-rules/ca1311) [/home/runner/work/trading-bot-c-/trading-bot-c-/src/BotCore/BotCore.csproj]
/home/runner/work/trading-bot-c-/trading-bot-c-/src/BotCore/MultiStrategyRlCollector.cs(454,17): error CA1848: For improved performance, use the LoggerMessage delegates instead of calling 'LoggerExtensions.LogInformation(ILogger, string?, params object?[])' (https://learn.microsoft.com/dotnet/fundamentals/code-analysis/quality-rules/ca1848) [/home/runner/work/trading-bot-c-/trading-bot-c-/src/BotCore/BotCore.csproj]
/home/runner/work/trading-bot-c-/trading-bot-c-/src/BotCore/MultiStrategyRlCollector.cs(459,17): error CA1848: For improved performance, use the LoggerMessage delegates instead of calling 'LoggerExtensions.LogError(ILogger, Exception?, string?, params object?[])' (https://learn.microsoft.com/dotnet/fundamentals/code-analysis/quality-rules/ca1848) [/home/runner/work/trading-bot-c-/trading-bot-c-/src/BotCore/BotCore.csproj]
/home/runner/work/trading-bot-c-/trading-bot-c-/src/BotCore/MultiStrategyRlCollector.cs(447,56): error CA1304: The behavior of 'string.ToLower()' could vary based on the current user's locale settings. Replace this call in 'MultiStrategyRlCollector.ExportStrategyData(ILogger, MultiStrategyRlCollector.StrategyType, [DateTime?])' with a call to 'string.ToLower(CultureInfo)'. (https://learn.microsoft.com/dotnet/fundamentals/code-analysis/quality-rules/ca1304) [/home/runner/work/trading-bot-c-/trading-bot-c-/src/BotCore/BotCore.csproj]
/home/runner/work/trading-bot-c-/trading-bot-c-/src/BotCore/Services/ZoneBreakMonitoringService.cs(173,22): error S1541: The Cyclomatic Complexity of this method is 18 which is greater than 10 authorized. (https://rules.sonarsource.com/csharp/RSPEC-1541) [/home/runner/work/trading-bot-c-/trading-bot-c-/src/BotCore/BotCore.csproj]
/home/runner/work/trading-bot-c-/trading-bot-c-/src/BotCore/ModelUpdaterService.cs(444,29): error CA1850: Prefer static 'System.Security.Cryptography.SHA256.HashData' method over 'ComputeHash' (https://learn.microsoft.com/dotnet/fundamentals/code-analysis/quality-rules/ca1850) [/home/runner/work/trading-bot-c-/trading-bot-c-/src/BotCore/BotCore.csproj]
/home/runner/work/trading-bot-c-/trading-bot-c-/src/BotCore/Services/ZoneBreakMonitoringService.cs(173,22): error S138: This method 'CheckZoneForBreak' has 94 lines, which is greater than the 80 lines authorized. Split it into smaller methods. (https://rules.sonarsource.com/csharp/RSPEC-138) [/home/runner/work/trading-bot-c-/trading-bot-c-/src/BotCore/BotCore.csproj]
/home/runner/work/trading-bot-c-/trading-bot-c-/src/BotCore/ModelUpdaterService.cs(451,42): error CA2007: Consider calling ConfigureAwait on the awaited task (https://learn.microsoft.com/dotnet/fundamentals/code-analysis/quality-rules/ca2007) [/home/runner/work/trading-bot-c-/trading-bot-c-/src/BotCore/BotCore.csproj]
/home/runner/work/trading-bot-c-/trading-bot-c-/src/BotCore/Services/ZoneBreakMonitoringService.cs(216,21): error CA1848: For improved performance, use the LoggerMessage delegates instead of calling 'LoggerExtensions.LogWarning(ILogger, string?, params object?[])' (https://learn.microsoft.com/dotnet/fundamentals/code-analysis/quality-rules/ca1848) [/home/runner/work/trading-bot-c-/trading-bot-c-/src/BotCore/BotCore.csproj]
/home/runner/work/trading-bot-c-/trading-bot-c-/src/BotCore/Services/ZoneBreakMonitoringService.cs(242,17): error CA1848: For improved performance, use the LoggerMessage delegates instead of calling 'LoggerExtensions.LogWarning(ILogger, string?, params object?[])' (https://learn.microsoft.com/dotnet/fundamentals/code-analysis/quality-rules/ca1848) [/home/runner/work/trading-bot-c-/trading-bot-c-/src/BotCore/BotCore.csproj]
/home/runner/work/trading-bot-c-/trading-bot-c-/src/BotCore/Services/ZoneBreakMonitoringService.cs(269,21): error CA1848: For improved performance, use the LoggerMessage delegates instead of calling 'LoggerExtensions.LogInformation(ILogger, string?, params object?[])' (https://learn.microsoft.com/dotnet/fundamentals/code-analysis/quality-rules/ca1848) [/home/runner/work/trading-bot-c-/trading-bot-c-/src/BotCore/BotCore.csproj]
/home/runner/work/trading-bot-c-/trading-bot-c-/src/BotCore/Services/ZoneBreakMonitoringService.cs(293,17): error CA1848: For improved performance, use the LoggerMessage delegates instead of calling 'LoggerExtensions.LogInformation(ILogger, string?, params object?[])' (https://learn.microsoft.com/dotnet/fundamentals/code-analysis/quality-rules/ca1848) [/home/runner/work/trading-bot-c-/trading-bot-c-/src/BotCore/BotCore.csproj]
/home/runner/work/trading-bot-c-/trading-bot-c-/src/BotCore/Patterns/Detectors/StructuralPatternDetector.cs(35,12): error S1541: The Cyclomatic Complexity of this constructor is 15 which is greater than 10 authorized. (https://rules.sonarsource.com/csharp/RSPEC-1541) [/home/runner/work/trading-bot-c-/trading-bot-c-/src/BotCore/BotCore.csproj]
/home/runner/work/trading-bot-c-/trading-bot-c-/src/BotCore/StrategyDsl/StrategyKnowledgeGraphNew.cs(171,13): error CA1848: For improved performance, use the LoggerMessage delegates instead of calling 'LoggerExtensions.LogWarning(ILogger, Exception?, string?, params object?[])' (https://learn.microsoft.com/dotnet/fundamentals/code-analysis/quality-rules/ca1848) [/home/runner/work/trading-bot-c-/trading-bot-c-/src/BotCore/BotCore.csproj]
/home/runner/work/trading-bot-c-/trading-bot-c-/src/BotCore/StrategyDsl/StrategyKnowledgeGraphNew.cs(176,13): error CA1848: For improved performance, use the LoggerMessage delegates instead of calling 'LoggerExtensions.LogWarning(ILogger, Exception?, string?, params object?[])' (https://learn.microsoft.com/dotnet/fundamentals/code-analysis/quality-rules/ca1848) [/home/runner/work/trading-bot-c-/trading-bot-c-/src/BotCore/BotCore.csproj]
/home/runner/work/trading-bot-c-/trading-bot-c-/src/BotCore/StrategyDsl/StrategyKnowledgeGraphNew.cs(181,13): error CA1848: For improved performance, use the LoggerMessage delegates instead of calling 'LoggerExtensions.LogWarning(ILogger, Exception?, string?, params object?[])' (https://learn.microsoft.com/dotnet/fundamentals/code-analysis/quality-rules/ca1848) [/home/runner/work/trading-bot-c-/trading-bot-c-/src/BotCore/BotCore.csproj]
/home/runner/work/trading-bot-c-/trading-bot-c-/src/BotCore/Patterns/Detectors/StructuralPatternDetector.cs(57,26): error S1541: The Cyclomatic Complexity of this method is 16 which is greater than 10 authorized. (https://rules.sonarsource.com/csharp/RSPEC-1541) [/home/runner/work/trading-bot-c-/trading-bot-c-/src/BotCore/BotCore.csproj]
/home/runner/work/trading-bot-c-/trading-bot-c-/src/BotCore/MultiStrategyRlCollector.cs(506,30): error S2139: Either log this exception and handle it, or rethrow it with some contextual information. (https://rules.sonarsource.com/csharp/RSPEC-2139) [/home/runner/work/trading-bot-c-/trading-bot-c-/src/BotCore/BotCore.csproj]
/home/runner/work/trading-bot-c-/trading-bot-c-/src/BotCore/MultiStrategyRlCollector.cs(469,82): error CA1311: Specify a culture or use an invariant version to avoid implicit dependency on current culture (https://learn.microsoft.com/dotnet/fundamentals/code-analysis/quality-rules/ca1311) [/home/runner/work/trading-bot-c-/trading-bot-c-/src/BotCore/BotCore.csproj]
/home/runner/work/trading-bot-c-/trading-bot-c-/src/BotCore/MultiStrategyRlCollector.cs(502,70): error CA1869: Avoid creating a new 'JsonSerializerOptions' instance for every serialization operation. Cache and reuse instances instead. (https://learn.microsoft.com/dotnet/fundamentals/code-analysis/quality-rules/ca1869) [/home/runner/work/trading-bot-c-/trading-bot-c-/src/BotCore/BotCore.csproj]
/home/runner/work/trading-bot-c-/trading-bot-c-/src/BotCore/MultiStrategyRlCollector.cs(508,17): error CA1848: For improved performance, use the LoggerMessage delegates instead of calling 'LoggerExtensions.LogError(ILogger, Exception?, string?, params object?[])' (https://learn.microsoft.com/dotnet/fundamentals/code-analysis/quality-rules/ca1848) [/home/runner/work/trading-bot-c-/trading-bot-c-/src/BotCore/BotCore.csproj]
/home/runner/work/trading-bot-c-/trading-bot-c-/src/BotCore/MultiStrategyRlCollector.cs(469,62): error CA1304: The behavior of 'string.ToLower()' could vary based on the current user's locale settings. Replace this call in 'MultiStrategyRlCollector.ExportStrategySpecificFeaturesAsync(MultiStrategyRlCollector.StrategyType, DateTime, string, ILogger)' with a call to 'string.ToLower(CultureInfo)'. (https://learn.microsoft.com/dotnet/fundamentals/code-analysis/quality-rules/ca1304) [/home/runner/work/trading-bot-c-/trading-bot-c-/src/BotCore/BotCore.csproj]
/home/runner/work/trading-bot-c-/trading-bot-c-/src/BotCore/MultiStrategyRlCollector.cs(503,50): error CA1307: 'string.Replace(string, string?)' has a method overload that takes a 'StringComparison' parameter. Replace this call in 'BotCore.MultiStrategyRlCollector.ExportStrategySpecificFeaturesAsync(BotCore.MultiStrategyRlCollector.StrategyType, System.DateTime, string, Microsoft.Extensions.Logging.ILogger)' with a call to 'string.Replace(string, string?, System.StringComparison)' for clarity of intent. (https://learn.microsoft.com/dotnet/fundamentals/code-analysis/quality-rules/ca1307) [/home/runner/work/trading-bot-c-/trading-bot-c-/src/BotCore/BotCore.csproj]
/home/runner/work/trading-bot-c-/trading-bot-c-/src/BotCore/StrategyDsl/StrategyKnowledgeGraphNew.cs(197,13): error CA1848: For improved performance, use the LoggerMessage delegates instead of calling 'LoggerExtensions.LogTrace(ILogger, string?, params object?[])' (https://learn.microsoft.com/dotnet/fundamentals/code-analysis/quality-rules/ca1848) [/home/runner/work/trading-bot-c-/trading-bot-c-/src/BotCore/BotCore.csproj]
/home/runner/work/trading-bot-c-/trading-bot-c-/src/BotCore/StrategyDsl/StrategyKnowledgeGraphNew.cs(204,13): error CA1848: For improved performance, use the LoggerMessage delegates instead of calling 'LoggerExtensions.LogWarning(ILogger, Exception?, string?, params object?[])' (https://learn.microsoft.com/dotnet/fundamentals/code-analysis/quality-rules/ca1848) [/home/runner/work/trading-bot-c-/trading-bot-c-/src/BotCore/BotCore.csproj]
/home/runner/work/trading-bot-c-/trading-bot-c-/src/BotCore/StrategyDsl/StrategyKnowledgeGraphNew.cs(221,13): error CA1848: For improved performance, use the LoggerMessage delegates instead of calling 'LoggerExtensions.LogWarning(ILogger, Exception?, string?, params object?[])' (https://learn.microsoft.com/dotnet/fundamentals/code-analysis/quality-rules/ca1848) [/home/runner/work/trading-bot-c-/trading-bot-c-/src/BotCore/BotCore.csproj]
/home/runner/work/trading-bot-c-/trading-bot-c-/src/BotCore/StrategyDsl/StrategyKnowledgeGraphNew.cs(238,13): error CA1848: For improved performance, use the LoggerMessage delegates instead of calling 'LoggerExtensions.LogWarning(ILogger, Exception?, string?, params object?[])' (https://learn.microsoft.com/dotnet/fundamentals/code-analysis/quality-rules/ca1848) [/home/runner/work/trading-bot-c-/trading-bot-c-/src/BotCore/BotCore.csproj]
/home/runner/work/trading-bot-c-/trading-bot-c-/src/BotCore/Services/ZoneBreakMonitoringService.cs(319,56): error S1172: Remove this unused method parameter 'cancellationToken'. (https://rules.sonarsource.com/csharp/RSPEC-1172) [/home/runner/work/trading-bot-c-/trading-bot-c-/src/BotCore/BotCore.csproj]
/home/runner/work/trading-bot-c-/trading-bot-c-/src/BotCore/StrategyDsl/StrategyKnowledgeGraphNew.cs(254,9): error CA1848: For improved performance, use the LoggerMessage delegates instead of calling 'LoggerExtensions.LogTrace(ILogger, string?, params object?[])' (https://learn.microsoft.com/dotnet/fundamentals/code-analysis/quality-rules/ca1848) [/home/runner/work/trading-bot-c-/trading-bot-c-/src/BotCore/BotCore.csproj]
/home/runner/work/trading-bot-c-/trading-bot-c-/src/BotCore/Services/ZoneBreakMonitoringService.cs(334,21): error CA1848: For improved performance, use the LoggerMessage delegates instead of calling 'LoggerExtensions.LogInformation(ILogger, string?, params object?[])' (https://learn.microsoft.com/dotnet/fundamentals/code-analysis/quality-rules/ca1848) [/home/runner/work/trading-bot-c-/trading-bot-c-/src/BotCore/BotCore.csproj]
/home/runner/work/trading-bot-c-/trading-bot-c-/src/BotCore/Services/ZoneBreakMonitoringService.cs(339,21): error CA1848: For improved performance, use the LoggerMessage delegates instead of calling 'LoggerExtensions.LogError(ILogger, Exception?, string?, params object?[])' (https://learn.microsoft.com/dotnet/fundamentals/code-analysis/quality-rules/ca1848) [/home/runner/work/trading-bot-c-/trading-bot-c-/src/BotCore/BotCore.csproj]
/home/runner/work/trading-bot-c-/trading-bot-c-/src/BotCore/Services/ZoneBreakMonitoringService.cs(343,21): error CA1848: For improved performance, use the LoggerMessage delegates instead of calling 'LoggerExtensions.LogError(ILogger, Exception?, string?, params object?[])' (https://learn.microsoft.com/dotnet/fundamentals/code-analysis/quality-rules/ca1848) [/home/runner/work/trading-bot-c-/trading-bot-c-/src/BotCore/BotCore.csproj]
/home/runner/work/trading-bot-c-/trading-bot-c-/src/BotCore/Strategy/S6_S11_Bridge.cs(794,48): error S1541: The Cyclomatic Complexity of this method is 17 which is greater than 10 authorized. (https://rules.sonarsource.com/csharp/RSPEC-1541) [/home/runner/work/trading-bot-c-/trading-bot-c-/src/BotCore/BotCore.csproj]
/home/runner/work/trading-bot-c-/trading-bot-c-/src/BotCore/Strategy/S6_S11_Bridge.cs(794,48): error S138: This method 'GetS11Candidates' has 81 lines, which is greater than the 80 lines authorized. Split it into smaller methods. (https://rules.sonarsource.com/csharp/RSPEC-138) [/home/runner/work/trading-bot-c-/trading-bot-c-/src/BotCore/BotCore.csproj]
/home/runner/work/trading-bot-c-/trading-bot-c-/src/BotCore/Strategy/S6_S11_Bridge.cs(891,24): error CA1848: For improved performance, use the LoggerMessage delegates instead of calling 'LoggerExtensions.LogError(ILogger, Exception?, string?, params object?[])' (https://learn.microsoft.com/dotnet/fundamentals/code-analysis/quality-rules/ca1848) [/home/runner/work/trading-bot-c-/trading-bot-c-/src/BotCore/BotCore.csproj]
/home/runner/work/trading-bot-c-/trading-bot-c-/src/BotCore/Strategy/S6_S11_Bridge.cs(895,24): error CA1848: For improved performance, use the LoggerMessage delegates instead of calling 'LoggerExtensions.LogError(ILogger, Exception?, string?, params object?[])' (https://learn.microsoft.com/dotnet/fundamentals/code-analysis/quality-rules/ca1848) [/home/runner/work/trading-bot-c-/trading-bot-c-/src/BotCore/BotCore.csproj]
/home/runner/work/trading-bot-c-/trading-bot-c-/src/BotCore/MultiStrategyRlCollector.cs(613,20): error S2583: Change this condition so that it does not always evaluate to 'True'. Some code paths are unreachable. (https://rules.sonarsource.com/csharp/RSPEC-2583) [/home/runner/work/trading-bot-c-/trading-bot-c-/src/BotCore/BotCore.csproj]
/home/runner/work/trading-bot-c-/trading-bot-c-/src/BotCore/MultiStrategyRlCollector.cs(709,17): error CA1848: For improved performance, use the LoggerMessage delegates instead of calling 'LoggerExtensions.LogDebug(ILogger, string?, params object?[])' (https://learn.microsoft.com/dotnet/fundamentals/code-analysis/quality-rules/ca1848) [/home/runner/work/trading-bot-c-/trading-bot-c-/src/BotCore/BotCore.csproj]
/home/runner/work/trading-bot-c-/trading-bot-c-/src/BotCore/MultiStrategyRlCollector.cs(714,17): error CA1848: For improved performance, use the LoggerMessage delegates instead of calling 'LoggerExtensions.LogError(ILogger, Exception?, string?, params object?[])' (https://learn.microsoft.com/dotnet/fundamentals/code-analysis/quality-rules/ca1848) [/home/runner/work/trading-bot-c-/trading-bot-c-/src/BotCore/BotCore.csproj]
/home/runner/work/trading-bot-c-/trading-bot-c-/src/BotCore/MultiStrategyRlCollector.cs(718,17): error CA1848: For improved performance, use the LoggerMessage delegates instead of calling 'LoggerExtensions.LogError(ILogger, Exception?, string?, params object?[])' (https://learn.microsoft.com/dotnet/fundamentals/code-analysis/quality-rules/ca1848) [/home/runner/work/trading-bot-c-/trading-bot-c-/src/BotCore/BotCore.csproj]
/home/runner/work/trading-bot-c-/trading-bot-c-/src/BotCore/MultiStrategyRlCollector.cs(722,17): error CA1848: For improved performance, use the LoggerMessage delegates instead of calling 'LoggerExtensions.LogError(ILogger, Exception?, string?, params object?[])' (https://learn.microsoft.com/dotnet/fundamentals/code-analysis/quality-rules/ca1848) [/home/runner/work/trading-bot-c-/trading-bot-c-/src/BotCore/BotCore.csproj]
/home/runner/work/trading-bot-c-/trading-bot-c-/src/BotCore/Patterns/Detectors/StructuralPatternDetector.cs(271,55): error S1172: Remove this unused method parameter 'bars'. (https://rules.sonarsource.com/csharp/RSPEC-1172) [/home/runner/work/trading-bot-c-/trading-bot-c-/src/BotCore/BotCore.csproj]
/home/runner/work/trading-bot-c-/trading-bot-c-/src/BotCore/Patterns/Detectors/StructuralPatternDetector.cs(253,56): error S1172: Remove this unused method parameter 'bars'. (https://rules.sonarsource.com/csharp/RSPEC-1172) [/home/runner/work/trading-bot-c-/trading-bot-c-/src/BotCore/BotCore.csproj]
/home/runner/work/trading-bot-c-/trading-bot-c-/src/BotCore/Strategy/S6_S11_Bridge.cs(79,21): error CA1848: For improved performance, use the LoggerMessage delegates instead of calling 'LoggerExtensions.LogError(ILogger, string?, params object?[])' (https://learn.microsoft.com/dotnet/fundamentals/code-analysis/quality-rules/ca1848) [/home/runner/work/trading-bot-c-/trading-bot-c-/src/BotCore/BotCore.csproj]
/home/runner/work/trading-bot-c-/trading-bot-c-/src/BotCore/Strategy/S6_S11_Bridge.cs(86,17): error CA1848: For improved performance, use the LoggerMessage delegates instead of calling 'LoggerExtensions.LogError(ILogger, Exception?, string?, params object?[])' (https://learn.microsoft.com/dotnet/fundamentals/code-analysis/quality-rules/ca1848) [/home/runner/work/trading-bot-c-/trading-bot-c-/src/BotCore/BotCore.csproj]
/home/runner/work/trading-bot-c-/trading-bot-c-/src/BotCore/Strategy/S6_S11_Bridge.cs(99,107): error S1541: The Cyclomatic Complexity of this method is 12 which is greater than 10 authorized. (https://rules.sonarsource.com/csharp/RSPEC-1541) [/home/runner/work/trading-bot-c-/trading-bot-c-/src/BotCore/BotCore.csproj]
/home/runner/work/trading-bot-c-/trading-bot-c-/src/BotCore/Strategy/S6_S11_Bridge.cs(108,21): error CA1848: For improved performance, use the LoggerMessage delegates instead of calling 'LoggerExtensions.LogWarning(ILogger, string?, params object?[])' (https://learn.microsoft.com/dotnet/fundamentals/code-analysis/quality-rules/ca1848) [/home/runner/work/trading-bot-c-/trading-bot-c-/src/BotCore/BotCore.csproj]
/home/runner/work/trading-bot-c-/trading-bot-c-/src/BotCore/Strategy/S6_S11_Bridge.cs(117,17): error CA1848: For improved performance, use the LoggerMessage delegates instead of calling 'LoggerExtensions.LogWarning(ILogger, Exception?, string?, params object?[])' (https://learn.microsoft.com/dotnet/fundamentals/code-analysis/quality-rules/ca1848) [/home/runner/work/trading-bot-c-/trading-bot-c-/src/BotCore/BotCore.csproj]
/home/runner/work/trading-bot-c-/trading-bot-c-/src/BotCore/Strategy/S6_S11_Bridge.cs(155,21): error CA1848: For improved performance, use the LoggerMessage delegates instead of calling 'LoggerExtensions.LogError(ILogger, string?, params object?[])' (https://learn.microsoft.com/dotnet/fundamentals/code-analysis/quality-rules/ca1848) [/home/runner/work/trading-bot-c-/trading-bot-c-/src/BotCore/BotCore.csproj]
/home/runner/work/trading-bot-c-/trading-bot-c-/src/BotCore/Strategy/S6_S11_Bridge.cs(162,17): error CA1848: For improved performance, use the LoggerMessage delegates instead of calling 'LoggerExtensions.LogError(ILogger, Exception?, string?, params object?[])' (https://learn.microsoft.com/dotnet/fundamentals/code-analysis/quality-rules/ca1848) [/home/runner/work/trading-bot-c-/trading-bot-c-/src/BotCore/BotCore.csproj]
/home/runner/work/trading-bot-c-/trading-bot-c-/src/BotCore/Patterns/Detectors/StructuralPatternDetector.cs(313,56): error S1172: Remove this unused method parameter 'bars'. (https://rules.sonarsource.com/csharp/RSPEC-1172) [/home/runner/work/trading-bot-c-/trading-bot-c-/src/BotCore/BotCore.csproj]
/home/runner/work/trading-bot-c-/trading-bot-c-/src/BotCore/Patterns/Detectors/StructuralPatternDetector.cs(325,56): error S1172: Remove this unused method parameter 'bars'. (https://rules.sonarsource.com/csharp/RSPEC-1172) [/home/runner/work/trading-bot-c-/trading-bot-c-/src/BotCore/BotCore.csproj]
/home/runner/work/trading-bot-c-/trading-bot-c-/src/BotCore/Strategy/S6_S11_Bridge.cs(175,108): error S1541: The Cyclomatic Complexity of this method is 12 which is greater than 10 authorized. (https://rules.sonarsource.com/csharp/RSPEC-1541) [/home/runner/work/trading-bot-c-/trading-bot-c-/src/BotCore/BotCore.csproj]
/home/runner/work/trading-bot-c-/trading-bot-c-/src/BotCore/Strategy/S6_S11_Bridge.cs(184,21): error CA1848: For improved performance, use the LoggerMessage delegates instead of calling 'LoggerExtensions.LogWarning(ILogger, string?, params object?[])' (https://learn.microsoft.com/dotnet/fundamentals/code-analysis/quality-rules/ca1848) [/home/runner/work/trading-bot-c-/trading-bot-c-/src/BotCore/BotCore.csproj]
/home/runner/work/trading-bot-c-/trading-bot-c-/src/BotCore/Strategy/S6_S11_Bridge.cs(193,17): error CA1848: For improved performance, use the LoggerMessage delegates instead of calling 'LoggerExtensions.LogWarning(ILogger, Exception?, string?, params object?[])' (https://learn.microsoft.com/dotnet/fundamentals/code-analysis/quality-rules/ca1848) [/home/runner/work/trading-bot-c-/trading-bot-c-/src/BotCore/BotCore.csproj]
/home/runner/work/trading-bot-c-/trading-bot-c-/src/BotCore/Patterns/Detectors/ReversalPatternDetector.cs(69,12): error S1541: The Cyclomatic Complexity of this constructor is 12 which is greater than 10 authorized. (https://rules.sonarsource.com/csharp/RSPEC-1541) [/home/runner/work/trading-bot-c-/trading-bot-c-/src/BotCore/BotCore.csproj]
/home/runner/work/trading-bot-c-/trading-bot-c-/src/BotCore/Patterns/Detectors/ReversalPatternDetector.cs(88,26): error S1541: The Cyclomatic Complexity of this method is 13 which is greater than 10 authorized. (https://rules.sonarsource.com/csharp/RSPEC-1541) [/home/runner/work/trading-bot-c-/trading-bot-c-/src/BotCore/BotCore.csproj]
/home/runner/work/trading-bot-c-/trading-bot-c-/src/BotCore/Strategy/S6_S11_Bridge.cs(289,17): error CA1848: For improved performance, use the LoggerMessage delegates instead of calling 'LoggerExtensions.LogInformation(ILogger, string?, params object?[])' (https://learn.microsoft.com/dotnet/fundamentals/code-analysis/quality-rules/ca1848) [/home/runner/work/trading-bot-c-/trading-bot-c-/src/BotCore/BotCore.csproj]
/home/runner/work/trading-bot-c-/trading-bot-c-/src/BotCore/Strategy/S6_S11_Bridge.cs(296,17): error CA1848: For improved performance, use the LoggerMessage delegates instead of calling 'LoggerExtensions.LogInformation(ILogger, string?, params object?[])' (https://learn.microsoft.com/dotnet/fundamentals/code-analysis/quality-rules/ca1848) [/home/runner/work/trading-bot-c-/trading-bot-c-/src/BotCore/BotCore.csproj]
/home/runner/work/trading-bot-c-/trading-bot-c-/src/BotCore/Strategy/S6_S11_Bridge.cs(306,17): error CA1848: For improved performance, use the LoggerMessage delegates instead of calling 'LoggerExtensions.LogError(ILogger, Exception?, string?, params object?[])' (https://learn.microsoft.com/dotnet/fundamentals/code-analysis/quality-rules/ca1848) [/home/runner/work/trading-bot-c-/trading-bot-c-/src/BotCore/BotCore.csproj]
/home/runner/work/trading-bot-c-/trading-bot-c-/src/BotCore/Strategy/S6_S11_Bridge.cs(331,21): error CA1848: For improved performance, use the LoggerMessage delegates instead of calling 'LoggerExtensions.LogError(ILogger, string?, params object?[])' (https://learn.microsoft.com/dotnet/fundamentals/code-analysis/quality-rules/ca1848) [/home/runner/work/trading-bot-c-/trading-bot-c-/src/BotCore/BotCore.csproj]
/home/runner/work/trading-bot-c-/trading-bot-c-/src/BotCore/Strategy/S6_S11_Bridge.cs(337,17): error CA1848: For improved performance, use the LoggerMessage delegates instead of calling 'LoggerExtensions.LogError(ILogger, Exception?, string?, params object?[])' (https://learn.microsoft.com/dotnet/fundamentals/code-analysis/quality-rules/ca1848) [/home/runner/work/trading-bot-c-/trading-bot-c-/src/BotCore/BotCore.csproj]
/home/runner/work/trading-bot-c-/trading-bot-c-/src/BotCore/Patterns/Detectors/ReversalPatternDetector.cs(113,34): error S1541: The Cyclomatic Complexity of this method is 11 which is greater than 10 authorized. (https://rules.sonarsource.com/csharp/RSPEC-1541) [/home/runner/work/trading-bot-c-/trading-bot-c-/src/BotCore/BotCore.csproj]
/home/runner/work/trading-bot-c-/trading-bot-c-/src/BotCore/Strategy/S6_S11_Bridge.cs(346,17): error CA1848: For improved performance, use the LoggerMessage delegates instead of calling 'LoggerExtensions.LogInformation(ILogger, string?, params object?[])' (https://learn.microsoft.com/dotnet/fundamentals/code-analysis/quality-rules/ca1848) [/home/runner/work/trading-bot-c-/trading-bot-c-/src/BotCore/BotCore.csproj]
/home/runner/work/trading-bot-c-/trading-bot-c-/src/BotCore/Strategy/S6_S11_Bridge.cs(363,17): error CA1848: For improved performance, use the LoggerMessage delegates instead of calling 'LoggerExtensions.LogInformation(ILogger, string?, params object?[])' (https://learn.microsoft.com/dotnet/fundamentals/code-analysis/quality-rules/ca1848) [/home/runner/work/trading-bot-c-/trading-bot-c-/src/BotCore/BotCore.csproj]
/home/runner/work/trading-bot-c-/trading-bot-c-/src/BotCore/Strategy/S6_S11_Bridge.cs(368,17): error CA1848: For improved performance, use the LoggerMessage delegates instead of calling 'LoggerExtensions.LogError(ILogger, Exception?, string?, params object?[])' (https://learn.microsoft.com/dotnet/fundamentals/code-analysis/quality-rules/ca1848) [/home/runner/work/trading-bot-c-/trading-bot-c-/src/BotCore/BotCore.csproj]
/home/runner/work/trading-bot-c-/trading-bot-c-/src/BotCore/Strategy/S6_S11_Bridge.cs(391,21): error CA1848: For improved performance, use the LoggerMessage delegates instead of calling 'LoggerExtensions.LogError(ILogger, string?, params object?[])' (https://learn.microsoft.com/dotnet/fundamentals/code-analysis/quality-rules/ca1848) [/home/runner/work/trading-bot-c-/trading-bot-c-/src/BotCore/BotCore.csproj]
/home/runner/work/trading-bot-c-/trading-bot-c-/src/BotCore/Strategy/S6_S11_Bridge.cs(397,17): error CA1848: For improved performance, use the LoggerMessage delegates instead of calling 'LoggerExtensions.LogError(ILogger, Exception?, string?, params object?[])' (https://learn.microsoft.com/dotnet/fundamentals/code-analysis/quality-rules/ca1848) [/home/runner/work/trading-bot-c-/trading-bot-c-/src/BotCore/BotCore.csproj]
/home/runner/work/trading-bot-c-/trading-bot-c-/src/BotCore/Strategy/S6_S11_Bridge.cs(406,17): error CA1848: For improved performance, use the LoggerMessage delegates instead of calling 'LoggerExtensions.LogInformation(ILogger, string?, params object?[])' (https://learn.microsoft.com/dotnet/fundamentals/code-analysis/quality-rules/ca1848) [/home/runner/work/trading-bot-c-/trading-bot-c-/src/BotCore/BotCore.csproj]
/home/runner/work/trading-bot-c-/trading-bot-c-/src/BotCore/Strategy/S6_S11_Bridge.cs(427,17): error CA1848: For improved performance, use the LoggerMessage delegates instead of calling 'LoggerExtensions.LogInformation(ILogger, string?, params object?[])' (https://learn.microsoft.com/dotnet/fundamentals/code-analysis/quality-rules/ca1848) [/home/runner/work/trading-bot-c-/trading-bot-c-/src/BotCore/BotCore.csproj]
/home/runner/work/trading-bot-c-/trading-bot-c-/src/BotCore/Strategy/S6_S11_Bridge.cs(432,17): error CA1848: For improved performance, use the LoggerMessage delegates instead of calling 'LoggerExtensions.LogError(ILogger, Exception?, string?, params object?[])' (https://learn.microsoft.com/dotnet/fundamentals/code-analysis/quality-rules/ca1848) [/home/runner/work/trading-bot-c-/trading-bot-c-/src/BotCore/BotCore.csproj]
/home/runner/work/trading-bot-c-/trading-bot-c-/src/BotCore/Strategy/S6_S11_Bridge.cs(455,21): error CA1848: For improved performance, use the LoggerMessage delegates instead of calling 'LoggerExtensions.LogWarning(ILogger, string?, params object?[])' (https://learn.microsoft.com/dotnet/fundamentals/code-analysis/quality-rules/ca1848) [/home/runner/work/trading-bot-c-/trading-bot-c-/src/BotCore/BotCore.csproj]
/home/runner/work/trading-bot-c-/trading-bot-c-/src/BotCore/Strategy/S6_S11_Bridge.cs(462,17): error CA1848: For improved performance, use the LoggerMessage delegates instead of calling 'LoggerExtensions.LogWarning(ILogger, Exception?, string?, params object?[])' (https://learn.microsoft.com/dotnet/fundamentals/code-analysis/quality-rules/ca1848) [/home/runner/work/trading-bot-c-/trading-bot-c-/src/BotCore/BotCore.csproj]
/home/runner/work/trading-bot-c-/trading-bot-c-/src/BotCore/Strategy/S6_S11_Bridge.cs(471,17): error CA1848: For improved performance, use the LoggerMessage delegates instead of calling 'LoggerExtensions.LogDebug(ILogger, string?, params object?[])' (https://learn.microsoft.com/dotnet/fundamentals/code-analysis/quality-rules/ca1848) [/home/runner/work/trading-bot-c-/trading-bot-c-/src/BotCore/BotCore.csproj]
/home/runner/work/trading-bot-c-/trading-bot-c-/src/BotCore/Strategy/S6_S11_Bridge.cs(483,17): error CA1848: For improved performance, use the LoggerMessage delegates instead of calling 'LoggerExtensions.LogDebug(ILogger, string?, params object?[])' (https://learn.microsoft.com/dotnet/fundamentals/code-analysis/quality-rules/ca1848) [/home/runner/work/trading-bot-c-/trading-bot-c-/src/BotCore/BotCore.csproj]
/home/runner/work/trading-bot-c-/trading-bot-c-/src/BotCore/Strategy/S6_S11_Bridge.cs(490,17): error CA1848: For improved performance, use the LoggerMessage delegates instead of calling 'LoggerExtensions.LogError(ILogger, Exception?, string?, params object?[])' (https://learn.microsoft.com/dotnet/fundamentals/code-analysis/quality-rules/ca1848) [/home/runner/work/trading-bot-c-/trading-bot-c-/src/BotCore/BotCore.csproj]
/home/runner/work/trading-bot-c-/trading-bot-c-/src/BotCore/Patterns/Detectors/ReversalPatternDetector.cs(202,34): error S1541: The Cyclomatic Complexity of this method is 17 which is greater than 10 authorized. (https://rules.sonarsource.com/csharp/RSPEC-1541) [/home/runner/work/trading-bot-c-/trading-bot-c-/src/BotCore/BotCore.csproj]
/home/runner/work/trading-bot-c-/trading-bot-c-/src/BotCore/Strategy/S6_S11_Bridge.cs(499,17): error CA1848: For improved performance, use the LoggerMessage delegates instead of calling 'LoggerExtensions.LogDebug(ILogger, string?, params object?[])' (https://learn.microsoft.com/dotnet/fundamentals/code-analysis/quality-rules/ca1848) [/home/runner/work/trading-bot-c-/trading-bot-c-/src/BotCore/BotCore.csproj]
/home/runner/work/trading-bot-c-/trading-bot-c-/src/BotCore/Strategy/S6_S11_Bridge.cs(509,21): error CA1848: For improved performance, use the LoggerMessage delegates instead of calling 'LoggerExtensions.LogDebug(ILogger, string?, params object?[])' (https://learn.microsoft.com/dotnet/fundamentals/code-analysis/quality-rules/ca1848) [/home/runner/work/trading-bot-c-/trading-bot-c-/src/BotCore/BotCore.csproj]
/home/runner/work/trading-bot-c-/trading-bot-c-/src/BotCore/Strategy/S6_S11_Bridge.cs(517,17): error CA1848: For improved performance, use the LoggerMessage delegates instead of calling 'LoggerExtensions.LogError(ILogger, Exception?, string?, params object?[])' (https://learn.microsoft.com/dotnet/fundamentals/code-analysis/quality-rules/ca1848) [/home/runner/work/trading-bot-c-/trading-bot-c-/src/BotCore/BotCore.csproj]
/home/runner/work/trading-bot-c-/trading-bot-c-/src/BotCore/Strategy/S6_S11_Bridge.cs(574,21): error CA1848: For improved performance, use the LoggerMessage delegates instead of calling 'LoggerExtensions.LogWarning(ILogger, string?, params object?[])' (https://learn.microsoft.com/dotnet/fundamentals/code-analysis/quality-rules/ca1848) [/home/runner/work/trading-bot-c-/trading-bot-c-/src/BotCore/BotCore.csproj]
/home/runner/work/trading-bot-c-/trading-bot-c-/src/BotCore/Strategy/S6_S11_Bridge.cs(580,21): error CA1848: For improved performance, use the LoggerMessage delegates instead of calling 'LoggerExtensions.LogWarning(ILogger, string?, params object?[])' (https://learn.microsoft.com/dotnet/fundamentals/code-analysis/quality-rules/ca1848) [/home/runner/work/trading-bot-c-/trading-bot-c-/src/BotCore/BotCore.csproj]
/home/runner/work/trading-bot-c-/trading-bot-c-/src/BotCore/Strategy/S6_S11_Bridge.cs(594,17): error CA1848: For improved performance, use the LoggerMessage delegates instead of calling 'LoggerExtensions.LogError(ILogger, Exception?, string?, params object?[])' (https://learn.microsoft.com/dotnet/fundamentals/code-analysis/quality-rules/ca1848) [/home/runner/work/trading-bot-c-/trading-bot-c-/src/BotCore/BotCore.csproj]
/home/runner/work/trading-bot-c-/trading-bot-c-/src/BotCore/Strategy/S6_S11_Bridge.cs(599,17): error CA1848: For improved performance, use the LoggerMessage delegates instead of calling 'LoggerExtensions.LogError(ILogger, Exception?, string?, params object?[])' (https://learn.microsoft.com/dotnet/fundamentals/code-analysis/quality-rules/ca1848) [/home/runner/work/trading-bot-c-/trading-bot-c-/src/BotCore/BotCore.csproj]
/home/runner/work/trading-bot-c-/trading-bot-c-/src/BotCore/Strategy/S6_S11_Bridge.cs(604,17): error CA1848: For improved performance, use the LoggerMessage delegates instead of calling 'LoggerExtensions.LogError(ILogger, Exception?, string?, params object?[])' (https://learn.microsoft.com/dotnet/fundamentals/code-analysis/quality-rules/ca1848) [/home/runner/work/trading-bot-c-/trading-bot-c-/src/BotCore/BotCore.csproj]
/home/runner/work/trading-bot-c-/trading-bot-c-/src/BotCore/Strategy/S6_S11_Bridge.cs(627,17): error CA1848: For improved performance, use the LoggerMessage delegates instead of calling 'LoggerExtensions.LogDebug(ILogger, string?, params object?[])' (https://learn.microsoft.com/dotnet/fundamentals/code-analysis/quality-rules/ca1848) [/home/runner/work/trading-bot-c-/trading-bot-c-/src/BotCore/BotCore.csproj]
/home/runner/work/trading-bot-c-/trading-bot-c-/src/BotCore/MetaLabeler/WalkForwardTrainer.cs(229,58): error CA1825: Avoid unnecessary zero-length array allocations.  Use Array.Empty<byte>() instead. (https://learn.microsoft.com/dotnet/fundamentals/code-analysis/quality-rules/ca1825) [/home/runner/work/trading-bot-c-/trading-bot-c-/src/BotCore/BotCore.csproj]
/home/runner/work/trading-bot-c-/trading-bot-c-/src/BotCore/MetaLabeler/WalkForwardTrainer.cs(210,68): error CA1869: Avoid creating a new 'JsonSerializerOptions' instance for every serialization operation. Cache and reuse instances instead. (https://learn.microsoft.com/dotnet/fundamentals/code-analysis/quality-rules/ca1869) [/home/runner/work/trading-bot-c-/trading-bot-c-/src/BotCore/BotCore.csproj]
/home/runner/work/trading-bot-c-/trading-bot-c-/src/BotCore/Patterns/Detectors/ReversalPatternDetector.cs(310,34): error S1541: The Cyclomatic Complexity of this method is 14 which is greater than 10 authorized. (https://rules.sonarsource.com/csharp/RSPEC-1541) [/home/runner/work/trading-bot-c-/trading-bot-c-/src/BotCore/BotCore.csproj]
/home/runner/work/trading-bot-c-/trading-bot-c-/src/BotCore/Strategy/S3Strategy.cs(73,56): error CA1024: Use properties where appropriate (https://learn.microsoft.com/dotnet/fundamentals/code-analysis/quality-rules/ca1024) [/home/runner/work/trading-bot-c-/trading-bot-c-/src/BotCore/BotCore.csproj]
/home/runner/work/trading-bot-c-/trading-bot-c-/src/BotCore/Patterns/Detectors/ReversalPatternDetector.cs(413,34): error S1541: The Cyclomatic Complexity of this method is 11 which is greater than 10 authorized. (https://rules.sonarsource.com/csharp/RSPEC-1541) [/home/runner/work/trading-bot-c-/trading-bot-c-/src/BotCore/BotCore.csproj]
/home/runner/work/trading-bot-c-/trading-bot-c-/src/BotCore/Patterns/Detectors/ReversalPatternDetector.cs(446,56): error S1172: Remove this unused method parameter 'bars'. (https://rules.sonarsource.com/csharp/RSPEC-1172) [/home/runner/work/trading-bot-c-/trading-bot-c-/src/BotCore/BotCore.csproj]
/home/runner/work/trading-bot-c-/trading-bot-c-/src/BotCore/Patterns/Detectors/ContinuationPatternDetector.cs(76,12): error S1541: The Cyclomatic Complexity of this constructor is 13 which is greater than 10 authorized. (https://rules.sonarsource.com/csharp/RSPEC-1541) [/home/runner/work/trading-bot-c-/trading-bot-c-/src/BotCore/BotCore.csproj]
/home/runner/work/trading-bot-c-/trading-bot-c-/src/BotCore/Patterns/Detectors/ContinuationPatternDetector.cs(96,26): error S1541: The Cyclomatic Complexity of this method is 14 which is greater than 10 authorized. (https://rules.sonarsource.com/csharp/RSPEC-1541) [/home/runner/work/trading-bot-c-/trading-bot-c-/src/BotCore/BotCore.csproj]
/home/runner/work/trading-bot-c-/trading-bot-c-/src/BotCore/MetaLabeler/WalkForwardTrainer.cs(318,26): error CA1826: Do not use Enumerable methods on indexable collections. Instead use the collection directly. (https://learn.microsoft.com/dotnet/fundamentals/code-analysis/quality-rules/ca1826) [/home/runner/work/trading-bot-c-/trading-bot-c-/src/BotCore/BotCore.csproj]
/home/runner/work/trading-bot-c-/trading-bot-c-/src/BotCore/MetaLabeler/WalkForwardTrainer.cs(250,35): error CA1303: Method 'Task<ValidationMetrics> WalkForwardTrainer.EvaluateModelAsync(string modelPath, List<LabeledTradeData> testData)' passes a literal string as parameter 'value' of a call to 'void Console.WriteLine(string? value)'. Retrieve the following string(s) from a resource table instead: "[WALK-FORWARD] Cannot evaluate: model missing or no test data". (https://learn.microsoft.com/dotnet/fundamentals/code-analysis/quality-rules/ca1303) [/home/runner/work/trading-bot-c-/trading-bot-c-/src/BotCore/BotCore.csproj]
/home/runner/work/trading-bot-c-/trading-bot-c-/src/BotCore/MetaLabeler/WalkForwardTrainer.cs(260,35): error CA1303: Method 'Task<ValidationMetrics> WalkForwardTrainer.EvaluateModelAsync(string modelPath, List<LabeledTradeData> testData)' passes a literal string as parameter 'value' of a call to 'void Console.WriteLine(string? value)'. Retrieve the following string(s) from a resource table instead: "[WALK-FORWARD] Failed to load ONNX model, falling back to feature-based prediction". (https://learn.microsoft.com/dotnet/fundamentals/code-analysis/quality-rules/ca1303) [/home/runner/work/trading-bot-c-/trading-bot-c-/src/BotCore/BotCore.csproj]
/home/runner/work/trading-bot-c-/trading-bot-c-/src/BotCore/Patterns/Detectors/ContinuationPatternDetector.cs(216,34): error S1541: The Cyclomatic Complexity of this method is 11 which is greater than 10 authorized. (https://rules.sonarsource.com/csharp/RSPEC-1541) [/home/runner/work/trading-bot-c-/trading-bot-c-/src/BotCore/BotCore.csproj]
/home/runner/work/trading-bot-c-/trading-bot-c-/src/BotCore/MetaLabeler/WalkForwardTrainer.cs(446,54): error CA1869: Avoid creating a new 'JsonSerializerOptions' instance for every serialization operation. Cache and reuse instances instead. (https://learn.microsoft.com/dotnet/fundamentals/code-analysis/quality-rules/ca1869) [/home/runner/work/trading-bot-c-/trading-bot-c-/src/BotCore/BotCore.csproj]
/home/runner/work/trading-bot-c-/trading-bot-c-/src/BotCore/MetaLabeler/TripleBarrierLabeler.cs(299,18): error CA1716: In virtual/interface member IHistoricalDataProvider.GetPriceDataAsync(string, DateTime, DateTime, CancellationToken), rename parameter end so that it no longer conflicts with the reserved language keyword 'End'. Using a reserved keyword as the name of a parameter on a virtual/interface member makes it harder for consumers in other languages to override/implement the member. (https://learn.microsoft.com/dotnet/fundamentals/code-analysis/quality-rules/ca1716) [/home/runner/work/trading-bot-c-/trading-bot-c-/src/BotCore/BotCore.csproj]
/home/runner/work/trading-bot-c-/trading-bot-c-/src/BotCore/Strategy/S3Strategy.cs(75,48): error S1541: The Cyclomatic Complexity of this method is 107 which is greater than 10 authorized. (https://rules.sonarsource.com/csharp/RSPEC-1541) [/home/runner/work/trading-bot-c-/trading-bot-c-/src/BotCore/BotCore.csproj]
/home/runner/work/trading-bot-c-/trading-bot-c-/src/BotCore/Strategy/S3Strategy.cs(75,48): error S138: This method 'S3' has 244 lines, which is greater than the 80 lines authorized. Split it into smaller methods. (https://rules.sonarsource.com/csharp/RSPEC-138) [/home/runner/work/trading-bot-c-/trading-bot-c-/src/BotCore/BotCore.csproj]
/home/runner/work/trading-bot-c-/trading-bot-c-/src/BotCore/Patterns/Detectors/ContinuationPatternDetector.cs(362,53): error S1172: Remove this unused method parameter 'bars'. (https://rules.sonarsource.com/csharp/RSPEC-1172) [/home/runner/work/trading-bot-c-/trading-bot-c-/src/BotCore/BotCore.csproj]
/home/runner/work/trading-bot-c-/trading-bot-c-/src/BotCore/MetaLabeler/TripleBarrierLabeler.cs(47,37): error CA1002: Change 'List<HistoricalTradeSignal>' in 'TripleBarrierLabeler.LabelSignalsAsync(List<HistoricalTradeSignal>, [CancellationToken])' to use 'Collection<T>', 'ReadOnlyCollection<T>' or 'KeyedCollection<K,V>' (https://learn.microsoft.com/dotnet/fundamentals/code-analysis/quality-rules/ca1002) [/home/runner/work/trading-bot-c-/trading-bot-c-/src/BotCore/BotCore.csproj]
/home/runner/work/trading-bot-c-/trading-bot-c-/src/BotCore/Patterns/Detectors/CandlestickPatternDetector.cs(67,12): error S1541: The Cyclomatic Complexity of this constructor is 17 which is greater than 10 authorized. (https://rules.sonarsource.com/csharp/RSPEC-1541) [/home/runner/work/trading-bot-c-/trading-bot-c-/src/BotCore/BotCore.csproj]
/home/runner/work/trading-bot-c-/trading-bot-c-/src/BotCore/MetaLabeler/TripleBarrierLabeler.cs(115,9): error CA1031: Modify 'ComputeTripleBarrierLabelAsync' to catch a more specific allowed exception type, or rethrow the exception (https://learn.microsoft.com/dotnet/fundamentals/code-analysis/quality-rules/ca1031) [/home/runner/work/trading-bot-c-/trading-bot-c-/src/BotCore/BotCore.csproj]
/home/runner/work/trading-bot-c-/trading-bot-c-/src/BotCore/Patterns/Detectors/CandlestickPatternDetector.cs(91,26): error S1541: The Cyclomatic Complexity of this method is 18 which is greater than 10 authorized. (https://rules.sonarsource.com/csharp/RSPEC-1541) [/home/runner/work/trading-bot-c-/trading-bot-c-/src/BotCore/BotCore.csproj]
/home/runner/work/trading-bot-c-/trading-bot-c-/src/BotCore/MetaLabeler/TripleBarrierLabeler.cs(128,29): error CA1851: Possible multiple enumerations of 'IEnumerable' collection. Consider using an implementation that avoids multiple enumerations. (https://learn.microsoft.com/dotnet/fundamentals/code-analysis/quality-rules/ca1851) [/home/runner/work/trading-bot-c-/trading-bot-c-/src/BotCore/BotCore.csproj]
/home/runner/work/trading-bot-c-/trading-bot-c-/src/BotCore/MetaLabeler/TripleBarrierLabeler.cs(181,23): error CA1851: Possible multiple enumerations of 'IEnumerable' collection. Consider using an implementation that avoids multiple enumerations. (https://learn.microsoft.com/dotnet/fundamentals/code-analysis/quality-rules/ca1851) [/home/runner/work/trading-bot-c-/trading-bot-c-/src/BotCore/BotCore.csproj]
/home/runner/work/trading-bot-c-/trading-bot-c-/src/BotCore/Patterns/Detectors/CandlestickPatternDetector.cs(247,34): error S1541: The Cyclomatic Complexity of this method is 12 which is greater than 10 authorized. (https://rules.sonarsource.com/csharp/RSPEC-1541) [/home/runner/work/trading-bot-c-/trading-bot-c-/src/BotCore/BotCore.csproj]
/home/runner/work/trading-bot-c-/trading-bot-c-/src/BotCore/Patterns/Detectors/CandlestickPatternDetector.cs(313,54): error S1172: Remove this unused method parameter 'bars'. (https://rules.sonarsource.com/csharp/RSPEC-1172) [/home/runner/work/trading-bot-c-/trading-bot-c-/src/BotCore/BotCore.csproj]
/home/runner/work/trading-bot-c-/trading-bot-c-/src/BotCore/Patterns/Detectors/CandlestickPatternDetector.cs(381,27): error S1541: The Cyclomatic Complexity of this method is 12 which is greater than 10 authorized. (https://rules.sonarsource.com/csharp/RSPEC-1541) [/home/runner/work/trading-bot-c-/trading-bot-c-/src/BotCore/BotCore.csproj]
/home/runner/work/trading-bot-c-/trading-bot-c-/src/BotCore/Market/RedundantDataFeedManager.cs(868,43): error SCS0005: Weak random number generator. (https://security-code-scan.github.io/#SCS0005) [/home/runner/work/trading-bot-c-/trading-bot-c-/src/BotCore/BotCore.csproj]
/home/runner/work/trading-bot-c-/trading-bot-c-/src/BotCore/Market/RedundantDataFeedManager.cs(868,43): error CA5394: Random is an insecure random number generator. Use cryptographically secure random number generators when randomness is required for security. (https://learn.microsoft.com/dotnet/fundamentals/code-analysis/quality-rules/ca5394) [/home/runner/work/trading-bot-c-/trading-bot-c-/src/BotCore/BotCore.csproj]
/home/runner/work/trading-bot-c-/trading-bot-c-/src/BotCore/MetaLabeler/OnnxMetaLabeler.cs(42,30): error CA2000: Call System.IDisposable.Dispose on object created by 'new SessionOptions' before all references to it are out of scope (https://learn.microsoft.com/dotnet/fundamentals/code-analysis/quality-rules/ca2000) [/home/runner/work/trading-bot-c-/trading-bot-c-/src/BotCore/BotCore.csproj]
/home/runner/work/trading-bot-c-/trading-bot-c-/src/BotCore/Logging/TradingLogger.cs(18,32): error S2629: Don't use string interpolation in logging message templates. (https://rules.sonarsource.com/csharp/RSPEC-2629) [/home/runner/work/trading-bot-c-/trading-bot-c-/src/BotCore/BotCore.csproj]
/home/runner/work/trading-bot-c-/trading-bot-c-/src/BotCore/MetaLabeler/OnnxMetaLabeler.cs(78,34): error S6608: Indexing at 0 should be used instead of the "Enumerable" extension method "First" (https://rules.sonarsource.com/csharp/RSPEC-6608) [/home/runner/work/trading-bot-c-/trading-bot-c-/src/BotCore/BotCore.csproj]
/home/runner/work/trading-bot-c-/trading-bot-c-/src/BotCore/Logging/TradingLogger.cs(18,9): error CA1848: For improved performance, use the LoggerMessage delegates instead of calling 'LoggerExtensions.LogInformation(ILogger, string?, params object?[])' (https://learn.microsoft.com/dotnet/fundamentals/code-analysis/quality-rules/ca1848) [/home/runner/work/trading-bot-c-/trading-bot-c-/src/BotCore/BotCore.csproj]
/home/runner/work/trading-bot-c-/trading-bot-c-/src/BotCore/Logging/TradingLogger.cs(18,32): error CA2254: The logging message template should not vary between calls to 'LoggerExtensions.LogInformation(ILogger, string?, params object?[])' (https://learn.microsoft.com/dotnet/fundamentals/code-analysis/quality-rules/ca2254) [/home/runner/work/trading-bot-c-/trading-bot-c-/src/BotCore/BotCore.csproj]
/home/runner/work/trading-bot-c-/trading-bot-c-/src/BotCore/MetaLabeler/OnnxMetaLabeler.cs(78,26): error CA1826: Do not use Enumerable methods on indexable collections. Instead use the collection directly. (https://learn.microsoft.com/dotnet/fundamentals/code-analysis/quality-rules/ca1826) [/home/runner/work/trading-bot-c-/trading-bot-c-/src/BotCore/BotCore.csproj]
/home/runner/work/trading-bot-c-/trading-bot-c-/src/BotCore/MetaLabeler/OnnxMetaLabeler.cs(88,9): error CA1031: Modify 'EstimateWinProbabilityAsync' to catch a more specific allowed exception type, or rethrow the exception (https://learn.microsoft.com/dotnet/fundamentals/code-analysis/quality-rules/ca1031) [/home/runner/work/trading-bot-c-/trading-bot-c-/src/BotCore/BotCore.csproj]
/home/runner/work/trading-bot-c-/trading-bot-c-/src/BotCore/Logging/TradingLogger.cs(24,32): error S2629: Don't use string interpolation in logging message templates. (https://rules.sonarsource.com/csharp/RSPEC-2629) [/home/runner/work/trading-bot-c-/trading-bot-c-/src/BotCore/BotCore.csproj]
/home/runner/work/trading-bot-c-/trading-bot-c-/src/BotCore/Logging/TradingLogger.cs(24,9): error CA1848: For improved performance, use the LoggerMessage delegates instead of calling 'LoggerExtensions.LogInformation(ILogger, string?, params object?[])' (https://learn.microsoft.com/dotnet/fundamentals/code-analysis/quality-rules/ca1848) [/home/runner/work/trading-bot-c-/trading-bot-c-/src/BotCore/BotCore.csproj]
/home/runner/work/trading-bot-c-/trading-bot-c-/src/BotCore/Logging/TradingLogger.cs(24,32): error CA2254: The logging message template should not vary between calls to 'LoggerExtensions.LogInformation(ILogger, string?, params object?[])' (https://learn.microsoft.com/dotnet/fundamentals/code-analysis/quality-rules/ca2254) [/home/runner/work/trading-bot-c-/trading-bot-c-/src/BotCore/BotCore.csproj]
/home/runner/work/trading-bot-c-/trading-bot-c-/src/BotCore/Market/RedundantDataFeedManager.cs(807,47): error SCS0005: Weak random number generator. (https://security-code-scan.github.io/#SCS0005) [/home/runner/work/trading-bot-c-/trading-bot-c-/src/BotCore/BotCore.csproj]
/home/runner/work/trading-bot-c-/trading-bot-c-/src/BotCore/Logging/TradingLogger.cs(31,34): error S2629: Don't use string interpolation in logging message templates. (https://rules.sonarsource.com/csharp/RSPEC-2629) [/home/runner/work/trading-bot-c-/trading-bot-c-/src/BotCore/BotCore.csproj]
/home/runner/work/trading-bot-c-/trading-bot-c-/src/BotCore/Logging/TradingLogger.cs(35,30): error S2629: Don't use string interpolation in logging message templates. (https://rules.sonarsource.com/csharp/RSPEC-2629) [/home/runner/work/trading-bot-c-/trading-bot-c-/src/BotCore/BotCore.csproj]
/home/runner/work/trading-bot-c-/trading-bot-c-/src/BotCore/Logging/TradingLogger.cs(31,13): error CA1848: For improved performance, use the LoggerMessage delegates instead of calling 'LoggerExtensions.LogError(ILogger, Exception?, string?, params object?[])' (https://learn.microsoft.com/dotnet/fundamentals/code-analysis/quality-rules/ca1848) [/home/runner/work/trading-bot-c-/trading-bot-c-/src/BotCore/BotCore.csproj]
/home/runner/work/trading-bot-c-/trading-bot-c-/src/BotCore/Logging/TradingLogger.cs(31,34): error CA2254: The logging message template should not vary between calls to 'LoggerExtensions.LogError(ILogger, Exception?, string?, params object?[])' (https://learn.microsoft.com/dotnet/fundamentals/code-analysis/quality-rules/ca2254) [/home/runner/work/trading-bot-c-/trading-bot-c-/src/BotCore/BotCore.csproj]
/home/runner/work/trading-bot-c-/trading-bot-c-/src/BotCore/Logging/TradingLogger.cs(35,13): error CA1848: For improved performance, use the LoggerMessage delegates instead of calling 'LoggerExtensions.LogError(ILogger, string?, params object?[])' (https://learn.microsoft.com/dotnet/fundamentals/code-analysis/quality-rules/ca1848) [/home/runner/work/trading-bot-c-/trading-bot-c-/src/BotCore/BotCore.csproj]
/home/runner/work/trading-bot-c-/trading-bot-c-/src/BotCore/Logging/TradingLogger.cs(35,30): error CA2254: The logging message template should not vary between calls to 'LoggerExtensions.LogError(ILogger, string?, params object?[])' (https://learn.microsoft.com/dotnet/fundamentals/code-analysis/quality-rules/ca2254) [/home/runner/work/trading-bot-c-/trading-bot-c-/src/BotCore/BotCore.csproj]
/home/runner/work/trading-bot-c-/trading-bot-c-/src/BotCore/Market/RedundantDataFeedManager.cs(807,47): error CA5394: Random is an insecure random number generator. Use cryptographically secure random number generators when randomness is required for security. (https://learn.microsoft.com/dotnet/fundamentals/code-analysis/quality-rules/ca5394) [/home/runner/work/trading-bot-c-/trading-bot-c-/src/BotCore/BotCore.csproj]
/home/runner/work/trading-bot-c-/trading-bot-c-/src/BotCore/Logging/TradingLogger.cs(41,28): error S2629: Don't use string interpolation in logging message templates. (https://rules.sonarsource.com/csharp/RSPEC-2629) [/home/runner/work/trading-bot-c-/trading-bot-c-/src/BotCore/BotCore.csproj]
/home/runner/work/trading-bot-c-/trading-bot-c-/src/BotCore/Logging/TradingLogger.cs(41,9): error CA1848: For improved performance, use the LoggerMessage delegates instead of calling 'LoggerExtensions.LogWarning(ILogger, string?, params object?[])' (https://learn.microsoft.com/dotnet/fundamentals/code-analysis/quality-rules/ca1848) [/home/runner/work/trading-bot-c-/trading-bot-c-/src/BotCore/BotCore.csproj]
/home/runner/work/trading-bot-c-/trading-bot-c-/src/BotCore/Logging/TradingLogger.cs(41,28): error CA2254: The logging message template should not vary between calls to 'LoggerExtensions.LogWarning(ILogger, string?, params object?[])' (https://learn.microsoft.com/dotnet/fundamentals/code-analysis/quality-rules/ca2254) [/home/runner/work/trading-bot-c-/trading-bot-c-/src/BotCore/BotCore.csproj]
/home/runner/work/trading-bot-c-/trading-bot-c-/src/BotCore/Logging/TradingLogger.cs(47,9): error CA1848: For improved performance, use the LoggerMessage delegates instead of calling 'LoggerExtensions.LogDebug(ILogger, string?, params object?[])' (https://learn.microsoft.com/dotnet/fundamentals/code-analysis/quality-rules/ca1848) [/home/runner/work/trading-bot-c-/trading-bot-c-/src/BotCore/BotCore.csproj]
/home/runner/work/trading-bot-c-/trading-bot-c-/src/BotCore/Logging/TradingLogger.cs(47,26): error CA2254: The logging message template should not vary between calls to 'LoggerExtensions.LogDebug(ILogger, string?, params object?[])' (https://learn.microsoft.com/dotnet/fundamentals/code-analysis/quality-rules/ca2254) [/home/runner/work/trading-bot-c-/trading-bot-c-/src/BotCore/BotCore.csproj]
/home/runner/work/trading-bot-c-/trading-bot-c-/src/BotCore/Infra/Persistence.cs(18,58): error CA1869: Avoid creating a new 'JsonSerializerOptions' instance for every serialization operation. Cache and reuse instances instead. (https://learn.microsoft.com/dotnet/fundamentals/code-analysis/quality-rules/ca1869) [/home/runner/work/trading-bot-c-/trading-bot-c-/src/BotCore/BotCore.csproj]
/home/runner/work/trading-bot-c-/trading-bot-c-/src/BotCore/Integrations/EnhancedStrategyIntegration.cs(46,17): error CA1848: For improved performance, use the LoggerMessage delegates instead of calling 'LoggerExtensions.LogDebug(ILogger, string?, params object?[])' (https://learn.microsoft.com/dotnet/fundamentals/code-analysis/quality-rules/ca1848) [/home/runner/work/trading-bot-c-/trading-bot-c-/src/BotCore/BotCore.csproj]
/home/runner/work/trading-bot-c-/trading-bot-c-/src/BotCore/Integrations/EnhancedStrategyIntegration.cs(53,17): error CA1848: For improved performance, use the LoggerMessage delegates instead of calling 'LoggerExtensions.LogError(ILogger, Exception?, string?, params object?[])' (https://learn.microsoft.com/dotnet/fundamentals/code-analysis/quality-rules/ca1848) [/home/runner/work/trading-bot-c-/trading-bot-c-/src/BotCore/BotCore.csproj]
/home/runner/work/trading-bot-c-/trading-bot-c-/src/BotCore/Integrations/EnhancedStrategyIntegration.cs(59,17): error CA1848: For improved performance, use the LoggerMessage delegates instead of calling 'LoggerExtensions.LogError(ILogger, Exception?, string?, params object?[])' (https://learn.microsoft.com/dotnet/fundamentals/code-analysis/quality-rules/ca1848) [/home/runner/work/trading-bot-c-/trading-bot-c-/src/BotCore/BotCore.csproj]
/home/runner/work/trading-bot-c-/trading-bot-c-/src/BotCore/Integrations/EnhancedStrategyIntegration.cs(65,17): error CA1848: For improved performance, use the LoggerMessage delegates instead of calling 'LoggerExtensions.LogError(ILogger, Exception?, string?, params object?[])' (https://learn.microsoft.com/dotnet/fundamentals/code-analysis/quality-rules/ca1848) [/home/runner/work/trading-bot-c-/trading-bot-c-/src/BotCore/BotCore.csproj]
/home/runner/work/trading-bot-c-/trading-bot-c-/src/BotCore/Infrastructure/HttpClientConfiguration.cs(203,17): error CA1848: For improved performance, use the LoggerMessage delegates instead of calling 'LoggerExtensions.LogDebug(ILogger, string?, params object?[])' (https://learn.microsoft.com/dotnet/fundamentals/code-analysis/quality-rules/ca1848) [/home/runner/work/trading-bot-c-/trading-bot-c-/src/BotCore/BotCore.csproj]
/home/runner/work/trading-bot-c-/trading-bot-c-/src/BotCore/Infrastructure/HttpClientConfiguration.cs(207,17): error CA1848: For improved performance, use the LoggerMessage delegates instead of calling 'LoggerExtensions.LogWarning(ILogger, string?, params object?[])' (https://learn.microsoft.com/dotnet/fundamentals/code-analysis/quality-rules/ca1848) [/home/runner/work/trading-bot-c-/trading-bot-c-/src/BotCore/BotCore.csproj]
/home/runner/work/trading-bot-c-/trading-bot-c-/src/BotCore/Integration/ZoneFeatureResolvers.cs(147,13): error CA1848: For improved performance, use the LoggerMessage delegates instead of calling 'LoggerExtensions.LogTrace(ILogger, string?, params object?[])' (https://learn.microsoft.com/dotnet/fundamentals/code-analysis/quality-rules/ca1848) [/home/runner/work/trading-bot-c-/trading-bot-c-/src/BotCore/BotCore.csproj]
/home/runner/work/trading-bot-c-/trading-bot-c-/src/BotCore/Integration/ZoneFeatureResolvers.cs(154,13): error CA1848: For improved performance, use the LoggerMessage delegates instead of calling 'LoggerExtensions.LogError(ILogger, Exception?, string?, params object?[])' (https://learn.microsoft.com/dotnet/fundamentals/code-analysis/quality-rules/ca1848) [/home/runner/work/trading-bot-c-/trading-bot-c-/src/BotCore/BotCore.csproj]
/home/runner/work/trading-bot-c-/trading-bot-c-/src/BotCore/Market/RedundantDataFeedManager.cs(121,9): error CA1848: For improved performance, use the LoggerMessage delegates instead of calling 'LoggerExtensions.LogInformation(ILogger, string?, params object?[])' (https://learn.microsoft.com/dotnet/fundamentals/code-analysis/quality-rules/ca1848) [/home/runner/work/trading-bot-c-/trading-bot-c-/src/BotCore/BotCore.csproj]
/home/runner/work/trading-bot-c-/trading-bot-c-/src/BotCore/Infra/MlPipelineHealthMonitor.cs(74,17): error CA1848: For improved performance, use the LoggerMessage delegates instead of calling 'LoggerExtensions.LogError(ILogger, Exception?, string?, params object?[])' (https://learn.microsoft.com/dotnet/fundamentals/code-analysis/quality-rules/ca1848) [/home/runner/work/trading-bot-c-/trading-bot-c-/src/BotCore/BotCore.csproj]
/home/runner/work/trading-bot-c-/trading-bot-c-/src/BotCore/Infra/MlPipelineHealthMonitor.cs(72,13): error CA1031: Modify 'CheckHealthAsync' to catch a more specific allowed exception type, or rethrow the exception (https://learn.microsoft.com/dotnet/fundamentals/code-analysis/quality-rules/ca1031) [/home/runner/work/trading-bot-c-/trading-bot-c-/src/BotCore/BotCore.csproj]
/home/runner/work/trading-bot-c-/trading-bot-c-/src/BotCore/Market/RedundantDataFeedManager.cs(129,9): error CA1848: For improved performance, use the LoggerMessage delegates instead of calling 'LoggerExtensions.LogInformation(ILogger, string?, params object?[])' (https://learn.microsoft.com/dotnet/fundamentals/code-analysis/quality-rules/ca1848) [/home/runner/work/trading-bot-c-/trading-bot-c-/src/BotCore/BotCore.csproj]
/home/runner/work/trading-bot-c-/trading-bot-c-/src/BotCore/Market/RedundantDataFeedManager.cs(158,21): error CA1848: For improved performance, use the LoggerMessage delegates instead of calling 'LoggerExtensions.LogInformation(ILogger, string?, params object?[])' (https://learn.microsoft.com/dotnet/fundamentals/code-analysis/quality-rules/ca1848) [/home/runner/work/trading-bot-c-/trading-bot-c-/src/BotCore/BotCore.csproj]
/home/runner/work/trading-bot-c-/trading-bot-c-/src/BotCore/Market/RedundantDataFeedManager.cs(163,17): error CA1848: For improved performance, use the LoggerMessage delegates instead of calling 'LoggerExtensions.LogError(ILogger, Exception?, string?, params object?[])' (https://learn.microsoft.com/dotnet/fundamentals/code-analysis/quality-rules/ca1848) [/home/runner/work/trading-bot-c-/trading-bot-c-/src/BotCore/BotCore.csproj]
/home/runner/work/trading-bot-c-/trading-bot-c-/src/BotCore/Market/RedundantDataFeedManager.cs(167,17): error CA1848: For improved performance, use the LoggerMessage delegates instead of calling 'LoggerExtensions.LogError(ILogger, Exception?, string?, params object?[])' (https://learn.microsoft.com/dotnet/fundamentals/code-analysis/quality-rules/ca1848) [/home/runner/work/trading-bot-c-/trading-bot-c-/src/BotCore/BotCore.csproj]
/home/runner/work/trading-bot-c-/trading-bot-c-/src/BotCore/Integrations/EnhancedStrategyIntegration.cs(103,17): error CA1848: For improved performance, use the LoggerMessage delegates instead of calling 'LoggerExtensions.LogDebug(ILogger, string?, params object?[])' (https://learn.microsoft.com/dotnet/fundamentals/code-analysis/quality-rules/ca1848) [/home/runner/work/trading-bot-c-/trading-bot-c-/src/BotCore/BotCore.csproj]
/home/runner/work/trading-bot-c-/trading-bot-c-/src/BotCore/Integrations/EnhancedStrategyIntegration.cs(108,17): error CA1848: For improved performance, use the LoggerMessage delegates instead of calling 'LoggerExtensions.LogError(ILogger, Exception?, string?, params object?[])' (https://learn.microsoft.com/dotnet/fundamentals/code-analysis/quality-rules/ca1848) [/home/runner/work/trading-bot-c-/trading-bot-c-/src/BotCore/BotCore.csproj]
/home/runner/work/trading-bot-c-/trading-bot-c-/src/BotCore/Integrations/EnhancedStrategyIntegration.cs(112,17): error CA1848: For improved performance, use the LoggerMessage delegates instead of calling 'LoggerExtensions.LogError(ILogger, Exception?, string?, params object?[])' (https://learn.microsoft.com/dotnet/fundamentals/code-analysis/quality-rules/ca1848) [/home/runner/work/trading-bot-c-/trading-bot-c-/src/BotCore/BotCore.csproj]
/home/runner/work/trading-bot-c-/trading-bot-c-/src/BotCore/Integrations/EnhancedStrategyIntegration.cs(116,17): error CA1848: For improved performance, use the LoggerMessage delegates instead of calling 'LoggerExtensions.LogError(ILogger, Exception?, string?, params object?[])' (https://learn.microsoft.com/dotnet/fundamentals/code-analysis/quality-rules/ca1848) [/home/runner/work/trading-bot-c-/trading-bot-c-/src/BotCore/BotCore.csproj]
/home/runner/work/trading-bot-c-/trading-bot-c-/src/BotCore/Extensions/ProductionGuardrailExtensions.cs(38,24): error S1541: The Cyclomatic Complexity of this method is 15 which is greater than 10 authorized. (https://rules.sonarsource.com/csharp/RSPEC-1541) [/home/runner/work/trading-bot-c-/trading-bot-c-/src/BotCore/BotCore.csproj]
/home/runner/work/trading-bot-c-/trading-bot-c-/src/BotCore/Market/RedundantDataFeedManager.cs(183,9): error CA1848: For improved performance, use the LoggerMessage delegates instead of calling 'LoggerExtensions.LogDebug(ILogger, string?, params object?[])' (https://learn.microsoft.com/dotnet/fundamentals/code-analysis/quality-rules/ca1848) [/home/runner/work/trading-bot-c-/trading-bot-c-/src/BotCore/BotCore.csproj]
/home/runner/work/trading-bot-c-/trading-bot-c-/src/BotCore/Extensions/ProductionGuardrailExtensions.cs(40,16): error CA1848: For improved performance, use the LoggerMessage delegates instead of calling 'LoggerExtensions.LogInformation(ILogger, string?, params object?[])' (https://learn.microsoft.com/dotnet/fundamentals/code-analysis/quality-rules/ca1848) [/home/runner/work/trading-bot-c-/trading-bot-c-/src/BotCore/BotCore.csproj]
/home/runner/work/trading-bot-c-/trading-bot-c-/src/BotCore/Extensions/ProductionGuardrailExtensions.cs(69,20): error CA1848: For improved performance, use the LoggerMessage delegates instead of calling 'LoggerExtensions.LogInformation(ILogger, string?, params object?[])' (https://learn.microsoft.com/dotnet/fundamentals/code-analysis/quality-rules/ca1848) [/home/runner/work/trading-bot-c-/trading-bot-c-/src/BotCore/BotCore.csproj]
/home/runner/work/trading-bot-c-/trading-bot-c-/src/BotCore/Extensions/ProductionGuardrailExtensions.cs(70,20): error CA1848: For improved performance, use the LoggerMessage delegates instead of calling 'LoggerExtensions.LogInformation(ILogger, string?, params object?[])' (https://learn.microsoft.com/dotnet/fundamentals/code-analysis/quality-rules/ca1848) [/home/runner/work/trading-bot-c-/trading-bot-c-/src/BotCore/BotCore.csproj]
/home/runner/work/trading-bot-c-/trading-bot-c-/src/BotCore/Extensions/ProductionGuardrailExtensions.cs(71,20): error CA1848: For improved performance, use the LoggerMessage delegates instead of calling 'LoggerExtensions.LogInformation(ILogger, string?, params object?[])' (https://learn.microsoft.com/dotnet/fundamentals/code-analysis/quality-rules/ca1848) [/home/runner/work/trading-bot-c-/trading-bot-c-/src/BotCore/BotCore.csproj]
/home/runner/work/trading-bot-c-/trading-bot-c-/src/BotCore/Extensions/ProductionGuardrailExtensions.cs(72,20): error CA1848: For improved performance, use the LoggerMessage delegates instead of calling 'LoggerExtensions.LogInformation(ILogger, string?, params object?[])' (https://learn.microsoft.com/dotnet/fundamentals/code-analysis/quality-rules/ca1848) [/home/runner/work/trading-bot-c-/trading-bot-c-/src/BotCore/BotCore.csproj]
/home/runner/work/trading-bot-c-/trading-bot-c-/src/BotCore/Extensions/ProductionGuardrailExtensions.cs(73,20): error CA1848: For improved performance, use the LoggerMessage delegates instead of calling 'LoggerExtensions.LogInformation(ILogger, string?, params object?[])' (https://learn.microsoft.com/dotnet/fundamentals/code-analysis/quality-rules/ca1848) [/home/runner/work/trading-bot-c-/trading-bot-c-/src/BotCore/BotCore.csproj]
/home/runner/work/trading-bot-c-/trading-bot-c-/src/BotCore/Extensions/ProductionGuardrailExtensions.cs(74,20): error CA1848: For improved performance, use the LoggerMessage delegates instead of calling 'LoggerExtensions.LogInformation(ILogger, string?, params object?[])' (https://learn.microsoft.com/dotnet/fundamentals/code-analysis/quality-rules/ca1848) [/home/runner/work/trading-bot-c-/trading-bot-c-/src/BotCore/BotCore.csproj]
/home/runner/work/trading-bot-c-/trading-bot-c-/src/BotCore/Extensions/ProductionGuardrailExtensions.cs(78,24): error CA1848: For improved performance, use the LoggerMessage delegates instead of calling 'LoggerExtensions.LogCritical(ILogger, string?, params object?[])' (https://learn.microsoft.com/dotnet/fundamentals/code-analysis/quality-rules/ca1848) [/home/runner/work/trading-bot-c-/trading-bot-c-/src/BotCore/BotCore.csproj]
/home/runner/work/trading-bot-c-/trading-bot-c-/src/BotCore/Extensions/ProductionGuardrailExtensions.cs(83,20): error CA1848: For improved performance, use the LoggerMessage delegates instead of calling 'LoggerExtensions.LogCritical(ILogger, Exception?, string?, params object?[])' (https://learn.microsoft.com/dotnet/fundamentals/code-analysis/quality-rules/ca1848) [/home/runner/work/trading-bot-c-/trading-bot-c-/src/BotCore/BotCore.csproj]
/home/runner/work/trading-bot-c-/trading-bot-c-/src/BotCore/Infra/MlPipelineHealthMonitor.cs(102,17): error CA1848: For improved performance, use the LoggerMessage delegates instead of calling 'LoggerExtensions.LogError(ILogger, string?, params object?[])' (https://learn.microsoft.com/dotnet/fundamentals/code-analysis/quality-rules/ca1848) [/home/runner/work/trading-bot-c-/trading-bot-c-/src/BotCore/BotCore.csproj]
/home/runner/work/trading-bot-c-/trading-bot-c-/src/BotCore/Infra/MlPipelineHealthMonitor.cs(111,17): error CA1848: For improved performance, use the LoggerMessage delegates instead of calling 'LoggerExtensions.LogWarning(ILogger, string?, params object?[])' (https://learn.microsoft.com/dotnet/fundamentals/code-analysis/quality-rules/ca1848) [/home/runner/work/trading-bot-c-/trading-bot-c-/src/BotCore/BotCore.csproj]
/home/runner/work/trading-bot-c-/trading-bot-c-/src/BotCore/Infra/MlPipelineHealthMonitor.cs(117,17): error CA1848: For improved performance, use the LoggerMessage delegates instead of calling 'LoggerExtensions.LogInformation(ILogger, string?, params object?[])' (https://learn.microsoft.com/dotnet/fundamentals/code-analysis/quality-rules/ca1848) [/home/runner/work/trading-bot-c-/trading-bot-c-/src/BotCore/BotCore.csproj]
/home/runner/work/trading-bot-c-/trading-bot-c-/src/BotCore/HealthChecks/ProductionHealthChecks.cs(773,17): error CA1848: For improved performance, use the LoggerMessage delegates instead of calling 'LoggerExtensions.LogInformation(ILogger, string?, params object?[])' (https://learn.microsoft.com/dotnet/fundamentals/code-analysis/quality-rules/ca1848) [/home/runner/work/trading-bot-c-/trading-bot-c-/src/BotCore/BotCore.csproj]
/home/runner/work/trading-bot-c-/trading-bot-c-/src/BotCore/HealthChecks/ProductionHealthChecks.cs(788,25): error CA1848: For improved performance, use the LoggerMessage delegates instead of calling 'LoggerExtensions.LogWarning(ILogger, string?, params object?[])' (https://learn.microsoft.com/dotnet/fundamentals/code-analysis/quality-rules/ca1848) [/home/runner/work/trading-bot-c-/trading-bot-c-/src/BotCore/BotCore.csproj]
/home/runner/work/trading-bot-c-/trading-bot-c-/src/BotCore/HealthChecks/ProductionHealthChecks.cs(802,17): error CA1848: For improved performance, use the LoggerMessage delegates instead of calling 'LoggerExtensions.LogError(ILogger, Exception?, string?, params object?[])' (https://learn.microsoft.com/dotnet/fundamentals/code-analysis/quality-rules/ca1848) [/home/runner/work/trading-bot-c-/trading-bot-c-/src/BotCore/BotCore.csproj]
/home/runner/work/trading-bot-c-/trading-bot-c-/src/BotCore/Integrations/EnhancedStrategyIntegration.cs(146,17): error CA1848: For improved performance, use the LoggerMessage delegates instead of calling 'LoggerExtensions.LogInformation(ILogger, string?, params object?[])' (https://learn.microsoft.com/dotnet/fundamentals/code-analysis/quality-rules/ca1848) [/home/runner/work/trading-bot-c-/trading-bot-c-/src/BotCore/BotCore.csproj]
/home/runner/work/trading-bot-c-/trading-bot-c-/src/BotCore/Integrations/EnhancedStrategyIntegration.cs(153,17): error CA1848: For improved performance, use the LoggerMessage delegates instead of calling 'LoggerExtensions.LogError(ILogger, Exception?, string?, params object?[])' (https://learn.microsoft.com/dotnet/fundamentals/code-analysis/quality-rules/ca1848) [/home/runner/work/trading-bot-c-/trading-bot-c-/src/BotCore/BotCore.csproj]
/home/runner/work/trading-bot-c-/trading-bot-c-/src/BotCore/Integrations/EnhancedStrategyIntegration.cs(158,17): error CA1848: For improved performance, use the LoggerMessage delegates instead of calling 'LoggerExtensions.LogError(ILogger, Exception?, string?, params object?[])' (https://learn.microsoft.com/dotnet/fundamentals/code-analysis/quality-rules/ca1848) [/home/runner/work/trading-bot-c-/trading-bot-c-/src/BotCore/BotCore.csproj]
/home/runner/work/trading-bot-c-/trading-bot-c-/src/BotCore/Integrations/EnhancedStrategyIntegration.cs(163,17): error CA1848: For improved performance, use the LoggerMessage delegates instead of calling 'LoggerExtensions.LogError(ILogger, Exception?, string?, params object?[])' (https://learn.microsoft.com/dotnet/fundamentals/code-analysis/quality-rules/ca1848) [/home/runner/work/trading-bot-c-/trading-bot-c-/src/BotCore/BotCore.csproj]
/home/runner/work/trading-bot-c-/trading-bot-c-/src/BotCore/HealthChecks/ProductionHealthChecks.cs(800,13): error CA1031: Modify 'ExecuteAsync' to catch a more specific allowed exception type, or rethrow the exception (https://learn.microsoft.com/dotnet/fundamentals/code-analysis/quality-rules/ca1031) [/home/runner/work/trading-bot-c-/trading-bot-c-/src/BotCore/BotCore.csproj]
/home/runner/work/trading-bot-c-/trading-bot-c-/src/BotCore/Fusion/RiskManagement.cs(55,25): error S1541: The Cyclomatic Complexity of this method is 11 which is greater than 10 authorized. (https://rules.sonarsource.com/csharp/RSPEC-1541) [/home/runner/work/trading-bot-c-/trading-bot-c-/src/BotCore/BotCore.csproj]
/home/runner/work/trading-bot-c-/trading-bot-c-/src/BotCore/Fusion/RiskManagement.cs(55,25): error S138: This method 'GetCurrentRiskAsync' has 87 lines, which is greater than the 80 lines authorized. Split it into smaller methods. (https://rules.sonarsource.com/csharp/RSPEC-138) [/home/runner/work/trading-bot-c-/trading-bot-c-/src/BotCore/BotCore.csproj]
/home/runner/work/trading-bot-c-/trading-bot-c-/src/BotCore/Integration/ZoneFeatureResolvers.cs(110,13): error CA1848: For improved performance, use the LoggerMessage delegates instead of calling 'LoggerExtensions.LogTrace(ILogger, string?, params object?[])' (https://learn.microsoft.com/dotnet/fundamentals/code-analysis/quality-rules/ca1848) [/home/runner/work/trading-bot-c-/trading-bot-c-/src/BotCore/BotCore.csproj]
/home/runner/work/trading-bot-c-/trading-bot-c-/src/BotCore/Integration/ZoneFeatureResolvers.cs(117,13): error CA1848: For improved performance, use the LoggerMessage delegates instead of calling 'LoggerExtensions.LogError(ILogger, Exception?, string?, params object?[])' (https://learn.microsoft.com/dotnet/fundamentals/code-analysis/quality-rules/ca1848) [/home/runner/work/trading-bot-c-/trading-bot-c-/src/BotCore/BotCore.csproj]
/home/runner/work/trading-bot-c-/trading-bot-c-/src/BotCore/Fusion/RiskManagement.cs(63,13): error CA1848: For improved performance, use the LoggerMessage delegates instead of calling 'LoggerExtensions.LogDebug(ILogger, string?, params object?[])' (https://learn.microsoft.com/dotnet/fundamentals/code-analysis/quality-rules/ca1848) [/home/runner/work/trading-bot-c-/trading-bot-c-/src/BotCore/BotCore.csproj]
/home/runner/work/trading-bot-c-/trading-bot-c-/src/BotCore/Fusion/RiskManagement.cs(81,29): error CA1848: For improved performance, use the LoggerMessage delegates instead of calling 'LoggerExtensions.LogError(ILogger, string?, params object?[])' (https://learn.microsoft.com/dotnet/fundamentals/code-analysis/quality-rules/ca1848) [/home/runner/work/trading-bot-c-/trading-bot-c-/src/BotCore/BotCore.csproj]
/home/runner/work/trading-bot-c-/trading-bot-c-/src/BotCore/Fusion/RiskManagement.cs(85,25): error CA1848: For improved performance, use the LoggerMessage delegates instead of calling 'LoggerExtensions.LogWarning(ILogger, string?, params object?[])' (https://learn.microsoft.com/dotnet/fundamentals/code-analysis/quality-rules/ca1848) [/home/runner/work/trading-bot-c-/trading-bot-c-/src/BotCore/BotCore.csproj]
/home/runner/work/trading-bot-c-/trading-bot-c-/src/BotCore/Fusion/RiskManagement.cs(93,25): error CA1848: For improved performance, use the LoggerMessage delegates instead of calling 'LoggerExtensions.LogError(ILogger, string?, params object?[])' (https://learn.microsoft.com/dotnet/fundamentals/code-analysis/quality-rules/ca1848) [/home/runner/work/trading-bot-c-/trading-bot-c-/src/BotCore/BotCore.csproj]
/home/runner/work/trading-bot-c-/trading-bot-c-/src/BotCore/Fusion/RiskManagement.cs(102,25): error CA1848: For improved performance, use the LoggerMessage delegates instead of calling 'LoggerExtensions.LogError(ILogger, string?, params object?[])' (https://learn.microsoft.com/dotnet/fundamentals/code-analysis/quality-rules/ca1848) [/home/runner/work/trading-bot-c-/trading-bot-c-/src/BotCore/BotCore.csproj]
/home/runner/work/trading-bot-c-/trading-bot-c-/src/BotCore/Fusion/RiskManagement.cs(113,25): error CA1848: For improved performance, use the LoggerMessage delegates instead of calling 'LoggerExtensions.LogError(ILogger, string?, params object?[])' (https://learn.microsoft.com/dotnet/fundamentals/code-analysis/quality-rules/ca1848) [/home/runner/work/trading-bot-c-/trading-bot-c-/src/BotCore/BotCore.csproj]
/home/runner/work/trading-bot-c-/trading-bot-c-/src/BotCore/Fusion/RiskManagement.cs(119,21): error CA1848: For improved performance, use the LoggerMessage delegates instead of calling 'LoggerExtensions.LogDebug(ILogger, string?, params object?[])' (https://learn.microsoft.com/dotnet/fundamentals/code-analysis/quality-rules/ca1848) [/home/runner/work/trading-bot-c-/trading-bot-c-/src/BotCore/BotCore.csproj]
/home/runner/work/trading-bot-c-/trading-bot-c-/src/BotCore/Fusion/RiskManagement.cs(125,21): error CA1848: For improved performance, use the LoggerMessage delegates instead of calling 'LoggerExtensions.LogError(ILogger, Exception?, string?, params object?[])' (https://learn.microsoft.com/dotnet/fundamentals/code-analysis/quality-rules/ca1848) [/home/runner/work/trading-bot-c-/trading-bot-c-/src/BotCore/BotCore.csproj]
/home/runner/work/trading-bot-c-/trading-bot-c-/src/BotCore/Fusion/RiskManagement.cs(131,21): error CA1848: For improved performance, use the LoggerMessage delegates instead of calling 'LoggerExtensions.LogError(ILogger, Exception?, string?, params object?[])' (https://learn.microsoft.com/dotnet/fundamentals/code-analysis/quality-rules/ca1848) [/home/runner/work/trading-bot-c-/trading-bot-c-/src/BotCore/BotCore.csproj]
/home/runner/work/trading-bot-c-/trading-bot-c-/src/BotCore/Fusion/RiskManagement.cs(138,13): error CA1848: For improved performance, use the LoggerMessage delegates instead of calling 'LoggerExtensions.LogError(ILogger, string?, params object?[])' (https://learn.microsoft.com/dotnet/fundamentals/code-analysis/quality-rules/ca1848) [/home/runner/work/trading-bot-c-/trading-bot-c-/src/BotCore/BotCore.csproj]
/home/runner/work/trading-bot-c-/trading-bot-c-/src/BotCore/Fusion/RiskManagement.cs(144,13): error CA1848: For improved performance, use the LoggerMessage delegates instead of calling 'LoggerExtensions.LogError(ILogger, Exception?, string?, params object?[])' (https://learn.microsoft.com/dotnet/fundamentals/code-analysis/quality-rules/ca1848) [/home/runner/work/trading-bot-c-/trading-bot-c-/src/BotCore/BotCore.csproj]
/home/runner/work/trading-bot-c-/trading-bot-c-/src/BotCore/Fusion/RiskManagement.cs(151,13): error CA1848: For improved performance, use the LoggerMessage delegates instead of calling 'LoggerExtensions.LogError(ILogger, Exception?, string?, params object?[])' (https://learn.microsoft.com/dotnet/fundamentals/code-analysis/quality-rules/ca1848) [/home/runner/work/trading-bot-c-/trading-bot-c-/src/BotCore/BotCore.csproj]
/home/runner/work/trading-bot-c-/trading-bot-c-/src/BotCore/Fusion/RiskManagement.cs(158,13): error CA1848: For improved performance, use the LoggerMessage delegates instead of calling 'LoggerExtensions.LogError(ILogger, Exception?, string?, params object?[])' (https://learn.microsoft.com/dotnet/fundamentals/code-analysis/quality-rules/ca1848) [/home/runner/work/trading-bot-c-/trading-bot-c-/src/BotCore/BotCore.csproj]
/home/runner/work/trading-bot-c-/trading-bot-c-/src/BotCore/Integrations/EnhancedStrategyIntegration.cs(168,107): error S1172: Remove this unused method parameter 'snapshot'. (https://rules.sonarsource.com/csharp/RSPEC-1172) [/home/runner/work/trading-bot-c-/trading-bot-c-/src/BotCore/BotCore.csproj]
/home/runner/work/trading-bot-c-/trading-bot-c-/src/BotCore/Market/RedundantDataFeedManager.cs(225,21): error CA1848: For improved performance, use the LoggerMessage delegates instead of calling 'LoggerExtensions.LogWarning(ILogger, string?, params object?[])' (https://learn.microsoft.com/dotnet/fundamentals/code-analysis/quality-rules/ca1848) [/home/runner/work/trading-bot-c-/trading-bot-c-/src/BotCore/BotCore.csproj]
/home/runner/work/trading-bot-c-/trading-bot-c-/src/BotCore/Market/RedundantDataFeedManager.cs(233,25): error CA1848: For improved performance, use the LoggerMessage delegates instead of calling 'LoggerExtensions.LogWarning(ILogger, string?, params object?[])' (https://learn.microsoft.com/dotnet/fundamentals/code-analysis/quality-rules/ca1848) [/home/runner/work/trading-bot-c-/trading-bot-c-/src/BotCore/BotCore.csproj]
/home/runner/work/trading-bot-c-/trading-bot-c-/src/BotCore/Market/RedundantDataFeedManager.cs(252,9): error CA1848: For improved performance, use the LoggerMessage delegates instead of calling 'LoggerExtensions.LogCritical(ILogger, string?, params object?[])' (https://learn.microsoft.com/dotnet/fundamentals/code-analysis/quality-rules/ca1848) [/home/runner/work/trading-bot-c-/trading-bot-c-/src/BotCore/BotCore.csproj]
/home/runner/work/trading-bot-c-/trading-bot-c-/src/BotCore/Infrastructure/HttpClientConfiguration.cs(98,17): error CA1848: For improved performance, use the LoggerMessage delegates instead of calling 'LoggerExtensions.LogInformation(ILogger, string?, params object?[])' (https://learn.microsoft.com/dotnet/fundamentals/code-analysis/quality-rules/ca1848) [/home/runner/work/trading-bot-c-/trading-bot-c-/src/BotCore/BotCore.csproj]
/home/runner/work/trading-bot-c-/trading-bot-c-/src/BotCore/Infrastructure/HttpClientConfiguration.cs(105,21): error CA1848: For improved performance, use the LoggerMessage delegates instead of calling 'LoggerExtensions.LogError(ILogger, string?, params object?[])' (https://learn.microsoft.com/dotnet/fundamentals/code-analysis/quality-rules/ca1848) [/home/runner/work/trading-bot-c-/trading-bot-c-/src/BotCore/BotCore.csproj]
/home/runner/work/trading-bot-c-/trading-bot-c-/src/BotCore/Infrastructure/HttpClientConfiguration.cs(132,25): error CA1848: For improved performance, use the LoggerMessage delegates instead of calling 'LoggerExtensions.LogInformation(ILogger, string?, params object?[])' (https://learn.microsoft.com/dotnet/fundamentals/code-analysis/quality-rules/ca1848) [/home/runner/work/trading-bot-c-/trading-bot-c-/src/BotCore/BotCore.csproj]
/home/runner/work/trading-bot-c-/trading-bot-c-/src/BotCore/Infrastructure/HttpClientConfiguration.cs(136,25): error CA1848: For improved performance, use the LoggerMessage delegates instead of calling 'LoggerExtensions.LogError(ILogger, string?, params object?[])' (https://learn.microsoft.com/dotnet/fundamentals/code-analysis/quality-rules/ca1848) [/home/runner/work/trading-bot-c-/trading-bot-c-/src/BotCore/BotCore.csproj]
/home/runner/work/trading-bot-c-/trading-bot-c-/src/BotCore/Infrastructure/HttpClientConfiguration.cs(143,21): error CA1848: For improved performance, use the LoggerMessage delegates instead of calling 'LoggerExtensions.LogError(ILogger, string?, params object?[])' (https://learn.microsoft.com/dotnet/fundamentals/code-analysis/quality-rules/ca1848) [/home/runner/work/trading-bot-c-/trading-bot-c-/src/BotCore/BotCore.csproj]
/home/runner/work/trading-bot-c-/trading-bot-c-/src/BotCore/Infrastructure/HttpClientConfiguration.cs(158,13): error CA1848: For improved performance, use the LoggerMessage delegates instead of calling 'LoggerExtensions.LogInformation(ILogger, string?, params object?[])' (https://learn.microsoft.com/dotnet/fundamentals/code-analysis/quality-rules/ca1848) [/home/runner/work/trading-bot-c-/trading-bot-c-/src/BotCore/BotCore.csproj]
/home/runner/work/trading-bot-c-/trading-bot-c-/src/BotCore/Infrastructure/HttpClientConfiguration.cs(57,18): error CA1001: Type 'TopstepXTokenHandler' owns disposable field(s) '_refreshSemaphore' but is not disposable (https://learn.microsoft.com/dotnet/fundamentals/code-analysis/quality-rules/ca1001) [/home/runner/work/trading-bot-c-/trading-bot-c-/src/BotCore/BotCore.csproj]
/home/runner/work/trading-bot-c-/trading-bot-c-/src/BotCore/Integration/ZoneFeatureResolvers.cs(43,13): error CA1848: For improved performance, use the LoggerMessage delegates instead of calling 'LoggerExtensions.LogTrace(ILogger, string?, params object?[])' (https://learn.microsoft.com/dotnet/fundamentals/code-analysis/quality-rules/ca1848) [/home/runner/work/trading-bot-c-/trading-bot-c-/src/BotCore/BotCore.csproj]
/home/runner/work/trading-bot-c-/trading-bot-c-/src/BotCore/Integration/ZoneFeatureResolvers.cs(48,13): error CA1848: For improved performance, use the LoggerMessage delegates instead of calling 'LoggerExtensions.LogError(ILogger, Exception?, string?, params object?[])' (https://learn.microsoft.com/dotnet/fundamentals/code-analysis/quality-rules/ca1848) [/home/runner/work/trading-bot-c-/trading-bot-c-/src/BotCore/BotCore.csproj]
/home/runner/work/trading-bot-c-/trading-bot-c-/src/BotCore/Execution/S7OrderTypeSelector.cs(68,17): error CA1848: For improved performance, use the LoggerMessage delegates instead of calling 'LoggerExtensions.LogInformation(ILogger, string?, params object?[])' (https://learn.microsoft.com/dotnet/fundamentals/code-analysis/quality-rules/ca1848) [/home/runner/work/trading-bot-c-/trading-bot-c-/src/BotCore/BotCore.csproj]
/home/runner/work/trading-bot-c-/trading-bot-c-/src/BotCore/Execution/S7OrderTypeSelector.cs(76,17): error CA1848: For improved performance, use the LoggerMessage delegates instead of calling 'LoggerExtensions.LogError(ILogger, Exception?, string?, params object?[])' (https://learn.microsoft.com/dotnet/fundamentals/code-analysis/quality-rules/ca1848) [/home/runner/work/trading-bot-c-/trading-bot-c-/src/BotCore/BotCore.csproj]
/home/runner/work/trading-bot-c-/trading-bot-c-/src/BotCore/Market/RedundantDataFeedManager.cs(273,13): error CA1848: For improved performance, use the LoggerMessage delegates instead of calling 'LoggerExtensions.LogError(ILogger, Exception?, string?, params object?[])' (https://learn.microsoft.com/dotnet/fundamentals/code-analysis/quality-rules/ca1848) [/home/runner/work/trading-bot-c-/trading-bot-c-/src/BotCore/BotCore.csproj]
/home/runner/work/trading-bot-c-/trading-bot-c-/src/BotCore/Features/OfiProxyResolver.cs(41,27): error S1541: The Cyclomatic Complexity of this method is 19 which is greater than 10 authorized. (https://rules.sonarsource.com/csharp/RSPEC-1541) [/home/runner/work/trading-bot-c-/trading-bot-c-/src/BotCore/BotCore.csproj]
/home/runner/work/trading-bot-c-/trading-bot-c-/src/BotCore/Features/OfiProxyResolver.cs(45,17): error CA1848: For improved performance, use the LoggerMessage delegates instead of calling 'LoggerExtensions.LogError(ILogger, string?, params object?[])' (https://learn.microsoft.com/dotnet/fundamentals/code-analysis/quality-rules/ca1848) [/home/runner/work/trading-bot-c-/trading-bot-c-/src/BotCore/BotCore.csproj]
/home/runner/work/trading-bot-c-/trading-bot-c-/src/BotCore/Features/OfiProxyResolver.cs(51,17): error CA1848: For improved performance, use the LoggerMessage delegates instead of calling 'LoggerExtensions.LogError(ILogger, string?, params object?[])' (https://learn.microsoft.com/dotnet/fundamentals/code-analysis/quality-rules/ca1848) [/home/runner/work/trading-bot-c-/trading-bot-c-/src/BotCore/BotCore.csproj]
/home/runner/work/trading-bot-c-/trading-bot-c-/src/BotCore/Features/OfiProxyResolver.cs(73,21): error CA1848: For improved performance, use the LoggerMessage delegates instead of calling 'LoggerExtensions.LogError(ILogger, string?, params object?[])' (https://learn.microsoft.com/dotnet/fundamentals/code-analysis/quality-rules/ca1848) [/home/runner/work/trading-bot-c-/trading-bot-c-/src/BotCore/BotCore.csproj]
/home/runner/work/trading-bot-c-/trading-bot-c-/src/BotCore/Features/OfiProxyResolver.cs(90,21): error CA1848: For improved performance, use the LoggerMessage delegates instead of calling 'LoggerExtensions.LogWarning(ILogger, string?, params object?[])' (https://learn.microsoft.com/dotnet/fundamentals/code-analysis/quality-rules/ca1848) [/home/runner/work/trading-bot-c-/trading-bot-c-/src/BotCore/BotCore.csproj]
/home/runner/work/trading-bot-c-/trading-bot-c-/src/BotCore/Features/OfiProxyResolver.cs(124,21): error CA1848: For improved performance, use the LoggerMessage delegates instead of calling 'LoggerExtensions.LogTrace(ILogger, string?, params object?[])' (https://learn.microsoft.com/dotnet/fundamentals/code-analysis/quality-rules/ca1848) [/home/runner/work/trading-bot-c-/trading-bot-c-/src/BotCore/BotCore.csproj]
/home/runner/work/trading-bot-c-/trading-bot-c-/src/BotCore/Features/OfiProxyResolver.cs(129,21): error CA1848: For improved performance, use the LoggerMessage delegates instead of calling 'LoggerExtensions.LogTrace(ILogger, string?, params object?[])' (https://learn.microsoft.com/dotnet/fundamentals/code-analysis/quality-rules/ca1848) [/home/runner/work/trading-bot-c-/trading-bot-c-/src/BotCore/BotCore.csproj]
/home/runner/work/trading-bot-c-/trading-bot-c-/src/BotCore/Features/OfiProxyResolver.cs(135,17): error CA1848: For improved performance, use the LoggerMessage delegates instead of calling 'LoggerExtensions.LogError(ILogger, Exception?, string?, params object?[])' (https://learn.microsoft.com/dotnet/fundamentals/code-analysis/quality-rules/ca1848) [/home/runner/work/trading-bot-c-/trading-bot-c-/src/BotCore/BotCore.csproj]
/home/runner/work/trading-bot-c-/trading-bot-c-/src/BotCore/Fusion/RiskManagement.cs(206,13): error CA1848: For improved performance, use the LoggerMessage delegates instead of calling 'LoggerExtensions.LogDebug(ILogger, string?, params object?[])' (https://learn.microsoft.com/dotnet/fundamentals/code-analysis/quality-rules/ca1848) [/home/runner/work/trading-bot-c-/trading-bot-c-/src/BotCore/BotCore.csproj]
/home/runner/work/trading-bot-c-/trading-bot-c-/src/BotCore/Fusion/RiskManagement.cs(212,17): error CA1848: For improved performance, use the LoggerMessage delegates instead of calling 'LoggerExtensions.LogError(ILogger, string?, params object?[])' (https://learn.microsoft.com/dotnet/fundamentals/code-analysis/quality-rules/ca1848) [/home/runner/work/trading-bot-c-/trading-bot-c-/src/BotCore/BotCore.csproj]
/home/runner/work/trading-bot-c-/trading-bot-c-/src/BotCore/Fusion/RiskManagement.cs(220,17): error CA1848: For improved performance, use the LoggerMessage delegates instead of calling 'LoggerExtensions.LogError(ILogger, string?, params object?[])' (https://learn.microsoft.com/dotnet/fundamentals/code-analysis/quality-rules/ca1848) [/home/runner/work/trading-bot-c-/trading-bot-c-/src/BotCore/BotCore.csproj]
/home/runner/work/trading-bot-c-/trading-bot-c-/src/BotCore/Fusion/RiskManagement.cs(230,17): error CA1848: For improved performance, use the LoggerMessage delegates instead of calling 'LoggerExtensions.LogError(ILogger, string?, params object?[])' (https://learn.microsoft.com/dotnet/fundamentals/code-analysis/quality-rules/ca1848) [/home/runner/work/trading-bot-c-/trading-bot-c-/src/BotCore/BotCore.csproj]
/home/runner/work/trading-bot-c-/trading-bot-c-/src/BotCore/Fusion/RiskManagement.cs(235,13): error CA1848: For improved performance, use the LoggerMessage delegates instead of calling 'LoggerExtensions.LogDebug(ILogger, string?, params object?[])' (https://learn.microsoft.com/dotnet/fundamentals/code-analysis/quality-rules/ca1848) [/home/runner/work/trading-bot-c-/trading-bot-c-/src/BotCore/BotCore.csproj]
/home/runner/work/trading-bot-c-/trading-bot-c-/src/BotCore/Fusion/RiskManagement.cs(241,13): error CA1848: For improved performance, use the LoggerMessage delegates instead of calling 'LoggerExtensions.LogError(ILogger, Exception?, string?, params object?[])' (https://learn.microsoft.com/dotnet/fundamentals/code-analysis/quality-rules/ca1848) [/home/runner/work/trading-bot-c-/trading-bot-c-/src/BotCore/BotCore.csproj]
/home/runner/work/trading-bot-c-/trading-bot-c-/src/BotCore/Integrations/EnhancedStrategyIntegration.cs(208,71): error S1172: Remove this unused method parameter 'exitPrice'. (https://rules.sonarsource.com/csharp/RSPEC-1172) [/home/runner/work/trading-bot-c-/trading-bot-c-/src/BotCore/BotCore.csproj]
/home/runner/work/trading-bot-c-/trading-bot-c-/src/BotCore/Execution/S7OrderTypeSelector.cs(116,21): error CA1848: For improved performance, use the LoggerMessage delegates instead of calling 'LoggerExtensions.LogWarning(ILogger, string?, params object?[])' (https://learn.microsoft.com/dotnet/fundamentals/code-analysis/quality-rules/ca1848) [/home/runner/work/trading-bot-c-/trading-bot-c-/src/BotCore/BotCore.csproj]
/home/runner/work/trading-bot-c-/trading-bot-c-/src/BotCore/Infra/MlPipelineHealthMonitor.cs(156,13): error CA1031: Modify 'CheckDataCollection' to catch a more specific allowed exception type, or rethrow the exception (https://learn.microsoft.com/dotnet/fundamentals/code-analysis/quality-rules/ca1031) [/home/runner/work/trading-bot-c-/trading-bot-c-/src/BotCore/BotCore.csproj]
/home/runner/work/trading-bot-c-/trading-bot-c-/src/BotCore/Market/RedundantDataFeedManager.cs(300,13): error CA1848: For improved performance, use the LoggerMessage delegates instead of calling 'LoggerExtensions.LogError(ILogger, Exception?, string?, params object?[])' (https://learn.microsoft.com/dotnet/fundamentals/code-analysis/quality-rules/ca1848) [/home/runner/work/trading-bot-c-/trading-bot-c-/src/BotCore/BotCore.csproj]
/home/runner/work/trading-bot-c-/trading-bot-c-/src/BotCore/Market/RedundantDataFeedManager.cs(304,13): error CA1848: For improved performance, use the LoggerMessage delegates instead of calling 'LoggerExtensions.LogError(ILogger, Exception?, string?, params object?[])' (https://learn.microsoft.com/dotnet/fundamentals/code-analysis/quality-rules/ca1848) [/home/runner/work/trading-bot-c-/trading-bot-c-/src/BotCore/BotCore.csproj]
/home/runner/work/trading-bot-c-/trading-bot-c-/src/BotCore/Execution/S7OrderTypeSelector.cs(128,17): error S1066: Merge this if statement with the enclosing one. (https://rules.sonarsource.com/csharp/RSPEC-1066) [/home/runner/work/trading-bot-c-/trading-bot-c-/src/BotCore/BotCore.csproj]
/home/runner/work/trading-bot-c-/trading-bot-c-/src/BotCore/HealthChecks/ProductionHealthChecks.cs(680,36): error S1541: The Cyclomatic Complexity of this method is 12 which is greater than 10 authorized. (https://rules.sonarsource.com/csharp/RSPEC-1541) [/home/runner/work/trading-bot-c-/trading-bot-c-/src/BotCore/BotCore.csproj]
/home/runner/work/trading-bot-c-/trading-bot-c-/src/BotCore/Configuration/ProductionEnhancementConfiguration.cs(309,20): error SCS0005: Weak random number generator. (https://security-code-scan.github.io/#SCS0005) [/home/runner/work/trading-bot-c-/trading-bot-c-/src/BotCore/BotCore.csproj]
/home/runner/work/trading-bot-c-/trading-bot-c-/src/BotCore/Configuration/ProductionEnhancementConfiguration.cs(309,20): error CA5394: Random is an insecure random number generator. Use cryptographically secure random number generators when randomness is required for security. (https://learn.microsoft.com/dotnet/fundamentals/code-analysis/quality-rules/ca5394) [/home/runner/work/trading-bot-c-/trading-bot-c-/src/BotCore/BotCore.csproj]
/home/runner/work/trading-bot-c-/trading-bot-c-/src/BotCore/HealthChecks/ProductionHealthChecks.cs(729,13): error CA1848: For improved performance, use the LoggerMessage delegates instead of calling 'LoggerExtensions.LogWarning(ILogger, Exception?, string?, params object?[])' (https://learn.microsoft.com/dotnet/fundamentals/code-analysis/quality-rules/ca1848) [/home/runner/work/trading-bot-c-/trading-bot-c-/src/BotCore/BotCore.csproj]
/home/runner/work/trading-bot-c-/trading-bot-c-/src/BotCore/Infra/MlPipelineHealthMonitor.cs(174,32): error S6561: Avoid using "DateTime.Now" for benchmarking or timespan calculation operations. (https://rules.sonarsource.com/csharp/RSPEC-6561) [/home/runner/work/trading-bot-c-/trading-bot-c-/src/BotCore/BotCore.csproj]
/home/runner/work/trading-bot-c-/trading-bot-c-/src/BotCore/HealthChecks/ProductionHealthChecks.cs(727,9): error CA1031: Modify 'CheckHealthAsync' to catch a more specific allowed exception type, or rethrow the exception (https://learn.microsoft.com/dotnet/fundamentals/code-analysis/quality-rules/ca1031) [/home/runner/work/trading-bot-c-/trading-bot-c-/src/BotCore/BotCore.csproj]
/home/runner/work/trading-bot-c-/trading-bot-c-/src/BotCore/Infra/MlPipelineHealthMonitor.cs(189,13): error CA1031: Modify 'CheckModelFreshness' to catch a more specific allowed exception type, or rethrow the exception (https://learn.microsoft.com/dotnet/fundamentals/code-analysis/quality-rules/ca1031) [/home/runner/work/trading-bot-c-/trading-bot-c-/src/BotCore/BotCore.csproj]
/home/runner/work/trading-bot-c-/trading-bot-c-/src/BotCore/Fusion/MLConfiguration.cs(345,17): error CA1848: For improved performance, use the LoggerMessage delegates instead of calling 'LoggerExtensions.LogDebug(ILogger, string?, params object?[])' (https://learn.microsoft.com/dotnet/fundamentals/code-analysis/quality-rules/ca1848) [/home/runner/work/trading-bot-c-/trading-bot-c-/src/BotCore/BotCore.csproj]
/home/runner/work/trading-bot-c-/trading-bot-c-/src/BotCore/Fusion/MLConfiguration.cs(350,21): error CA1848: For improved performance, use the LoggerMessage delegates instead of calling 'LoggerExtensions.LogError(ILogger, string?, params object?[])' (https://learn.microsoft.com/dotnet/fundamentals/code-analysis/quality-rules/ca1848) [/home/runner/work/trading-bot-c-/trading-bot-c-/src/BotCore/BotCore.csproj]
/home/runner/work/trading-bot-c-/trading-bot-c-/src/BotCore/Fusion/MLConfiguration.cs(355,17): error CA1848: For improved performance, use the LoggerMessage delegates instead of calling 'LoggerExtensions.LogError(ILogger, string?, params object?[])' (https://learn.microsoft.com/dotnet/fundamentals/code-analysis/quality-rules/ca1848) [/home/runner/work/trading-bot-c-/trading-bot-c-/src/BotCore/BotCore.csproj]
/home/runner/work/trading-bot-c-/trading-bot-c-/src/BotCore/Fusion/MLConfiguration.cs(369,17): error CA1848: For improved performance, use the LoggerMessage delegates instead of calling 'LoggerExtensions.LogWarning(ILogger, string?, params object?[])' (https://learn.microsoft.com/dotnet/fundamentals/code-analysis/quality-rules/ca1848) [/home/runner/work/trading-bot-c-/trading-bot-c-/src/BotCore/BotCore.csproj]
/home/runner/work/trading-bot-c-/trading-bot-c-/src/BotCore/Fusion/MLConfiguration.cs(377,13): error CA1848: For improved performance, use the LoggerMessage delegates instead of calling 'LoggerExtensions.LogError(ILogger, Exception?, string?, params object?[])' (https://learn.microsoft.com/dotnet/fundamentals/code-analysis/quality-rules/ca1848) [/home/runner/work/trading-bot-c-/trading-bot-c-/src/BotCore/BotCore.csproj]
/home/runner/work/trading-bot-c-/trading-bot-c-/src/BotCore/Execution/S7OrderTypeSelector.cs(154,71): error S1172: Remove this unused method parameter 'microstructure'. (https://rules.sonarsource.com/csharp/RSPEC-1172) [/home/runner/work/trading-bot-c-/trading-bot-c-/src/BotCore/BotCore.csproj]
/home/runner/work/trading-bot-c-/trading-bot-c-/src/BotCore/Fusion/MLConfiguration.cs(375,9): error CA1031: Modify 'PredictSizeAsync' to catch a more specific allowed exception type, or rethrow the exception (https://learn.microsoft.com/dotnet/fundamentals/code-analysis/quality-rules/ca1031) [/home/runner/work/trading-bot-c-/trading-bot-c-/src/BotCore/BotCore.csproj]
/home/runner/work/trading-bot-c-/trading-bot-c-/src/BotCore/Fusion/MLConfiguration.cs(387,59): error S1172: Remove this unused method parameter 'rlSystem'. (https://rules.sonarsource.com/csharp/RSPEC-1172) [/home/runner/work/trading-bot-c-/trading-bot-c-/src/BotCore/BotCore.csproj]
/home/runner/work/trading-bot-c-/trading-bot-c-/src/BotCore/CloudRlTrainerEnhanced.cs(60,13): error CA1848: For improved performance, use the LoggerMessage delegates instead of calling 'LoggerExtensions.LogInformation(ILogger, string?, params object?[])' (https://learn.microsoft.com/dotnet/fundamentals/code-analysis/quality-rules/ca1848) [/home/runner/work/trading-bot-c-/trading-bot-c-/src/BotCore/BotCore.csproj]
/home/runner/work/trading-bot-c-/trading-bot-c-/src/BotCore/Execution/S7OrderTypeSelector.cs(178,47): error S1172: Remove this unused method parameter 'intent'. (https://rules.sonarsource.com/csharp/RSPEC-1172) [/home/runner/work/trading-bot-c-/trading-bot-c-/src/BotCore/BotCore.csproj]
/home/runner/work/trading-bot-c-/trading-bot-c-/src/BotCore/CloudRlTrainer.cs(44,13): error CA1848: For improved performance, use the LoggerMessage delegates instead of calling 'LoggerExtensions.LogInformation(ILogger, string?, params object?[])' (https://learn.microsoft.com/dotnet/fundamentals/code-analysis/quality-rules/ca1848) [/home/runner/work/trading-bot-c-/trading-bot-c-/src/BotCore/BotCore.csproj]
/home/runner/work/trading-bot-c-/trading-bot-c-/src/BotCore/HealthChecks/ProductionHealthChecks.cs(662,13): error CA1848: For improved performance, use the LoggerMessage delegates instead of calling 'LoggerExtensions.LogWarning(ILogger, Exception?, string?, params object?[])' (https://learn.microsoft.com/dotnet/fundamentals/code-analysis/quality-rules/ca1848) [/home/runner/work/trading-bot-c-/trading-bot-c-/src/BotCore/BotCore.csproj]
/home/runner/work/trading-bot-c-/trading-bot-c-/src/BotCore/Infra/MlPipelineHealthMonitor.cs(207,45): error S6561: Avoid using "DateTime.Now" for benchmarking or timespan calculation operations. (https://rules.sonarsource.com/csharp/RSPEC-6561) [/home/runner/work/trading-bot-c-/trading-bot-c-/src/BotCore/BotCore.csproj]
/home/runner/work/trading-bot-c-/trading-bot-c-/src/BotCore/Features/OfiProxyResolver.cs(145,17): error CA1848: For improved performance, use the LoggerMessage delegates instead of calling 'LoggerExtensions.LogError(ILogger, string?, params object?[])' (https://learn.microsoft.com/dotnet/fundamentals/code-analysis/quality-rules/ca1848) [/home/runner/work/trading-bot-c-/trading-bot-c-/src/BotCore/BotCore.csproj]
/home/runner/work/trading-bot-c-/trading-bot-c-/src/BotCore/Features/OfiProxyResolver.cs(153,17): error CA1848: For improved performance, use the LoggerMessage delegates instead of calling 'LoggerExtensions.LogWarning(ILogger, string?, params object?[])' (https://learn.microsoft.com/dotnet/fundamentals/code-analysis/quality-rules/ca1848) [/home/runner/work/trading-bot-c-/trading-bot-c-/src/BotCore/BotCore.csproj]
/home/runner/work/trading-bot-c-/trading-bot-c-/src/BotCore/Features/OfiProxyResolver.cs(159,17): error CA1848: For improved performance, use the LoggerMessage delegates instead of calling 'LoggerExtensions.LogWarning(ILogger, string?, params object?[])' (https://learn.microsoft.com/dotnet/fundamentals/code-analysis/quality-rules/ca1848) [/home/runner/work/trading-bot-c-/trading-bot-c-/src/BotCore/BotCore.csproj]
/home/runner/work/trading-bot-c-/trading-bot-c-/src/BotCore/HealthChecks/ProductionHealthChecks.cs(660,9): error CA1031: Modify 'CheckHealthAsync' to catch a more specific allowed exception type, or rethrow the exception (https://learn.microsoft.com/dotnet/fundamentals/code-analysis/quality-rules/ca1031) [/home/runner/work/trading-bot-c-/trading-bot-c-/src/BotCore/BotCore.csproj]
/home/runner/work/trading-bot-c-/trading-bot-c-/src/BotCore/Infra/MlPipelineHealthMonitor.cs(224,13): error CA1031: Modify 'CheckTrainingActivity' to catch a more specific allowed exception type, or rethrow the exception (https://learn.microsoft.com/dotnet/fundamentals/code-analysis/quality-rules/ca1031) [/home/runner/work/trading-bot-c-/trading-bot-c-/src/BotCore/BotCore.csproj]
/home/runner/work/trading-bot-c-/trading-bot-c-/src/BotCore/Integration/YamlSchemaValidator.cs(48,18): error S1541: The Cyclomatic Complexity of this method is 14 which is greater than 10 authorized. (https://rules.sonarsource.com/csharp/RSPEC-1541) [/home/runner/work/trading-bot-c-/trading-bot-c-/src/BotCore/BotCore.csproj]
/home/runner/work/trading-bot-c-/trading-bot-c-/src/BotCore/Infra/MlPipelineHealthMonitor.cs(246,13): error CA1031: Modify 'CheckGitHubPipelineAsync' to catch a more specific allowed exception type, or rethrow the exception (https://learn.microsoft.com/dotnet/fundamentals/code-analysis/quality-rules/ca1031) [/home/runner/work/trading-bot-c-/trading-bot-c-/src/BotCore/BotCore.csproj]
/home/runner/work/trading-bot-c-/trading-bot-c-/src/BotCore/Integration/YamlSchemaValidator.cs(98,9): error CA1848: For improved performance, use the LoggerMessage delegates instead of calling 'LoggerExtensions.LogInformation(ILogger, string?, params object?[])' (https://learn.microsoft.com/dotnet/fundamentals/code-analysis/quality-rules/ca1848) [/home/runner/work/trading-bot-c-/trading-bot-c-/src/BotCore/BotCore.csproj]
/home/runner/work/trading-bot-c-/trading-bot-c-/src/BotCore/Configuration/ProductionConfigurationValidation.cs(687,9): error CA1848: For improved performance, use the LoggerMessage delegates instead of calling 'LoggerExtensions.LogInformation(ILogger, string?, params object?[])' (https://learn.microsoft.com/dotnet/fundamentals/code-analysis/quality-rules/ca1848) [/home/runner/work/trading-bot-c-/trading-bot-c-/src/BotCore/BotCore.csproj]
/home/runner/work/trading-bot-c-/trading-bot-c-/src/BotCore/Configuration/ProductionConfigurationValidation.cs(699,13): error CA1848: For improved performance, use the LoggerMessage delegates instead of calling 'LoggerExtensions.LogInformation(ILogger, string?, params object?[])' (https://learn.microsoft.com/dotnet/fundamentals/code-analysis/quality-rules/ca1848) [/home/runner/work/trading-bot-c-/trading-bot-c-/src/BotCore/BotCore.csproj]
/home/runner/work/trading-bot-c-/trading-bot-c-/src/BotCore/Configuration/ProductionConfigurationValidation.cs(704,13): error CA1848: For improved performance, use the LoggerMessage delegates instead of calling 'LoggerExtensions.LogCritical(ILogger, Exception?, string?, params object?[])' (https://learn.microsoft.com/dotnet/fundamentals/code-analysis/quality-rules/ca1848) [/home/runner/work/trading-bot-c-/trading-bot-c-/src/BotCore/BotCore.csproj]
/home/runner/work/trading-bot-c-/trading-bot-c-/src/BotCore/Infra/MlPipelineHealthMonitor.cs(268,17): error CA1848: For improved performance, use the LoggerMessage delegates instead of calling 'LoggerExtensions.LogDebug(ILogger, string?, params object?[])' (https://learn.microsoft.com/dotnet/fundamentals/code-analysis/quality-rules/ca1848) [/home/runner/work/trading-bot-c-/trading-bot-c-/src/BotCore/BotCore.csproj]
/home/runner/work/trading-bot-c-/trading-bot-c-/src/BotCore/Fusion/MLConfiguration.cs(394,20): error S1541: The Cyclomatic Complexity of this method is 11 which is greater than 10 authorized. (https://rules.sonarsource.com/csharp/RSPEC-1541) [/home/runner/work/trading-bot-c-/trading-bot-c-/src/BotCore/BotCore.csproj]
/home/runner/work/trading-bot-c-/trading-bot-c-/src/BotCore/Infra/MlPipelineHealthMonitor.cs(270,13): error CA1031: Modify 'CheckGitHubActionsStatus' to catch a more specific allowed exception type, or rethrow the exception (https://learn.microsoft.com/dotnet/fundamentals/code-analysis/quality-rules/ca1031) [/home/runner/work/trading-bot-c-/trading-bot-c-/src/BotCore/BotCore.csproj]
/home/runner/work/trading-bot-c-/trading-bot-c-/src/BotCore/Configuration/ProductionConfigurationValidation.cs(722,43): error S2139: Either log this exception and handle it, or rethrow it with some contextual information. (https://rules.sonarsource.com/csharp/RSPEC-2139) [/home/runner/work/trading-bot-c-/trading-bot-c-/src/BotCore/BotCore.csproj]
/home/runner/work/trading-bot-c-/trading-bot-c-/src/BotCore/Fusion/MLConfiguration.cs(408,17): error CA1848: For improved performance, use the LoggerMessage delegates instead of calling 'LoggerExtensions.LogError(ILogger, string?, params object?[])' (https://learn.microsoft.com/dotnet/fundamentals/code-analysis/quality-rules/ca1848) [/home/runner/work/trading-bot-c-/trading-bot-c-/src/BotCore/BotCore.csproj]
/home/runner/work/trading-bot-c-/trading-bot-c-/src/BotCore/Configuration/ProductionConfigurationValidation.cs(720,13): error CA1848: For improved performance, use the LoggerMessage delegates instead of calling 'LoggerExtensions.LogInformation(ILogger, string?, params object?[])' (https://learn.microsoft.com/dotnet/fundamentals/code-analysis/quality-rules/ca1848) [/home/runner/work/trading-bot-c-/trading-bot-c-/src/BotCore/BotCore.csproj]
/home/runner/work/trading-bot-c-/trading-bot-c-/src/BotCore/Configuration/ProductionConfigurationValidation.cs(724,13): error CA1848: For improved performance, use the LoggerMessage delegates instead of calling 'LoggerExtensions.LogError(ILogger, Exception?, string?, params object?[])' (https://learn.microsoft.com/dotnet/fundamentals/code-analysis/quality-rules/ca1848) [/home/runner/work/trading-bot-c-/trading-bot-c-/src/BotCore/BotCore.csproj]
/home/runner/work/trading-bot-c-/trading-bot-c-/src/BotCore/CloudRlTrainerEnhanced.cs(67,17): error CA1848: For improved performance, use the LoggerMessage delegates instead of calling 'LoggerExtensions.LogDebug(ILogger, string?, params object?[])' (https://learn.microsoft.com/dotnet/fundamentals/code-analysis/quality-rules/ca1848) [/home/runner/work/trading-bot-c-/trading-bot-c-/src/BotCore/BotCore.csproj]
/home/runner/work/trading-bot-c-/trading-bot-c-/src/BotCore/CloudRlTrainerEnhanced.cs(84,21): error CA1848: For improved performance, use the LoggerMessage delegates instead of calling 'LoggerExtensions.LogDebug(ILogger, string?, params object?[])' (https://learn.microsoft.com/dotnet/fundamentals/code-analysis/quality-rules/ca1848) [/home/runner/work/trading-bot-c-/trading-bot-c-/src/BotCore/BotCore.csproj]
/home/runner/work/trading-bot-c-/trading-bot-c-/src/BotCore/CloudRlTrainerEnhanced.cs(88,17): error CA1848: For improved performance, use the LoggerMessage delegates instead of calling 'LoggerExtensions.LogInformation(ILogger, string?, params object?[])' (https://learn.microsoft.com/dotnet/fundamentals/code-analysis/quality-rules/ca1848) [/home/runner/work/trading-bot-c-/trading-bot-c-/src/BotCore/BotCore.csproj]
/home/runner/work/trading-bot-c-/trading-bot-c-/src/BotCore/CloudRlTrainerEnhanced.cs(96,17): error CA1848: For improved performance, use the LoggerMessage delegates instead of calling 'LoggerExtensions.LogInformation(ILogger, string?, params object?[])' (https://learn.microsoft.com/dotnet/fundamentals/code-analysis/quality-rules/ca1848) [/home/runner/work/trading-bot-c-/trading-bot-c-/src/BotCore/BotCore.csproj]
/home/runner/work/trading-bot-c-/trading-bot-c-/src/BotCore/CloudRlTrainerEnhanced.cs(101,17): error CA1848: For improved performance, use the LoggerMessage delegates instead of calling 'LoggerExtensions.LogError(ILogger, Exception?, string?, params object?[])' (https://learn.microsoft.com/dotnet/fundamentals/code-analysis/quality-rules/ca1848) [/home/runner/work/trading-bot-c-/trading-bot-c-/src/BotCore/BotCore.csproj]
/home/runner/work/trading-bot-c-/trading-bot-c-/src/BotCore/CloudRlTrainerEnhanced.cs(105,17): error CA1848: For improved performance, use the LoggerMessage delegates instead of calling 'LoggerExtensions.LogError(ILogger, Exception?, string?, params object?[])' (https://learn.microsoft.com/dotnet/fundamentals/code-analysis/quality-rules/ca1848) [/home/runner/work/trading-bot-c-/trading-bot-c-/src/BotCore/BotCore.csproj]
/home/runner/work/trading-bot-c-/trading-bot-c-/src/BotCore/CloudRlTrainerEnhanced.cs(109,17): error CA1848: For improved performance, use the LoggerMessage delegates instead of calling 'LoggerExtensions.LogError(ILogger, Exception?, string?, params object?[])' (https://learn.microsoft.com/dotnet/fundamentals/code-analysis/quality-rules/ca1848) [/home/runner/work/trading-bot-c-/trading-bot-c-/src/BotCore/BotCore.csproj]
/home/runner/work/trading-bot-c-/trading-bot-c-/src/BotCore/CloudRlTrainerEnhanced.cs(113,17): error CA1848: For improved performance, use the LoggerMessage delegates instead of calling 'LoggerExtensions.LogError(ILogger, Exception?, string?, params object?[])' (https://learn.microsoft.com/dotnet/fundamentals/code-analysis/quality-rules/ca1848) [/home/runner/work/trading-bot-c-/trading-bot-c-/src/BotCore/BotCore.csproj]
/home/runner/work/trading-bot-c-/trading-bot-c-/src/BotCore/CloudRlTrainerEnhanced.cs(117,17): error CA1848: For improved performance, use the LoggerMessage delegates instead of calling 'LoggerExtensions.LogError(ILogger, Exception?, string?, params object?[])' (https://learn.microsoft.com/dotnet/fundamentals/code-analysis/quality-rules/ca1848) [/home/runner/work/trading-bot-c-/trading-bot-c-/src/BotCore/BotCore.csproj]
/home/runner/work/trading-bot-c-/trading-bot-c-/src/BotCore/HealthChecks/ProductionHealthChecks.cs(588,13): error CA1848: For improved performance, use the LoggerMessage delegates instead of calling 'LoggerExtensions.LogWarning(ILogger, Exception?, string?, params object?[])' (https://learn.microsoft.com/dotnet/fundamentals/code-analysis/quality-rules/ca1848) [/home/runner/work/trading-bot-c-/trading-bot-c-/src/BotCore/BotCore.csproj]
/home/runner/work/trading-bot-c-/trading-bot-c-/src/BotCore/HealthChecks/ProductionHealthChecks.cs(563,21): error CA1031: Modify 'CheckHealthAsync' to catch a more specific allowed exception type, or rethrow the exception (https://learn.microsoft.com/dotnet/fundamentals/code-analysis/quality-rules/ca1031) [/home/runner/work/trading-bot-c-/trading-bot-c-/src/BotCore/BotCore.csproj]
/home/runner/work/trading-bot-c-/trading-bot-c-/src/BotCore/HealthChecks/ProductionHealthChecks.cs(586,9): error CA1031: Modify 'CheckHealthAsync' to catch a more specific allowed exception type, or rethrow the exception (https://learn.microsoft.com/dotnet/fundamentals/code-analysis/quality-rules/ca1031) [/home/runner/work/trading-bot-c-/trading-bot-c-/src/BotCore/BotCore.csproj]
/home/runner/work/trading-bot-c-/trading-bot-c-/src/BotCore/CloudRlTrainer.cs(66,26): error S1075: Refactor your code not to use hardcoded absolute paths or URIs. (https://rules.sonarsource.com/csharp/RSPEC-1075) [/home/runner/work/trading-bot-c-/trading-bot-c-/src/BotCore/BotCore.csproj]
/home/runner/work/trading-bot-c-/trading-bot-c-/src/BotCore/CloudRlTrainer.cs(69,34): error CA2234: Modify 'CloudRlTrainer.CheckGitHubReleasesAsync()' to call 'HttpClient.GetStringAsync(Uri)' instead of 'HttpClient.GetStringAsync(string)' (https://learn.microsoft.com/dotnet/fundamentals/code-analysis/quality-rules/ca2234) [/home/runner/work/trading-bot-c-/trading-bot-c-/src/BotCore/BotCore.csproj]
/home/runner/work/trading-bot-c-/trading-bot-c-/src/BotCore/CloudRlTrainer.cs(85,21): error CA1848: For improved performance, use the LoggerMessage delegates instead of calling 'LoggerExtensions.LogInformation(ILogger, string?, params object?[])' (https://learn.microsoft.com/dotnet/fundamentals/code-analysis/quality-rules/ca1848) [/home/runner/work/trading-bot-c-/trading-bot-c-/src/BotCore/BotCore.csproj]
/home/runner/work/trading-bot-c-/trading-bot-c-/src/BotCore/CloudRlTrainer.cs(91,21): error CA1848: For improved performance, use the LoggerMessage delegates instead of calling 'LoggerExtensions.LogDebug(ILogger, string?, params object?[])' (https://learn.microsoft.com/dotnet/fundamentals/code-analysis/quality-rules/ca1848) [/home/runner/work/trading-bot-c-/trading-bot-c-/src/BotCore/BotCore.csproj]
/home/runner/work/trading-bot-c-/trading-bot-c-/src/BotCore/CloudRlTrainer.cs(97,13): error CA1848: For improved performance, use the LoggerMessage delegates instead of calling 'LoggerExtensions.LogWarning(ILogger, Exception?, string?, params object?[])' (https://learn.microsoft.com/dotnet/fundamentals/code-analysis/quality-rules/ca1848) [/home/runner/work/trading-bot-c-/trading-bot-c-/src/BotCore/BotCore.csproj]
/home/runner/work/trading-bot-c-/trading-bot-c-/src/BotCore/CloudRlTrainer.cs(101,13): error CA1848: For improved performance, use the LoggerMessage delegates instead of calling 'LoggerExtensions.LogWarning(ILogger, Exception?, string?, params object?[])' (https://learn.microsoft.com/dotnet/fundamentals/code-analysis/quality-rules/ca1848) [/home/runner/work/trading-bot-c-/trading-bot-c-/src/BotCore/BotCore.csproj]
/home/runner/work/trading-bot-c-/trading-bot-c-/src/BotCore/CloudRlTrainer.cs(105,13): error CA1848: For improved performance, use the LoggerMessage delegates instead of calling 'LoggerExtensions.LogWarning(ILogger, Exception?, string?, params object?[])' (https://learn.microsoft.com/dotnet/fundamentals/code-analysis/quality-rules/ca1848) [/home/runner/work/trading-bot-c-/trading-bot-c-/src/BotCore/BotCore.csproj]
/home/runner/work/trading-bot-c-/trading-bot-c-/src/BotCore/CloudRlTrainer.cs(109,13): error CA1848: For improved performance, use the LoggerMessage delegates instead of calling 'LoggerExtensions.LogWarning(ILogger, Exception?, string?, params object?[])' (https://learn.microsoft.com/dotnet/fundamentals/code-analysis/quality-rules/ca1848) [/home/runner/work/trading-bot-c-/trading-bot-c-/src/BotCore/BotCore.csproj]
/home/runner/work/trading-bot-c-/trading-bot-c-/src/BotCore/Fusion/MLConfiguration.cs(466,13): error CA1848: For improved performance, use the LoggerMessage delegates instead of calling 'LoggerExtensions.LogError(ILogger, string?, params object?[])' (https://learn.microsoft.com/dotnet/fundamentals/code-analysis/quality-rules/ca1848) [/home/runner/work/trading-bot-c-/trading-bot-c-/src/BotCore/BotCore.csproj]
/home/runner/work/trading-bot-c-/trading-bot-c-/src/BotCore/Market/RedundantDataFeedManager.cs(342,29): error CA1848: For improved performance, use the LoggerMessage delegates instead of calling 'LoggerExtensions.LogWarning(ILogger, string?, params object?[])' (https://learn.microsoft.com/dotnet/fundamentals/code-analysis/quality-rules/ca1848) [/home/runner/work/trading-bot-c-/trading-bot-c-/src/BotCore/BotCore.csproj]
/home/runner/work/trading-bot-c-/trading-bot-c-/src/BotCore/Market/RedundantDataFeedManager.cs(353,25): error CA1848: For improved performance, use the LoggerMessage delegates instead of calling 'LoggerExtensions.LogDebug(ILogger, Exception?, string?, params object?[])' (https://learn.microsoft.com/dotnet/fundamentals/code-analysis/quality-rules/ca1848) [/home/runner/work/trading-bot-c-/trading-bot-c-/src/BotCore/BotCore.csproj]
/home/runner/work/trading-bot-c-/trading-bot-c-/src/BotCore/Market/RedundantDataFeedManager.cs(360,21): error CA1848: For improved performance, use the LoggerMessage delegates instead of calling 'LoggerExtensions.LogCritical(ILogger, string?, params object?[])' (https://learn.microsoft.com/dotnet/fundamentals/code-analysis/quality-rules/ca1848) [/home/runner/work/trading-bot-c-/trading-bot-c-/src/BotCore/BotCore.csproj]
/home/runner/work/trading-bot-c-/trading-bot-c-/src/BotCore/Market/RedundantDataFeedManager.cs(365,17): error CA1848: For improved performance, use the LoggerMessage delegates instead of calling 'LoggerExtensions.LogError(ILogger, Exception?, string?, params object?[])' (https://learn.microsoft.com/dotnet/fundamentals/code-analysis/quality-rules/ca1848) [/home/runner/work/trading-bot-c-/trading-bot-c-/src/BotCore/BotCore.csproj]
/home/runner/work/trading-bot-c-/trading-bot-c-/src/BotCore/Infra/MlPipelineHealthMonitor.cs(309,13): error CA1031: Modify 'CheckFileSystemHealth' to catch a more specific allowed exception type, or rethrow the exception (https://learn.microsoft.com/dotnet/fundamentals/code-analysis/quality-rules/ca1031) [/home/runner/work/trading-bot-c-/trading-bot-c-/src/BotCore/BotCore.csproj]
/home/runner/work/trading-bot-c-/trading-bot-c-/src/BotCore/Market/RedundantDataFeedManager.cs(345,21): error CA1031: Modify 'CheckFeedHealth' to catch a more specific allowed exception type, or rethrow the exception (https://learn.microsoft.com/dotnet/fundamentals/code-analysis/quality-rules/ca1031) [/home/runner/work/trading-bot-c-/trading-bot-c-/src/BotCore/BotCore.csproj]
/home/runner/work/trading-bot-c-/trading-bot-c-/src/BotCore/Market/RedundantDataFeedManager.cs(363,13): error CA1031: Modify 'CheckFeedHealth' to catch a more specific allowed exception type, or rethrow the exception (https://learn.microsoft.com/dotnet/fundamentals/code-analysis/quality-rules/ca1031) [/home/runner/work/trading-bot-c-/trading-bot-c-/src/BotCore/BotCore.csproj]
/home/runner/work/trading-bot-c-/trading-bot-c-/src/BotCore/Market/RedundantDataFeedManager.cs(383,17): error CA1848: For improved performance, use the LoggerMessage delegates instead of calling 'LoggerExtensions.LogError(ILogger, Exception?, string?, params object?[])' (https://learn.microsoft.com/dotnet/fundamentals/code-analysis/quality-rules/ca1848) [/home/runner/work/trading-bot-c-/trading-bot-c-/src/BotCore/BotCore.csproj]
/home/runner/work/trading-bot-c-/trading-bot-c-/src/BotCore/Market/RedundantDataFeedManager.cs(381,13): error CA1031: Modify 'CheckDataConsistency' to catch a more specific allowed exception type, or rethrow the exception (https://learn.microsoft.com/dotnet/fundamentals/code-analysis/quality-rules/ca1031) [/home/runner/work/trading-bot-c-/trading-bot-c-/src/BotCore/BotCore.csproj]
/home/runner/work/trading-bot-c-/trading-bot-c-/src/BotCore/CloudRlTrainerEnhanced.cs(126,42): error CA2234: Modify 'CloudRlTrainerEnhanced.DownloadManifestAsync()' to call 'HttpClient.GetStringAsync(Uri)' instead of 'HttpClient.GetStringAsync(string)' (https://learn.microsoft.com/dotnet/fundamentals/code-analysis/quality-rules/ca2234) [/home/runner/work/trading-bot-c-/trading-bot-c-/src/BotCore/BotCore.csproj]
/home/runner/work/trading-bot-c-/trading-bot-c-/src/BotCore/CloudRlTrainerEnhanced.cs(127,96): error CA1869: Avoid creating a new 'JsonSerializerOptions' instance for every serialization operation. Cache and reuse instances instead. (https://learn.microsoft.com/dotnet/fundamentals/code-analysis/quality-rules/ca1869) [/home/runner/work/trading-bot-c-/trading-bot-c-/src/BotCore/BotCore.csproj]
/home/runner/work/trading-bot-c-/trading-bot-c-/src/BotCore/CloudRlTrainerEnhanced.cs(134,21): error CA1848: For improved performance, use the LoggerMessage delegates instead of calling 'LoggerExtensions.LogWarning(ILogger, string?, params object?[])' (https://learn.microsoft.com/dotnet/fundamentals/code-analysis/quality-rules/ca1848) [/home/runner/work/trading-bot-c-/trading-bot-c-/src/BotCore/BotCore.csproj]
/home/runner/work/trading-bot-c-/trading-bot-c-/src/BotCore/CloudRlTrainerEnhanced.cs(144,25): error CA1848: For improved performance, use the LoggerMessage delegates instead of calling 'LoggerExtensions.LogError(ILogger, string?, params object?[])' (https://learn.microsoft.com/dotnet/fundamentals/code-analysis/quality-rules/ca1848) [/home/runner/work/trading-bot-c-/trading-bot-c-/src/BotCore/BotCore.csproj]
/home/runner/work/trading-bot-c-/trading-bot-c-/src/BotCore/CloudRlTrainerEnhanced.cs(150,25): error CA1848: For improved performance, use the LoggerMessage delegates instead of calling 'LoggerExtensions.LogError(ILogger, string?, params object?[])' (https://learn.microsoft.com/dotnet/fundamentals/code-analysis/quality-rules/ca1848) [/home/runner/work/trading-bot-c-/trading-bot-c-/src/BotCore/BotCore.csproj]
/home/runner/work/trading-bot-c-/trading-bot-c-/src/BotCore/CloudRlTrainerEnhanced.cs(157,25): error CA1848: For improved performance, use the LoggerMessage delegates instead of calling 'LoggerExtensions.LogError(ILogger, string?, params object?[])' (https://learn.microsoft.com/dotnet/fundamentals/code-analysis/quality-rules/ca1848) [/home/runner/work/trading-bot-c-/trading-bot-c-/src/BotCore/BotCore.csproj]
/home/runner/work/trading-bot-c-/trading-bot-c-/src/BotCore/CloudRlTrainerEnhanced.cs(161,21): error CA1848: For improved performance, use the LoggerMessage delegates instead of calling 'LoggerExtensions.LogDebug(ILogger, string?, params object?[])' (https://learn.microsoft.com/dotnet/fundamentals/code-analysis/quality-rules/ca1848) [/home/runner/work/trading-bot-c-/trading-bot-c-/src/BotCore/BotCore.csproj]
/home/runner/work/trading-bot-c-/trading-bot-c-/src/BotCore/CloudRlTrainerEnhanced.cs(168,17): error CA1848: For improved performance, use the LoggerMessage delegates instead of calling 'LoggerExtensions.LogError(ILogger, Exception?, string?, params object?[])' (https://learn.microsoft.com/dotnet/fundamentals/code-analysis/quality-rules/ca1848) [/home/runner/work/trading-bot-c-/trading-bot-c-/src/BotCore/BotCore.csproj]
/home/runner/work/trading-bot-c-/trading-bot-c-/src/BotCore/CloudRlTrainerEnhanced.cs(173,17): error CA1848: For improved performance, use the LoggerMessage delegates instead of calling 'LoggerExtensions.LogError(ILogger, Exception?, string?, params object?[])' (https://learn.microsoft.com/dotnet/fundamentals/code-analysis/quality-rules/ca1848) [/home/runner/work/trading-bot-c-/trading-bot-c-/src/BotCore/BotCore.csproj]
/home/runner/work/trading-bot-c-/trading-bot-c-/src/BotCore/CloudRlTrainerEnhanced.cs(178,17): error CA1848: For improved performance, use the LoggerMessage delegates instead of calling 'LoggerExtensions.LogError(ILogger, Exception?, string?, params object?[])' (https://learn.microsoft.com/dotnet/fundamentals/code-analysis/quality-rules/ca1848) [/home/runner/work/trading-bot-c-/trading-bot-c-/src/BotCore/BotCore.csproj]
/home/runner/work/trading-bot-c-/trading-bot-c-/src/BotCore/Config/StrategyGates.cs(88,27): error S1541: The Cyclomatic Complexity of this method is 21 which is greater than 10 authorized. (https://rules.sonarsource.com/csharp/RSPEC-1541) [/home/runner/work/trading-bot-c-/trading-bot-c-/src/BotCore/BotCore.csproj]
/home/runner/work/trading-bot-c-/trading-bot-c-/src/BotCore/Infra/MlPipelineHealthMonitor.cs(323,25): error CA1848: For improved performance, use the LoggerMessage delegates instead of calling 'LoggerExtensions.LogInformation(ILogger, string?, params object?[])' (https://learn.microsoft.com/dotnet/fundamentals/code-analysis/quality-rules/ca1848) [/home/runner/work/trading-bot-c-/trading-bot-c-/src/BotCore/BotCore.csproj]
/home/runner/work/trading-bot-c-/trading-bot-c-/src/BotCore/Infra/MlPipelineHealthMonitor.cs(329,25): error CA1848: For improved performance, use the LoggerMessage delegates instead of calling 'LoggerExtensions.LogInformation(ILogger, string?, params object?[])' (https://learn.microsoft.com/dotnet/fundamentals/code-analysis/quality-rules/ca1848) [/home/runner/work/trading-bot-c-/trading-bot-c-/src/BotCore/BotCore.csproj]
/home/runner/work/trading-bot-c-/trading-bot-c-/src/BotCore/Infra/MlPipelineHealthMonitor.cs(335,21): error CA1848: For improved performance, use the LoggerMessage delegates instead of calling 'LoggerExtensions.LogError(ILogger, Exception?, string?, params object?[])' (https://learn.microsoft.com/dotnet/fundamentals/code-analysis/quality-rules/ca1848) [/home/runner/work/trading-bot-c-/trading-bot-c-/src/BotCore/BotCore.csproj]
/home/runner/work/trading-bot-c-/trading-bot-c-/src/BotCore/Infra/MlPipelineHealthMonitor.cs(321,25): error CA1307: 'string.Contains(string)' has a method overload that takes a 'StringComparison' parameter. Replace this call in 'BotCore.Infra.MlPipelineHealthMonitor.AttemptAutomaticRecoveryAsync(System.Collections.Generic.List<string>)' with a call to 'string.Contains(string, System.StringComparison)' for clarity of intent. (https://learn.microsoft.com/dotnet/fundamentals/code-analysis/quality-rules/ca1307) [/home/runner/work/trading-bot-c-/trading-bot-c-/src/BotCore/BotCore.csproj]
/home/runner/work/trading-bot-c-/trading-bot-c-/src/BotCore/Infra/MlPipelineHealthMonitor.cs(327,30): error CA1307: 'string.Contains(string)' has a method overload that takes a 'StringComparison' parameter. Replace this call in 'BotCore.Infra.MlPipelineHealthMonitor.AttemptAutomaticRecoveryAsync(System.Collections.Generic.List<string>)' with a call to 'string.Contains(string, System.StringComparison)' for clarity of intent. (https://learn.microsoft.com/dotnet/fundamentals/code-analysis/quality-rules/ca1307) [/home/runner/work/trading-bot-c-/trading-bot-c-/src/BotCore/BotCore.csproj]
/home/runner/work/trading-bot-c-/trading-bot-c-/src/BotCore/Infra/MlPipelineHealthMonitor.cs(333,17): error CA1031: Modify 'AttemptAutomaticRecoveryAsync' to catch a more specific allowed exception type, or rethrow the exception (https://learn.microsoft.com/dotnet/fundamentals/code-analysis/quality-rules/ca1031) [/home/runner/work/trading-bot-c-/trading-bot-c-/src/BotCore/BotCore.csproj]
/home/runner/work/trading-bot-c-/trading-bot-c-/src/BotCore/Infra/MlPipelineHealthMonitor.cs(350,52): error S6608: Indexing at 0 should be used instead of the "Enumerable" extension method "First" (https://rules.sonarsource.com/csharp/RSPEC-6608) [/home/runner/work/trading-bot-c-/trading-bot-c-/src/BotCore/BotCore.csproj]
/home/runner/work/trading-bot-c-/trading-bot-c-/src/BotCore/Infra/MlPipelineHealthMonitor.cs(354,21): error CA1848: For improved performance, use the LoggerMessage delegates instead of calling 'LoggerExtensions.LogInformation(ILogger, string?, params object?[])' (https://learn.microsoft.com/dotnet/fundamentals/code-analysis/quality-rules/ca1848) [/home/runner/work/trading-bot-c-/trading-bot-c-/src/BotCore/BotCore.csproj]
/home/runner/work/trading-bot-c-/trading-bot-c-/src/BotCore/Infra/MlPipelineHealthMonitor.cs(358,21): error CA1848: For improved performance, use the LoggerMessage delegates instead of calling 'LoggerExtensions.LogWarning(ILogger, string?, params object?[])' (https://learn.microsoft.com/dotnet/fundamentals/code-analysis/quality-rules/ca1848) [/home/runner/work/trading-bot-c-/trading-bot-c-/src/BotCore/BotCore.csproj]
/home/runner/work/trading-bot-c-/trading-bot-c-/src/BotCore/Infra/MlPipelineHealthMonitor.cs(363,17): error CA1848: For improved performance, use the LoggerMessage delegates instead of calling 'LoggerExtensions.LogError(ILogger, Exception?, string?, params object?[])' (https://learn.microsoft.com/dotnet/fundamentals/code-analysis/quality-rules/ca1848) [/home/runner/work/trading-bot-c-/trading-bot-c-/src/BotCore/BotCore.csproj]
/home/runner/work/trading-bot-c-/trading-bot-c-/src/BotCore/Integration/YamlSchemaValidator.cs(104,45): error S138: This method 'ValidateYamlFileAsync' has 82 lines, which is greater than the 80 lines authorized. Split it into smaller methods. (https://rules.sonarsource.com/csharp/RSPEC-138) [/home/runner/work/trading-bot-c-/trading-bot-c-/src/BotCore/BotCore.csproj]
/home/runner/work/trading-bot-c-/trading-bot-c-/src/BotCore/Infra/MlPipelineHealthMonitor.cs(361,13): error CA1031: Modify 'RestoreModelFromBackupAsync' to catch a more specific allowed exception type, or rethrow the exception (https://learn.microsoft.com/dotnet/fundamentals/code-analysis/quality-rules/ca1031) [/home/runner/work/trading-bot-c-/trading-bot-c-/src/BotCore/BotCore.csproj]
/home/runner/work/trading-bot-c-/trading-bot-c-/src/BotCore/Integration/YamlSchemaValidator.cs(175,17): error CA1848: For improved performance, use the LoggerMessage delegates instead of calling 'LoggerExtensions.LogDebug(ILogger, string?, params object?[])' (https://learn.microsoft.com/dotnet/fundamentals/code-analysis/quality-rules/ca1848) [/home/runner/work/trading-bot-c-/trading-bot-c-/src/BotCore/BotCore.csproj]
/home/runner/work/trading-bot-c-/trading-bot-c-/src/BotCore/Integration/YamlSchemaValidator.cs(179,17): error CA1848: For improved performance, use the LoggerMessage delegates instead of calling 'LoggerExtensions.LogError(ILogger, string?, params object?[])' (https://learn.microsoft.com/dotnet/fundamentals/code-analysis/quality-rules/ca1848) [/home/runner/work/trading-bot-c-/trading-bot-c-/src/BotCore/BotCore.csproj]
/home/runner/work/trading-bot-c-/trading-bot-c-/src/BotCore/Integration/YamlSchemaValidator.cs(191,13): error CA1848: For improved performance, use the LoggerMessage delegates instead of calling 'LoggerExtensions.LogError(ILogger, Exception?, string?, params object?[])' (https://learn.microsoft.com/dotnet/fundamentals/code-analysis/quality-rules/ca1848) [/home/runner/work/trading-bot-c-/trading-bot-c-/src/BotCore/BotCore.csproj]
/home/runner/work/trading-bot-c-/trading-bot-c-/src/BotCore/Integration/YamlSchemaValidator.cs(200,13): error CA1848: For improved performance, use the LoggerMessage delegates instead of calling 'LoggerExtensions.LogError(ILogger, Exception?, string?, params object?[])' (https://learn.microsoft.com/dotnet/fundamentals/code-analysis/quality-rules/ca1848) [/home/runner/work/trading-bot-c-/trading-bot-c-/src/BotCore/BotCore.csproj]
/home/runner/work/trading-bot-c-/trading-bot-c-/src/BotCore/CloudRlTrainer.cs(131,44): error CA2234: Modify 'CloudRlTrainer.DownloadLatestModelsAsync(JsonElement)' to call 'HttpClient.GetByteArrayAsync(Uri)' instead of 'HttpClient.GetByteArrayAsync(string)' (https://learn.microsoft.com/dotnet/fundamentals/code-analysis/quality-rules/ca2234) [/home/runner/work/trading-bot-c-/trading-bot-c-/src/BotCore/BotCore.csproj]
/home/runner/work/trading-bot-c-/trading-bot-c-/src/BotCore/CloudRlTrainer.cs(129,21): error CA1848: For improved performance, use the LoggerMessage delegates instead of calling 'LoggerExtensions.LogInformation(ILogger, string?, params object?[])' (https://learn.microsoft.com/dotnet/fundamentals/code-analysis/quality-rules/ca1848) [/home/runner/work/trading-bot-c-/trading-bot-c-/src/BotCore/BotCore.csproj]
/home/runner/work/trading-bot-c-/trading-bot-c-/src/BotCore/CloudRlTrainer.cs(136,21): error CA1848: For improved performance, use the LoggerMessage delegates instead of calling 'LoggerExtensions.LogInformation(ILogger, string?, params object?[])' (https://learn.microsoft.com/dotnet/fundamentals/code-analysis/quality-rules/ca1848) [/home/runner/work/trading-bot-c-/trading-bot-c-/src/BotCore/BotCore.csproj]
/home/runner/work/trading-bot-c-/trading-bot-c-/src/BotCore/CloudRlTrainer.cs(143,13): error CA1848: For improved performance, use the LoggerMessage delegates instead of calling 'LoggerExtensions.LogError(ILogger, Exception?, string?, params object?[])' (https://learn.microsoft.com/dotnet/fundamentals/code-analysis/quality-rules/ca1848) [/home/runner/work/trading-bot-c-/trading-bot-c-/src/BotCore/BotCore.csproj]
/home/runner/work/trading-bot-c-/trading-bot-c-/src/BotCore/CloudRlTrainer.cs(147,13): error CA1848: For improved performance, use the LoggerMessage delegates instead of calling 'LoggerExtensions.LogError(ILogger, Exception?, string?, params object?[])' (https://learn.microsoft.com/dotnet/fundamentals/code-analysis/quality-rules/ca1848) [/home/runner/work/trading-bot-c-/trading-bot-c-/src/BotCore/BotCore.csproj]
/home/runner/work/trading-bot-c-/trading-bot-c-/src/BotCore/CloudRlTrainer.cs(151,13): error CA1848: For improved performance, use the LoggerMessage delegates instead of calling 'LoggerExtensions.LogError(ILogger, Exception?, string?, params object?[])' (https://learn.microsoft.com/dotnet/fundamentals/code-analysis/quality-rules/ca1848) [/home/runner/work/trading-bot-c-/trading-bot-c-/src/BotCore/BotCore.csproj]
/home/runner/work/trading-bot-c-/trading-bot-c-/src/BotCore/CloudRlTrainer.cs(155,13): error CA1848: For improved performance, use the LoggerMessage delegates instead of calling 'LoggerExtensions.LogError(ILogger, Exception?, string?, params object?[])' (https://learn.microsoft.com/dotnet/fundamentals/code-analysis/quality-rules/ca1848) [/home/runner/work/trading-bot-c-/trading-bot-c-/src/BotCore/BotCore.csproj]
/home/runner/work/trading-bot-c-/trading-bot-c-/src/BotCore/CloudRlTrainer.cs(124,31): error CA1310: The behavior of 'string.EndsWith(string)' could vary based on the current user's locale settings. Replace this call in 'BotCore.CloudRlTrainer.DownloadLatestModelsAsync(System.Text.Json.JsonElement)' with a call to 'string.EndsWith(string, System.StringComparison)'. (https://learn.microsoft.com/dotnet/fundamentals/code-analysis/quality-rules/ca1310) [/home/runner/work/trading-bot-c-/trading-bot-c-/src/BotCore/BotCore.csproj]
/home/runner/work/trading-bot-c-/trading-bot-c-/src/BotCore/HealthChecks/ProductionHealthChecks.cs(511,13): error CA1848: For improved performance, use the LoggerMessage delegates instead of calling 'LoggerExtensions.LogWarning(ILogger, Exception?, string?, params object?[])' (https://learn.microsoft.com/dotnet/fundamentals/code-analysis/quality-rules/ca1848) [/home/runner/work/trading-bot-c-/trading-bot-c-/src/BotCore/BotCore.csproj]
/home/runner/work/trading-bot-c-/trading-bot-c-/src/BotCore/HealthChecks/ProductionHealthChecks.cs(509,9): error CA1031: Modify 'CheckHealthAsync' to catch a more specific allowed exception type, or rethrow the exception (https://learn.microsoft.com/dotnet/fundamentals/code-analysis/quality-rules/ca1031) [/home/runner/work/trading-bot-c-/trading-bot-c-/src/BotCore/BotCore.csproj]
/home/runner/work/trading-bot-c-/trading-bot-c-/src/BotCore/CloudRlTrainer.cs(166,9): error CA1848: For improved performance, use the LoggerMessage delegates instead of calling 'LoggerExtensions.LogInformation(ILogger, string?, params object?[])' (https://learn.microsoft.com/dotnet/fundamentals/code-analysis/quality-rules/ca1848) [/home/runner/work/trading-bot-c-/trading-bot-c-/src/BotCore/BotCore.csproj]
/home/runner/work/trading-bot-c-/trading-bot-c-/src/BotCore/Infra/MlPipelineHealthMonitor.cs(399,17): error CA1848: For improved performance, use the LoggerMessage delegates instead of calling 'LoggerExtensions.LogError(ILogger, Exception?, string?, params object?[])' (https://learn.microsoft.com/dotnet/fundamentals/code-analysis/quality-rules/ca1848) [/home/runner/work/trading-bot-c-/trading-bot-c-/src/BotCore/BotCore.csproj]
/home/runner/work/trading-bot-c-/trading-bot-c-/src/BotCore/Infra/MlPipelineHealthMonitor.cs(409,13): error CA1848: For improved performance, use the LoggerMessage delegates instead of calling 'LoggerExtensions.LogInformation(ILogger, string?, params object?[])' (https://learn.microsoft.com/dotnet/fundamentals/code-analysis/quality-rules/ca1848) [/home/runner/work/trading-bot-c-/trading-bot-c-/src/BotCore/BotCore.csproj]
/home/runner/work/trading-bot-c-/trading-bot-c-/src/BotCore/Infra/MlPipelineHealthMonitor.cs(397,13): error CA1031: Modify 'LogHealthMetrics' to catch a more specific allowed exception type, or rethrow the exception (https://learn.microsoft.com/dotnet/fundamentals/code-analysis/quality-rules/ca1031) [/home/runner/work/trading-bot-c-/trading-bot-c-/src/BotCore/BotCore.csproj]
/home/runner/work/trading-bot-c-/trading-bot-c-/src/BotCore/Config/StrategyGates.cs(141,24): error S1541: The Cyclomatic Complexity of this method is 34 which is greater than 10 authorized. (https://rules.sonarsource.com/csharp/RSPEC-1541) [/home/runner/work/trading-bot-c-/trading-bot-c-/src/BotCore/BotCore.csproj]
/home/runner/work/trading-bot-c-/trading-bot-c-/src/BotCore/Config/StrategyGates.cs(193,17): error S1066: Merge this if statement with the enclosing one. (https://rules.sonarsource.com/csharp/RSPEC-1066) [/home/runner/work/trading-bot-c-/trading-bot-c-/src/BotCore/BotCore.csproj]
/home/runner/work/trading-bot-c-/trading-bot-c-/src/BotCore/Fusion/MLConfiguration.cs(155,43): error SCS0005: Weak random number generator. (https://security-code-scan.github.io/#SCS0005) [/home/runner/work/trading-bot-c-/trading-bot-c-/src/BotCore/BotCore.csproj]
/home/runner/work/trading-bot-c-/trading-bot-c-/src/BotCore/Fusion/MLConfiguration.cs(124,84): error S1541: The Cyclomatic Complexity of this method is 14 which is greater than 10 authorized. (https://rules.sonarsource.com/csharp/RSPEC-1541) [/home/runner/work/trading-bot-c-/trading-bot-c-/src/BotCore/BotCore.csproj]
/home/runner/work/trading-bot-c-/trading-bot-c-/src/BotCore/Config/StrategyGates.cs(149,20): error CA1308: In method 'PassesGlobalFilters', replace the call to 'ToLowerInvariant' with 'ToUpperInvariant' (https://learn.microsoft.com/dotnet/fundamentals/code-analysis/quality-rules/ca1308) [/home/runner/work/trading-bot-c-/trading-bot-c-/src/BotCore/BotCore.csproj]
/home/runner/work/trading-bot-c-/trading-bot-c-/src/BotCore/Fusion/MLConfiguration.cs(156,17): error CA1848: For improved performance, use the LoggerMessage delegates instead of calling 'LoggerExtensions.LogTrace(ILogger, string?, params object?[])' (https://learn.microsoft.com/dotnet/fundamentals/code-analysis/quality-rules/ca1848) [/home/runner/work/trading-bot-c-/trading-bot-c-/src/BotCore/BotCore.csproj]
/home/runner/work/trading-bot-c-/trading-bot-c-/src/BotCore/Fusion/MLConfiguration.cs(195,13): error CA1848: For improved performance, use the LoggerMessage delegates instead of calling 'LoggerExtensions.LogTrace(ILogger, string?, params object?[])' (https://learn.microsoft.com/dotnet/fundamentals/code-analysis/quality-rules/ca1848) [/home/runner/work/trading-bot-c-/trading-bot-c-/src/BotCore/BotCore.csproj]
/home/runner/work/trading-bot-c-/trading-bot-c-/src/BotCore/Fusion/MLConfiguration.cs(203,13): error CA1848: For improved performance, use the LoggerMessage delegates instead of calling 'LoggerExtensions.LogError(ILogger, Exception?, string?, params object?[])' (https://learn.microsoft.com/dotnet/fundamentals/code-analysis/quality-rules/ca1848) [/home/runner/work/trading-bot-c-/trading-bot-c-/src/BotCore/BotCore.csproj]
/home/runner/work/trading-bot-c-/trading-bot-c-/src/BotCore/Fusion/MLConfiguration.cs(155,43): error CA5394: Random is an insecure random number generator. Use cryptographically secure random number generators when randomness is required for security. (https://learn.microsoft.com/dotnet/fundamentals/code-analysis/quality-rules/ca5394) [/home/runner/work/trading-bot-c-/trading-bot-c-/src/BotCore/BotCore.csproj]
/home/runner/work/trading-bot-c-/trading-bot-c-/src/BotCore/CloudRlTrainerEnhanced.cs(205,44): error CA2234: Modify 'CloudRlTrainerEnhanced.DownloadModelAsync(string, CloudRlTrainerEnhanced.EnhancedModelInfo)' to call 'HttpClient.GetAsync(Uri)' instead of 'HttpClient.GetAsync(string)' (https://learn.microsoft.com/dotnet/fundamentals/code-analysis/quality-rules/ca2234) [/home/runner/work/trading-bot-c-/trading-bot-c-/src/BotCore/BotCore.csproj]
/home/runner/work/trading-bot-c-/trading-bot-c-/src/BotCore/CloudRlTrainerEnhanced.cs(202,17): error CA1848: For improved performance, use the LoggerMessage delegates instead of calling 'LoggerExtensions.LogDebug(ILogger, string?, params object?[])' (https://learn.microsoft.com/dotnet/fundamentals/code-analysis/quality-rules/ca1848) [/home/runner/work/trading-bot-c-/trading-bot-c-/src/BotCore/BotCore.csproj]
/home/runner/work/trading-bot-c-/trading-bot-c-/src/BotCore/CloudRlTrainerEnhanced.cs(216,21): error CA1848: For improved performance, use the LoggerMessage delegates instead of calling 'LoggerExtensions.LogError(ILogger, string?, params object?[])' (https://learn.microsoft.com/dotnet/fundamentals/code-analysis/quality-rules/ca1848) [/home/runner/work/trading-bot-c-/trading-bot-c-/src/BotCore/BotCore.csproj]
/home/runner/work/trading-bot-c-/trading-bot-c-/src/BotCore/CloudRlTrainerEnhanced.cs(232,17): error CA1848: For improved performance, use the LoggerMessage delegates instead of calling 'LoggerExtensions.LogInformation(ILogger, string?, params object?[])' (https://learn.microsoft.com/dotnet/fundamentals/code-analysis/quality-rules/ca1848) [/home/runner/work/trading-bot-c-/trading-bot-c-/src/BotCore/BotCore.csproj]
/home/runner/work/trading-bot-c-/trading-bot-c-/src/BotCore/CloudRlTrainerEnhanced.cs(237,17): error CA1848: For improved performance, use the LoggerMessage delegates instead of calling 'LoggerExtensions.LogError(ILogger, Exception?, string?, params object?[])' (https://learn.microsoft.com/dotnet/fundamentals/code-analysis/quality-rules/ca1848) [/home/runner/work/trading-bot-c-/trading-bot-c-/src/BotCore/BotCore.csproj]
/home/runner/work/trading-bot-c-/trading-bot-c-/src/BotCore/CloudRlTrainerEnhanced.cs(258,17): error CA1848: For improved performance, use the LoggerMessage delegates instead of calling 'LoggerExtensions.LogError(ILogger, Exception?, string?, params object?[])' (https://learn.microsoft.com/dotnet/fundamentals/code-analysis/quality-rules/ca1848) [/home/runner/work/trading-bot-c-/trading-bot-c-/src/BotCore/BotCore.csproj]
/home/runner/work/trading-bot-c-/trading-bot-c-/src/BotCore/CloudRlTrainerEnhanced.cs(208,46): error CA2007: Consider calling ConfigureAwait on the awaited task (https://learn.microsoft.com/dotnet/fundamentals/code-analysis/quality-rules/ca2007) [/home/runner/work/trading-bot-c-/trading-bot-c-/src/BotCore/BotCore.csproj]
/home/runner/work/trading-bot-c-/trading-bot-c-/src/BotCore/Fusion/MLConfiguration.cs(201,9): error CA1031: Modify 'Predict' to catch a more specific allowed exception type, or rethrow the exception (https://learn.microsoft.com/dotnet/fundamentals/code-analysis/quality-rules/ca1031) [/home/runner/work/trading-bot-c-/trading-bot-c-/src/BotCore/BotCore.csproj]
/home/runner/work/trading-bot-c-/trading-bot-c-/src/BotCore/CloudDataUploader.cs(52,17): error CA1848: For improved performance, use the LoggerMessage delegates instead of calling 'LoggerExtensions.LogInformation(ILogger, string?, params object?[])' (https://learn.microsoft.com/dotnet/fundamentals/code-analysis/quality-rules/ca1848) [/home/runner/work/trading-bot-c-/trading-bot-c-/src/BotCore/BotCore.csproj]
/home/runner/work/trading-bot-c-/trading-bot-c-/src/BotCore/CloudDataUploader.cs(62,13): error CA1848: For improved performance, use the LoggerMessage delegates instead of calling 'LoggerExtensions.LogInformation(ILogger, string?, params object?[])' (https://learn.microsoft.com/dotnet/fundamentals/code-analysis/quality-rules/ca1848) [/home/runner/work/trading-bot-c-/trading-bot-c-/src/BotCore/BotCore.csproj]
/home/runner/work/trading-bot-c-/trading-bot-c-/src/BotCore/Market/RedundantDataFeedManager.cs(404,17): error CA1848: For improved performance, use the LoggerMessage delegates instead of calling 'LoggerExtensions.LogDebug(ILogger, string?, params object?[])' (https://learn.microsoft.com/dotnet/fundamentals/code-analysis/quality-rules/ca1848) [/home/runner/work/trading-bot-c-/trading-bot-c-/src/BotCore/BotCore.csproj]
/home/runner/work/trading-bot-c-/trading-bot-c-/src/BotCore/Market/RedundantDataFeedManager.cs(434,21): error CA1848: For improved performance, use the LoggerMessage delegates instead of calling 'LoggerExtensions.LogDebug(ILogger, Exception?, string?, params object?[])' (https://learn.microsoft.com/dotnet/fundamentals/code-analysis/quality-rules/ca1848) [/home/runner/work/trading-bot-c-/trading-bot-c-/src/BotCore/BotCore.csproj]
/home/runner/work/trading-bot-c-/trading-bot-c-/src/BotCore/Market/RedundantDataFeedManager.cs(461,13): error CA1848: For improved performance, use the LoggerMessage delegates instead of calling 'LoggerExtensions.LogError(ILogger, Exception?, string?, params object?[])' (https://learn.microsoft.com/dotnet/fundamentals/code-analysis/quality-rules/ca1848) [/home/runner/work/trading-bot-c-/trading-bot-c-/src/BotCore/BotCore.csproj]
/home/runner/work/trading-bot-c-/trading-bot-c-/src/BotCore/Market/RedundantDataFeedManager.cs(432,17): error CA1031: Modify 'CheckSymbolConsistencyAsync' to catch a more specific allowed exception type, or rethrow the exception (https://learn.microsoft.com/dotnet/fundamentals/code-analysis/quality-rules/ca1031) [/home/runner/work/trading-bot-c-/trading-bot-c-/src/BotCore/BotCore.csproj]
/home/runner/work/trading-bot-c-/trading-bot-c-/src/BotCore/Market/RedundantDataFeedManager.cs(459,9): error CA1031: Modify 'CheckSymbolConsistencyAsync' to catch a more specific allowed exception type, or rethrow the exception (https://learn.microsoft.com/dotnet/fundamentals/code-analysis/quality-rules/ca1031) [/home/runner/work/trading-bot-c-/trading-bot-c-/src/BotCore/BotCore.csproj]
/home/runner/work/trading-bot-c-/trading-bot-c-/src/BotCore/Features/MtfStructureResolver.cs(72,17): error CA1848: For improved performance, use the LoggerMessage delegates instead of calling 'LoggerExtensions.LogError(ILogger, string?, params object?[])' (https://learn.microsoft.com/dotnet/fundamentals/code-analysis/quality-rules/ca1848) [/home/runner/work/trading-bot-c-/trading-bot-c-/src/BotCore/BotCore.csproj]
/home/runner/work/trading-bot-c-/trading-bot-c-/src/BotCore/Features/MtfStructureResolver.cs(78,17): error CA1848: For improved performance, use the LoggerMessage delegates instead of calling 'LoggerExtensions.LogError(ILogger, string?, params object?[])' (https://learn.microsoft.com/dotnet/fundamentals/code-analysis/quality-rules/ca1848) [/home/runner/work/trading-bot-c-/trading-bot-c-/src/BotCore/BotCore.csproj]
/home/runner/work/trading-bot-c-/trading-bot-c-/src/BotCore/Features/MtfStructureResolver.cs(98,21): error CA1848: For improved performance, use the LoggerMessage delegates instead of calling 'LoggerExtensions.LogError(ILogger, string?, params object?[])' (https://learn.microsoft.com/dotnet/fundamentals/code-analysis/quality-rules/ca1848) [/home/runner/work/trading-bot-c-/trading-bot-c-/src/BotCore/BotCore.csproj]
/home/runner/work/trading-bot-c-/trading-bot-c-/src/BotCore/Features/MtfStructureResolver.cs(132,21): error CA1848: For improved performance, use the LoggerMessage delegates instead of calling 'LoggerExtensions.LogTrace(ILogger, string?, params object?[])' (https://learn.microsoft.com/dotnet/fundamentals/code-analysis/quality-rules/ca1848) [/home/runner/work/trading-bot-c-/trading-bot-c-/src/BotCore/BotCore.csproj]
/home/runner/work/trading-bot-c-/trading-bot-c-/src/BotCore/Features/MtfStructureResolver.cs(137,21): error CA1848: For improved performance, use the LoggerMessage delegates instead of calling 'LoggerExtensions.LogTrace(ILogger, string?, params object?[])' (https://learn.microsoft.com/dotnet/fundamentals/code-analysis/quality-rules/ca1848) [/home/runner/work/trading-bot-c-/trading-bot-c-/src/BotCore/BotCore.csproj]
/home/runner/work/trading-bot-c-/trading-bot-c-/src/BotCore/Features/MtfStructureResolver.cs(143,17): error CA1848: For improved performance, use the LoggerMessage delegates instead of calling 'LoggerExtensions.LogError(ILogger, Exception?, string?, params object?[])' (https://learn.microsoft.com/dotnet/fundamentals/code-analysis/quality-rules/ca1848) [/home/runner/work/trading-bot-c-/trading-bot-c-/src/BotCore/BotCore.csproj]
/home/runner/work/trading-bot-c-/trading-bot-c-/src/BotCore/CloudDataUploader.cs(75,17): error CA1848: For improved performance, use the LoggerMessage delegates instead of calling 'LoggerExtensions.LogError(ILogger, Exception?, string?, params object?[])' (https://learn.microsoft.com/dotnet/fundamentals/code-analysis/quality-rules/ca1848) [/home/runner/work/trading-bot-c-/trading-bot-c-/src/BotCore/BotCore.csproj]
/home/runner/work/trading-bot-c-/trading-bot-c-/src/BotCore/CloudDataUploader.cs(79,17): error CA1848: For improved performance, use the LoggerMessage delegates instead of calling 'LoggerExtensions.LogError(ILogger, Exception?, string?, params object?[])' (https://learn.microsoft.com/dotnet/fundamentals/code-analysis/quality-rules/ca1848) [/home/runner/work/trading-bot-c-/trading-bot-c-/src/BotCore/BotCore.csproj]
/home/runner/work/trading-bot-c-/trading-bot-c-/src/BotCore/CloudDataUploader.cs(83,17): error CA1848: For improved performance, use the LoggerMessage delegates instead of calling 'LoggerExtensions.LogError(ILogger, Exception?, string?, params object?[])' (https://learn.microsoft.com/dotnet/fundamentals/code-analysis/quality-rules/ca1848) [/home/runner/work/trading-bot-c-/trading-bot-c-/src/BotCore/BotCore.csproj]
/home/runner/work/trading-bot-c-/trading-bot-c-/src/BotCore/CloudDataUploader.cs(87,17): error CA1848: For improved performance, use the LoggerMessage delegates instead of calling 'LoggerExtensions.LogError(ILogger, Exception?, string?, params object?[])' (https://learn.microsoft.com/dotnet/fundamentals/code-analysis/quality-rules/ca1848) [/home/runner/work/trading-bot-c-/trading-bot-c-/src/BotCore/BotCore.csproj]
/home/runner/work/trading-bot-c-/trading-bot-c-/src/BotCore/HealthChecks/ProductionHealthChecks.cs(445,13): error CA1848: For improved performance, use the LoggerMessage delegates instead of calling 'LoggerExtensions.LogWarning(ILogger, Exception?, string?, params object?[])' (https://learn.microsoft.com/dotnet/fundamentals/code-analysis/quality-rules/ca1848) [/home/runner/work/trading-bot-c-/trading-bot-c-/src/BotCore/BotCore.csproj]
/home/runner/work/trading-bot-c-/trading-bot-c-/src/BotCore/HealthChecks/ProductionHealthChecks.cs(450,13): error CA1848: For improved performance, use the LoggerMessage delegates instead of calling 'LoggerExtensions.LogWarning(ILogger, Exception?, string?, params object?[])' (https://learn.microsoft.com/dotnet/fundamentals/code-analysis/quality-rules/ca1848) [/home/runner/work/trading-bot-c-/trading-bot-c-/src/BotCore/BotCore.csproj]
/home/runner/work/trading-bot-c-/trading-bot-c-/src/BotCore/Configuration/ProductionConfigurationValidation.cs(382,34): error S1541: The Cyclomatic Complexity of this method is 11 which is greater than 10 authorized. (https://rules.sonarsource.com/csharp/RSPEC-1541) [/home/runner/work/trading-bot-c-/trading-bot-c-/src/BotCore/BotCore.csproj]
/home/runner/work/trading-bot-c-/trading-bot-c-/src/BotCore/Integration/YamlSchemaValidator.cs(226,17): error CA1848: For improved performance, use the LoggerMessage delegates instead of calling 'LoggerExtensions.LogInformation(ILogger, string?, params object?[])' (https://learn.microsoft.com/dotnet/fundamentals/code-analysis/quality-rules/ca1848) [/home/runner/work/trading-bot-c-/trading-bot-c-/src/BotCore/BotCore.csproj]
/home/runner/work/trading-bot-c-/trading-bot-c-/src/BotCore/Integration/YamlSchemaValidator.cs(242,13): error CA1848: For improved performance, use the LoggerMessage delegates instead of calling 'LoggerExtensions.LogInformation(ILogger, string?, params object?[])' (https://learn.microsoft.com/dotnet/fundamentals/code-analysis/quality-rules/ca1848) [/home/runner/work/trading-bot-c-/trading-bot-c-/src/BotCore/BotCore.csproj]
/home/runner/work/trading-bot-c-/trading-bot-c-/src/BotCore/Integration/YamlSchemaValidator.cs(265,13): error CA1848: For improved performance, use the LoggerMessage delegates instead of calling 'LoggerExtensions.LogError(ILogger, Exception?, string?, params object?[])' (https://learn.microsoft.com/dotnet/fundamentals/code-analysis/quality-rules/ca1848) [/home/runner/work/trading-bot-c-/trading-bot-c-/src/BotCore/BotCore.csproj]
/home/runner/work/trading-bot-c-/trading-bot-c-/src/BotCore/Integration/YamlSchemaValidator.cs(283,13): error CA1848: For improved performance, use the LoggerMessage delegates instead of calling 'LoggerExtensions.LogError(ILogger, Exception?, string?, params object?[])' (https://learn.microsoft.com/dotnet/fundamentals/code-analysis/quality-rules/ca1848) [/home/runner/work/trading-bot-c-/trading-bot-c-/src/BotCore/BotCore.csproj]
/home/runner/work/trading-bot-c-/trading-bot-c-/src/BotCore/CloudRlTrainerEnhanced.cs(282,42): error CA2007: Consider calling ConfigureAwait on the awaited task (https://learn.microsoft.com/dotnet/fundamentals/code-analysis/quality-rules/ca2007) [/home/runner/work/trading-bot-c-/trading-bot-c-/src/BotCore/BotCore.csproj]
/home/runner/work/trading-bot-c-/trading-bot-c-/src/BotCore/HealthChecks/ProductionHealthChecks.cs(388,13): error CA1848: For improved performance, use the LoggerMessage delegates instead of calling 'LoggerExtensions.LogWarning(ILogger, Exception?, string?, params object?[])' (https://learn.microsoft.com/dotnet/fundamentals/code-analysis/quality-rules/ca1848) [/home/runner/work/trading-bot-c-/trading-bot-c-/src/BotCore/BotCore.csproj]
/home/runner/work/trading-bot-c-/trading-bot-c-/src/BotCore/HealthChecks/ProductionHealthChecks.cs(386,9): error CA1031: Modify 'CheckHealthAsync' to catch a more specific allowed exception type, or rethrow the exception (https://learn.microsoft.com/dotnet/fundamentals/code-analysis/quality-rules/ca1031) [/home/runner/work/trading-bot-c-/trading-bot-c-/src/BotCore/BotCore.csproj]
/home/runner/work/trading-bot-c-/trading-bot-c-/src/BotCore/Infra/AdvancedSystemConfiguration.cs(56,9): error CA1848: For improved performance, use the LoggerMessage delegates instead of calling 'LoggerExtensions.LogInformation(ILogger, string?, params object?[])' (https://learn.microsoft.com/dotnet/fundamentals/code-analysis/quality-rules/ca1848) [/home/runner/work/trading-bot-c-/trading-bot-c-/src/BotCore/BotCore.csproj]
/home/runner/work/trading-bot-c-/trading-bot-c-/src/BotCore/Infra/AdvancedSystemConfiguration.cs(63,13): error CA1848: For improved performance, use the LoggerMessage delegates instead of calling 'LoggerExtensions.LogInformation(ILogger, string?, params object?[])' (https://learn.microsoft.com/dotnet/fundamentals/code-analysis/quality-rules/ca1848) [/home/runner/work/trading-bot-c-/trading-bot-c-/src/BotCore/BotCore.csproj]
/home/runner/work/trading-bot-c-/trading-bot-c-/src/BotCore/Infra/AdvancedSystemConfiguration.cs(71,13): error CA1848: For improved performance, use the LoggerMessage delegates instead of calling 'LoggerExtensions.LogInformation(ILogger, string?, params object?[])' (https://learn.microsoft.com/dotnet/fundamentals/code-analysis/quality-rules/ca1848) [/home/runner/work/trading-bot-c-/trading-bot-c-/src/BotCore/BotCore.csproj]
/home/runner/work/trading-bot-c-/trading-bot-c-/src/BotCore/Infra/AdvancedSystemConfiguration.cs(79,13): error CA1848: For improved performance, use the LoggerMessage delegates instead of calling 'LoggerExtensions.LogInformation(ILogger, string?, params object?[])' (https://learn.microsoft.com/dotnet/fundamentals/code-analysis/quality-rules/ca1848) [/home/runner/work/trading-bot-c-/trading-bot-c-/src/BotCore/BotCore.csproj]
/home/runner/work/trading-bot-c-/trading-bot-c-/src/BotCore/Infra/AdvancedSystemConfiguration.cs(82,9): error CA1848: For improved performance, use the LoggerMessage delegates instead of calling 'LoggerExtensions.LogInformation(ILogger, string?, params object?[])' (https://learn.microsoft.com/dotnet/fundamentals/code-analysis/quality-rules/ca1848) [/home/runner/work/trading-bot-c-/trading-bot-c-/src/BotCore/BotCore.csproj]
/home/runner/work/trading-bot-c-/trading-bot-c-/src/BotCore/Features/MtfStructureResolver.cs(153,17): error CA1848: For improved performance, use the LoggerMessage delegates instead of calling 'LoggerExtensions.LogError(ILogger, string?, params object?[])' (https://learn.microsoft.com/dotnet/fundamentals/code-analysis/quality-rules/ca1848) [/home/runner/work/trading-bot-c-/trading-bot-c-/src/BotCore/BotCore.csproj]
/home/runner/work/trading-bot-c-/trading-bot-c-/src/BotCore/Features/MtfStructureResolver.cs(164,17): error CA1848: For improved performance, use the LoggerMessage delegates instead of calling 'LoggerExtensions.LogWarning(ILogger, string?, params object?[])' (https://learn.microsoft.com/dotnet/fundamentals/code-analysis/quality-rules/ca1848) [/home/runner/work/trading-bot-c-/trading-bot-c-/src/BotCore/BotCore.csproj]
/home/runner/work/trading-bot-c-/trading-bot-c-/src/BotCore/Features/MtfStructureResolver.cs(175,21): error CA1848: For improved performance, use the LoggerMessage delegates instead of calling 'LoggerExtensions.LogWarning(ILogger, string?, params object?[])' (https://learn.microsoft.com/dotnet/fundamentals/code-analysis/quality-rules/ca1848) [/home/runner/work/trading-bot-c-/trading-bot-c-/src/BotCore/BotCore.csproj]
/home/runner/work/trading-bot-c-/trading-bot-c-/src/BotCore/Features/MtfStructureResolver.cs(180,21): error CA1848: For improved performance, use the LoggerMessage delegates instead of calling 'LoggerExtensions.LogWarning(ILogger, string?, params object?[])' (https://learn.microsoft.com/dotnet/fundamentals/code-analysis/quality-rules/ca1848) [/home/runner/work/trading-bot-c-/trading-bot-c-/src/BotCore/BotCore.csproj]
/home/runner/work/trading-bot-c-/trading-bot-c-/src/BotCore/HealthChecks/ProductionHealthChecks.cs(307,13): error CA1848: For improved performance, use the LoggerMessage delegates instead of calling 'LoggerExtensions.LogWarning(ILogger, Exception?, string?, params object?[])' (https://learn.microsoft.com/dotnet/fundamentals/code-analysis/quality-rules/ca1848) [/home/runner/work/trading-bot-c-/trading-bot-c-/src/BotCore/BotCore.csproj]
/home/runner/work/trading-bot-c-/trading-bot-c-/src/BotCore/HealthChecks/ProductionHealthChecks.cs(312,13): error CA1848: For improved performance, use the LoggerMessage delegates instead of calling 'LoggerExtensions.LogWarning(ILogger, Exception?, string?, params object?[])' (https://learn.microsoft.com/dotnet/fundamentals/code-analysis/quality-rules/ca1848) [/home/runner/work/trading-bot-c-/trading-bot-c-/src/BotCore/BotCore.csproj]
/home/runner/work/trading-bot-c-/trading-bot-c-/src/BotCore/CloudDataUploader.cs(98,17): error CA1848: For improved performance, use the LoggerMessage delegates instead of calling 'LoggerExtensions.LogDebug(ILogger, string?, params object?[])' (https://learn.microsoft.com/dotnet/fundamentals/code-analysis/quality-rules/ca1848) [/home/runner/work/trading-bot-c-/trading-bot-c-/src/BotCore/BotCore.csproj]
/home/runner/work/trading-bot-c-/trading-bot-c-/src/BotCore/CloudDataUploader.cs(106,21): error CA1848: For improved performance, use the LoggerMessage delegates instead of calling 'LoggerExtensions.LogDebug(ILogger, string?, params object?[])' (https://learn.microsoft.com/dotnet/fundamentals/code-analysis/quality-rules/ca1848) [/home/runner/work/trading-bot-c-/trading-bot-c-/src/BotCore/BotCore.csproj]
/home/runner/work/trading-bot-c-/trading-bot-c-/src/BotCore/CloudDataUploader.cs(113,21): error CA1848: For improved performance, use the LoggerMessage delegates instead of calling 'LoggerExtensions.LogDebug(ILogger, string?, params object?[])' (https://learn.microsoft.com/dotnet/fundamentals/code-analysis/quality-rules/ca1848) [/home/runner/work/trading-bot-c-/trading-bot-c-/src/BotCore/BotCore.csproj]
/home/runner/work/trading-bot-c-/trading-bot-c-/src/BotCore/CloudDataUploader.cs(121,17): error CA1848: For improved performance, use the LoggerMessage delegates instead of calling 'LoggerExtensions.LogInformation(ILogger, string?, params object?[])' (https://learn.microsoft.com/dotnet/fundamentals/code-analysis/quality-rules/ca1848) [/home/runner/work/trading-bot-c-/trading-bot-c-/src/BotCore/BotCore.csproj]
/home/runner/work/trading-bot-c-/trading-bot-c-/src/BotCore/CloudDataUploader.cs(141,17): error CA1848: For improved performance, use the LoggerMessage delegates instead of calling 'LoggerExtensions.LogError(ILogger, Exception?, string?, params object?[])' (https://learn.microsoft.com/dotnet/fundamentals/code-analysis/quality-rules/ca1848) [/home/runner/work/trading-bot-c-/trading-bot-c-/src/BotCore/BotCore.csproj]
/home/runner/work/trading-bot-c-/trading-bot-c-/src/BotCore/CloudDataUploader.cs(118,58): error CA1310: The behavior of 'string.StartsWith(string)' could vary based on the current user's locale settings. Replace this call in 'BotCore.CloudDataUploader.UploadTrainingDataToCloudAsync()' with a call to 'string.StartsWith(string, System.StringComparison)'. (https://learn.microsoft.com/dotnet/fundamentals/code-analysis/quality-rules/ca1310) [/home/runner/work/trading-bot-c-/trading-bot-c-/src/BotCore/BotCore.csproj]
/home/runner/work/trading-bot-c-/trading-bot-c-/src/BotCore/CloudDataUploader.cs(119,58): error CA1310: The behavior of 'string.StartsWith(string)' could vary based on the current user's locale settings. Replace this call in 'BotCore.CloudDataUploader.UploadTrainingDataToCloudAsync()' with a call to 'string.StartsWith(string, System.StringComparison)'. (https://learn.microsoft.com/dotnet/fundamentals/code-analysis/quality-rules/ca1310) [/home/runner/work/trading-bot-c-/trading-bot-c-/src/BotCore/BotCore.csproj]
/home/runner/work/trading-bot-c-/trading-bot-c-/src/BotCore/Fusion/MLConfiguration.cs(210,85): error S1541: The Cyclomatic Complexity of this method is 12 which is greater than 10 authorized. (https://rules.sonarsource.com/csharp/RSPEC-1541) [/home/runner/work/trading-bot-c-/trading-bot-c-/src/BotCore/BotCore.csproj]
/home/runner/work/trading-bot-c-/trading-bot-c-/src/BotCore/Fusion/MLConfiguration.cs(221,17): error CA1848: For improved performance, use the LoggerMessage delegates instead of calling 'LoggerExtensions.LogError(ILogger, string?, params object?[])' (https://learn.microsoft.com/dotnet/fundamentals/code-analysis/quality-rules/ca1848) [/home/runner/work/trading-bot-c-/trading-bot-c-/src/BotCore/BotCore.csproj]
/home/runner/work/trading-bot-c-/trading-bot-c-/src/BotCore/Fusion/MLConfiguration.cs(279,13): error CA1848: For improved performance, use the LoggerMessage delegates instead of calling 'LoggerExtensions.LogError(ILogger, Exception?, string?, params object?[])' (https://learn.microsoft.com/dotnet/fundamentals/code-analysis/quality-rules/ca1848) [/home/runner/work/trading-bot-c-/trading-bot-c-/src/BotCore/BotCore.csproj]
/home/runner/work/trading-bot-c-/trading-bot-c-/src/BotCore/Features/MtfStructureResolver.cs(202,17): error CA1848: For improved performance, use the LoggerMessage delegates instead of calling 'LoggerExtensions.LogWarning(ILogger, string?, params object?[])' (https://learn.microsoft.com/dotnet/fundamentals/code-analysis/quality-rules/ca1848) [/home/runner/work/trading-bot-c-/trading-bot-c-/src/BotCore/BotCore.csproj]
/home/runner/work/trading-bot-c-/trading-bot-c-/src/BotCore/Features/MtfStructureResolver.cs(209,17): error CA1848: For improved performance, use the LoggerMessage delegates instead of calling 'LoggerExtensions.LogTrace(ILogger, string?, params object?[])' (https://learn.microsoft.com/dotnet/fundamentals/code-analysis/quality-rules/ca1848) [/home/runner/work/trading-bot-c-/trading-bot-c-/src/BotCore/BotCore.csproj]
/home/runner/work/trading-bot-c-/trading-bot-c-/src/BotCore/Features/MtfStructureResolver.cs(216,17): error CA1848: For improved performance, use the LoggerMessage delegates instead of calling 'LoggerExtensions.LogTrace(ILogger, string?, params object?[])' (https://learn.microsoft.com/dotnet/fundamentals/code-analysis/quality-rules/ca1848) [/home/runner/work/trading-bot-c-/trading-bot-c-/src/BotCore/BotCore.csproj]
/home/runner/work/trading-bot-c-/trading-bot-c-/src/BotCore/Features/MtfStructureResolver.cs(224,17): error CA1848: For improved performance, use the LoggerMessage delegates instead of calling 'LoggerExtensions.LogTrace(ILogger, string?, params object?[])' (https://learn.microsoft.com/dotnet/fundamentals/code-analysis/quality-rules/ca1848) [/home/runner/work/trading-bot-c-/trading-bot-c-/src/BotCore/BotCore.csproj]
/home/runner/work/trading-bot-c-/trading-bot-c-/src/BotCore/Features/MtfStructureResolver.cs(230,13): error CA1848: For improved performance, use the LoggerMessage delegates instead of calling 'LoggerExtensions.LogWarning(ILogger, string?, params object?[])' (https://learn.microsoft.com/dotnet/fundamentals/code-analysis/quality-rules/ca1848) [/home/runner/work/trading-bot-c-/trading-bot-c-/src/BotCore/BotCore.csproj]
/home/runner/work/trading-bot-c-/trading-bot-c-/src/BotCore/CloudDataUploader.cs(169,21): error CA1848: For improved performance, use the LoggerMessage delegates instead of calling 'LoggerExtensions.LogInformation(ILogger, string?, params object?[])' (https://learn.microsoft.com/dotnet/fundamentals/code-analysis/quality-rules/ca1848) [/home/runner/work/trading-bot-c-/trading-bot-c-/src/BotCore/BotCore.csproj]
/home/runner/work/trading-bot-c-/trading-bot-c-/src/BotCore/CloudDataUploader.cs(181,21): error CA1848: For improved performance, use the LoggerMessage delegates instead of calling 'LoggerExtensions.LogWarning(ILogger, string?, params object?[])' (https://learn.microsoft.com/dotnet/fundamentals/code-analysis/quality-rules/ca1848) [/home/runner/work/trading-bot-c-/trading-bot-c-/src/BotCore/BotCore.csproj]
/home/runner/work/trading-bot-c-/trading-bot-c-/src/BotCore/CloudDataUploader.cs(192,17): error CA1848: For improved performance, use the LoggerMessage delegates instead of calling 'LoggerExtensions.LogError(ILogger, Exception?, string?, params object?[])' (https://learn.microsoft.com/dotnet/fundamentals/code-analysis/quality-rules/ca1848) [/home/runner/work/trading-bot-c-/trading-bot-c-/src/BotCore/BotCore.csproj]
/home/runner/work/trading-bot-c-/trading-bot-c-/src/BotCore/CloudDataUploader.cs(196,17): error CA1848: For improved performance, use the LoggerMessage delegates instead of calling 'LoggerExtensions.LogError(ILogger, Exception?, string?, params object?[])' (https://learn.microsoft.com/dotnet/fundamentals/code-analysis/quality-rules/ca1848) [/home/runner/work/trading-bot-c-/trading-bot-c-/src/BotCore/BotCore.csproj]
/home/runner/work/trading-bot-c-/trading-bot-c-/src/BotCore/CloudDataUploader.cs(200,17): error CA1848: For improved performance, use the LoggerMessage delegates instead of calling 'LoggerExtensions.LogError(ILogger, Exception?, string?, params object?[])' (https://learn.microsoft.com/dotnet/fundamentals/code-analysis/quality-rules/ca1848) [/home/runner/work/trading-bot-c-/trading-bot-c-/src/BotCore/BotCore.csproj]
/home/runner/work/trading-bot-c-/trading-bot-c-/src/BotCore/CloudDataUploader.cs(204,17): error CA1848: For improved performance, use the LoggerMessage delegates instead of calling 'LoggerExtensions.LogError(ILogger, Exception?, string?, params object?[])' (https://learn.microsoft.com/dotnet/fundamentals/code-analysis/quality-rules/ca1848) [/home/runner/work/trading-bot-c-/trading-bot-c-/src/BotCore/BotCore.csproj]
/home/runner/work/trading-bot-c-/trading-bot-c-/src/BotCore/Fusion/MLConfiguration.cs(305,13): error CA1848: For improved performance, use the LoggerMessage delegates instead of calling 'LoggerExtensions.LogTrace(ILogger, string?, params object?[])' (https://learn.microsoft.com/dotnet/fundamentals/code-analysis/quality-rules/ca1848) [/home/runner/work/trading-bot-c-/trading-bot-c-/src/BotCore/BotCore.csproj]
/home/runner/work/trading-bot-c-/trading-bot-c-/src/BotCore/Fusion/MLConfiguration.cs(309,13): error CA1848: For improved performance, use the LoggerMessage delegates instead of calling 'LoggerExtensions.LogError(ILogger, Exception?, string?, params object?[])' (https://learn.microsoft.com/dotnet/fundamentals/code-analysis/quality-rules/ca1848) [/home/runner/work/trading-bot-c-/trading-bot-c-/src/BotCore/BotCore.csproj]
/home/runner/work/trading-bot-c-/trading-bot-c-/src/BotCore/Fusion/MLConfiguration.cs(307,9): error CA1031: Modify 'UpdateStrategyReward' to catch a more specific allowed exception type, or rethrow the exception (https://learn.microsoft.com/dotnet/fundamentals/code-analysis/quality-rules/ca1031) [/home/runner/work/trading-bot-c-/trading-bot-c-/src/BotCore/BotCore.csproj]
/home/runner/work/trading-bot-c-/trading-bot-c-/src/BotCore/Configuration/BacktestEnhancementConfiguration.cs(154,26): error SCS0005: Weak random number generator. (https://security-code-scan.github.io/#SCS0005) [/home/runner/work/trading-bot-c-/trading-bot-c-/src/BotCore/BotCore.csproj]
/home/runner/work/trading-bot-c-/trading-bot-c-/src/BotCore/Configuration/BacktestEnhancementConfiguration.cs(154,26): error CA5394: Random is an insecure random number generator. Use cryptographically secure random number generators when randomness is required for security. (https://learn.microsoft.com/dotnet/fundamentals/code-analysis/quality-rules/ca5394) [/home/runner/work/trading-bot-c-/trading-bot-c-/src/BotCore/BotCore.csproj]
/home/runner/work/trading-bot-c-/trading-bot-c-/src/BotCore/Calibration/IsotonicCalibrationService.cs(63,25): error CA1848: For improved performance, use the LoggerMessage delegates instead of calling 'LoggerExtensions.LogError(ILogger, string?, params object?[])' (https://learn.microsoft.com/dotnet/fundamentals/code-analysis/quality-rules/ca1848) [/home/runner/work/trading-bot-c-/trading-bot-c-/src/BotCore/BotCore.csproj]
/home/runner/work/trading-bot-c-/trading-bot-c-/src/BotCore/Calibration/IsotonicCalibrationService.cs(72,21): error CA1848: For improved performance, use the LoggerMessage delegates instead of calling 'LoggerExtensions.LogTrace(ILogger, string?, params object?[])' (https://learn.microsoft.com/dotnet/fundamentals/code-analysis/quality-rules/ca1848) [/home/runner/work/trading-bot-c-/trading-bot-c-/src/BotCore/BotCore.csproj]
/home/runner/work/trading-bot-c-/trading-bot-c-/src/BotCore/Calibration/IsotonicCalibrationService.cs(80,17): error CA1848: For improved performance, use the LoggerMessage delegates instead of calling 'LoggerExtensions.LogError(ILogger, Exception?, string?, params object?[])' (https://learn.microsoft.com/dotnet/fundamentals/code-analysis/quality-rules/ca1848) [/home/runner/work/trading-bot-c-/trading-bot-c-/src/BotCore/BotCore.csproj]
/home/runner/work/trading-bot-c-/trading-bot-c-/src/BotCore/Config/ParamStore.cs(101,58): error CA1869: Avoid creating a new 'JsonSerializerOptions' instance for every serialization operation. Cache and reuse instances instead. (https://learn.microsoft.com/dotnet/fundamentals/code-analysis/quality-rules/ca1869) [/home/runner/work/trading-bot-c-/trading-bot-c-/src/BotCore/BotCore.csproj]
/home/runner/work/trading-bot-c-/trading-bot-c-/src/BotCore/Integration/YamlSchemaValidator.cs(322,31): error S1541: The Cyclomatic Complexity of this method is 11 which is greater than 10 authorized. (https://rules.sonarsource.com/csharp/RSPEC-1541) [/home/runner/work/trading-bot-c-/trading-bot-c-/src/BotCore/BotCore.csproj]
/home/runner/work/trading-bot-c-/trading-bot-c-/src/BotCore/Calibration/IsotonicCalibrationService.cs(90,32): error CA1308: In method 'CreateTableKey', replace the call to 'ToLowerInvariant' with 'ToUpperInvariant' (https://learn.microsoft.com/dotnet/fundamentals/code-analysis/quality-rules/ca1308) [/home/runner/work/trading-bot-c-/trading-bot-c-/src/BotCore/BotCore.csproj]
/home/runner/work/trading-bot-c-/trading-bot-c-/src/BotCore/Calibration/IsotonicCalibrationService.cs(90,60): error CA1308: In method 'CreateTableKey', replace the call to 'ToLowerInvariant' with 'ToUpperInvariant' (https://learn.microsoft.com/dotnet/fundamentals/code-analysis/quality-rules/ca1308) [/home/runner/work/trading-bot-c-/trading-bot-c-/src/BotCore/BotCore.csproj]
/home/runner/work/trading-bot-c-/trading-bot-c-/src/BotCore/HealthChecks/ProductionHealthChecks.cs(249,13): error CA1848: For improved performance, use the LoggerMessage delegates instead of calling 'LoggerExtensions.LogWarning(ILogger, Exception?, string?, params object?[])' (https://learn.microsoft.com/dotnet/fundamentals/code-analysis/quality-rules/ca1848) [/home/runner/work/trading-bot-c-/trading-bot-c-/src/BotCore/BotCore.csproj]
/home/runner/work/trading-bot-c-/trading-bot-c-/src/BotCore/HealthChecks/ProductionHealthChecks.cs(247,9): error CA1031: Modify 'CheckHealthAsync' to catch a more specific allowed exception type, or rethrow the exception (https://learn.microsoft.com/dotnet/fundamentals/code-analysis/quality-rules/ca1031) [/home/runner/work/trading-bot-c-/trading-bot-c-/src/BotCore/BotCore.csproj]
/home/runner/work/trading-bot-c-/trading-bot-c-/src/BotCore/Fusion/MLConfiguration.cs(80,13): error CA1848: For improved performance, use the LoggerMessage delegates instead of calling 'LoggerExtensions.LogTrace(ILogger, string?, params object?[])' (https://learn.microsoft.com/dotnet/fundamentals/code-analysis/quality-rules/ca1848) [/home/runner/work/trading-bot-c-/trading-bot-c-/src/BotCore/BotCore.csproj]
/home/runner/work/trading-bot-c-/trading-bot-c-/src/BotCore/Fusion/MLConfiguration.cs(85,13): error CA1848: For improved performance, use the LoggerMessage delegates instead of calling 'LoggerExtensions.LogError(ILogger, Exception?, string?, params object?[])' (https://learn.microsoft.com/dotnet/fundamentals/code-analysis/quality-rules/ca1848) [/home/runner/work/trading-bot-c-/trading-bot-c-/src/BotCore/BotCore.csproj]
/home/runner/work/trading-bot-c-/trading-bot-c-/src/BotCore/Config/ParamStore.cs(151,17): error CA1848: For improved performance, use the LoggerMessage delegates instead of calling 'LoggerExtensions.LogInformation(ILogger, string?, params object?[])' (https://learn.microsoft.com/dotnet/fundamentals/code-analysis/quality-rules/ca1848) [/home/runner/work/trading-bot-c-/trading-bot-c-/src/BotCore/BotCore.csproj]
/home/runner/work/trading-bot-c-/trading-bot-c-/src/BotCore/Services/OnnxModelCompatibilityService.cs(46,17): error CA1848: For improved performance, use the LoggerMessage delegates instead of calling 'LoggerExtensions.LogInformation(ILogger, string?, params object?[])' (https://learn.microsoft.com/dotnet/fundamentals/code-analysis/quality-rules/ca1848) [/home/runner/work/trading-bot-c-/trading-bot-c-/src/BotCore/BotCore.csproj]
/home/runner/work/trading-bot-c-/trading-bot-c-/src/BotCore/Services/OnnxModelCompatibilityService.cs(55,13): error CA1848: For improved performance, use the LoggerMessage delegates instead of calling 'LoggerExtensions.LogInformation(ILogger, string?, params object?[])' (https://learn.microsoft.com/dotnet/fundamentals/code-analysis/quality-rules/ca1848) [/home/runner/work/trading-bot-c-/trading-bot-c-/src/BotCore/BotCore.csproj]
/home/runner/work/trading-bot-c-/trading-bot-c-/src/BotCore/Market/RedundantDataFeedManager.cs(465,25): error S1541: The Cyclomatic Complexity of this method is 14 which is greater than 10 authorized. (https://rules.sonarsource.com/csharp/RSPEC-1541) [/home/runner/work/trading-bot-c-/trading-bot-c-/src/BotCore/BotCore.csproj]
/home/runner/work/trading-bot-c-/trading-bot-c-/src/BotCore/CloudDataUploader.cs(223,28): error S1541: The Cyclomatic Complexity of this method is 12 which is greater than 10 authorized. (https://rules.sonarsource.com/csharp/RSPEC-1541) [/home/runner/work/trading-bot-c-/trading-bot-c-/src/BotCore/BotCore.csproj]
/home/runner/work/trading-bot-c-/trading-bot-c-/src/BotCore/Config/ParamStore.cs(177,68): error S2589: Remove this unnecessary check for null. (https://rules.sonarsource.com/csharp/RSPEC-2589) [/home/runner/work/trading-bot-c-/trading-bot-c-/src/BotCore/BotCore.csproj]
/home/runner/work/trading-bot-c-/trading-bot-c-/src/BotCore/Config/ParamStore.cs(177,68): error S2583: Remove this unnecessary check for null. Some code paths are unreachable. (https://rules.sonarsource.com/csharp/RSPEC-2583) [/home/runner/work/trading-bot-c-/trading-bot-c-/src/BotCore/BotCore.csproj]
/home/runner/work/trading-bot-c-/trading-bot-c-/src/BotCore/Config/ParamStore.cs(175,58): error CA1869: Avoid creating a new 'JsonSerializerOptions' instance for every serialization operation. Cache and reuse instances instead. (https://learn.microsoft.com/dotnet/fundamentals/code-analysis/quality-rules/ca1869) [/home/runner/work/trading-bot-c-/trading-bot-c-/src/BotCore/BotCore.csproj]
/home/runner/work/trading-bot-c-/trading-bot-c-/src/BotCore/CloudDataUploader.cs(266,21): error CA1848: For improved performance, use the LoggerMessage delegates instead of calling 'LoggerExtensions.LogWarning(ILogger, Exception?, string?, params object?[])' (https://learn.microsoft.com/dotnet/fundamentals/code-analysis/quality-rules/ca1848) [/home/runner/work/trading-bot-c-/trading-bot-c-/src/BotCore/BotCore.csproj]
/home/runner/work/trading-bot-c-/trading-bot-c-/src/BotCore/CloudDataUploader.cs(270,21): error CA1848: For improved performance, use the LoggerMessage delegates instead of calling 'LoggerExtensions.LogWarning(ILogger, Exception?, string?, params object?[])' (https://learn.microsoft.com/dotnet/fundamentals/code-analysis/quality-rules/ca1848) [/home/runner/work/trading-bot-c-/trading-bot-c-/src/BotCore/BotCore.csproj]
/home/runner/work/trading-bot-c-/trading-bot-c-/src/BotCore/CloudDataUploader.cs(280,13): error CA1848: For improved performance, use the LoggerMessage delegates instead of calling 'LoggerExtensions.LogDebug(ILogger, string?, params object?[])' (https://learn.microsoft.com/dotnet/fundamentals/code-analysis/quality-rules/ca1848) [/home/runner/work/trading-bot-c-/trading-bot-c-/src/BotCore/BotCore.csproj]
/home/runner/work/trading-bot-c-/trading-bot-c-/src/BotCore/Services/OnnxModelCompatibilityService.cs(70,21): error CA1848: For improved performance, use the LoggerMessage delegates instead of calling 'LoggerExtensions.LogError(ILogger, string?, params object?[])' (https://learn.microsoft.com/dotnet/fundamentals/code-analysis/quality-rules/ca1848) [/home/runner/work/trading-bot-c-/trading-bot-c-/src/BotCore/BotCore.csproj]
/home/runner/work/trading-bot-c-/trading-bot-c-/src/BotCore/Services/OnnxModelCompatibilityService.cs(80,21): error CA1848: For improved performance, use the LoggerMessage delegates instead of calling 'LoggerExtensions.LogError(ILogger, string?, params object?[])' (https://learn.microsoft.com/dotnet/fundamentals/code-analysis/quality-rules/ca1848) [/home/runner/work/trading-bot-c-/trading-bot-c-/src/BotCore/BotCore.csproj]
/home/runner/work/trading-bot-c-/trading-bot-c-/src/BotCore/Services/OnnxModelCompatibilityService.cs(88,21): error CA1848: For improved performance, use the LoggerMessage delegates instead of calling 'LoggerExtensions.LogError(ILogger, string?, params object?[])' (https://learn.microsoft.com/dotnet/fundamentals/code-analysis/quality-rules/ca1848) [/home/runner/work/trading-bot-c-/trading-bot-c-/src/BotCore/BotCore.csproj]
/home/runner/work/trading-bot-c-/trading-bot-c-/src/BotCore/Services/OnnxModelCompatibilityService.cs(97,21): error CA1848: For improved performance, use the LoggerMessage delegates instead of calling 'LoggerExtensions.LogError(ILogger, string?, params object?[])' (https://learn.microsoft.com/dotnet/fundamentals/code-analysis/quality-rules/ca1848) [/home/runner/work/trading-bot-c-/trading-bot-c-/src/BotCore/BotCore.csproj]
/home/runner/work/trading-bot-c-/trading-bot-c-/src/BotCore/Services/OnnxModelCompatibilityService.cs(104,21): error CA1848: For improved performance, use the LoggerMessage delegates instead of calling 'LoggerExtensions.LogError(ILogger, string?, params object?[])' (https://learn.microsoft.com/dotnet/fundamentals/code-analysis/quality-rules/ca1848) [/home/runner/work/trading-bot-c-/trading-bot-c-/src/BotCore/BotCore.csproj]
/home/runner/work/trading-bot-c-/trading-bot-c-/src/BotCore/Services/OnnxModelCompatibilityService.cs(114,17): error CA1848: For improved performance, use the LoggerMessage delegates instead of calling 'LoggerExtensions.LogInformation(ILogger, string?, params object?[])' (https://learn.microsoft.com/dotnet/fundamentals/code-analysis/quality-rules/ca1848) [/home/runner/work/trading-bot-c-/trading-bot-c-/src/BotCore/BotCore.csproj]
/home/runner/work/trading-bot-c-/trading-bot-c-/src/BotCore/Services/OnnxModelCompatibilityService.cs(119,17): error CA1848: For improved performance, use the LoggerMessage delegates instead of calling 'LoggerExtensions.LogError(ILogger, Exception?, string?, params object?[])' (https://learn.microsoft.com/dotnet/fundamentals/code-analysis/quality-rules/ca1848) [/home/runner/work/trading-bot-c-/trading-bot-c-/src/BotCore/BotCore.csproj]
/home/runner/work/trading-bot-c-/trading-bot-c-/src/BotCore/Services/OnnxModelCompatibilityService.cs(124,17): error CA1848: For improved performance, use the LoggerMessage delegates instead of calling 'LoggerExtensions.LogError(ILogger, Exception?, string?, params object?[])' (https://learn.microsoft.com/dotnet/fundamentals/code-analysis/quality-rules/ca1848) [/home/runner/work/trading-bot-c-/trading-bot-c-/src/BotCore/BotCore.csproj]
/home/runner/work/trading-bot-c-/trading-bot-c-/src/BotCore/Services/OnnxModelCompatibilityService.cs(129,17): error CA1848: For improved performance, use the LoggerMessage delegates instead of calling 'LoggerExtensions.LogError(ILogger, Exception?, string?, params object?[])' (https://learn.microsoft.com/dotnet/fundamentals/code-analysis/quality-rules/ca1848) [/home/runner/work/trading-bot-c-/trading-bot-c-/src/BotCore/BotCore.csproj]
/home/runner/work/trading-bot-c-/trading-bot-c-/src/BotCore/Services/OnnxModelCompatibilityService.cs(134,17): error CA1848: For improved performance, use the LoggerMessage delegates instead of calling 'LoggerExtensions.LogError(ILogger, Exception?, string?, params object?[])' (https://learn.microsoft.com/dotnet/fundamentals/code-analysis/quality-rules/ca1848) [/home/runner/work/trading-bot-c-/trading-bot-c-/src/BotCore/BotCore.csproj]
/home/runner/work/trading-bot-c-/trading-bot-c-/src/BotCore/Services/OnnxModelCompatibilityService.cs(149,21): error CA1848: For improved performance, use the LoggerMessage delegates instead of calling 'LoggerExtensions.LogWarning(ILogger, string?, params object?[])' (https://learn.microsoft.com/dotnet/fundamentals/code-analysis/quality-rules/ca1848) [/home/runner/work/trading-bot-c-/trading-bot-c-/src/BotCore/BotCore.csproj]
/home/runner/work/trading-bot-c-/trading-bot-c-/src/BotCore/Services/OnnxModelCompatibilityService.cs(158,21): error CA1848: For improved performance, use the LoggerMessage delegates instead of calling 'LoggerExtensions.LogWarning(ILogger, string?, params object?[])' (https://learn.microsoft.com/dotnet/fundamentals/code-analysis/quality-rules/ca1848) [/home/runner/work/trading-bot-c-/trading-bot-c-/src/BotCore/BotCore.csproj]
/home/runner/work/trading-bot-c-/trading-bot-c-/src/BotCore/Services/OnnxModelCompatibilityService.cs(164,17): error CA1848: For improved performance, use the LoggerMessage delegates instead of calling 'LoggerExtensions.LogInformation(ILogger, string?, params object?[])' (https://learn.microsoft.com/dotnet/fundamentals/code-analysis/quality-rules/ca1848) [/home/runner/work/trading-bot-c-/trading-bot-c-/src/BotCore/BotCore.csproj]
/home/runner/work/trading-bot-c-/trading-bot-c-/src/BotCore/HealthChecks/ProductionHealthChecks.cs(145,13): error CA1848: For improved performance, use the LoggerMessage delegates instead of calling 'LoggerExtensions.LogError(ILogger, Exception?, string?, params object?[])' (https://learn.microsoft.com/dotnet/fundamentals/code-analysis/quality-rules/ca1848) [/home/runner/work/trading-bot-c-/trading-bot-c-/src/BotCore/BotCore.csproj]
/home/runner/work/trading-bot-c-/trading-bot-c-/src/BotCore/HealthChecks/ProductionHealthChecks.cs(143,9): error CA1031: Modify 'GetHealthAsync' to catch a more specific allowed exception type, or rethrow the exception (https://learn.microsoft.com/dotnet/fundamentals/code-analysis/quality-rules/ca1031) [/home/runner/work/trading-bot-c-/trading-bot-c-/src/BotCore/BotCore.csproj]
/home/runner/work/trading-bot-c-/trading-bot-c-/src/BotCore/Services/OnnxModelCompatibilityService.cs(178,17): error CA1848: For improved performance, use the LoggerMessage delegates instead of calling 'LoggerExtensions.LogWarning(ILogger, Exception?, string?, params object?[])' (https://learn.microsoft.com/dotnet/fundamentals/code-analysis/quality-rules/ca1848) [/home/runner/work/trading-bot-c-/trading-bot-c-/src/BotCore/BotCore.csproj]
/home/runner/work/trading-bot-c-/trading-bot-c-/src/BotCore/Services/OnnxModelCompatibilityService.cs(183,17): error CA1848: For improved performance, use the LoggerMessage delegates instead of calling 'LoggerExtensions.LogWarning(ILogger, Exception?, string?, params object?[])' (https://learn.microsoft.com/dotnet/fundamentals/code-analysis/quality-rules/ca1848) [/home/runner/work/trading-bot-c-/trading-bot-c-/src/BotCore/BotCore.csproj]
/home/runner/work/trading-bot-c-/trading-bot-c-/src/BotCore/Fusion/MetricsServices.cs(213,26): error S2139: Either log this exception and handle it, or rethrow it with some contextual information. (https://rules.sonarsource.com/csharp/RSPEC-2139) [/home/runner/work/trading-bot-c-/trading-bot-c-/src/BotCore/BotCore.csproj]
/home/runner/work/trading-bot-c-/trading-bot-c-/src/BotCore/Fusion/MetricsServices.cs(184,13): error CA1848: For improved performance, use the LoggerMessage delegates instead of calling 'LoggerExtensions.LogCritical(ILogger, string?, params object?[])' (https://learn.microsoft.com/dotnet/fundamentals/code-analysis/quality-rules/ca1848) [/home/runner/work/trading-bot-c-/trading-bot-c-/src/BotCore/BotCore.csproj]
/home/runner/work/trading-bot-c-/trading-bot-c-/src/BotCore/Fusion/MetricsServices.cs(211,13): error CA1848: For improved performance, use the LoggerMessage delegates instead of calling 'LoggerExtensions.LogTrace(ILogger, string?, params object?[])' (https://learn.microsoft.com/dotnet/fundamentals/code-analysis/quality-rules/ca1848) [/home/runner/work/trading-bot-c-/trading-bot-c-/src/BotCore/BotCore.csproj]
/home/runner/work/trading-bot-c-/trading-bot-c-/src/BotCore/Fusion/MetricsServices.cs(216,13): error CA1848: For improved performance, use the LoggerMessage delegates instead of calling 'LoggerExtensions.LogCritical(ILogger, Exception?, string?, params object?[])' (https://learn.microsoft.com/dotnet/fundamentals/code-analysis/quality-rules/ca1848) [/home/runner/work/trading-bot-c-/trading-bot-c-/src/BotCore/BotCore.csproj]
/home/runner/work/trading-bot-c-/trading-bot-c-/src/BotCore/Config/ParamStore.cs(207,17): error CA1848: For improved performance, use the LoggerMessage delegates instead of calling 'LoggerExtensions.LogInformation(ILogger, string?, params object?[])' (https://learn.microsoft.com/dotnet/fundamentals/code-analysis/quality-rules/ca1848) [/home/runner/work/trading-bot-c-/trading-bot-c-/src/BotCore/BotCore.csproj]
/home/runner/work/trading-bot-c-/trading-bot-c-/src/BotCore/Services/OnnxModelCompatibilityService.cs(199,17): error CA1848: For improved performance, use the LoggerMessage delegates instead of calling 'LoggerExtensions.LogError(ILogger, Exception?, string?, params object?[])' (https://learn.microsoft.com/dotnet/fundamentals/code-analysis/quality-rules/ca1848) [/home/runner/work/trading-bot-c-/trading-bot-c-/src/BotCore/BotCore.csproj]
/home/runner/work/trading-bot-c-/trading-bot-c-/src/BotCore/Services/OnnxModelCompatibilityService.cs(204,17): error CA1848: For improved performance, use the LoggerMessage delegates instead of calling 'LoggerExtensions.LogError(ILogger, Exception?, string?, params object?[])' (https://learn.microsoft.com/dotnet/fundamentals/code-analysis/quality-rules/ca1848) [/home/runner/work/trading-bot-c-/trading-bot-c-/src/BotCore/BotCore.csproj]
/home/runner/work/trading-bot-c-/trading-bot-c-/src/BotCore/Services/OnnxModelCompatibilityService.cs(209,17): error CA1848: For improved performance, use the LoggerMessage delegates instead of calling 'LoggerExtensions.LogError(ILogger, Exception?, string?, params object?[])' (https://learn.microsoft.com/dotnet/fundamentals/code-analysis/quality-rules/ca1848) [/home/runner/work/trading-bot-c-/trading-bot-c-/src/BotCore/BotCore.csproj]
/home/runner/work/trading-bot-c-/trading-bot-c-/src/BotCore/Config/ParamStore.cs(208,80): error CA1508: 'obj.JsonConfig' is never 'null'. Remove or refactor the condition(s) to avoid dead code. (https://learn.microsoft.com/dotnet/fundamentals/code-analysis/quality-rules/ca1508) [/home/runner/work/trading-bot-c-/trading-bot-c-/src/BotCore/BotCore.csproj]
/home/runner/work/trading-bot-c-/trading-bot-c-/src/BotCore/Config/ParamStore.cs(208,80): error CA1508: 'obj.JsonConfig?.Length' is never 'null'. Remove or refactor the condition(s) to avoid dead code. (https://learn.microsoft.com/dotnet/fundamentals/code-analysis/quality-rules/ca1508) [/home/runner/work/trading-bot-c-/trading-bot-c-/src/BotCore/BotCore.csproj]
/home/runner/work/trading-bot-c-/trading-bot-c-/src/BotCore/Fusion/MetricsServices.cs(257,26): error S2139: Either log this exception and handle it, or rethrow it with some contextual information. (https://rules.sonarsource.com/csharp/RSPEC-2139) [/home/runner/work/trading-bot-c-/trading-bot-c-/src/BotCore/BotCore.csproj]
/home/runner/work/trading-bot-c-/trading-bot-c-/src/BotCore/Market/RedundantDataFeedManager.cs(538,13): error CA1848: For improved performance, use the LoggerMessage delegates instead of calling 'LoggerExtensions.LogWarning(ILogger, string?, params object?[])' (https://learn.microsoft.com/dotnet/fundamentals/code-analysis/quality-rules/ca1848) [/home/runner/work/trading-bot-c-/trading-bot-c-/src/BotCore/BotCore.csproj]
/home/runner/work/trading-bot-c-/trading-bot-c-/src/BotCore/Market/RedundantDataFeedManager.cs(547,21): error CA1848: For improved performance, use the LoggerMessage delegates instead of calling 'LoggerExtensions.LogWarning(ILogger, string?, params object?[])' (https://learn.microsoft.com/dotnet/fundamentals/code-analysis/quality-rules/ca1848) [/home/runner/work/trading-bot-c-/trading-bot-c-/src/BotCore/BotCore.csproj]
/home/runner/work/trading-bot-c-/trading-bot-c-/src/BotCore/Market/RedundantDataFeedManager.cs(571,17): error CA1848: For improved performance, use the LoggerMessage delegates instead of calling 'LoggerExtensions.LogError(ILogger, string?, params object?[])' (https://learn.microsoft.com/dotnet/fundamentals/code-analysis/quality-rules/ca1848) [/home/runner/work/trading-bot-c-/trading-bot-c-/src/BotCore/BotCore.csproj]
/home/runner/work/trading-bot-c-/trading-bot-c-/src/BotCore/Market/RedundantDataFeedManager.cs(580,13): error CA1848: For improved performance, use the LoggerMessage delegates instead of calling 'LoggerExtensions.LogError(ILogger, Exception?, string?, params object?[])' (https://learn.microsoft.com/dotnet/fundamentals/code-analysis/quality-rules/ca1848) [/home/runner/work/trading-bot-c-/trading-bot-c-/src/BotCore/BotCore.csproj]
/home/runner/work/trading-bot-c-/trading-bot-c-/src/BotCore/Config/ParamStore.cs(239,58): error CA1869: Avoid creating a new 'JsonSerializerOptions' instance for every serialization operation. Cache and reuse instances instead. (https://learn.microsoft.com/dotnet/fundamentals/code-analysis/quality-rules/ca1869) [/home/runner/work/trading-bot-c-/trading-bot-c-/src/BotCore/BotCore.csproj]
/home/runner/work/trading-bot-c-/trading-bot-c-/src/BotCore/Market/RedundantDataFeedManager.cs(578,9): error CA1031: Modify 'HandleDataInconsistencyAsync' to catch a more specific allowed exception type, or rethrow the exception (https://learn.microsoft.com/dotnet/fundamentals/code-analysis/quality-rules/ca1031) [/home/runner/work/trading-bot-c-/trading-bot-c-/src/BotCore/BotCore.csproj]
/home/runner/work/trading-bot-c-/trading-bot-c-/src/BotCore/Brain/UnifiedTradingBrain.cs(546,17): error S2583: Remove this unnecessary check for null. Some code paths are unreachable. (https://rules.sonarsource.com/csharp/RSPEC-2583) [/home/runner/work/trading-bot-c-/trading-bot-c-/src/BotCore/BotCore.csproj]
/home/runner/work/trading-bot-c-/trading-bot-c-/src/BotCore/Fusion/MetricsServices.cs(228,13): error CA1848: For improved performance, use the LoggerMessage delegates instead of calling 'LoggerExtensions.LogCritical(ILogger, string?, params object?[])' (https://learn.microsoft.com/dotnet/fundamentals/code-analysis/quality-rules/ca1848) [/home/runner/work/trading-bot-c-/trading-bot-c-/src/BotCore/BotCore.csproj]
/home/runner/work/trading-bot-c-/trading-bot-c-/src/BotCore/Fusion/MetricsServices.cs(255,13): error CA1848: For improved performance, use the LoggerMessage delegates instead of calling 'LoggerExtensions.LogTrace(ILogger, string?, params object?[])' (https://learn.microsoft.com/dotnet/fundamentals/code-analysis/quality-rules/ca1848) [/home/runner/work/trading-bot-c-/trading-bot-c-/src/BotCore/BotCore.csproj]
/home/runner/work/trading-bot-c-/trading-bot-c-/src/BotCore/Fusion/MetricsServices.cs(260,13): error CA1848: For improved performance, use the LoggerMessage delegates instead of calling 'LoggerExtensions.LogCritical(ILogger, Exception?, string?, params object?[])' (https://learn.microsoft.com/dotnet/fundamentals/code-analysis/quality-rules/ca1848) [/home/runner/work/trading-bot-c-/trading-bot-c-/src/BotCore/BotCore.csproj]
/home/runner/work/trading-bot-c-/trading-bot-c-/src/BotCore/Features/LiquidityAbsorptionResolver.cs(34,27): error S1541: The Cyclomatic Complexity of this method is 16 which is greater than 10 authorized. (https://rules.sonarsource.com/csharp/RSPEC-1541) [/home/runner/work/trading-bot-c-/trading-bot-c-/src/BotCore/BotCore.csproj]
/home/runner/work/trading-bot-c-/trading-bot-c-/src/BotCore/Brain/UnifiedTradingBrain.cs(534,37): error CA2000: Call System.IDisposable.Dispose on object created by 'new OnnxNeuralNetwork(onnxLoader, neuralNetworkLogger, runtimeMode, "models/strategy_selection.onnx")' before all references to it are out of scope (https://learn.microsoft.com/dotnet/fundamentals/code-analysis/quality-rules/ca2000) [/home/runner/work/trading-bot-c-/trading-bot-c-/src/BotCore/BotCore.csproj]
/home/runner/work/trading-bot-c-/trading-bot-c-/src/BotCore/Features/LiquidityAbsorptionResolver.cs(38,17): error CA1848: For improved performance, use the LoggerMessage delegates instead of calling 'LoggerExtensions.LogError(ILogger, string?, params object?[])' (https://learn.microsoft.com/dotnet/fundamentals/code-analysis/quality-rules/ca1848) [/home/runner/work/trading-bot-c-/trading-bot-c-/src/BotCore/BotCore.csproj]
/home/runner/work/trading-bot-c-/trading-bot-c-/src/BotCore/Features/LiquidityAbsorptionResolver.cs(44,17): error CA1848: For improved performance, use the LoggerMessage delegates instead of calling 'LoggerExtensions.LogError(ILogger, string?, params object?[])' (https://learn.microsoft.com/dotnet/fundamentals/code-analysis/quality-rules/ca1848) [/home/runner/work/trading-bot-c-/trading-bot-c-/src/BotCore/BotCore.csproj]
/home/runner/work/trading-bot-c-/trading-bot-c-/src/BotCore/Features/LiquidityAbsorptionResolver.cs(65,21): error CA1848: For improved performance, use the LoggerMessage delegates instead of calling 'LoggerExtensions.LogError(ILogger, string?, params object?[])' (https://learn.microsoft.com/dotnet/fundamentals/code-analysis/quality-rules/ca1848) [/home/runner/work/trading-bot-c-/trading-bot-c-/src/BotCore/BotCore.csproj]
/home/runner/work/trading-bot-c-/trading-bot-c-/src/BotCore/Features/LiquidityAbsorptionResolver.cs(81,21): error CA1848: For improved performance, use the LoggerMessage delegates instead of calling 'LoggerExtensions.LogWarning(ILogger, string?, params object?[])' (https://learn.microsoft.com/dotnet/fundamentals/code-analysis/quality-rules/ca1848) [/home/runner/work/trading-bot-c-/trading-bot-c-/src/BotCore/BotCore.csproj]
/home/runner/work/trading-bot-c-/trading-bot-c-/src/BotCore/Features/LiquidityAbsorptionResolver.cs(103,17): error CA1848: For improved performance, use the LoggerMessage delegates instead of calling 'LoggerExtensions.LogTrace(ILogger, string?, params object?[])' (https://learn.microsoft.com/dotnet/fundamentals/code-analysis/quality-rules/ca1848) [/home/runner/work/trading-bot-c-/trading-bot-c-/src/BotCore/BotCore.csproj]
/home/runner/work/trading-bot-c-/trading-bot-c-/src/BotCore/Features/LiquidityAbsorptionResolver.cs(108,17): error CA1848: For improved performance, use the LoggerMessage delegates instead of calling 'LoggerExtensions.LogError(ILogger, Exception?, string?, params object?[])' (https://learn.microsoft.com/dotnet/fundamentals/code-analysis/quality-rules/ca1848) [/home/runner/work/trading-bot-c-/trading-bot-c-/src/BotCore/BotCore.csproj]
/home/runner/work/trading-bot-c-/trading-bot-c-/src/BotCore/Fusion/MetricsServices.cs(272,13): error CA1848: For improved performance, use the LoggerMessage delegates instead of calling 'LoggerExtensions.LogTrace(ILogger, string?, params object?[])' (https://learn.microsoft.com/dotnet/fundamentals/code-analysis/quality-rules/ca1848) [/home/runner/work/trading-bot-c-/trading-bot-c-/src/BotCore/BotCore.csproj]
/home/runner/work/trading-bot-c-/trading-bot-c-/src/BotCore/Fusion/MetricsServices.cs(276,13): error CA1848: For improved performance, use the LoggerMessage delegates instead of calling 'LoggerExtensions.LogError(ILogger, Exception?, string?, params object?[])' (https://learn.microsoft.com/dotnet/fundamentals/code-analysis/quality-rules/ca1848) [/home/runner/work/trading-bot-c-/trading-bot-c-/src/BotCore/BotCore.csproj]
/home/runner/work/trading-bot-c-/trading-bot-c-/src/BotCore/CloudDataUploader.cs(309,21): error CA1848: For improved performance, use the LoggerMessage delegates instead of calling 'LoggerExtensions.LogDebug(ILogger, string?, params object?[])' (https://learn.microsoft.com/dotnet/fundamentals/code-analysis/quality-rules/ca1848) [/home/runner/work/trading-bot-c-/trading-bot-c-/src/BotCore/BotCore.csproj]
/home/runner/work/trading-bot-c-/trading-bot-c-/src/BotCore/CloudDataUploader.cs(314,21): error CA1848: For improved performance, use the LoggerMessage delegates instead of calling 'LoggerExtensions.LogWarning(ILogger, string?, params object?[])' (https://learn.microsoft.com/dotnet/fundamentals/code-analysis/quality-rules/ca1848) [/home/runner/work/trading-bot-c-/trading-bot-c-/src/BotCore/BotCore.csproj]
/home/runner/work/trading-bot-c-/trading-bot-c-/src/BotCore/CloudDataUploader.cs(320,17): error CA1848: For improved performance, use the LoggerMessage delegates instead of calling 'LoggerExtensions.LogError(ILogger, Exception?, string?, params object?[])' (https://learn.microsoft.com/dotnet/fundamentals/code-analysis/quality-rules/ca1848) [/home/runner/work/trading-bot-c-/trading-bot-c-/src/BotCore/BotCore.csproj]
/home/runner/work/trading-bot-c-/trading-bot-c-/src/BotCore/CloudDataUploader.cs(325,17): error CA1848: For improved performance, use the LoggerMessage delegates instead of calling 'LoggerExtensions.LogError(ILogger, Exception?, string?, params object?[])' (https://learn.microsoft.com/dotnet/fundamentals/code-analysis/quality-rules/ca1848) [/home/runner/work/trading-bot-c-/trading-bot-c-/src/BotCore/BotCore.csproj]
/home/runner/work/trading-bot-c-/trading-bot-c-/src/BotCore/CloudDataUploader.cs(330,17): error CA1848: For improved performance, use the LoggerMessage delegates instead of calling 'LoggerExtensions.LogError(ILogger, Exception?, string?, params object?[])' (https://learn.microsoft.com/dotnet/fundamentals/code-analysis/quality-rules/ca1848) [/home/runner/work/trading-bot-c-/trading-bot-c-/src/BotCore/BotCore.csproj]
/home/runner/work/trading-bot-c-/trading-bot-c-/src/BotCore/Fusion/MetricsServices.cs(274,9): error CA1031: Modify 'FlushMetricsAsync' to catch a more specific allowed exception type, or rethrow the exception (https://learn.microsoft.com/dotnet/fundamentals/code-analysis/quality-rules/ca1031) [/home/runner/work/trading-bot-c-/trading-bot-c-/src/BotCore/BotCore.csproj]
/home/runner/work/trading-bot-c-/trading-bot-c-/src/BotCore/Market/RedundantDataFeedManager.cs(590,13): error CA1848: For improved performance, use the LoggerMessage delegates instead of calling 'LoggerExtensions.LogDebug(ILogger, string?, params object?[])' (https://learn.microsoft.com/dotnet/fundamentals/code-analysis/quality-rules/ca1848) [/home/runner/work/trading-bot-c-/trading-bot-c-/src/BotCore/BotCore.csproj]
/home/runner/work/trading-bot-c-/trading-bot-c-/src/BotCore/Market/RedundantDataFeedManager.cs(595,13): error CA1848: For improved performance, use the LoggerMessage delegates instead of calling 'LoggerExtensions.LogInformation(ILogger, string?, params object?[])' (https://learn.microsoft.com/dotnet/fundamentals/code-analysis/quality-rules/ca1848) [/home/runner/work/trading-bot-c-/trading-bot-c-/src/BotCore/BotCore.csproj]
/home/runner/work/trading-bot-c-/trading-bot-c-/src/BotCore/HealthChecks/ProductionHealthChecks.cs(176,13): error CA1848: For improved performance, use the LoggerMessage delegates instead of calling 'LoggerExtensions.LogError(ILogger, Exception?, string?, params object?[])' (https://learn.microsoft.com/dotnet/fundamentals/code-analysis/quality-rules/ca1848) [/home/runner/work/trading-bot-c-/trading-bot-c-/src/BotCore/BotCore.csproj]
/home/runner/work/trading-bot-c-/trading-bot-c-/src/BotCore/HealthChecks/ProductionHealthChecks.cs(174,9): error CA1031: Modify 'GetHealthReportAsync' to catch a more specific allowed exception type, or rethrow the exception (https://learn.microsoft.com/dotnet/fundamentals/code-analysis/quality-rules/ca1031) [/home/runner/work/trading-bot-c-/trading-bot-c-/src/BotCore/BotCore.csproj]
/home/runner/work/trading-bot-c-/trading-bot-c-/src/BotCore/Market/RedundantDataFeedManager.cs(615,13): error CA1848: For improved performance, use the LoggerMessage delegates instead of calling 'LoggerExtensions.LogWarning(ILogger, string?, params object?[])' (https://learn.microsoft.com/dotnet/fundamentals/code-analysis/quality-rules/ca1848) [/home/runner/work/trading-bot-c-/trading-bot-c-/src/BotCore/BotCore.csproj]
/home/runner/work/trading-bot-c-/trading-bot-c-/src/BotCore/Market/RedundantDataFeedManager.cs(622,13): error CA1848: For improved performance, use the LoggerMessage delegates instead of calling 'LoggerExtensions.LogError(ILogger, Exception?, string?, params object?[])' (https://learn.microsoft.com/dotnet/fundamentals/code-analysis/quality-rules/ca1848) [/home/runner/work/trading-bot-c-/trading-bot-c-/src/BotCore/BotCore.csproj]
/home/runner/work/trading-bot-c-/trading-bot-c-/src/BotCore/Market/RedundantDataFeedManager.cs(620,9): error CA1031: Modify 'StoreConsistencyAlertAsync' to catch a more specific allowed exception type, or rethrow the exception (https://learn.microsoft.com/dotnet/fundamentals/code-analysis/quality-rules/ca1031) [/home/runner/work/trading-bot-c-/trading-bot-c-/src/BotCore/BotCore.csproj]
/home/runner/work/trading-bot-c-/trading-bot-c-/src/BotCore/Market/RedundantDataFeedManager.cs(638,13): error CA1848: For improved performance, use the LoggerMessage delegates instead of calling 'LoggerExtensions.LogDebug(ILogger, string?, params object?[])' (https://learn.microsoft.com/dotnet/fundamentals/code-analysis/quality-rules/ca1848) [/home/runner/work/trading-bot-c-/trading-bot-c-/src/BotCore/BotCore.csproj]
/home/runner/work/trading-bot-c-/trading-bot-c-/src/BotCore/Market/RedundantDataFeedManager.cs(642,13): error CA1848: For improved performance, use the LoggerMessage delegates instead of calling 'LoggerExtensions.LogError(ILogger, Exception?, string?, params object?[])' (https://learn.microsoft.com/dotnet/fundamentals/code-analysis/quality-rules/ca1848) [/home/runner/work/trading-bot-c-/trading-bot-c-/src/BotCore/BotCore.csproj]
/home/runner/work/trading-bot-c-/trading-bot-c-/src/BotCore/Market/RedundantDataFeedManager.cs(640,9): error CA1031: Modify 'StoreConsistencyAlert' to catch a more specific allowed exception type, or rethrow the exception (https://learn.microsoft.com/dotnet/fundamentals/code-analysis/quality-rules/ca1031) [/home/runner/work/trading-bot-c-/trading-bot-c-/src/BotCore/BotCore.csproj]
/home/runner/work/trading-bot-c-/trading-bot-c-/src/BotCore/Features/LiquidityAbsorptionResolver.cs(118,17): error CA1848: For improved performance, use the LoggerMessage delegates instead of calling 'LoggerExtensions.LogError(ILogger, string?, params object?[])' (https://learn.microsoft.com/dotnet/fundamentals/code-analysis/quality-rules/ca1848) [/home/runner/work/trading-bot-c-/trading-bot-c-/src/BotCore/BotCore.csproj]
/home/runner/work/trading-bot-c-/trading-bot-c-/src/BotCore/Features/LiquidityAbsorptionResolver.cs(126,17): error CA1848: For improved performance, use the LoggerMessage delegates instead of calling 'LoggerExtensions.LogWarning(ILogger, string?, params object?[])' (https://learn.microsoft.com/dotnet/fundamentals/code-analysis/quality-rules/ca1848) [/home/runner/work/trading-bot-c-/trading-bot-c-/src/BotCore/BotCore.csproj]
/home/runner/work/trading-bot-c-/trading-bot-c-/src/BotCore/Config/ParamStore.cs(273,17): error CA1848: For improved performance, use the LoggerMessage delegates instead of calling 'LoggerExtensions.LogInformation(ILogger, string?, params object?[])' (https://learn.microsoft.com/dotnet/fundamentals/code-analysis/quality-rules/ca1848) [/home/runner/work/trading-bot-c-/trading-bot-c-/src/BotCore/BotCore.csproj]
/home/runner/work/trading-bot-c-/trading-bot-c-/src/BotCore/CloudDataUploader.cs(348,25): error CA1848: For improved performance, use the LoggerMessage delegates instead of calling 'LoggerExtensions.LogDebug(ILogger, string?, params object?[])' (https://learn.microsoft.com/dotnet/fundamentals/code-analysis/quality-rules/ca1848) [/home/runner/work/trading-bot-c-/trading-bot-c-/src/BotCore/BotCore.csproj]
/home/runner/work/trading-bot-c-/trading-bot-c-/src/BotCore/CloudDataUploader.cs(354,17): error CA1848: For improved performance, use the LoggerMessage delegates instead of calling 'LoggerExtensions.LogWarning(ILogger, Exception?, string?, params object?[])' (https://learn.microsoft.com/dotnet/fundamentals/code-analysis/quality-rules/ca1848) [/home/runner/work/trading-bot-c-/trading-bot-c-/src/BotCore/BotCore.csproj]
/home/runner/work/trading-bot-c-/trading-bot-c-/src/BotCore/CloudDataUploader.cs(358,17): error CA1848: For improved performance, use the LoggerMessage delegates instead of calling 'LoggerExtensions.LogWarning(ILogger, Exception?, string?, params object?[])' (https://learn.microsoft.com/dotnet/fundamentals/code-analysis/quality-rules/ca1848) [/home/runner/work/trading-bot-c-/trading-bot-c-/src/BotCore/BotCore.csproj]
/home/runner/work/trading-bot-c-/trading-bot-c-/src/BotCore/Market/RedundantDataFeedManager.cs(662,21): error CA1848: For improved performance, use the LoggerMessage delegates instead of calling 'LoggerExtensions.LogWarning(ILogger, string?, params object?[])' (https://learn.microsoft.com/dotnet/fundamentals/code-analysis/quality-rules/ca1848) [/home/runner/work/trading-bot-c-/trading-bot-c-/src/BotCore/BotCore.csproj]
/home/runner/work/trading-bot-c-/trading-bot-c-/src/BotCore/Market/RedundantDataFeedManager.cs(674,13): error CA1848: For improved performance, use the LoggerMessage delegates instead of calling 'LoggerExtensions.LogError(ILogger, Exception?, string?, params object?[])' (https://learn.microsoft.com/dotnet/fundamentals/code-analysis/quality-rules/ca1848) [/home/runner/work/trading-bot-c-/trading-bot-c-/src/BotCore/BotCore.csproj]
/home/runner/work/trading-bot-c-/trading-bot-c-/src/BotCore/Market/RedundantDataFeedManager.cs(672,9): error CA1031: Modify 'ConsiderFeedFailoverAsync' to catch a more specific allowed exception type, or rethrow the exception (https://learn.microsoft.com/dotnet/fundamentals/code-analysis/quality-rules/ca1031) [/home/runner/work/trading-bot-c-/trading-bot-c-/src/BotCore/BotCore.csproj]
/home/runner/work/trading-bot-c-/trading-bot-c-/src/BotCore/Market/RedundantDataFeedManager.cs(733,13): error CA1848: For improved performance, use the LoggerMessage delegates instead of calling 'LoggerExtensions.LogInformation(ILogger, string?, params object?[])' (https://learn.microsoft.com/dotnet/fundamentals/code-analysis/quality-rules/ca1848) [/home/runner/work/trading-bot-c-/trading-bot-c-/src/BotCore/BotCore.csproj]
/home/runner/work/trading-bot-c-/trading-bot-c-/src/BotCore/Market/RedundantDataFeedManager.cs(754,17): error CA1848: For improved performance, use the LoggerMessage delegates instead of calling 'LoggerExtensions.LogError(ILogger, Exception?, string?, params object?[])' (https://learn.microsoft.com/dotnet/fundamentals/code-analysis/quality-rules/ca1848) [/home/runner/work/trading-bot-c-/trading-bot-c-/src/BotCore/BotCore.csproj]
/home/runner/work/trading-bot-c-/trading-bot-c-/src/BotCore/Config/ParamStore.cs(305,58): error CA1869: Avoid creating a new 'JsonSerializerOptions' instance for every serialization operation. Cache and reuse instances instead. (https://learn.microsoft.com/dotnet/fundamentals/code-analysis/quality-rules/ca1869) [/home/runner/work/trading-bot-c-/trading-bot-c-/src/BotCore/BotCore.csproj]
/home/runner/work/trading-bot-c-/trading-bot-c-/src/BotCore/Market/RedundantDataFeedManager.cs(752,13): error CA1031: Modify 'Dispose' to catch a more specific allowed exception type, or rethrow the exception (https://learn.microsoft.com/dotnet/fundamentals/code-analysis/quality-rules/ca1031) [/home/runner/work/trading-bot-c-/trading-bot-c-/src/BotCore/BotCore.csproj]
/home/runner/work/trading-bot-c-/trading-bot-c-/src/BotCore/Config/ParamStore.cs(339,17): error CA1848: For improved performance, use the LoggerMessage delegates instead of calling 'LoggerExtensions.LogInformation(ILogger, string?, params object?[])' (https://learn.microsoft.com/dotnet/fundamentals/code-analysis/quality-rules/ca1848) [/home/runner/work/trading-bot-c-/trading-bot-c-/src/BotCore/BotCore.csproj]
/home/runner/work/trading-bot-c-/trading-bot-c-/src/BotCore/Market/EconomicEventManager.cs(53,9): error CA1848: For improved performance, use the LoggerMessage delegates instead of calling 'LoggerExtensions.LogInformation(ILogger, string?, params object?[])' (https://learn.microsoft.com/dotnet/fundamentals/code-analysis/quality-rules/ca1848) [/home/runner/work/trading-bot-c-/trading-bot-c-/src/BotCore/BotCore.csproj]
/home/runner/work/trading-bot-c-/trading-bot-c-/src/BotCore/Market/EconomicEventManager.cs(106,13): error CA1848: For improved performance, use the LoggerMessage delegates instead of calling 'LoggerExtensions.LogDebug(ILogger, string?, params object?[])' (https://learn.microsoft.com/dotnet/fundamentals/code-analysis/quality-rules/ca1848) [/home/runner/work/trading-bot-c-/trading-bot-c-/src/BotCore/BotCore.csproj]
/home/runner/work/trading-bot-c-/trading-bot-c-/src/BotCore/Market/EconomicEventManager.cs(60,13): error CA1848: For improved performance, use the LoggerMessage delegates instead of calling 'LoggerExtensions.LogWarning(ILogger, string?, params object?[])' (https://learn.microsoft.com/dotnet/fundamentals/code-analysis/quality-rules/ca1848) [/home/runner/work/trading-bot-c-/trading-bot-c-/src/BotCore/BotCore.csproj]
/home/runner/work/trading-bot-c-/trading-bot-c-/src/BotCore/Market/EconomicEventManager.cs(66,13): error CA1848: For improved performance, use the LoggerMessage delegates instead of calling 'LoggerExtensions.LogInformation(ILogger, string?, params object?[])' (https://learn.microsoft.com/dotnet/fundamentals/code-analysis/quality-rules/ca1848) [/home/runner/work/trading-bot-c-/trading-bot-c-/src/BotCore/BotCore.csproj]
/home/runner/work/trading-bot-c-/trading-bot-c-/src/BotCore/Market/EconomicEventManager.cs(76,13): error CA1848: For improved performance, use the LoggerMessage delegates instead of calling 'LoggerExtensions.LogInformation(ILogger, string?, params object?[])' (https://learn.microsoft.com/dotnet/fundamentals/code-analysis/quality-rules/ca1848) [/home/runner/work/trading-bot-c-/trading-bot-c-/src/BotCore/BotCore.csproj]
/home/runner/work/trading-bot-c-/trading-bot-c-/src/BotCore/Market/EconomicEventManager.cs(80,13): error CA1848: For improved performance, use the LoggerMessage delegates instead of calling 'LoggerExtensions.LogError(ILogger, Exception?, string?, params object?[])' (https://learn.microsoft.com/dotnet/fundamentals/code-analysis/quality-rules/ca1848) [/home/runner/work/trading-bot-c-/trading-bot-c-/src/BotCore/BotCore.csproj]
/home/runner/work/trading-bot-c-/trading-bot-c-/src/BotCore/Market/EconomicEventManager.cs(85,13): error CA1848: For improved performance, use the LoggerMessage delegates instead of calling 'LoggerExtensions.LogError(ILogger, Exception?, string?, params object?[])' (https://learn.microsoft.com/dotnet/fundamentals/code-analysis/quality-rules/ca1848) [/home/runner/work/trading-bot-c-/trading-bot-c-/src/BotCore/BotCore.csproj]
/home/runner/work/trading-bot-c-/trading-bot-c-/src/BotCore/Market/EconomicEventManager.cs(90,13): error CA1848: For improved performance, use the LoggerMessage delegates instead of calling 'LoggerExtensions.LogError(ILogger, Exception?, string?, params object?[])' (https://learn.microsoft.com/dotnet/fundamentals/code-analysis/quality-rules/ca1848) [/home/runner/work/trading-bot-c-/trading-bot-c-/src/BotCore/BotCore.csproj]
/home/runner/work/trading-bot-c-/trading-bot-c-/src/BotCore/Market/EconomicEventManager.cs(122,13): error CA1848: For improved performance, use the LoggerMessage delegates instead of calling 'LoggerExtensions.LogDebug(ILogger, string?, params object?[])' (https://learn.microsoft.com/dotnet/fundamentals/code-analysis/quality-rules/ca1848) [/home/runner/work/trading-bot-c-/trading-bot-c-/src/BotCore/BotCore.csproj]
/home/runner/work/trading-bot-c-/trading-bot-c-/src/BotCore/Brain/UnifiedTradingBrain.cs(619,42): error S1541: The Cyclomatic Complexity of this method is 30 which is greater than 10 authorized. (https://rules.sonarsource.com/csharp/RSPEC-1541) [/home/runner/work/trading-bot-c-/trading-bot-c-/src/BotCore/BotCore.csproj]
/home/runner/work/trading-bot-c-/trading-bot-c-/src/BotCore/Market/EconomicEventManager.cs(135,13): error CA1848: For improved performance, use the LoggerMessage delegates instead of calling 'LoggerExtensions.LogInformation(ILogger, string?, params object?[])' (https://learn.microsoft.com/dotnet/fundamentals/code-analysis/quality-rules/ca1848) [/home/runner/work/trading-bot-c-/trading-bot-c-/src/BotCore/BotCore.csproj]
/home/runner/work/trading-bot-c-/trading-bot-c-/src/BotCore/Market/EconomicEventManager.cs(149,13): error CA1848: For improved performance, use the LoggerMessage delegates instead of calling 'LoggerExtensions.LogWarning(ILogger, string?, params object?[])' (https://learn.microsoft.com/dotnet/fundamentals/code-analysis/quality-rules/ca1848) [/home/runner/work/trading-bot-c-/trading-bot-c-/src/BotCore/BotCore.csproj]
/home/runner/work/trading-bot-c-/trading-bot-c-/src/BotCore/Brain/UnifiedTradingBrain.cs(619,42): error S138: This method 'MakeIntelligentDecisionAsync' has 196 lines, which is greater than the 80 lines authorized. Split it into smaller methods. (https://rules.sonarsource.com/csharp/RSPEC-138) [/home/runner/work/trading-bot-c-/trading-bot-c-/src/BotCore/BotCore.csproj]
/home/runner/work/trading-bot-c-/trading-bot-c-/src/BotCore/Market/EconomicEventManager.cs(165,17): error CA1848: For improved performance, use the LoggerMessage delegates instead of calling 'LoggerExtensions.LogInformation(ILogger, string?, params object?[])' (https://learn.microsoft.com/dotnet/fundamentals/code-analysis/quality-rules/ca1848) [/home/runner/work/trading-bot-c-/trading-bot-c-/src/BotCore/BotCore.csproj]
/home/runner/work/trading-bot-c-/trading-bot-c-/src/BotCore/Brain/UnifiedTradingBrain.cs(876,27): error S1541: The Cyclomatic Complexity of this method is 25 which is greater than 10 authorized. (https://rules.sonarsource.com/csharp/RSPEC-1541) [/home/runner/work/trading-bot-c-/trading-bot-c-/src/BotCore/BotCore.csproj]
/home/runner/work/trading-bot-c-/trading-bot-c-/src/BotCore/Brain/UnifiedTradingBrain.cs(835,25): error CA1848: For improved performance, use the LoggerMessage delegates instead of calling 'LoggerExtensions.LogTrace(ILogger, string?, params object?[])' (https://learn.microsoft.com/dotnet/fundamentals/code-analysis/quality-rules/ca1848) [/home/runner/work/trading-bot-c-/trading-bot-c-/src/BotCore/BotCore.csproj]
/home/runner/work/trading-bot-c-/trading-bot-c-/src/BotCore/Market/EconomicEventManager.cs(188,13): error CA1848: For improved performance, use the LoggerMessage delegates instead of calling 'LoggerExtensions.LogInformation(ILogger, string?, params object?[])' (https://learn.microsoft.com/dotnet/fundamentals/code-analysis/quality-rules/ca1848) [/home/runner/work/trading-bot-c-/trading-bot-c-/src/BotCore/BotCore.csproj]
/home/runner/work/trading-bot-c-/trading-bot-c-/src/BotCore/Market/EconomicEventManager.cs(194,13): error CA1848: For improved performance, use the LoggerMessage delegates instead of calling 'LoggerExtensions.LogInformation(ILogger, string?, params object?[])' (https://learn.microsoft.com/dotnet/fundamentals/code-analysis/quality-rules/ca1848) [/home/runner/work/trading-bot-c-/trading-bot-c-/src/BotCore/BotCore.csproj]
/home/runner/work/trading-bot-c-/trading-bot-c-/src/BotCore/Market/EconomicEventManager.cs(198,13): error CA1848: For improved performance, use the LoggerMessage delegates instead of calling 'LoggerExtensions.LogError(ILogger, Exception?, string?, params object?[])' (https://learn.microsoft.com/dotnet/fundamentals/code-analysis/quality-rules/ca1848) [/home/runner/work/trading-bot-c-/trading-bot-c-/src/BotCore/BotCore.csproj]
/home/runner/work/trading-bot-c-/trading-bot-c-/src/BotCore/Market/EconomicEventManager.cs(202,13): error CA1848: For improved performance, use the LoggerMessage delegates instead of calling 'LoggerExtensions.LogError(ILogger, Exception?, string?, params object?[])' (https://learn.microsoft.com/dotnet/fundamentals/code-analysis/quality-rules/ca1848) [/home/runner/work/trading-bot-c-/trading-bot-c-/src/BotCore/BotCore.csproj]
/home/runner/work/trading-bot-c-/trading-bot-c-/src/BotCore/Market/EconomicEventManager.cs(219,13): error CA1848: For improved performance, use the LoggerMessage delegates instead of calling 'LoggerExtensions.LogInformation(ILogger, string?, params object?[])' (https://learn.microsoft.com/dotnet/fundamentals/code-analysis/quality-rules/ca1848) [/home/runner/work/trading-bot-c-/trading-bot-c-/src/BotCore/BotCore.csproj]
/home/runner/work/trading-bot-c-/trading-bot-c-/src/BotCore/Market/EconomicEventManager.cs(223,13): error CA1848: For improved performance, use the LoggerMessage delegates instead of calling 'LoggerExtensions.LogError(ILogger, Exception?, string?, params object?[])' (https://learn.microsoft.com/dotnet/fundamentals/code-analysis/quality-rules/ca1848) [/home/runner/work/trading-bot-c-/trading-bot-c-/src/BotCore/BotCore.csproj]
/home/runner/work/trading-bot-c-/trading-bot-c-/src/BotCore/Market/EconomicEventManager.cs(227,13): error CA1848: For improved performance, use the LoggerMessage delegates instead of calling 'LoggerExtensions.LogError(ILogger, Exception?, string?, params object?[])' (https://learn.microsoft.com/dotnet/fundamentals/code-analysis/quality-rules/ca1848) [/home/runner/work/trading-bot-c-/trading-bot-c-/src/BotCore/BotCore.csproj]
/home/runner/work/trading-bot-c-/trading-bot-c-/src/BotCore/Market/EconomicEventManager.cs(231,13): error CA1848: For improved performance, use the LoggerMessage delegates instead of calling 'LoggerExtensions.LogError(ILogger, Exception?, string?, params object?[])' (https://learn.microsoft.com/dotnet/fundamentals/code-analysis/quality-rules/ca1848) [/home/runner/work/trading-bot-c-/trading-bot-c-/src/BotCore/BotCore.csproj]
/home/runner/work/trading-bot-c-/trading-bot-c-/src/BotCore/Market/EconomicEventManager.cs(250,21): error CA1848: For improved performance, use the LoggerMessage delegates instead of calling 'LoggerExtensions.LogInformation(ILogger, string?, params object?[])' (https://learn.microsoft.com/dotnet/fundamentals/code-analysis/quality-rules/ca1848) [/home/runner/work/trading-bot-c-/trading-bot-c-/src/BotCore/BotCore.csproj]
/home/runner/work/trading-bot-c-/trading-bot-c-/src/BotCore/Market/EconomicEventManager.cs(278,13): error CA1848: For improved performance, use the LoggerMessage delegates instead of calling 'LoggerExtensions.LogInformation(ILogger, string?, params object?[])' (https://learn.microsoft.com/dotnet/fundamentals/code-analysis/quality-rules/ca1848) [/home/runner/work/trading-bot-c-/trading-bot-c-/src/BotCore/BotCore.csproj]
/home/runner/work/trading-bot-c-/trading-bot-c-/src/BotCore/Market/EconomicEventManager.cs(282,13): error CA1848: For improved performance, use the LoggerMessage delegates instead of calling 'LoggerExtensions.LogWarning(ILogger, Exception?, string?, params object?[])' (https://learn.microsoft.com/dotnet/fundamentals/code-analysis/quality-rules/ca1848) [/home/runner/work/trading-bot-c-/trading-bot-c-/src/BotCore/BotCore.csproj]
/home/runner/work/trading-bot-c-/trading-bot-c-/src/BotCore/Market/EconomicEventManager.cs(287,13): error CA1848: For improved performance, use the LoggerMessage delegates instead of calling 'LoggerExtensions.LogWarning(ILogger, Exception?, string?, params object?[])' (https://learn.microsoft.com/dotnet/fundamentals/code-analysis/quality-rules/ca1848) [/home/runner/work/trading-bot-c-/trading-bot-c-/src/BotCore/BotCore.csproj]
/home/runner/work/trading-bot-c-/trading-bot-c-/src/BotCore/Market/EconomicEventManager.cs(292,13): error CA1848: For improved performance, use the LoggerMessage delegates instead of calling 'LoggerExtensions.LogWarning(ILogger, Exception?, string?, params object?[])' (https://learn.microsoft.com/dotnet/fundamentals/code-analysis/quality-rules/ca1848) [/home/runner/work/trading-bot-c-/trading-bot-c-/src/BotCore/BotCore.csproj]
/home/runner/work/trading-bot-c-/trading-bot-c-/src/BotCore/Market/EconomicEventManager.cs(303,9): error CA1848: For improved performance, use the LoggerMessage delegates instead of calling 'LoggerExtensions.LogInformation(ILogger, string?, params object?[])' (https://learn.microsoft.com/dotnet/fundamentals/code-analysis/quality-rules/ca1848) [/home/runner/work/trading-bot-c-/trading-bot-c-/src/BotCore/BotCore.csproj]
/home/runner/work/trading-bot-c-/trading-bot-c-/src/BotCore/Brain/UnifiedTradingBrain.cs(1037,29): error CA1848: For improved performance, use the LoggerMessage delegates instead of calling 'LoggerExtensions.LogTrace(ILogger, string?, params object?[])' (https://learn.microsoft.com/dotnet/fundamentals/code-analysis/quality-rules/ca1848) [/home/runner/work/trading-bot-c-/trading-bot-c-/src/BotCore/BotCore.csproj]
/home/runner/work/trading-bot-c-/trading-bot-c-/src/BotCore/Brain/UnifiedTradingBrain.cs(1042,29): error CA1848: For improved performance, use the LoggerMessage delegates instead of calling 'LoggerExtensions.LogWarning(ILogger, Exception?, string?, params object?[])' (https://learn.microsoft.com/dotnet/fundamentals/code-analysis/quality-rules/ca1848) [/home/runner/work/trading-bot-c-/trading-bot-c-/src/BotCore/BotCore.csproj]
/home/runner/work/trading-bot-c-/trading-bot-c-/src/BotCore/Brain/UnifiedTradingBrain.cs(1046,29): error CA1848: For improved performance, use the LoggerMessage delegates instead of calling 'LoggerExtensions.LogWarning(ILogger, Exception?, string?, params object?[])' (https://learn.microsoft.com/dotnet/fundamentals/code-analysis/quality-rules/ca1848) [/home/runner/work/trading-bot-c-/trading-bot-c-/src/BotCore/BotCore.csproj]
/home/runner/work/trading-bot-c-/trading-bot-c-/src/BotCore/Brain/UnifiedTradingBrain.cs(1050,29): error CA1848: For improved performance, use the LoggerMessage delegates instead of calling 'LoggerExtensions.LogWarning(ILogger, Exception?, string?, params object?[])' (https://learn.microsoft.com/dotnet/fundamentals/code-analysis/quality-rules/ca1848) [/home/runner/work/trading-bot-c-/trading-bot-c-/src/BotCore/BotCore.csproj]
/home/runner/work/trading-bot-c-/trading-bot-c-/src/BotCore/Market/EconomicEventManager.cs(314,13): error CA1848: For improved performance, use the LoggerMessage delegates instead of calling 'LoggerExtensions.LogInformation(ILogger, string?, params object?[])' (https://learn.microsoft.com/dotnet/fundamentals/code-analysis/quality-rules/ca1848) [/home/runner/work/trading-bot-c-/trading-bot-c-/src/BotCore/BotCore.csproj]
/home/runner/work/trading-bot-c-/trading-bot-c-/src/BotCore/Market/EconomicEventManager.cs(319,13): error CA1848: For improved performance, use the LoggerMessage delegates instead of calling 'LoggerExtensions.LogError(ILogger, Exception?, string?, params object?[])' (https://learn.microsoft.com/dotnet/fundamentals/code-analysis/quality-rules/ca1848) [/home/runner/work/trading-bot-c-/trading-bot-c-/src/BotCore/BotCore.csproj]
/home/runner/work/trading-bot-c-/trading-bot-c-/src/BotCore/Market/EconomicEventManager.cs(324,13): error CA1848: For improved performance, use the LoggerMessage delegates instead of calling 'LoggerExtensions.LogError(ILogger, Exception?, string?, params object?[])' (https://learn.microsoft.com/dotnet/fundamentals/code-analysis/quality-rules/ca1848) [/home/runner/work/trading-bot-c-/trading-bot-c-/src/BotCore/BotCore.csproj]
/home/runner/work/trading-bot-c-/trading-bot-c-/src/BotCore/Market/EconomicEventManager.cs(329,45): error S1541: The Cyclomatic Complexity of this method is 15 which is greater than 10 authorized. (https://rules.sonarsource.com/csharp/RSPEC-1541) [/home/runner/work/trading-bot-c-/trading-bot-c-/src/BotCore/BotCore.csproj]
/home/runner/work/trading-bot-c-/trading-bot-c-/src/BotCore/Strategy/S3Strategy.cs(905,44): error S1541: The Cyclomatic Complexity of this method is 163 which is greater than 10 authorized. (https://rules.sonarsource.com/csharp/RSPEC-1541) [/home/runner/work/trading-bot-c-/trading-bot-c-/src/BotCore/BotCore.csproj]
/home/runner/work/trading-bot-c-/trading-bot-c-/src/BotCore/Strategy/S3Strategy.cs(905,44): error S138: This method 'Load' has 148 lines, which is greater than the 80 lines authorized. Split it into smaller methods. (https://rules.sonarsource.com/csharp/RSPEC-138) [/home/runner/work/trading-bot-c-/trading-bot-c-/src/BotCore/BotCore.csproj]
/home/runner/work/trading-bot-c-/trading-bot-c-/src/BotCore/Market/EconomicEventManager.cs(396,21): error CA1848: For improved performance, use the LoggerMessage delegates instead of calling 'LoggerExtensions.LogWarning(ILogger, Exception?, string?, params object?[])' (https://learn.microsoft.com/dotnet/fundamentals/code-analysis/quality-rules/ca1848) [/home/runner/work/trading-bot-c-/trading-bot-c-/src/BotCore/BotCore.csproj]
/home/runner/work/trading-bot-c-/trading-bot-c-/src/BotCore/Market/EconomicEventManager.cs(400,13): error CA1848: For improved performance, use the LoggerMessage delegates instead of calling 'LoggerExtensions.LogInformation(ILogger, string?, params object?[])' (https://learn.microsoft.com/dotnet/fundamentals/code-analysis/quality-rules/ca1848) [/home/runner/work/trading-bot-c-/trading-bot-c-/src/BotCore/BotCore.csproj]
/home/runner/work/trading-bot-c-/trading-bot-c-/src/BotCore/Market/EconomicEventManager.cs(405,13): error CA1848: For improved performance, use the LoggerMessage delegates instead of calling 'LoggerExtensions.LogError(ILogger, Exception?, string?, params object?[])' (https://learn.microsoft.com/dotnet/fundamentals/code-analysis/quality-rules/ca1848) [/home/runner/work/trading-bot-c-/trading-bot-c-/src/BotCore/BotCore.csproj]
/home/runner/work/trading-bot-c-/trading-bot-c-/src/BotCore/Market/EconomicEventManager.cs(410,13): error CA1848: For improved performance, use the LoggerMessage delegates instead of calling 'LoggerExtensions.LogError(ILogger, Exception?, string?, params object?[])' (https://learn.microsoft.com/dotnet/fundamentals/code-analysis/quality-rules/ca1848) [/home/runner/work/trading-bot-c-/trading-bot-c-/src/BotCore/BotCore.csproj]
/home/runner/work/trading-bot-c-/trading-bot-c-/src/BotCore/Market/EconomicEventManager.cs(394,17): error CA1031: Modify 'LoadFromForexFactoryAsync' to catch a more specific allowed exception type, or rethrow the exception (https://learn.microsoft.com/dotnet/fundamentals/code-analysis/quality-rules/ca1031) [/home/runner/work/trading-bot-c-/trading-bot-c-/src/BotCore/BotCore.csproj]
/home/runner/work/trading-bot-c-/trading-bot-c-/src/BotCore/Brain/UnifiedTradingBrain.cs(1137,36): error S1541: The Cyclomatic Complexity of this method is 35 which is greater than 10 authorized. (https://rules.sonarsource.com/csharp/RSPEC-1541) [/home/runner/work/trading-bot-c-/trading-bot-c-/src/BotCore/BotCore.csproj]
/home/runner/work/trading-bot-c-/trading-bot-c-/src/BotCore/Brain/UnifiedTradingBrain.cs(1137,36): error S138: This method 'ThinkAboutDecisionAsync' has 174 lines, which is greater than the 80 lines authorized. Split it into smaller methods. (https://rules.sonarsource.com/csharp/RSPEC-138) [/home/runner/work/trading-bot-c-/trading-bot-c-/src/BotCore/BotCore.csproj]
/home/runner/work/trading-bot-c-/trading-bot-c-/src/BotCore/Brain/UnifiedTradingBrain.cs(1166,33): error CA1848: For improved performance, use the LoggerMessage delegates instead of calling 'LoggerExtensions.LogTrace(ILogger, string?, params object?[])' (https://learn.microsoft.com/dotnet/fundamentals/code-analysis/quality-rules/ca1848) [/home/runner/work/trading-bot-c-/trading-bot-c-/src/BotCore/BotCore.csproj]
/home/runner/work/trading-bot-c-/trading-bot-c-/src/BotCore/Brain/UnifiedTradingBrain.cs(1182,29): error CA1848: For improved performance, use the LoggerMessage delegates instead of calling 'LoggerExtensions.LogWarning(ILogger, string?, params object?[])' (https://learn.microsoft.com/dotnet/fundamentals/code-analysis/quality-rules/ca1848) [/home/runner/work/trading-bot-c-/trading-bot-c-/src/BotCore/BotCore.csproj]
/home/runner/work/trading-bot-c-/trading-bot-c-/src/BotCore/Brain/UnifiedTradingBrain.cs(1187,25): error CA1848: For improved performance, use the LoggerMessage delegates instead of calling 'LoggerExtensions.LogWarning(ILogger, Exception?, string?, params object?[])' (https://learn.microsoft.com/dotnet/fundamentals/code-analysis/quality-rules/ca1848) [/home/runner/work/trading-bot-c-/trading-bot-c-/src/BotCore/BotCore.csproj]
/home/runner/work/trading-bot-c-/trading-bot-c-/src/BotCore/Brain/UnifiedTradingBrain.cs(1191,25): error CA1848: For improved performance, use the LoggerMessage delegates instead of calling 'LoggerExtensions.LogWarning(ILogger, Exception?, string?, params object?[])' (https://learn.microsoft.com/dotnet/fundamentals/code-analysis/quality-rules/ca1848) [/home/runner/work/trading-bot-c-/trading-bot-c-/src/BotCore/BotCore.csproj]
/home/runner/work/trading-bot-c-/trading-bot-c-/src/BotCore/Brain/UnifiedTradingBrain.cs(1195,25): error CA1848: For improved performance, use the LoggerMessage delegates instead of calling 'LoggerExtensions.LogWarning(ILogger, Exception?, string?, params object?[])' (https://learn.microsoft.com/dotnet/fundamentals/code-analysis/quality-rules/ca1848) [/home/runner/work/trading-bot-c-/trading-bot-c-/src/BotCore/BotCore.csproj]
/home/runner/work/trading-bot-c-/trading-bot-c-/src/BotCore/Brain/UnifiedTradingBrain.cs(1290,25): error CA1848: For improved performance, use the LoggerMessage delegates instead of calling 'LoggerExtensions.LogWarning(ILogger, Exception?, string?, params object?[])' (https://learn.microsoft.com/dotnet/fundamentals/code-analysis/quality-rules/ca1848) [/home/runner/work/trading-bot-c-/trading-bot-c-/src/BotCore/BotCore.csproj]
/home/runner/work/trading-bot-c-/trading-bot-c-/src/BotCore/Brain/UnifiedTradingBrain.cs(1294,25): error CA1848: For improved performance, use the LoggerMessage delegates instead of calling 'LoggerExtensions.LogWarning(ILogger, Exception?, string?, params object?[])' (https://learn.microsoft.com/dotnet/fundamentals/code-analysis/quality-rules/ca1848) [/home/runner/work/trading-bot-c-/trading-bot-c-/src/BotCore/BotCore.csproj]
/home/runner/work/trading-bot-c-/trading-bot-c-/src/BotCore/Brain/UnifiedTradingBrain.cs(1298,25): error CA1848: For improved performance, use the LoggerMessage delegates instead of calling 'LoggerExtensions.LogWarning(ILogger, Exception?, string?, params object?[])' (https://learn.microsoft.com/dotnet/fundamentals/code-analysis/quality-rules/ca1848) [/home/runner/work/trading-bot-c-/trading-bot-c-/src/BotCore/BotCore.csproj]
/home/runner/work/trading-bot-c-/trading-bot-c-/src/BotCore/Market/EconomicEventManager.cs(527,21): error CA1848: For improved performance, use the LoggerMessage delegates instead of calling 'LoggerExtensions.LogWarning(ILogger, string?, params object?[])' (https://learn.microsoft.com/dotnet/fundamentals/code-analysis/quality-rules/ca1848) [/home/runner/work/trading-bot-c-/trading-bot-c-/src/BotCore/BotCore.csproj]
/home/runner/work/trading-bot-c-/trading-bot-c-/src/BotCore/Market/EconomicEventManager.cs(543,13): error CA1848: For improved performance, use the LoggerMessage delegates instead of calling 'LoggerExtensions.LogError(ILogger, Exception?, string?, params object?[])' (https://learn.microsoft.com/dotnet/fundamentals/code-analysis/quality-rules/ca1848) [/home/runner/work/trading-bot-c-/trading-bot-c-/src/BotCore/BotCore.csproj]
/home/runner/work/trading-bot-c-/trading-bot-c-/src/BotCore/Market/EconomicEventManager.cs(547,13): error CA1848: For improved performance, use the LoggerMessage delegates instead of calling 'LoggerExtensions.LogError(ILogger, Exception?, string?, params object?[])' (https://learn.microsoft.com/dotnet/fundamentals/code-analysis/quality-rules/ca1848) [/home/runner/work/trading-bot-c-/trading-bot-c-/src/BotCore/BotCore.csproj]
/home/runner/work/trading-bot-c-/trading-bot-c-/src/BotCore/Brain/UnifiedTradingBrain.cs(1343,36): error S1541: The Cyclomatic Complexity of this method is 11 which is greater than 10 authorized. (https://rules.sonarsource.com/csharp/RSPEC-1541) [/home/runner/work/trading-bot-c-/trading-bot-c-/src/BotCore/BotCore.csproj]
/home/runner/work/trading-bot-c-/trading-bot-c-/src/BotCore/Brain/UnifiedTradingBrain.cs(1343,36): error S138: This method 'ReflectOnOutcomeAsync' has 86 lines, which is greater than the 80 lines authorized. Split it into smaller methods. (https://rules.sonarsource.com/csharp/RSPEC-138) [/home/runner/work/trading-bot-c-/trading-bot-c-/src/BotCore/BotCore.csproj]
/home/runner/work/trading-bot-c-/trading-bot-c-/src/BotCore/Market/EconomicEventManager.cs(605,21): error CA1848: For improved performance, use the LoggerMessage delegates instead of calling 'LoggerExtensions.LogInformation(ILogger, string?, params object?[])' (https://learn.microsoft.com/dotnet/fundamentals/code-analysis/quality-rules/ca1848) [/home/runner/work/trading-bot-c-/trading-bot-c-/src/BotCore/BotCore.csproj]
/home/runner/work/trading-bot-c-/trading-bot-c-/src/BotCore/Market/EconomicEventManager.cs(620,13): error CA1848: For improved performance, use the LoggerMessage delegates instead of calling 'LoggerExtensions.LogError(ILogger, Exception?, string?, params object?[])' (https://learn.microsoft.com/dotnet/fundamentals/code-analysis/quality-rules/ca1848) [/home/runner/work/trading-bot-c-/trading-bot-c-/src/BotCore/BotCore.csproj]
/home/runner/work/trading-bot-c-/trading-bot-c-/src/BotCore/Market/EconomicEventManager.cs(624,13): error CA1848: For improved performance, use the LoggerMessage delegates instead of calling 'LoggerExtensions.LogError(ILogger, Exception?, string?, params object?[])' (https://learn.microsoft.com/dotnet/fundamentals/code-analysis/quality-rules/ca1848) [/home/runner/work/trading-bot-c-/trading-bot-c-/src/BotCore/BotCore.csproj]
/home/runner/work/trading-bot-c-/trading-bot-c-/src/BotCore/Brain/UnifiedTradingBrain.cs(1387,29): error CA1848: For improved performance, use the LoggerMessage delegates instead of calling 'LoggerExtensions.LogTrace(ILogger, string?, params object?[])' (https://learn.microsoft.com/dotnet/fundamentals/code-analysis/quality-rules/ca1848) [/home/runner/work/trading-bot-c-/trading-bot-c-/src/BotCore/BotCore.csproj]
/home/runner/work/trading-bot-c-/trading-bot-c-/src/BotCore/Brain/UnifiedTradingBrain.cs(1402,25): error CA1848: For improved performance, use the LoggerMessage delegates instead of calling 'LoggerExtensions.LogWarning(ILogger, Exception?, string?, params object?[])' (https://learn.microsoft.com/dotnet/fundamentals/code-analysis/quality-rules/ca1848) [/home/runner/work/trading-bot-c-/trading-bot-c-/src/BotCore/BotCore.csproj]
/home/runner/work/trading-bot-c-/trading-bot-c-/src/BotCore/Brain/UnifiedTradingBrain.cs(1406,25): error CA1848: For improved performance, use the LoggerMessage delegates instead of calling 'LoggerExtensions.LogWarning(ILogger, Exception?, string?, params object?[])' (https://learn.microsoft.com/dotnet/fundamentals/code-analysis/quality-rules/ca1848) [/home/runner/work/trading-bot-c-/trading-bot-c-/src/BotCore/BotCore.csproj]
/home/runner/work/trading-bot-c-/trading-bot-c-/src/BotCore/Brain/UnifiedTradingBrain.cs(1410,25): error CA1848: For improved performance, use the LoggerMessage delegates instead of calling 'LoggerExtensions.LogWarning(ILogger, Exception?, string?, params object?[])' (https://learn.microsoft.com/dotnet/fundamentals/code-analysis/quality-rules/ca1848) [/home/runner/work/trading-bot-c-/trading-bot-c-/src/BotCore/BotCore.csproj]
/home/runner/work/trading-bot-c-/trading-bot-c-/src/BotCore/Market/EconomicEventManager.cs(659,13): error CA1848: For improved performance, use the LoggerMessage delegates instead of calling 'LoggerExtensions.LogWarning(ILogger, string?, params object?[])' (https://learn.microsoft.com/dotnet/fundamentals/code-analysis/quality-rules/ca1848) [/home/runner/work/trading-bot-c-/trading-bot-c-/src/BotCore/BotCore.csproj]
/home/runner/work/trading-bot-c-/trading-bot-c-/src/BotCore/Brain/UnifiedTradingBrain.cs(1491,33): error S1541: The Cyclomatic Complexity of this method is 14 which is greater than 10 authorized. (https://rules.sonarsource.com/csharp/RSPEC-1541) [/home/runner/work/trading-bot-c-/trading-bot-c-/src/BotCore/BotCore.csproj]
/home/runner/work/trading-bot-c-/trading-bot-c-/src/BotCore/Market/EconomicEventManager.cs(696,29): error CA1848: For improved performance, use the LoggerMessage delegates instead of calling 'LoggerExtensions.LogWarning(ILogger, Exception?, string?, params object?[])' (https://learn.microsoft.com/dotnet/fundamentals/code-analysis/quality-rules/ca1848) [/home/runner/work/trading-bot-c-/trading-bot-c-/src/BotCore/BotCore.csproj]
/home/runner/work/trading-bot-c-/trading-bot-c-/src/BotCore/Brain/UnifiedTradingBrain.cs(1515,36): error S1541: The Cyclomatic Complexity of this method is 13 which is greater than 10 authorized. (https://rules.sonarsource.com/csharp/RSPEC-1541) [/home/runner/work/trading-bot-c-/trading-bot-c-/src/BotCore/BotCore.csproj]
/home/runner/work/trading-bot-c-/trading-bot-c-/src/BotCore/Strategy/S3Strategy.cs(1069,32): error S1541: The Cyclomatic Complexity of this method is 144 which is greater than 10 authorized. (https://rules.sonarsource.com/csharp/RSPEC-1541) [/home/runner/work/trading-bot-c-/trading-bot-c-/src/BotCore/BotCore.csproj]
/home/runner/work/trading-bot-c-/trading-bot-c-/src/BotCore/Strategy/S3Strategy.cs(1069,32): error S138: This method 'OverrideFromJson' has 84 lines, which is greater than the 80 lines authorized. Split it into smaller methods. (https://rules.sonarsource.com/csharp/RSPEC-138) [/home/runner/work/trading-bot-c-/trading-bot-c-/src/BotCore/BotCore.csproj]
/home/runner/work/trading-bot-c-/trading-bot-c-/src/BotCore/Brain/UnifiedTradingBrain.cs(1582,47): error S1541: The Cyclomatic Complexity of this method is 17 which is greater than 10 authorized. (https://rules.sonarsource.com/csharp/RSPEC-1541) [/home/runner/work/trading-bot-c-/trading-bot-c-/src/BotCore/BotCore.csproj]
/home/runner/work/trading-bot-c-/trading-bot-c-/src/BotCore/Brain/UnifiedTradingBrain.cs(1663,39): error S1541: The Cyclomatic Complexity of this method is 12 which is greater than 10 authorized. (https://rules.sonarsource.com/csharp/RSPEC-1541) [/home/runner/work/trading-bot-c-/trading-bot-c-/src/BotCore/BotCore.csproj]
/home/runner/work/trading-bot-c-/trading-bot-c-/src/BotCore/Brain/UnifiedTradingBrain.cs(1663,39): error S138: This method 'PredictPriceDirectionAsync' has 83 lines, which is greater than the 80 lines authorized. Split it into smaller methods. (https://rules.sonarsource.com/csharp/RSPEC-138) [/home/runner/work/trading-bot-c-/trading-bot-c-/src/BotCore/BotCore.csproj]
/home/runner/work/trading-bot-c-/trading-bot-c-/src/BotCore/Strategy/S2Upg.cs(146,49): error S1541: The Cyclomatic Complexity of this method is 12 which is greater than 10 authorized. (https://rules.sonarsource.com/csharp/RSPEC-1541) [/home/runner/work/trading-bot-c-/trading-bot-c-/src/BotCore/BotCore.csproj]
/home/runner/work/trading-bot-c-/trading-bot-c-/src/BotCore/Services/IntegritySigningService.cs(35,13): error CA1848: For improved performance, use the LoggerMessage delegates instead of calling 'LoggerExtensions.LogInformation(ILogger, string?, params object?[])' (https://learn.microsoft.com/dotnet/fundamentals/code-analysis/quality-rules/ca1848) [/home/runner/work/trading-bot-c-/trading-bot-c-/src/BotCore/BotCore.csproj]
/home/runner/work/trading-bot-c-/trading-bot-c-/src/BotCore/Brain/UnifiedTradingBrain.cs(1762,37): error S1541: The Cyclomatic Complexity of this method is 18 which is greater than 10 authorized. (https://rules.sonarsource.com/csharp/RSPEC-1541) [/home/runner/work/trading-bot-c-/trading-bot-c-/src/BotCore/BotCore.csproj]
/home/runner/work/trading-bot-c-/trading-bot-c-/src/BotCore/Brain/UnifiedTradingBrain.cs(1762,37): error S138: This method 'OptimizePositionSizeAsync' has 105 lines, which is greater than the 80 lines authorized. Split it into smaller methods. (https://rules.sonarsource.com/csharp/RSPEC-138) [/home/runner/work/trading-bot-c-/trading-bot-c-/src/BotCore/BotCore.csproj]
/home/runner/work/trading-bot-c-/trading-bot-c-/src/BotCore/Brain/UnifiedTradingBrain.cs(1772,17): error CA1848: For improved performance, use the LoggerMessage delegates instead of calling 'LoggerExtensions.LogWarning(ILogger, string?, params object?[])' (https://learn.microsoft.com/dotnet/fundamentals/code-analysis/quality-rules/ca1848) [/home/runner/work/trading-bot-c-/trading-bot-c-/src/BotCore/BotCore.csproj]
/home/runner/work/trading-bot-c-/trading-bot-c-/src/BotCore/Brain/UnifiedTradingBrain.cs(1793,17): error CA1848: For improved performance, use the LoggerMessage delegates instead of calling 'LoggerExtensions.LogDebug(ILogger, string?, params object?[])' (https://learn.microsoft.com/dotnet/fundamentals/code-analysis/quality-rules/ca1848) [/home/runner/work/trading-bot-c-/trading-bot-c-/src/BotCore/BotCore.csproj]
/home/runner/work/trading-bot-c-/trading-bot-c-/src/BotCore/Brain/UnifiedTradingBrain.cs(1871,21): error CA1848: For improved performance, use the LoggerMessage delegates instead of calling 'LoggerExtensions.LogInformation(ILogger, string?, params object?[])' (https://learn.microsoft.com/dotnet/fundamentals/code-analysis/quality-rules/ca1848) [/home/runner/work/trading-bot-c-/trading-bot-c-/src/BotCore/BotCore.csproj]
/home/runner/work/trading-bot-c-/trading-bot-c-/src/BotCore/Services/IntegritySigningService.cs(47,54): error AsyncFixer02: ComputeHashAsync should be used instead of sha256.ComputeHash. (https://github.com/semihokur/AsyncFixer) [/home/runner/work/trading-bot-c-/trading-bot-c-/src/BotCore/BotCore.csproj]
/home/runner/work/trading-bot-c-/trading-bot-c-/src/BotCore/Brain/UnifiedTradingBrain.cs(1876,21): error CA1848: For improved performance, use the LoggerMessage delegates instead of calling 'LoggerExtensions.LogError(ILogger, Exception?, string?, params object?[])' (https://learn.microsoft.com/dotnet/fundamentals/code-analysis/quality-rules/ca1848) [/home/runner/work/trading-bot-c-/trading-bot-c-/src/BotCore/BotCore.csproj]
/home/runner/work/trading-bot-c-/trading-bot-c-/src/BotCore/Brain/UnifiedTradingBrain.cs(1881,21): error CA1848: For improved performance, use the LoggerMessage delegates instead of calling 'LoggerExtensions.LogError(ILogger, Exception?, string?, params object?[])' (https://learn.microsoft.com/dotnet/fundamentals/code-analysis/quality-rules/ca1848) [/home/runner/work/trading-bot-c-/trading-bot-c-/src/BotCore/BotCore.csproj]
/home/runner/work/trading-bot-c-/trading-bot-c-/src/BotCore/Brain/UnifiedTradingBrain.cs(1886,21): error CA1848: For improved performance, use the LoggerMessage delegates instead of calling 'LoggerExtensions.LogError(ILogger, Exception?, string?, params object?[])' (https://learn.microsoft.com/dotnet/fundamentals/code-analysis/quality-rules/ca1848) [/home/runner/work/trading-bot-c-/trading-bot-c-/src/BotCore/BotCore.csproj]
/home/runner/work/trading-bot-c-/trading-bot-c-/src/BotCore/Brain/UnifiedTradingBrain.cs(1904,17): error CA1848: For improved performance, use the LoggerMessage delegates instead of calling 'LoggerExtensions.LogDebug(ILogger, string?, params object?[])' (https://learn.microsoft.com/dotnet/fundamentals/code-analysis/quality-rules/ca1848) [/home/runner/work/trading-bot-c-/trading-bot-c-/src/BotCore/BotCore.csproj]
/home/runner/work/trading-bot-c-/trading-bot-c-/src/BotCore/Brain/UnifiedTradingBrain.cs(1907,13): error CA1848: For improved performance, use the LoggerMessage delegates instead of calling 'LoggerExtensions.LogDebug(ILogger, string?, params object?[])' (https://learn.microsoft.com/dotnet/fundamentals/code-analysis/quality-rules/ca1848) [/home/runner/work/trading-bot-c-/trading-bot-c-/src/BotCore/BotCore.csproj]
/home/runner/work/trading-bot-c-/trading-bot-c-/src/BotCore/Services/IntegritySigningService.cs(50,17): error CA1848: For improved performance, use the LoggerMessage delegates instead of calling 'LoggerExtensions.LogDebug(ILogger, string?, params object?[])' (https://learn.microsoft.com/dotnet/fundamentals/code-analysis/quality-rules/ca1848) [/home/runner/work/trading-bot-c-/trading-bot-c-/src/BotCore/BotCore.csproj]
/home/runner/work/trading-bot-c-/trading-bot-c-/src/BotCore/Services/IntegritySigningService.cs(57,17): error CA1848: For improved performance, use the LoggerMessage delegates instead of calling 'LoggerExtensions.LogError(ILogger, Exception?, string?, params object?[])' (https://learn.microsoft.com/dotnet/fundamentals/code-analysis/quality-rules/ca1848) [/home/runner/work/trading-bot-c-/trading-bot-c-/src/BotCore/BotCore.csproj]
/home/runner/work/trading-bot-c-/trading-bot-c-/src/BotCore/Services/IntegritySigningService.cs(75,17): error CA1848: For improved performance, use the LoggerMessage delegates instead of calling 'LoggerExtensions.LogError(ILogger, Exception?, string?, params object?[])' (https://learn.microsoft.com/dotnet/fundamentals/code-analysis/quality-rules/ca1848) [/home/runner/work/trading-bot-c-/trading-bot-c-/src/BotCore/BotCore.csproj]
/home/runner/work/trading-bot-c-/trading-bot-c-/src/BotCore/Services/IntegritySigningService.cs(117,25): error CA1848: For improved performance, use the LoggerMessage delegates instead of calling 'LoggerExtensions.LogWarning(ILogger, string?, params object?[])' (https://learn.microsoft.com/dotnet/fundamentals/code-analysis/quality-rules/ca1848) [/home/runner/work/trading-bot-c-/trading-bot-c-/src/BotCore/BotCore.csproj]
/home/runner/work/trading-bot-c-/trading-bot-c-/src/BotCore/Services/IntegritySigningService.cs(129,17): error CA1848: For improved performance, use the LoggerMessage delegates instead of calling 'LoggerExtensions.LogInformation(ILogger, string?, params object?[])' (https://learn.microsoft.com/dotnet/fundamentals/code-analysis/quality-rules/ca1848) [/home/runner/work/trading-bot-c-/trading-bot-c-/src/BotCore/BotCore.csproj]
/home/runner/work/trading-bot-c-/trading-bot-c-/src/BotCore/Services/IntegritySigningService.cs(136,17): error CA1848: For improved performance, use the LoggerMessage delegates instead of calling 'LoggerExtensions.LogError(ILogger, Exception?, string?, params object?[])' (https://learn.microsoft.com/dotnet/fundamentals/code-analysis/quality-rules/ca1848) [/home/runner/work/trading-bot-c-/trading-bot-c-/src/BotCore/BotCore.csproj]
/home/runner/work/trading-bot-c-/trading-bot-c-/src/BotCore/Brain/UnifiedTradingBrain.cs(1954,13): error CA1848: For improved performance, use the LoggerMessage delegates instead of calling 'LoggerExtensions.LogInformation(ILogger, string?, params object?[])' (https://learn.microsoft.com/dotnet/fundamentals/code-analysis/quality-rules/ca1848) [/home/runner/work/trading-bot-c-/trading-bot-c-/src/BotCore/BotCore.csproj]
/home/runner/work/trading-bot-c-/trading-bot-c-/src/BotCore/Brain/UnifiedTradingBrain.cs(1968,13): error CA1848: For improved performance, use the LoggerMessage delegates instead of calling 'LoggerExtensions.LogInformation(ILogger, string?, params object?[])' (https://learn.microsoft.com/dotnet/fundamentals/code-analysis/quality-rules/ca1848) [/home/runner/work/trading-bot-c-/trading-bot-c-/src/BotCore/BotCore.csproj]
/home/runner/work/trading-bot-c-/trading-bot-c-/src/BotCore/Services/IntegritySigningService.cs(144,55): error S138: This method 'VerifySignedManifestAsync' has 92 lines, which is greater than the 80 lines authorized. Split it into smaller methods. (https://rules.sonarsource.com/csharp/RSPEC-138) [/home/runner/work/trading-bot-c-/trading-bot-c-/src/BotCore/BotCore.csproj]
/home/runner/work/trading-bot-c-/trading-bot-c-/src/BotCore/Strategy/S2RuntimeConfig.cs(77,24): error S1541: The Cyclomatic Complexity of this method is 42 which is greater than 10 authorized. (https://rules.sonarsource.com/csharp/RSPEC-1541) [/home/runner/work/trading-bot-c-/trading-bot-c-/src/BotCore/BotCore.csproj]
/home/runner/work/trading-bot-c-/trading-bot-c-/src/BotCore/Services/IntegritySigningService.cs(174,21): error CA1848: For improved performance, use the LoggerMessage delegates instead of calling 'LoggerExtensions.LogError(ILogger, string?, params object?[])' (https://learn.microsoft.com/dotnet/fundamentals/code-analysis/quality-rules/ca1848) [/home/runner/work/trading-bot-c-/trading-bot-c-/src/BotCore/BotCore.csproj]
/home/runner/work/trading-bot-c-/trading-bot-c-/src/BotCore/Services/IntegritySigningService.cs(183,21): error CA1848: For improved performance, use the LoggerMessage delegates instead of calling 'LoggerExtensions.LogError(ILogger, string?, params object?[])' (https://learn.microsoft.com/dotnet/fundamentals/code-analysis/quality-rules/ca1848) [/home/runner/work/trading-bot-c-/trading-bot-c-/src/BotCore/BotCore.csproj]
/home/runner/work/trading-bot-c-/trading-bot-c-/src/BotCore/Services/IntegritySigningService.cs(208,25): error CA1848: For improved performance, use the LoggerMessage delegates instead of calling 'LoggerExtensions.LogError(ILogger, string?, params object?[])' (https://learn.microsoft.com/dotnet/fundamentals/code-analysis/quality-rules/ca1848) [/home/runner/work/trading-bot-c-/trading-bot-c-/src/BotCore/BotCore.csproj]
/home/runner/work/trading-bot-c-/trading-bot-c-/src/BotCore/Services/IntegritySigningService.cs(222,21): error CA1848: For improved performance, use the LoggerMessage delegates instead of calling 'LoggerExtensions.LogInformation(ILogger, string?, params object?[])' (https://learn.microsoft.com/dotnet/fundamentals/code-analysis/quality-rules/ca1848) [/home/runner/work/trading-bot-c-/trading-bot-c-/src/BotCore/BotCore.csproj]
/home/runner/work/trading-bot-c-/trading-bot-c-/src/BotCore/Services/IntegritySigningService.cs(227,21): error CA1848: For improved performance, use the LoggerMessage delegates instead of calling 'LoggerExtensions.LogError(ILogger, string?, params object?[])' (https://learn.microsoft.com/dotnet/fundamentals/code-analysis/quality-rules/ca1848) [/home/runner/work/trading-bot-c-/trading-bot-c-/src/BotCore/BotCore.csproj]
/home/runner/work/trading-bot-c-/trading-bot-c-/src/BotCore/Services/IntegritySigningService.cs(236,17): error CA1848: For improved performance, use the LoggerMessage delegates instead of calling 'LoggerExtensions.LogError(ILogger, Exception?, string?, params object?[])' (https://learn.microsoft.com/dotnet/fundamentals/code-analysis/quality-rules/ca1848) [/home/runner/work/trading-bot-c-/trading-bot-c-/src/BotCore/BotCore.csproj]
/home/runner/work/trading-bot-c-/trading-bot-c-/src/BotCore/Services/IntegritySigningService.cs(242,17): error CA1848: For improved performance, use the LoggerMessage delegates instead of calling 'LoggerExtensions.LogError(ILogger, Exception?, string?, params object?[])' (https://learn.microsoft.com/dotnet/fundamentals/code-analysis/quality-rules/ca1848) [/home/runner/work/trading-bot-c-/trading-bot-c-/src/BotCore/BotCore.csproj]
/home/runner/work/trading-bot-c-/trading-bot-c-/src/BotCore/Services/IntegritySigningService.cs(248,17): error CA1848: For improved performance, use the LoggerMessage delegates instead of calling 'LoggerExtensions.LogError(ILogger, Exception?, string?, params object?[])' (https://learn.microsoft.com/dotnet/fundamentals/code-analysis/quality-rules/ca1848) [/home/runner/work/trading-bot-c-/trading-bot-c-/src/BotCore/BotCore.csproj]
/home/runner/work/trading-bot-c-/trading-bot-c-/src/BotCore/Services/IntegritySigningService.cs(254,17): error CA1848: For improved performance, use the LoggerMessage delegates instead of calling 'LoggerExtensions.LogError(ILogger, Exception?, string?, params object?[])' (https://learn.microsoft.com/dotnet/fundamentals/code-analysis/quality-rules/ca1848) [/home/runner/work/trading-bot-c-/trading-bot-c-/src/BotCore/BotCore.csproj]
/home/runner/work/trading-bot-c-/trading-bot-c-/src/BotCore/Brain/UnifiedTradingBrain.cs(2039,17): error CA1848: For improved performance, use the LoggerMessage delegates instead of calling 'LoggerExtensions.LogDebug(ILogger, string?, params object?[])' (https://learn.microsoft.com/dotnet/fundamentals/code-analysis/quality-rules/ca1848) [/home/runner/work/trading-bot-c-/trading-bot-c-/src/BotCore/BotCore.csproj]
/home/runner/work/trading-bot-c-/trading-bot-c-/src/BotCore/Brain/UnifiedTradingBrain.cs(2046,17): error CA1848: For improved performance, use the LoggerMessage delegates instead of calling 'LoggerExtensions.LogError(ILogger, Exception?, string?, params object?[])' (https://learn.microsoft.com/dotnet/fundamentals/code-analysis/quality-rules/ca1848) [/home/runner/work/trading-bot-c-/trading-bot-c-/src/BotCore/BotCore.csproj]
/home/runner/work/trading-bot-c-/trading-bot-c-/src/BotCore/Brain/UnifiedTradingBrain.cs(2053,17): error CA1848: For improved performance, use the LoggerMessage delegates instead of calling 'LoggerExtensions.LogError(ILogger, Exception?, string?, params object?[])' (https://learn.microsoft.com/dotnet/fundamentals/code-analysis/quality-rules/ca1848) [/home/runner/work/trading-bot-c-/trading-bot-c-/src/BotCore/BotCore.csproj]
/home/runner/work/trading-bot-c-/trading-bot-c-/src/BotCore/Brain/UnifiedTradingBrain.cs(2060,17): error CA1848: For improved performance, use the LoggerMessage delegates instead of calling 'LoggerExtensions.LogError(ILogger, Exception?, string?, params object?[])' (https://learn.microsoft.com/dotnet/fundamentals/code-analysis/quality-rules/ca1848) [/home/runner/work/trading-bot-c-/trading-bot-c-/src/BotCore/BotCore.csproj]
/home/runner/work/trading-bot-c-/trading-bot-c-/src/BotCore/Services/IntegritySigningService.cs(278,17): error CA1848: For improved performance, use the LoggerMessage delegates instead of calling 'LoggerExtensions.LogDebug(ILogger, string?, params object?[])' (https://learn.microsoft.com/dotnet/fundamentals/code-analysis/quality-rules/ca1848) [/home/runner/work/trading-bot-c-/trading-bot-c-/src/BotCore/BotCore.csproj]
/home/runner/work/trading-bot-c-/trading-bot-c-/src/BotCore/Services/IntegritySigningService.cs(283,17): error CA1848: For improved performance, use the LoggerMessage delegates instead of calling 'LoggerExtensions.LogError(ILogger, Exception?, string?, params object?[])' (https://learn.microsoft.com/dotnet/fundamentals/code-analysis/quality-rules/ca1848) [/home/runner/work/trading-bot-c-/trading-bot-c-/src/BotCore/BotCore.csproj]
/home/runner/work/trading-bot-c-/trading-bot-c-/src/BotCore/Services/IntegritySigningService.cs(311,21): error CA1848: For improved performance, use the LoggerMessage delegates instead of calling 'LoggerExtensions.LogError(ILogger, string?, params object?[])' (https://learn.microsoft.com/dotnet/fundamentals/code-analysis/quality-rules/ca1848) [/home/runner/work/trading-bot-c-/trading-bot-c-/src/BotCore/BotCore.csproj]
/home/runner/work/trading-bot-c-/trading-bot-c-/src/BotCore/Services/IntegritySigningService.cs(320,17): error CA1848: For improved performance, use the LoggerMessage delegates instead of calling 'LoggerExtensions.LogError(ILogger, Exception?, string?, params object?[])' (https://learn.microsoft.com/dotnet/fundamentals/code-analysis/quality-rules/ca1848) [/home/runner/work/trading-bot-c-/trading-bot-c-/src/BotCore/BotCore.csproj]
/home/runner/work/trading-bot-c-/trading-bot-c-/src/BotCore/Services/IntegritySigningService.cs(325,17): error CA1848: For improved performance, use the LoggerMessage delegates instead of calling 'LoggerExtensions.LogError(ILogger, Exception?, string?, params object?[])' (https://learn.microsoft.com/dotnet/fundamentals/code-analysis/quality-rules/ca1848) [/home/runner/work/trading-bot-c-/trading-bot-c-/src/BotCore/BotCore.csproj]
/home/runner/work/trading-bot-c-/trading-bot-c-/src/BotCore/Services/IntegritySigningService.cs(330,17): error CA1848: For improved performance, use the LoggerMessage delegates instead of calling 'LoggerExtensions.LogError(ILogger, Exception?, string?, params object?[])' (https://learn.microsoft.com/dotnet/fundamentals/code-analysis/quality-rules/ca1848) [/home/runner/work/trading-bot-c-/trading-bot-c-/src/BotCore/BotCore.csproj]
/home/runner/work/trading-bot-c-/trading-bot-c-/src/BotCore/Services/IntegritySigningService.cs(362,17): error CA1848: For improved performance, use the LoggerMessage delegates instead of calling 'LoggerExtensions.LogInformation(ILogger, string?, params object?[])' (https://learn.microsoft.com/dotnet/fundamentals/code-analysis/quality-rules/ca1848) [/home/runner/work/trading-bot-c-/trading-bot-c-/src/BotCore/BotCore.csproj]
/home/runner/work/trading-bot-c-/trading-bot-c-/src/BotCore/Services/IntegritySigningService.cs(367,17): error CA1848: For improved performance, use the LoggerMessage delegates instead of calling 'LoggerExtensions.LogError(ILogger, Exception?, string?, params object?[])' (https://learn.microsoft.com/dotnet/fundamentals/code-analysis/quality-rules/ca1848) [/home/runner/work/trading-bot-c-/trading-bot-c-/src/BotCore/BotCore.csproj]
/home/runner/work/trading-bot-c-/trading-bot-c-/src/BotCore/Brain/UnifiedTradingBrain.cs(2151,30): error S1541: The Cyclomatic Complexity of this method is 24 which is greater than 10 authorized. (https://rules.sonarsource.com/csharp/RSPEC-1541) [/home/runner/work/trading-bot-c-/trading-bot-c-/src/BotCore/BotCore.csproj]
/home/runner/work/trading-bot-c-/trading-bot-c-/src/BotCore/Services/IntegritySigningService.cs(400,17): error CA1848: For improved performance, use the LoggerMessage delegates instead of calling 'LoggerExtensions.LogError(ILogger, Exception?, string?, params object?[])' (https://learn.microsoft.com/dotnet/fundamentals/code-analysis/quality-rules/ca1848) [/home/runner/work/trading-bot-c-/trading-bot-c-/src/BotCore/BotCore.csproj]
/home/runner/work/trading-bot-c-/trading-bot-c-/src/BotCore/Services/IntegritySigningService.cs(405,17): error CA1848: For improved performance, use the LoggerMessage delegates instead of calling 'LoggerExtensions.LogError(ILogger, Exception?, string?, params object?[])' (https://learn.microsoft.com/dotnet/fundamentals/code-analysis/quality-rules/ca1848) [/home/runner/work/trading-bot-c-/trading-bot-c-/src/BotCore/BotCore.csproj]
/home/runner/work/trading-bot-c-/trading-bot-c-/src/BotCore/Services/IntegritySigningService.cs(410,17): error CA1848: For improved performance, use the LoggerMessage delegates instead of calling 'LoggerExtensions.LogError(ILogger, Exception?, string?, params object?[])' (https://learn.microsoft.com/dotnet/fundamentals/code-analysis/quality-rules/ca1848) [/home/runner/work/trading-bot-c-/trading-bot-c-/src/BotCore/BotCore.csproj]
/home/runner/work/trading-bot-c-/trading-bot-c-/src/BotCore/Brain/UnifiedTradingBrain.cs(2191,13): error CA1848: For improved performance, use the LoggerMessage delegates instead of calling 'LoggerExtensions.LogDebug(ILogger, string?, params object?[])' (https://learn.microsoft.com/dotnet/fundamentals/code-analysis/quality-rules/ca1848) [/home/runner/work/trading-bot-c-/trading-bot-c-/src/BotCore/BotCore.csproj]
/home/runner/work/trading-bot-c-/trading-bot-c-/src/BotCore/Strategy/S15_RlStrategy.cs(52,44): error S1541: The Cyclomatic Complexity of this method is 15 which is greater than 10 authorized. (https://rules.sonarsource.com/csharp/RSPEC-1541) [/home/runner/work/trading-bot-c-/trading-bot-c-/src/BotCore/BotCore.csproj]
/home/runner/work/trading-bot-c-/trading-bot-c-/src/BotCore/Strategy/S15_RlStrategy.cs(52,44): error S138: This method 'GenerateCandidates' has 127 lines, which is greater than the 80 lines authorized. Split it into smaller methods. (https://rules.sonarsource.com/csharp/RSPEC-138) [/home/runner/work/trading-bot-c-/trading-bot-c-/src/BotCore/BotCore.csproj]
/home/runner/work/trading-bot-c-/trading-bot-c-/src/BotCore/Brain/UnifiedTradingBrain.cs(2323,17): error CA1848: For improved performance, use the LoggerMessage delegates instead of calling 'LoggerExtensions.LogInformation(ILogger, string?, params object?[])' (https://learn.microsoft.com/dotnet/fundamentals/code-analysis/quality-rules/ca1848) [/home/runner/work/trading-bot-c-/trading-bot-c-/src/BotCore/BotCore.csproj]
/home/runner/work/trading-bot-c-/trading-bot-c-/src/BotCore/Brain/UnifiedTradingBrain.cs(2334,17): error CA1848: For improved performance, use the LoggerMessage delegates instead of calling 'LoggerExtensions.LogInformation(ILogger, string?, params object?[])' (https://learn.microsoft.com/dotnet/fundamentals/code-analysis/quality-rules/ca1848) [/home/runner/work/trading-bot-c-/trading-bot-c-/src/BotCore/BotCore.csproj]
/home/runner/work/trading-bot-c-/trading-bot-c-/src/BotCore/Brain/UnifiedTradingBrain.cs(2338,17): error CA1848: For improved performance, use the LoggerMessage delegates instead of calling 'LoggerExtensions.LogError(ILogger, Exception?, string?, params object?[])' (https://learn.microsoft.com/dotnet/fundamentals/code-analysis/quality-rules/ca1848) [/home/runner/work/trading-bot-c-/trading-bot-c-/src/BotCore/BotCore.csproj]
/home/runner/work/trading-bot-c-/trading-bot-c-/src/BotCore/Brain/UnifiedTradingBrain.cs(2342,17): error CA1848: For improved performance, use the LoggerMessage delegates instead of calling 'LoggerExtensions.LogError(ILogger, Exception?, string?, params object?[])' (https://learn.microsoft.com/dotnet/fundamentals/code-analysis/quality-rules/ca1848) [/home/runner/work/trading-bot-c-/trading-bot-c-/src/BotCore/BotCore.csproj]
/home/runner/work/trading-bot-c-/trading-bot-c-/src/BotCore/Brain/UnifiedTradingBrain.cs(2346,17): error CA1848: For improved performance, use the LoggerMessage delegates instead of calling 'LoggerExtensions.LogError(ILogger, Exception?, string?, params object?[])' (https://learn.microsoft.com/dotnet/fundamentals/code-analysis/quality-rules/ca1848) [/home/runner/work/trading-bot-c-/trading-bot-c-/src/BotCore/BotCore.csproj]
/home/runner/work/trading-bot-c-/trading-bot-c-/src/BotCore/Brain/UnifiedTradingBrain.cs(2350,17): error CA1848: For improved performance, use the LoggerMessage delegates instead of calling 'LoggerExtensions.LogError(ILogger, Exception?, string?, params object?[])' (https://learn.microsoft.com/dotnet/fundamentals/code-analysis/quality-rules/ca1848) [/home/runner/work/trading-bot-c-/trading-bot-c-/src/BotCore/BotCore.csproj]
/home/runner/work/trading-bot-c-/trading-bot-c-/src/BotCore/Services/Helpers/ParameterSerializationHelper.cs(17,28): error S1541: The Cyclomatic Complexity of this method is 11 which is greater than 10 authorized. (https://rules.sonarsource.com/csharp/RSPEC-1541) [/home/runner/work/trading-bot-c-/trading-bot-c-/src/BotCore/BotCore.csproj]
/home/runner/work/trading-bot-c-/trading-bot-c-/src/BotCore/Strategy/AllStrategies.cs(57,48): error CA1707: Remove the underscores from member name BotCore.Strategy.AllStrategies.generate_candidates(string, BotCore.Models.Env, BotCore.Models.Levels, System.Collections.Generic.IList<BotCore.Models.Bar>, BotCore.Risk.RiskEngine) (https://learn.microsoft.com/dotnet/fundamentals/code-analysis/quality-rules/ca1707) [/home/runner/work/trading-bot-c-/trading-bot-c-/src/BotCore/BotCore.csproj]
/home/runner/work/trading-bot-c-/trading-bot-c-/src/BotCore/Strategy/AllStrategies.cs(62,48): error CA1707: Remove the underscores from member name BotCore.Strategy.AllStrategies.generate_candidates(string, BotCore.Models.Env, BotCore.Models.Levels, System.Collections.Generic.IList<BotCore.Models.Bar>, BotCore.Risk.RiskEngine, TradingBot.Abstractions.IS7Service?) (https://learn.microsoft.com/dotnet/fundamentals/code-analysis/quality-rules/ca1707) [/home/runner/work/trading-bot-c-/trading-bot-c-/src/BotCore/BotCore.csproj]
/home/runner/work/trading-bot-c-/trading-bot-c-/src/BotCore/Brain/UnifiedTradingBrain.cs(2398,25): error CA1848: For improved performance, use the LoggerMessage delegates instead of calling 'LoggerExtensions.LogDebug(ILogger, string?, params object?[])' (https://learn.microsoft.com/dotnet/fundamentals/code-analysis/quality-rules/ca1848) [/home/runner/work/trading-bot-c-/trading-bot-c-/src/BotCore/BotCore.csproj]
/home/runner/work/trading-bot-c-/trading-bot-c-/src/BotCore/Strategy/AllStrategies.cs(67,48): error CA1707: Remove the underscores from member name BotCore.Strategy.AllStrategies.generate_candidates_with_time_filter(string, BotCore.Models.Env, BotCore.Models.Levels, System.Collections.Generic.IList<BotCore.Models.Bar>, BotCore.Risk.RiskEngine, System.DateTime, TradingBot.Abstractions.IS7Service?, BotCore.Strategy.IRlPolicy?, BotCore.Features.FeatureBuilder?) (https://learn.microsoft.com/dotnet/fundamentals/code-analysis/quality-rules/ca1707) [/home/runner/work/trading-bot-c-/trading-bot-c-/src/BotCore/BotCore.csproj]
/home/runner/work/trading-bot-c-/trading-bot-c-/src/BotCore/Brain/UnifiedTradingBrain.cs(2445,13): error CA1848: For improved performance, use the LoggerMessage delegates instead of calling 'LoggerExtensions.LogInformation(ILogger, string?, params object?[])' (https://learn.microsoft.com/dotnet/fundamentals/code-analysis/quality-rules/ca1848) [/home/runner/work/trading-bot-c-/trading-bot-c-/src/BotCore/BotCore.csproj]
/home/runner/work/trading-bot-c-/trading-bot-c-/src/BotCore/Strategy/AllStrategies.cs(67,48): error S1541: The Cyclomatic Complexity of this method is 33 which is greater than 10 authorized. (https://rules.sonarsource.com/csharp/RSPEC-1541) [/home/runner/work/trading-bot-c-/trading-bot-c-/src/BotCore/BotCore.csproj]
/home/runner/work/trading-bot-c-/trading-bot-c-/src/BotCore/Strategy/AllStrategies.cs(196,45): error CA1707: Remove the underscores from member name BotCore.Strategy.AllStrategies.generate_candidates(string, BotCore.Config.TradingProfileConfig, BotCore.Config.StrategyDef, System.Collections.Generic.IList<BotCore.Models.Bar>, object, BotCore.Models.MarketSnapshot, TradingBot.Abstractions.IS7Service?) (https://learn.microsoft.com/dotnet/fundamentals/code-analysis/quality-rules/ca1707) [/home/runner/work/trading-bot-c-/trading-bot-c-/src/BotCore/BotCore.csproj]
/home/runner/work/trading-bot-c-/trading-bot-c-/src/BotCore/Strategy/AllStrategies.cs(240,37): error S1541: The Cyclomatic Complexity of this method is 13 which is greater than 10 authorized. (https://rules.sonarsource.com/csharp/RSPEC-1541) [/home/runner/work/trading-bot-c-/trading-bot-c-/src/BotCore/BotCore.csproj]
/home/runner/work/trading-bot-c-/trading-bot-c-/src/BotCore/Services/DeterminismService.cs(63,17): error CA1848: For improved performance, use the LoggerMessage delegates instead of calling 'LoggerExtensions.LogInformation(ILogger, string?, params object?[])' (https://learn.microsoft.com/dotnet/fundamentals/code-analysis/quality-rules/ca1848) [/home/runner/work/trading-bot-c-/trading-bot-c-/src/BotCore/BotCore.csproj]
/home/runner/work/trading-bot-c-/trading-bot-c-/src/BotCore/Services/DeterminismService.cs(119,17): error CA1848: For improved performance, use the LoggerMessage delegates instead of calling 'LoggerExtensions.LogInformation(ILogger, string?, params object?[])' (https://learn.microsoft.com/dotnet/fundamentals/code-analysis/quality-rules/ca1848) [/home/runner/work/trading-bot-c-/trading-bot-c-/src/BotCore/BotCore.csproj]
/home/runner/work/trading-bot-c-/trading-bot-c-/src/BotCore/Services/DeterminismService.cs(136,17): error CA1848: For improved performance, use the LoggerMessage delegates instead of calling 'LoggerExtensions.LogInformation(ILogger, string?, params object?[])' (https://learn.microsoft.com/dotnet/fundamentals/code-analysis/quality-rules/ca1848) [/home/runner/work/trading-bot-c-/trading-bot-c-/src/BotCore/BotCore.csproj]
/home/runner/work/trading-bot-c-/trading-bot-c-/src/BotCore/Services/DeterminismService.cs(164,13): error CA1848: For improved performance, use the LoggerMessage delegates instead of calling 'LoggerExtensions.LogInformation(ILogger, string?, params object?[])' (https://learn.microsoft.com/dotnet/fundamentals/code-analysis/quality-rules/ca1848) [/home/runner/work/trading-bot-c-/trading-bot-c-/src/BotCore/BotCore.csproj]
/home/runner/work/trading-bot-c-/trading-bot-c-/src/BotCore/Strategy/AllStrategies.cs(316,45): error CA1707: Remove the underscores from member name BotCore.Strategy.AllStrategies.generate_candidates(string, BotCore.Models.Env, BotCore.Models.Levels, System.Collections.Generic.IList<BotCore.Models.Bar>, System.Collections.Generic.IList<BotCore.Config.StrategyDef>, BotCore.Risk.RiskEngine, BotCore.Config.TradingProfileConfig, BotCore.Models.MarketSnapshot, TradingBot.Abstractions.IS7Service?, int) (https://learn.microsoft.com/dotnet/fundamentals/code-analysis/quality-rules/ca1707) [/home/runner/work/trading-bot-c-/trading-bot-c-/src/BotCore/BotCore.csproj]
/home/runner/work/trading-bot-c-/trading-bot-c-/src/BotCore/Strategy/AllStrategies.cs(316,45): error S1541: The Cyclomatic Complexity of this method is 14 which is greater than 10 authorized. (https://rules.sonarsource.com/csharp/RSPEC-1541) [/home/runner/work/trading-bot-c-/trading-bot-c-/src/BotCore/BotCore.csproj]
/home/runner/work/trading-bot-c-/trading-bot-c-/src/BotCore/Strategy/AllStrategies.cs(402,45): error CA1707: Remove the underscores from member name BotCore.Strategy.AllStrategies.generate_signals(string, BotCore.Models.Env, BotCore.Models.Levels, System.Collections.Generic.IList<BotCore.Models.Bar>, BotCore.Risk.RiskEngine, long, string) (https://learn.microsoft.com/dotnet/fundamentals/code-analysis/quality-rules/ca1707) [/home/runner/work/trading-bot-c-/trading-bot-c-/src/BotCore/BotCore.csproj]
/home/runner/work/trading-bot-c-/trading-bot-c-/src/BotCore/Services/DeterminismService.cs(246,17): error CA1848: For improved performance, use the LoggerMessage delegates instead of calling 'LoggerExtensions.LogInformation(ILogger, string?, params object?[])' (https://learn.microsoft.com/dotnet/fundamentals/code-analysis/quality-rules/ca1848) [/home/runner/work/trading-bot-c-/trading-bot-c-/src/BotCore/BotCore.csproj]
/home/runner/work/trading-bot-c-/trading-bot-c-/src/BotCore/Services/DeterminismService.cs(250,17): error CA1848: For improved performance, use the LoggerMessage delegates instead of calling 'LoggerExtensions.LogWarning(ILogger, string?, params object?[])' (https://learn.microsoft.com/dotnet/fundamentals/code-analysis/quality-rules/ca1848) [/home/runner/work/trading-bot-c-/trading-bot-c-/src/BotCore/BotCore.csproj]
/home/runner/work/trading-bot-c-/trading-bot-c-/src/BotCore/Brain/UnifiedTradingBrain.cs(2647,58): error S138: This method 'ValidateModelForReloadAsync' has 83 lines, which is greater than the 80 lines authorized. Split it into smaller methods. (https://rules.sonarsource.com/csharp/RSPEC-138) [/home/runner/work/trading-bot-c-/trading-bot-c-/src/BotCore/BotCore.csproj]
/home/runner/work/trading-bot-c-/trading-bot-c-/src/BotCore/Brain/UnifiedTradingBrain.cs(2654,17): error CA1848: For improved performance, use the LoggerMessage delegates instead of calling 'LoggerExtensions.LogInformation(ILogger, string?, params object?[])' (https://learn.microsoft.com/dotnet/fundamentals/code-analysis/quality-rules/ca1848) [/home/runner/work/trading-bot-c-/trading-bot-c-/src/BotCore/BotCore.csproj]
/home/runner/work/trading-bot-c-/trading-bot-c-/src/BotCore/Brain/UnifiedTradingBrain.cs(2655,17): error CA1848: For improved performance, use the LoggerMessage delegates instead of calling 'LoggerExtensions.LogInformation(ILogger, string?, params object?[])' (https://learn.microsoft.com/dotnet/fundamentals/code-analysis/quality-rules/ca1848) [/home/runner/work/trading-bot-c-/trading-bot-c-/src/BotCore/BotCore.csproj]
/home/runner/work/trading-bot-c-/trading-bot-c-/src/BotCore/Brain/UnifiedTradingBrain.cs(2656,17): error CA1848: For improved performance, use the LoggerMessage delegates instead of calling 'LoggerExtensions.LogInformation(ILogger, string?, params object?[])' (https://learn.microsoft.com/dotnet/fundamentals/code-analysis/quality-rules/ca1848) [/home/runner/work/trading-bot-c-/trading-bot-c-/src/BotCore/BotCore.csproj]
/home/runner/work/trading-bot-c-/trading-bot-c-/src/BotCore/Brain/UnifiedTradingBrain.cs(2659,17): error CA1848: For improved performance, use the LoggerMessage delegates instead of calling 'LoggerExtensions.LogInformation(ILogger, string?, params object?[])' (https://learn.microsoft.com/dotnet/fundamentals/code-analysis/quality-rules/ca1848) [/home/runner/work/trading-bot-c-/trading-bot-c-/src/BotCore/BotCore.csproj]
/home/runner/work/trading-bot-c-/trading-bot-c-/src/BotCore/Brain/UnifiedTradingBrain.cs(2664,21): error CA1848: For improved performance, use the LoggerMessage delegates instead of calling 'LoggerExtensions.LogError(ILogger, string?, params object?[])' (https://learn.microsoft.com/dotnet/fundamentals/code-analysis/quality-rules/ca1848) [/home/runner/work/trading-bot-c-/trading-bot-c-/src/BotCore/BotCore.csproj]
/home/runner/work/trading-bot-c-/trading-bot-c-/src/BotCore/Brain/UnifiedTradingBrain.cs(2667,17): error CA1848: For improved performance, use the LoggerMessage delegates instead of calling 'LoggerExtensions.LogInformation(ILogger, string?, params object?[])' (https://learn.microsoft.com/dotnet/fundamentals/code-analysis/quality-rules/ca1848) [/home/runner/work/trading-bot-c-/trading-bot-c-/src/BotCore/BotCore.csproj]
/home/runner/work/trading-bot-c-/trading-bot-c-/src/BotCore/Brain/UnifiedTradingBrain.cs(2670,17): error CA1848: For improved performance, use the LoggerMessage delegates instead of calling 'LoggerExtensions.LogInformation(ILogger, string?, params object?[])' (https://learn.microsoft.com/dotnet/fundamentals/code-analysis/quality-rules/ca1848) [/home/runner/work/trading-bot-c-/trading-bot-c-/src/BotCore/BotCore.csproj]
/home/runner/work/trading-bot-c-/trading-bot-c-/src/BotCore/Brain/UnifiedTradingBrain.cs(2672,17): error CA1848: For improved performance, use the LoggerMessage delegates instead of calling 'LoggerExtensions.LogInformation(ILogger, string?, params object?[])' (https://learn.microsoft.com/dotnet/fundamentals/code-analysis/quality-rules/ca1848) [/home/runner/work/trading-bot-c-/trading-bot-c-/src/BotCore/BotCore.csproj]
/home/runner/work/trading-bot-c-/trading-bot-c-/src/BotCore/Brain/UnifiedTradingBrain.cs(2675,17): error CA1848: For improved performance, use the LoggerMessage delegates instead of calling 'LoggerExtensions.LogInformation(ILogger, string?, params object?[])' (https://learn.microsoft.com/dotnet/fundamentals/code-analysis/quality-rules/ca1848) [/home/runner/work/trading-bot-c-/trading-bot-c-/src/BotCore/BotCore.csproj]
/home/runner/work/trading-bot-c-/trading-bot-c-/src/BotCore/Brain/UnifiedTradingBrain.cs(2684,25): error CA1848: For improved performance, use the LoggerMessage delegates instead of calling 'LoggerExtensions.LogError(ILogger, string?, params object?[])' (https://learn.microsoft.com/dotnet/fundamentals/code-analysis/quality-rules/ca1848) [/home/runner/work/trading-bot-c-/trading-bot-c-/src/BotCore/BotCore.csproj]
/home/runner/work/trading-bot-c-/trading-bot-c-/src/BotCore/Brain/UnifiedTradingBrain.cs(2687,21): error CA1848: For improved performance, use the LoggerMessage delegates instead of calling 'LoggerExtensions.LogInformation(ILogger, string?, params object?[])' (https://learn.microsoft.com/dotnet/fundamentals/code-analysis/quality-rules/ca1848) [/home/runner/work/trading-bot-c-/trading-bot-c-/src/BotCore/BotCore.csproj]
/home/runner/work/trading-bot-c-/trading-bot-c-/src/BotCore/Brain/UnifiedTradingBrain.cs(2691,21): error CA1848: For improved performance, use the LoggerMessage delegates instead of calling 'LoggerExtensions.LogWarning(ILogger, string?, params object?[])' (https://learn.microsoft.com/dotnet/fundamentals/code-analysis/quality-rules/ca1848) [/home/runner/work/trading-bot-c-/trading-bot-c-/src/BotCore/BotCore.csproj]
/home/runner/work/trading-bot-c-/trading-bot-c-/src/BotCore/Brain/UnifiedTradingBrain.cs(2695,17): error CA1848: For improved performance, use the LoggerMessage delegates instead of calling 'LoggerExtensions.LogInformation(ILogger, string?, params object?[])' (https://learn.microsoft.com/dotnet/fundamentals/code-analysis/quality-rules/ca1848) [/home/runner/work/trading-bot-c-/trading-bot-c-/src/BotCore/BotCore.csproj]
/home/runner/work/trading-bot-c-/trading-bot-c-/src/BotCore/Brain/UnifiedTradingBrain.cs(2700,21): error CA1848: For improved performance, use the LoggerMessage delegates instead of calling 'LoggerExtensions.LogError(ILogger, string?, params object?[])' (https://learn.microsoft.com/dotnet/fundamentals/code-analysis/quality-rules/ca1848) [/home/runner/work/trading-bot-c-/trading-bot-c-/src/BotCore/BotCore.csproj]
/home/runner/work/trading-bot-c-/trading-bot-c-/src/BotCore/Brain/UnifiedTradingBrain.cs(2703,17): error CA1848: For improved performance, use the LoggerMessage delegates instead of calling 'LoggerExtensions.LogInformation(ILogger, string?, params object?[])' (https://learn.microsoft.com/dotnet/fundamentals/code-analysis/quality-rules/ca1848) [/home/runner/work/trading-bot-c-/trading-bot-c-/src/BotCore/BotCore.csproj]
/home/runner/work/trading-bot-c-/trading-bot-c-/src/BotCore/Brain/UnifiedTradingBrain.cs(2708,21): error CA1848: For improved performance, use the LoggerMessage delegates instead of calling 'LoggerExtensions.LogInformation(ILogger, string?, params object?[])' (https://learn.microsoft.com/dotnet/fundamentals/code-analysis/quality-rules/ca1848) [/home/runner/work/trading-bot-c-/trading-bot-c-/src/BotCore/BotCore.csproj]
/home/runner/work/trading-bot-c-/trading-bot-c-/src/BotCore/Brain/UnifiedTradingBrain.cs(2715,25): error CA1848: For improved performance, use the LoggerMessage delegates instead of calling 'LoggerExtensions.LogError(ILogger, string?, params object?[])' (https://learn.microsoft.com/dotnet/fundamentals/code-analysis/quality-rules/ca1848) [/home/runner/work/trading-bot-c-/trading-bot-c-/src/BotCore/BotCore.csproj]
/home/runner/work/trading-bot-c-/trading-bot-c-/src/BotCore/Brain/UnifiedTradingBrain.cs(2718,21): error CA1848: For improved performance, use the LoggerMessage delegates instead of calling 'LoggerExtensions.LogInformation(ILogger, string?, params object?[])' (https://learn.microsoft.com/dotnet/fundamentals/code-analysis/quality-rules/ca1848) [/home/runner/work/trading-bot-c-/trading-bot-c-/src/BotCore/BotCore.csproj]
/home/runner/work/trading-bot-c-/trading-bot-c-/src/BotCore/Brain/UnifiedTradingBrain.cs(2722,21): error CA1848: For improved performance, use the LoggerMessage delegates instead of calling 'LoggerExtensions.LogWarning(ILogger, string?, params object?[])' (https://learn.microsoft.com/dotnet/fundamentals/code-analysis/quality-rules/ca1848) [/home/runner/work/trading-bot-c-/trading-bot-c-/src/BotCore/BotCore.csproj]
/home/runner/work/trading-bot-c-/trading-bot-c-/src/BotCore/Brain/UnifiedTradingBrain.cs(2725,17): error CA1848: For improved performance, use the LoggerMessage delegates instead of calling 'LoggerExtensions.LogInformation(ILogger, string?, params object?[])' (https://learn.microsoft.com/dotnet/fundamentals/code-analysis/quality-rules/ca1848) [/home/runner/work/trading-bot-c-/trading-bot-c-/src/BotCore/BotCore.csproj]
/home/runner/work/trading-bot-c-/trading-bot-c-/src/BotCore/Brain/UnifiedTradingBrain.cs(2730,17): error CA1848: For improved performance, use the LoggerMessage delegates instead of calling 'LoggerExtensions.LogError(ILogger, Exception?, string?, params object?[])' (https://learn.microsoft.com/dotnet/fundamentals/code-analysis/quality-rules/ca1848) [/home/runner/work/trading-bot-c-/trading-bot-c-/src/BotCore/BotCore.csproj]
/home/runner/work/trading-bot-c-/trading-bot-c-/src/BotCore/Brain/UnifiedTradingBrain.cs(2735,17): error CA1848: For improved performance, use the LoggerMessage delegates instead of calling 'LoggerExtensions.LogError(ILogger, Exception?, string?, params object?[])' (https://learn.microsoft.com/dotnet/fundamentals/code-analysis/quality-rules/ca1848) [/home/runner/work/trading-bot-c-/trading-bot-c-/src/BotCore/BotCore.csproj]
/home/runner/work/trading-bot-c-/trading-bot-c-/src/BotCore/Brain/UnifiedTradingBrain.cs(2740,17): error CA1848: For improved performance, use the LoggerMessage delegates instead of calling 'LoggerExtensions.LogError(ILogger, Exception?, string?, params object?[])' (https://learn.microsoft.com/dotnet/fundamentals/code-analysis/quality-rules/ca1848) [/home/runner/work/trading-bot-c-/trading-bot-c-/src/BotCore/BotCore.csproj]
/home/runner/work/trading-bot-c-/trading-bot-c-/src/BotCore/Brain/UnifiedTradingBrain.cs(2745,17): error CA1848: For improved performance, use the LoggerMessage delegates instead of calling 'LoggerExtensions.LogError(ILogger, Exception?, string?, params object?[])' (https://learn.microsoft.com/dotnet/fundamentals/code-analysis/quality-rules/ca1848) [/home/runner/work/trading-bot-c-/trading-bot-c-/src/BotCore/BotCore.csproj]
/home/runner/work/trading-bot-c-/trading-bot-c-/src/BotCore/Brain/UnifiedTradingBrain.cs(2758,21): error CA1848: For improved performance, use the LoggerMessage delegates instead of calling 'LoggerExtensions.LogWarning(ILogger, string?, params object?[])' (https://learn.microsoft.com/dotnet/fundamentals/code-analysis/quality-rules/ca1848) [/home/runner/work/trading-bot-c-/trading-bot-c-/src/BotCore/BotCore.csproj]
/home/runner/work/trading-bot-c-/trading-bot-c-/src/BotCore/Brain/UnifiedTradingBrain.cs(2769,21): error CA1848: For improved performance, use the LoggerMessage delegates instead of calling 'LoggerExtensions.LogError(ILogger, string?, params object?[])' (https://learn.microsoft.com/dotnet/fundamentals/code-analysis/quality-rules/ca1848) [/home/runner/work/trading-bot-c-/trading-bot-c-/src/BotCore/BotCore.csproj]
/home/runner/work/trading-bot-c-/trading-bot-c-/src/BotCore/Brain/UnifiedTradingBrain.cs(2776,21): error CA1848: For improved performance, use the LoggerMessage delegates instead of calling 'LoggerExtensions.LogError(ILogger, string?, params object?[])' (https://learn.microsoft.com/dotnet/fundamentals/code-analysis/quality-rules/ca1848) [/home/runner/work/trading-bot-c-/trading-bot-c-/src/BotCore/BotCore.csproj]
/home/runner/work/trading-bot-c-/trading-bot-c-/src/BotCore/Brain/UnifiedTradingBrain.cs(2780,17): error CA1848: For improved performance, use the LoggerMessage delegates instead of calling 'LoggerExtensions.LogInformation(ILogger, string?, params object?[])' (https://learn.microsoft.com/dotnet/fundamentals/code-analysis/quality-rules/ca1848) [/home/runner/work/trading-bot-c-/trading-bot-c-/src/BotCore/BotCore.csproj]
/home/runner/work/trading-bot-c-/trading-bot-c-/src/BotCore/Brain/UnifiedTradingBrain.cs(2785,17): error CA1848: For improved performance, use the LoggerMessage delegates instead of calling 'LoggerExtensions.LogError(ILogger, Exception?, string?, params object?[])' (https://learn.microsoft.com/dotnet/fundamentals/code-analysis/quality-rules/ca1848) [/home/runner/work/trading-bot-c-/trading-bot-c-/src/BotCore/BotCore.csproj]
/home/runner/work/trading-bot-c-/trading-bot-c-/src/BotCore/Brain/UnifiedTradingBrain.cs(2790,17): error CA1848: For improved performance, use the LoggerMessage delegates instead of calling 'LoggerExtensions.LogError(ILogger, Exception?, string?, params object?[])' (https://learn.microsoft.com/dotnet/fundamentals/code-analysis/quality-rules/ca1848) [/home/runner/work/trading-bot-c-/trading-bot-c-/src/BotCore/BotCore.csproj]
/home/runner/work/trading-bot-c-/trading-bot-c-/src/BotCore/Brain/UnifiedTradingBrain.cs(2795,17): error CA1848: For improved performance, use the LoggerMessage delegates instead of calling 'LoggerExtensions.LogError(ILogger, Exception?, string?, params object?[])' (https://learn.microsoft.com/dotnet/fundamentals/code-analysis/quality-rules/ca1848) [/home/runner/work/trading-bot-c-/trading-bot-c-/src/BotCore/BotCore.csproj]
/home/runner/work/trading-bot-c-/trading-bot-c-/src/BotCore/Brain/UnifiedTradingBrain.cs(2800,17): error CA1848: For improved performance, use the LoggerMessage delegates instead of calling 'LoggerExtensions.LogError(ILogger, Exception?, string?, params object?[])' (https://learn.microsoft.com/dotnet/fundamentals/code-analysis/quality-rules/ca1848) [/home/runner/work/trading-bot-c-/trading-bot-c-/src/BotCore/BotCore.csproj]
/home/runner/work/trading-bot-c-/trading-bot-c-/src/BotCore/Services/ConfigurationSnapshotService.cs(46,17): error CA1848: For improved performance, use the LoggerMessage delegates instead of calling 'LoggerExtensions.LogInformation(ILogger, string?, params object?[])' (https://learn.microsoft.com/dotnet/fundamentals/code-analysis/quality-rules/ca1848) [/home/runner/work/trading-bot-c-/trading-bot-c-/src/BotCore/BotCore.csproj]
/home/runner/work/trading-bot-c-/trading-bot-c-/src/BotCore/Services/ConfigurationSnapshotService.cs(75,21): error CA1848: For improved performance, use the LoggerMessage delegates instead of calling 'LoggerExtensions.LogInformation(ILogger, string?, params object?[])' (https://learn.microsoft.com/dotnet/fundamentals/code-analysis/quality-rules/ca1848) [/home/runner/work/trading-bot-c-/trading-bot-c-/src/BotCore/BotCore.csproj]
/home/runner/work/trading-bot-c-/trading-bot-c-/src/BotCore/Services/ConfigurationSchemaService.cs(292,13): error CA1848: For improved performance, use the LoggerMessage delegates instead of calling 'LoggerExtensions.LogInformation(ILogger, string?, params object?[])' (https://learn.microsoft.com/dotnet/fundamentals/code-analysis/quality-rules/ca1848) [/home/runner/work/trading-bot-c-/trading-bot-c-/src/BotCore/BotCore.csproj]
/home/runner/work/trading-bot-c-/trading-bot-c-/src/BotCore/Services/ConfigurationSchemaService.cs(257,13): error CA1848: For improved performance, use the LoggerMessage delegates instead of calling 'LoggerExtensions.LogInformation(ILogger, string?, params object?[])' (https://learn.microsoft.com/dotnet/fundamentals/code-analysis/quality-rules/ca1848) [/home/runner/work/trading-bot-c-/trading-bot-c-/src/BotCore/BotCore.csproj]
/home/runner/work/trading-bot-c-/trading-bot-c-/src/BotCore/Brain/UnifiedTradingBrain.cs(2819,25): error CA1848: For improved performance, use the LoggerMessage delegates instead of calling 'LoggerExtensions.LogInformation(ILogger, string?, params object?[])' (https://learn.microsoft.com/dotnet/fundamentals/code-analysis/quality-rules/ca1848) [/home/runner/work/trading-bot-c-/trading-bot-c-/src/BotCore/BotCore.csproj]
/home/runner/work/trading-bot-c-/trading-bot-c-/src/BotCore/Brain/UnifiedTradingBrain.cs(2826,17): error CA1848: For improved performance, use the LoggerMessage delegates instead of calling 'LoggerExtensions.LogWarning(ILogger, Exception?, string?, params object?[])' (https://learn.microsoft.com/dotnet/fundamentals/code-analysis/quality-rules/ca1848) [/home/runner/work/trading-bot-c-/trading-bot-c-/src/BotCore/BotCore.csproj]
/home/runner/work/trading-bot-c-/trading-bot-c-/src/BotCore/Brain/UnifiedTradingBrain.cs(2830,17): error CA1848: For improved performance, use the LoggerMessage delegates instead of calling 'LoggerExtensions.LogWarning(ILogger, Exception?, string?, params object?[])' (https://learn.microsoft.com/dotnet/fundamentals/code-analysis/quality-rules/ca1848) [/home/runner/work/trading-bot-c-/trading-bot-c-/src/BotCore/BotCore.csproj]
/home/runner/work/trading-bot-c-/trading-bot-c-/src/BotCore/Brain/UnifiedTradingBrain.cs(2834,17): error CA1848: For improved performance, use the LoggerMessage delegates instead of calling 'LoggerExtensions.LogWarning(ILogger, Exception?, string?, params object?[])' (https://learn.microsoft.com/dotnet/fundamentals/code-analysis/quality-rules/ca1848) [/home/runner/work/trading-bot-c-/trading-bot-c-/src/BotCore/BotCore.csproj]
/home/runner/work/trading-bot-c-/trading-bot-c-/src/BotCore/Brain/UnifiedTradingBrain.cs(2866,17): error CA1848: For improved performance, use the LoggerMessage delegates instead of calling 'LoggerExtensions.LogInformation(ILogger, string?, params object?[])' (https://learn.microsoft.com/dotnet/fundamentals/code-analysis/quality-rules/ca1848) [/home/runner/work/trading-bot-c-/trading-bot-c-/src/BotCore/BotCore.csproj]
/home/runner/work/trading-bot-c-/trading-bot-c-/src/BotCore/Brain/UnifiedTradingBrain.cs(2870,17): error CA1848: For improved performance, use the LoggerMessage delegates instead of calling 'LoggerExtensions.LogWarning(ILogger, Exception?, string?, params object?[])' (https://learn.microsoft.com/dotnet/fundamentals/code-analysis/quality-rules/ca1848) [/home/runner/work/trading-bot-c-/trading-bot-c-/src/BotCore/BotCore.csproj]
/home/runner/work/trading-bot-c-/trading-bot-c-/src/BotCore/Brain/UnifiedTradingBrain.cs(2874,17): error CA1848: For improved performance, use the LoggerMessage delegates instead of calling 'LoggerExtensions.LogWarning(ILogger, Exception?, string?, params object?[])' (https://learn.microsoft.com/dotnet/fundamentals/code-analysis/quality-rules/ca1848) [/home/runner/work/trading-bot-c-/trading-bot-c-/src/BotCore/BotCore.csproj]
/home/runner/work/trading-bot-c-/trading-bot-c-/src/BotCore/Brain/UnifiedTradingBrain.cs(2878,17): error CA1848: For improved performance, use the LoggerMessage delegates instead of calling 'LoggerExtensions.LogWarning(ILogger, Exception?, string?, params object?[])' (https://learn.microsoft.com/dotnet/fundamentals/code-analysis/quality-rules/ca1848) [/home/runner/work/trading-bot-c-/trading-bot-c-/src/BotCore/BotCore.csproj]
/home/runner/work/trading-bot-c-/trading-bot-c-/src/BotCore/Services/ConfigurationSnapshotService.cs(133,17): error CA1848: For improved performance, use the LoggerMessage delegates instead of calling 'LoggerExtensions.LogError(ILogger, Exception?, string?, params object?[])' (https://learn.microsoft.com/dotnet/fundamentals/code-analysis/quality-rules/ca1848) [/home/runner/work/trading-bot-c-/trading-bot-c-/src/BotCore/BotCore.csproj]
/home/runner/work/trading-bot-c-/trading-bot-c-/src/BotCore/Services/ConfigurationSnapshotService.cs(138,17): error CA1848: For improved performance, use the LoggerMessage delegates instead of calling 'LoggerExtensions.LogError(ILogger, Exception?, string?, params object?[])' (https://learn.microsoft.com/dotnet/fundamentals/code-analysis/quality-rules/ca1848) [/home/runner/work/trading-bot-c-/trading-bot-c-/src/BotCore/BotCore.csproj]
/home/runner/work/trading-bot-c-/trading-bot-c-/src/BotCore/Services/ConfigurationSchemaService.cs(208,13): error CA1848: For improved performance, use the LoggerMessage delegates instead of calling 'LoggerExtensions.LogInformation(ILogger, string?, params object?[])' (https://learn.microsoft.com/dotnet/fundamentals/code-analysis/quality-rules/ca1848) [/home/runner/work/trading-bot-c-/trading-bot-c-/src/BotCore/BotCore.csproj]
/home/runner/work/trading-bot-c-/trading-bot-c-/src/BotCore/Services/ConfigurationSchemaService.cs(228,25): error CA1848: For improved performance, use the LoggerMessage delegates instead of calling 'LoggerExtensions.LogInformation(ILogger, string?, params object?[])' (https://learn.microsoft.com/dotnet/fundamentals/code-analysis/quality-rules/ca1848) [/home/runner/work/trading-bot-c-/trading-bot-c-/src/BotCore/BotCore.csproj]
/home/runner/work/trading-bot-c-/trading-bot-c-/src/BotCore/Services/ConfigurationSnapshotService.cs(147,13): error CA1848: For improved performance, use the LoggerMessage delegates instead of calling 'LoggerExtensions.LogInformation(ILogger, string?, params object?[])' (https://learn.microsoft.com/dotnet/fundamentals/code-analysis/quality-rules/ca1848) [/home/runner/work/trading-bot-c-/trading-bot-c-/src/BotCore/BotCore.csproj]
/home/runner/work/trading-bot-c-/trading-bot-c-/src/BotCore/Services/ConfigurationSnapshotService.cs(151,17): error CA1848: For improved performance, use the LoggerMessage delegates instead of calling 'LoggerExtensions.LogInformation(ILogger, string?, params object?[])' (https://learn.microsoft.com/dotnet/fundamentals/code-analysis/quality-rules/ca1848) [/home/runner/work/trading-bot-c-/trading-bot-c-/src/BotCore/BotCore.csproj]
/home/runner/work/trading-bot-c-/trading-bot-c-/src/BotCore/Services/ConfigurationSnapshotService.cs(156,13): error CA1848: For improved performance, use the LoggerMessage delegates instead of calling 'LoggerExtensions.LogInformation(ILogger, string?, params object?[])' (https://learn.microsoft.com/dotnet/fundamentals/code-analysis/quality-rules/ca1848) [/home/runner/work/trading-bot-c-/trading-bot-c-/src/BotCore/BotCore.csproj]
/home/runner/work/trading-bot-c-/trading-bot-c-/src/BotCore/Services/ConfigurationFailureSafetyService.cs(37,21): error CA1848: For improved performance, use the LoggerMessage delegates instead of calling 'LoggerExtensions.LogWarning(ILogger, string?, params object?[])' (https://learn.microsoft.com/dotnet/fundamentals/code-analysis/quality-rules/ca1848) [/home/runner/work/trading-bot-c-/trading-bot-c-/src/BotCore/BotCore.csproj]
/home/runner/work/trading-bot-c-/trading-bot-c-/src/BotCore/Services/ConfigurationFailureSafetyService.cs(48,21): error CA1848: For improved performance, use the LoggerMessage delegates instead of calling 'LoggerExtensions.LogInformation(ILogger, string?, params object?[])' (https://learn.microsoft.com/dotnet/fundamentals/code-analysis/quality-rules/ca1848) [/home/runner/work/trading-bot-c-/trading-bot-c-/src/BotCore/BotCore.csproj]
/home/runner/work/trading-bot-c-/trading-bot-c-/src/BotCore/Services/ConfigurationFailureSafetyService.cs(56,17): error CA1848: For improved performance, use the LoggerMessage delegates instead of calling 'LoggerExtensions.LogError(ILogger, Exception?, string?, params object?[])' (https://learn.microsoft.com/dotnet/fundamentals/code-analysis/quality-rules/ca1848) [/home/runner/work/trading-bot-c-/trading-bot-c-/src/BotCore/BotCore.csproj]
/home/runner/work/trading-bot-c-/trading-bot-c-/src/BotCore/Services/ConfigurationFailureSafetyService.cs(62,17): error CA1848: For improved performance, use the LoggerMessage delegates instead of calling 'LoggerExtensions.LogWarning(ILogger, string?, params object?[])' (https://learn.microsoft.com/dotnet/fundamentals/code-analysis/quality-rules/ca1848) [/home/runner/work/trading-bot-c-/trading-bot-c-/src/BotCore/BotCore.csproj]
/home/runner/work/trading-bot-c-/trading-bot-c-/src/BotCore/Services/ConfigurationSchemaService.cs(43,17): error CA1848: For improved performance, use the LoggerMessage delegates instead of calling 'LoggerExtensions.LogInformation(ILogger, string?, params object?[])' (https://learn.microsoft.com/dotnet/fundamentals/code-analysis/quality-rules/ca1848) [/home/runner/work/trading-bot-c-/trading-bot-c-/src/BotCore/BotCore.csproj]
/home/runner/work/trading-bot-c-/trading-bot-c-/src/BotCore/Services/ConfigurationSchemaService.cs(57,21): error CA1848: For improved performance, use the LoggerMessage delegates instead of calling 'LoggerExtensions.LogInformation(ILogger, string?, params object?[])' (https://learn.microsoft.com/dotnet/fundamentals/code-analysis/quality-rules/ca1848) [/home/runner/work/trading-bot-c-/trading-bot-c-/src/BotCore/BotCore.csproj]
/home/runner/work/trading-bot-c-/trading-bot-c-/src/BotCore/Services/ConfigurationSchemaService.cs(62,17): error CA1848: For improved performance, use the LoggerMessage delegates instead of calling 'LoggerExtensions.LogInformation(ILogger, string?, params object?[])' (https://learn.microsoft.com/dotnet/fundamentals/code-analysis/quality-rules/ca1848) [/home/runner/work/trading-bot-c-/trading-bot-c-/src/BotCore/BotCore.csproj]
/home/runner/work/trading-bot-c-/trading-bot-c-/src/BotCore/Services/ConfigurationSchemaService.cs(71,17): error CA1848: For improved performance, use the LoggerMessage delegates instead of calling 'LoggerExtensions.LogInformation(ILogger, string?, params object?[])' (https://learn.microsoft.com/dotnet/fundamentals/code-analysis/quality-rules/ca1848) [/home/runner/work/trading-bot-c-/trading-bot-c-/src/BotCore/BotCore.csproj]
/home/runner/work/trading-bot-c-/trading-bot-c-/src/BotCore/Services/ConfigurationSchemaService.cs(76,17): error CA1848: For improved performance, use the LoggerMessage delegates instead of calling 'LoggerExtensions.LogError(ILogger, Exception?, string?, params object?[])' (https://learn.microsoft.com/dotnet/fundamentals/code-analysis/quality-rules/ca1848) [/home/runner/work/trading-bot-c-/trading-bot-c-/src/BotCore/BotCore.csproj]
/home/runner/work/trading-bot-c-/trading-bot-c-/src/BotCore/Brain/UnifiedTradingBrain.cs(2917,17): error CA1848: For improved performance, use the LoggerMessage delegates instead of calling 'LoggerExtensions.LogInformation(ILogger, string?, params object?[])' (https://learn.microsoft.com/dotnet/fundamentals/code-analysis/quality-rules/ca1848) [/home/runner/work/trading-bot-c-/trading-bot-c-/src/BotCore/BotCore.csproj]
/home/runner/work/trading-bot-c-/trading-bot-c-/src/BotCore/Brain/UnifiedTradingBrain.cs(2921,21): error CA1848: For improved performance, use the LoggerMessage delegates instead of calling 'LoggerExtensions.LogWarning(ILogger, string?, params object?[])' (https://learn.microsoft.com/dotnet/fundamentals/code-analysis/quality-rules/ca1848) [/home/runner/work/trading-bot-c-/trading-bot-c-/src/BotCore/BotCore.csproj]
/home/runner/work/trading-bot-c-/trading-bot-c-/src/BotCore/Brain/UnifiedTradingBrain.cs(2928,21): error CA1848: For improved performance, use the LoggerMessage delegates instead of calling 'LoggerExtensions.LogWarning(ILogger, string?, params object?[])' (https://learn.microsoft.com/dotnet/fundamentals/code-analysis/quality-rules/ca1848) [/home/runner/work/trading-bot-c-/trading-bot-c-/src/BotCore/BotCore.csproj]
/home/runner/work/trading-bot-c-/trading-bot-c-/src/BotCore/Brain/UnifiedTradingBrain.cs(2937,17): error CA1848: For improved performance, use the LoggerMessage delegates instead of calling 'LoggerExtensions.LogError(ILogger, Exception?, string?, params object?[])' (https://learn.microsoft.com/dotnet/fundamentals/code-analysis/quality-rules/ca1848) [/home/runner/work/trading-bot-c-/trading-bot-c-/src/BotCore/BotCore.csproj]
/home/runner/work/trading-bot-c-/trading-bot-c-/src/BotCore/Brain/UnifiedTradingBrain.cs(2942,17): error CA1848: For improved performance, use the LoggerMessage delegates instead of calling 'LoggerExtensions.LogError(ILogger, Exception?, string?, params object?[])' (https://learn.microsoft.com/dotnet/fundamentals/code-analysis/quality-rules/ca1848) [/home/runner/work/trading-bot-c-/trading-bot-c-/src/BotCore/BotCore.csproj]
/home/runner/work/trading-bot-c-/trading-bot-c-/src/BotCore/Brain/UnifiedTradingBrain.cs(2947,17): error CA1848: For improved performance, use the LoggerMessage delegates instead of calling 'LoggerExtensions.LogError(ILogger, Exception?, string?, params object?[])' (https://learn.microsoft.com/dotnet/fundamentals/code-analysis/quality-rules/ca1848) [/home/runner/work/trading-bot-c-/trading-bot-c-/src/BotCore/BotCore.csproj]
/home/runner/work/trading-bot-c-/trading-bot-c-/src/BotCore/Services/ClockHygieneService.cs(187,10): error S1133: Do not forget to remove this deprecated code someday. (https://rules.sonarsource.com/csharp/RSPEC-1133) [/home/runner/work/trading-bot-c-/trading-bot-c-/src/BotCore/BotCore.csproj]
/home/runner/work/trading-bot-c-/trading-bot-c-/src/BotCore/Services/ConfigurationFailureSafetyService.cs(87,17): error CA1848: For improved performance, use the LoggerMessage delegates instead of calling 'LoggerExtensions.LogCritical(ILogger, string?, params object?[])' (https://learn.microsoft.com/dotnet/fundamentals/code-analysis/quality-rules/ca1848) [/home/runner/work/trading-bot-c-/trading-bot-c-/src/BotCore/BotCore.csproj]
/home/runner/work/trading-bot-c-/trading-bot-c-/src/BotCore/Services/ConfigurationFailureSafetyService.cs(91,17): error CA1848: For improved performance, use the LoggerMessage delegates instead of calling 'LoggerExtensions.LogError(ILogger, Exception?, string?, params object?[])' (https://learn.microsoft.com/dotnet/fundamentals/code-analysis/quality-rules/ca1848) [/home/runner/work/trading-bot-c-/trading-bot-c-/src/BotCore/BotCore.csproj]
/home/runner/work/trading-bot-c-/trading-bot-c-/src/BotCore/Services/ConfigurationFailureSafetyService.cs(95,17): error CA1848: For improved performance, use the LoggerMessage delegates instead of calling 'LoggerExtensions.LogError(ILogger, Exception?, string?, params object?[])' (https://learn.microsoft.com/dotnet/fundamentals/code-analysis/quality-rules/ca1848) [/home/runner/work/trading-bot-c-/trading-bot-c-/src/BotCore/BotCore.csproj]
/home/runner/work/trading-bot-c-/trading-bot-c-/src/BotCore/Services/ClockHygieneService.cs(188,32): error CA1024: Use properties where appropriate (https://learn.microsoft.com/dotnet/fundamentals/code-analysis/quality-rules/ca1024) [/home/runner/work/trading-bot-c-/trading-bot-c-/src/BotCore/BotCore.csproj]
/home/runner/work/trading-bot-c-/trading-bot-c-/src/BotCore/Services/ConfigurationSchemaService.cs(105,17): error CA1848: For improved performance, use the LoggerMessage delegates instead of calling 'LoggerExtensions.LogInformation(ILogger, string?, params object?[])' (https://learn.microsoft.com/dotnet/fundamentals/code-analysis/quality-rules/ca1848) [/home/runner/work/trading-bot-c-/trading-bot-c-/src/BotCore/BotCore.csproj]
/home/runner/work/trading-bot-c-/trading-bot-c-/src/BotCore/Services/ConfigurationSchemaService.cs(110,17): error CA1848: For improved performance, use the LoggerMessage delegates instead of calling 'LoggerExtensions.LogError(ILogger, Exception?, string?, params object?[])' (https://learn.microsoft.com/dotnet/fundamentals/code-analysis/quality-rules/ca1848) [/home/runner/work/trading-bot-c-/trading-bot-c-/src/BotCore/BotCore.csproj]
/home/runner/work/trading-bot-c-/trading-bot-c-/src/BotCore/Services/ClockHygieneService.cs(24,13): error CA1848: For improved performance, use the LoggerMessage delegates instead of calling 'LoggerExtensions.LogInformation(ILogger, string?, params object?[])' (https://learn.microsoft.com/dotnet/fundamentals/code-analysis/quality-rules/ca1848) [/home/runner/work/trading-bot-c-/trading-bot-c-/src/BotCore/BotCore.csproj]
/home/runner/work/trading-bot-c-/trading-bot-c-/src/BotCore/Services/ClockHygieneService.cs(94,17): error CA1848: For improved performance, use the LoggerMessage delegates instead of calling 'LoggerExtensions.LogWarning(ILogger, string?, params object?[])' (https://learn.microsoft.com/dotnet/fundamentals/code-analysis/quality-rules/ca1848) [/home/runner/work/trading-bot-c-/trading-bot-c-/src/BotCore/BotCore.csproj]
/home/runner/work/trading-bot-c-/trading-bot-c-/src/BotCore/Services/ClockHygieneService.cs(107,13): error CA1848: For improved performance, use the LoggerMessage delegates instead of calling 'LoggerExtensions.LogInformation(ILogger, string?, params object?[])' (https://learn.microsoft.com/dotnet/fundamentals/code-analysis/quality-rules/ca1848) [/home/runner/work/trading-bot-c-/trading-bot-c-/src/BotCore/BotCore.csproj]
/home/runner/work/trading-bot-c-/trading-bot-c-/src/BotCore/CriticalSystemComponents.cs(2027,13): error CA1848: For improved performance, use the LoggerMessage delegates instead of calling 'LoggerExtensions.LogInformation(ILogger, string?, params object?[])' (https://learn.microsoft.com/dotnet/fundamentals/code-analysis/quality-rules/ca1848) [/home/runner/work/trading-bot-c-/trading-bot-c-/src/BotCore/BotCore.csproj]
/home/runner/work/trading-bot-c-/trading-bot-c-/src/BotCore/Brain/UnifiedTradingBrain.cs(3025,21): error CA1848: For improved performance, use the LoggerMessage delegates instead of calling 'LoggerExtensions.LogError(ILogger, string?, params object?[])' (https://learn.microsoft.com/dotnet/fundamentals/code-analysis/quality-rules/ca1848) [/home/runner/work/trading-bot-c-/trading-bot-c-/src/BotCore/BotCore.csproj]
/home/runner/work/trading-bot-c-/trading-bot-c-/src/BotCore/Brain/UnifiedTradingBrain.cs(3032,21): error CA1848: For improved performance, use the LoggerMessage delegates instead of calling 'LoggerExtensions.LogError(ILogger, string?, params object?[])' (https://learn.microsoft.com/dotnet/fundamentals/code-analysis/quality-rules/ca1848) [/home/runner/work/trading-bot-c-/trading-bot-c-/src/BotCore/BotCore.csproj]
/home/runner/work/trading-bot-c-/trading-bot-c-/src/BotCore/Brain/UnifiedTradingBrain.cs(3046,29): error CA1848: For improved performance, use the LoggerMessage delegates instead of calling 'LoggerExtensions.LogError(ILogger, string?, params object?[])' (https://learn.microsoft.com/dotnet/fundamentals/code-analysis/quality-rules/ca1848) [/home/runner/work/trading-bot-c-/trading-bot-c-/src/BotCore/BotCore.csproj]
/home/runner/work/trading-bot-c-/trading-bot-c-/src/BotCore/Brain/UnifiedTradingBrain.cs(3052,17): error CA1848: For improved performance, use the LoggerMessage delegates instead of calling 'LoggerExtensions.LogInformation(ILogger, string?, params object?[])' (https://learn.microsoft.com/dotnet/fundamentals/code-analysis/quality-rules/ca1848) [/home/runner/work/trading-bot-c-/trading-bot-c-/src/BotCore/BotCore.csproj]
/home/runner/work/trading-bot-c-/trading-bot-c-/src/BotCore/Brain/UnifiedTradingBrain.cs(3057,17): error CA1848: For improved performance, use the LoggerMessage delegates instead of calling 'LoggerExtensions.LogError(ILogger, Exception?, string?, params object?[])' (https://learn.microsoft.com/dotnet/fundamentals/code-analysis/quality-rules/ca1848) [/home/runner/work/trading-bot-c-/trading-bot-c-/src/BotCore/BotCore.csproj]
/home/runner/work/trading-bot-c-/trading-bot-c-/src/BotCore/Brain/UnifiedTradingBrain.cs(3062,17): error CA1848: For improved performance, use the LoggerMessage delegates instead of calling 'LoggerExtensions.LogError(ILogger, Exception?, string?, params object?[])' (https://learn.microsoft.com/dotnet/fundamentals/code-analysis/quality-rules/ca1848) [/home/runner/work/trading-bot-c-/trading-bot-c-/src/BotCore/BotCore.csproj]
/home/runner/work/trading-bot-c-/trading-bot-c-/src/BotCore/Brain/UnifiedTradingBrain.cs(3067,17): error CA1848: For improved performance, use the LoggerMessage delegates instead of calling 'LoggerExtensions.LogError(ILogger, Exception?, string?, params object?[])' (https://learn.microsoft.com/dotnet/fundamentals/code-analysis/quality-rules/ca1848) [/home/runner/work/trading-bot-c-/trading-bot-c-/src/BotCore/BotCore.csproj]
/home/runner/work/trading-bot-c-/trading-bot-c-/src/BotCore/CriticalSystemComponents.cs(2058,28): error CA1311: Specify a culture or use an invariant version to avoid implicit dependency on current culture (https://learn.microsoft.com/dotnet/fundamentals/code-analysis/quality-rules/ca1311) [/home/runner/work/trading-bot-c-/trading-bot-c-/src/BotCore/BotCore.csproj]
/home/runner/work/trading-bot-c-/trading-bot-c-/src/BotCore/CriticalSystemComponents.cs(2058,24): error CA1304: The behavior of 'string.ToUpper()' could vary based on the current user's locale settings. Replace this call in 'EnhancedCredentialManager.GetFromAzureKeyVault(string)' with a call to 'string.ToUpper(CultureInfo)'. (https://learn.microsoft.com/dotnet/fundamentals/code-analysis/quality-rules/ca1304) [/home/runner/work/trading-bot-c-/trading-bot-c-/src/BotCore/BotCore.csproj]
/home/runner/work/trading-bot-c-/trading-bot-c-/src/BotCore/CriticalSystemComponents.cs(2107,28): error CA1311: Specify a culture or use an invariant version to avoid implicit dependency on current culture (https://learn.microsoft.com/dotnet/fundamentals/code-analysis/quality-rules/ca1311) [/home/runner/work/trading-bot-c-/trading-bot-c-/src/BotCore/BotCore.csproj]
/home/runner/work/trading-bot-c-/trading-bot-c-/src/BotCore/CriticalSystemComponents.cs(2107,24): error CA1304: The behavior of 'string.ToUpper()' could vary based on the current user's locale settings. Replace this call in 'EnhancedCredentialManager.GetFromAWSSecretsManager(string)' with a call to 'string.ToUpper(CultureInfo)'. (https://learn.microsoft.com/dotnet/fundamentals/code-analysis/quality-rules/ca1304) [/home/runner/work/trading-bot-c-/trading-bot-c-/src/BotCore/BotCore.csproj]
/home/runner/work/trading-bot-c-/trading-bot-c-/src/BotCore/CriticalSystemComponents.cs(1635,13): error CA1848: For improved performance, use the LoggerMessage delegates instead of calling 'LoggerExtensions.LogInformation(ILogger, string?, params object?[])' (https://learn.microsoft.com/dotnet/fundamentals/code-analysis/quality-rules/ca1848) [/home/runner/work/trading-bot-c-/trading-bot-c-/src/BotCore/BotCore.csproj]
/home/runner/work/trading-bot-c-/trading-bot-c-/src/BotCore/Brain/UnifiedTradingBrain.cs(3092,21): error CA1848: For improved performance, use the LoggerMessage delegates instead of calling 'LoggerExtensions.LogWarning(ILogger, string?, params object?[])' (https://learn.microsoft.com/dotnet/fundamentals/code-analysis/quality-rules/ca1848) [/home/runner/work/trading-bot-c-/trading-bot-c-/src/BotCore/BotCore.csproj]
/home/runner/work/trading-bot-c-/trading-bot-c-/src/BotCore/Brain/UnifiedTradingBrain.cs(3103,17): error CA1848: For improved performance, use the LoggerMessage delegates instead of calling 'LoggerExtensions.LogInformation(ILogger, string?, params object?[])' (https://learn.microsoft.com/dotnet/fundamentals/code-analysis/quality-rules/ca1848) [/home/runner/work/trading-bot-c-/trading-bot-c-/src/BotCore/BotCore.csproj]
/home/runner/work/trading-bot-c-/trading-bot-c-/src/BotCore/Brain/UnifiedTradingBrain.cs(3110,17): error CA1848: For improved performance, use the LoggerMessage delegates instead of calling 'LoggerExtensions.LogError(ILogger, Exception?, string?, params object?[])' (https://learn.microsoft.com/dotnet/fundamentals/code-analysis/quality-rules/ca1848) [/home/runner/work/trading-bot-c-/trading-bot-c-/src/BotCore/BotCore.csproj]
/home/runner/work/trading-bot-c-/trading-bot-c-/src/BotCore/Brain/UnifiedTradingBrain.cs(3115,17): error CA1848: For improved performance, use the LoggerMessage delegates instead of calling 'LoggerExtensions.LogError(ILogger, Exception?, string?, params object?[])' (https://learn.microsoft.com/dotnet/fundamentals/code-analysis/quality-rules/ca1848) [/home/runner/work/trading-bot-c-/trading-bot-c-/src/BotCore/BotCore.csproj]
/home/runner/work/trading-bot-c-/trading-bot-c-/src/BotCore/Brain/UnifiedTradingBrain.cs(3120,17): error CA1848: For improved performance, use the LoggerMessage delegates instead of calling 'LoggerExtensions.LogError(ILogger, Exception?, string?, params object?[])' (https://learn.microsoft.com/dotnet/fundamentals/code-analysis/quality-rules/ca1848) [/home/runner/work/trading-bot-c-/trading-bot-c-/src/BotCore/BotCore.csproj]
/home/runner/work/trading-bot-c-/trading-bot-c-/src/BotCore/Models/InstrumentMeta.cs(17,20): error S3358: Extract this nested ternary operation into an independent statement. (https://rules.sonarsource.com/csharp/RSPEC-3358) [/home/runner/work/trading-bot-c-/trading-bot-c-/src/BotCore/BotCore.csproj]
/home/runner/work/trading-bot-c-/trading-bot-c-/src/BotCore/Models/InstrumentMeta.cs(51,17): error CA1307: 'string.Contains(string)' has a method overload that takes a 'StringComparison' parameter. Replace this call in 'BotCore.Models.InstrumentMeta.RootFromName(string)' with a call to 'string.Contains(string, System.StringComparison)' for clarity of intent. (https://learn.microsoft.com/dotnet/fundamentals/code-analysis/quality-rules/ca1307) [/home/runner/work/trading-bot-c-/trading-bot-c-/src/BotCore/BotCore.csproj]
/home/runner/work/trading-bot-c-/trading-bot-c-/src/BotCore/Models/InstrumentMeta.cs(51,40): error CA1310: The behavior of 'string.StartsWith(string)' could vary based on the current user's locale settings. Replace this call in 'BotCore.Models.InstrumentMeta.RootFromName(string)' with a call to 'string.StartsWith(string, System.StringComparison)'. (https://learn.microsoft.com/dotnet/fundamentals/code-analysis/quality-rules/ca1310) [/home/runner/work/trading-bot-c-/trading-bot-c-/src/BotCore/BotCore.csproj]
/home/runner/work/trading-bot-c-/trading-bot-c-/src/BotCore/Models/InstrumentMeta.cs(52,17): error CA1307: 'string.Contains(string)' has a method overload that takes a 'StringComparison' parameter. Replace this call in 'BotCore.Models.InstrumentMeta.RootFromName(string)' with a call to 'string.Contains(string, System.StringComparison)' for clarity of intent. (https://learn.microsoft.com/dotnet/fundamentals/code-analysis/quality-rules/ca1307) [/home/runner/work/trading-bot-c-/trading-bot-c-/src/BotCore/BotCore.csproj]
/home/runner/work/trading-bot-c-/trading-bot-c-/src/BotCore/Models/InstrumentMeta.cs(52,39): error CA1310: The behavior of 'string.StartsWith(string)' could vary based on the current user's locale settings. Replace this call in 'BotCore.Models.InstrumentMeta.RootFromName(string)' with a call to 'string.StartsWith(string, System.StringComparison)'. (https://learn.microsoft.com/dotnet/fundamentals/code-analysis/quality-rules/ca1310) [/home/runner/work/trading-bot-c-/trading-bot-c-/src/BotCore/BotCore.csproj]
/home/runner/work/trading-bot-c-/trading-bot-c-/src/BotCore/CriticalSystemComponents.cs(1659,17): error S1066: Merge this if statement with the enclosing one. (https://rules.sonarsource.com/csharp/RSPEC-1066) [/home/runner/work/trading-bot-c-/trading-bot-c-/src/BotCore/BotCore.csproj]
/home/runner/work/trading-bot-c-/trading-bot-c-/src/BotCore/CriticalSystemComponents.cs(1675,54): error CA1861: Prefer 'static readonly' fields over constant array arguments if the called method is called repeatedly and is not mutating the passed array (https://learn.microsoft.com/dotnet/fundamentals/code-analysis/quality-rules/ca1861) [/home/runner/work/trading-bot-c-/trading-bot-c-/src/BotCore/BotCore.csproj]
/home/runner/work/trading-bot-c-/trading-bot-c-/src/BotCore/Brain/UnifiedTradingBrain.cs(3149,17): error CA1848: For improved performance, use the LoggerMessage delegates instead of calling 'LoggerExtensions.LogWarning(ILogger, Exception?, string?, params object?[])' (https://learn.microsoft.com/dotnet/fundamentals/code-analysis/quality-rules/ca1848) [/home/runner/work/trading-bot-c-/trading-bot-c-/src/BotCore/BotCore.csproj]
/home/runner/work/trading-bot-c-/trading-bot-c-/src/BotCore/Brain/UnifiedTradingBrain.cs(3153,17): error CA1848: For improved performance, use the LoggerMessage delegates instead of calling 'LoggerExtensions.LogWarning(ILogger, Exception?, string?, params object?[])' (https://learn.microsoft.com/dotnet/fundamentals/code-analysis/quality-rules/ca1848) [/home/runner/work/trading-bot-c-/trading-bot-c-/src/BotCore/BotCore.csproj]
/home/runner/work/trading-bot-c-/trading-bot-c-/src/BotCore/Brain/UnifiedTradingBrain.cs(3157,17): error CA1848: For improved performance, use the LoggerMessage delegates instead of calling 'LoggerExtensions.LogWarning(ILogger, Exception?, string?, params object?[])' (https://learn.microsoft.com/dotnet/fundamentals/code-analysis/quality-rules/ca1848) [/home/runner/work/trading-bot-c-/trading-bot-c-/src/BotCore/BotCore.csproj]
/home/runner/work/trading-bot-c-/trading-bot-c-/src/BotCore/Brain/UnifiedTradingBrain.cs(3181,17): error CA1848: For improved performance, use the LoggerMessage delegates instead of calling 'LoggerExtensions.LogWarning(ILogger, Exception?, string?, params object?[])' (https://learn.microsoft.com/dotnet/fundamentals/code-analysis/quality-rules/ca1848) [/home/runner/work/trading-bot-c-/trading-bot-c-/src/BotCore/BotCore.csproj]
/home/runner/work/trading-bot-c-/trading-bot-c-/src/BotCore/Brain/UnifiedTradingBrain.cs(3185,17): error CA1848: For improved performance, use the LoggerMessage delegates instead of calling 'LoggerExtensions.LogWarning(ILogger, Exception?, string?, params object?[])' (https://learn.microsoft.com/dotnet/fundamentals/code-analysis/quality-rules/ca1848) [/home/runner/work/trading-bot-c-/trading-bot-c-/src/BotCore/BotCore.csproj]
/home/runner/work/trading-bot-c-/trading-bot-c-/src/BotCore/Brain/UnifiedTradingBrain.cs(3189,17): error CA1848: For improved performance, use the LoggerMessage delegates instead of calling 'LoggerExtensions.LogWarning(ILogger, Exception?, string?, params object?[])' (https://learn.microsoft.com/dotnet/fundamentals/code-analysis/quality-rules/ca1848) [/home/runner/work/trading-bot-c-/trading-bot-c-/src/BotCore/BotCore.csproj]
/home/runner/work/trading-bot-c-/trading-bot-c-/src/BotCore/CriticalSystemComponents.cs(1747,17): error CA1848: For improved performance, use the LoggerMessage delegates instead of calling 'LoggerExtensions.LogError(ILogger, Exception?, string?, params object?[])' (https://learn.microsoft.com/dotnet/fundamentals/code-analysis/quality-rules/ca1848) [/home/runner/work/trading-bot-c-/trading-bot-c-/src/BotCore/BotCore.csproj]
/home/runner/work/trading-bot-c-/trading-bot-c-/src/BotCore/CriticalSystemComponents.cs(1751,17): error CA1848: For improved performance, use the LoggerMessage delegates instead of calling 'LoggerExtensions.LogError(ILogger, Exception?, string?, params object?[])' (https://learn.microsoft.com/dotnet/fundamentals/code-analysis/quality-rules/ca1848) [/home/runner/work/trading-bot-c-/trading-bot-c-/src/BotCore/BotCore.csproj]
/home/runner/work/trading-bot-c-/trading-bot-c-/src/BotCore/Brain/UnifiedTradingBrain.cs(3251,13): error CA1848: For improved performance, use the LoggerMessage delegates instead of calling 'LoggerExtensions.LogInformation(ILogger, string?, params object?[])' (https://learn.microsoft.com/dotnet/fundamentals/code-analysis/quality-rules/ca1848) [/home/runner/work/trading-bot-c-/trading-bot-c-/src/BotCore/BotCore.csproj]
/home/runner/work/trading-bot-c-/trading-bot-c-/src/BotCore/CriticalSystemComponents.cs(1756,28): error S1541: The Cyclomatic Complexity of this method is 11 which is greater than 10 authorized. (https://rules.sonarsource.com/csharp/RSPEC-1541) [/home/runner/work/trading-bot-c-/trading-bot-c-/src/BotCore/BotCore.csproj]
/home/runner/work/trading-bot-c-/trading-bot-c-/src/BotCore/CriticalSystemComponents.cs(1760,25): error CA1848: For improved performance, use the LoggerMessage delegates instead of calling 'LoggerExtensions.LogInformation(ILogger, string?, params object?[])' (https://learn.microsoft.com/dotnet/fundamentals/code-analysis/quality-rules/ca1848) [/home/runner/work/trading-bot-c-/trading-bot-c-/src/BotCore/BotCore.csproj]
/home/runner/work/trading-bot-c-/trading-bot-c-/src/BotCore/CriticalSystemComponents.cs(1778,33): error CA1848: For improved performance, use the LoggerMessage delegates instead of calling 'LoggerExtensions.LogInformation(ILogger, string?, params object?[])' (https://learn.microsoft.com/dotnet/fundamentals/code-analysis/quality-rules/ca1848) [/home/runner/work/trading-bot-c-/trading-bot-c-/src/BotCore/BotCore.csproj]
/home/runner/work/trading-bot-c-/trading-bot-c-/src/BotCore/CriticalSystemComponents.cs(1787,29): error CA1848: For improved performance, use the LoggerMessage delegates instead of calling 'LoggerExtensions.LogInformation(ILogger, string?, params object?[])' (https://learn.microsoft.com/dotnet/fundamentals/code-analysis/quality-rules/ca1848) [/home/runner/work/trading-bot-c-/trading-bot-c-/src/BotCore/BotCore.csproj]
/home/runner/work/trading-bot-c-/trading-bot-c-/src/BotCore/CriticalSystemComponents.cs(1794,25): error CA1848: For improved performance, use the LoggerMessage delegates instead of calling 'LoggerExtensions.LogWarning(ILogger, Exception?, string?, params object?[])' (https://learn.microsoft.com/dotnet/fundamentals/code-analysis/quality-rules/ca1848) [/home/runner/work/trading-bot-c-/trading-bot-c-/src/BotCore/BotCore.csproj]
/home/runner/work/trading-bot-c-/trading-bot-c-/src/BotCore/CriticalSystemComponents.cs(1802,25): error CA1848: For improved performance, use the LoggerMessage delegates instead of calling 'LoggerExtensions.LogError(ILogger, Exception?, string?, params object?[])' (https://learn.microsoft.com/dotnet/fundamentals/code-analysis/quality-rules/ca1848) [/home/runner/work/trading-bot-c-/trading-bot-c-/src/BotCore/BotCore.csproj]
/home/runner/work/trading-bot-c-/trading-bot-c-/src/BotCore/CriticalSystemComponents.cs(1810,25): error CA1848: For improved performance, use the LoggerMessage delegates instead of calling 'LoggerExtensions.LogError(ILogger, Exception?, string?, params object?[])' (https://learn.microsoft.com/dotnet/fundamentals/code-analysis/quality-rules/ca1848) [/home/runner/work/trading-bot-c-/trading-bot-c-/src/BotCore/BotCore.csproj]
/home/runner/work/trading-bot-c-/trading-bot-c-/src/BotCore/CriticalSystemComponents.cs(1818,25): error CA1848: For improved performance, use the LoggerMessage delegates instead of calling 'LoggerExtensions.LogError(ILogger, Exception?, string?, params object?[])' (https://learn.microsoft.com/dotnet/fundamentals/code-analysis/quality-rules/ca1848) [/home/runner/work/trading-bot-c-/trading-bot-c-/src/BotCore/BotCore.csproj]
/home/runner/work/trading-bot-c-/trading-bot-c-/src/BotCore/CriticalSystemComponents.cs(1827,54): error CA1848: For improved performance, use the LoggerMessage delegates instead of calling 'LoggerExtensions.LogWarning(ILogger, string?, params object?[])' (https://learn.microsoft.com/dotnet/fundamentals/code-analysis/quality-rules/ca1848) [/home/runner/work/trading-bot-c-/trading-bot-c-/src/BotCore/BotCore.csproj]
/home/runner/work/trading-bot-c-/trading-bot-c-/src/BotCore/Brain/UnifiedTradingBrain.cs(3265,17): error CA1848: For improved performance, use the LoggerMessage delegates instead of calling 'LoggerExtensions.LogInformation(ILogger, string?, params object?[])' (https://learn.microsoft.com/dotnet/fundamentals/code-analysis/quality-rules/ca1848) [/home/runner/work/trading-bot-c-/trading-bot-c-/src/BotCore/BotCore.csproj]
/home/runner/work/trading-bot-c-/trading-bot-c-/src/BotCore/Brain/UnifiedTradingBrain.cs(3272,21): error CA1848: For improved performance, use the LoggerMessage delegates instead of calling 'LoggerExtensions.LogError(ILogger, string?, params object?[])' (https://learn.microsoft.com/dotnet/fundamentals/code-analysis/quality-rules/ca1848) [/home/runner/work/trading-bot-c-/trading-bot-c-/src/BotCore/BotCore.csproj]
/home/runner/work/trading-bot-c-/trading-bot-c-/src/BotCore/Brain/UnifiedTradingBrain.cs(3277,17): error CA1848: For improved performance, use the LoggerMessage delegates instead of calling 'LoggerExtensions.LogInformation(ILogger, string?, params object?[])' (https://learn.microsoft.com/dotnet/fundamentals/code-analysis/quality-rules/ca1848) [/home/runner/work/trading-bot-c-/trading-bot-c-/src/BotCore/BotCore.csproj]
/home/runner/work/trading-bot-c-/trading-bot-c-/src/BotCore/Brain/UnifiedTradingBrain.cs(3284,21): error CA1848: For improved performance, use the LoggerMessage delegates instead of calling 'LoggerExtensions.LogError(ILogger, string?, params object?[])' (https://learn.microsoft.com/dotnet/fundamentals/code-analysis/quality-rules/ca1848) [/home/runner/work/trading-bot-c-/trading-bot-c-/src/BotCore/BotCore.csproj]
/home/runner/work/trading-bot-c-/trading-bot-c-/src/BotCore/Brain/UnifiedTradingBrain.cs(3289,17): error CA1848: For improved performance, use the LoggerMessage delegates instead of calling 'LoggerExtensions.LogInformation(ILogger, string?, params object?[])' (https://learn.microsoft.com/dotnet/fundamentals/code-analysis/quality-rules/ca1848) [/home/runner/work/trading-bot-c-/trading-bot-c-/src/BotCore/BotCore.csproj]
/home/runner/work/trading-bot-c-/trading-bot-c-/src/BotCore/Brain/UnifiedTradingBrain.cs(3290,17): error CA1848: For improved performance, use the LoggerMessage delegates instead of calling 'LoggerExtensions.LogInformation(ILogger, string?, params object?[])' (https://learn.microsoft.com/dotnet/fundamentals/code-analysis/quality-rules/ca1848) [/home/runner/work/trading-bot-c-/trading-bot-c-/src/BotCore/BotCore.csproj]
/home/runner/work/trading-bot-c-/trading-bot-c-/src/BotCore/Brain/UnifiedTradingBrain.cs(3291,17): error CA1848: For improved performance, use the LoggerMessage delegates instead of calling 'LoggerExtensions.LogInformation(ILogger, string?, params object?[])' (https://learn.microsoft.com/dotnet/fundamentals/code-analysis/quality-rules/ca1848) [/home/runner/work/trading-bot-c-/trading-bot-c-/src/BotCore/BotCore.csproj]
/home/runner/work/trading-bot-c-/trading-bot-c-/src/BotCore/Brain/UnifiedTradingBrain.cs(3297,17): error CA1848: For improved performance, use the LoggerMessage delegates instead of calling 'LoggerExtensions.LogError(ILogger, Exception?, string?, params object?[])' (https://learn.microsoft.com/dotnet/fundamentals/code-analysis/quality-rules/ca1848) [/home/runner/work/trading-bot-c-/trading-bot-c-/src/BotCore/BotCore.csproj]
/home/runner/work/trading-bot-c-/trading-bot-c-/src/BotCore/Brain/UnifiedTradingBrain.cs(3302,17): error CA1848: For improved performance, use the LoggerMessage delegates instead of calling 'LoggerExtensions.LogError(ILogger, Exception?, string?, params object?[])' (https://learn.microsoft.com/dotnet/fundamentals/code-analysis/quality-rules/ca1848) [/home/runner/work/trading-bot-c-/trading-bot-c-/src/BotCore/BotCore.csproj]
/home/runner/work/trading-bot-c-/trading-bot-c-/src/BotCore/Brain/UnifiedTradingBrain.cs(3307,17): error CA1848: For improved performance, use the LoggerMessage delegates instead of calling 'LoggerExtensions.LogError(ILogger, Exception?, string?, params object?[])' (https://learn.microsoft.com/dotnet/fundamentals/code-analysis/quality-rules/ca1848) [/home/runner/work/trading-bot-c-/trading-bot-c-/src/BotCore/BotCore.csproj]
/home/runner/work/trading-bot-c-/trading-bot-c-/src/BotCore/Brain/UnifiedTradingBrain.cs(3312,17): error CA1848: For improved performance, use the LoggerMessage delegates instead of calling 'LoggerExtensions.LogError(ILogger, Exception?, string?, params object?[])' (https://learn.microsoft.com/dotnet/fundamentals/code-analysis/quality-rules/ca1848) [/home/runner/work/trading-bot-c-/trading-bot-c-/src/BotCore/BotCore.csproj]
/home/runner/work/trading-bot-c-/trading-bot-c-/src/BotCore/CriticalSystemComponents.cs(1833,35): error CA1848: For improved performance, use the LoggerMessage delegates instead of calling 'LoggerExtensions.LogWarning(ILogger, string?, params object?[])' (https://learn.microsoft.com/dotnet/fundamentals/code-analysis/quality-rules/ca1848) [/home/runner/work/trading-bot-c-/trading-bot-c-/src/BotCore/BotCore.csproj]
/home/runner/work/trading-bot-c-/trading-bot-c-/src/BotCore/Brain/UnifiedTradingBrain.cs(3336,17): error CA1848: For improved performance, use the LoggerMessage delegates instead of calling 'LoggerExtensions.LogInformation(ILogger, string?, params object?[])' (https://learn.microsoft.com/dotnet/fundamentals/code-analysis/quality-rules/ca1848) [/home/runner/work/trading-bot-c-/trading-bot-c-/src/BotCore/BotCore.csproj]
/home/runner/work/trading-bot-c-/trading-bot-c-/src/BotCore/Brain/UnifiedTradingBrain.cs(3347,17): error CA1848: For improved performance, use the LoggerMessage delegates instead of calling 'LoggerExtensions.LogInformation(ILogger, string?, params object?[])' (https://learn.microsoft.com/dotnet/fundamentals/code-analysis/quality-rules/ca1848) [/home/runner/work/trading-bot-c-/trading-bot-c-/src/BotCore/BotCore.csproj]
/home/runner/work/trading-bot-c-/trading-bot-c-/src/BotCore/Brain/UnifiedTradingBrain.cs(3374,17): error CA1848: For improved performance, use the LoggerMessage delegates instead of calling 'LoggerExtensions.LogInformation(ILogger, string?, params object?[])' (https://learn.microsoft.com/dotnet/fundamentals/code-analysis/quality-rules/ca1848) [/home/runner/work/trading-bot-c-/trading-bot-c-/src/BotCore/BotCore.csproj]
/home/runner/work/trading-bot-c-/trading-bot-c-/src/BotCore/Brain/UnifiedTradingBrain.cs(3380,17): error CA1848: For improved performance, use the LoggerMessage delegates instead of calling 'LoggerExtensions.LogError(ILogger, Exception?, string?, params object?[])' (https://learn.microsoft.com/dotnet/fundamentals/code-analysis/quality-rules/ca1848) [/home/runner/work/trading-bot-c-/trading-bot-c-/src/BotCore/BotCore.csproj]
/home/runner/work/trading-bot-c-/trading-bot-c-/src/BotCore/Brain/UnifiedTradingBrain.cs(3385,17): error CA1848: For improved performance, use the LoggerMessage delegates instead of calling 'LoggerExtensions.LogError(ILogger, Exception?, string?, params object?[])' (https://learn.microsoft.com/dotnet/fundamentals/code-analysis/quality-rules/ca1848) [/home/runner/work/trading-bot-c-/trading-bot-c-/src/BotCore/BotCore.csproj]
/home/runner/work/trading-bot-c-/trading-bot-c-/src/BotCore/Brain/UnifiedTradingBrain.cs(3390,17): error CA1848: For improved performance, use the LoggerMessage delegates instead of calling 'LoggerExtensions.LogError(ILogger, Exception?, string?, params object?[])' (https://learn.microsoft.com/dotnet/fundamentals/code-analysis/quality-rules/ca1848) [/home/runner/work/trading-bot-c-/trading-bot-c-/src/BotCore/BotCore.csproj]
/home/runner/work/trading-bot-c-/trading-bot-c-/src/BotCore/CriticalSystemComponents.cs(719,13): error CA1848: For improved performance, use the LoggerMessage delegates instead of calling 'LoggerExtensions.LogInformation(ILogger, string?, params object?[])' (https://learn.microsoft.com/dotnet/fundamentals/code-analysis/quality-rules/ca1848) [/home/runner/work/trading-bot-c-/trading-bot-c-/src/BotCore/BotCore.csproj]
/home/runner/work/trading-bot-c-/trading-bot-c-/src/BotCore/CriticalSystemComponents.cs(739,21): error S1066: Merge this if statement with the enclosing one. (https://rules.sonarsource.com/csharp/RSPEC-1066) [/home/runner/work/trading-bot-c-/trading-bot-c-/src/BotCore/BotCore.csproj]
/home/runner/work/trading-bot-c-/trading-bot-c-/src/BotCore/CriticalSystemComponents.cs(731,21): error CA1848: For improved performance, use the LoggerMessage delegates instead of calling 'LoggerExtensions.LogError(ILogger, string?, params object?[])' (https://learn.microsoft.com/dotnet/fundamentals/code-analysis/quality-rules/ca1848) [/home/runner/work/trading-bot-c-/trading-bot-c-/src/BotCore/BotCore.csproj]
/home/runner/work/trading-bot-c-/trading-bot-c-/src/BotCore/CriticalSystemComponents.cs(748,21): error CA1848: For improved performance, use the LoggerMessage delegates instead of calling 'LoggerExtensions.LogError(ILogger, string?, params object?[])' (https://learn.microsoft.com/dotnet/fundamentals/code-analysis/quality-rules/ca1848) [/home/runner/work/trading-bot-c-/trading-bot-c-/src/BotCore/BotCore.csproj]
/home/runner/work/trading-bot-c-/trading-bot-c-/src/BotCore/Brain/UnifiedTradingBrain.cs(3413,17): error CA1848: For improved performance, use the LoggerMessage delegates instead of calling 'LoggerExtensions.LogInformation(ILogger, string?, params object?[])' (https://learn.microsoft.com/dotnet/fundamentals/code-analysis/quality-rules/ca1848) [/home/runner/work/trading-bot-c-/trading-bot-c-/src/BotCore/BotCore.csproj]
/home/runner/work/trading-bot-c-/trading-bot-c-/src/BotCore/Brain/UnifiedTradingBrain.cs(3451,17): error CA1848: For improved performance, use the LoggerMessage delegates instead of calling 'LoggerExtensions.LogInformation(ILogger, string?, params object?[])' (https://learn.microsoft.com/dotnet/fundamentals/code-analysis/quality-rules/ca1848) [/home/runner/work/trading-bot-c-/trading-bot-c-/src/BotCore/BotCore.csproj]
/home/runner/work/trading-bot-c-/trading-bot-c-/src/BotCore/Brain/UnifiedTradingBrain.cs(3458,17): error CA1848: For improved performance, use the LoggerMessage delegates instead of calling 'LoggerExtensions.LogError(ILogger, Exception?, string?, params object?[])' (https://learn.microsoft.com/dotnet/fundamentals/code-analysis/quality-rules/ca1848) [/home/runner/work/trading-bot-c-/trading-bot-c-/src/BotCore/BotCore.csproj]
/home/runner/work/trading-bot-c-/trading-bot-c-/src/BotCore/Brain/UnifiedTradingBrain.cs(3462,17): error CA1848: For improved performance, use the LoggerMessage delegates instead of calling 'LoggerExtensions.LogError(ILogger, Exception?, string?, params object?[])' (https://learn.microsoft.com/dotnet/fundamentals/code-analysis/quality-rules/ca1848) [/home/runner/work/trading-bot-c-/trading-bot-c-/src/BotCore/BotCore.csproj]
/home/runner/work/trading-bot-c-/trading-bot-c-/src/BotCore/Brain/UnifiedTradingBrain.cs(3466,17): error CA1848: For improved performance, use the LoggerMessage delegates instead of calling 'LoggerExtensions.LogError(ILogger, Exception?, string?, params object?[])' (https://learn.microsoft.com/dotnet/fundamentals/code-analysis/quality-rules/ca1848) [/home/runner/work/trading-bot-c-/trading-bot-c-/src/BotCore/BotCore.csproj]
/home/runner/work/trading-bot-c-/trading-bot-c-/src/BotCore/Brain/UnifiedTradingBrain.cs(3470,17): error CA1848: For improved performance, use the LoggerMessage delegates instead of calling 'LoggerExtensions.LogError(ILogger, Exception?, string?, params object?[])' (https://learn.microsoft.com/dotnet/fundamentals/code-analysis/quality-rules/ca1848) [/home/runner/work/trading-bot-c-/trading-bot-c-/src/BotCore/BotCore.csproj]
/home/runner/work/trading-bot-c-/trading-bot-c-/src/BotCore/CriticalSystemComponents.cs(822,71): error CA1869: Avoid creating a new 'JsonSerializerOptions' instance for every serialization operation. Cache and reuse instances instead. (https://learn.microsoft.com/dotnet/fundamentals/code-analysis/quality-rules/ca1869) [/home/runner/work/trading-bot-c-/trading-bot-c-/src/BotCore/BotCore.csproj]
/home/runner/work/trading-bot-c-/trading-bot-c-/src/BotCore/CriticalSystemComponents.cs(856,17): error CA1848: For improved performance, use the LoggerMessage delegates instead of calling 'LoggerExtensions.LogError(ILogger, string?, params object?[])' (https://learn.microsoft.com/dotnet/fundamentals/code-analysis/quality-rules/ca1848) [/home/runner/work/trading-bot-c-/trading-bot-c-/src/BotCore/BotCore.csproj]
/home/runner/work/trading-bot-c-/trading-bot-c-/src/BotCore/CriticalSystemComponents.cs(862,17): error CA1848: For improved performance, use the LoggerMessage delegates instead of calling 'LoggerExtensions.LogError(ILogger, string?, params object?[])' (https://learn.microsoft.com/dotnet/fundamentals/code-analysis/quality-rules/ca1848) [/home/runner/work/trading-bot-c-/trading-bot-c-/src/BotCore/BotCore.csproj]
/home/runner/work/trading-bot-c-/trading-bot-c-/src/BotCore/CriticalSystemComponents.cs(868,17): error CA1848: For improved performance, use the LoggerMessage delegates instead of calling 'LoggerExtensions.LogError(ILogger, string?, params object?[])' (https://learn.microsoft.com/dotnet/fundamentals/code-analysis/quality-rules/ca1848) [/home/runner/work/trading-bot-c-/trading-bot-c-/src/BotCore/BotCore.csproj]
/home/runner/work/trading-bot-c-/trading-bot-c-/src/BotCore/CriticalSystemComponents.cs(875,17): error CA1848: For improved performance, use the LoggerMessage delegates instead of calling 'LoggerExtensions.LogWarning(ILogger, string?, params object?[])' (https://learn.microsoft.com/dotnet/fundamentals/code-analysis/quality-rules/ca1848) [/home/runner/work/trading-bot-c-/trading-bot-c-/src/BotCore/BotCore.csproj]
/home/runner/work/trading-bot-c-/trading-bot-c-/src/BotCore/CriticalSystemComponents.cs(879,13): error CA1848: For improved performance, use the LoggerMessage delegates instead of calling 'LoggerExtensions.LogInformation(ILogger, string?, params object?[])' (https://learn.microsoft.com/dotnet/fundamentals/code-analysis/quality-rules/ca1848) [/home/runner/work/trading-bot-c-/trading-bot-c-/src/BotCore/BotCore.csproj]
/home/runner/work/trading-bot-c-/trading-bot-c-/src/BotCore/Brain/UnifiedTradingBrain.cs(3508,17): error CA1848: For improved performance, use the LoggerMessage delegates instead of calling 'LoggerExtensions.LogError(ILogger, Exception?, string?, params object?[])' (https://learn.microsoft.com/dotnet/fundamentals/code-analysis/quality-rules/ca1848) [/home/runner/work/trading-bot-c-/trading-bot-c-/src/BotCore/BotCore.csproj]
/home/runner/work/trading-bot-c-/trading-bot-c-/src/BotCore/Brain/UnifiedTradingBrain.cs(3513,17): error CA1848: For improved performance, use the LoggerMessage delegates instead of calling 'LoggerExtensions.LogError(ILogger, Exception?, string?, params object?[])' (https://learn.microsoft.com/dotnet/fundamentals/code-analysis/quality-rules/ca1848) [/home/runner/work/trading-bot-c-/trading-bot-c-/src/BotCore/BotCore.csproj]
/home/runner/work/trading-bot-c-/trading-bot-c-/src/BotCore/Brain/UnifiedTradingBrain.cs(3518,17): error CA1848: For improved performance, use the LoggerMessage delegates instead of calling 'LoggerExtensions.LogError(ILogger, Exception?, string?, params object?[])' (https://learn.microsoft.com/dotnet/fundamentals/code-analysis/quality-rules/ca1848) [/home/runner/work/trading-bot-c-/trading-bot-c-/src/BotCore/BotCore.csproj]
/home/runner/work/trading-bot-c-/trading-bot-c-/src/BotCore/Brain/UnifiedTradingBrain.cs(3554,17): error CA1848: For improved performance, use the LoggerMessage delegates instead of calling 'LoggerExtensions.LogError(ILogger, Exception?, string?, params object?[])' (https://learn.microsoft.com/dotnet/fundamentals/code-analysis/quality-rules/ca1848) [/home/runner/work/trading-bot-c-/trading-bot-c-/src/BotCore/BotCore.csproj]
/home/runner/work/trading-bot-c-/trading-bot-c-/src/BotCore/Brain/UnifiedTradingBrain.cs(3559,17): error CA1848: For improved performance, use the LoggerMessage delegates instead of calling 'LoggerExtensions.LogError(ILogger, Exception?, string?, params object?[])' (https://learn.microsoft.com/dotnet/fundamentals/code-analysis/quality-rules/ca1848) [/home/runner/work/trading-bot-c-/trading-bot-c-/src/BotCore/BotCore.csproj]
/home/runner/work/trading-bot-c-/trading-bot-c-/src/BotCore/Brain/UnifiedTradingBrain.cs(3564,17): error CA1848: For improved performance, use the LoggerMessage delegates instead of calling 'LoggerExtensions.LogError(ILogger, Exception?, string?, params object?[])' (https://learn.microsoft.com/dotnet/fundamentals/code-analysis/quality-rules/ca1848) [/home/runner/work/trading-bot-c-/trading-bot-c-/src/BotCore/BotCore.csproj]
/home/runner/work/trading-bot-c-/trading-bot-c-/src/BotCore/CriticalSystemComponents.cs(898,53): error S6602: "Find" method should be used instead of the "FirstOrDefault" extension method. (https://rules.sonarsource.com/csharp/RSPEC-6602) [/home/runner/work/trading-bot-c-/trading-bot-c-/src/BotCore/BotCore.csproj]
/home/runner/work/trading-bot-c-/trading-bot-c-/src/BotCore/CriticalSystemComponents.cs(889,17): error CA1848: For improved performance, use the LoggerMessage delegates instead of calling 'LoggerExtensions.LogInformation(ILogger, string?, params object?[])' (https://learn.microsoft.com/dotnet/fundamentals/code-analysis/quality-rules/ca1848) [/home/runner/work/trading-bot-c-/trading-bot-c-/src/BotCore/BotCore.csproj]
/home/runner/work/trading-bot-c-/trading-bot-c-/src/BotCore/CriticalSystemComponents.cs(919,25): error CA1848: For improved performance, use the LoggerMessage delegates instead of calling 'LoggerExtensions.LogDebug(ILogger, string?, params object?[])' (https://learn.microsoft.com/dotnet/fundamentals/code-analysis/quality-rules/ca1848) [/home/runner/work/trading-bot-c-/trading-bot-c-/src/BotCore/BotCore.csproj]
/home/runner/work/trading-bot-c-/trading-bot-c-/src/BotCore/CriticalSystemComponents.cs(939,21): error CA1848: For improved performance, use the LoggerMessage delegates instead of calling 'LoggerExtensions.LogWarning(ILogger, string?, params object?[])' (https://learn.microsoft.com/dotnet/fundamentals/code-analysis/quality-rules/ca1848) [/home/runner/work/trading-bot-c-/trading-bot-c-/src/BotCore/BotCore.csproj]
/home/runner/work/trading-bot-c-/trading-bot-c-/src/BotCore/CriticalSystemComponents.cs(944,21): error CA1848: For improved performance, use the LoggerMessage delegates instead of calling 'LoggerExtensions.LogInformation(ILogger, string?, params object?[])' (https://learn.microsoft.com/dotnet/fundamentals/code-analysis/quality-rules/ca1848) [/home/runner/work/trading-bot-c-/trading-bot-c-/src/BotCore/BotCore.csproj]
/home/runner/work/trading-bot-c-/trading-bot-c-/src/BotCore/CriticalSystemComponents.cs(949,17): error CA1848: For improved performance, use the LoggerMessage delegates instead of calling 'LoggerExtensions.LogError(ILogger, Exception?, string?, params object?[])' (https://learn.microsoft.com/dotnet/fundamentals/code-analysis/quality-rules/ca1848) [/home/runner/work/trading-bot-c-/trading-bot-c-/src/BotCore/BotCore.csproj]
/home/runner/work/trading-bot-c-/trading-bot-c-/src/BotCore/CriticalSystemComponents.cs(953,17): error CA1848: For improved performance, use the LoggerMessage delegates instead of calling 'LoggerExtensions.LogError(ILogger, Exception?, string?, params object?[])' (https://learn.microsoft.com/dotnet/fundamentals/code-analysis/quality-rules/ca1848) [/home/runner/work/trading-bot-c-/trading-bot-c-/src/BotCore/BotCore.csproj]
/home/runner/work/trading-bot-c-/trading-bot-c-/src/BotCore/CriticalSystemComponents.cs(957,17): error CA1848: For improved performance, use the LoggerMessage delegates instead of calling 'LoggerExtensions.LogError(ILogger, Exception?, string?, params object?[])' (https://learn.microsoft.com/dotnet/fundamentals/code-analysis/quality-rules/ca1848) [/home/runner/work/trading-bot-c-/trading-bot-c-/src/BotCore/BotCore.csproj]
/home/runner/work/trading-bot-c-/trading-bot-c-/src/BotCore/Brain/UnifiedTradingBrain.cs(3597,17): error CA1848: For improved performance, use the LoggerMessage delegates instead of calling 'LoggerExtensions.LogError(ILogger, Exception?, string?, params object?[])' (https://learn.microsoft.com/dotnet/fundamentals/code-analysis/quality-rules/ca1848) [/home/runner/work/trading-bot-c-/trading-bot-c-/src/BotCore/BotCore.csproj]
/home/runner/work/trading-bot-c-/trading-bot-c-/src/BotCore/Brain/UnifiedTradingBrain.cs(3602,17): error CA1848: For improved performance, use the LoggerMessage delegates instead of calling 'LoggerExtensions.LogError(ILogger, Exception?, string?, params object?[])' (https://learn.microsoft.com/dotnet/fundamentals/code-analysis/quality-rules/ca1848) [/home/runner/work/trading-bot-c-/trading-bot-c-/src/BotCore/BotCore.csproj]
/home/runner/work/trading-bot-c-/trading-bot-c-/src/BotCore/Brain/UnifiedTradingBrain.cs(3607,17): error CA1848: For improved performance, use the LoggerMessage delegates instead of calling 'LoggerExtensions.LogError(ILogger, Exception?, string?, params object?[])' (https://learn.microsoft.com/dotnet/fundamentals/code-analysis/quality-rules/ca1848) [/home/runner/work/trading-bot-c-/trading-bot-c-/src/BotCore/BotCore.csproj]
/home/runner/work/trading-bot-c-/trading-bot-c-/src/BotCore/CriticalSystemComponents.cs(977,17): error CA1848: For improved performance, use the LoggerMessage delegates instead of calling 'LoggerExtensions.LogInformation(ILogger, string?, params object?[])' (https://learn.microsoft.com/dotnet/fundamentals/code-analysis/quality-rules/ca1848) [/home/runner/work/trading-bot-c-/trading-bot-c-/src/BotCore/BotCore.csproj]
/home/runner/work/trading-bot-c-/trading-bot-c-/src/BotCore/CriticalSystemComponents.cs(981,17): error CA1848: For improved performance, use the LoggerMessage delegates instead of calling 'LoggerExtensions.LogError(ILogger, Exception?, string?, params object?[])' (https://learn.microsoft.com/dotnet/fundamentals/code-analysis/quality-rules/ca1848) [/home/runner/work/trading-bot-c-/trading-bot-c-/src/BotCore/BotCore.csproj]
/home/runner/work/trading-bot-c-/trading-bot-c-/src/BotCore/CriticalSystemComponents.cs(985,17): error CA1848: For improved performance, use the LoggerMessage delegates instead of calling 'LoggerExtensions.LogError(ILogger, Exception?, string?, params object?[])' (https://learn.microsoft.com/dotnet/fundamentals/code-analysis/quality-rules/ca1848) [/home/runner/work/trading-bot-c-/trading-bot-c-/src/BotCore/BotCore.csproj]
/home/runner/work/trading-bot-c-/trading-bot-c-/src/BotCore/CriticalSystemComponents.cs(989,17): error CA1848: For improved performance, use the LoggerMessage delegates instead of calling 'LoggerExtensions.LogError(ILogger, Exception?, string?, params object?[])' (https://learn.microsoft.com/dotnet/fundamentals/code-analysis/quality-rules/ca1848) [/home/runner/work/trading-bot-c-/trading-bot-c-/src/BotCore/BotCore.csproj]
/home/runner/work/trading-bot-c-/trading-bot-c-/src/BotCore/CriticalSystemComponents.cs(974,21): error CA1849: 'SQLiteCommand.ExecuteNonQuery()' synchronously blocks. Await 'DbCommand.ExecuteNonQueryAsync()' instead. (https://learn.microsoft.com/dotnet/fundamentals/code-analysis/quality-rules/ca1849) [/home/runner/work/trading-bot-c-/trading-bot-c-/src/BotCore/BotCore.csproj]
/home/runner/work/trading-bot-c-/trading-bot-c-/src/BotCore/Brain/UnifiedTradingBrain.cs(3656,17): error CA1848: For improved performance, use the LoggerMessage delegates instead of calling 'LoggerExtensions.LogError(ILogger, Exception?, string?, params object?[])' (https://learn.microsoft.com/dotnet/fundamentals/code-analysis/quality-rules/ca1848) [/home/runner/work/trading-bot-c-/trading-bot-c-/src/BotCore/BotCore.csproj]
/home/runner/work/trading-bot-c-/trading-bot-c-/src/BotCore/Brain/UnifiedTradingBrain.cs(3661,17): error CA1848: For improved performance, use the LoggerMessage delegates instead of calling 'LoggerExtensions.LogError(ILogger, Exception?, string?, params object?[])' (https://learn.microsoft.com/dotnet/fundamentals/code-analysis/quality-rules/ca1848) [/home/runner/work/trading-bot-c-/trading-bot-c-/src/BotCore/BotCore.csproj]
/home/runner/work/trading-bot-c-/trading-bot-c-/src/BotCore/Brain/UnifiedTradingBrain.cs(3666,17): error CA1848: For improved performance, use the LoggerMessage delegates instead of calling 'LoggerExtensions.LogError(ILogger, Exception?, string?, params object?[])' (https://learn.microsoft.com/dotnet/fundamentals/code-analysis/quality-rules/ca1848) [/home/runner/work/trading-bot-c-/trading-bot-c-/src/BotCore/BotCore.csproj]
/home/runner/work/trading-bot-c-/trading-bot-c-/src/BotCore/CriticalSystemComponents.cs(1053,21): error CA1848: For improved performance, use the LoggerMessage delegates instead of calling 'LoggerExtensions.LogError(ILogger, Exception?, string?, params object?[])' (https://learn.microsoft.com/dotnet/fundamentals/code-analysis/quality-rules/ca1848) [/home/runner/work/trading-bot-c-/trading-bot-c-/src/BotCore/BotCore.csproj]
/home/runner/work/trading-bot-c-/trading-bot-c-/src/BotCore/CriticalSystemComponents.cs(1059,21): error CA1848: For improved performance, use the LoggerMessage delegates instead of calling 'LoggerExtensions.LogError(ILogger, Exception?, string?, params object?[])' (https://learn.microsoft.com/dotnet/fundamentals/code-analysis/quality-rules/ca1848) [/home/runner/work/trading-bot-c-/trading-bot-c-/src/BotCore/BotCore.csproj]
/home/runner/work/trading-bot-c-/trading-bot-c-/src/BotCore/CriticalSystemComponents.cs(1065,21): error CA1848: For improved performance, use the LoggerMessage delegates instead of calling 'LoggerExtensions.LogError(ILogger, Exception?, string?, params object?[])' (https://learn.microsoft.com/dotnet/fundamentals/code-analysis/quality-rules/ca1848) [/home/runner/work/trading-bot-c-/trading-bot-c-/src/BotCore/BotCore.csproj]
/home/runner/work/trading-bot-c-/trading-bot-c-/src/BotCore/Brain/UnifiedTradingBrain.cs(3706,17): error CA1848: For improved performance, use the LoggerMessage delegates instead of calling 'LoggerExtensions.LogError(ILogger, Exception?, string?, params object?[])' (https://learn.microsoft.com/dotnet/fundamentals/code-analysis/quality-rules/ca1848) [/home/runner/work/trading-bot-c-/trading-bot-c-/src/BotCore/BotCore.csproj]
/home/runner/work/trading-bot-c-/trading-bot-c-/src/BotCore/Brain/UnifiedTradingBrain.cs(3711,17): error CA1848: For improved performance, use the LoggerMessage delegates instead of calling 'LoggerExtensions.LogError(ILogger, Exception?, string?, params object?[])' (https://learn.microsoft.com/dotnet/fundamentals/code-analysis/quality-rules/ca1848) [/home/runner/work/trading-bot-c-/trading-bot-c-/src/BotCore/BotCore.csproj]
/home/runner/work/trading-bot-c-/trading-bot-c-/src/BotCore/Brain/UnifiedTradingBrain.cs(3716,17): error CA1848: For improved performance, use the LoggerMessage delegates instead of calling 'LoggerExtensions.LogError(ILogger, Exception?, string?, params object?[])' (https://learn.microsoft.com/dotnet/fundamentals/code-analysis/quality-rules/ca1848) [/home/runner/work/trading-bot-c-/trading-bot-c-/src/BotCore/BotCore.csproj]
/home/runner/work/trading-bot-c-/trading-bot-c-/src/BotCore/Strategy/AllStrategies.cs(651,48): error S1541: The Cyclomatic Complexity of this method is 134 which is greater than 10 authorized. (https://rules.sonarsource.com/csharp/RSPEC-1541) [/home/runner/work/trading-bot-c-/trading-bot-c-/src/BotCore/BotCore.csproj]
/home/runner/work/trading-bot-c-/trading-bot-c-/src/BotCore/Strategy/AllStrategies.cs(651,48): error S138: This method 'S2' has 318 lines, which is greater than the 80 lines authorized. Split it into smaller methods. (https://rules.sonarsource.com/csharp/RSPEC-138) [/home/runner/work/trading-bot-c-/trading-bot-c-/src/BotCore/BotCore.csproj]
/home/runner/work/trading-bot-c-/trading-bot-c-/src/BotCore/Brain/UnifiedTradingBrain.cs(3750,17): error CA1848: For improved performance, use the LoggerMessage delegates instead of calling 'LoggerExtensions.LogError(ILogger, Exception?, string?, params object?[])' (https://learn.microsoft.com/dotnet/fundamentals/code-analysis/quality-rules/ca1848) [/home/runner/work/trading-bot-c-/trading-bot-c-/src/BotCore/BotCore.csproj]
/home/runner/work/trading-bot-c-/trading-bot-c-/src/BotCore/Brain/UnifiedTradingBrain.cs(3755,17): error CA1848: For improved performance, use the LoggerMessage delegates instead of calling 'LoggerExtensions.LogError(ILogger, Exception?, string?, params object?[])' (https://learn.microsoft.com/dotnet/fundamentals/code-analysis/quality-rules/ca1848) [/home/runner/work/trading-bot-c-/trading-bot-c-/src/BotCore/BotCore.csproj]
/home/runner/work/trading-bot-c-/trading-bot-c-/src/BotCore/Brain/UnifiedTradingBrain.cs(3760,17): error CA1848: For improved performance, use the LoggerMessage delegates instead of calling 'LoggerExtensions.LogError(ILogger, Exception?, string?, params object?[])' (https://learn.microsoft.com/dotnet/fundamentals/code-analysis/quality-rules/ca1848) [/home/runner/work/trading-bot-c-/trading-bot-c-/src/BotCore/BotCore.csproj]
/home/runner/work/trading-bot-c-/trading-bot-c-/src/BotCore/CriticalSystemComponents.cs(1113,20): error S1215: Refactor the code to remove this use of 'GC.Collect'. (https://rules.sonarsource.com/csharp/RSPEC-1215) [/home/runner/work/trading-bot-c-/trading-bot-c-/src/BotCore/BotCore.csproj]
/home/runner/work/trading-bot-c-/trading-bot-c-/src/BotCore/CriticalSystemComponents.cs(1103,13): error CA1848: For improved performance, use the LoggerMessage delegates instead of calling 'LoggerExtensions.LogCritical(ILogger, string?, params object?[])' (https://learn.microsoft.com/dotnet/fundamentals/code-analysis/quality-rules/ca1848) [/home/runner/work/trading-bot-c-/trading-bot-c-/src/BotCore/BotCore.csproj]
/home/runner/work/trading-bot-c-/trading-bot-c-/src/BotCore/CriticalSystemComponents.cs(1111,17): error CA1848: For improved performance, use the LoggerMessage delegates instead of calling 'LoggerExtensions.LogWarning(ILogger, string?, params object?[])' (https://learn.microsoft.com/dotnet/fundamentals/code-analysis/quality-rules/ca1848) [/home/runner/work/trading-bot-c-/trading-bot-c-/src/BotCore/BotCore.csproj]
/home/runner/work/trading-bot-c-/trading-bot-c-/src/BotCore/CriticalSystemComponents.cs(1121,17): error CA1848: For improved performance, use the LoggerMessage delegates instead of calling 'LoggerExtensions.LogWarning(ILogger, string?, params object?[])' (https://learn.microsoft.com/dotnet/fundamentals/code-analysis/quality-rules/ca1848) [/home/runner/work/trading-bot-c-/trading-bot-c-/src/BotCore/BotCore.csproj]
/home/runner/work/trading-bot-c-/trading-bot-c-/src/BotCore/Brain/UnifiedTradingBrain.cs(3792,17): error CA1848: For improved performance, use the LoggerMessage delegates instead of calling 'LoggerExtensions.LogError(ILogger, Exception?, string?, params object?[])' (https://learn.microsoft.com/dotnet/fundamentals/code-analysis/quality-rules/ca1848) [/home/runner/work/trading-bot-c-/trading-bot-c-/src/BotCore/BotCore.csproj]
/home/runner/work/trading-bot-c-/trading-bot-c-/src/BotCore/Brain/UnifiedTradingBrain.cs(3797,17): error CA1848: For improved performance, use the LoggerMessage delegates instead of calling 'LoggerExtensions.LogError(ILogger, Exception?, string?, params object?[])' (https://learn.microsoft.com/dotnet/fundamentals/code-analysis/quality-rules/ca1848) [/home/runner/work/trading-bot-c-/trading-bot-c-/src/BotCore/BotCore.csproj]
/home/runner/work/trading-bot-c-/trading-bot-c-/src/BotCore/Brain/UnifiedTradingBrain.cs(3802,17): error CA1848: For improved performance, use the LoggerMessage delegates instead of calling 'LoggerExtensions.LogError(ILogger, Exception?, string?, params object?[])' (https://learn.microsoft.com/dotnet/fundamentals/code-analysis/quality-rules/ca1848) [/home/runner/work/trading-bot-c-/trading-bot-c-/src/BotCore/BotCore.csproj]
/home/runner/work/trading-bot-c-/trading-bot-c-/src/BotCore/Risk/CriticalSystemComponentsFixes.cs(35,13): error CA1848: For improved performance, use the LoggerMessage delegates instead of calling 'LoggerExtensions.LogInformation(ILogger, string?, params object?[])' (https://learn.microsoft.com/dotnet/fundamentals/code-analysis/quality-rules/ca1848) [/home/runner/work/trading-bot-c-/trading-bot-c-/src/BotCore/BotCore.csproj]
/home/runner/work/trading-bot-c-/trading-bot-c-/src/BotCore/Risk/CriticalSystemComponentsFixes.cs(50,13): error CA1848: For improved performance, use the LoggerMessage delegates instead of calling 'LoggerExtensions.LogInformation(ILogger, string?, params object?[])' (https://learn.microsoft.com/dotnet/fundamentals/code-analysis/quality-rules/ca1848) [/home/runner/work/trading-bot-c-/trading-bot-c-/src/BotCore/BotCore.csproj]
/home/runner/work/trading-bot-c-/trading-bot-c-/src/BotCore/Risk/CriticalSystemComponentsFixes.cs(65,21): error CA1848: For improved performance, use the LoggerMessage delegates instead of calling 'LoggerExtensions.LogInformation(ILogger, Exception?, string?, params object?[])' (https://learn.microsoft.com/dotnet/fundamentals/code-analysis/quality-rules/ca1848) [/home/runner/work/trading-bot-c-/trading-bot-c-/src/BotCore/BotCore.csproj]
/home/runner/work/trading-bot-c-/trading-bot-c-/src/BotCore/Risk/CriticalSystemComponentsFixes.cs(70,21): error CA1848: For improved performance, use the LoggerMessage delegates instead of calling 'LoggerExtensions.LogError(ILogger, Exception?, string?, params object?[])' (https://learn.microsoft.com/dotnet/fundamentals/code-analysis/quality-rules/ca1848) [/home/runner/work/trading-bot-c-/trading-bot-c-/src/BotCore/BotCore.csproj]
/home/runner/work/trading-bot-c-/trading-bot-c-/src/BotCore/Risk/CriticalSystemComponentsFixes.cs(75,21): error CA1848: For improved performance, use the LoggerMessage delegates instead of calling 'LoggerExtensions.LogError(ILogger, Exception?, string?, params object?[])' (https://learn.microsoft.com/dotnet/fundamentals/code-analysis/quality-rules/ca1848) [/home/runner/work/trading-bot-c-/trading-bot-c-/src/BotCore/BotCore.csproj]
/home/runner/work/trading-bot-c-/trading-bot-c-/src/BotCore/CriticalSystemComponents.cs(1165,21): error S6667: Logging in a catch clause should pass the caught exception as a parameter. (https://rules.sonarsource.com/csharp/RSPEC-6667) [/home/runner/work/trading-bot-c-/trading-bot-c-/src/BotCore/BotCore.csproj]
/home/runner/work/trading-bot-c-/trading-bot-c-/src/BotCore/CriticalSystemComponents.cs(1161,21): error CA1848: For improved performance, use the LoggerMessage delegates instead of calling 'LoggerExtensions.LogInformation(ILogger, string?, params object?[])' (https://learn.microsoft.com/dotnet/fundamentals/code-analysis/quality-rules/ca1848) [/home/runner/work/trading-bot-c-/trading-bot-c-/src/BotCore/BotCore.csproj]
/home/runner/work/trading-bot-c-/trading-bot-c-/src/BotCore/CriticalSystemComponents.cs(1165,21): error CA1848: For improved performance, use the LoggerMessage delegates instead of calling 'LoggerExtensions.LogWarning(ILogger, string?, params object?[])' (https://learn.microsoft.com/dotnet/fundamentals/code-analysis/quality-rules/ca1848) [/home/runner/work/trading-bot-c-/trading-bot-c-/src/BotCore/BotCore.csproj]
/home/runner/work/trading-bot-c-/trading-bot-c-/src/BotCore/CriticalSystemComponents.cs(1169,21): error CA1848: For improved performance, use the LoggerMessage delegates instead of calling 'LoggerExtensions.LogError(ILogger, Exception?, string?, params object?[])' (https://learn.microsoft.com/dotnet/fundamentals/code-analysis/quality-rules/ca1848) [/home/runner/work/trading-bot-c-/trading-bot-c-/src/BotCore/BotCore.csproj]
/home/runner/work/trading-bot-c-/trading-bot-c-/src/BotCore/CriticalSystemComponents.cs(1173,21): error CA1848: For improved performance, use the LoggerMessage delegates instead of calling 'LoggerExtensions.LogError(ILogger, Exception?, string?, params object?[])' (https://learn.microsoft.com/dotnet/fundamentals/code-analysis/quality-rules/ca1848) [/home/runner/work/trading-bot-c-/trading-bot-c-/src/BotCore/BotCore.csproj]
/home/runner/work/trading-bot-c-/trading-bot-c-/src/BotCore/CriticalSystemComponents.cs(1180,17): error CA1848: For improved performance, use the LoggerMessage delegates instead of calling 'LoggerExtensions.LogError(ILogger, string?, params object?[])' (https://learn.microsoft.com/dotnet/fundamentals/code-analysis/quality-rules/ca1848) [/home/runner/work/trading-bot-c-/trading-bot-c-/src/BotCore/BotCore.csproj]
/home/runner/work/trading-bot-c-/trading-bot-c-/src/BotCore/CriticalSystemComponents.cs(1189,31): error S3400: Remove this method and declare a constant for this value. (https://rules.sonarsource.com/csharp/RSPEC-3400) [/home/runner/work/trading-bot-c-/trading-bot-c-/src/BotCore/BotCore.csproj]
/home/runner/work/trading-bot-c-/trading-bot-c-/src/BotCore/CriticalSystemComponents.cs(1191,73): error CA1848: For improved performance, use the LoggerMessage delegates instead of calling 'LoggerExtensions.LogError(ILogger, Exception?, string?, params object?[])' (https://learn.microsoft.com/dotnet/fundamentals/code-analysis/quality-rules/ca1848) [/home/runner/work/trading-bot-c-/trading-bot-c-/src/BotCore/BotCore.csproj]
/home/runner/work/trading-bot-c-/trading-bot-c-/src/BotCore/CriticalSystemComponents.cs(1191,94): error CA2254: The logging message template should not vary between calls to 'LoggerExtensions.LogError(ILogger, Exception?, string?, params object?[])' (https://learn.microsoft.com/dotnet/fundamentals/code-analysis/quality-rules/ca2254) [/home/runner/work/trading-bot-c-/trading-bot-c-/src/BotCore/BotCore.csproj]
/home/runner/work/trading-bot-c-/trading-bot-c-/src/BotCore/CriticalSystemComponents.cs(1193,64): error CA1848: For improved performance, use the LoggerMessage delegates instead of calling 'LoggerExtensions.LogWarning(ILogger, string?, params object?[])' (https://learn.microsoft.com/dotnet/fundamentals/code-analysis/quality-rules/ca1848) [/home/runner/work/trading-bot-c-/trading-bot-c-/src/BotCore/BotCore.csproj]
/home/runner/work/trading-bot-c-/trading-bot-c-/src/BotCore/CriticalSystemComponents.cs(1193,83): error CA2254: The logging message template should not vary between calls to 'LoggerExtensions.LogWarning(ILogger, string?, params object?[])' (https://learn.microsoft.com/dotnet/fundamentals/code-analysis/quality-rules/ca2254) [/home/runner/work/trading-bot-c-/trading-bot-c-/src/BotCore/BotCore.csproj]
/home/runner/work/trading-bot-c-/trading-bot-c-/src/BotCore/CriticalSystemComponents.cs(1199,59): error CA1848: For improved performance, use the LoggerMessage delegates instead of calling 'LoggerExtensions.LogCritical(ILogger, string?, params object?[])' (https://learn.microsoft.com/dotnet/fundamentals/code-analysis/quality-rules/ca1848) [/home/runner/work/trading-bot-c-/trading-bot-c-/src/BotCore/BotCore.csproj]
/home/runner/work/trading-bot-c-/trading-bot-c-/src/BotCore/CriticalSystemComponents.cs(1199,79): error CA2254: The logging message template should not vary between calls to 'LoggerExtensions.LogCritical(ILogger, string?, params object?[])' (https://learn.microsoft.com/dotnet/fundamentals/code-analysis/quality-rules/ca2254) [/home/runner/work/trading-bot-c-/trading-bot-c-/src/BotCore/BotCore.csproj]
/home/runner/work/trading-bot-c-/trading-bot-c-/src/BotCore/Risk/CriticalSystemComponentsFixes.cs(83,13): error CA1848: For improved performance, use the LoggerMessage delegates instead of calling 'LoggerExtensions.LogInformation(ILogger, string?, params object?[])' (https://learn.microsoft.com/dotnet/fundamentals/code-analysis/quality-rules/ca1848) [/home/runner/work/trading-bot-c-/trading-bot-c-/src/BotCore/BotCore.csproj]
/home/runner/work/trading-bot-c-/trading-bot-c-/src/BotCore/Risk/CriticalSystemComponentsFixes.cs(95,25): error CA1848: For improved performance, use the LoggerMessage delegates instead of calling 'LoggerExtensions.LogWarning(ILogger, string?, params object?[])' (https://learn.microsoft.com/dotnet/fundamentals/code-analysis/quality-rules/ca1848) [/home/runner/work/trading-bot-c-/trading-bot-c-/src/BotCore/BotCore.csproj]
/home/runner/work/trading-bot-c-/trading-bot-c-/src/BotCore/Risk/CriticalSystemComponentsFixes.cs(105,21): error CA1848: For improved performance, use the LoggerMessage delegates instead of calling 'LoggerExtensions.LogInformation(ILogger, Exception?, string?, params object?[])' (https://learn.microsoft.com/dotnet/fundamentals/code-analysis/quality-rules/ca1848) [/home/runner/work/trading-bot-c-/trading-bot-c-/src/BotCore/BotCore.csproj]
/home/runner/work/trading-bot-c-/trading-bot-c-/src/BotCore/Risk/CriticalSystemComponentsFixes.cs(110,21): error CA1848: For improved performance, use the LoggerMessage delegates instead of calling 'LoggerExtensions.LogError(ILogger, Exception?, string?, params object?[])' (https://learn.microsoft.com/dotnet/fundamentals/code-analysis/quality-rules/ca1848) [/home/runner/work/trading-bot-c-/trading-bot-c-/src/BotCore/BotCore.csproj]
/home/runner/work/trading-bot-c-/trading-bot-c-/src/BotCore/Risk/CriticalSystemComponentsFixes.cs(115,21): error CA1848: For improved performance, use the LoggerMessage delegates instead of calling 'LoggerExtensions.LogCritical(ILogger, Exception?, string?, params object?[])' (https://learn.microsoft.com/dotnet/fundamentals/code-analysis/quality-rules/ca1848) [/home/runner/work/trading-bot-c-/trading-bot-c-/src/BotCore/BotCore.csproj]
/home/runner/work/trading-bot-c-/trading-bot-c-/src/BotCore/CriticalSystemComponents.cs(1204,25): error CA1848: For improved performance, use the LoggerMessage delegates instead of calling 'LoggerExtensions.LogWarning(ILogger, string?, params object?[])' (https://learn.microsoft.com/dotnet/fundamentals/code-analysis/quality-rules/ca1848) [/home/runner/work/trading-bot-c-/trading-bot-c-/src/BotCore/BotCore.csproj]
/home/runner/work/trading-bot-c-/trading-bot-c-/src/BotCore/CriticalSystemComponents.cs(1220,25): error CA1848: For improved performance, use the LoggerMessage delegates instead of calling 'LoggerExtensions.LogError(ILogger, string?, params object?[])' (https://learn.microsoft.com/dotnet/fundamentals/code-analysis/quality-rules/ca1848) [/home/runner/work/trading-bot-c-/trading-bot-c-/src/BotCore/BotCore.csproj]
/home/runner/work/trading-bot-c-/trading-bot-c-/src/BotCore/CriticalSystemComponents.cs(1225,25): error CA1848: For improved performance, use the LoggerMessage delegates instead of calling 'LoggerExtensions.LogError(ILogger, Exception?, string?, params object?[])' (https://learn.microsoft.com/dotnet/fundamentals/code-analysis/quality-rules/ca1848) [/home/runner/work/trading-bot-c-/trading-bot-c-/src/BotCore/BotCore.csproj]
/home/runner/work/trading-bot-c-/trading-bot-c-/src/BotCore/CriticalSystemComponents.cs(1229,25): error CA1848: For improved performance, use the LoggerMessage delegates instead of calling 'LoggerExtensions.LogError(ILogger, Exception?, string?, params object?[])' (https://learn.microsoft.com/dotnet/fundamentals/code-analysis/quality-rules/ca1848) [/home/runner/work/trading-bot-c-/trading-bot-c-/src/BotCore/BotCore.csproj]
/home/runner/work/trading-bot-c-/trading-bot-c-/src/BotCore/CriticalSystemComponents.cs(1233,25): error CA1848: For improved performance, use the LoggerMessage delegates instead of calling 'LoggerExtensions.LogError(ILogger, Exception?, string?, params object?[])' (https://learn.microsoft.com/dotnet/fundamentals/code-analysis/quality-rules/ca1848) [/home/runner/work/trading-bot-c-/trading-bot-c-/src/BotCore/BotCore.csproj]
/home/runner/work/trading-bot-c-/trading-bot-c-/src/BotCore/Risk/CriticalSystemComponentsFixes.cs(123,13): error CA1848: For improved performance, use the LoggerMessage delegates instead of calling 'LoggerExtensions.LogInformation(ILogger, string?, params object?[])' (https://learn.microsoft.com/dotnet/fundamentals/code-analysis/quality-rules/ca1848) [/home/runner/work/trading-bot-c-/trading-bot-c-/src/BotCore/BotCore.csproj]
/home/runner/work/trading-bot-c-/trading-bot-c-/src/BotCore/Risk/CriticalSystemComponentsFixes.cs(133,21): error CA1848: For improved performance, use the LoggerMessage delegates instead of calling 'LoggerExtensions.LogDebug(ILogger, string?, params object?[])' (https://learn.microsoft.com/dotnet/fundamentals/code-analysis/quality-rules/ca1848) [/home/runner/work/trading-bot-c-/trading-bot-c-/src/BotCore/BotCore.csproj]
/home/runner/work/trading-bot-c-/trading-bot-c-/src/BotCore/Risk/CriticalSystemComponentsFixes.cs(140,21): error CA1848: For improved performance, use the LoggerMessage delegates instead of calling 'LoggerExtensions.LogInformation(ILogger, Exception?, string?, params object?[])' (https://learn.microsoft.com/dotnet/fundamentals/code-analysis/quality-rules/ca1848) [/home/runner/work/trading-bot-c-/trading-bot-c-/src/BotCore/BotCore.csproj]
/home/runner/work/trading-bot-c-/trading-bot-c-/src/BotCore/Risk/CriticalSystemComponentsFixes.cs(145,21): error CA1848: For improved performance, use the LoggerMessage delegates instead of calling 'LoggerExtensions.LogError(ILogger, Exception?, string?, params object?[])' (https://learn.microsoft.com/dotnet/fundamentals/code-analysis/quality-rules/ca1848) [/home/runner/work/trading-bot-c-/trading-bot-c-/src/BotCore/BotCore.csproj]
/home/runner/work/trading-bot-c-/trading-bot-c-/src/BotCore/Risk/CriticalSystemComponentsFixes.cs(150,21): error CA1848: For improved performance, use the LoggerMessage delegates instead of calling 'LoggerExtensions.LogError(ILogger, Exception?, string?, params object?[])' (https://learn.microsoft.com/dotnet/fundamentals/code-analysis/quality-rules/ca1848) [/home/runner/work/trading-bot-c-/trading-bot-c-/src/BotCore/BotCore.csproj]
/home/runner/work/trading-bot-c-/trading-bot-c-/src/BotCore/Risk/CriticalSystemComponentsFixes.cs(165,13): error CA1848: For improved performance, use the LoggerMessage delegates instead of calling 'LoggerExtensions.LogDebug(ILogger, string?, params object?[])' (https://learn.microsoft.com/dotnet/fundamentals/code-analysis/quality-rules/ca1848) [/home/runner/work/trading-bot-c-/trading-bot-c-/src/BotCore/BotCore.csproj]
/home/runner/work/trading-bot-c-/trading-bot-c-/src/BotCore/Strategy/AllStrategies.cs(1174,28): error CA1707: Remove the underscores from member name BotCore.Strategy.AllStrategies.add_cand(System.Collections.Generic.IList<BotCore.Models.Candidate>, string, string, string, decimal, decimal, decimal, BotCore.Models.Env, BotCore.Risk.RiskEngine, string?, System.Collections.Generic.IList<BotCore.Models.Bar>?) (https://learn.microsoft.com/dotnet/fundamentals/code-analysis/quality-rules/ca1707) [/home/runner/work/trading-bot-c-/trading-bot-c-/src/BotCore/BotCore.csproj]
/home/runner/work/trading-bot-c-/trading-bot-c-/src/BotCore/CriticalSystemComponents.cs(1241,25): error CA1848: For improved performance, use the LoggerMessage delegates instead of calling 'LoggerExtensions.LogWarning(ILogger, string?, params object?[])' (https://learn.microsoft.com/dotnet/fundamentals/code-analysis/quality-rules/ca1848) [/home/runner/work/trading-bot-c-/trading-bot-c-/src/BotCore/BotCore.csproj]
/home/runner/work/trading-bot-c-/trading-bot-c-/src/BotCore/CriticalSystemComponents.cs(1253,25): error CA1848: For improved performance, use the LoggerMessage delegates instead of calling 'LoggerExtensions.LogError(ILogger, string?, params object?[])' (https://learn.microsoft.com/dotnet/fundamentals/code-analysis/quality-rules/ca1848) [/home/runner/work/trading-bot-c-/trading-bot-c-/src/BotCore/BotCore.csproj]
/home/runner/work/trading-bot-c-/trading-bot-c-/src/BotCore/CriticalSystemComponents.cs(1258,25): error CA1848: For improved performance, use the LoggerMessage delegates instead of calling 'LoggerExtensions.LogError(ILogger, Exception?, string?, params object?[])' (https://learn.microsoft.com/dotnet/fundamentals/code-analysis/quality-rules/ca1848) [/home/runner/work/trading-bot-c-/trading-bot-c-/src/BotCore/BotCore.csproj]
/home/runner/work/trading-bot-c-/trading-bot-c-/src/BotCore/CriticalSystemComponents.cs(1262,25): error CA1848: For improved performance, use the LoggerMessage delegates instead of calling 'LoggerExtensions.LogError(ILogger, Exception?, string?, params object?[])' (https://learn.microsoft.com/dotnet/fundamentals/code-analysis/quality-rules/ca1848) [/home/runner/work/trading-bot-c-/trading-bot-c-/src/BotCore/BotCore.csproj]
/home/runner/work/trading-bot-c-/trading-bot-c-/src/BotCore/CriticalSystemComponents.cs(1266,25): error CA1848: For improved performance, use the LoggerMessage delegates instead of calling 'LoggerExtensions.LogError(ILogger, Exception?, string?, params object?[])' (https://learn.microsoft.com/dotnet/fundamentals/code-analysis/quality-rules/ca1848) [/home/runner/work/trading-bot-c-/trading-bot-c-/src/BotCore/BotCore.csproj]
/home/runner/work/trading-bot-c-/trading-bot-c-/src/BotCore/Risk/CriticalSystemComponentsFixes.cs(175,17): error CA1848: For improved performance, use the LoggerMessage delegates instead of calling 'LoggerExtensions.LogDebug(ILogger, string?, params object?[])' (https://learn.microsoft.com/dotnet/fundamentals/code-analysis/quality-rules/ca1848) [/home/runner/work/trading-bot-c-/trading-bot-c-/src/BotCore/BotCore.csproj]
/home/runner/work/trading-bot-c-/trading-bot-c-/src/BotCore/Risk/CriticalSystemComponentsFixes.cs(179,17): error CA1848: For improved performance, use the LoggerMessage delegates instead of calling 'LoggerExtensions.LogError(ILogger, Exception?, string?, params object?[])' (https://learn.microsoft.com/dotnet/fundamentals/code-analysis/quality-rules/ca1848) [/home/runner/work/trading-bot-c-/trading-bot-c-/src/BotCore/BotCore.csproj]
/home/runner/work/trading-bot-c-/trading-bot-c-/src/BotCore/Risk/CriticalSystemComponentsFixes.cs(190,17): error CA1848: For improved performance, use the LoggerMessage delegates instead of calling 'LoggerExtensions.LogDebug(ILogger, string?, params object?[])' (https://learn.microsoft.com/dotnet/fundamentals/code-analysis/quality-rules/ca1848) [/home/runner/work/trading-bot-c-/trading-bot-c-/src/BotCore/BotCore.csproj]
/home/runner/work/trading-bot-c-/trading-bot-c-/src/BotCore/Risk/CriticalSystemComponentsFixes.cs(194,17): error CA1848: For improved performance, use the LoggerMessage delegates instead of calling 'LoggerExtensions.LogError(ILogger, Exception?, string?, params object?[])' (https://learn.microsoft.com/dotnet/fundamentals/code-analysis/quality-rules/ca1848) [/home/runner/work/trading-bot-c-/trading-bot-c-/src/BotCore/BotCore.csproj]
/home/runner/work/trading-bot-c-/trading-bot-c-/src/BotCore/CriticalSystemComponents.cs(1274,25): error CA1848: For improved performance, use the LoggerMessage delegates instead of calling 'LoggerExtensions.LogWarning(ILogger, string?, params object?[])' (https://learn.microsoft.com/dotnet/fundamentals/code-analysis/quality-rules/ca1848) [/home/runner/work/trading-bot-c-/trading-bot-c-/src/BotCore/BotCore.csproj]
/home/runner/work/trading-bot-c-/trading-bot-c-/src/BotCore/CriticalSystemComponents.cs(1285,25): error CA1848: For improved performance, use the LoggerMessage delegates instead of calling 'LoggerExtensions.LogError(ILogger, string?, params object?[])' (https://learn.microsoft.com/dotnet/fundamentals/code-analysis/quality-rules/ca1848) [/home/runner/work/trading-bot-c-/trading-bot-c-/src/BotCore/BotCore.csproj]
/home/runner/work/trading-bot-c-/trading-bot-c-/src/BotCore/CriticalSystemComponents.cs(1290,25): error CA1848: For improved performance, use the LoggerMessage delegates instead of calling 'LoggerExtensions.LogError(ILogger, Exception?, string?, params object?[])' (https://learn.microsoft.com/dotnet/fundamentals/code-analysis/quality-rules/ca1848) [/home/runner/work/trading-bot-c-/trading-bot-c-/src/BotCore/BotCore.csproj]
/home/runner/work/trading-bot-c-/trading-bot-c-/src/BotCore/CriticalSystemComponents.cs(1294,25): error CA1848: For improved performance, use the LoggerMessage delegates instead of calling 'LoggerExtensions.LogError(ILogger, Exception?, string?, params object?[])' (https://learn.microsoft.com/dotnet/fundamentals/code-analysis/quality-rules/ca1848) [/home/runner/work/trading-bot-c-/trading-bot-c-/src/BotCore/BotCore.csproj]
/home/runner/work/trading-bot-c-/trading-bot-c-/src/BotCore/CriticalSystemComponents.cs(1298,25): error CA1848: For improved performance, use the LoggerMessage delegates instead of calling 'LoggerExtensions.LogError(ILogger, Exception?, string?, params object?[])' (https://learn.microsoft.com/dotnet/fundamentals/code-analysis/quality-rules/ca1848) [/home/runner/work/trading-bot-c-/trading-bot-c-/src/BotCore/BotCore.csproj]
/home/runner/work/trading-bot-c-/trading-bot-c-/src/BotCore/Risk/CriticalSystemComponentsFixes.cs(204,13): error CA1848: For improved performance, use the LoggerMessage delegates instead of calling 'LoggerExtensions.LogInformation(ILogger, string?, params object?[])' (https://learn.microsoft.com/dotnet/fundamentals/code-analysis/quality-rules/ca1848) [/home/runner/work/trading-bot-c-/trading-bot-c-/src/BotCore/BotCore.csproj]
/home/runner/work/trading-bot-c-/trading-bot-c-/src/BotCore/Risk/CriticalSystemComponentsFixes.cs(208,13): error CA1848: For improved performance, use the LoggerMessage delegates instead of calling 'LoggerExtensions.LogInformation(ILogger, string?, params object?[])' (https://learn.microsoft.com/dotnet/fundamentals/code-analysis/quality-rules/ca1848) [/home/runner/work/trading-bot-c-/trading-bot-c-/src/BotCore/BotCore.csproj]
/home/runner/work/trading-bot-c-/trading-bot-c-/src/BotCore/CriticalSystemComponents.cs(1305,25): error CA1848: For improved performance, use the LoggerMessage delegates instead of calling 'LoggerExtensions.LogWarning(ILogger, string?, params object?[])' (https://learn.microsoft.com/dotnet/fundamentals/code-analysis/quality-rules/ca1848) [/home/runner/work/trading-bot-c-/trading-bot-c-/src/BotCore/BotCore.csproj]
/home/runner/work/trading-bot-c-/trading-bot-c-/src/BotCore/CriticalSystemComponents.cs(1312,25): error CA1848: For improved performance, use the LoggerMessage delegates instead of calling 'LoggerExtensions.LogWarning(ILogger, string?, params object?[])' (https://learn.microsoft.com/dotnet/fundamentals/code-analysis/quality-rules/ca1848) [/home/runner/work/trading-bot-c-/trading-bot-c-/src/BotCore/BotCore.csproj]
/home/runner/work/trading-bot-c-/trading-bot-c-/src/BotCore/CriticalSystemComponents.cs(1318,25): error CA1848: For improved performance, use the LoggerMessage delegates instead of calling 'LoggerExtensions.LogError(ILogger, Exception?, string?, params object?[])' (https://learn.microsoft.com/dotnet/fundamentals/code-analysis/quality-rules/ca1848) [/home/runner/work/trading-bot-c-/trading-bot-c-/src/BotCore/BotCore.csproj]
/home/runner/work/trading-bot-c-/trading-bot-c-/src/BotCore/CriticalSystemComponents.cs(1322,25): error CA1848: For improved performance, use the LoggerMessage delegates instead of calling 'LoggerExtensions.LogError(ILogger, Exception?, string?, params object?[])' (https://learn.microsoft.com/dotnet/fundamentals/code-analysis/quality-rules/ca1848) [/home/runner/work/trading-bot-c-/trading-bot-c-/src/BotCore/BotCore.csproj]
/home/runner/work/trading-bot-c-/trading-bot-c-/src/BotCore/CriticalSystemComponents.cs(1326,25): error CA1848: For improved performance, use the LoggerMessage delegates instead of calling 'LoggerExtensions.LogError(ILogger, Exception?, string?, params object?[])' (https://learn.microsoft.com/dotnet/fundamentals/code-analysis/quality-rules/ca1848) [/home/runner/work/trading-bot-c-/trading-bot-c-/src/BotCore/BotCore.csproj]
/home/runner/work/trading-bot-c-/trading-bot-c-/src/BotCore/Risk/CriticalSystemComponentsFixes.cs(226,13): error CA1848: For improved performance, use the LoggerMessage delegates instead of calling 'LoggerExtensions.LogInformation(ILogger, string?, params object?[])' (https://learn.microsoft.com/dotnet/fundamentals/code-analysis/quality-rules/ca1848) [/home/runner/work/trading-bot-c-/trading-bot-c-/src/BotCore/BotCore.csproj]
/home/runner/work/trading-bot-c-/trading-bot-c-/src/BotCore/CriticalSystemComponents.cs(1335,25): error CA1848: For improved performance, use the LoggerMessage delegates instead of calling 'LoggerExtensions.LogError(ILogger, string?, params object?[])' (https://learn.microsoft.com/dotnet/fundamentals/code-analysis/quality-rules/ca1848) [/home/runner/work/trading-bot-c-/trading-bot-c-/src/BotCore/BotCore.csproj]
/home/runner/work/trading-bot-c-/trading-bot-c-/src/BotCore/Brain/UnifiedTradingBrain.cs(3923,17): error CA1848: For improved performance, use the LoggerMessage delegates instead of calling 'LoggerExtensions.LogInformation(ILogger, string?, params object?[])' (https://learn.microsoft.com/dotnet/fundamentals/code-analysis/quality-rules/ca1848) [/home/runner/work/trading-bot-c-/trading-bot-c-/src/BotCore/BotCore.csproj]
/home/runner/work/trading-bot-c-/trading-bot-c-/src/BotCore/Brain/UnifiedTradingBrain.cs(3940,21): error CA1848: For improved performance, use the LoggerMessage delegates instead of calling 'LoggerExtensions.LogInformation(ILogger, string?, params object?[])' (https://learn.microsoft.com/dotnet/fundamentals/code-analysis/quality-rules/ca1848) [/home/runner/work/trading-bot-c-/trading-bot-c-/src/BotCore/BotCore.csproj]
/home/runner/work/trading-bot-c-/trading-bot-c-/src/BotCore/Brain/UnifiedTradingBrain.cs(3945,21): error CA1848: For improved performance, use the LoggerMessage delegates instead of calling 'LoggerExtensions.LogError(ILogger, Exception?, string?, params object?[])' (https://learn.microsoft.com/dotnet/fundamentals/code-analysis/quality-rules/ca1848) [/home/runner/work/trading-bot-c-/trading-bot-c-/src/BotCore/BotCore.csproj]
/home/runner/work/trading-bot-c-/trading-bot-c-/src/BotCore/Brain/UnifiedTradingBrain.cs(3949,21): error CA1848: For improved performance, use the LoggerMessage delegates instead of calling 'LoggerExtensions.LogError(ILogger, Exception?, string?, params object?[])' (https://learn.microsoft.com/dotnet/fundamentals/code-analysis/quality-rules/ca1848) [/home/runner/work/trading-bot-c-/trading-bot-c-/src/BotCore/BotCore.csproj]
/home/runner/work/trading-bot-c-/trading-bot-c-/src/BotCore/Brain/UnifiedTradingBrain.cs(3953,21): error CA1848: For improved performance, use the LoggerMessage delegates instead of calling 'LoggerExtensions.LogError(ILogger, Exception?, string?, params object?[])' (https://learn.microsoft.com/dotnet/fundamentals/code-analysis/quality-rules/ca1848) [/home/runner/work/trading-bot-c-/trading-bot-c-/src/BotCore/BotCore.csproj]
/home/runner/work/trading-bot-c-/trading-bot-c-/src/BotCore/Brain/UnifiedTradingBrain.cs(3979,21): error CA1848: For improved performance, use the LoggerMessage delegates instead of calling 'LoggerExtensions.LogError(ILogger, Exception?, string?, params object?[])' (https://learn.microsoft.com/dotnet/fundamentals/code-analysis/quality-rules/ca1848) [/home/runner/work/trading-bot-c-/trading-bot-c-/src/BotCore/BotCore.csproj]
/home/runner/work/trading-bot-c-/trading-bot-c-/src/BotCore/CriticalSystemComponents.cs(1362,25): error CA1848: For improved performance, use the LoggerMessage delegates instead of calling 'LoggerExtensions.LogError(ILogger, Exception?, string?, params object?[])' (https://learn.microsoft.com/dotnet/fundamentals/code-analysis/quality-rules/ca1848) [/home/runner/work/trading-bot-c-/trading-bot-c-/src/BotCore/BotCore.csproj]
/home/runner/work/trading-bot-c-/trading-bot-c-/src/BotCore/CriticalSystemComponents.cs(1403,25): error CA1848: For improved performance, use the LoggerMessage delegates instead of calling 'LoggerExtensions.LogWarning(ILogger, string?, params object?[])' (https://learn.microsoft.com/dotnet/fundamentals/code-analysis/quality-rules/ca1848) [/home/runner/work/trading-bot-c-/trading-bot-c-/src/BotCore/BotCore.csproj]
/home/runner/work/trading-bot-c-/trading-bot-c-/src/BotCore/CriticalSystemComponents.cs(1446,98): error CA1869: Avoid creating a new 'JsonSerializerOptions' instance for every serialization operation. Cache and reuse instances instead. (https://learn.microsoft.com/dotnet/fundamentals/code-analysis/quality-rules/ca1869) [/home/runner/work/trading-bot-c-/trading-bot-c-/src/BotCore/BotCore.csproj]
/home/runner/work/trading-bot-c-/trading-bot-c-/src/BotCore/CriticalSystemComponents.cs(1447,25): error CA1848: For improved performance, use the LoggerMessage delegates instead of calling 'LoggerExtensions.LogError(ILogger, string?, params object?[])' (https://learn.microsoft.com/dotnet/fundamentals/code-analysis/quality-rules/ca1848) [/home/runner/work/trading-bot-c-/trading-bot-c-/src/BotCore/BotCore.csproj]
/home/runner/work/trading-bot-c-/trading-bot-c-/src/BotCore/CriticalSystemComponents.cs(1474,25): error CA1848: For improved performance, use the LoggerMessage delegates instead of calling 'LoggerExtensions.LogWarning(ILogger, string?, params object?[])' (https://learn.microsoft.com/dotnet/fundamentals/code-analysis/quality-rules/ca1848) [/home/runner/work/trading-bot-c-/trading-bot-c-/src/BotCore/BotCore.csproj]
/home/runner/work/trading-bot-c-/trading-bot-c-/src/BotCore/CriticalSystemComponents.cs(1483,33): error CA1848: For improved performance, use the LoggerMessage delegates instead of calling 'LoggerExtensions.LogError(ILogger, string?, params object?[])' (https://learn.microsoft.com/dotnet/fundamentals/code-analysis/quality-rules/ca1848) [/home/runner/work/trading-bot-c-/trading-bot-c-/src/BotCore/BotCore.csproj]
/home/runner/work/trading-bot-c-/trading-bot-c-/src/BotCore/CriticalSystemComponents.cs(1495,25): error CA1848: For improved performance, use the LoggerMessage delegates instead of calling 'LoggerExtensions.LogError(ILogger, Exception?, string?, params object?[])' (https://learn.microsoft.com/dotnet/fundamentals/code-analysis/quality-rules/ca1848) [/home/runner/work/trading-bot-c-/trading-bot-c-/src/BotCore/BotCore.csproj]
/home/runner/work/trading-bot-c-/trading-bot-c-/src/BotCore/CriticalSystemComponents.cs(1499,25): error CA1848: For improved performance, use the LoggerMessage delegates instead of calling 'LoggerExtensions.LogError(ILogger, Exception?, string?, params object?[])' (https://learn.microsoft.com/dotnet/fundamentals/code-analysis/quality-rules/ca1848) [/home/runner/work/trading-bot-c-/trading-bot-c-/src/BotCore/BotCore.csproj]
/home/runner/work/trading-bot-c-/trading-bot-c-/src/BotCore/CriticalSystemComponents.cs(1507,25): error CA1848: For improved performance, use the LoggerMessage delegates instead of calling 'LoggerExtensions.LogWarning(ILogger, string?, params object?[])' (https://learn.microsoft.com/dotnet/fundamentals/code-analysis/quality-rules/ca1848) [/home/runner/work/trading-bot-c-/trading-bot-c-/src/BotCore/BotCore.csproj]
/home/runner/work/trading-bot-c-/trading-bot-c-/src/BotCore/CriticalSystemComponents.cs(1512,29): error CA1848: For improved performance, use the LoggerMessage delegates instead of calling 'LoggerExtensions.LogWarning(ILogger, string?, params object?[])' (https://learn.microsoft.com/dotnet/fundamentals/code-analysis/quality-rules/ca1848) [/home/runner/work/trading-bot-c-/trading-bot-c-/src/BotCore/BotCore.csproj]
/home/runner/work/trading-bot-c-/trading-bot-c-/src/BotCore/CriticalSystemComponents.cs(1525,25): error CA1848: For improved performance, use the LoggerMessage delegates instead of calling 'LoggerExtensions.LogWarning(ILogger, string?, params object?[])' (https://learn.microsoft.com/dotnet/fundamentals/code-analysis/quality-rules/ca1848) [/home/runner/work/trading-bot-c-/trading-bot-c-/src/BotCore/BotCore.csproj]
/home/runner/work/trading-bot-c-/trading-bot-c-/src/BotCore/CriticalSystemComponents.cs(1530,25): error CA1848: For improved performance, use the LoggerMessage delegates instead of calling 'LoggerExtensions.LogError(ILogger, Exception?, string?, params object?[])' (https://learn.microsoft.com/dotnet/fundamentals/code-analysis/quality-rules/ca1848) [/home/runner/work/trading-bot-c-/trading-bot-c-/src/BotCore/BotCore.csproj]
/home/runner/work/trading-bot-c-/trading-bot-c-/src/BotCore/CriticalSystemComponents.cs(1534,25): error CA1848: For improved performance, use the LoggerMessage delegates instead of calling 'LoggerExtensions.LogError(ILogger, Exception?, string?, params object?[])' (https://learn.microsoft.com/dotnet/fundamentals/code-analysis/quality-rules/ca1848) [/home/runner/work/trading-bot-c-/trading-bot-c-/src/BotCore/BotCore.csproj]
/home/runner/work/trading-bot-c-/trading-bot-c-/src/BotCore/CriticalSystemComponents.cs(125,13): error CA1848: For improved performance, use the LoggerMessage delegates instead of calling 'LoggerExtensions.LogInformation(ILogger, string?, params object?[])' (https://learn.microsoft.com/dotnet/fundamentals/code-analysis/quality-rules/ca1848) [/home/runner/work/trading-bot-c-/trading-bot-c-/src/BotCore/BotCore.csproj]
/home/runner/work/trading-bot-c-/trading-bot-c-/src/BotCore/CriticalSystemComponents.cs(201,25): error CA1848: For improved performance, use the LoggerMessage delegates instead of calling 'LoggerExtensions.LogInformation(ILogger, string?, params object?[])' (https://learn.microsoft.com/dotnet/fundamentals/code-analysis/quality-rules/ca1848) [/home/runner/work/trading-bot-c-/trading-bot-c-/src/BotCore/BotCore.csproj]
/home/runner/work/trading-bot-c-/trading-bot-c-/src/BotCore/CriticalSystemComponents.cs(219,17): error S1066: Merge this if statement with the enclosing one. (https://rules.sonarsource.com/csharp/RSPEC-1066) [/home/runner/work/trading-bot-c-/trading-bot-c-/src/BotCore/BotCore.csproj]
/home/runner/work/trading-bot-c-/trading-bot-c-/src/BotCore/CriticalSystemComponents.cs(266,25): error S6667: Logging in a catch clause should pass the caught exception as a parameter. (https://rules.sonarsource.com/csharp/RSPEC-6667) [/home/runner/work/trading-bot-c-/trading-bot-c-/src/BotCore/BotCore.csproj]
/home/runner/work/trading-bot-c-/trading-bot-c-/src/BotCore/CriticalSystemComponents.cs(292,36): error CA1851: Possible multiple enumerations of 'IEnumerable' collection. Consider using an implementation that avoids multiple enumerations. (https://learn.microsoft.com/dotnet/fundamentals/code-analysis/quality-rules/ca1851) [/home/runner/work/trading-bot-c-/trading-bot-c-/src/BotCore/BotCore.csproj]
/home/runner/work/trading-bot-c-/trading-bot-c-/src/BotCore/CriticalSystemComponents.cs(291,39): error CA1851: Possible multiple enumerations of 'IEnumerable' collection. Consider using an implementation that avoids multiple enumerations. (https://learn.microsoft.com/dotnet/fundamentals/code-analysis/quality-rules/ca1851) [/home/runner/work/trading-bot-c-/trading-bot-c-/src/BotCore/BotCore.csproj]
/home/runner/work/trading-bot-c-/trading-bot-c-/src/BotCore/CriticalSystemComponents.cs(292,83): error CA1851: Possible multiple enumerations of 'IEnumerable' collection. Consider using an implementation that avoids multiple enumerations. (https://learn.microsoft.com/dotnet/fundamentals/code-analysis/quality-rules/ca1851) [/home/runner/work/trading-bot-c-/trading-bot-c-/src/BotCore/BotCore.csproj]
/home/runner/work/trading-bot-c-/trading-bot-c-/src/BotCore/CriticalSystemComponents.cs(293,35): error CA1851: Possible multiple enumerations of 'IEnumerable' collection. Consider using an implementation that avoids multiple enumerations. (https://learn.microsoft.com/dotnet/fundamentals/code-analysis/quality-rules/ca1851) [/home/runner/work/trading-bot-c-/trading-bot-c-/src/BotCore/BotCore.csproj]
/home/runner/work/trading-bot-c-/trading-bot-c-/src/BotCore/CriticalSystemComponents.cs(258,25): error CA1848: For improved performance, use the LoggerMessage delegates instead of calling 'LoggerExtensions.LogError(ILogger, Exception?, string?, params object?[])' (https://learn.microsoft.com/dotnet/fundamentals/code-analysis/quality-rules/ca1848) [/home/runner/work/trading-bot-c-/trading-bot-c-/src/BotCore/BotCore.csproj]
/home/runner/work/trading-bot-c-/trading-bot-c-/src/BotCore/CriticalSystemComponents.cs(262,25): error CA1848: For improved performance, use the LoggerMessage delegates instead of calling 'LoggerExtensions.LogError(ILogger, Exception?, string?, params object?[])' (https://learn.microsoft.com/dotnet/fundamentals/code-analysis/quality-rules/ca1848) [/home/runner/work/trading-bot-c-/trading-bot-c-/src/BotCore/BotCore.csproj]
/home/runner/work/trading-bot-c-/trading-bot-c-/src/BotCore/CriticalSystemComponents.cs(266,25): error CA1848: For improved performance, use the LoggerMessage delegates instead of calling 'LoggerExtensions.LogWarning(ILogger, string?, params object?[])' (https://learn.microsoft.com/dotnet/fundamentals/code-analysis/quality-rules/ca1848) [/home/runner/work/trading-bot-c-/trading-bot-c-/src/BotCore/BotCore.csproj]
/home/runner/work/trading-bot-c-/trading-bot-c-/src/BotCore/CriticalSystemComponents.cs(374,13): error CA1848: For improved performance, use the LoggerMessage delegates instead of calling 'LoggerExtensions.LogInformation(ILogger, string?, params object?[])' (https://learn.microsoft.com/dotnet/fundamentals/code-analysis/quality-rules/ca1848) [/home/runner/work/trading-bot-c-/trading-bot-c-/src/BotCore/BotCore.csproj]
/home/runner/work/trading-bot-c-/trading-bot-c-/src/BotCore/CriticalSystemComponents.cs(381,13): error CA1848: For improved performance, use the LoggerMessage delegates instead of calling 'LoggerExtensions.LogError(ILogger, string?, params object?[])' (https://learn.microsoft.com/dotnet/fundamentals/code-analysis/quality-rules/ca1848) [/home/runner/work/trading-bot-c-/trading-bot-c-/src/BotCore/BotCore.csproj]
/home/runner/work/trading-bot-c-/trading-bot-c-/src/BotCore/CriticalSystemComponents.cs(394,21): error CA1848: For improved performance, use the LoggerMessage delegates instead of calling 'LoggerExtensions.LogInformation(ILogger, string?, params object?[])' (https://learn.microsoft.com/dotnet/fundamentals/code-analysis/quality-rules/ca1848) [/home/runner/work/trading-bot-c-/trading-bot-c-/src/BotCore/BotCore.csproj]
/home/runner/work/trading-bot-c-/trading-bot-c-/src/BotCore/CriticalSystemComponents.cs(414,21): error CA1848: For improved performance, use the LoggerMessage delegates instead of calling 'LoggerExtensions.LogCritical(ILogger, string?, params object?[])' (https://learn.microsoft.com/dotnet/fundamentals/code-analysis/quality-rules/ca1848) [/home/runner/work/trading-bot-c-/trading-bot-c-/src/BotCore/BotCore.csproj]
/home/runner/work/trading-bot-c-/trading-bot-c-/src/BotCore/CriticalSystemComponents.cs(420,17): error CA1848: For improved performance, use the LoggerMessage delegates instead of calling 'LoggerExtensions.LogError(ILogger, Exception?, string?, params object?[])' (https://learn.microsoft.com/dotnet/fundamentals/code-analysis/quality-rules/ca1848) [/home/runner/work/trading-bot-c-/trading-bot-c-/src/BotCore/BotCore.csproj]
/home/runner/work/trading-bot-c-/trading-bot-c-/src/BotCore/CriticalSystemComponents.cs(424,17): error CA1848: For improved performance, use the LoggerMessage delegates instead of calling 'LoggerExtensions.LogError(ILogger, Exception?, string?, params object?[])' (https://learn.microsoft.com/dotnet/fundamentals/code-analysis/quality-rules/ca1848) [/home/runner/work/trading-bot-c-/trading-bot-c-/src/BotCore/BotCore.csproj]
/home/runner/work/trading-bot-c-/trading-bot-c-/src/BotCore/CriticalSystemComponents.cs(450,17): error CA1848: For improved performance, use the LoggerMessage delegates instead of calling 'LoggerExtensions.LogError(ILogger, Exception?, string?, params object?[])' (https://learn.microsoft.com/dotnet/fundamentals/code-analysis/quality-rules/ca1848) [/home/runner/work/trading-bot-c-/trading-bot-c-/src/BotCore/BotCore.csproj]
/home/runner/work/trading-bot-c-/trading-bot-c-/src/BotCore/CriticalSystemComponents.cs(454,17): error CA1848: For improved performance, use the LoggerMessage delegates instead of calling 'LoggerExtensions.LogError(ILogger, Exception?, string?, params object?[])' (https://learn.microsoft.com/dotnet/fundamentals/code-analysis/quality-rules/ca1848) [/home/runner/work/trading-bot-c-/trading-bot-c-/src/BotCore/BotCore.csproj]
/home/runner/work/trading-bot-c-/trading-bot-c-/src/BotCore/CriticalSystemComponents.cs(460,13): error CA1848: For improved performance, use the LoggerMessage delegates instead of calling 'LoggerExtensions.LogWarning(ILogger, string?, params object?[])' (https://learn.microsoft.com/dotnet/fundamentals/code-analysis/quality-rules/ca1848) [/home/runner/work/trading-bot-c-/trading-bot-c-/src/BotCore/BotCore.csproj]
/home/runner/work/trading-bot-c-/trading-bot-c-/src/BotCore/CriticalSystemComponents.cs(546,13): error CA1848: For improved performance, use the LoggerMessage delegates instead of calling 'LoggerExtensions.LogError(ILogger, string?, params object?[])' (https://learn.microsoft.com/dotnet/fundamentals/code-analysis/quality-rules/ca1848) [/home/runner/work/trading-bot-c-/trading-bot-c-/src/BotCore/BotCore.csproj]
/home/runner/work/trading-bot-c-/trading-bot-c-/src/BotCore/CriticalSystemComponents.cs(551,13): error CA1848: For improved performance, use the LoggerMessage delegates instead of calling 'LoggerExtensions.LogWarning(ILogger, string?, params object?[])' (https://learn.microsoft.com/dotnet/fundamentals/code-analysis/quality-rules/ca1848) [/home/runner/work/trading-bot-c-/trading-bot-c-/src/BotCore/BotCore.csproj]
/home/runner/work/trading-bot-c-/trading-bot-c-/src/BotCore/CriticalSystemComponents.cs(466,13): error CA1848: For improved performance, use the LoggerMessage delegates instead of calling 'LoggerExtensions.LogCritical(ILogger, string?, params object?[])' (https://learn.microsoft.com/dotnet/fundamentals/code-analysis/quality-rules/ca1848) [/home/runner/work/trading-bot-c-/trading-bot-c-/src/BotCore/BotCore.csproj]
/home/runner/work/trading-bot-c-/trading-bot-c-/src/BotCore/CriticalSystemComponents.cs(486,17): error CA1848: For improved performance, use the LoggerMessage delegates instead of calling 'LoggerExtensions.LogError(ILogger, Exception?, string?, params object?[])' (https://learn.microsoft.com/dotnet/fundamentals/code-analysis/quality-rules/ca1848) [/home/runner/work/trading-bot-c-/trading-bot-c-/src/BotCore/BotCore.csproj]
/home/runner/work/trading-bot-c-/trading-bot-c-/src/BotCore/CriticalSystemComponents.cs(490,17): error CA1848: For improved performance, use the LoggerMessage delegates instead of calling 'LoggerExtensions.LogError(ILogger, Exception?, string?, params object?[])' (https://learn.microsoft.com/dotnet/fundamentals/code-analysis/quality-rules/ca1848) [/home/runner/work/trading-bot-c-/trading-bot-c-/src/BotCore/BotCore.csproj]
/home/runner/work/trading-bot-c-/trading-bot-c-/src/BotCore/CriticalSystemComponents.cs(482,17): error CA1849: 'SQLiteCommand.ExecuteNonQuery()' synchronously blocks. Await 'DbCommand.ExecuteNonQueryAsync()' instead. (https://learn.microsoft.com/dotnet/fundamentals/code-analysis/quality-rules/ca1849) [/home/runner/work/trading-bot-c-/trading-bot-c-/src/BotCore/BotCore.csproj]
/home/runner/work/trading-bot-c-/trading-bot-c-/src/BotCore/CriticalSystemComponents.cs(504,38): error CA2234: Modify 'ExecutionVerificationSystem.QueryOrderStatus(string)' to call 'HttpClient.GetAsync(Uri)' instead of 'HttpClient.GetAsync(string)' (https://learn.microsoft.com/dotnet/fundamentals/code-analysis/quality-rules/ca2234) [/home/runner/work/trading-bot-c-/trading-bot-c-/src/BotCore/BotCore.csproj]
/home/runner/work/trading-bot-c-/trading-bot-c-/src/BotCore/CriticalSystemComponents.cs(513,25): error CA1848: For improved performance, use the LoggerMessage delegates instead of calling 'LoggerExtensions.LogInformation(ILogger, string?, params object?[])' (https://learn.microsoft.com/dotnet/fundamentals/code-analysis/quality-rules/ca1848) [/home/runner/work/trading-bot-c-/trading-bot-c-/src/BotCore/BotCore.csproj]
/home/runner/work/trading-bot-c-/trading-bot-c-/src/BotCore/CriticalSystemComponents.cs(519,21): error CA1848: For improved performance, use the LoggerMessage delegates instead of calling 'LoggerExtensions.LogWarning(ILogger, string?, params object?[])' (https://learn.microsoft.com/dotnet/fundamentals/code-analysis/quality-rules/ca1848) [/home/runner/work/trading-bot-c-/trading-bot-c-/src/BotCore/BotCore.csproj]
/home/runner/work/trading-bot-c-/trading-bot-c-/src/BotCore/CriticalSystemComponents.cs(524,17): error CA1848: For improved performance, use the LoggerMessage delegates instead of calling 'LoggerExtensions.LogError(ILogger, Exception?, string?, params object?[])' (https://learn.microsoft.com/dotnet/fundamentals/code-analysis/quality-rules/ca1848) [/home/runner/work/trading-bot-c-/trading-bot-c-/src/BotCore/BotCore.csproj]
/home/runner/work/trading-bot-c-/trading-bot-c-/src/BotCore/CriticalSystemComponents.cs(528,17): error CA1848: For improved performance, use the LoggerMessage delegates instead of calling 'LoggerExtensions.LogError(ILogger, Exception?, string?, params object?[])' (https://learn.microsoft.com/dotnet/fundamentals/code-analysis/quality-rules/ca1848) [/home/runner/work/trading-bot-c-/trading-bot-c-/src/BotCore/BotCore.csproj]
/home/runner/work/trading-bot-c-/trading-bot-c-/src/BotCore/CriticalSystemComponents.cs(532,17): error CA1848: For improved performance, use the LoggerMessage delegates instead of calling 'LoggerExtensions.LogError(ILogger, Exception?, string?, params object?[])' (https://learn.microsoft.com/dotnet/fundamentals/code-analysis/quality-rules/ca1848) [/home/runner/work/trading-bot-c-/trading-bot-c-/src/BotCore/BotCore.csproj]
/home/runner/work/trading-bot-c-/trading-bot-c-/src/BotCore/StrategyDsl/ExpressionEvaluator.cs(88,13): error CA1848: For improved performance, use the LoggerMessage delegates instead of calling 'LoggerExtensions.LogWarning(ILogger, Exception?, string?, params object?[])' (https://learn.microsoft.com/dotnet/fundamentals/code-analysis/quality-rules/ca1848) [/home/runner/work/trading-bot-c-/trading-bot-c-/src/BotCore/BotCore.csproj]
/home/runner/work/trading-bot-c-/trading-bot-c-/src/BotCore/StrategyDsl/ExpressionEvaluator.cs(93,13): error CA1848: For improved performance, use the LoggerMessage delegates instead of calling 'LoggerExtensions.LogWarning(ILogger, Exception?, string?, params object?[])' (https://learn.microsoft.com/dotnet/fundamentals/code-analysis/quality-rules/ca1848) [/home/runner/work/trading-bot-c-/trading-bot-c-/src/BotCore/BotCore.csproj]
/home/runner/work/trading-bot-c-/trading-bot-c-/src/BotCore/StrategyDsl/ExpressionEvaluator.cs(98,13): error CA1848: For improved performance, use the LoggerMessage delegates instead of calling 'LoggerExtensions.LogWarning(ILogger, Exception?, string?, params object?[])' (https://learn.microsoft.com/dotnet/fundamentals/code-analysis/quality-rules/ca1848) [/home/runner/work/trading-bot-c-/trading-bot-c-/src/BotCore/BotCore.csproj]
/home/runner/work/trading-bot-c-/trading-bot-c-/src/BotCore/StrategyDsl/ExpressionEvaluator.cs(103,13): error CA1848: For improved performance, use the LoggerMessage delegates instead of calling 'LoggerExtensions.LogWarning(ILogger, Exception?, string?, params object?[])' (https://learn.microsoft.com/dotnet/fundamentals/code-analysis/quality-rules/ca1848) [/home/runner/work/trading-bot-c-/trading-bot-c-/src/BotCore/BotCore.csproj]
/home/runner/work/trading-bot-c-/trading-bot-c-/src/BotCore/Services/ZoneAwareBracketManager.cs(71,17): error CA1848: For improved performance, use the LoggerMessage delegates instead of calling 'LoggerExtensions.LogError(ILogger, Exception?, string?, params object?[])' (https://learn.microsoft.com/dotnet/fundamentals/code-analysis/quality-rules/ca1848) [/home/runner/work/trading-bot-c-/trading-bot-c-/src/BotCore/BotCore.csproj]
/home/runner/work/trading-bot-c-/trading-bot-c-/src/BotCore/Services/ZoneAwareBracketManager.cs(76,17): error CA1848: For improved performance, use the LoggerMessage delegates instead of calling 'LoggerExtensions.LogError(ILogger, Exception?, string?, params object?[])' (https://learn.microsoft.com/dotnet/fundamentals/code-analysis/quality-rules/ca1848) [/home/runner/work/trading-bot-c-/trading-bot-c-/src/BotCore/BotCore.csproj]
/home/runner/work/trading-bot-c-/trading-bot-c-/src/BotCore/StrategyDsl/FeatureBusMapper.cs(187,9): error CA1848: For improved performance, use the LoggerMessage delegates instead of calling 'LoggerExtensions.LogDebug(ILogger, string?, params object?[])' (https://learn.microsoft.com/dotnet/fundamentals/code-analysis/quality-rules/ca1848) [/home/runner/work/trading-bot-c-/trading-bot-c-/src/BotCore/BotCore.csproj]
/home/runner/work/trading-bot-c-/trading-bot-c-/src/BotCore/Services/UnifiedModelPathResolver.cs(60,9): error CA1848: For improved performance, use the LoggerMessage delegates instead of calling 'LoggerExtensions.LogInformation(ILogger, string?, params object?[])' (https://learn.microsoft.com/dotnet/fundamentals/code-analysis/quality-rules/ca1848) [/home/runner/work/trading-bot-c-/trading-bot-c-/src/BotCore/BotCore.csproj]
/home/runner/work/trading-bot-c-/trading-bot-c-/src/BotCore/Services/ZoneAwareBracketManager.cs(97,110): error S1172: Remove this unused method parameter 'atr'. (https://rules.sonarsource.com/csharp/RSPEC-1172) [/home/runner/work/trading-bot-c-/trading-bot-c-/src/BotCore/BotCore.csproj]
/home/runner/work/trading-bot-c-/trading-bot-c-/src/BotCore/Services/TradingReadinessTracker.cs(46,17): error CA1848: For improved performance, use the LoggerMessage delegates instead of calling 'LoggerExtensions.LogDebug(ILogger, string?, params object?[])' (https://learn.microsoft.com/dotnet/fundamentals/code-analysis/quality-rules/ca1848) [/home/runner/work/trading-bot-c-/trading-bot-c-/src/BotCore/BotCore.csproj]
/home/runner/work/trading-bot-c-/trading-bot-c-/src/BotCore/Services/UnifiedPositionManagementService.cs(224,16): error S1541: The Cyclomatic Complexity of this constructor is 25 which is greater than 10 authorized. (https://rules.sonarsource.com/csharp/RSPEC-1541) [/home/runner/work/trading-bot-c-/trading-bot-c-/src/BotCore/BotCore.csproj]
/home/runner/work/trading-bot-c-/trading-bot-c-/src/BotCore/Services/ZoneAwareBracketManager.cs(129,17): error CA1848: For improved performance, use the LoggerMessage delegates instead of calling 'LoggerExtensions.LogDebug(ILogger, string?, params object?[])' (https://learn.microsoft.com/dotnet/fundamentals/code-analysis/quality-rules/ca1848) [/home/runner/work/trading-bot-c-/trading-bot-c-/src/BotCore/BotCore.csproj]
/home/runner/work/trading-bot-c-/trading-bot-c-/src/BotCore/Services/ZoneAwareBracketManager.cs(156,17): error CA1848: For improved performance, use the LoggerMessage delegates instead of calling 'LoggerExtensions.LogDebug(ILogger, string?, params object?[])' (https://learn.microsoft.com/dotnet/fundamentals/code-analysis/quality-rules/ca1848) [/home/runner/work/trading-bot-c-/trading-bot-c-/src/BotCore/BotCore.csproj]
/home/runner/work/trading-bot-c-/trading-bot-c-/src/BotCore/Services/UnifiedDecisionRouter.cs(113,17): error CA1848: For improved performance, use the LoggerMessage delegates instead of calling 'LoggerExtensions.LogInformation(ILogger, string?, params object?[])' (https://learn.microsoft.com/dotnet/fundamentals/code-analysis/quality-rules/ca1848) [/home/runner/work/trading-bot-c-/trading-bot-c-/src/BotCore/BotCore.csproj]
/home/runner/work/trading-bot-c-/trading-bot-c-/src/BotCore/Services/UnifiedDecisionRouter.cs(118,13): error CA1848: For improved performance, use the LoggerMessage delegates instead of calling 'LoggerExtensions.LogWarning(ILogger, Exception?, string?, params object?[])' (https://learn.microsoft.com/dotnet/fundamentals/code-analysis/quality-rules/ca1848) [/home/runner/work/trading-bot-c-/trading-bot-c-/src/BotCore/BotCore.csproj]
/home/runner/work/trading-bot-c-/trading-bot-c-/src/BotCore/Services/UnifiedDecisionRouter.cs(125,9): error CA1848: For improved performance, use the LoggerMessage delegates instead of calling 'LoggerExtensions.LogInformation(ILogger, string?, params object?[])' (https://learn.microsoft.com/dotnet/fundamentals/code-analysis/quality-rules/ca1848) [/home/runner/work/trading-bot-c-/trading-bot-c-/src/BotCore/BotCore.csproj]
/home/runner/work/trading-bot-c-/trading-bot-c-/src/BotCore/Services/UnifiedDecisionRouter.cs(126,9): error CA1848: For improved performance, use the LoggerMessage delegates instead of calling 'LoggerExtensions.LogInformation(ILogger, string?, params object?[])' (https://learn.microsoft.com/dotnet/fundamentals/code-analysis/quality-rules/ca1848) [/home/runner/work/trading-bot-c-/trading-bot-c-/src/BotCore/BotCore.csproj]
/home/runner/work/trading-bot-c-/trading-bot-c-/src/BotCore/Services/UnifiedPositionManagementService.cs(240,17): error CA1848: For improved performance, use the LoggerMessage delegates instead of calling 'LoggerExtensions.LogInformation(ILogger, string?, params object?[])' (https://learn.microsoft.com/dotnet/fundamentals/code-analysis/quality-rules/ca1848) [/home/runner/work/trading-bot-c-/trading-bot-c-/src/BotCore/BotCore.csproj]
/home/runner/work/trading-bot-c-/trading-bot-c-/src/BotCore/Services/UnifiedPositionManagementService.cs(250,17): error CA1848: For improved performance, use the LoggerMessage delegates instead of calling 'LoggerExtensions.LogInformation(ILogger, string?, params object?[])' (https://learn.microsoft.com/dotnet/fundamentals/code-analysis/quality-rules/ca1848) [/home/runner/work/trading-bot-c-/trading-bot-c-/src/BotCore/BotCore.csproj]
/home/runner/work/trading-bot-c-/trading-bot-c-/src/BotCore/Services/UnifiedPositionManagementService.cs(260,17): error CA1848: For improved performance, use the LoggerMessage delegates instead of calling 'LoggerExtensions.LogInformation(ILogger, string?, params object?[])' (https://learn.microsoft.com/dotnet/fundamentals/code-analysis/quality-rules/ca1848) [/home/runner/work/trading-bot-c-/trading-bot-c-/src/BotCore/BotCore.csproj]
/home/runner/work/trading-bot-c-/trading-bot-c-/src/BotCore/Services/UnifiedPositionManagementService.cs(271,17): error CA1848: For improved performance, use the LoggerMessage delegates instead of calling 'LoggerExtensions.LogInformation(ILogger, string?, params object?[])' (https://learn.microsoft.com/dotnet/fundamentals/code-analysis/quality-rules/ca1848) [/home/runner/work/trading-bot-c-/trading-bot-c-/src/BotCore/BotCore.csproj]
/home/runner/work/trading-bot-c-/trading-bot-c-/src/BotCore/Services/UnifiedPositionManagementService.cs(284,17): error CA1848: For improved performance, use the LoggerMessage delegates instead of calling 'LoggerExtensions.LogInformation(ILogger, string?, params object?[])' (https://learn.microsoft.com/dotnet/fundamentals/code-analysis/quality-rules/ca1848) [/home/runner/work/trading-bot-c-/trading-bot-c-/src/BotCore/BotCore.csproj]
/home/runner/work/trading-bot-c-/trading-bot-c-/src/BotCore/Services/UnifiedPositionManagementService.cs(294,17): error CA1848: For improved performance, use the LoggerMessage delegates instead of calling 'LoggerExtensions.LogInformation(ILogger, string?, params object?[])' (https://learn.microsoft.com/dotnet/fundamentals/code-analysis/quality-rules/ca1848) [/home/runner/work/trading-bot-c-/trading-bot-c-/src/BotCore/BotCore.csproj]
/home/runner/work/trading-bot-c-/trading-bot-c-/src/BotCore/Services/UnifiedPositionManagementService.cs(301,13): error CA1848: For improved performance, use the LoggerMessage delegates instead of calling 'LoggerExtensions.LogInformation(ILogger, string?, params object?[])' (https://learn.microsoft.com/dotnet/fundamentals/code-analysis/quality-rules/ca1848) [/home/runner/work/trading-bot-c-/trading-bot-c-/src/BotCore/BotCore.csproj]
/home/runner/work/trading-bot-c-/trading-bot-c-/src/BotCore/Services/UnifiedPositionManagementService.cs(311,21): error CA1848: For improved performance, use the LoggerMessage delegates instead of calling 'LoggerExtensions.LogError(ILogger, Exception?, string?, params object?[])' (https://learn.microsoft.com/dotnet/fundamentals/code-analysis/quality-rules/ca1848) [/home/runner/work/trading-bot-c-/trading-bot-c-/src/BotCore/BotCore.csproj]
/home/runner/work/trading-bot-c-/trading-bot-c-/src/BotCore/Services/UnifiedPositionManagementService.cs(317,13): error CA1848: For improved performance, use the LoggerMessage delegates instead of calling 'LoggerExtensions.LogInformation(ILogger, string?, params object?[])' (https://learn.microsoft.com/dotnet/fundamentals/code-analysis/quality-rules/ca1848) [/home/runner/work/trading-bot-c-/trading-bot-c-/src/BotCore/BotCore.csproj]
/home/runner/work/trading-bot-c-/trading-bot-c-/src/BotCore/Services/UnifiedPositionManagementService.cs(309,17): error CA1031: Modify 'ExecuteAsync' to catch a more specific allowed exception type, or rethrow the exception (https://learn.microsoft.com/dotnet/fundamentals/code-analysis/quality-rules/ca1031) [/home/runner/work/trading-bot-c-/trading-bot-c-/src/BotCore/BotCore.csproj]
/home/runner/work/trading-bot-c-/trading-bot-c-/src/BotCore/Services/WalkForwardValidationService.cs(84,17): error CA1848: For improved performance, use the LoggerMessage delegates instead of calling 'LoggerExtensions.LogInformation(ILogger, string?, params object?[])' (https://learn.microsoft.com/dotnet/fundamentals/code-analysis/quality-rules/ca1848) [/home/runner/work/trading-bot-c-/trading-bot-c-/src/BotCore/BotCore.csproj]
/home/runner/work/trading-bot-c-/trading-bot-c-/src/BotCore/Services/WalkForwardValidationService.cs(100,17): error CA1848: For improved performance, use the LoggerMessage delegates instead of calling 'LoggerExtensions.LogInformation(ILogger, string?, params object?[])' (https://learn.microsoft.com/dotnet/fundamentals/code-analysis/quality-rules/ca1848) [/home/runner/work/trading-bot-c-/trading-bot-c-/src/BotCore/BotCore.csproj]
/home/runner/work/trading-bot-c-/trading-bot-c-/src/BotCore/Services/WalkForwardValidationService.cs(130,17): error CA1848: For improved performance, use the LoggerMessage delegates instead of calling 'LoggerExtensions.LogInformation(ILogger, string?, params object?[])' (https://learn.microsoft.com/dotnet/fundamentals/code-analysis/quality-rules/ca1848) [/home/runner/work/trading-bot-c-/trading-bot-c-/src/BotCore/BotCore.csproj]
/home/runner/work/trading-bot-c-/trading-bot-c-/src/BotCore/Services/WalkForwardValidationService.cs(137,17): error CA1848: For improved performance, use the LoggerMessage delegates instead of calling 'LoggerExtensions.LogError(ILogger, Exception?, string?, params object?[])' (https://learn.microsoft.com/dotnet/fundamentals/code-analysis/quality-rules/ca1848) [/home/runner/work/trading-bot-c-/trading-bot-c-/src/BotCore/BotCore.csproj]
/home/runner/work/trading-bot-c-/trading-bot-c-/src/BotCore/Services/ZoneAwareBracketManager.cs(187,13): error CA1848: For improved performance, use the LoggerMessage delegates instead of calling 'LoggerExtensions.LogDebug(ILogger, string?, params object?[])' (https://learn.microsoft.com/dotnet/fundamentals/code-analysis/quality-rules/ca1848) [/home/runner/work/trading-bot-c-/trading-bot-c-/src/BotCore/BotCore.csproj]
/home/runner/work/trading-bot-c-/trading-bot-c-/src/BotCore/Services/TradingReadinessTracker.cs(58,17): error CA1848: For improved performance, use the LoggerMessage delegates instead of calling 'LoggerExtensions.LogDebug(ILogger, string?, params object?[])' (https://learn.microsoft.com/dotnet/fundamentals/code-analysis/quality-rules/ca1848) [/home/runner/work/trading-bot-c-/trading-bot-c-/src/BotCore/BotCore.csproj]
/home/runner/work/trading-bot-c-/trading-bot-c-/src/BotCore/Services/TradingReadinessTracker.cs(71,17): error CA1848: For improved performance, use the LoggerMessage delegates instead of calling 'LoggerExtensions.LogDebug(ILogger, string?, params object?[])' (https://learn.microsoft.com/dotnet/fundamentals/code-analysis/quality-rules/ca1848) [/home/runner/work/trading-bot-c-/trading-bot-c-/src/BotCore/BotCore.csproj]
/home/runner/work/trading-bot-c-/trading-bot-c-/src/BotCore/Services/TradingSystemBarConsumer.cs(90,17): error CA1848: For improved performance, use the LoggerMessage delegates instead of calling 'LoggerExtensions.LogError(ILogger, Exception?, string?, params object?[])' (https://learn.microsoft.com/dotnet/fundamentals/code-analysis/quality-rules/ca1848) [/home/runner/work/trading-bot-c-/trading-bot-c-/src/BotCore/BotCore.csproj]
/home/runner/work/trading-bot-c-/trading-bot-c-/src/BotCore/Services/TradingSystemBarConsumer.cs(88,13): error CA1031: Modify 'ConsumeHistoricalBars' to catch a more specific allowed exception type, or rethrow the exception (https://learn.microsoft.com/dotnet/fundamentals/code-analysis/quality-rules/ca1031) [/home/runner/work/trading-bot-c-/trading-bot-c-/src/BotCore/BotCore.csproj]
/home/runner/work/trading-bot-c-/trading-bot-c-/src/BotCore/Services/UnifiedModelPathResolver.cs(67,34): error S138: This method 'ResolveModelPath' has 104 lines, which is greater than the 80 lines authorized. Split it into smaller methods. (https://rules.sonarsource.com/csharp/RSPEC-138) [/home/runner/work/trading-bot-c-/trading-bot-c-/src/BotCore/BotCore.csproj]
/home/runner/work/trading-bot-c-/trading-bot-c-/src/BotCore/Services/UnifiedModelPathResolver.cs(71,13): error CA1848: For improved performance, use the LoggerMessage delegates instead of calling 'LoggerExtensions.LogDebug(ILogger, string?, params object?[])' (https://learn.microsoft.com/dotnet/fundamentals/code-analysis/quality-rules/ca1848) [/home/runner/work/trading-bot-c-/trading-bot-c-/src/BotCore/BotCore.csproj]
/home/runner/work/trading-bot-c-/trading-bot-c-/src/BotCore/Services/UnifiedModelPathResolver.cs(80,25): error CA1848: For improved performance, use the LoggerMessage delegates instead of calling 'LoggerExtensions.LogTrace(ILogger, string?, params object?[])' (https://learn.microsoft.com/dotnet/fundamentals/code-analysis/quality-rules/ca1848) [/home/runner/work/trading-bot-c-/trading-bot-c-/src/BotCore/BotCore.csproj]
/home/runner/work/trading-bot-c-/trading-bot-c-/src/BotCore/Services/UnifiedModelPathResolver.cs(94,17): error CA1848: For improved performance, use the LoggerMessage delegates instead of calling 'LoggerExtensions.LogWarning(ILogger, string?, params object?[])' (https://learn.microsoft.com/dotnet/fundamentals/code-analysis/quality-rules/ca1848) [/home/runner/work/trading-bot-c-/trading-bot-c-/src/BotCore/BotCore.csproj]
/home/runner/work/trading-bot-c-/trading-bot-c-/src/BotCore/Services/UnifiedModelPathResolver.cs(117,21): error CA1848: For improved performance, use the LoggerMessage delegates instead of calling 'LoggerExtensions.LogInformation(ILogger, string?, params object?[])' (https://learn.microsoft.com/dotnet/fundamentals/code-analysis/quality-rules/ca1848) [/home/runner/work/trading-bot-c-/trading-bot-c-/src/BotCore/BotCore.csproj]
/home/runner/work/trading-bot-c-/trading-bot-c-/src/BotCore/Services/UnifiedModelPathResolver.cs(133,21): error CA1848: For improved performance, use the LoggerMessage delegates instead of calling 'LoggerExtensions.LogTrace(ILogger, string?, params object?[])' (https://learn.microsoft.com/dotnet/fundamentals/code-analysis/quality-rules/ca1848) [/home/runner/work/trading-bot-c-/trading-bot-c-/src/BotCore/BotCore.csproj]
/home/runner/work/trading-bot-c-/trading-bot-c-/src/BotCore/Services/UnifiedModelPathResolver.cs(140,17): error CA1848: For improved performance, use the LoggerMessage delegates instead of calling 'LoggerExtensions.LogWarning(ILogger, string?, params object?[])' (https://learn.microsoft.com/dotnet/fundamentals/code-analysis/quality-rules/ca1848) [/home/runner/work/trading-bot-c-/trading-bot-c-/src/BotCore/BotCore.csproj]
/home/runner/work/trading-bot-c-/trading-bot-c-/src/BotCore/Services/UnifiedModelPathResolver.cs(172,13): error CA1848: For improved performance, use the LoggerMessage delegates instead of calling 'LoggerExtensions.LogError(ILogger, Exception?, string?, params object?[])' (https://learn.microsoft.com/dotnet/fundamentals/code-analysis/quality-rules/ca1848) [/home/runner/work/trading-bot-c-/trading-bot-c-/src/BotCore/BotCore.csproj]
/home/runner/work/trading-bot-c-/trading-bot-c-/src/BotCore/Services/UnifiedModelPathResolver.cs(184,13): error CA1848: For improved performance, use the LoggerMessage delegates instead of calling 'LoggerExtensions.LogError(ILogger, Exception?, string?, params object?[])' (https://learn.microsoft.com/dotnet/fundamentals/code-analysis/quality-rules/ca1848) [/home/runner/work/trading-bot-c-/trading-bot-c-/src/BotCore/BotCore.csproj]
/home/runner/work/trading-bot-c-/trading-bot-c-/src/BotCore/StrategyDsl/ExpressionEvaluator.cs(161,17): error CA1848: For improved performance, use the LoggerMessage delegates instead of calling 'LoggerExtensions.LogError(ILogger, Exception?, string?, params object?[])' (https://learn.microsoft.com/dotnet/fundamentals/code-analysis/quality-rules/ca1848) [/home/runner/work/trading-bot-c-/trading-bot-c-/src/BotCore/BotCore.csproj]
/home/runner/work/trading-bot-c-/trading-bot-c-/src/BotCore/StrategyDsl/ExpressionEvaluator.cs(166,17): error CA1848: For improved performance, use the LoggerMessage delegates instead of calling 'LoggerExtensions.LogError(ILogger, Exception?, string?, params object?[])' (https://learn.microsoft.com/dotnet/fundamentals/code-analysis/quality-rules/ca1848) [/home/runner/work/trading-bot-c-/trading-bot-c-/src/BotCore/BotCore.csproj]
/home/runner/work/trading-bot-c-/trading-bot-c-/src/BotCore/StrategyDsl/ExpressionEvaluator.cs(171,17): error CA1848: For improved performance, use the LoggerMessage delegates instead of calling 'LoggerExtensions.LogError(ILogger, Exception?, string?, params object?[])' (https://learn.microsoft.com/dotnet/fundamentals/code-analysis/quality-rules/ca1848) [/home/runner/work/trading-bot-c-/trading-bot-c-/src/BotCore/BotCore.csproj]
/home/runner/work/trading-bot-c-/trading-bot-c-/src/BotCore/StrategyDsl/ExpressionEvaluator.cs(176,17): error CA1848: For improved performance, use the LoggerMessage delegates instead of calling 'LoggerExtensions.LogError(ILogger, Exception?, string?, params object?[])' (https://learn.microsoft.com/dotnet/fundamentals/code-analysis/quality-rules/ca1848) [/home/runner/work/trading-bot-c-/trading-bot-c-/src/BotCore/BotCore.csproj]
/home/runner/work/trading-bot-c-/trading-bot-c-/src/BotCore/StrategyDsl/FeatureBusMapper.cs(305,9): error CA1848: For improved performance, use the LoggerMessage delegates instead of calling 'LoggerExtensions.LogDebug(ILogger, string?, params object?[])' (https://learn.microsoft.com/dotnet/fundamentals/code-analysis/quality-rules/ca1848) [/home/runner/work/trading-bot-c-/trading-bot-c-/src/BotCore/BotCore.csproj]
/home/runner/work/trading-bot-c-/trading-bot-c-/src/BotCore/Services/UnifiedPositionManagementService.cs(324,21): error S138: This method 'RegisterPosition' has 97 lines, which is greater than the 80 lines authorized. Split it into smaller methods. (https://rules.sonarsource.com/csharp/RSPEC-138) [/home/runner/work/trading-bot-c-/trading-bot-c-/src/BotCore/BotCore.csproj]
/home/runner/work/trading-bot-c-/trading-bot-c-/src/BotCore/Services/TradingReadinessTracker.cs(144,17): error CA1848: For improved performance, use the LoggerMessage delegates instead of calling 'LoggerExtensions.LogInformation(ILogger, string?, params object?[])' (https://learn.microsoft.com/dotnet/fundamentals/code-analysis/quality-rules/ca1848) [/home/runner/work/trading-bot-c-/trading-bot-c-/src/BotCore/BotCore.csproj]
/home/runner/work/trading-bot-c-/trading-bot-c-/src/BotCore/Services/UnifiedPositionManagementService.cs(349,17): error CA1848: For improved performance, use the LoggerMessage delegates instead of calling 'LoggerExtensions.LogInformation(ILogger, string?, params object?[])' (https://learn.microsoft.com/dotnet/fundamentals/code-analysis/quality-rules/ca1848) [/home/runner/work/trading-bot-c-/trading-bot-c-/src/BotCore/BotCore.csproj]
/home/runner/work/trading-bot-c-/trading-bot-c-/src/BotCore/Services/UnifiedPositionManagementService.cs(380,21): error CA1848: For improved performance, use the LoggerMessage delegates instead of calling 'LoggerExtensions.LogDebug(ILogger, Exception?, string?, params object?[])' (https://learn.microsoft.com/dotnet/fundamentals/code-analysis/quality-rules/ca1848) [/home/runner/work/trading-bot-c-/trading-bot-c-/src/BotCore/BotCore.csproj]
/home/runner/work/trading-bot-c-/trading-bot-c-/src/BotCore/Services/UnifiedPositionManagementService.cs(402,17): error CA1848: For improved performance, use the LoggerMessage delegates instead of calling 'LoggerExtensions.LogWarning(ILogger, Exception?, string?, params object?[])' (https://learn.microsoft.com/dotnet/fundamentals/code-analysis/quality-rules/ca1848) [/home/runner/work/trading-bot-c-/trading-bot-c-/src/BotCore/BotCore.csproj]
/home/runner/work/trading-bot-c-/trading-bot-c-/src/BotCore/Services/UnifiedPositionManagementService.cs(439,17): error CA1848: For improved performance, use the LoggerMessage delegates instead of calling 'LoggerExtensions.LogInformation(ILogger, string?, params object?[])' (https://learn.microsoft.com/dotnet/fundamentals/code-analysis/quality-rules/ca1848) [/home/runner/work/trading-bot-c-/trading-bot-c-/src/BotCore/BotCore.csproj]
/home/runner/work/trading-bot-c-/trading-bot-c-/src/BotCore/Services/UnifiedPositionManagementService.cs(445,17): error CA1848: For improved performance, use the LoggerMessage delegates instead of calling 'LoggerExtensions.LogInformation(ILogger, string?, params object?[])' (https://learn.microsoft.com/dotnet/fundamentals/code-analysis/quality-rules/ca1848) [/home/runner/work/trading-bot-c-/trading-bot-c-/src/BotCore/BotCore.csproj]
/home/runner/work/trading-bot-c-/trading-bot-c-/src/BotCore/Services/UnifiedPositionManagementService.cs(377,17): error CA1031: Modify 'RegisterPosition' to catch a more specific allowed exception type, or rethrow the exception (https://learn.microsoft.com/dotnet/fundamentals/code-analysis/quality-rules/ca1031) [/home/runner/work/trading-bot-c-/trading-bot-c-/src/BotCore/BotCore.csproj]
/home/runner/work/trading-bot-c-/trading-bot-c-/src/BotCore/Services/UnifiedPositionManagementService.cs(400,13): error CA1031: Modify 'RegisterPosition' to catch a more specific allowed exception type, or rethrow the exception (https://learn.microsoft.com/dotnet/fundamentals/code-analysis/quality-rules/ca1031) [/home/runner/work/trading-bot-c-/trading-bot-c-/src/BotCore/BotCore.csproj]
/home/runner/work/trading-bot-c-/trading-bot-c-/src/BotCore/StrategyDsl/FeatureBusMapper.cs(326,28): error S1541: The Cyclomatic Complexity of this method is 14 which is greater than 10 authorized. (https://rules.sonarsource.com/csharp/RSPEC-1541) [/home/runner/work/trading-bot-c-/trading-bot-c-/src/BotCore/BotCore.csproj]
/home/runner/work/trading-bot-c-/trading-bot-c-/src/BotCore/Services/TradingSystemBarConsumer.cs(103,21): error CA1848: For improved performance, use the LoggerMessage delegates instead of calling 'LoggerExtensions.LogInformation(ILogger, string?, params object?[])' (https://learn.microsoft.com/dotnet/fundamentals/code-analysis/quality-rules/ca1848) [/home/runner/work/trading-bot-c-/trading-bot-c-/src/BotCore/BotCore.csproj]
/home/runner/work/trading-bot-c-/trading-bot-c-/src/BotCore/Services/TradingSystemBarConsumer.cs(107,21): error CA1848: For improved performance, use the LoggerMessage delegates instead of calling 'LoggerExtensions.LogWarning(ILogger, string?, params object?[])' (https://learn.microsoft.com/dotnet/fundamentals/code-analysis/quality-rules/ca1848) [/home/runner/work/trading-bot-c-/trading-bot-c-/src/BotCore/BotCore.csproj]
/home/runner/work/trading-bot-c-/trading-bot-c-/src/BotCore/Services/TradingSystemBarConsumer.cs(129,21): error CA1848: For improved performance, use the LoggerMessage delegates instead of calling 'LoggerExtensions.LogDebug(ILogger, string?, params object?[])' (https://learn.microsoft.com/dotnet/fundamentals/code-analysis/quality-rules/ca1848) [/home/runner/work/trading-bot-c-/trading-bot-c-/src/BotCore/BotCore.csproj]
/home/runner/work/trading-bot-c-/trading-bot-c-/src/BotCore/Services/TradingSystemBarConsumer.cs(146,21): error CA1848: For improved performance, use the LoggerMessage delegates instead of calling 'LoggerExtensions.LogDebug(ILogger, string?, params object?[])' (https://learn.microsoft.com/dotnet/fundamentals/code-analysis/quality-rules/ca1848) [/home/runner/work/trading-bot-c-/trading-bot-c-/src/BotCore/BotCore.csproj]
/home/runner/work/trading-bot-c-/trading-bot-c-/src/BotCore/Services/TradingSystemBarConsumer.cs(151,17): error CA1848: For improved performance, use the LoggerMessage delegates instead of calling 'LoggerExtensions.LogWarning(ILogger, Exception?, string?, params object?[])' (https://learn.microsoft.com/dotnet/fundamentals/code-analysis/quality-rules/ca1848) [/home/runner/work/trading-bot-c-/trading-bot-c-/src/BotCore/BotCore.csproj]
/home/runner/work/trading-bot-c-/trading-bot-c-/src/BotCore/Services/TradingReadinessTracker.cs(155,17): error CA1848: For improved performance, use the LoggerMessage delegates instead of calling 'LoggerExtensions.LogInformation(ILogger, string?, params object?[])' (https://learn.microsoft.com/dotnet/fundamentals/code-analysis/quality-rules/ca1848) [/home/runner/work/trading-bot-c-/trading-bot-c-/src/BotCore/BotCore.csproj]
/home/runner/work/trading-bot-c-/trading-bot-c-/src/BotCore/Services/TradingReadinessTracker.cs(169,17): error CA1848: For improved performance, use the LoggerMessage delegates instead of calling 'LoggerExtensions.LogInformation(ILogger, string?, params object?[])' (https://learn.microsoft.com/dotnet/fundamentals/code-analysis/quality-rules/ca1848) [/home/runner/work/trading-bot-c-/trading-bot-c-/src/BotCore/BotCore.csproj]
/home/runner/work/trading-bot-c-/trading-bot-c-/src/BotCore/Services/UnifiedPositionManagementService.cs(460,17): error CA1848: For improved performance, use the LoggerMessage delegates instead of calling 'LoggerExtensions.LogInformation(ILogger, string?, params object?[])' (https://learn.microsoft.com/dotnet/fundamentals/code-analysis/quality-rules/ca1848) [/home/runner/work/trading-bot-c-/trading-bot-c-/src/BotCore/BotCore.csproj]
/home/runner/work/trading-bot-c-/trading-bot-c-/src/BotCore/Services/TradingSystemBarConsumer.cs(149,13): error CA1031: Modify 'FeedToBarAggregators' to catch a more specific allowed exception type, or rethrow the exception (https://learn.microsoft.com/dotnet/fundamentals/code-analysis/quality-rules/ca1031) [/home/runner/work/trading-bot-c-/trading-bot-c-/src/BotCore/BotCore.csproj]
/home/runner/work/trading-bot-c-/trading-bot-c-/src/BotCore/Services/WalkForwardValidationService.cs(190,25): error CA1848: For improved performance, use the LoggerMessage delegates instead of calling 'LoggerExtensions.LogWarning(ILogger, string?, params object?[])' (https://learn.microsoft.com/dotnet/fundamentals/code-analysis/quality-rules/ca1848) [/home/runner/work/trading-bot-c-/trading-bot-c-/src/BotCore/BotCore.csproj]
/home/runner/work/trading-bot-c-/trading-bot-c-/src/BotCore/Services/WalkForwardValidationService.cs(195,17): error CA1848: For improved performance, use the LoggerMessage delegates instead of calling 'LoggerExtensions.LogInformation(ILogger, string?, params object?[])' (https://learn.microsoft.com/dotnet/fundamentals/code-analysis/quality-rules/ca1848) [/home/runner/work/trading-bot-c-/trading-bot-c-/src/BotCore/BotCore.csproj]
/home/runner/work/trading-bot-c-/trading-bot-c-/src/BotCore/Services/WalkForwardValidationService.cs(202,17): error CA1848: For improved performance, use the LoggerMessage delegates instead of calling 'LoggerExtensions.LogError(ILogger, Exception?, string?, params object?[])' (https://learn.microsoft.com/dotnet/fundamentals/code-analysis/quality-rules/ca1848) [/home/runner/work/trading-bot-c-/trading-bot-c-/src/BotCore/BotCore.csproj]
/home/runner/work/trading-bot-c-/trading-bot-c-/src/BotCore/Services/TradingSystemBarConsumer.cs(168,17): error CA1848: For improved performance, use the LoggerMessage delegates instead of calling 'LoggerExtensions.LogDebug(ILogger, string?, params object?[])' (https://learn.microsoft.com/dotnet/fundamentals/code-analysis/quality-rules/ca1848) [/home/runner/work/trading-bot-c-/trading-bot-c-/src/BotCore/BotCore.csproj]
/home/runner/work/trading-bot-c-/trading-bot-c-/src/BotCore/Services/TradingSystemBarConsumer.cs(172,17): error CA1848: For improved performance, use the LoggerMessage delegates instead of calling 'LoggerExtensions.LogWarning(ILogger, Exception?, string?, params object?[])' (https://learn.microsoft.com/dotnet/fundamentals/code-analysis/quality-rules/ca1848) [/home/runner/work/trading-bot-c-/trading-bot-c-/src/BotCore/BotCore.csproj]
/home/runner/work/trading-bot-c-/trading-bot-c-/src/BotCore/Services/TradingSystemBarConsumer.cs(170,13): error CA1031: Modify 'NotifyBarHandlers' to catch a more specific allowed exception type, or rethrow the exception (https://learn.microsoft.com/dotnet/fundamentals/code-analysis/quality-rules/ca1031) [/home/runner/work/trading-bot-c-/trading-bot-c-/src/BotCore/BotCore.csproj]
/home/runner/work/trading-bot-c-/trading-bot-c-/src/BotCore/Services/UnifiedDecisionRouter.cs(133,47): error S1541: The Cyclomatic Complexity of this method is 11 which is greater than 10 authorized. (https://rules.sonarsource.com/csharp/RSPEC-1541) [/home/runner/work/trading-bot-c-/trading-bot-c-/src/BotCore/BotCore.csproj]
/home/runner/work/trading-bot-c-/trading-bot-c-/src/BotCore/Services/UnifiedDecisionRouter.cs(143,13): error CA1848: For improved performance, use the LoggerMessage delegates instead of calling 'LoggerExtensions.LogDebug(ILogger, string?, params object?[])' (https://learn.microsoft.com/dotnet/fundamentals/code-analysis/quality-rules/ca1848) [/home/runner/work/trading-bot-c-/trading-bot-c-/src/BotCore/BotCore.csproj]
/home/runner/work/trading-bot-c-/trading-bot-c-/src/BotCore/Services/UnifiedDecisionRouter.cs(156,21): error CA1848: For improved performance, use the LoggerMessage delegates instead of calling 'LoggerExtensions.LogInformation(ILogger, string?, params object?[])' (https://learn.microsoft.com/dotnet/fundamentals/code-analysis/quality-rules/ca1848) [/home/runner/work/trading-bot-c-/trading-bot-c-/src/BotCore/BotCore.csproj]
/home/runner/work/trading-bot-c-/trading-bot-c-/src/BotCore/Services/UnifiedDecisionRouter.cs(171,17): error CA1848: For improved performance, use the LoggerMessage delegates instead of calling 'LoggerExtensions.LogInformation(ILogger, string?, params object?[])' (https://learn.microsoft.com/dotnet/fundamentals/code-analysis/quality-rules/ca1848) [/home/runner/work/trading-bot-c-/trading-bot-c-/src/BotCore/BotCore.csproj]
/home/runner/work/trading-bot-c-/trading-bot-c-/src/BotCore/Services/UnifiedDecisionRouter.cs(185,17): error CA1848: For improved performance, use the LoggerMessage delegates instead of calling 'LoggerExtensions.LogInformation(ILogger, string?, params object?[])' (https://learn.microsoft.com/dotnet/fundamentals/code-analysis/quality-rules/ca1848) [/home/runner/work/trading-bot-c-/trading-bot-c-/src/BotCore/BotCore.csproj]
/home/runner/work/trading-bot-c-/trading-bot-c-/src/BotCore/Services/UnifiedDecisionRouter.cs(199,17): error CA1848: For improved performance, use the LoggerMessage delegates instead of calling 'LoggerExtensions.LogInformation(ILogger, string?, params object?[])' (https://learn.microsoft.com/dotnet/fundamentals/code-analysis/quality-rules/ca1848) [/home/runner/work/trading-bot-c-/trading-bot-c-/src/BotCore/BotCore.csproj]
/home/runner/work/trading-bot-c-/trading-bot-c-/src/BotCore/Services/UnifiedDecisionRouter.cs(212,13): error CA1848: For improved performance, use the LoggerMessage delegates instead of calling 'LoggerExtensions.LogWarning(ILogger, string?, params object?[])' (https://learn.microsoft.com/dotnet/fundamentals/code-analysis/quality-rules/ca1848) [/home/runner/work/trading-bot-c-/trading-bot-c-/src/BotCore/BotCore.csproj]
/home/runner/work/trading-bot-c-/trading-bot-c-/src/BotCore/Services/UnifiedDecisionRouter.cs(218,13): error CA1848: For improved performance, use the LoggerMessage delegates instead of calling 'LoggerExtensions.LogError(ILogger, Exception?, string?, params object?[])' (https://learn.microsoft.com/dotnet/fundamentals/code-analysis/quality-rules/ca1848) [/home/runner/work/trading-bot-c-/trading-bot-c-/src/BotCore/BotCore.csproj]
/home/runner/work/trading-bot-c-/trading-bot-c-/src/BotCore/Services/UnifiedDecisionRouter.cs(230,13): error CA1848: For improved performance, use the LoggerMessage delegates instead of calling 'LoggerExtensions.LogError(ILogger, Exception?, string?, params object?[])' (https://learn.microsoft.com/dotnet/fundamentals/code-analysis/quality-rules/ca1848) [/home/runner/work/trading-bot-c-/trading-bot-c-/src/BotCore/BotCore.csproj]
/home/runner/work/trading-bot-c-/trading-bot-c-/src/BotCore/Services/UnifiedModelPathResolver.cs(207,17): error CA1848: For improved performance, use the LoggerMessage delegates instead of calling 'LoggerExtensions.LogWarning(ILogger, string?, params object?[])' (https://learn.microsoft.com/dotnet/fundamentals/code-analysis/quality-rules/ca1848) [/home/runner/work/trading-bot-c-/trading-bot-c-/src/BotCore/BotCore.csproj]
/home/runner/work/trading-bot-c-/trading-bot-c-/src/BotCore/Services/UnifiedModelPathResolver.cs(242,21): error CA1848: For improved performance, use the LoggerMessage delegates instead of calling 'LoggerExtensions.LogWarning(ILogger, Exception?, string?, params object?[])' (https://learn.microsoft.com/dotnet/fundamentals/code-analysis/quality-rules/ca1848) [/home/runner/work/trading-bot-c-/trading-bot-c-/src/BotCore/BotCore.csproj]
/home/runner/work/trading-bot-c-/trading-bot-c-/src/BotCore/Services/UnifiedModelPathResolver.cs(246,21): error CA1848: For improved performance, use the LoggerMessage delegates instead of calling 'LoggerExtensions.LogWarning(ILogger, Exception?, string?, params object?[])' (https://learn.microsoft.com/dotnet/fundamentals/code-analysis/quality-rules/ca1848) [/home/runner/work/trading-bot-c-/trading-bot-c-/src/BotCore/BotCore.csproj]
/home/runner/work/trading-bot-c-/trading-bot-c-/src/BotCore/Services/UnifiedModelPathResolver.cs(250,13): error CA1848: For improved performance, use the LoggerMessage delegates instead of calling 'LoggerExtensions.LogInformation(ILogger, string?, params object?[])' (https://learn.microsoft.com/dotnet/fundamentals/code-analysis/quality-rules/ca1848) [/home/runner/work/trading-bot-c-/trading-bot-c-/src/BotCore/BotCore.csproj]
/home/runner/work/trading-bot-c-/trading-bot-c-/src/BotCore/Services/UnifiedModelPathResolver.cs(255,13): error CA1848: For improved performance, use the LoggerMessage delegates instead of calling 'LoggerExtensions.LogError(ILogger, Exception?, string?, params object?[])' (https://learn.microsoft.com/dotnet/fundamentals/code-analysis/quality-rules/ca1848) [/home/runner/work/trading-bot-c-/trading-bot-c-/src/BotCore/BotCore.csproj]
/home/runner/work/trading-bot-c-/trading-bot-c-/src/BotCore/Services/UnifiedModelPathResolver.cs(259,13): error CA1848: For improved performance, use the LoggerMessage delegates instead of calling 'LoggerExtensions.LogError(ILogger, Exception?, string?, params object?[])' (https://learn.microsoft.com/dotnet/fundamentals/code-analysis/quality-rules/ca1848) [/home/runner/work/trading-bot-c-/trading-bot-c-/src/BotCore/BotCore.csproj]
/home/runner/work/trading-bot-c-/trading-bot-c-/src/BotCore/Services/TradingReadinessTracker.cs(214,17): error CA1848: For improved performance, use the LoggerMessage delegates instead of calling 'LoggerExtensions.LogInformation(ILogger, string?, params object?[])' (https://learn.microsoft.com/dotnet/fundamentals/code-analysis/quality-rules/ca1848) [/home/runner/work/trading-bot-c-/trading-bot-c-/src/BotCore/BotCore.csproj]
/home/runner/work/trading-bot-c-/trading-bot-c-/src/BotCore/Services/WalkForwardValidationService.cs(216,17): error CA1848: For improved performance, use the LoggerMessage delegates instead of calling 'LoggerExtensions.LogDebug(ILogger, string?, params object?[])' (https://learn.microsoft.com/dotnet/fundamentals/code-analysis/quality-rules/ca1848) [/home/runner/work/trading-bot-c-/trading-bot-c-/src/BotCore/BotCore.csproj]
/home/runner/work/trading-bot-c-/trading-bot-c-/src/BotCore/Services/WalkForwardValidationService.cs(227,17): error CA1848: For improved performance, use the LoggerMessage delegates instead of calling 'LoggerExtensions.LogDebug(ILogger, string?, params object?[])' (https://learn.microsoft.com/dotnet/fundamentals/code-analysis/quality-rules/ca1848) [/home/runner/work/trading-bot-c-/trading-bot-c-/src/BotCore/BotCore.csproj]
/home/runner/work/trading-bot-c-/trading-bot-c-/src/BotCore/Services/WalkForwardValidationService.cs(234,17): error CA1848: For improved performance, use the LoggerMessage delegates instead of calling 'LoggerExtensions.LogError(ILogger, Exception?, string?, params object?[])' (https://learn.microsoft.com/dotnet/fundamentals/code-analysis/quality-rules/ca1848) [/home/runner/work/trading-bot-c-/trading-bot-c-/src/BotCore/BotCore.csproj]
/home/runner/work/trading-bot-c-/trading-bot-c-/src/BotCore/Services/TopstepXHttpClient.cs(20,47): error CA1054: Change the type of parameter 'requestUri' of method 'ITopstepXHttpClient.GetAsync(string, [CancellationToken])' from 'string' to 'System.Uri', or provide an overload to 'ITopstepXHttpClient.GetAsync(string, [CancellationToken])' that allows 'requestUri' to be passed as a 'System.Uri' object (https://learn.microsoft.com/dotnet/fundamentals/code-analysis/quality-rules/ca1054) [/home/runner/work/trading-bot-c-/trading-bot-c-/src/BotCore/BotCore.csproj]
/home/runner/work/trading-bot-c-/trading-bot-c-/src/BotCore/Services/TopstepXHttpClient.cs(21,48): error CA1054: Change the type of parameter 'requestUri' of method 'ITopstepXHttpClient.PostAsync(string, HttpContent, [CancellationToken])' from 'string' to 'System.Uri', or provide an overload to 'ITopstepXHttpClient.PostAsync(string, HttpContent, [CancellationToken])' that allows 'requestUri' to be passed as a 'System.Uri' object (https://learn.microsoft.com/dotnet/fundamentals/code-analysis/quality-rules/ca1054) [/home/runner/work/trading-bot-c-/trading-bot-c-/src/BotCore/BotCore.csproj]
/home/runner/work/trading-bot-c-/trading-bot-c-/src/BotCore/Services/TopstepXHttpClient.cs(22,37): error CA1054: Change the type of parameter 'requestUri' of method 'ITopstepXHttpClient.GetJsonAsync<T>(string, [CancellationToken])' from 'string' to 'System.Uri', or provide an overload to 'ITopstepXHttpClient.GetJsonAsync<T>(string, [CancellationToken])' that allows 'requestUri' to be passed as a 'System.Uri' object (https://learn.microsoft.com/dotnet/fundamentals/code-analysis/quality-rules/ca1054) [/home/runner/work/trading-bot-c-/trading-bot-c-/src/BotCore/BotCore.csproj]
/home/runner/work/trading-bot-c-/trading-bot-c-/src/BotCore/Services/TopstepXHttpClient.cs(23,38): error CA1054: Change the type of parameter 'requestUri' of method 'ITopstepXHttpClient.PostJsonAsync<T>(string, object, [CancellationToken])' from 'string' to 'System.Uri', or provide an overload to 'ITopstepXHttpClient.PostJsonAsync<T>(string, object, [CancellationToken])' that allows 'requestUri' to be passed as a 'System.Uri' object (https://learn.microsoft.com/dotnet/fundamentals/code-analysis/quality-rules/ca1054) [/home/runner/work/trading-bot-c-/trading-bot-c-/src/BotCore/BotCore.csproj]
/home/runner/work/trading-bot-c-/trading-bot-c-/src/BotCore/Services/TradingFeedbackService.cs(57,9): error CA1848: For improved performance, use the LoggerMessage delegates instead of calling 'LoggerExtensions.LogInformation(ILogger, string?, params object?[])' (https://learn.microsoft.com/dotnet/fundamentals/code-analysis/quality-rules/ca1848) [/home/runner/work/trading-bot-c-/trading-bot-c-/src/BotCore/BotCore.csproj]
/home/runner/work/trading-bot-c-/trading-bot-c-/src/BotCore/StrategyDsl/ExpressionEvaluator.cs(262,9): error CA1848: For improved performance, use the LoggerMessage delegates instead of calling 'LoggerExtensions.LogWarning(ILogger, string?, params object?[])' (https://learn.microsoft.com/dotnet/fundamentals/code-analysis/quality-rules/ca1848) [/home/runner/work/trading-bot-c-/trading-bot-c-/src/BotCore/BotCore.csproj]
/home/runner/work/trading-bot-c-/trading-bot-c-/src/BotCore/Services/UnifiedPositionManagementService.cs(471,101): error S1172: Remove this unused method parameter 'duration'. (https://rules.sonarsource.com/csharp/RSPEC-1172) [/home/runner/work/trading-bot-c-/trading-bot-c-/src/BotCore/BotCore.csproj]
/home/runner/work/trading-bot-c-/trading-bot-c-/src/BotCore/Services/UnifiedPositionManagementService.cs(542,17): error CA1848: For improved performance, use the LoggerMessage delegates instead of calling 'LoggerExtensions.LogDebug(ILogger, string?, params object?[])' (https://learn.microsoft.com/dotnet/fundamentals/code-analysis/quality-rules/ca1848) [/home/runner/work/trading-bot-c-/trading-bot-c-/src/BotCore/BotCore.csproj]
/home/runner/work/trading-bot-c-/trading-bot-c-/src/BotCore/Services/UnifiedPositionManagementService.cs(547,17): error CA1848: For improved performance, use the LoggerMessage delegates instead of calling 'LoggerExtensions.LogWarning(ILogger, Exception?, string?, params object?[])' (https://learn.microsoft.com/dotnet/fundamentals/code-analysis/quality-rules/ca1848) [/home/runner/work/trading-bot-c-/trading-bot-c-/src/BotCore/BotCore.csproj]
/home/runner/work/trading-bot-c-/trading-bot-c-/src/BotCore/Services/UnifiedPositionManagementService.cs(545,13): error CA1031: Modify 'ReportOutcomeToOptimizer' to catch a more specific allowed exception type, or rethrow the exception (https://learn.microsoft.com/dotnet/fundamentals/code-analysis/quality-rules/ca1031) [/home/runner/work/trading-bot-c-/trading-bot-c-/src/BotCore/BotCore.csproj]
/home/runner/work/trading-bot-c-/trading-bot-c-/src/BotCore/Services/TopstepXHttpClient.cs(58,9): error CA1848: For improved performance, use the LoggerMessage delegates instead of calling 'LoggerExtensions.LogInformation(ILogger, string?, params object?[])' (https://learn.microsoft.com/dotnet/fundamentals/code-analysis/quality-rules/ca1848) [/home/runner/work/trading-bot-c-/trading-bot-c-/src/BotCore/BotCore.csproj]
/home/runner/work/trading-bot-c-/trading-bot-c-/src/BotCore/Services/UnifiedModelPathResolver.cs(276,9): error CA1848: For improved performance, use the LoggerMessage delegates instead of calling 'LoggerExtensions.LogDebug(ILogger, string?, params object?[])' (https://learn.microsoft.com/dotnet/fundamentals/code-analysis/quality-rules/ca1848) [/home/runner/work/trading-bot-c-/trading-bot-c-/src/BotCore/BotCore.csproj]
/home/runner/work/trading-bot-c-/trading-bot-c-/src/BotCore/Services/UnifiedModelPathResolver.cs(290,9): error CA1848: For improved performance, use the LoggerMessage delegates instead of calling 'LoggerExtensions.LogInformation(ILogger, string?, params object?[])' (https://learn.microsoft.com/dotnet/fundamentals/code-analysis/quality-rules/ca1848) [/home/runner/work/trading-bot-c-/trading-bot-c-/src/BotCore/BotCore.csproj]
/home/runner/work/trading-bot-c-/trading-bot-c-/src/BotCore/Services/TradingFeedbackService.cs(63,9): error CA1848: For improved performance, use the LoggerMessage delegates instead of calling 'LoggerExtensions.LogInformation(ILogger, string?, params object?[])' (https://learn.microsoft.com/dotnet/fundamentals/code-analysis/quality-rules/ca1848) [/home/runner/work/trading-bot-c-/trading-bot-c-/src/BotCore/BotCore.csproj]
/home/runner/work/trading-bot-c-/trading-bot-c-/src/BotCore/Services/TradingFeedbackService.cs(81,17): error CA1848: For improved performance, use the LoggerMessage delegates instead of calling 'LoggerExtensions.LogError(ILogger, Exception?, string?, params object?[])' (https://learn.microsoft.com/dotnet/fundamentals/code-analysis/quality-rules/ca1848) [/home/runner/work/trading-bot-c-/trading-bot-c-/src/BotCore/BotCore.csproj]
/home/runner/work/trading-bot-c-/trading-bot-c-/src/BotCore/Services/TradingFeedbackService.cs(86,9): error CA1848: For improved performance, use the LoggerMessage delegates instead of calling 'LoggerExtensions.LogInformation(ILogger, string?, params object?[])' (https://learn.microsoft.com/dotnet/fundamentals/code-analysis/quality-rules/ca1848) [/home/runner/work/trading-bot-c-/trading-bot-c-/src/BotCore/BotCore.csproj]
/home/runner/work/trading-bot-c-/trading-bot-c-/src/BotCore/Services/TradingFeedbackService.cs(79,13): error CA1031: Modify 'ExecuteAsync' to catch a more specific allowed exception type, or rethrow the exception (https://learn.microsoft.com/dotnet/fundamentals/code-analysis/quality-rules/ca1031) [/home/runner/work/trading-bot-c-/trading-bot-c-/src/BotCore/BotCore.csproj]
/home/runner/work/trading-bot-c-/trading-bot-c-/src/BotCore/Services/UnifiedModelPathResolver.cs(324,13): error CA1848: For improved performance, use the LoggerMessage delegates instead of calling 'LoggerExtensions.LogInformation(ILogger, string?, params object?[])' (https://learn.microsoft.com/dotnet/fundamentals/code-analysis/quality-rules/ca1848) [/home/runner/work/trading-bot-c-/trading-bot-c-/src/BotCore/BotCore.csproj]
/home/runner/work/trading-bot-c-/trading-bot-c-/src/BotCore/Services/UnifiedModelPathResolver.cs(332,9): error CA1848: For improved performance, use the LoggerMessage delegates instead of calling 'LoggerExtensions.LogInformation(ILogger, string?, params object?[])' (https://learn.microsoft.com/dotnet/fundamentals/code-analysis/quality-rules/ca1848) [/home/runner/work/trading-bot-c-/trading-bot-c-/src/BotCore/BotCore.csproj]
/home/runner/work/trading-bot-c-/trading-bot-c-/src/BotCore/Services/WalkForwardValidationService.cs(258,21): error CA1848: For improved performance, use the LoggerMessage delegates instead of calling 'LoggerExtensions.LogDebug(ILogger, string?, params object?[])' (https://learn.microsoft.com/dotnet/fundamentals/code-analysis/quality-rules/ca1848) [/home/runner/work/trading-bot-c-/trading-bot-c-/src/BotCore/BotCore.csproj]
/home/runner/work/trading-bot-c-/trading-bot-c-/src/BotCore/Services/WalkForwardValidationService.cs(273,17): error CA1848: For improved performance, use the LoggerMessage delegates instead of calling 'LoggerExtensions.LogError(ILogger, Exception?, string?, params object?[])' (https://learn.microsoft.com/dotnet/fundamentals/code-analysis/quality-rules/ca1848) [/home/runner/work/trading-bot-c-/trading-bot-c-/src/BotCore/BotCore.csproj]
/home/runner/work/trading-bot-c-/trading-bot-c-/src/BotCore/Services/WalkForwardValidationService.cs(278,17): error CA1848: For improved performance, use the LoggerMessage delegates instead of calling 'LoggerExtensions.LogError(ILogger, Exception?, string?, params object?[])' (https://learn.microsoft.com/dotnet/fundamentals/code-analysis/quality-rules/ca1848) [/home/runner/work/trading-bot-c-/trading-bot-c-/src/BotCore/BotCore.csproj]
/home/runner/work/trading-bot-c-/trading-bot-c-/src/BotCore/Services/UnifiedDecisionRouter.cs(250,9): error S1172: Remove this unused method parameter 'marketContext'. (https://rules.sonarsource.com/csharp/RSPEC-1172) [/home/runner/work/trading-bot-c-/trading-bot-c-/src/BotCore/BotCore.csproj]
/home/runner/work/trading-bot-c-/trading-bot-c-/src/BotCore/Services/UnifiedDecisionRouter.cs(281,17): error CA1848: For improved performance, use the LoggerMessage delegates instead of calling 'LoggerExtensions.LogDebug(ILogger, string?, params object?[])' (https://learn.microsoft.com/dotnet/fundamentals/code-analysis/quality-rules/ca1848) [/home/runner/work/trading-bot-c-/trading-bot-c-/src/BotCore/BotCore.csproj]
/home/runner/work/trading-bot-c-/trading-bot-c-/src/BotCore/Services/UnifiedDecisionRouter.cs(287,13): error CA1848: For improved performance, use the LoggerMessage delegates instead of calling 'LoggerExtensions.LogTrace(ILogger, string?, params object?[])' (https://learn.microsoft.com/dotnet/fundamentals/code-analysis/quality-rules/ca1848) [/home/runner/work/trading-bot-c-/trading-bot-c-/src/BotCore/BotCore.csproj]
/home/runner/work/trading-bot-c-/trading-bot-c-/src/BotCore/Services/UnifiedDecisionRouter.cs(292,13): error CA1848: For improved performance, use the LoggerMessage delegates instead of calling 'LoggerExtensions.LogWarning(ILogger, Exception?, string?, params object?[])' (https://learn.microsoft.com/dotnet/fundamentals/code-analysis/quality-rules/ca1848) [/home/runner/work/trading-bot-c-/trading-bot-c-/src/BotCore/BotCore.csproj]
/home/runner/work/trading-bot-c-/trading-bot-c-/src/BotCore/Services/UnifiedDecisionRouter.cs(297,13): error CA1848: For improved performance, use the LoggerMessage delegates instead of calling 'LoggerExtensions.LogWarning(ILogger, Exception?, string?, params object?[])' (https://learn.microsoft.com/dotnet/fundamentals/code-analysis/quality-rules/ca1848) [/home/runner/work/trading-bot-c-/trading-bot-c-/src/BotCore/BotCore.csproj]
/home/runner/work/trading-bot-c-/trading-bot-c-/src/BotCore/Services/TopStepComplianceManager.cs(86,9): error CA1848: For improved performance, use the LoggerMessage delegates instead of calling 'LoggerExtensions.LogInformation(ILogger, string?, params object?[])' (https://learn.microsoft.com/dotnet/fundamentals/code-analysis/quality-rules/ca1848) [/home/runner/work/trading-bot-c-/trading-bot-c-/src/BotCore/BotCore.csproj]
/home/runner/work/trading-bot-c-/trading-bot-c-/src/BotCore/Services/TradingFeedbackService.cs(101,13): error CA1848: For improved performance, use the LoggerMessage delegates instead of calling 'LoggerExtensions.LogDebug(ILogger, string?, params object?[])' (https://learn.microsoft.com/dotnet/fundamentals/code-analysis/quality-rules/ca1848) [/home/runner/work/trading-bot-c-/trading-bot-c-/src/BotCore/BotCore.csproj]
/home/runner/work/trading-bot-c-/trading-bot-c-/src/BotCore/Services/TradingFeedbackService.cs(106,13): error CA1848: For improved performance, use the LoggerMessage delegates instead of calling 'LoggerExtensions.LogError(ILogger, Exception?, string?, params object?[])' (https://learn.microsoft.com/dotnet/fundamentals/code-analysis/quality-rules/ca1848) [/home/runner/work/trading-bot-c-/trading-bot-c-/src/BotCore/BotCore.csproj]
/home/runner/work/trading-bot-c-/trading-bot-c-/src/BotCore/Services/TradingFeedbackService.cs(110,13): error CA1848: For improved performance, use the LoggerMessage delegates instead of calling 'LoggerExtensions.LogError(ILogger, Exception?, string?, params object?[])' (https://learn.microsoft.com/dotnet/fundamentals/code-analysis/quality-rules/ca1848) [/home/runner/work/trading-bot-c-/trading-bot-c-/src/BotCore/BotCore.csproj]
/home/runner/work/trading-bot-c-/trading-bot-c-/src/BotCore/Services/TradingFeedbackService.cs(145,13): error CA1848: For improved performance, use the LoggerMessage delegates instead of calling 'LoggerExtensions.LogDebug(ILogger, string?, params object?[])' (https://learn.microsoft.com/dotnet/fundamentals/code-analysis/quality-rules/ca1848) [/home/runner/work/trading-bot-c-/trading-bot-c-/src/BotCore/BotCore.csproj]
/home/runner/work/trading-bot-c-/trading-bot-c-/src/BotCore/Services/TradingFeedbackService.cs(150,13): error CA1848: For improved performance, use the LoggerMessage delegates instead of calling 'LoggerExtensions.LogError(ILogger, Exception?, string?, params object?[])' (https://learn.microsoft.com/dotnet/fundamentals/code-analysis/quality-rules/ca1848) [/home/runner/work/trading-bot-c-/trading-bot-c-/src/BotCore/BotCore.csproj]
/home/runner/work/trading-bot-c-/trading-bot-c-/src/BotCore/Services/TradingFeedbackService.cs(154,13): error CA1848: For improved performance, use the LoggerMessage delegates instead of calling 'LoggerExtensions.LogError(ILogger, Exception?, string?, params object?[])' (https://learn.microsoft.com/dotnet/fundamentals/code-analysis/quality-rules/ca1848) [/home/runner/work/trading-bot-c-/trading-bot-c-/src/BotCore/BotCore.csproj]
/home/runner/work/trading-bot-c-/trading-bot-c-/src/BotCore/Services/WalkForwardValidationService.cs(293,17): error CA1848: For improved performance, use the LoggerMessage delegates instead of calling 'LoggerExtensions.LogInformation(ILogger, string?, params object?[])' (https://learn.microsoft.com/dotnet/fundamentals/code-analysis/quality-rules/ca1848) [/home/runner/work/trading-bot-c-/trading-bot-c-/src/BotCore/BotCore.csproj]
/home/runner/work/trading-bot-c-/trading-bot-c-/src/BotCore/Services/WalkForwardValidationService.cs(296,17): error CA1848: For improved performance, use the LoggerMessage delegates instead of calling 'LoggerExtensions.LogInformation(ILogger, string?, params object?[])' (https://learn.microsoft.com/dotnet/fundamentals/code-analysis/quality-rules/ca1848) [/home/runner/work/trading-bot-c-/trading-bot-c-/src/BotCore/BotCore.csproj]
/home/runner/work/trading-bot-c-/trading-bot-c-/src/BotCore/Services/WalkForwardValidationService.cs(308,17): error CA1848: For improved performance, use the LoggerMessage delegates instead of calling 'LoggerExtensions.LogInformation(ILogger, string?, params object?[])' (https://learn.microsoft.com/dotnet/fundamentals/code-analysis/quality-rules/ca1848) [/home/runner/work/trading-bot-c-/trading-bot-c-/src/BotCore/BotCore.csproj]
/home/runner/work/trading-bot-c-/trading-bot-c-/src/BotCore/Services/WalkForwardValidationService.cs(312,17): error CA1848: For improved performance, use the LoggerMessage delegates instead of calling 'LoggerExtensions.LogError(ILogger, Exception?, string?, params object?[])' (https://learn.microsoft.com/dotnet/fundamentals/code-analysis/quality-rules/ca1848) [/home/runner/work/trading-bot-c-/trading-bot-c-/src/BotCore/BotCore.csproj]
/home/runner/work/trading-bot-c-/trading-bot-c-/src/BotCore/Services/WalkForwardValidationService.cs(316,17): error CA1848: For improved performance, use the LoggerMessage delegates instead of calling 'LoggerExtensions.LogError(ILogger, Exception?, string?, params object?[])' (https://learn.microsoft.com/dotnet/fundamentals/code-analysis/quality-rules/ca1848) [/home/runner/work/trading-bot-c-/trading-bot-c-/src/BotCore/BotCore.csproj]
/home/runner/work/trading-bot-c-/trading-bot-c-/src/BotCore/Services/WalkForwardValidationService.cs(320,17): error CA1848: For improved performance, use the LoggerMessage delegates instead of calling 'LoggerExtensions.LogError(ILogger, Exception?, string?, params object?[])' (https://learn.microsoft.com/dotnet/fundamentals/code-analysis/quality-rules/ca1848) [/home/runner/work/trading-bot-c-/trading-bot-c-/src/BotCore/BotCore.csproj]
/home/runner/work/trading-bot-c-/trading-bot-c-/src/BotCore/Services/UnifiedDecisionRouter.cs(328,13): error CA1848: For improved performance, use the LoggerMessage delegates instead of calling 'LoggerExtensions.LogWarning(ILogger, Exception?, string?, params object?[])' (https://learn.microsoft.com/dotnet/fundamentals/code-analysis/quality-rules/ca1848) [/home/runner/work/trading-bot-c-/trading-bot-c-/src/BotCore/BotCore.csproj]
/home/runner/work/trading-bot-c-/trading-bot-c-/src/BotCore/Services/UnifiedDecisionRouter.cs(333,13): error CA1848: For improved performance, use the LoggerMessage delegates instead of calling 'LoggerExtensions.LogWarning(ILogger, Exception?, string?, params object?[])' (https://learn.microsoft.com/dotnet/fundamentals/code-analysis/quality-rules/ca1848) [/home/runner/work/trading-bot-c-/trading-bot-c-/src/BotCore/BotCore.csproj]
/home/runner/work/trading-bot-c-/trading-bot-c-/src/BotCore/Services/TradingFeedbackService.cs(178,13): error CA1848: For improved performance, use the LoggerMessage delegates instead of calling 'LoggerExtensions.LogDebug(ILogger, string?, params object?[])' (https://learn.microsoft.com/dotnet/fundamentals/code-analysis/quality-rules/ca1848) [/home/runner/work/trading-bot-c-/trading-bot-c-/src/BotCore/BotCore.csproj]
/home/runner/work/trading-bot-c-/trading-bot-c-/src/BotCore/Services/UnifiedPositionManagementService.cs(554,28): error S1541: The Cyclomatic Complexity of this method is 13 which is greater than 10 authorized. (https://rules.sonarsource.com/csharp/RSPEC-1541) [/home/runner/work/trading-bot-c-/trading-bot-c-/src/BotCore/BotCore.csproj]
/home/runner/work/trading-bot-c-/trading-bot-c-/src/BotCore/Services/UnifiedPositionManagementService.cs(597,29): error CA1848: For improved performance, use the LoggerMessage delegates instead of calling 'LoggerExtensions.LogDebug(ILogger, Exception?, string?, params object?[])' (https://learn.microsoft.com/dotnet/fundamentals/code-analysis/quality-rules/ca1848) [/home/runner/work/trading-bot-c-/trading-bot-c-/src/BotCore/BotCore.csproj]
/home/runner/work/trading-bot-c-/trading-bot-c-/src/BotCore/Services/UnifiedPositionManagementService.cs(620,25): error CA1848: For improved performance, use the LoggerMessage delegates instead of calling 'LoggerExtensions.LogInformation(ILogger, string?, params object?[])' (https://learn.microsoft.com/dotnet/fundamentals/code-analysis/quality-rules/ca1848) [/home/runner/work/trading-bot-c-/trading-bot-c-/src/BotCore/BotCore.csproj]
/home/runner/work/trading-bot-c-/trading-bot-c-/src/BotCore/Services/UnifiedPositionManagementService.cs(650,21): error CA1848: For improved performance, use the LoggerMessage delegates instead of calling 'LoggerExtensions.LogError(ILogger, Exception?, string?, params object?[])' (https://learn.microsoft.com/dotnet/fundamentals/code-analysis/quality-rules/ca1848) [/home/runner/work/trading-bot-c-/trading-bot-c-/src/BotCore/BotCore.csproj]
/home/runner/work/trading-bot-c-/trading-bot-c-/src/BotCore/Services/TopStepComplianceManager.cs(105,17): error CA1848: For improved performance, use the LoggerMessage delegates instead of calling 'LoggerExtensions.LogWarning(ILogger, string?, params object?[])' (https://learn.microsoft.com/dotnet/fundamentals/code-analysis/quality-rules/ca1848) [/home/runner/work/trading-bot-c-/trading-bot-c-/src/BotCore/BotCore.csproj]
/home/runner/work/trading-bot-c-/trading-bot-c-/src/BotCore/Services/TopStepComplianceManager.cs(113,17): error CA1848: For improved performance, use the LoggerMessage delegates instead of calling 'LoggerExtensions.LogWarning(ILogger, string?, params object?[])' (https://learn.microsoft.com/dotnet/fundamentals/code-analysis/quality-rules/ca1848) [/home/runner/work/trading-bot-c-/trading-bot-c-/src/BotCore/BotCore.csproj]
/home/runner/work/trading-bot-c-/trading-bot-c-/src/BotCore/Services/TopStepComplianceManager.cs(121,17): error CA1848: For improved performance, use the LoggerMessage delegates instead of calling 'LoggerExtensions.LogWarning(ILogger, string?, params object?[])' (https://learn.microsoft.com/dotnet/fundamentals/code-analysis/quality-rules/ca1848) [/home/runner/work/trading-bot-c-/trading-bot-c-/src/BotCore/BotCore.csproj]
/home/runner/work/trading-bot-c-/trading-bot-c-/src/BotCore/Services/TopStepComplianceManager.cs(128,17): error CA1848: For improved performance, use the LoggerMessage delegates instead of calling 'LoggerExtensions.LogWarning(ILogger, string?, params object?[])' (https://learn.microsoft.com/dotnet/fundamentals/code-analysis/quality-rules/ca1848) [/home/runner/work/trading-bot-c-/trading-bot-c-/src/BotCore/BotCore.csproj]
/home/runner/work/trading-bot-c-/trading-bot-c-/src/BotCore/Services/UnifiedPositionManagementService.cs(594,25): error CA1031: Modify 'MonitorAndManagePositionsAsync' to catch a more specific allowed exception type, or rethrow the exception (https://learn.microsoft.com/dotnet/fundamentals/code-analysis/quality-rules/ca1031) [/home/runner/work/trading-bot-c-/trading-bot-c-/src/BotCore/BotCore.csproj]
/home/runner/work/trading-bot-c-/trading-bot-c-/src/BotCore/Services/UnifiedPositionManagementService.cs(648,17): error CA1031: Modify 'MonitorAndManagePositionsAsync' to catch a more specific allowed exception type, or rethrow the exception (https://learn.microsoft.com/dotnet/fundamentals/code-analysis/quality-rules/ca1031) [/home/runner/work/trading-bot-c-/trading-bot-c-/src/BotCore/BotCore.csproj]
/home/runner/work/trading-bot-c-/trading-bot-c-/src/BotCore/Services/UnifiedDecisionRouter.cs(361,13): error CA1848: For improved performance, use the LoggerMessage delegates instead of calling 'LoggerExtensions.LogWarning(ILogger, Exception?, string?, params object?[])' (https://learn.microsoft.com/dotnet/fundamentals/code-analysis/quality-rules/ca1848) [/home/runner/work/trading-bot-c-/trading-bot-c-/src/BotCore/BotCore.csproj]
/home/runner/work/trading-bot-c-/trading-bot-c-/src/BotCore/Services/UnifiedDecisionRouter.cs(366,13): error CA1848: For improved performance, use the LoggerMessage delegates instead of calling 'LoggerExtensions.LogWarning(ILogger, Exception?, string?, params object?[])' (https://learn.microsoft.com/dotnet/fundamentals/code-analysis/quality-rules/ca1848) [/home/runner/work/trading-bot-c-/trading-bot-c-/src/BotCore/BotCore.csproj]
/home/runner/work/trading-bot-c-/trading-bot-c-/src/BotCore/Services/TopstepXHttpClient.cs(140,13): error CA1848: For improved performance, use the LoggerMessage delegates instead of calling 'LoggerExtensions.LogError(ILogger, Exception?, string?, params object?[])' (https://learn.microsoft.com/dotnet/fundamentals/code-analysis/quality-rules/ca1848) [/home/runner/work/trading-bot-c-/trading-bot-c-/src/BotCore/BotCore.csproj]
/home/runner/work/trading-bot-c-/trading-bot-c-/src/BotCore/StrategyDsl/ExpressionEvaluator.cs(296,18): error S1541: The Cyclomatic Complexity of this method is 24 which is greater than 10 authorized. (https://rules.sonarsource.com/csharp/RSPEC-1541) [/home/runner/work/trading-bot-c-/trading-bot-c-/src/BotCore/BotCore.csproj]
/home/runner/work/trading-bot-c-/trading-bot-c-/src/BotCore/Services/TopStepComplianceManager.cs(147,13): error CA1848: For improved performance, use the LoggerMessage delegates instead of calling 'LoggerExtensions.LogWarning(ILogger, string?, params object?[])' (https://learn.microsoft.com/dotnet/fundamentals/code-analysis/quality-rules/ca1848) [/home/runner/work/trading-bot-c-/trading-bot-c-/src/BotCore/BotCore.csproj]
/home/runner/work/trading-bot-c-/trading-bot-c-/src/BotCore/Services/UnifiedDecisionRouter.cs(387,13): error CA1848: For improved performance, use the LoggerMessage delegates instead of calling 'LoggerExtensions.LogWarning(ILogger, Exception?, string?, params object?[])' (https://learn.microsoft.com/dotnet/fundamentals/code-analysis/quality-rules/ca1848) [/home/runner/work/trading-bot-c-/trading-bot-c-/src/BotCore/BotCore.csproj]
/home/runner/work/trading-bot-c-/trading-bot-c-/src/BotCore/Services/UnifiedDecisionRouter.cs(392,13): error CA1848: For improved performance, use the LoggerMessage delegates instead of calling 'LoggerExtensions.LogWarning(ILogger, Exception?, string?, params object?[])' (https://learn.microsoft.com/dotnet/fundamentals/code-analysis/quality-rules/ca1848) [/home/runner/work/trading-bot-c-/trading-bot-c-/src/BotCore/BotCore.csproj]
/home/runner/work/trading-bot-c-/trading-bot-c-/src/BotCore/Services/TopStepComplianceManager.cs(180,13): error CA1848: For improved performance, use the LoggerMessage delegates instead of calling 'LoggerExtensions.LogDebug(ILogger, string?, params object?[])' (https://learn.microsoft.com/dotnet/fundamentals/code-analysis/quality-rules/ca1848) [/home/runner/work/trading-bot-c-/trading-bot-c-/src/BotCore/BotCore.csproj]
/home/runner/work/trading-bot-c-/trading-bot-c-/src/BotCore/Services/WalkForwardValidationService.cs(344,17): error CA1848: For improved performance, use the LoggerMessage delegates instead of calling 'LoggerExtensions.LogError(ILogger, Exception?, string?, params object?[])' (https://learn.microsoft.com/dotnet/fundamentals/code-analysis/quality-rules/ca1848) [/home/runner/work/trading-bot-c-/trading-bot-c-/src/BotCore/BotCore.csproj]
/home/runner/work/trading-bot-c-/trading-bot-c-/src/BotCore/Services/WalkForwardValidationService.cs(349,17): error CA1848: For improved performance, use the LoggerMessage delegates instead of calling 'LoggerExtensions.LogError(ILogger, Exception?, string?, params object?[])' (https://learn.microsoft.com/dotnet/fundamentals/code-analysis/quality-rules/ca1848) [/home/runner/work/trading-bot-c-/trading-bot-c-/src/BotCore/BotCore.csproj]
/home/runner/work/trading-bot-c-/trading-bot-c-/src/BotCore/Services/TradingProgressMonitor.cs(170,13): error CA1848: For improved performance, use the LoggerMessage delegates instead of calling 'LoggerExtensions.LogInformation(ILogger, string?, params object?[])' (https://learn.microsoft.com/dotnet/fundamentals/code-analysis/quality-rules/ca1848) [/home/runner/work/trading-bot-c-/trading-bot-c-/src/BotCore/BotCore.csproj]
/home/runner/work/trading-bot-c-/trading-bot-c-/src/BotCore/Services/UnifiedDecisionRouter.cs(476,13): error CA1848: For improved performance, use the LoggerMessage delegates instead of calling 'LoggerExtensions.LogDebug(ILogger, string?, params object?[])' (https://learn.microsoft.com/dotnet/fundamentals/code-analysis/quality-rules/ca1848) [/home/runner/work/trading-bot-c-/trading-bot-c-/src/BotCore/BotCore.csproj]
/home/runner/work/trading-bot-c-/trading-bot-c-/src/BotCore/Services/UnifiedDecisionRouter.cs(481,13): error CA1848: For improved performance, use the LoggerMessage delegates instead of calling 'LoggerExtensions.LogError(ILogger, Exception?, string?, params object?[])' (https://learn.microsoft.com/dotnet/fundamentals/code-analysis/quality-rules/ca1848) [/home/runner/work/trading-bot-c-/trading-bot-c-/src/BotCore/BotCore.csproj]
/home/runner/work/trading-bot-c-/trading-bot-c-/src/BotCore/Services/UnifiedDecisionRouter.cs(485,13): error CA1848: For improved performance, use the LoggerMessage delegates instead of calling 'LoggerExtensions.LogError(ILogger, Exception?, string?, params object?[])' (https://learn.microsoft.com/dotnet/fundamentals/code-analysis/quality-rules/ca1848) [/home/runner/work/trading-bot-c-/trading-bot-c-/src/BotCore/BotCore.csproj]
/home/runner/work/trading-bot-c-/trading-bot-c-/src/BotCore/Services/UnifiedPositionManagementService.cs(671,13): error CA1848: For improved performance, use the LoggerMessage delegates instead of calling 'LoggerExtensions.LogInformation(ILogger, string?, params object?[])' (https://learn.microsoft.com/dotnet/fundamentals/code-analysis/quality-rules/ca1848) [/home/runner/work/trading-bot-c-/trading-bot-c-/src/BotCore/BotCore.csproj]
/home/runner/work/trading-bot-c-/trading-bot-c-/src/BotCore/Services/UnifiedPositionManagementService.cs(687,17): error CA1848: For improved performance, use the LoggerMessage delegates instead of calling 'LoggerExtensions.LogDebug(ILogger, Exception?, string?, params object?[])' (https://learn.microsoft.com/dotnet/fundamentals/code-analysis/quality-rules/ca1848) [/home/runner/work/trading-bot-c-/trading-bot-c-/src/BotCore/BotCore.csproj]
/home/runner/work/trading-bot-c-/trading-bot-c-/src/BotCore/Services/UnifiedPositionManagementService.cs(684,13): error CA1031: Modify 'ActivateBreakevenProtectionAsync' to catch a more specific allowed exception type, or rethrow the exception (https://learn.microsoft.com/dotnet/fundamentals/code-analysis/quality-rules/ca1031) [/home/runner/work/trading-bot-c-/trading-bot-c-/src/BotCore/BotCore.csproj]
/home/runner/work/trading-bot-c-/trading-bot-c-/src/BotCore/Services/TopStepComplianceManager.cs(199,17): error CA1848: For improved performance, use the LoggerMessage delegates instead of calling 'LoggerExtensions.LogError(ILogger, string?, params object?[])' (https://learn.microsoft.com/dotnet/fundamentals/code-analysis/quality-rules/ca1848) [/home/runner/work/trading-bot-c-/trading-bot-c-/src/BotCore/BotCore.csproj]
/home/runner/work/trading-bot-c-/trading-bot-c-/src/BotCore/Services/TopStepComplianceManager.cs(211,17): error CA1848: For improved performance, use the LoggerMessage delegates instead of calling 'LoggerExtensions.LogInformation(ILogger, string?, params object?[])' (https://learn.microsoft.com/dotnet/fundamentals/code-analysis/quality-rules/ca1848) [/home/runner/work/trading-bot-c-/trading-bot-c-/src/BotCore/BotCore.csproj]
/home/runner/work/trading-bot-c-/trading-bot-c-/src/BotCore/Services/TopStepComplianceManager.cs(223,13): error CA1848: For improved performance, use the LoggerMessage delegates instead of calling 'LoggerExtensions.LogDebug(ILogger, string?, params object?[])' (https://learn.microsoft.com/dotnet/fundamentals/code-analysis/quality-rules/ca1848) [/home/runner/work/trading-bot-c-/trading-bot-c-/src/BotCore/BotCore.csproj]
/home/runner/work/trading-bot-c-/trading-bot-c-/src/BotCore/Services/UnifiedDecisionRouter.cs(352,24): error CA2000: Call System.IDisposable.Dispose on object created by 'CreateRiskEngine()' before all references to it are out of scope (https://learn.microsoft.com/dotnet/fundamentals/code-analysis/quality-rules/ca2000) [/home/runner/work/trading-bot-c-/trading-bot-c-/src/BotCore/BotCore.csproj]
/home/runner/work/trading-bot-c-/trading-bot-c-/src/BotCore/Services/TopstepXHttpClient.cs(195,21): error CA1848: For improved performance, use the LoggerMessage delegates instead of calling 'LoggerExtensions.LogWarning(ILogger, string?, params object?[])' (https://learn.microsoft.com/dotnet/fundamentals/code-analysis/quality-rules/ca1848) [/home/runner/work/trading-bot-c-/trading-bot-c-/src/BotCore/BotCore.csproj]
/home/runner/work/trading-bot-c-/trading-bot-c-/src/BotCore/Services/TopstepXHttpClient.cs(222,17): error CA1848: For improved performance, use the LoggerMessage delegates instead of calling 'LoggerExtensions.LogWarning(ILogger, Exception?, string?, params object?[])' (https://learn.microsoft.com/dotnet/fundamentals/code-analysis/quality-rules/ca1848) [/home/runner/work/trading-bot-c-/trading-bot-c-/src/BotCore/BotCore.csproj]
/home/runner/work/trading-bot-c-/trading-bot-c-/src/BotCore/Services/TopstepXHttpClient.cs(242,17): error CA1848: For improved performance, use the LoggerMessage delegates instead of calling 'LoggerExtensions.LogWarning(ILogger, Exception?, string?, params object?[])' (https://learn.microsoft.com/dotnet/fundamentals/code-analysis/quality-rules/ca1848) [/home/runner/work/trading-bot-c-/trading-bot-c-/src/BotCore/BotCore.csproj]
/home/runner/work/trading-bot-c-/trading-bot-c-/src/BotCore/Services/TradingProgressMonitor.cs(195,13): error CA1848: For improved performance, use the LoggerMessage delegates instead of calling 'LoggerExtensions.LogInformation(ILogger, string?, params object?[])' (https://learn.microsoft.com/dotnet/fundamentals/code-analysis/quality-rules/ca1848) [/home/runner/work/trading-bot-c-/trading-bot-c-/src/BotCore/BotCore.csproj]
/home/runner/work/trading-bot-c-/trading-bot-c-/src/BotCore/Services/UnifiedDecisionRouter.cs(512,17): error CA1848: For improved performance, use the LoggerMessage delegates instead of calling 'LoggerExtensions.LogWarning(ILogger, string?, params object?[])' (https://learn.microsoft.com/dotnet/fundamentals/code-analysis/quality-rules/ca1848) [/home/runner/work/trading-bot-c-/trading-bot-c-/src/BotCore/BotCore.csproj]
/home/runner/work/trading-bot-c-/trading-bot-c-/src/BotCore/Services/UnifiedDecisionRouter.cs(525,13): error CA1848: For improved performance, use the LoggerMessage delegates instead of calling 'LoggerExtensions.LogInformation(ILogger, string?, params object?[])' (https://learn.microsoft.com/dotnet/fundamentals/code-analysis/quality-rules/ca1848) [/home/runner/work/trading-bot-c-/trading-bot-c-/src/BotCore/BotCore.csproj]
/home/runner/work/trading-bot-c-/trading-bot-c-/src/BotCore/Services/UnifiedDecisionRouter.cs(530,13): error CA1848: For improved performance, use the LoggerMessage delegates instead of calling 'LoggerExtensions.LogError(ILogger, Exception?, string?, params object?[])' (https://learn.microsoft.com/dotnet/fundamentals/code-analysis/quality-rules/ca1848) [/home/runner/work/trading-bot-c-/trading-bot-c-/src/BotCore/BotCore.csproj]
/home/runner/work/trading-bot-c-/trading-bot-c-/src/BotCore/Services/UnifiedDecisionRouter.cs(534,13): error CA1848: For improved performance, use the LoggerMessage delegates instead of calling 'LoggerExtensions.LogError(ILogger, Exception?, string?, params object?[])' (https://learn.microsoft.com/dotnet/fundamentals/code-analysis/quality-rules/ca1848) [/home/runner/work/trading-bot-c-/trading-bot-c-/src/BotCore/BotCore.csproj]
/home/runner/work/trading-bot-c-/trading-bot-c-/src/BotCore/Services/UnifiedPositionManagementService.cs(726,17): error CA1848: For improved performance, use the LoggerMessage delegates instead of calling 'LoggerExtensions.LogInformation(ILogger, string?, params object?[])' (https://learn.microsoft.com/dotnet/fundamentals/code-analysis/quality-rules/ca1848) [/home/runner/work/trading-bot-c-/trading-bot-c-/src/BotCore/BotCore.csproj]
/home/runner/work/trading-bot-c-/trading-bot-c-/src/BotCore/Services/UnifiedPositionManagementService.cs(741,21): error CA1848: For improved performance, use the LoggerMessage delegates instead of calling 'LoggerExtensions.LogDebug(ILogger, Exception?, string?, params object?[])' (https://learn.microsoft.com/dotnet/fundamentals/code-analysis/quality-rules/ca1848) [/home/runner/work/trading-bot-c-/trading-bot-c-/src/BotCore/BotCore.csproj]
/home/runner/work/trading-bot-c-/trading-bot-c-/src/BotCore/Services/SessionEndPositionFlattener.cs(68,13): error CA1848: For improved performance, use the LoggerMessage delegates instead of calling 'LoggerExtensions.LogInformation(ILogger, string?, params object?[])' (https://learn.microsoft.com/dotnet/fundamentals/code-analysis/quality-rules/ca1848) [/home/runner/work/trading-bot-c-/trading-bot-c-/src/BotCore/BotCore.csproj]
/home/runner/work/trading-bot-c-/trading-bot-c-/src/BotCore/Services/UnifiedPositionManagementService.cs(738,17): error CA1031: Modify 'UpdateTrailingStopAsync' to catch a more specific allowed exception type, or rethrow the exception (https://learn.microsoft.com/dotnet/fundamentals/code-analysis/quality-rules/ca1031) [/home/runner/work/trading-bot-c-/trading-bot-c-/src/BotCore/BotCore.csproj]
/home/runner/work/trading-bot-c-/trading-bot-c-/src/BotCore/Services/StrategyPerformanceAnalyzer.cs(170,9): error CA1848: For improved performance, use the LoggerMessage delegates instead of calling 'LoggerExtensions.LogInformation(ILogger, string?, params object?[])' (https://learn.microsoft.com/dotnet/fundamentals/code-analysis/quality-rules/ca1848) [/home/runner/work/trading-bot-c-/trading-bot-c-/src/BotCore/BotCore.csproj]
/home/runner/work/trading-bot-c-/trading-bot-c-/src/BotCore/Services/SessionEndPositionFlattener.cs(73,13): error CA1848: For improved performance, use the LoggerMessage delegates instead of calling 'LoggerExtensions.LogInformation(ILogger, string?, params object?[])' (https://learn.microsoft.com/dotnet/fundamentals/code-analysis/quality-rules/ca1848) [/home/runner/work/trading-bot-c-/trading-bot-c-/src/BotCore/BotCore.csproj]
/home/runner/work/trading-bot-c-/trading-bot-c-/src/BotCore/Services/SessionEndPositionFlattener.cs(83,21): error CA1848: For improved performance, use the LoggerMessage delegates instead of calling 'LoggerExtensions.LogError(ILogger, Exception?, string?, params object?[])' (https://learn.microsoft.com/dotnet/fundamentals/code-analysis/quality-rules/ca1848) [/home/runner/work/trading-bot-c-/trading-bot-c-/src/BotCore/BotCore.csproj]
/home/runner/work/trading-bot-c-/trading-bot-c-/src/BotCore/Services/SessionEndPositionFlattener.cs(89,13): error CA1848: For improved performance, use the LoggerMessage delegates instead of calling 'LoggerExtensions.LogInformation(ILogger, string?, params object?[])' (https://learn.microsoft.com/dotnet/fundamentals/code-analysis/quality-rules/ca1848) [/home/runner/work/trading-bot-c-/trading-bot-c-/src/BotCore/BotCore.csproj]
/home/runner/work/trading-bot-c-/trading-bot-c-/src/BotCore/Services/SessionEndPositionFlattener.cs(81,17): error CA1031: Modify 'ExecuteAsync' to catch a more specific allowed exception type, or rethrow the exception (https://learn.microsoft.com/dotnet/fundamentals/code-analysis/quality-rules/ca1031) [/home/runner/work/trading-bot-c-/trading-bot-c-/src/BotCore/BotCore.csproj]
/home/runner/work/trading-bot-c-/trading-bot-c-/src/BotCore/Services/WalkForwardValidationService.cs(369,17): error CA1848: For improved performance, use the LoggerMessage delegates instead of calling 'LoggerExtensions.LogDebug(ILogger, string?, params object?[])' (https://learn.microsoft.com/dotnet/fundamentals/code-analysis/quality-rules/ca1848) [/home/runner/work/trading-bot-c-/trading-bot-c-/src/BotCore/BotCore.csproj]
/home/runner/work/trading-bot-c-/trading-bot-c-/src/BotCore/Services/WalkForwardValidationService.cs(392,17): error CA1848: For improved performance, use the LoggerMessage delegates instead of calling 'LoggerExtensions.LogDebug(ILogger, string?, params object?[])' (https://learn.microsoft.com/dotnet/fundamentals/code-analysis/quality-rules/ca1848) [/home/runner/work/trading-bot-c-/trading-bot-c-/src/BotCore/BotCore.csproj]
/home/runner/work/trading-bot-c-/trading-bot-c-/src/BotCore/Services/WalkForwardValidationService.cs(399,17): error CA1848: For improved performance, use the LoggerMessage delegates instead of calling 'LoggerExtensions.LogError(ILogger, Exception?, string?, params object?[])' (https://learn.microsoft.com/dotnet/fundamentals/code-analysis/quality-rules/ca1848) [/home/runner/work/trading-bot-c-/trading-bot-c-/src/BotCore/BotCore.csproj]
/home/runner/work/trading-bot-c-/trading-bot-c-/src/BotCore/Services/WalkForwardValidationService.cs(412,17): error CA1848: For improved performance, use the LoggerMessage delegates instead of calling 'LoggerExtensions.LogError(ILogger, Exception?, string?, params object?[])' (https://learn.microsoft.com/dotnet/fundamentals/code-analysis/quality-rules/ca1848) [/home/runner/work/trading-bot-c-/trading-bot-c-/src/BotCore/BotCore.csproj]
/home/runner/work/trading-bot-c-/trading-bot-c-/src/BotCore/Services/TopstepXHttpClient.cs(273,68): error SCS0005: Weak random number generator. (https://security-code-scan.github.io/#SCS0005) [/home/runner/work/trading-bot-c-/trading-bot-c-/src/BotCore/BotCore.csproj]
/home/runner/work/trading-bot-c-/trading-bot-c-/src/BotCore/Services/UnifiedDecisionRouter.cs(576,21): error CA1848: For improved performance, use the LoggerMessage delegates instead of calling 'LoggerExtensions.LogDebug(ILogger, string?, params object?[])' (https://learn.microsoft.com/dotnet/fundamentals/code-analysis/quality-rules/ca1848) [/home/runner/work/trading-bot-c-/trading-bot-c-/src/BotCore/BotCore.csproj]
/home/runner/work/trading-bot-c-/trading-bot-c-/src/BotCore/Services/UnifiedDecisionRouter.cs(582,13): error CA1848: For improved performance, use the LoggerMessage delegates instead of calling 'LoggerExtensions.LogError(ILogger, Exception?, string?, params object?[])' (https://learn.microsoft.com/dotnet/fundamentals/code-analysis/quality-rules/ca1848) [/home/runner/work/trading-bot-c-/trading-bot-c-/src/BotCore/BotCore.csproj]
/home/runner/work/trading-bot-c-/trading-bot-c-/src/BotCore/Services/UnifiedDecisionRouter.cs(586,13): error CA1848: For improved performance, use the LoggerMessage delegates instead of calling 'LoggerExtensions.LogError(ILogger, Exception?, string?, params object?[])' (https://learn.microsoft.com/dotnet/fundamentals/code-analysis/quality-rules/ca1848) [/home/runner/work/trading-bot-c-/trading-bot-c-/src/BotCore/BotCore.csproj]
/home/runner/work/trading-bot-c-/trading-bot-c-/src/BotCore/Services/TopstepXHttpClient.cs(273,68): error CA5394: Random is an insecure random number generator. Use cryptographically secure random number generators when randomness is required for security. (https://learn.microsoft.com/dotnet/fundamentals/code-analysis/quality-rules/ca5394) [/home/runner/work/trading-bot-c-/trading-bot-c-/src/BotCore/BotCore.csproj]
/home/runner/work/trading-bot-c-/trading-bot-c-/src/BotCore/Services/StrategyPerformanceAnalyzer.cs(226,13): error CA1848: For improved performance, use the LoggerMessage delegates instead of calling 'LoggerExtensions.LogDebug(ILogger, string?, params object?[])' (https://learn.microsoft.com/dotnet/fundamentals/code-analysis/quality-rules/ca1848) [/home/runner/work/trading-bot-c-/trading-bot-c-/src/BotCore/BotCore.csproj]
/home/runner/work/trading-bot-c-/trading-bot-c-/src/BotCore/Services/TradingFeedbackService.cs(243,24): error S1541: The Cyclomatic Complexity of this method is 11 which is greater than 10 authorized. (https://rules.sonarsource.com/csharp/RSPEC-1541) [/home/runner/work/trading-bot-c-/trading-bot-c-/src/BotCore/BotCore.csproj]
/home/runner/work/trading-bot-c-/trading-bot-c-/src/BotCore/Services/TradingFeedbackService.cs(309,13): error CA1848: For improved performance, use the LoggerMessage delegates instead of calling 'LoggerExtensions.LogWarning(ILogger, string?, params object?[])' (https://learn.microsoft.com/dotnet/fundamentals/code-analysis/quality-rules/ca1848) [/home/runner/work/trading-bot-c-/trading-bot-c-/src/BotCore/BotCore.csproj]
/home/runner/work/trading-bot-c-/trading-bot-c-/src/BotCore/Services/TradingFeedbackService.cs(313,17): error CA1848: For improved performance, use the LoggerMessage delegates instead of calling 'LoggerExtensions.LogWarning(ILogger, string?, params object?[])' (https://learn.microsoft.com/dotnet/fundamentals/code-analysis/quality-rules/ca1848) [/home/runner/work/trading-bot-c-/trading-bot-c-/src/BotCore/BotCore.csproj]
/home/runner/work/trading-bot-c-/trading-bot-c-/src/BotCore/Services/TimeOptimizedStrategyManager.cs(209,53): error S1541: The Cyclomatic Complexity of this method is 12 which is greater than 10 authorized. (https://rules.sonarsource.com/csharp/RSPEC-1541) [/home/runner/work/trading-bot-c-/trading-bot-c-/src/BotCore/BotCore.csproj]
/home/runner/work/trading-bot-c-/trading-bot-c-/src/BotCore/Services/TimeOptimizedStrategyManager.cs(218,17): error CA1848: For improved performance, use the LoggerMessage delegates instead of calling 'LoggerExtensions.LogDebug(ILogger, string?, params object?[])' (https://learn.microsoft.com/dotnet/fundamentals/code-analysis/quality-rules/ca1848) [/home/runner/work/trading-bot-c-/trading-bot-c-/src/BotCore/BotCore.csproj]
/home/runner/work/trading-bot-c-/trading-bot-c-/src/BotCore/Services/TimeOptimizedStrategyManager.cs(250,21): error CA1848: For improved performance, use the LoggerMessage delegates instead of calling 'LoggerExtensions.LogDebug(ILogger, string?, params object?[])' (https://learn.microsoft.com/dotnet/fundamentals/code-analysis/quality-rules/ca1848) [/home/runner/work/trading-bot-c-/trading-bot-c-/src/BotCore/BotCore.csproj]
/home/runner/work/trading-bot-c-/trading-bot-c-/src/BotCore/Services/TimeOptimizedStrategyManager.cs(286,25): error CA1848: For improved performance, use the LoggerMessage delegates instead of calling 'LoggerExtensions.LogInformation(ILogger, string?, params object?[])' (https://learn.microsoft.com/dotnet/fundamentals/code-analysis/quality-rules/ca1848) [/home/runner/work/trading-bot-c-/trading-bot-c-/src/BotCore/BotCore.csproj]
/home/runner/work/trading-bot-c-/trading-bot-c-/src/BotCore/Services/TopStepComplianceManager.cs(327,13): error CA1848: For improved performance, use the LoggerMessage delegates instead of calling 'LoggerExtensions.LogInformation(ILogger, string?, params object?[])' (https://learn.microsoft.com/dotnet/fundamentals/code-analysis/quality-rules/ca1848) [/home/runner/work/trading-bot-c-/trading-bot-c-/src/BotCore/BotCore.csproj]
/home/runner/work/trading-bot-c-/trading-bot-c-/src/BotCore/Services/SessionEndPositionFlattener.cs(113,17): error CA1848: For improved performance, use the LoggerMessage delegates instead of calling 'LoggerExtensions.LogInformation(ILogger, string?, params object?[])' (https://learn.microsoft.com/dotnet/fundamentals/code-analysis/quality-rules/ca1848) [/home/runner/work/trading-bot-c-/trading-bot-c-/src/BotCore/BotCore.csproj]
/home/runner/work/trading-bot-c-/trading-bot-c-/src/BotCore/Services/SessionEndPositionFlattener.cs(154,13): error CA1848: For improved performance, use the LoggerMessage delegates instead of calling 'LoggerExtensions.LogWarning(ILogger, string?, params object?[])' (https://learn.microsoft.com/dotnet/fundamentals/code-analysis/quality-rules/ca1848) [/home/runner/work/trading-bot-c-/trading-bot-c-/src/BotCore/BotCore.csproj]
/home/runner/work/trading-bot-c-/trading-bot-c-/src/BotCore/Services/WalkForwardValidationService.cs(470,17): error CA1848: For improved performance, use the LoggerMessage delegates instead of calling 'LoggerExtensions.LogTrace(ILogger, string?, params object?[])' (https://learn.microsoft.com/dotnet/fundamentals/code-analysis/quality-rules/ca1848) [/home/runner/work/trading-bot-c-/trading-bot-c-/src/BotCore/BotCore.csproj]
/home/runner/work/trading-bot-c-/trading-bot-c-/src/BotCore/Services/WalkForwardValidationService.cs(477,17): error CA1848: For improved performance, use the LoggerMessage delegates instead of calling 'LoggerExtensions.LogError(ILogger, Exception?, string?, params object?[])' (https://learn.microsoft.com/dotnet/fundamentals/code-analysis/quality-rules/ca1848) [/home/runner/work/trading-bot-c-/trading-bot-c-/src/BotCore/BotCore.csproj]
/home/runner/work/trading-bot-c-/trading-bot-c-/src/BotCore/Services/TopstepXHttpClient.cs(283,28): error S1541: The Cyclomatic Complexity of this method is 13 which is greater than 10 authorized. (https://rules.sonarsource.com/csharp/RSPEC-1541) [/home/runner/work/trading-bot-c-/trading-bot-c-/src/BotCore/BotCore.csproj]
/home/runner/work/trading-bot-c-/trading-bot-c-/src/BotCore/Services/StrategyPerformanceAnalyzer.cs(263,13): error CA1848: For improved performance, use the LoggerMessage delegates instead of calling 'LoggerExtensions.LogDebug(ILogger, string?, params object?[])' (https://learn.microsoft.com/dotnet/fundamentals/code-analysis/quality-rules/ca1848) [/home/runner/work/trading-bot-c-/trading-bot-c-/src/BotCore/BotCore.csproj]
/home/runner/work/trading-bot-c-/trading-bot-c-/src/BotCore/Services/TopStepComplianceManager.cs(343,13): error CA1848: For improved performance, use the LoggerMessage delegates instead of calling 'LoggerExtensions.LogCritical(ILogger, string?, params object?[])' (https://learn.microsoft.com/dotnet/fundamentals/code-analysis/quality-rules/ca1848) [/home/runner/work/trading-bot-c-/trading-bot-c-/src/BotCore/BotCore.csproj]
/home/runner/work/trading-bot-c-/trading-bot-c-/src/BotCore/Services/TopStepComplianceManager.cs(350,13): error CA1848: For improved performance, use the LoggerMessage delegates instead of calling 'LoggerExtensions.LogCritical(ILogger, string?, params object?[])' (https://learn.microsoft.com/dotnet/fundamentals/code-analysis/quality-rules/ca1848) [/home/runner/work/trading-bot-c-/trading-bot-c-/src/BotCore/BotCore.csproj]
/home/runner/work/trading-bot-c-/trading-bot-c-/src/BotCore/Services/TopStepComplianceManager.cs(358,13): error CA1848: For improved performance, use the LoggerMessage delegates instead of calling 'LoggerExtensions.LogError(ILogger, string?, params object?[])' (https://learn.microsoft.com/dotnet/fundamentals/code-analysis/quality-rules/ca1848) [/home/runner/work/trading-bot-c-/trading-bot-c-/src/BotCore/BotCore.csproj]
/home/runner/work/trading-bot-c-/trading-bot-c-/src/BotCore/Services/TopStepComplianceManager.cs(364,13): error CA1848: For improved performance, use the LoggerMessage delegates instead of calling 'LoggerExtensions.LogError(ILogger, string?, params object?[])' (https://learn.microsoft.com/dotnet/fundamentals/code-analysis/quality-rules/ca1848) [/home/runner/work/trading-bot-c-/trading-bot-c-/src/BotCore/BotCore.csproj]
/home/runner/work/trading-bot-c-/trading-bot-c-/src/BotCore/Services/TopstepXHttpClient.cs(290,17): error CA1848: For improved performance, use the LoggerMessage delegates instead of calling 'LoggerExtensions.LogError(ILogger, string?, params object?[])' (https://learn.microsoft.com/dotnet/fundamentals/code-analysis/quality-rules/ca1848) [/home/runner/work/trading-bot-c-/trading-bot-c-/src/BotCore/BotCore.csproj]
/home/runner/work/trading-bot-c-/trading-bot-c-/src/BotCore/Services/TopstepXHttpClient.cs(322,13): error CA1848: For improved performance, use the LoggerMessage delegates instead of calling 'LoggerExtensions.LogError(ILogger, Exception?, string?, params object?[])' (https://learn.microsoft.com/dotnet/fundamentals/code-analysis/quality-rules/ca1848) [/home/runner/work/trading-bot-c-/trading-bot-c-/src/BotCore/BotCore.csproj]
/home/runner/work/trading-bot-c-/trading-bot-c-/src/BotCore/Services/TopstepXHttpClient.cs(328,13): error CA1848: For improved performance, use the LoggerMessage delegates instead of calling 'LoggerExtensions.LogError(ILogger, Exception?, string?, params object?[])' (https://learn.microsoft.com/dotnet/fundamentals/code-analysis/quality-rules/ca1848) [/home/runner/work/trading-bot-c-/trading-bot-c-/src/BotCore/BotCore.csproj]
/home/runner/work/trading-bot-c-/trading-bot-c-/src/BotCore/Services/TopStepComplianceManager.cs(386,9): error CA1031: Modify 'GetEasternTime' to catch a more specific allowed exception type, or rethrow the exception (https://learn.microsoft.com/dotnet/fundamentals/code-analysis/quality-rules/ca1031) [/home/runner/work/trading-bot-c-/trading-bot-c-/src/BotCore/BotCore.csproj]
/home/runner/work/trading-bot-c-/trading-bot-c-/src/BotCore/Services/TimeOptimizedStrategyManager.cs(324,63): error S1172: Remove this unused method parameter 'instrument'. (https://rules.sonarsource.com/csharp/RSPEC-1172) [/home/runner/work/trading-bot-c-/trading-bot-c-/src/BotCore/BotCore.csproj]
/home/runner/work/trading-bot-c-/trading-bot-c-/src/BotCore/Services/UnifiedPositionManagementService.cs(872,73): error S1172: Remove this unused method parameter 'cancellationToken'. (https://rules.sonarsource.com/csharp/RSPEC-1172) [/home/runner/work/trading-bot-c-/trading-bot-c-/src/BotCore/BotCore.csproj]
/home/runner/work/trading-bot-c-/trading-bot-c-/src/BotCore/Services/TimeOptimizedStrategyManager.cs(347,17): error CA1848: For improved performance, use the LoggerMessage delegates instead of calling 'LoggerExtensions.LogError(ILogger, Exception?, string?, params object?[])' (https://learn.microsoft.com/dotnet/fundamentals/code-analysis/quality-rules/ca1848) [/home/runner/work/trading-bot-c-/trading-bot-c-/src/BotCore/BotCore.csproj]
/home/runner/work/trading-bot-c-/trading-bot-c-/src/BotCore/Services/TimeOptimizedStrategyManager.cs(345,13): error CA1031: Modify 'GetMarketRegimeAsync' to catch a more specific allowed exception type, or rethrow the exception (https://learn.microsoft.com/dotnet/fundamentals/code-analysis/quality-rules/ca1031) [/home/runner/work/trading-bot-c-/trading-bot-c-/src/BotCore/BotCore.csproj]
/home/runner/work/trading-bot-c-/trading-bot-c-/src/BotCore/Services/SessionEndPositionFlattener.cs(168,13): error CA1848: For improved performance, use the LoggerMessage delegates instead of calling 'LoggerExtensions.LogWarning(ILogger, string?, params object?[])' (https://learn.microsoft.com/dotnet/fundamentals/code-analysis/quality-rules/ca1848) [/home/runner/work/trading-bot-c-/trading-bot-c-/src/BotCore/BotCore.csproj]
/home/runner/work/trading-bot-c-/trading-bot-c-/src/BotCore/Services/SessionEndPositionFlattener.cs(177,17): error CA1848: For improved performance, use the LoggerMessage delegates instead of calling 'LoggerExtensions.LogInformation(ILogger, string?, params object?[])' (https://learn.microsoft.com/dotnet/fundamentals/code-analysis/quality-rules/ca1848) [/home/runner/work/trading-bot-c-/trading-bot-c-/src/BotCore/BotCore.csproj]
/home/runner/work/trading-bot-c-/trading-bot-c-/src/BotCore/Services/SessionEndPositionFlattener.cs(181,13): error CA1848: For improved performance, use the LoggerMessage delegates instead of calling 'LoggerExtensions.LogWarning(ILogger, string?, params object?[])' (https://learn.microsoft.com/dotnet/fundamentals/code-analysis/quality-rules/ca1848) [/home/runner/work/trading-bot-c-/trading-bot-c-/src/BotCore/BotCore.csproj]
/home/runner/work/trading-bot-c-/trading-bot-c-/src/BotCore/Services/SessionEndPositionFlattener.cs(190,17): error CA1848: For improved performance, use the LoggerMessage delegates instead of calling 'LoggerExtensions.LogWarning(ILogger, string?, params object?[])' (https://learn.microsoft.com/dotnet/fundamentals/code-analysis/quality-rules/ca1848) [/home/runner/work/trading-bot-c-/trading-bot-c-/src/BotCore/BotCore.csproj]
/home/runner/work/trading-bot-c-/trading-bot-c-/src/BotCore/Services/SessionEndPositionFlattener.cs(202,21): error CA1848: For improved performance, use the LoggerMessage delegates instead of calling 'LoggerExtensions.LogWarning(ILogger, string?, params object?[])' (https://learn.microsoft.com/dotnet/fundamentals/code-analysis/quality-rules/ca1848) [/home/runner/work/trading-bot-c-/trading-bot-c-/src/BotCore/BotCore.csproj]
/home/runner/work/trading-bot-c-/trading-bot-c-/src/BotCore/Services/SessionEndPositionFlattener.cs(210,25): error CA1848: For improved performance, use the LoggerMessage delegates instead of calling 'LoggerExtensions.LogInformation(ILogger, string?, params object?[])' (https://learn.microsoft.com/dotnet/fundamentals/code-analysis/quality-rules/ca1848) [/home/runner/work/trading-bot-c-/trading-bot-c-/src/BotCore/BotCore.csproj]
/home/runner/work/trading-bot-c-/trading-bot-c-/src/BotCore/Services/SessionEndPositionFlattener.cs(219,25): error CA1848: For improved performance, use the LoggerMessage delegates instead of calling 'LoggerExtensions.LogWarning(ILogger, string?, params object?[])' (https://learn.microsoft.com/dotnet/fundamentals/code-analysis/quality-rules/ca1848) [/home/runner/work/trading-bot-c-/trading-bot-c-/src/BotCore/BotCore.csproj]
/home/runner/work/trading-bot-c-/trading-bot-c-/src/BotCore/Services/SessionEndPositionFlattener.cs(226,21): error CA1848: For improved performance, use the LoggerMessage delegates instead of calling 'LoggerExtensions.LogError(ILogger, Exception?, string?, params object?[])' (https://learn.microsoft.com/dotnet/fundamentals/code-analysis/quality-rules/ca1848) [/home/runner/work/trading-bot-c-/trading-bot-c-/src/BotCore/BotCore.csproj]
/home/runner/work/trading-bot-c-/trading-bot-c-/src/BotCore/Services/SessionEndPositionFlattener.cs(232,13): error CA1848: For improved performance, use the LoggerMessage delegates instead of calling 'LoggerExtensions.LogWarning(ILogger, string?, params object?[])' (https://learn.microsoft.com/dotnet/fundamentals/code-analysis/quality-rules/ca1848) [/home/runner/work/trading-bot-c-/trading-bot-c-/src/BotCore/BotCore.csproj]
/home/runner/work/trading-bot-c-/trading-bot-c-/src/BotCore/Services/UnifiedPositionManagementService.cs(908,17): error CA1848: For improved performance, use the LoggerMessage delegates instead of calling 'LoggerExtensions.LogError(ILogger, Exception?, string?, params object?[])' (https://learn.microsoft.com/dotnet/fundamentals/code-analysis/quality-rules/ca1848) [/home/runner/work/trading-bot-c-/trading-bot-c-/src/BotCore/BotCore.csproj]
/home/runner/work/trading-bot-c-/trading-bot-c-/src/BotCore/Services/UnifiedPositionManagementService.cs(906,13): error CA1031: Modify 'GetCurrentMarketPriceAsync' to catch a more specific allowed exception type, or rethrow the exception (https://learn.microsoft.com/dotnet/fundamentals/code-analysis/quality-rules/ca1031) [/home/runner/work/trading-bot-c-/trading-bot-c-/src/BotCore/BotCore.csproj]
/home/runner/work/trading-bot-c-/trading-bot-c-/src/BotCore/Services/SessionEndPositionFlattener.cs(224,17): error CA1031: Modify 'FlattenAllPositionsAsync' to catch a more specific allowed exception type, or rethrow the exception (https://learn.microsoft.com/dotnet/fundamentals/code-analysis/quality-rules/ca1031) [/home/runner/work/trading-bot-c-/trading-bot-c-/src/BotCore/BotCore.csproj]
/home/runner/work/trading-bot-c-/trading-bot-c-/src/BotCore/Services/UnifiedPositionManagementService.cs(920,13): error S1172: Remove this unused method parameter 'cancellationToken'. (https://rules.sonarsource.com/csharp/RSPEC-1172) [/home/runner/work/trading-bot-c-/trading-bot-c-/src/BotCore/BotCore.csproj]
/home/runner/work/trading-bot-c-/trading-bot-c-/src/BotCore/Services/TopstepXHttpClient.cs(343,17): error CA1848: For improved performance, use the LoggerMessage delegates instead of calling 'LoggerExtensions.LogDebug(ILogger, string?, params object?[])' (https://learn.microsoft.com/dotnet/fundamentals/code-analysis/quality-rules/ca1848) [/home/runner/work/trading-bot-c-/trading-bot-c-/src/BotCore/BotCore.csproj]
/home/runner/work/trading-bot-c-/trading-bot-c-/src/BotCore/Services/TopstepXHttpClient.cs(347,13): error CA1848: For improved performance, use the LoggerMessage delegates instead of calling 'LoggerExtensions.LogWarning(ILogger, string?, params object?[])' (https://learn.microsoft.com/dotnet/fundamentals/code-analysis/quality-rules/ca1848) [/home/runner/work/trading-bot-c-/trading-bot-c-/src/BotCore/BotCore.csproj]
/home/runner/work/trading-bot-c-/trading-bot-c-/src/BotCore/Services/TopstepXHttpClient.cs(352,13): error CA1848: For improved performance, use the LoggerMessage delegates instead of calling 'LoggerExtensions.LogError(ILogger, Exception?, string?, params object?[])' (https://learn.microsoft.com/dotnet/fundamentals/code-analysis/quality-rules/ca1848) [/home/runner/work/trading-bot-c-/trading-bot-c-/src/BotCore/BotCore.csproj]
/home/runner/work/trading-bot-c-/trading-bot-c-/src/BotCore/Services/TopstepXHttpClient.cs(350,9): error CA1031: Modify 'GetAuthToken' to catch a more specific allowed exception type, or rethrow the exception (https://learn.microsoft.com/dotnet/fundamentals/code-analysis/quality-rules/ca1031) [/home/runner/work/trading-bot-c-/trading-bot-c-/src/BotCore/BotCore.csproj]
/home/runner/work/trading-bot-c-/trading-bot-c-/src/BotCore/Services/UnifiedPositionManagementService.cs(936,25): error CA1848: For improved performance, use the LoggerMessage delegates instead of calling 'LoggerExtensions.LogInformation(ILogger, string?, params object?[])' (https://learn.microsoft.com/dotnet/fundamentals/code-analysis/quality-rules/ca1848) [/home/runner/work/trading-bot-c-/trading-bot-c-/src/BotCore/BotCore.csproj]
/home/runner/work/trading-bot-c-/trading-bot-c-/src/BotCore/Services/UnifiedPositionManagementService.cs(941,25): error CA1848: For improved performance, use the LoggerMessage delegates instead of calling 'LoggerExtensions.LogWarning(ILogger, string?, params object?[])' (https://learn.microsoft.com/dotnet/fundamentals/code-analysis/quality-rules/ca1848) [/home/runner/work/trading-bot-c-/trading-bot-c-/src/BotCore/BotCore.csproj]
/home/runner/work/trading-bot-c-/trading-bot-c-/src/BotCore/Services/UnifiedPositionManagementService.cs(947,21): error CA1848: For improved performance, use the LoggerMessage delegates instead of calling 'LoggerExtensions.LogWarning(ILogger, string?, params object?[])' (https://learn.microsoft.com/dotnet/fundamentals/code-analysis/quality-rules/ca1848) [/home/runner/work/trading-bot-c-/trading-bot-c-/src/BotCore/BotCore.csproj]
/home/runner/work/trading-bot-c-/trading-bot-c-/src/BotCore/Services/UnifiedPositionManagementService.cs(953,17): error CA1848: For improved performance, use the LoggerMessage delegates instead of calling 'LoggerExtensions.LogError(ILogger, Exception?, string?, params object?[])' (https://learn.microsoft.com/dotnet/fundamentals/code-analysis/quality-rules/ca1848) [/home/runner/work/trading-bot-c-/trading-bot-c-/src/BotCore/BotCore.csproj]
/home/runner/work/trading-bot-c-/trading-bot-c-/src/BotCore/Services/UnifiedPositionManagementService.cs(951,13): error CA1031: Modify 'ModifyStopPriceAsync' to catch a more specific allowed exception type, or rethrow the exception (https://learn.microsoft.com/dotnet/fundamentals/code-analysis/quality-rules/ca1031) [/home/runner/work/trading-bot-c-/trading-bot-c-/src/BotCore/BotCore.csproj]
/home/runner/work/trading-bot-c-/trading-bot-c-/src/BotCore/Services/TradingFeedbackService.cs(342,13): error CA1848: For improved performance, use the LoggerMessage delegates instead of calling 'LoggerExtensions.LogWarning(ILogger, string?, params object?[])' (https://learn.microsoft.com/dotnet/fundamentals/code-analysis/quality-rules/ca1848) [/home/runner/work/trading-bot-c-/trading-bot-c-/src/BotCore/BotCore.csproj]
/home/runner/work/trading-bot-c-/trading-bot-c-/src/BotCore/Services/TradingFeedbackService.cs(358,13): error CA1848: For improved performance, use the LoggerMessage delegates instead of calling 'LoggerExtensions.LogWarning(ILogger, string?, params object?[])' (https://learn.microsoft.com/dotnet/fundamentals/code-analysis/quality-rules/ca1848) [/home/runner/work/trading-bot-c-/trading-bot-c-/src/BotCore/BotCore.csproj]
/home/runner/work/trading-bot-c-/trading-bot-c-/src/BotCore/Services/WalkForwardValidationService.cs(492,37): error SCS0005: Weak random number generator. (https://security-code-scan.github.io/#SCS0005) [/home/runner/work/trading-bot-c-/trading-bot-c-/src/BotCore/BotCore.csproj]
/home/runner/work/trading-bot-c-/trading-bot-c-/src/BotCore/Services/WalkForwardValidationService.cs(493,39): error SCS0005: Weak random number generator. (https://security-code-scan.github.io/#SCS0005) [/home/runner/work/trading-bot-c-/trading-bot-c-/src/BotCore/BotCore.csproj]
/home/runner/work/trading-bot-c-/trading-bot-c-/src/BotCore/Services/WalkForwardValidationService.cs(494,38): error SCS0005: Weak random number generator. (https://security-code-scan.github.io/#SCS0005) [/home/runner/work/trading-bot-c-/trading-bot-c-/src/BotCore/BotCore.csproj]
/home/runner/work/trading-bot-c-/trading-bot-c-/src/BotCore/Services/WalkForwardValidationService.cs(495,35): error SCS0005: Weak random number generator. (https://security-code-scan.github.io/#SCS0005) [/home/runner/work/trading-bot-c-/trading-bot-c-/src/BotCore/BotCore.csproj]
/home/runner/work/trading-bot-c-/trading-bot-c-/src/BotCore/Services/WalkForwardValidationService.cs(507,66): error SCS0005: Weak random number generator. (https://security-code-scan.github.io/#SCS0005) [/home/runner/work/trading-bot-c-/trading-bot-c-/src/BotCore/BotCore.csproj]
/home/runner/work/trading-bot-c-/trading-bot-c-/src/BotCore/Services/WalkForwardValidationService.cs(492,37): error CA5394: Random is an insecure random number generator. Use cryptographically secure random number generators when randomness is required for security. (https://learn.microsoft.com/dotnet/fundamentals/code-analysis/quality-rules/ca5394) [/home/runner/work/trading-bot-c-/trading-bot-c-/src/BotCore/BotCore.csproj]
/home/runner/work/trading-bot-c-/trading-bot-c-/src/BotCore/Services/WalkForwardValidationService.cs(493,39): error CA5394: Random is an insecure random number generator. Use cryptographically secure random number generators when randomness is required for security. (https://learn.microsoft.com/dotnet/fundamentals/code-analysis/quality-rules/ca5394) [/home/runner/work/trading-bot-c-/trading-bot-c-/src/BotCore/BotCore.csproj]
/home/runner/work/trading-bot-c-/trading-bot-c-/src/BotCore/Services/WalkForwardValidationService.cs(494,38): error CA5394: Random is an insecure random number generator. Use cryptographically secure random number generators when randomness is required for security. (https://learn.microsoft.com/dotnet/fundamentals/code-analysis/quality-rules/ca5394) [/home/runner/work/trading-bot-c-/trading-bot-c-/src/BotCore/BotCore.csproj]
/home/runner/work/trading-bot-c-/trading-bot-c-/src/BotCore/Services/WalkForwardValidationService.cs(495,35): error CA5394: Random is an insecure random number generator. Use cryptographically secure random number generators when randomness is required for security. (https://learn.microsoft.com/dotnet/fundamentals/code-analysis/quality-rules/ca5394) [/home/runner/work/trading-bot-c-/trading-bot-c-/src/BotCore/BotCore.csproj]
/home/runner/work/trading-bot-c-/trading-bot-c-/src/BotCore/Services/WalkForwardValidationService.cs(507,66): error CA5394: Random is an insecure random number generator. Use cryptographically secure random number generators when randomness is required for security. (https://learn.microsoft.com/dotnet/fundamentals/code-analysis/quality-rules/ca5394) [/home/runner/work/trading-bot-c-/trading-bot-c-/src/BotCore/BotCore.csproj]
/home/runner/work/trading-bot-c-/trading-bot-c-/src/BotCore/Services/TimeOptimizedStrategyManager.cs(401,30): error CA1826: Do not use Enumerable methods on indexable collections. Instead use the collection directly. (https://learn.microsoft.com/dotnet/fundamentals/code-analysis/quality-rules/ca1826) [/home/runner/work/trading-bot-c-/trading-bot-c-/src/BotCore/BotCore.csproj]
/home/runner/work/trading-bot-c-/trading-bot-c-/src/BotCore/Services/TimeOptimizedStrategyManager.cs(407,17): error CA1848: For improved performance, use the LoggerMessage delegates instead of calling 'LoggerExtensions.LogError(ILogger, Exception?, string?, params object?[])' (https://learn.microsoft.com/dotnet/fundamentals/code-analysis/quality-rules/ca1848) [/home/runner/work/trading-bot-c-/trading-bot-c-/src/BotCore/BotCore.csproj]
/home/runner/work/trading-bot-c-/trading-bot-c-/src/BotCore/Services/TradingFeedbackService.cs(399,13): error CA1848: For improved performance, use the LoggerMessage delegates instead of calling 'LoggerExtensions.LogInformation(ILogger, string?, params object?[])' (https://learn.microsoft.com/dotnet/fundamentals/code-analysis/quality-rules/ca1848) [/home/runner/work/trading-bot-c-/trading-bot-c-/src/BotCore/BotCore.csproj]
/home/runner/work/trading-bot-c-/trading-bot-c-/src/BotCore/Services/TradingFeedbackService.cs(405,13): error CA1848: For improved performance, use the LoggerMessage delegates instead of calling 'LoggerExtensions.LogInformation(ILogger, string?, params object?[])' (https://learn.microsoft.com/dotnet/fundamentals/code-analysis/quality-rules/ca1848) [/home/runner/work/trading-bot-c-/trading-bot-c-/src/BotCore/BotCore.csproj]
/home/runner/work/trading-bot-c-/trading-bot-c-/src/BotCore/Services/TradingFeedbackService.cs(409,13): error CA1848: For improved performance, use the LoggerMessage delegates instead of calling 'LoggerExtensions.LogError(ILogger, Exception?, string?, params object?[])' (https://learn.microsoft.com/dotnet/fundamentals/code-analysis/quality-rules/ca1848) [/home/runner/work/trading-bot-c-/trading-bot-c-/src/BotCore/BotCore.csproj]
/home/runner/work/trading-bot-c-/trading-bot-c-/src/BotCore/Services/TimeOptimizedStrategyManager.cs(405,13): error CA1031: Modify 'RunRegimeInferenceAsync' to catch a more specific allowed exception type, or rethrow the exception (https://learn.microsoft.com/dotnet/fundamentals/code-analysis/quality-rules/ca1031) [/home/runner/work/trading-bot-c-/trading-bot-c-/src/BotCore/BotCore.csproj]
/home/runner/work/trading-bot-c-/trading-bot-c-/src/BotCore/Services/TradingFeedbackService.cs(407,9): error CA1031: Modify 'TriggerModelRetraining' to catch a more specific allowed exception type, or rethrow the exception (https://learn.microsoft.com/dotnet/fundamentals/code-analysis/quality-rules/ca1031) [/home/runner/work/trading-bot-c-/trading-bot-c-/src/BotCore/BotCore.csproj]
/home/runner/work/trading-bot-c-/trading-bot-c-/src/BotCore/Services/StrategyPerformanceAnalyzer.cs(317,44): error S1541: The Cyclomatic Complexity of this method is 11 which is greater than 10 authorized. (https://rules.sonarsource.com/csharp/RSPEC-1541) [/home/runner/work/trading-bot-c-/trading-bot-c-/src/BotCore/BotCore.csproj]
/home/runner/work/trading-bot-c-/trading-bot-c-/src/BotCore/Services/UnifiedPositionManagementService.cs(963,13): error S1172: Remove this unused method parameter 'cancellationToken'. (https://rules.sonarsource.com/csharp/RSPEC-1172) [/home/runner/work/trading-bot-c-/trading-bot-c-/src/BotCore/BotCore.csproj]
/home/runner/work/trading-bot-c-/trading-bot-c-/src/BotCore/Services/UnifiedPositionManagementService.cs(967,17): error CA1848: For improved performance, use the LoggerMessage delegates instead of calling 'LoggerExtensions.LogWarning(ILogger, string?, params object?[])' (https://learn.microsoft.com/dotnet/fundamentals/code-analysis/quality-rules/ca1848) [/home/runner/work/trading-bot-c-/trading-bot-c-/src/BotCore/BotCore.csproj]
/home/runner/work/trading-bot-c-/trading-bot-c-/src/BotCore/Services/UnifiedPositionManagementService.cs(979,25): error CA1848: For improved performance, use the LoggerMessage delegates instead of calling 'LoggerExtensions.LogInformation(ILogger, string?, params object?[])' (https://learn.microsoft.com/dotnet/fundamentals/code-analysis/quality-rules/ca1848) [/home/runner/work/trading-bot-c-/trading-bot-c-/src/BotCore/BotCore.csproj]
/home/runner/work/trading-bot-c-/trading-bot-c-/src/BotCore/Services/UnifiedPositionManagementService.cs(987,25): error CA1848: For improved performance, use the LoggerMessage delegates instead of calling 'LoggerExtensions.LogWarning(ILogger, string?, params object?[])' (https://learn.microsoft.com/dotnet/fundamentals/code-analysis/quality-rules/ca1848) [/home/runner/work/trading-bot-c-/trading-bot-c-/src/BotCore/BotCore.csproj]
/home/runner/work/trading-bot-c-/trading-bot-c-/src/BotCore/Services/UnifiedPositionManagementService.cs(993,21): error CA1848: For improved performance, use the LoggerMessage delegates instead of calling 'LoggerExtensions.LogWarning(ILogger, string?, params object?[])' (https://learn.microsoft.com/dotnet/fundamentals/code-analysis/quality-rules/ca1848) [/home/runner/work/trading-bot-c-/trading-bot-c-/src/BotCore/BotCore.csproj]
/home/runner/work/trading-bot-c-/trading-bot-c-/src/BotCore/Services/UnifiedPositionManagementService.cs(1002,17): error CA1848: For improved performance, use the LoggerMessage delegates instead of calling 'LoggerExtensions.LogError(ILogger, Exception?, string?, params object?[])' (https://learn.microsoft.com/dotnet/fundamentals/code-analysis/quality-rules/ca1848) [/home/runner/work/trading-bot-c-/trading-bot-c-/src/BotCore/BotCore.csproj]
/home/runner/work/trading-bot-c-/trading-bot-c-/src/BotCore/Services/UnifiedPositionManagementService.cs(1000,13): error CA1031: Modify 'RequestPositionCloseAsync' to catch a more specific allowed exception type, or rethrow the exception (https://learn.microsoft.com/dotnet/fundamentals/code-analysis/quality-rules/ca1031) [/home/runner/work/trading-bot-c-/trading-bot-c-/src/BotCore/BotCore.csproj]
/home/runner/work/trading-bot-c-/trading-bot-c-/src/BotCore/Services/TimeOptimizedStrategyManager.cs(441,76): error S3358: Extract this nested ternary operation into an independent statement. (https://rules.sonarsource.com/csharp/RSPEC-3358) [/home/runner/work/trading-bot-c-/trading-bot-c-/src/BotCore/BotCore.csproj]
/home/runner/work/trading-bot-c-/trading-bot-c-/src/BotCore/Services/TradingFeedbackService.cs(445,13): error CA1848: For improved performance, use the LoggerMessage delegates instead of calling 'LoggerExtensions.LogInformation(ILogger, string?, params object?[])' (https://learn.microsoft.com/dotnet/fundamentals/code-analysis/quality-rules/ca1848) [/home/runner/work/trading-bot-c-/trading-bot-c-/src/BotCore/BotCore.csproj]
/home/runner/work/trading-bot-c-/trading-bot-c-/src/BotCore/Services/TradingFeedbackService.cs(452,13): error CA1848: For improved performance, use the LoggerMessage delegates instead of calling 'LoggerExtensions.LogError(ILogger, Exception?, string?, params object?[])' (https://learn.microsoft.com/dotnet/fundamentals/code-analysis/quality-rules/ca1848) [/home/runner/work/trading-bot-c-/trading-bot-c-/src/BotCore/BotCore.csproj]
/home/runner/work/trading-bot-c-/trading-bot-c-/src/BotCore/Services/TradingFeedbackService.cs(450,9): error CA1031: Modify 'TriggerEnsembleRetraining' to catch a more specific allowed exception type, or rethrow the exception (https://learn.microsoft.com/dotnet/fundamentals/code-analysis/quality-rules/ca1031) [/home/runner/work/trading-bot-c-/trading-bot-c-/src/BotCore/BotCore.csproj]
/home/runner/work/trading-bot-c-/trading-bot-c-/src/BotCore/Services/UnifiedDecisionRouter.cs(683,39): error SCS0005: Weak random number generator. (https://security-code-scan.github.io/#SCS0005) [/home/runner/work/trading-bot-c-/trading-bot-c-/src/BotCore/BotCore.csproj]
/home/runner/work/trading-bot-c-/trading-bot-c-/src/BotCore/Services/UnifiedDecisionRouter.cs(693,75): error SCS0005: Weak random number generator. (https://security-code-scan.github.io/#SCS0005) [/home/runner/work/trading-bot-c-/trading-bot-c-/src/BotCore/BotCore.csproj]
/home/runner/work/trading-bot-c-/trading-bot-c-/src/BotCore/Services/UnifiedDecisionRouter.cs(683,39): error CA5394: Random is an insecure random number generator. Use cryptographically secure random number generators when randomness is required for security. (https://learn.microsoft.com/dotnet/fundamentals/code-analysis/quality-rules/ca5394) [/home/runner/work/trading-bot-c-/trading-bot-c-/src/BotCore/BotCore.csproj]
/home/runner/work/trading-bot-c-/trading-bot-c-/src/BotCore/Services/UnifiedDecisionRouter.cs(693,75): error CA5394: Random is an insecure random number generator. Use cryptographically secure random number generators when randomness is required for security. (https://learn.microsoft.com/dotnet/fundamentals/code-analysis/quality-rules/ca5394) [/home/runner/work/trading-bot-c-/trading-bot-c-/src/BotCore/BotCore.csproj]
/home/runner/work/trading-bot-c-/trading-bot-c-/src/BotCore/Services/TradingFeedbackService.cs(476,13): error CA1848: For improved performance, use the LoggerMessage delegates instead of calling 'LoggerExtensions.LogDebug(ILogger, string?, params object?[])' (https://learn.microsoft.com/dotnet/fundamentals/code-analysis/quality-rules/ca1848) [/home/runner/work/trading-bot-c-/trading-bot-c-/src/BotCore/BotCore.csproj]
/home/runner/work/trading-bot-c-/trading-bot-c-/src/BotCore/Services/TradingFeedbackService.cs(480,13): error CA1848: For improved performance, use the LoggerMessage delegates instead of calling 'LoggerExtensions.LogError(ILogger, Exception?, string?, params object?[])' (https://learn.microsoft.com/dotnet/fundamentals/code-analysis/quality-rules/ca1848) [/home/runner/work/trading-bot-c-/trading-bot-c-/src/BotCore/BotCore.csproj]
/home/runner/work/trading-bot-c-/trading-bot-c-/src/BotCore/Services/TradingFeedbackService.cs(478,9): error CA1031: Modify 'SaveFeedbackDataAsync' to catch a more specific allowed exception type, or rethrow the exception (https://learn.microsoft.com/dotnet/fundamentals/code-analysis/quality-rules/ca1031) [/home/runner/work/trading-bot-c-/trading-bot-c-/src/BotCore/BotCore.csproj]
/home/runner/work/trading-bot-c-/trading-bot-c-/src/BotCore/Services/UnifiedDecisionRouter.cs(712,25): error S1244: Do not check floating point equality with exact values, use a range instead. (https://rules.sonarsource.com/csharp/RSPEC-1244) [/home/runner/work/trading-bot-c-/trading-bot-c-/src/BotCore/BotCore.csproj]
/home/runner/work/trading-bot-c-/trading-bot-c-/src/BotCore/Services/UnifiedDecisionRouter.cs(712,45): error S1244: Do not check floating point equality with exact values, use a range instead. (https://rules.sonarsource.com/csharp/RSPEC-1244) [/home/runner/work/trading-bot-c-/trading-bot-c-/src/BotCore/BotCore.csproj]
/home/runner/work/trading-bot-c-/trading-bot-c-/src/BotCore/Services/TradingFeedbackService.cs(504,13): error CA1848: For improved performance, use the LoggerMessage delegates instead of calling 'LoggerExtensions.LogDebug(ILogger, string?, params object?[])' (https://learn.microsoft.com/dotnet/fundamentals/code-analysis/quality-rules/ca1848) [/home/runner/work/trading-bot-c-/trading-bot-c-/src/BotCore/BotCore.csproj]
/home/runner/work/trading-bot-c-/trading-bot-c-/src/BotCore/Services/TradingFeedbackService.cs(508,13): error CA1848: For improved performance, use the LoggerMessage delegates instead of calling 'LoggerExtensions.LogError(ILogger, Exception?, string?, params object?[])' (https://learn.microsoft.com/dotnet/fundamentals/code-analysis/quality-rules/ca1848) [/home/runner/work/trading-bot-c-/trading-bot-c-/src/BotCore/BotCore.csproj]
/home/runner/work/trading-bot-c-/trading-bot-c-/src/BotCore/Services/UnifiedPositionManagementService.cs(1039,28): error S1541: The Cyclomatic Complexity of this method is 17 which is greater than 10 authorized. (https://rules.sonarsource.com/csharp/RSPEC-1541) [/home/runner/work/trading-bot-c-/trading-bot-c-/src/BotCore/BotCore.csproj]
/home/runner/work/trading-bot-c-/trading-bot-c-/src/BotCore/Services/TradingFeedbackService.cs(506,9): error CA1031: Modify 'SavePerformanceIssuesAsync' to catch a more specific allowed exception type, or rethrow the exception (https://learn.microsoft.com/dotnet/fundamentals/code-analysis/quality-rules/ca1031) [/home/runner/work/trading-bot-c-/trading-bot-c-/src/BotCore/BotCore.csproj]
/home/runner/work/trading-bot-c-/trading-bot-c-/src/BotCore/Services/UnifiedPositionManagementService.cs(1042,13): error S1172: Remove this unused method parameter 'tickSize'. (https://rules.sonarsource.com/csharp/RSPEC-1172) [/home/runner/work/trading-bot-c-/trading-bot-c-/src/BotCore/BotCore.csproj]
/home/runner/work/trading-bot-c-/trading-bot-c-/src/BotCore/Services/TimeOptimizedStrategyManager.cs(475,98): error S1172: Remove this unused method parameter 'data'. (https://rules.sonarsource.com/csharp/RSPEC-1172) [/home/runner/work/trading-bot-c-/trading-bot-c-/src/BotCore/BotCore.csproj]
/home/runner/work/trading-bot-c-/trading-bot-c-/src/BotCore/Services/UnifiedPositionManagementService.cs(1080,17): error CA1848: For improved performance, use the LoggerMessage delegates instead of calling 'LoggerExtensions.LogInformation(ILogger, string?, params object?[])' (https://learn.microsoft.com/dotnet/fundamentals/code-analysis/quality-rules/ca1848) [/home/runner/work/trading-bot-c-/trading-bot-c-/src/BotCore/BotCore.csproj]
/home/runner/work/trading-bot-c-/trading-bot-c-/src/BotCore/Services/UnifiedPositionManagementService.cs(1092,21): error CA1848: For improved performance, use the LoggerMessage delegates instead of calling 'LoggerExtensions.LogDebug(ILogger, Exception?, string?, params object?[])' (https://learn.microsoft.com/dotnet/fundamentals/code-analysis/quality-rules/ca1848) [/home/runner/work/trading-bot-c-/trading-bot-c-/src/BotCore/BotCore.csproj]
/home/runner/work/trading-bot-c-/trading-bot-c-/src/BotCore/Services/UnifiedPositionManagementService.cs(1101,17): error CA1848: For improved performance, use the LoggerMessage delegates instead of calling 'LoggerExtensions.LogInformation(ILogger, string?, params object?[])' (https://learn.microsoft.com/dotnet/fundamentals/code-analysis/quality-rules/ca1848) [/home/runner/work/trading-bot-c-/trading-bot-c-/src/BotCore/BotCore.csproj]
/home/runner/work/trading-bot-c-/trading-bot-c-/src/BotCore/Services/UnifiedPositionManagementService.cs(1113,21): error CA1848: For improved performance, use the LoggerMessage delegates instead of calling 'LoggerExtensions.LogDebug(ILogger, Exception?, string?, params object?[])' (https://learn.microsoft.com/dotnet/fundamentals/code-analysis/quality-rules/ca1848) [/home/runner/work/trading-bot-c-/trading-bot-c-/src/BotCore/BotCore.csproj]
/home/runner/work/trading-bot-c-/trading-bot-c-/src/BotCore/Services/UnifiedPositionManagementService.cs(1122,17): error CA1848: For improved performance, use the LoggerMessage delegates instead of calling 'LoggerExtensions.LogInformation(ILogger, string?, params object?[])' (https://learn.microsoft.com/dotnet/fundamentals/code-analysis/quality-rules/ca1848) [/home/runner/work/trading-bot-c-/trading-bot-c-/src/BotCore/BotCore.csproj]
/home/runner/work/trading-bot-c-/trading-bot-c-/src/BotCore/Services/UnifiedPositionManagementService.cs(1134,21): error CA1848: For improved performance, use the LoggerMessage delegates instead of calling 'LoggerExtensions.LogDebug(ILogger, Exception?, string?, params object?[])' (https://learn.microsoft.com/dotnet/fundamentals/code-analysis/quality-rules/ca1848) [/home/runner/work/trading-bot-c-/trading-bot-c-/src/BotCore/BotCore.csproj]
/home/runner/work/trading-bot-c-/trading-bot-c-/src/BotCore/Services/TimeOptimizedStrategyManager.cs(496,17): error CA1848: For improved performance, use the LoggerMessage delegates instead of calling 'LoggerExtensions.LogWarning(ILogger, Exception?, string?, params object?[])' (https://learn.microsoft.com/dotnet/fundamentals/code-analysis/quality-rules/ca1848) [/home/runner/work/trading-bot-c-/trading-bot-c-/src/BotCore/BotCore.csproj]
/home/runner/work/trading-bot-c-/trading-bot-c-/src/BotCore/Services/TimeOptimizedStrategyManager.cs(494,13): error CA1031: Modify 'GenerateStrategyCandidates' to catch a more specific allowed exception type, or rethrow the exception (https://learn.microsoft.com/dotnet/fundamentals/code-analysis/quality-rules/ca1031) [/home/runner/work/trading-bot-c-/trading-bot-c-/src/BotCore/BotCore.csproj]
/home/runner/work/trading-bot-c-/trading-bot-c-/src/BotCore/Services/UnifiedPositionManagementService.cs(1089,17): error CA1031: Modify 'CheckPartialExitsAsync' to catch a more specific allowed exception type, or rethrow the exception (https://learn.microsoft.com/dotnet/fundamentals/code-analysis/quality-rules/ca1031) [/home/runner/work/trading-bot-c-/trading-bot-c-/src/BotCore/BotCore.csproj]
/home/runner/work/trading-bot-c-/trading-bot-c-/src/BotCore/Services/UnifiedPositionManagementService.cs(1110,17): error CA1031: Modify 'CheckPartialExitsAsync' to catch a more specific allowed exception type, or rethrow the exception (https://learn.microsoft.com/dotnet/fundamentals/code-analysis/quality-rules/ca1031) [/home/runner/work/trading-bot-c-/trading-bot-c-/src/BotCore/BotCore.csproj]
/home/runner/work/trading-bot-c-/trading-bot-c-/src/BotCore/Services/UnifiedPositionManagementService.cs(1131,17): error CA1031: Modify 'CheckPartialExitsAsync' to catch a more specific allowed exception type, or rethrow the exception (https://learn.microsoft.com/dotnet/fundamentals/code-analysis/quality-rules/ca1031) [/home/runner/work/trading-bot-c-/trading-bot-c-/src/BotCore/BotCore.csproj]
/home/runner/work/trading-bot-c-/trading-bot-c-/src/BotCore/Services/StrategyPerformanceAnalyzer.cs(547,77): error S3358: Extract this nested ternary operation into an independent statement. (https://rules.sonarsource.com/csharp/RSPEC-3358) [/home/runner/work/trading-bot-c-/trading-bot-c-/src/BotCore/BotCore.csproj]
/home/runner/work/trading-bot-c-/trading-bot-c-/src/BotCore/Services/UnifiedPositionManagementService.cs(1151,28): error S1541: The Cyclomatic Complexity of this method is 12 which is greater than 10 authorized. (https://rules.sonarsource.com/csharp/RSPEC-1541) [/home/runner/work/trading-bot-c-/trading-bot-c-/src/BotCore/BotCore.csproj]
/home/runner/work/trading-bot-c-/trading-bot-c-/src/BotCore/Services/UnifiedPositionManagementService.cs(1216,25): error CA1848: For improved performance, use the LoggerMessage delegates instead of calling 'LoggerExtensions.LogInformation(ILogger, string?, params object?[])' (https://learn.microsoft.com/dotnet/fundamentals/code-analysis/quality-rules/ca1848) [/home/runner/work/trading-bot-c-/trading-bot-c-/src/BotCore/BotCore.csproj]
/home/runner/work/trading-bot-c-/trading-bot-c-/src/BotCore/Services/UnifiedPositionManagementService.cs(1225,17): error CA1848: For improved performance, use the LoggerMessage delegates instead of calling 'LoggerExtensions.LogWarning(ILogger, Exception?, string?, params object?[])' (https://learn.microsoft.com/dotnet/fundamentals/code-analysis/quality-rules/ca1848) [/home/runner/work/trading-bot-c-/trading-bot-c-/src/BotCore/BotCore.csproj]
/home/runner/work/trading-bot-c-/trading-bot-c-/src/BotCore/Services/TimeOptimizedStrategyManager.cs(488,34): error CA2000: Call System.IDisposable.Dispose on object created by 'new BotCore.Risk.RiskEngine()' before all references to it are out of scope (https://learn.microsoft.com/dotnet/fundamentals/code-analysis/quality-rules/ca2000) [/home/runner/work/trading-bot-c-/trading-bot-c-/src/BotCore/BotCore.csproj]
/home/runner/work/trading-bot-c-/trading-bot-c-/src/BotCore/Services/UnifiedPositionManagementService.cs(1223,13): error CA1031: Modify 'ApplyVolatilityAdaptiveStopAsync' to catch a more specific allowed exception type, or rethrow the exception (https://learn.microsoft.com/dotnet/fundamentals/code-analysis/quality-rules/ca1031) [/home/runner/work/trading-bot-c-/trading-bot-c-/src/BotCore/BotCore.csproj]
/home/runner/work/trading-bot-c-/trading-bot-c-/src/BotCore/Services/TimeOptimizedStrategyManager.cs(598,35): error S1244: Do not check floating point inequality with exact values, use a range instead. (https://rules.sonarsource.com/csharp/RSPEC-1244) [/home/runner/work/trading-bot-c-/trading-bot-c-/src/BotCore/BotCore.csproj]
/home/runner/work/trading-bot-c-/trading-bot-c-/src/BotCore/Services/TimeOptimizedStrategyManager.cs(544,24): error S1541: The Cyclomatic Complexity of this method is 12 which is greater than 10 authorized. (https://rules.sonarsource.com/csharp/RSPEC-1541) [/home/runner/work/trading-bot-c-/trading-bot-c-/src/BotCore/BotCore.csproj]
/home/runner/work/trading-bot-c-/trading-bot-c-/src/BotCore/Services/UnifiedDecisionRouter.cs(831,70): error SCS0005: Weak random number generator. (https://security-code-scan.github.io/#SCS0005) [/home/runner/work/trading-bot-c-/trading-bot-c-/src/BotCore/BotCore.csproj]
/home/runner/work/trading-bot-c-/trading-bot-c-/src/BotCore/Services/TimeOptimizedStrategyManager.cs(562,25): error CA1848: For improved performance, use the LoggerMessage delegates instead of calling 'LoggerExtensions.LogDebug(ILogger, string?, params object?[])' (https://learn.microsoft.com/dotnet/fundamentals/code-analysis/quality-rules/ca1848) [/home/runner/work/trading-bot-c-/trading-bot-c-/src/BotCore/BotCore.csproj]
/home/runner/work/trading-bot-c-/trading-bot-c-/src/BotCore/Services/TimeOptimizedStrategyManager.cs(578,17): error CA1848: For improved performance, use the LoggerMessage delegates instead of calling 'LoggerExtensions.LogDebug(ILogger, string?, params object?[])' (https://learn.microsoft.com/dotnet/fundamentals/code-analysis/quality-rules/ca1848) [/home/runner/work/trading-bot-c-/trading-bot-c-/src/BotCore/BotCore.csproj]
/home/runner/work/trading-bot-c-/trading-bot-c-/src/BotCore/Services/TimeOptimizedStrategyManager.cs(583,17): error CA1848: For improved performance, use the LoggerMessage delegates instead of calling 'LoggerExtensions.LogError(ILogger, Exception?, string?, params object?[])' (https://learn.microsoft.com/dotnet/fundamentals/code-analysis/quality-rules/ca1848) [/home/runner/work/trading-bot-c-/trading-bot-c-/src/BotCore/BotCore.csproj]
/home/runner/work/trading-bot-c-/trading-bot-c-/src/BotCore/Services/UnifiedPositionManagementService.cs(1294,21): error CA1848: For improved performance, use the LoggerMessage delegates instead of calling 'LoggerExtensions.LogInformation(ILogger, string?, params object?[])' (https://learn.microsoft.com/dotnet/fundamentals/code-analysis/quality-rules/ca1848) [/home/runner/work/trading-bot-c-/trading-bot-c-/src/BotCore/BotCore.csproj]
/home/runner/work/trading-bot-c-/trading-bot-c-/src/BotCore/Services/UnifiedPositionManagementService.cs(1306,25): error CA1848: For improved performance, use the LoggerMessage delegates instead of calling 'LoggerExtensions.LogInformation(ILogger, string?, params object?[])' (https://learn.microsoft.com/dotnet/fundamentals/code-analysis/quality-rules/ca1848) [/home/runner/work/trading-bot-c-/trading-bot-c-/src/BotCore/BotCore.csproj]
/home/runner/work/trading-bot-c-/trading-bot-c-/src/BotCore/Services/UnifiedPositionManagementService.cs(1314,25): error CA1848: For improved performance, use the LoggerMessage delegates instead of calling 'LoggerExtensions.LogError(ILogger, string?, params object?[])' (https://learn.microsoft.com/dotnet/fundamentals/code-analysis/quality-rules/ca1848) [/home/runner/work/trading-bot-c-/trading-bot-c-/src/BotCore/BotCore.csproj]
/home/runner/work/trading-bot-c-/trading-bot-c-/src/BotCore/Services/UnifiedPositionManagementService.cs(1321,21): error CA1848: For improved performance, use the LoggerMessage delegates instead of calling 'LoggerExtensions.LogWarning(ILogger, string?, params object?[])' (https://learn.microsoft.com/dotnet/fundamentals/code-analysis/quality-rules/ca1848) [/home/runner/work/trading-bot-c-/trading-bot-c-/src/BotCore/BotCore.csproj]
/home/runner/work/trading-bot-c-/trading-bot-c-/src/BotCore/Services/UnifiedPositionManagementService.cs(1330,17): error CA1848: For improved performance, use the LoggerMessage delegates instead of calling 'LoggerExtensions.LogError(ILogger, Exception?, string?, params object?[])' (https://learn.microsoft.com/dotnet/fundamentals/code-analysis/quality-rules/ca1848) [/home/runner/work/trading-bot-c-/trading-bot-c-/src/BotCore/BotCore.csproj]
/home/runner/work/trading-bot-c-/trading-bot-c-/src/BotCore/Services/UnifiedDecisionRouter.cs(831,70): error CA5394: Random is an insecure random number generator. Use cryptographically secure random number generators when randomness is required for security. (https://learn.microsoft.com/dotnet/fundamentals/code-analysis/quality-rules/ca5394) [/home/runner/work/trading-bot-c-/trading-bot-c-/src/BotCore/BotCore.csproj]
/home/runner/work/trading-bot-c-/trading-bot-c-/src/BotCore/Services/TimeOptimizedStrategyManager.cs(581,13): error CA1031: Modify 'CalculateRealTimeCorrelation' to catch a more specific allowed exception type, or rethrow the exception (https://learn.microsoft.com/dotnet/fundamentals/code-analysis/quality-rules/ca1031) [/home/runner/work/trading-bot-c-/trading-bot-c-/src/BotCore/BotCore.csproj]
/home/runner/work/trading-bot-c-/trading-bot-c-/src/BotCore/Services/UnifiedPositionManagementService.cs(1328,13): error CA1031: Modify 'RequestPartialCloseAsync' to catch a more specific allowed exception type, or rethrow the exception (https://learn.microsoft.com/dotnet/fundamentals/code-analysis/quality-rules/ca1031) [/home/runner/work/trading-bot-c-/trading-bot-c-/src/BotCore/BotCore.csproj]
/home/runner/work/trading-bot-c-/trading-bot-c-/src/BotCore/Services/WalkForwardValidationService.cs(599,17): error CA1848: For improved performance, use the LoggerMessage delegates instead of calling 'LoggerExtensions.LogError(ILogger, Exception?, string?, params object?[])' (https://learn.microsoft.com/dotnet/fundamentals/code-analysis/quality-rules/ca1848) [/home/runner/work/trading-bot-c-/trading-bot-c-/src/BotCore/BotCore.csproj]
/home/runner/work/trading-bot-c-/trading-bot-c-/src/BotCore/Services/WalkForwardValidationService.cs(604,17): error CA1848: For improved performance, use the LoggerMessage delegates instead of calling 'LoggerExtensions.LogError(ILogger, Exception?, string?, params object?[])' (https://learn.microsoft.com/dotnet/fundamentals/code-analysis/quality-rules/ca1848) [/home/runner/work/trading-bot-c-/trading-bot-c-/src/BotCore/BotCore.csproj]
/home/runner/work/trading-bot-c-/trading-bot-c-/src/BotCore/Services/TimeOptimizedStrategyManager.cs(623,32): error S1244: Do not check floating point inequality with exact values, use a range instead. (https://rules.sonarsource.com/csharp/RSPEC-1244) [/home/runner/work/trading-bot-c-/trading-bot-c-/src/BotCore/BotCore.csproj]
/home/runner/work/trading-bot-c-/trading-bot-c-/src/BotCore/Services/TimeOptimizedStrategyManager.cs(644,17): error CA1848: For improved performance, use the LoggerMessage delegates instead of calling 'LoggerExtensions.LogDebug(ILogger, string?, params object?[])' (https://learn.microsoft.com/dotnet/fundamentals/code-analysis/quality-rules/ca1848) [/home/runner/work/trading-bot-c-/trading-bot-c-/src/BotCore/BotCore.csproj]
/home/runner/work/trading-bot-c-/trading-bot-c-/src/BotCore/Services/TimeOptimizedStrategyManager.cs(654,13): error CA1848: For improved performance, use the LoggerMessage delegates instead of calling 'LoggerExtensions.LogInformation(ILogger, string?, params object?[])' (https://learn.microsoft.com/dotnet/fundamentals/code-analysis/quality-rules/ca1848) [/home/runner/work/trading-bot-c-/trading-bot-c-/src/BotCore/BotCore.csproj]
/home/runner/work/trading-bot-c-/trading-bot-c-/src/BotCore/Services/UnifiedPositionManagementService.cs(1338,22): error AsyncFixer03: Avoid unsupported fire-and-forget async-void methods or delegates. Unhandled exceptions will crash the process. (https://github.com/semihokur/AsyncFixer) [/home/runner/work/trading-bot-c-/trading-bot-c-/src/BotCore/BotCore.csproj]
/home/runner/work/trading-bot-c-/trading-bot-c-/src/BotCore/Services/TimeOptimizedStrategyManager.cs(696,25): error S1244: Do not check floating point equality with exact values, use a range instead. (https://rules.sonarsource.com/csharp/RSPEC-1244) [/home/runner/work/trading-bot-c-/trading-bot-c-/src/BotCore/BotCore.csproj]
/home/runner/work/trading-bot-c-/trading-bot-c-/src/BotCore/Services/UnifiedPositionManagementService.cs(1338,27): error S1541: The Cyclomatic Complexity of this method is 19 which is greater than 10 authorized. (https://rules.sonarsource.com/csharp/RSPEC-1541) [/home/runner/work/trading-bot-c-/trading-bot-c-/src/BotCore/BotCore.csproj]
/home/runner/work/trading-bot-c-/trading-bot-c-/src/BotCore/Services/UnifiedPositionManagementService.cs(1338,27): error S138: This method 'OnZoneBreak' has 82 lines, which is greater than the 80 lines authorized. Split it into smaller methods. (https://rules.sonarsource.com/csharp/RSPEC-138) [/home/runner/work/trading-bot-c-/trading-bot-c-/src/BotCore/BotCore.csproj]
/home/runner/work/trading-bot-c-/trading-bot-c-/src/BotCore/Services/WalkForwardValidationService.cs(637,17): error CA1848: For improved performance, use the LoggerMessage delegates instead of calling 'LoggerExtensions.LogError(ILogger, Exception?, string?, params object?[])' (https://learn.microsoft.com/dotnet/fundamentals/code-analysis/quality-rules/ca1848) [/home/runner/work/trading-bot-c-/trading-bot-c-/src/BotCore/BotCore.csproj]
/home/runner/work/trading-bot-c-/trading-bot-c-/src/BotCore/Services/WalkForwardValidationService.cs(641,17): error CA1848: For improved performance, use the LoggerMessage delegates instead of calling 'LoggerExtensions.LogError(ILogger, Exception?, string?, params object?[])' (https://learn.microsoft.com/dotnet/fundamentals/code-analysis/quality-rules/ca1848) [/home/runner/work/trading-bot-c-/trading-bot-c-/src/BotCore/BotCore.csproj]
/home/runner/work/trading-bot-c-/trading-bot-c-/src/BotCore/Services/WalkForwardValidationService.cs(645,17): error CA1848: For improved performance, use the LoggerMessage delegates instead of calling 'LoggerExtensions.LogError(ILogger, Exception?, string?, params object?[])' (https://learn.microsoft.com/dotnet/fundamentals/code-analysis/quality-rules/ca1848) [/home/runner/work/trading-bot-c-/trading-bot-c-/src/BotCore/BotCore.csproj]
/home/runner/work/trading-bot-c-/trading-bot-c-/src/BotCore/Services/UnifiedPositionManagementService.cs(1372,33): error CA1848: For improved performance, use the LoggerMessage delegates instead of calling 'LoggerExtensions.LogWarning(ILogger, string?, params object?[])' (https://learn.microsoft.com/dotnet/fundamentals/code-analysis/quality-rules/ca1848) [/home/runner/work/trading-bot-c-/trading-bot-c-/src/BotCore/BotCore.csproj]
/home/runner/work/trading-bot-c-/trading-bot-c-/src/BotCore/Services/UnifiedPositionManagementService.cs(1481,21): error CA1848: For improved performance, use the LoggerMessage delegates instead of calling 'LoggerExtensions.LogInformation(ILogger, string?, params object?[])' (https://learn.microsoft.com/dotnet/fundamentals/code-analysis/quality-rules/ca1848) [/home/runner/work/trading-bot-c-/trading-bot-c-/src/BotCore/BotCore.csproj]
/home/runner/work/trading-bot-c-/trading-bot-c-/src/BotCore/Services/UnifiedPositionManagementService.cs(1496,21): error CA1848: For improved performance, use the LoggerMessage delegates instead of calling 'LoggerExtensions.LogInformation(ILogger, string?, params object?[])' (https://learn.microsoft.com/dotnet/fundamentals/code-analysis/quality-rules/ca1848) [/home/runner/work/trading-bot-c-/trading-bot-c-/src/BotCore/BotCore.csproj]
/home/runner/work/trading-bot-c-/trading-bot-c-/src/BotCore/Services/UnifiedPositionManagementService.cs(1403,33): error CA1848: For improved performance, use the LoggerMessage delegates instead of calling 'LoggerExtensions.LogWarning(ILogger, string?, params object?[])' (https://learn.microsoft.com/dotnet/fundamentals/code-analysis/quality-rules/ca1848) [/home/runner/work/trading-bot-c-/trading-bot-c-/src/BotCore/BotCore.csproj]
/home/runner/work/trading-bot-c-/trading-bot-c-/src/BotCore/Services/UnifiedPositionManagementService.cs(1431,29): error CA1848: For improved performance, use the LoggerMessage delegates instead of calling 'LoggerExtensions.LogInformation(ILogger, string?, params object?[])' (https://learn.microsoft.com/dotnet/fundamentals/code-analysis/quality-rules/ca1848) [/home/runner/work/trading-bot-c-/trading-bot-c-/src/BotCore/BotCore.csproj]
/home/runner/work/trading-bot-c-/trading-bot-c-/src/BotCore/Services/UnifiedPositionManagementService.cs(1438,29): error CA1848: For improved performance, use the LoggerMessage delegates instead of calling 'LoggerExtensions.LogInformation(ILogger, string?, params object?[])' (https://learn.microsoft.com/dotnet/fundamentals/code-analysis/quality-rules/ca1848) [/home/runner/work/trading-bot-c-/trading-bot-c-/src/BotCore/BotCore.csproj]
/home/runner/work/trading-bot-c-/trading-bot-c-/src/BotCore/Services/UnifiedPositionManagementService.cs(1452,17): error CA1848: For improved performance, use the LoggerMessage delegates instead of calling 'LoggerExtensions.LogError(ILogger, Exception?, string?, params object?[])' (https://learn.microsoft.com/dotnet/fundamentals/code-analysis/quality-rules/ca1848) [/home/runner/work/trading-bot-c-/trading-bot-c-/src/BotCore/BotCore.csproj]
/home/runner/work/trading-bot-c-/trading-bot-c-/src/BotCore/Services/UnifiedPositionManagementService.cs(1388,37): error CA1031: Modify 'OnZoneBreak' to catch a more specific allowed exception type, or rethrow the exception (https://learn.microsoft.com/dotnet/fundamentals/code-analysis/quality-rules/ca1031) [/home/runner/work/trading-bot-c-/trading-bot-c-/src/BotCore/BotCore.csproj]
/home/runner/work/trading-bot-c-/trading-bot-c-/src/BotCore/Services/UnifiedPositionManagementService.cs(1419,37): error CA1031: Modify 'OnZoneBreak' to catch a more specific allowed exception type, or rethrow the exception (https://learn.microsoft.com/dotnet/fundamentals/code-analysis/quality-rules/ca1031) [/home/runner/work/trading-bot-c-/trading-bot-c-/src/BotCore/BotCore.csproj]
/home/runner/work/trading-bot-c-/trading-bot-c-/src/BotCore/Services/UnifiedPositionManagementService.cs(1450,13): error CA1031: Modify 'OnZoneBreak' to catch a more specific allowed exception type, or rethrow the exception (https://learn.microsoft.com/dotnet/fundamentals/code-analysis/quality-rules/ca1031) [/home/runner/work/trading-bot-c-/trading-bot-c-/src/BotCore/BotCore.csproj]
/home/runner/work/trading-bot-c-/trading-bot-c-/src/BotCore/Services/StrategyPerformanceAnalyzer.cs(614,65): error S1172: Remove this unused method parameter 'cancellationToken'. (https://rules.sonarsource.com/csharp/RSPEC-1172) [/home/runner/work/trading-bot-c-/trading-bot-c-/src/BotCore/BotCore.csproj]
/home/runner/work/trading-bot-c-/trading-bot-c-/src/BotCore/Services/UnifiedPositionManagementService.cs(1509,86): error S1541: The Cyclomatic Complexity of this method is 15 which is greater than 10 authorized. (https://rules.sonarsource.com/csharp/RSPEC-1541) [/home/runner/work/trading-bot-c-/trading-bot-c-/src/BotCore/BotCore.csproj]
/home/runner/work/trading-bot-c-/trading-bot-c-/src/BotCore/Services/StrategyPerformanceAnalyzer.cs(627,17): error CA1848: For improved performance, use the LoggerMessage delegates instead of calling 'LoggerExtensions.LogInformation(ILogger, string?, params object?[])' (https://learn.microsoft.com/dotnet/fundamentals/code-analysis/quality-rules/ca1848) [/home/runner/work/trading-bot-c-/trading-bot-c-/src/BotCore/BotCore.csproj]
/home/runner/work/trading-bot-c-/trading-bot-c-/src/BotCore/Services/StrategyPerformanceAnalyzer.cs(632,17): error CA1848: For improved performance, use the LoggerMessage delegates instead of calling 'LoggerExtensions.LogWarning(ILogger, string?, params object?[])' (https://learn.microsoft.com/dotnet/fundamentals/code-analysis/quality-rules/ca1848) [/home/runner/work/trading-bot-c-/trading-bot-c-/src/BotCore/BotCore.csproj]
/home/runner/work/trading-bot-c-/trading-bot-c-/src/BotCore/Services/TimeOptimizedStrategyManager.cs(742,26): error S1244: Do not check floating point equality with exact values, use a range instead. (https://rules.sonarsource.com/csharp/RSPEC-1244) [/home/runner/work/trading-bot-c-/trading-bot-c-/src/BotCore/BotCore.csproj]
/home/runner/work/trading-bot-c-/trading-bot-c-/src/BotCore/Services/TimeOptimizedStrategyManager.cs(742,43): error S1244: Do not check floating point equality with exact values, use a range instead. (https://rules.sonarsource.com/csharp/RSPEC-1244) [/home/runner/work/trading-bot-c-/trading-bot-c-/src/BotCore/BotCore.csproj]
/home/runner/work/trading-bot-c-/trading-bot-c-/src/BotCore/Services/SessionAwareRuntimeGates.cs(51,13): error CA1848: For improved performance, use the LoggerMessage delegates instead of calling 'LoggerExtensions.LogDebug(ILogger, string?, params object?[])' (https://learn.microsoft.com/dotnet/fundamentals/code-analysis/quality-rules/ca1848) [/home/runner/work/trading-bot-c-/trading-bot-c-/src/BotCore/BotCore.csproj]
/home/runner/work/trading-bot-c-/trading-bot-c-/src/BotCore/Services/SessionAwareRuntimeGates.cs(58,13): error CA1848: For improved performance, use the LoggerMessage delegates instead of calling 'LoggerExtensions.LogDebug(ILogger, string?, params object?[])' (https://learn.microsoft.com/dotnet/fundamentals/code-analysis/quality-rules/ca1848) [/home/runner/work/trading-bot-c-/trading-bot-c-/src/BotCore/BotCore.csproj]
/home/runner/work/trading-bot-c-/trading-bot-c-/src/BotCore/Services/SessionAwareRuntimeGates.cs(65,13): error CA1848: For improved performance, use the LoggerMessage delegates instead of calling 'LoggerExtensions.LogDebug(ILogger, string?, params object?[])' (https://learn.microsoft.com/dotnet/fundamentals/code-analysis/quality-rules/ca1848) [/home/runner/work/trading-bot-c-/trading-bot-c-/src/BotCore/BotCore.csproj]
/home/runner/work/trading-bot-c-/trading-bot-c-/src/BotCore/Services/SessionAwareRuntimeGates.cs(73,13): error CA1848: For improved performance, use the LoggerMessage delegates instead of calling 'LoggerExtensions.LogDebug(ILogger, string?, params object?[])' (https://learn.microsoft.com/dotnet/fundamentals/code-analysis/quality-rules/ca1848) [/home/runner/work/trading-bot-c-/trading-bot-c-/src/BotCore/BotCore.csproj]
/home/runner/work/trading-bot-c-/trading-bot-c-/src/BotCore/Services/SessionAwareRuntimeGates.cs(81,13): error CA1848: For improved performance, use the LoggerMessage delegates instead of calling 'LoggerExtensions.LogDebug(ILogger, string?, params object?[])' (https://learn.microsoft.com/dotnet/fundamentals/code-analysis/quality-rules/ca1848) [/home/runner/work/trading-bot-c-/trading-bot-c-/src/BotCore/BotCore.csproj]
/home/runner/work/trading-bot-c-/trading-bot-c-/src/BotCore/Services/SessionAwareRuntimeGates.cs(85,9): error CA1848: For improved performance, use the LoggerMessage delegates instead of calling 'LoggerExtensions.LogDebug(ILogger, string?, params object?[])' (https://learn.microsoft.com/dotnet/fundamentals/code-analysis/quality-rules/ca1848) [/home/runner/work/trading-bot-c-/trading-bot-c-/src/BotCore/BotCore.csproj]
/home/runner/work/trading-bot-c-/trading-bot-c-/src/BotCore/Services/UnifiedPositionManagementService.cs(1632,13): error CA1848: For improved performance, use the LoggerMessage delegates instead of calling 'LoggerExtensions.LogDebug(ILogger, string?, params object?[])' (https://learn.microsoft.com/dotnet/fundamentals/code-analysis/quality-rules/ca1848) [/home/runner/work/trading-bot-c-/trading-bot-c-/src/BotCore/BotCore.csproj]
/home/runner/work/trading-bot-c-/trading-bot-c-/src/BotCore/Services/UnifiedPositionManagementService.cs(1641,32): error S1541: The Cyclomatic Complexity of this method is 21 which is greater than 10 authorized. (https://rules.sonarsource.com/csharp/RSPEC-1541) [/home/runner/work/trading-bot-c-/trading-bot-c-/src/BotCore/BotCore.csproj]
/home/runner/work/trading-bot-c-/trading-bot-c-/src/BotCore/Services/SessionAwareRuntimeGates.cs(172,9): error CA1031: Modify 'NowEt' to catch a more specific allowed exception type, or rethrow the exception (https://learn.microsoft.com/dotnet/fundamentals/code-analysis/quality-rules/ca1031) [/home/runner/work/trading-bot-c-/trading-bot-c-/src/BotCore/BotCore.csproj]
/home/runner/work/trading-bot-c-/trading-bot-c-/src/BotCore/Services/UnifiedPositionManagementService.cs(1745,21): error CA1848: For improved performance, use the LoggerMessage delegates instead of calling 'LoggerExtensions.LogInformation(ILogger, string?, params object?[])' (https://learn.microsoft.com/dotnet/fundamentals/code-analysis/quality-rules/ca1848) [/home/runner/work/trading-bot-c-/trading-bot-c-/src/BotCore/BotCore.csproj]
/home/runner/work/trading-bot-c-/trading-bot-c-/src/BotCore/Services/UnifiedPositionManagementService.cs(1760,25): error CA1848: For improved performance, use the LoggerMessage delegates instead of calling 'LoggerExtensions.LogInformation(ILogger, string?, params object?[])' (https://learn.microsoft.com/dotnet/fundamentals/code-analysis/quality-rules/ca1848) [/home/runner/work/trading-bot-c-/trading-bot-c-/src/BotCore/BotCore.csproj]
/home/runner/work/trading-bot-c-/trading-bot-c-/src/BotCore/Services/UnifiedPositionManagementService.cs(1787,25): error CA1848: For improved performance, use the LoggerMessage delegates instead of calling 'LoggerExtensions.LogDebug(ILogger, string?, params object?[])' (https://learn.microsoft.com/dotnet/fundamentals/code-analysis/quality-rules/ca1848) [/home/runner/work/trading-bot-c-/trading-bot-c-/src/BotCore/BotCore.csproj]
/home/runner/work/trading-bot-c-/trading-bot-c-/src/BotCore/Services/UnifiedPositionManagementService.cs(1794,17): error CA1848: For improved performance, use the LoggerMessage delegates instead of calling 'LoggerExtensions.LogWarning(ILogger, Exception?, string?, params object?[])' (https://learn.microsoft.com/dotnet/fundamentals/code-analysis/quality-rules/ca1848) [/home/runner/work/trading-bot-c-/trading-bot-c-/src/BotCore/BotCore.csproj]
/home/runner/work/trading-bot-c-/trading-bot-c-/src/BotCore/Services/SessionAwareRuntimeGates.cs(274,13): error CA1848: For improved performance, use the LoggerMessage delegates instead of calling 'LoggerExtensions.LogDebug(ILogger, string?, params object?[])' (https://learn.microsoft.com/dotnet/fundamentals/code-analysis/quality-rules/ca1848) [/home/runner/work/trading-bot-c-/trading-bot-c-/src/BotCore/BotCore.csproj]
/home/runner/work/trading-bot-c-/trading-bot-c-/src/BotCore/Services/SessionAwareRuntimeGates.cs(282,13): error CA1848: For improved performance, use the LoggerMessage delegates instead of calling 'LoggerExtensions.LogDebug(ILogger, string?, params object?[])' (https://learn.microsoft.com/dotnet/fundamentals/code-analysis/quality-rules/ca1848) [/home/runner/work/trading-bot-c-/trading-bot-c-/src/BotCore/BotCore.csproj]
/home/runner/work/trading-bot-c-/trading-bot-c-/src/BotCore/Services/UnifiedPositionManagementService.cs(1780,25): error CA1031: Modify 'CheckRegimeChangeAsync' to catch a more specific allowed exception type, or rethrow the exception (https://learn.microsoft.com/dotnet/fundamentals/code-analysis/quality-rules/ca1031) [/home/runner/work/trading-bot-c-/trading-bot-c-/src/BotCore/BotCore.csproj]
/home/runner/work/trading-bot-c-/trading-bot-c-/src/BotCore/Services/UnifiedPositionManagementService.cs(1792,13): error CA1031: Modify 'CheckRegimeChangeAsync' to catch a more specific allowed exception type, or rethrow the exception (https://learn.microsoft.com/dotnet/fundamentals/code-analysis/quality-rules/ca1031) [/home/runner/work/trading-bot-c-/trading-bot-c-/src/BotCore/BotCore.csproj]
/home/runner/work/trading-bot-c-/trading-bot-c-/src/BotCore/Services/UnifiedPositionManagementService.cs(1847,21): error CA1848: For improved performance, use the LoggerMessage delegates instead of calling 'LoggerExtensions.LogWarning(ILogger, string?, params object?[])' (https://learn.microsoft.com/dotnet/fundamentals/code-analysis/quality-rules/ca1848) [/home/runner/work/trading-bot-c-/trading-bot-c-/src/BotCore/BotCore.csproj]
/home/runner/work/trading-bot-c-/trading-bot-c-/src/BotCore/Services/UnifiedPositionManagementService.cs(1870,21): error CA1848: For improved performance, use the LoggerMessage delegates instead of calling 'LoggerExtensions.LogInformation(ILogger, string?, params object?[])' (https://learn.microsoft.com/dotnet/fundamentals/code-analysis/quality-rules/ca1848) [/home/runner/work/trading-bot-c-/trading-bot-c-/src/BotCore/BotCore.csproj]
/home/runner/work/trading-bot-c-/trading-bot-c-/src/BotCore/Services/UnifiedPositionManagementService.cs(1876,17): error CA1848: For improved performance, use the LoggerMessage delegates instead of calling 'LoggerExtensions.LogWarning(ILogger, Exception?, string?, params object?[])' (https://learn.microsoft.com/dotnet/fundamentals/code-analysis/quality-rules/ca1848) [/home/runner/work/trading-bot-c-/trading-bot-c-/src/BotCore/BotCore.csproj]
/home/runner/work/trading-bot-c-/trading-bot-c-/src/BotCore/Services/UnifiedPositionManagementService.cs(1861,21): error CA1031: Modify 'CheckRegimeFlipExitAsync' to catch a more specific allowed exception type, or rethrow the exception (https://learn.microsoft.com/dotnet/fundamentals/code-analysis/quality-rules/ca1031) [/home/runner/work/trading-bot-c-/trading-bot-c-/src/BotCore/BotCore.csproj]
/home/runner/work/trading-bot-c-/trading-bot-c-/src/BotCore/Services/UnifiedPositionManagementService.cs(1874,13): error CA1031: Modify 'CheckRegimeFlipExitAsync' to catch a more specific allowed exception type, or rethrow the exception (https://learn.microsoft.com/dotnet/fundamentals/code-analysis/quality-rules/ca1031) [/home/runner/work/trading-bot-c-/trading-bot-c-/src/BotCore/BotCore.csproj]
/home/runner/work/trading-bot-c-/trading-bot-c-/src/BotCore/Services/TimeOptimizedStrategyManager.cs(862,27): error S1244: Do not check floating point equality with exact values, use a range instead. (https://rules.sonarsource.com/csharp/RSPEC-1244) [/home/runner/work/trading-bot-c-/trading-bot-c-/src/BotCore/BotCore.csproj]
/home/runner/work/trading-bot-c-/trading-bot-c-/src/BotCore/Services/UnifiedPositionManagementService.cs(1883,22): error S1541: The Cyclomatic Complexity of this method is 20 which is greater than 10 authorized. (https://rules.sonarsource.com/csharp/RSPEC-1541) [/home/runner/work/trading-bot-c-/trading-bot-c-/src/BotCore/BotCore.csproj]
/home/runner/work/trading-bot-c-/trading-bot-c-/src/BotCore/Services/SecurityService.cs(56,9): error CA1848: For improved performance, use the LoggerMessage delegates instead of calling 'LoggerExtensions.LogInformation(ILogger, string?, params object?[])' (https://learn.microsoft.com/dotnet/fundamentals/code-analysis/quality-rules/ca1848) [/home/runner/work/trading-bot-c-/trading-bot-c-/src/BotCore/BotCore.csproj]
/home/runner/work/trading-bot-c-/trading-bot-c-/src/BotCore/Services/UnifiedPositionManagementService.cs(1974,13): error S1172: Remove this unused method parameter 'currentPrice'. (https://rules.sonarsource.com/csharp/RSPEC-1172) [/home/runner/work/trading-bot-c-/trading-bot-c-/src/BotCore/BotCore.csproj]
/home/runner/work/trading-bot-c-/trading-bot-c-/src/BotCore/Services/SecurityService.cs(78,54): error CA1847: Use 'string.Contains(char)' instead of 'string.Contains(string)' when searching for a single character (https://learn.microsoft.com/dotnet/fundamentals/code-analysis/quality-rules/ca1847) [/home/runner/work/trading-bot-c-/trading-bot-c-/src/BotCore/BotCore.csproj]
/home/runner/work/trading-bot-c-/trading-bot-c-/src/BotCore/Services/SecurityService.cs(94,17): error CA1848: For improved performance, use the LoggerMessage delegates instead of calling 'LoggerExtensions.LogDebug(ILogger, Exception?, string?, params object?[])' (https://learn.microsoft.com/dotnet/fundamentals/code-analysis/quality-rules/ca1848) [/home/runner/work/trading-bot-c-/trading-bot-c-/src/BotCore/BotCore.csproj]
/home/runner/work/trading-bot-c-/trading-bot-c-/src/BotCore/Services/StrategyPerformanceAnalyzer.cs(754,20): error S1541: The Cyclomatic Complexity of this method is 12 which is greater than 10 authorized. (https://rules.sonarsource.com/csharp/RSPEC-1541) [/home/runner/work/trading-bot-c-/trading-bot-c-/src/BotCore/BotCore.csproj]
/home/runner/work/trading-bot-c-/trading-bot-c-/src/BotCore/Services/UnifiedPositionManagementService.cs(2007,21): error CA1848: For improved performance, use the LoggerMessage delegates instead of calling 'LoggerExtensions.LogWarning(ILogger, string?, params object?[])' (https://learn.microsoft.com/dotnet/fundamentals/code-analysis/quality-rules/ca1848) [/home/runner/work/trading-bot-c-/trading-bot-c-/src/BotCore/BotCore.csproj]
/home/runner/work/trading-bot-c-/trading-bot-c-/src/BotCore/Services/UnifiedPositionManagementService.cs(2018,25): error CA1848: For improved performance, use the LoggerMessage delegates instead of calling 'LoggerExtensions.LogDebug(ILogger, string?, params object?[])' (https://learn.microsoft.com/dotnet/fundamentals/code-analysis/quality-rules/ca1848) [/home/runner/work/trading-bot-c-/trading-bot-c-/src/BotCore/BotCore.csproj]
/home/runner/work/trading-bot-c-/trading-bot-c-/src/BotCore/Services/UnifiedPositionManagementService.cs(2040,17): error CA1848: For improved performance, use the LoggerMessage delegates instead of calling 'LoggerExtensions.LogWarning(ILogger, Exception?, string?, params object?[])' (https://learn.microsoft.com/dotnet/fundamentals/code-analysis/quality-rules/ca1848) [/home/runner/work/trading-bot-c-/trading-bot-c-/src/BotCore/BotCore.csproj]
/home/runner/work/trading-bot-c-/trading-bot-c-/src/BotCore/Services/SecurityService.cs(91,13): error CA1031: Modify 'RedactSensitiveData' to catch a more specific allowed exception type, or rethrow the exception (https://learn.microsoft.com/dotnet/fundamentals/code-analysis/quality-rules/ca1031) [/home/runner/work/trading-bot-c-/trading-bot-c-/src/BotCore/BotCore.csproj]
/home/runner/work/trading-bot-c-/trading-bot-c-/src/BotCore/Services/UnifiedPositionManagementService.cs(2031,25): error CA1031: Modify 'CheckEarlyExitThresholdAsync' to catch a more specific allowed exception type, or rethrow the exception (https://learn.microsoft.com/dotnet/fundamentals/code-analysis/quality-rules/ca1031) [/home/runner/work/trading-bot-c-/trading-bot-c-/src/BotCore/BotCore.csproj]
/home/runner/work/trading-bot-c-/trading-bot-c-/src/BotCore/Services/UnifiedPositionManagementService.cs(2038,13): error CA1031: Modify 'CheckEarlyExitThresholdAsync' to catch a more specific allowed exception type, or rethrow the exception (https://learn.microsoft.com/dotnet/fundamentals/code-analysis/quality-rules/ca1031) [/home/runner/work/trading-bot-c-/trading-bot-c-/src/BotCore/BotCore.csproj]
/home/runner/work/trading-bot-c-/trading-bot-c-/src/BotCore/Services/UnifiedPositionManagementService.cs(2047,86): error S1172: Remove this unused method parameter 'tickSize'. (https://rules.sonarsource.com/csharp/RSPEC-1172) [/home/runner/work/trading-bot-c-/trading-bot-c-/src/BotCore/BotCore.csproj]
/home/runner/work/trading-bot-c-/trading-bot-c-/src/BotCore/Services/UnifiedPositionManagementService.cs(2066,17): error CA1848: For improved performance, use the LoggerMessage delegates instead of calling 'LoggerExtensions.LogWarning(ILogger, Exception?, string?, params object?[])' (https://learn.microsoft.com/dotnet/fundamentals/code-analysis/quality-rules/ca1848) [/home/runner/work/trading-bot-c-/trading-bot-c-/src/BotCore/BotCore.csproj]
/home/runner/work/trading-bot-c-/trading-bot-c-/src/BotCore/Services/UnifiedPositionManagementService.cs(2064,13): error CA1031: Modify 'GetOptimizedTrailingDistance' to catch a more specific allowed exception type, or rethrow the exception (https://learn.microsoft.com/dotnet/fundamentals/code-analysis/quality-rules/ca1031) [/home/runner/work/trading-bot-c-/trading-bot-c-/src/BotCore/BotCore.csproj]
/home/runner/work/trading-bot-c-/trading-bot-c-/src/BotCore/Services/TimeOptimizedStrategyManager.cs(947,36): error S1541: The Cyclomatic Complexity of this method is 13 which is greater than 10 authorized. (https://rules.sonarsource.com/csharp/RSPEC-1541) [/home/runner/work/trading-bot-c-/trading-bot-c-/src/BotCore/BotCore.csproj]
/home/runner/work/trading-bot-c-/trading-bot-c-/src/BotCore/Services/SecurityService.cs(170,13): error CA1848: For improved performance, use the LoggerMessage delegates instead of calling 'LoggerExtensions.LogWarning(ILogger, string?, params object?[])' (https://learn.microsoft.com/dotnet/fundamentals/code-analysis/quality-rules/ca1848) [/home/runner/work/trading-bot-c-/trading-bot-c-/src/BotCore/BotCore.csproj]
/home/runner/work/trading-bot-c-/trading-bot-c-/src/BotCore/Services/TimeOptimizedStrategyManager.cs(1011,21): error CA1848: For improved performance, use the LoggerMessage delegates instead of calling 'LoggerExtensions.LogDebug(ILogger, string?, params object?[])' (https://learn.microsoft.com/dotnet/fundamentals/code-analysis/quality-rules/ca1848) [/home/runner/work/trading-bot-c-/trading-bot-c-/src/BotCore/BotCore.csproj]
/home/runner/work/trading-bot-c-/trading-bot-c-/src/BotCore/Services/TimeOptimizedStrategyManager.cs(980,17): error CA1848: For improved performance, use the LoggerMessage delegates instead of calling 'LoggerExtensions.LogDebug(ILogger, string?, params object?[])' (https://learn.microsoft.com/dotnet/fundamentals/code-analysis/quality-rules/ca1848) [/home/runner/work/trading-bot-c-/trading-bot-c-/src/BotCore/BotCore.csproj]
/home/runner/work/trading-bot-c-/trading-bot-c-/src/BotCore/Services/TimeOptimizedStrategyManager.cs(989,17): error CA1848: For improved performance, use the LoggerMessage delegates instead of calling 'LoggerExtensions.LogError(ILogger, Exception?, string?, params object?[])' (https://learn.microsoft.com/dotnet/fundamentals/code-analysis/quality-rules/ca1848) [/home/runner/work/trading-bot-c-/trading-bot-c-/src/BotCore/BotCore.csproj]
/home/runner/work/trading-bot-c-/trading-bot-c-/src/BotCore/Services/TimeOptimizedStrategyManager.cs(987,13): error CA1031: Modify 'GetMLAdjustmentAsync' to catch a more specific allowed exception type, or rethrow the exception (https://learn.microsoft.com/dotnet/fundamentals/code-analysis/quality-rules/ca1031) [/home/runner/work/trading-bot-c-/trading-bot-c-/src/BotCore/BotCore.csproj]
/home/runner/work/trading-bot-c-/trading-bot-c-/src/BotCore/Services/SecurityService.cs(141,13): error CA1848: For improved performance, use the LoggerMessage delegates instead of calling 'LoggerExtensions.LogInformation(ILogger, string?, params object?[])' (https://learn.microsoft.com/dotnet/fundamentals/code-analysis/quality-rules/ca1848) [/home/runner/work/trading-bot-c-/trading-bot-c-/src/BotCore/BotCore.csproj]
/home/runner/work/trading-bot-c-/trading-bot-c-/src/BotCore/Services/SecurityService.cs(148,13): error CA1848: For improved performance, use the LoggerMessage delegates instead of calling 'LoggerExtensions.LogError(ILogger, Exception?, string?, params object?[])' (https://learn.microsoft.com/dotnet/fundamentals/code-analysis/quality-rules/ca1848) [/home/runner/work/trading-bot-c-/trading-bot-c-/src/BotCore/BotCore.csproj]
/home/runner/work/trading-bot-c-/trading-bot-c-/src/BotCore/Services/SecurityService.cs(191,13): error CA1848: For improved performance, use the LoggerMessage delegates instead of calling 'LoggerExtensions.LogWarning(ILogger, string?, params object?[])' (https://learn.microsoft.com/dotnet/fundamentals/code-analysis/quality-rules/ca1848) [/home/runner/work/trading-bot-c-/trading-bot-c-/src/BotCore/BotCore.csproj]
/home/runner/work/trading-bot-c-/trading-bot-c-/src/BotCore/Services/SecurityService.cs(196,13): error CA1848: For improved performance, use the LoggerMessage delegates instead of calling 'LoggerExtensions.LogError(ILogger, Exception?, string?, params object?[])' (https://learn.microsoft.com/dotnet/fundamentals/code-analysis/quality-rules/ca1848) [/home/runner/work/trading-bot-c-/trading-bot-c-/src/BotCore/BotCore.csproj]
/home/runner/work/trading-bot-c-/trading-bot-c-/src/BotCore/Services/SecurityService.cs(194,9): error CA1031: Modify 'LogSecurityEvent' to catch a more specific allowed exception type, or rethrow the exception (https://learn.microsoft.com/dotnet/fundamentals/code-analysis/quality-rules/ca1031) [/home/runner/work/trading-bot-c-/trading-bot-c-/src/BotCore/BotCore.csproj]
/home/runner/work/trading-bot-c-/trading-bot-c-/src/BotCore/Services/SecurityService.cs(146,9): error CA1031: Modify 'IsRemoteSessionDetected' to catch a more specific allowed exception type, or rethrow the exception (https://learn.microsoft.com/dotnet/fundamentals/code-analysis/quality-rules/ca1031) [/home/runner/work/trading-bot-c-/trading-bot-c-/src/BotCore/BotCore.csproj]
/home/runner/work/trading-bot-c-/trading-bot-c-/src/BotCore/Services/SecurityService.cs(233,9): error CA1031: Modify 'CheckRDPSession' to catch a more specific allowed exception type, or rethrow the exception (https://learn.microsoft.com/dotnet/fundamentals/code-analysis/quality-rules/ca1031) [/home/runner/work/trading-bot-c-/trading-bot-c-/src/BotCore/BotCore.csproj]
/home/runner/work/trading-bot-c-/trading-bot-c-/src/BotCore/Services/UnifiedPositionManagementService.cs(2079,28): error S1541: The Cyclomatic Complexity of this method is 17 which is greater than 10 authorized. (https://rules.sonarsource.com/csharp/RSPEC-1541) [/home/runner/work/trading-bot-c-/trading-bot-c-/src/BotCore/BotCore.csproj]
/home/runner/work/trading-bot-c-/trading-bot-c-/src/BotCore/Services/UnifiedPositionManagementService.cs(2081,13): error S1172: Remove this unused method parameter 'currentPrice'. (https://rules.sonarsource.com/csharp/RSPEC-1172) [/home/runner/work/trading-bot-c-/trading-bot-c-/src/BotCore/BotCore.csproj]
/home/runner/work/trading-bot-c-/trading-bot-c-/src/BotCore/Services/UnifiedPositionManagementService.cs(2079,28): error S138: This method 'CheckProgressiveTighteningAsync' has 100 lines, which is greater than the 80 lines authorized. Split it into smaller methods. (https://rules.sonarsource.com/csharp/RSPEC-138) [/home/runner/work/trading-bot-c-/trading-bot-c-/src/BotCore/BotCore.csproj]
/home/runner/work/trading-bot-c-/trading-bot-c-/src/BotCore/Services/SecurityService.cs(270,9): error CA1031: Modify 'CheckVPNAdapters' to catch a more specific allowed exception type, or rethrow the exception (https://learn.microsoft.com/dotnet/fundamentals/code-analysis/quality-rules/ca1031) [/home/runner/work/trading-bot-c-/trading-bot-c-/src/BotCore/BotCore.csproj]
/home/runner/work/trading-bot-c-/trading-bot-c-/src/BotCore/Services/SafeHoldDecisionPolicy.cs(57,13): error CA1848: For improved performance, use the LoggerMessage delegates instead of calling 'LoggerExtensions.LogDebug(ILogger, string?, params object?[])' (https://learn.microsoft.com/dotnet/fundamentals/code-analysis/quality-rules/ca1848) [/home/runner/work/trading-bot-c-/trading-bot-c-/src/BotCore/BotCore.csproj]
/home/runner/work/trading-bot-c-/trading-bot-c-/src/BotCore/Services/SafeHoldDecisionPolicy.cs(72,13): error CA1848: For improved performance, use the LoggerMessage delegates instead of calling 'LoggerExtensions.LogDebug(ILogger, string?, params object?[])' (https://learn.microsoft.com/dotnet/fundamentals/code-analysis/quality-rules/ca1848) [/home/runner/work/trading-bot-c-/trading-bot-c-/src/BotCore/BotCore.csproj]
/home/runner/work/trading-bot-c-/trading-bot-c-/src/BotCore/Services/SafeHoldDecisionPolicy.cs(86,9): error CA1848: For improved performance, use the LoggerMessage delegates instead of calling 'LoggerExtensions.LogInformation(ILogger, string?, params object?[])' (https://learn.microsoft.com/dotnet/fundamentals/code-analysis/quality-rules/ca1848) [/home/runner/work/trading-bot-c-/trading-bot-c-/src/BotCore/BotCore.csproj]
/home/runner/work/trading-bot-c-/trading-bot-c-/src/BotCore/Services/UnifiedPositionManagementService.cs(2138,13): error CA1848: For improved performance, use the LoggerMessage delegates instead of calling 'LoggerExtensions.LogInformation(ILogger, string?, params object?[])' (https://learn.microsoft.com/dotnet/fundamentals/code-analysis/quality-rules/ca1848) [/home/runner/work/trading-bot-c-/trading-bot-c-/src/BotCore/BotCore.csproj]
/home/runner/work/trading-bot-c-/trading-bot-c-/src/BotCore/Services/UnifiedPositionManagementService.cs(2158,21): error CA1848: For improved performance, use the LoggerMessage delegates instead of calling 'LoggerExtensions.LogInformation(ILogger, string?, params object?[])' (https://learn.microsoft.com/dotnet/fundamentals/code-analysis/quality-rules/ca1848) [/home/runner/work/trading-bot-c-/trading-bot-c-/src/BotCore/BotCore.csproj]
/home/runner/work/trading-bot-c-/trading-bot-c-/src/BotCore/Services/UnifiedPositionManagementService.cs(2195,17): error CA1848: For improved performance, use the LoggerMessage delegates instead of calling 'LoggerExtensions.LogWarning(ILogger, string?, params object?[])' (https://learn.microsoft.com/dotnet/fundamentals/code-analysis/quality-rules/ca1848) [/home/runner/work/trading-bot-c-/trading-bot-c-/src/BotCore/BotCore.csproj]
/home/runner/work/trading-bot-c-/trading-bot-c-/src/BotCore/Services/UnifiedPositionManagementService.cs(2173,21): error CA1031: Modify 'CheckProgressiveTighteningAsync' to catch a more specific allowed exception type, or rethrow the exception (https://learn.microsoft.com/dotnet/fundamentals/code-analysis/quality-rules/ca1031) [/home/runner/work/trading-bot-c-/trading-bot-c-/src/BotCore/BotCore.csproj]
/home/runner/work/trading-bot-c-/trading-bot-c-/src/BotCore/Services/UnifiedPositionManagementService.cs(2210,17): error CA1031: Modify 'CheckProgressiveTighteningAsync' to catch a more specific allowed exception type, or rethrow the exception (https://learn.microsoft.com/dotnet/fundamentals/code-analysis/quality-rules/ca1031) [/home/runner/work/trading-bot-c-/trading-bot-c-/src/BotCore/BotCore.csproj]
/home/runner/work/trading-bot-c-/trading-bot-c-/src/BotCore/Services/SecurityService.cs(387,9): error CA1031: Modify 'CheckEnvironmentIndicators' to catch a more specific allowed exception type, or rethrow the exception (https://learn.microsoft.com/dotnet/fundamentals/code-analysis/quality-rules/ca1031) [/home/runner/work/trading-bot-c-/trading-bot-c-/src/BotCore/BotCore.csproj]
/home/runner/work/trading-bot-c-/trading-bot-c-/src/BotCore/Services/SecurityService.cs(305,17): error CA1031: Modify 'CheckVMIndicators' to catch a more specific allowed exception type, or rethrow the exception (https://learn.microsoft.com/dotnet/fundamentals/code-analysis/quality-rules/ca1031) [/home/runner/work/trading-bot-c-/trading-bot-c-/src/BotCore/BotCore.csproj]
/home/runner/work/trading-bot-c-/trading-bot-c-/src/BotCore/Services/SecurityService.cs(328,21): error CA1031: Modify 'CheckVMIndicators' to catch a more specific allowed exception type, or rethrow the exception (https://learn.microsoft.com/dotnet/fundamentals/code-analysis/quality-rules/ca1031) [/home/runner/work/trading-bot-c-/trading-bot-c-/src/BotCore/BotCore.csproj]
/home/runner/work/trading-bot-c-/trading-bot-c-/src/BotCore/Services/SecurityService.cs(342,9): error CA1031: Modify 'CheckVMIndicators' to catch a more specific allowed exception type, or rethrow the exception (https://learn.microsoft.com/dotnet/fundamentals/code-analysis/quality-rules/ca1031) [/home/runner/work/trading-bot-c-/trading-bot-c-/src/BotCore/BotCore.csproj]
/home/runner/work/trading-bot-c-/trading-bot-c-/src/BotCore/Services/S15ShadowLearningService.cs(45,9): error CA1848: For improved performance, use the LoggerMessage delegates instead of calling 'LoggerExtensions.LogInformation(ILogger, string?, params object?[])' (https://learn.microsoft.com/dotnet/fundamentals/code-analysis/quality-rules/ca1848) [/home/runner/work/trading-bot-c-/trading-bot-c-/src/BotCore/BotCore.csproj]
/home/runner/work/trading-bot-c-/trading-bot-c-/src/BotCore/Services/S15ShadowLearningService.cs(61,17): error CA1848: For improved performance, use the LoggerMessage delegates instead of calling 'LoggerExtensions.LogError(ILogger, Exception?, string?, params object?[])' (https://learn.microsoft.com/dotnet/fundamentals/code-analysis/quality-rules/ca1848) [/home/runner/work/trading-bot-c-/trading-bot-c-/src/BotCore/BotCore.csproj]
/home/runner/work/trading-bot-c-/trading-bot-c-/src/BotCore/Services/S15ShadowLearningService.cs(65,9): error CA1848: For improved performance, use the LoggerMessage delegates instead of calling 'LoggerExtensions.LogInformation(ILogger, string?, params object?[])' (https://learn.microsoft.com/dotnet/fundamentals/code-analysis/quality-rules/ca1848) [/home/runner/work/trading-bot-c-/trading-bot-c-/src/BotCore/BotCore.csproj]
/home/runner/work/trading-bot-c-/trading-bot-c-/src/BotCore/Services/S15ShadowLearningService.cs(78,9): error CA1848: For improved performance, use the LoggerMessage delegates instead of calling 'LoggerExtensions.LogDebug(ILogger, string?, params object?[])' (https://learn.microsoft.com/dotnet/fundamentals/code-analysis/quality-rules/ca1848) [/home/runner/work/trading-bot-c-/trading-bot-c-/src/BotCore/BotCore.csproj]
/home/runner/work/trading-bot-c-/trading-bot-c-/src/BotCore/Services/S15ShadowLearningService.cs(59,13): error CA1031: Modify 'ExecuteAsync' to catch a more specific allowed exception type, or rethrow the exception (https://learn.microsoft.com/dotnet/fundamentals/code-analysis/quality-rules/ca1031) [/home/runner/work/trading-bot-c-/trading-bot-c-/src/BotCore/BotCore.csproj]
/home/runner/work/trading-bot-c-/trading-bot-c-/src/BotCore/Services/SafeHoldDecisionPolicy.cs(144,17): error CA1848: For improved performance, use the LoggerMessage delegates instead of calling 'LoggerExtensions.LogWarning(ILogger, string?, params object?[])' (https://learn.microsoft.com/dotnet/fundamentals/code-analysis/quality-rules/ca1848) [/home/runner/work/trading-bot-c-/trading-bot-c-/src/BotCore/BotCore.csproj]
/home/runner/work/trading-bot-c-/trading-bot-c-/src/BotCore/Services/SafeHoldDecisionPolicy.cs(155,17): error CA1848: For improved performance, use the LoggerMessage delegates instead of calling 'LoggerExtensions.LogDebug(ILogger, string?, params object?[])' (https://learn.microsoft.com/dotnet/fundamentals/code-analysis/quality-rules/ca1848) [/home/runner/work/trading-bot-c-/trading-bot-c-/src/BotCore/BotCore.csproj]
/home/runner/work/trading-bot-c-/trading-bot-c-/src/BotCore/Services/SafeHoldDecisionPolicy.cs(169,13): error CA1848: For improved performance, use the LoggerMessage delegates instead of calling 'LoggerExtensions.LogError(ILogger, Exception?, string?, params object?[])' (https://learn.microsoft.com/dotnet/fundamentals/code-analysis/quality-rules/ca1848) [/home/runner/work/trading-bot-c-/trading-bot-c-/src/BotCore/BotCore.csproj]
/home/runner/work/trading-bot-c-/trading-bot-c-/src/BotCore/Services/SafeHoldDecisionPolicy.cs(174,13): error CA1848: For improved performance, use the LoggerMessage delegates instead of calling 'LoggerExtensions.LogError(ILogger, Exception?, string?, params object?[])' (https://learn.microsoft.com/dotnet/fundamentals/code-analysis/quality-rules/ca1848) [/home/runner/work/trading-bot-c-/trading-bot-c-/src/BotCore/BotCore.csproj]
/home/runner/work/trading-bot-c-/trading-bot-c-/src/BotCore/Services/SafeHoldDecisionPolicy.cs(179,13): error CA1848: For improved performance, use the LoggerMessage delegates instead of calling 'LoggerExtensions.LogError(ILogger, Exception?, string?, params object?[])' (https://learn.microsoft.com/dotnet/fundamentals/code-analysis/quality-rules/ca1848) [/home/runner/work/trading-bot-c-/trading-bot-c-/src/BotCore/BotCore.csproj]
/home/runner/work/trading-bot-c-/trading-bot-c-/src/BotCore/Services/SafeHoldDecisionPolicy.cs(209,13): error CA1848: For improved performance, use the LoggerMessage delegates instead of calling 'LoggerExtensions.LogInformation(ILogger, string?, params object?[])' (https://learn.microsoft.com/dotnet/fundamentals/code-analysis/quality-rules/ca1848) [/home/runner/work/trading-bot-c-/trading-bot-c-/src/BotCore/BotCore.csproj]
/home/runner/work/trading-bot-c-/trading-bot-c-/src/BotCore/Services/SafeHoldDecisionPolicy.cs(235,13): error CA1848: For improved performance, use the LoggerMessage delegates instead of calling 'LoggerExtensions.LogInformation(ILogger, string?, params object?[])' (https://learn.microsoft.com/dotnet/fundamentals/code-analysis/quality-rules/ca1848) [/home/runner/work/trading-bot-c-/trading-bot-c-/src/BotCore/BotCore.csproj]
/home/runner/work/trading-bot-c-/trading-bot-c-/src/BotCore/Services/S15ShadowLearningService.cs(82,47): error S1172: Remove this unused method parameter 'cancellationToken'. (https://rules.sonarsource.com/csharp/RSPEC-1172) [/home/runner/work/trading-bot-c-/trading-bot-c-/src/BotCore/BotCore.csproj]
/home/runner/work/trading-bot-c-/trading-bot-c-/src/BotCore/Services/UnifiedPositionManagementService.cs(2327,25): error CA1848: For improved performance, use the LoggerMessage delegates instead of calling 'LoggerExtensions.LogInformation(ILogger, string?, params object?[])' (https://learn.microsoft.com/dotnet/fundamentals/code-analysis/quality-rules/ca1848) [/home/runner/work/trading-bot-c-/trading-bot-c-/src/BotCore/BotCore.csproj]
/home/runner/work/trading-bot-c-/trading-bot-c-/src/BotCore/Services/UnifiedPositionManagementService.cs(2332,21): error CA1848: For improved performance, use the LoggerMessage delegates instead of calling 'LoggerExtensions.LogError(ILogger, Exception?, string?, params object?[])' (https://learn.microsoft.com/dotnet/fundamentals/code-analysis/quality-rules/ca1848) [/home/runner/work/trading-bot-c-/trading-bot-c-/src/BotCore/BotCore.csproj]
/home/runner/work/trading-bot-c-/trading-bot-c-/src/BotCore/Services/UnifiedPositionManagementService.cs(2330,17): error CA1031: Modify 'ExplainTrailingStopActivationFireAndForget' to catch a more specific allowed exception type, or rethrow the exception (https://learn.microsoft.com/dotnet/fundamentals/code-analysis/quality-rules/ca1031) [/home/runner/work/trading-bot-c-/trading-bot-c-/src/BotCore/BotCore.csproj]
/home/runner/work/trading-bot-c-/trading-bot-c-/src/BotCore/Services/S15ShadowLearningService.cs(84,9): error CA1848: For improved performance, use the LoggerMessage delegates instead of calling 'LoggerExtensions.LogInformation(ILogger, string?, params object?[])' (https://learn.microsoft.com/dotnet/fundamentals/code-analysis/quality-rules/ca1848) [/home/runner/work/trading-bot-c-/trading-bot-c-/src/BotCore/BotCore.csproj]
/home/runner/work/trading-bot-c-/trading-bot-c-/src/BotCore/Services/S15ShadowLearningService.cs(95,13): error CA1848: For improved performance, use the LoggerMessage delegates instead of calling 'LoggerExtensions.LogInformation(ILogger, string?, params object?[])' (https://learn.microsoft.com/dotnet/fundamentals/code-analysis/quality-rules/ca1848) [/home/runner/work/trading-bot-c-/trading-bot-c-/src/BotCore/BotCore.csproj]
/home/runner/work/trading-bot-c-/trading-bot-c-/src/BotCore/Services/S15ShadowLearningService.cs(103,9): error CA1848: For improved performance, use the LoggerMessage delegates instead of calling 'LoggerExtensions.LogInformation(ILogger, string?, params object?[])' (https://learn.microsoft.com/dotnet/fundamentals/code-analysis/quality-rules/ca1848) [/home/runner/work/trading-bot-c-/trading-bot-c-/src/BotCore/BotCore.csproj]
/home/runner/work/trading-bot-c-/trading-bot-c-/src/BotCore/Services/S15ShadowLearningService.cs(106,9): error CA1848: For improved performance, use the LoggerMessage delegates instead of calling 'LoggerExtensions.LogInformation(ILogger, string?, params object?[])' (https://learn.microsoft.com/dotnet/fundamentals/code-analysis/quality-rules/ca1848) [/home/runner/work/trading-bot-c-/trading-bot-c-/src/BotCore/BotCore.csproj]
/home/runner/work/trading-bot-c-/trading-bot-c-/src/BotCore/Services/S15ShadowLearningService.cs(109,9): error CA1848: For improved performance, use the LoggerMessage delegates instead of calling 'LoggerExtensions.LogInformation(ILogger, string?, params object?[])' (https://learn.microsoft.com/dotnet/fundamentals/code-analysis/quality-rules/ca1848) [/home/runner/work/trading-bot-c-/trading-bot-c-/src/BotCore/BotCore.csproj]
/home/runner/work/trading-bot-c-/trading-bot-c-/src/BotCore/Services/S15ShadowLearningService.cs(111,9): error CA1848: For improved performance, use the LoggerMessage delegates instead of calling 'LoggerExtensions.LogInformation(ILogger, string?, params object?[])' (https://learn.microsoft.com/dotnet/fundamentals/code-analysis/quality-rules/ca1848) [/home/runner/work/trading-bot-c-/trading-bot-c-/src/BotCore/BotCore.csproj]
/home/runner/work/trading-bot-c-/trading-bot-c-/src/BotCore/Services/S15ShadowLearningService.cs(115,9): error CA1848: For improved performance, use the LoggerMessage delegates instead of calling 'LoggerExtensions.LogInformation(ILogger, string?, params object?[])' (https://learn.microsoft.com/dotnet/fundamentals/code-analysis/quality-rules/ca1848) [/home/runner/work/trading-bot-c-/trading-bot-c-/src/BotCore/BotCore.csproj]
/home/runner/work/trading-bot-c-/trading-bot-c-/src/BotCore/Services/S15ShadowLearningService.cs(118,13): error CA1848: For improved performance, use the LoggerMessage delegates instead of calling 'LoggerExtensions.LogWarning(ILogger, string?, params object?[])' (https://learn.microsoft.com/dotnet/fundamentals/code-analysis/quality-rules/ca1848) [/home/runner/work/trading-bot-c-/trading-bot-c-/src/BotCore/BotCore.csproj]
/home/runner/work/trading-bot-c-/trading-bot-c-/src/BotCore/Services/S15ShadowLearningService.cs(123,9): error CA1848: For improved performance, use the LoggerMessage delegates instead of calling 'LoggerExtensions.LogInformation(ILogger, string?, params object?[])' (https://learn.microsoft.com/dotnet/fundamentals/code-analysis/quality-rules/ca1848) [/home/runner/work/trading-bot-c-/trading-bot-c-/src/BotCore/BotCore.csproj]
/home/runner/work/trading-bot-c-/trading-bot-c-/src/BotCore/Services/S15ShadowLearningService.cs(128,13): error CA1848: For improved performance, use the LoggerMessage delegates instead of calling 'LoggerExtensions.LogWarning(ILogger, string?, params object?[])' (https://learn.microsoft.com/dotnet/fundamentals/code-analysis/quality-rules/ca1848) [/home/runner/work/trading-bot-c-/trading-bot-c-/src/BotCore/BotCore.csproj]
/home/runner/work/trading-bot-c-/trading-bot-c-/src/BotCore/Services/S15ShadowLearningService.cs(133,9): error CA1848: For improved performance, use the LoggerMessage delegates instead of calling 'LoggerExtensions.LogInformation(ILogger, string?, params object?[])' (https://learn.microsoft.com/dotnet/fundamentals/code-analysis/quality-rules/ca1848) [/home/runner/work/trading-bot-c-/trading-bot-c-/src/BotCore/BotCore.csproj]
/home/runner/work/trading-bot-c-/trading-bot-c-/src/BotCore/Services/S15ShadowLearningService.cs(143,13): error CA1848: For improved performance, use the LoggerMessage delegates instead of calling 'LoggerExtensions.LogWarning(ILogger, string?, params object?[])' (https://learn.microsoft.com/dotnet/fundamentals/code-analysis/quality-rules/ca1848) [/home/runner/work/trading-bot-c-/trading-bot-c-/src/BotCore/BotCore.csproj]
/home/runner/work/trading-bot-c-/trading-bot-c-/src/BotCore/Services/S15ShadowLearningService.cs(148,9): error CA1848: For improved performance, use the LoggerMessage delegates instead of calling 'LoggerExtensions.LogInformation(ILogger, string?, params object?[])' (https://learn.microsoft.com/dotnet/fundamentals/code-analysis/quality-rules/ca1848) [/home/runner/work/trading-bot-c-/trading-bot-c-/src/BotCore/BotCore.csproj]
/home/runner/work/trading-bot-c-/trading-bot-c-/src/BotCore/Services/S15ShadowLearningService.cs(151,9): error CA1848: For improved performance, use the LoggerMessage delegates instead of calling 'LoggerExtensions.LogInformation(ILogger, string?, params object?[])' (https://learn.microsoft.com/dotnet/fundamentals/code-analysis/quality-rules/ca1848) [/home/runner/work/trading-bot-c-/trading-bot-c-/src/BotCore/BotCore.csproj]
/home/runner/work/trading-bot-c-/trading-bot-c-/src/BotCore/Services/S15ShadowLearningService.cs(153,9): error CA1848: For improved performance, use the LoggerMessage delegates instead of calling 'LoggerExtensions.LogInformation(ILogger, string?, params object?[])' (https://learn.microsoft.com/dotnet/fundamentals/code-analysis/quality-rules/ca1848) [/home/runner/work/trading-bot-c-/trading-bot-c-/src/BotCore/BotCore.csproj]
/home/runner/work/trading-bot-c-/trading-bot-c-/src/BotCore/Services/S15ShadowLearningService.cs(157,13): error CA1848: For improved performance, use the LoggerMessage delegates instead of calling 'LoggerExtensions.LogWarning(ILogger, string?, params object?[])' (https://learn.microsoft.com/dotnet/fundamentals/code-analysis/quality-rules/ca1848) [/home/runner/work/trading-bot-c-/trading-bot-c-/src/BotCore/BotCore.csproj]
/home/runner/work/trading-bot-c-/trading-bot-c-/src/BotCore/Services/S15ShadowLearningService.cs(162,9): error CA1848: For improved performance, use the LoggerMessage delegates instead of calling 'LoggerExtensions.LogInformation(ILogger, string?, params object?[])' (https://learn.microsoft.com/dotnet/fundamentals/code-analysis/quality-rules/ca1848) [/home/runner/work/trading-bot-c-/trading-bot-c-/src/BotCore/BotCore.csproj]
/home/runner/work/trading-bot-c-/trading-bot-c-/src/BotCore/Services/S15ShadowLearningService.cs(165,9): error CA1848: For improved performance, use the LoggerMessage delegates instead of calling 'LoggerExtensions.LogInformation(ILogger, string?, params object?[])' (https://learn.microsoft.com/dotnet/fundamentals/code-analysis/quality-rules/ca1848) [/home/runner/work/trading-bot-c-/trading-bot-c-/src/BotCore/BotCore.csproj]
/home/runner/work/trading-bot-c-/trading-bot-c-/src/BotCore/Services/UnifiedPositionManagementService.cs(2373,25): error CA1848: For improved performance, use the LoggerMessage delegates instead of calling 'LoggerExtensions.LogInformation(ILogger, string?, params object?[])' (https://learn.microsoft.com/dotnet/fundamentals/code-analysis/quality-rules/ca1848) [/home/runner/work/trading-bot-c-/trading-bot-c-/src/BotCore/BotCore.csproj]
/home/runner/work/trading-bot-c-/trading-bot-c-/src/BotCore/Services/UnifiedPositionManagementService.cs(2378,21): error CA1848: For improved performance, use the LoggerMessage delegates instead of calling 'LoggerExtensions.LogError(ILogger, Exception?, string?, params object?[])' (https://learn.microsoft.com/dotnet/fundamentals/code-analysis/quality-rules/ca1848) [/home/runner/work/trading-bot-c-/trading-bot-c-/src/BotCore/BotCore.csproj]
/home/runner/work/trading-bot-c-/trading-bot-c-/src/BotCore/Services/UnifiedPositionManagementService.cs(2376,17): error CA1031: Modify 'ExplainBreakevenProtectionFireAndForget' to catch a more specific allowed exception type, or rethrow the exception (https://learn.microsoft.com/dotnet/fundamentals/code-analysis/quality-rules/ca1031) [/home/runner/work/trading-bot-c-/trading-bot-c-/src/BotCore/BotCore.csproj]
/home/runner/work/trading-bot-c-/trading-bot-c-/src/BotCore/Services/S15ShadowLearningService.cs(231,50): error SCS0005: Weak random number generator. (https://security-code-scan.github.io/#SCS0005) [/home/runner/work/trading-bot-c-/trading-bot-c-/src/BotCore/BotCore.csproj]
/home/runner/work/trading-bot-c-/trading-bot-c-/src/BotCore/Services/S15ShadowLearningService.cs(243,9): error CA1848: For improved performance, use the LoggerMessage delegates instead of calling 'LoggerExtensions.LogInformation(ILogger, string?, params object?[])' (https://learn.microsoft.com/dotnet/fundamentals/code-analysis/quality-rules/ca1848) [/home/runner/work/trading-bot-c-/trading-bot-c-/src/BotCore/BotCore.csproj]
/home/runner/work/trading-bot-c-/trading-bot-c-/src/BotCore/Services/RiskManagementService.cs(45,17): error CA1848: For improved performance, use the LoggerMessage delegates instead of calling 'LoggerExtensions.LogTrace(ILogger, string?, params object?[])' (https://learn.microsoft.com/dotnet/fundamentals/code-analysis/quality-rules/ca1848) [/home/runner/work/trading-bot-c-/trading-bot-c-/src/BotCore/BotCore.csproj]
/home/runner/work/trading-bot-c-/trading-bot-c-/src/BotCore/Services/S15ShadowLearningService.cs(279,9): error CA1848: For improved performance, use the LoggerMessage delegates instead of calling 'LoggerExtensions.LogInformation(ILogger, string?, params object?[])' (https://learn.microsoft.com/dotnet/fundamentals/code-analysis/quality-rules/ca1848) [/home/runner/work/trading-bot-c-/trading-bot-c-/src/BotCore/BotCore.csproj]
/home/runner/work/trading-bot-c-/trading-bot-c-/src/BotCore/Services/S15ShadowLearningService.cs(280,9): error CA1848: For improved performance, use the LoggerMessage delegates instead of calling 'LoggerExtensions.LogInformation(ILogger, string?, params object?[])' (https://learn.microsoft.com/dotnet/fundamentals/code-analysis/quality-rules/ca1848) [/home/runner/work/trading-bot-c-/trading-bot-c-/src/BotCore/BotCore.csproj]
/home/runner/work/trading-bot-c-/trading-bot-c-/src/BotCore/Services/S15ShadowLearningService.cs(231,50): error CA5394: Random is an insecure random number generator. Use cryptographically secure random number generators when randomness is required for security. (https://learn.microsoft.com/dotnet/fundamentals/code-analysis/quality-rules/ca5394) [/home/runner/work/trading-bot-c-/trading-bot-c-/src/BotCore/BotCore.csproj]
/home/runner/work/trading-bot-c-/trading-bot-c-/src/BotCore/Services/UnifiedPositionManagementService.cs(2419,25): error CA1848: For improved performance, use the LoggerMessage delegates instead of calling 'LoggerExtensions.LogInformation(ILogger, string?, params object?[])' (https://learn.microsoft.com/dotnet/fundamentals/code-analysis/quality-rules/ca1848) [/home/runner/work/trading-bot-c-/trading-bot-c-/src/BotCore/BotCore.csproj]
/home/runner/work/trading-bot-c-/trading-bot-c-/src/BotCore/Services/UnifiedPositionManagementService.cs(2424,21): error CA1848: For improved performance, use the LoggerMessage delegates instead of calling 'LoggerExtensions.LogError(ILogger, Exception?, string?, params object?[])' (https://learn.microsoft.com/dotnet/fundamentals/code-analysis/quality-rules/ca1848) [/home/runner/work/trading-bot-c-/trading-bot-c-/src/BotCore/BotCore.csproj]
/home/runner/work/trading-bot-c-/trading-bot-c-/src/BotCore/Services/UnifiedPositionManagementService.cs(2422,17): error CA1031: Modify 'ExplainPartialExitFireAndForget' to catch a more specific allowed exception type, or rethrow the exception (https://learn.microsoft.com/dotnet/fundamentals/code-analysis/quality-rules/ca1031) [/home/runner/work/trading-bot-c-/trading-bot-c-/src/BotCore/BotCore.csproj]
/home/runner/work/trading-bot-c-/trading-bot-c-/src/BotCore/Services/RiskManagementService.cs(72,13): error CA1848: For improved performance, use the LoggerMessage delegates instead of calling 'LoggerExtensions.LogWarning(ILogger, string?, params object?[])' (https://learn.microsoft.com/dotnet/fundamentals/code-analysis/quality-rules/ca1848) [/home/runner/work/trading-bot-c-/trading-bot-c-/src/BotCore/BotCore.csproj]
/home/runner/work/trading-bot-c-/trading-bot-c-/src/BotCore/Services/RiskAssessmentCommentary.cs(78,13): error CA1848: For improved performance, use the LoggerMessage delegates instead of calling 'LoggerExtensions.LogError(ILogger, Exception?, string?, params object?[])' (https://learn.microsoft.com/dotnet/fundamentals/code-analysis/quality-rules/ca1848) [/home/runner/work/trading-bot-c-/trading-bot-c-/src/BotCore/BotCore.csproj]
/home/runner/work/trading-bot-c-/trading-bot-c-/src/BotCore/Services/RiskAssessmentCommentary.cs(76,9): error CA1031: Modify 'AnalyzeRiskAsync' to catch a more specific allowed exception type, or rethrow the exception (https://learn.microsoft.com/dotnet/fundamentals/code-analysis/quality-rules/ca1031) [/home/runner/work/trading-bot-c-/trading-bot-c-/src/BotCore/BotCore.csproj]
/home/runner/work/trading-bot-c-/trading-bot-c-/src/BotCore/Services/RiskAssessmentCommentary.cs(105,21): error CA1848: For improved performance, use the LoggerMessage delegates instead of calling 'LoggerExtensions.LogInformation(ILogger, string?, params object?[])' (https://learn.microsoft.com/dotnet/fundamentals/code-analysis/quality-rules/ca1848) [/home/runner/work/trading-bot-c-/trading-bot-c-/src/BotCore/BotCore.csproj]
/home/runner/work/trading-bot-c-/trading-bot-c-/src/BotCore/Services/RiskAssessmentCommentary.cs(110,17): error CA1848: For improved performance, use the LoggerMessage delegates instead of calling 'LoggerExtensions.LogError(ILogger, Exception?, string?, params object?[])' (https://learn.microsoft.com/dotnet/fundamentals/code-analysis/quality-rules/ca1848) [/home/runner/work/trading-bot-c-/trading-bot-c-/src/BotCore/BotCore.csproj]
/home/runner/work/trading-bot-c-/trading-bot-c-/src/BotCore/Services/RiskAssessmentCommentary.cs(108,13): error CA1031: Modify 'AnalyzeRiskFireAndForget' to catch a more specific allowed exception type, or rethrow the exception (https://learn.microsoft.com/dotnet/fundamentals/code-analysis/quality-rules/ca1031) [/home/runner/work/trading-bot-c-/trading-bot-c-/src/BotCore/BotCore.csproj]
/home/runner/work/trading-bot-c-/trading-bot-c-/src/BotCore/Services/RiskManagementService.cs(120,17): error CA1848: For improved performance, use the LoggerMessage delegates instead of calling 'LoggerExtensions.LogError(ILogger, Exception?, string?, params object?[])' (https://learn.microsoft.com/dotnet/fundamentals/code-analysis/quality-rules/ca1848) [/home/runner/work/trading-bot-c-/trading-bot-c-/src/BotCore/BotCore.csproj]
/home/runner/work/trading-bot-c-/trading-bot-c-/src/BotCore/Services/RiskManagementService.cs(118,13): error CA1031: Modify 'ShouldRejectTradeAsync' to catch a more specific allowed exception type, or rethrow the exception (https://learn.microsoft.com/dotnet/fundamentals/code-analysis/quality-rules/ca1031) [/home/runner/work/trading-bot-c-/trading-bot-c-/src/BotCore/BotCore.csproj]
/home/runner/work/trading-bot-c-/trading-bot-c-/src/BotCore/Services/RegimeDetectionService.cs(64,17): error CA1848: For improved performance, use the LoggerMessage delegates instead of calling 'LoggerExtensions.LogTrace(ILogger, string?, params object?[])' (https://learn.microsoft.com/dotnet/fundamentals/code-analysis/quality-rules/ca1848) [/home/runner/work/trading-bot-c-/trading-bot-c-/src/BotCore/BotCore.csproj]
/home/runner/work/trading-bot-c-/trading-bot-c-/src/BotCore/Services/UnifiedPositionManagementService.cs(2464,25): error CA1848: For improved performance, use the LoggerMessage delegates instead of calling 'LoggerExtensions.LogInformation(ILogger, string?, params object?[])' (https://learn.microsoft.com/dotnet/fundamentals/code-analysis/quality-rules/ca1848) [/home/runner/work/trading-bot-c-/trading-bot-c-/src/BotCore/BotCore.csproj]
/home/runner/work/trading-bot-c-/trading-bot-c-/src/BotCore/Services/UnifiedPositionManagementService.cs(2469,21): error CA1848: For improved performance, use the LoggerMessage delegates instead of calling 'LoggerExtensions.LogError(ILogger, Exception?, string?, params object?[])' (https://learn.microsoft.com/dotnet/fundamentals/code-analysis/quality-rules/ca1848) [/home/runner/work/trading-bot-c-/trading-bot-c-/src/BotCore/BotCore.csproj]
/home/runner/work/trading-bot-c-/trading-bot-c-/src/BotCore/Services/UnifiedPositionManagementService.cs(2467,17): error CA1031: Modify 'ExplainZoneBreakExitFireAndForget' to catch a more specific allowed exception type, or rethrow the exception (https://learn.microsoft.com/dotnet/fundamentals/code-analysis/quality-rules/ca1031) [/home/runner/work/trading-bot-c-/trading-bot-c-/src/BotCore/BotCore.csproj]
/home/runner/work/trading-bot-c-/trading-bot-c-/src/BotCore/Services/RegimeDetectionService.cs(122,55): error S1172: Remove this unused method parameter 'symbol'. (https://rules.sonarsource.com/csharp/RSPEC-1172) [/home/runner/work/trading-bot-c-/trading-bot-c-/src/BotCore/BotCore.csproj]
/home/runner/work/trading-bot-c-/trading-bot-c-/src/BotCore/Services/RegimeDetectionService.cs(110,17): error CA1848: For improved performance, use the LoggerMessage delegates instead of calling 'LoggerExtensions.LogDebug(ILogger, string?, params object?[])' (https://learn.microsoft.com/dotnet/fundamentals/code-analysis/quality-rules/ca1848) [/home/runner/work/trading-bot-c-/trading-bot-c-/src/BotCore/BotCore.csproj]
/home/runner/work/trading-bot-c-/trading-bot-c-/src/BotCore/Services/RegimeDetectionService.cs(117,17): error CA1848: For improved performance, use the LoggerMessage delegates instead of calling 'LoggerExtensions.LogWarning(ILogger, Exception?, string?, params object?[])' (https://learn.microsoft.com/dotnet/fundamentals/code-analysis/quality-rules/ca1848) [/home/runner/work/trading-bot-c-/trading-bot-c-/src/BotCore/BotCore.csproj]
/home/runner/work/trading-bot-c-/trading-bot-c-/src/BotCore/Services/RegimeDetectionService.cs(115,13): error CA1031: Modify 'AnalyzeCurrentRegime' to catch a more specific allowed exception type, or rethrow the exception (https://learn.microsoft.com/dotnet/fundamentals/code-analysis/quality-rules/ca1031) [/home/runner/work/trading-bot-c-/trading-bot-c-/src/BotCore/BotCore.csproj]
/home/runner/work/trading-bot-c-/trading-bot-c-/src/BotCore/Services/ProductionTopstepXApiClient.cs(32,28): error CA1845: Use span-based 'string.Concat' and 'AsSpan' instead of 'Substring' (https://learn.microsoft.com/dotnet/fundamentals/code-analysis/quality-rules/ca1845) [/home/runner/work/trading-bot-c-/trading-bot-c-/src/BotCore/BotCore.csproj]
/home/runner/work/trading-bot-c-/trading-bot-c-/src/BotCore/Services/RegimeDetectionService.cs(147,50): error S1172: Remove this unused method parameter 'symbol'. (https://rules.sonarsource.com/csharp/RSPEC-1172) [/home/runner/work/trading-bot-c-/trading-bot-c-/src/BotCore/BotCore.csproj]
/home/runner/work/trading-bot-c-/trading-bot-c-/src/BotCore/Services/RegimeDetectionService.cs(172,51): error S1172: Remove this unused method parameter 'symbol'. (https://rules.sonarsource.com/csharp/RSPEC-1172) [/home/runner/work/trading-bot-c-/trading-bot-c-/src/BotCore/BotCore.csproj]
/home/runner/work/trading-bot-c-/trading-bot-c-/src/BotCore/Services/UnifiedPositionManagementService.cs(2508,25): error CA1848: For improved performance, use the LoggerMessage delegates instead of calling 'LoggerExtensions.LogInformation(ILogger, string?, params object?[])' (https://learn.microsoft.com/dotnet/fundamentals/code-analysis/quality-rules/ca1848) [/home/runner/work/trading-bot-c-/trading-bot-c-/src/BotCore/BotCore.csproj]
/home/runner/work/trading-bot-c-/trading-bot-c-/src/BotCore/Services/UnifiedPositionManagementService.cs(2513,21): error CA1848: For improved performance, use the LoggerMessage delegates instead of calling 'LoggerExtensions.LogError(ILogger, Exception?, string?, params object?[])' (https://learn.microsoft.com/dotnet/fundamentals/code-analysis/quality-rules/ca1848) [/home/runner/work/trading-bot-c-/trading-bot-c-/src/BotCore/BotCore.csproj]
/home/runner/work/trading-bot-c-/trading-bot-c-/src/BotCore/Services/UnifiedPositionManagementService.cs(2511,17): error CA1031: Modify 'ExplainTimeBasedExitFireAndForget' to catch a more specific allowed exception type, or rethrow the exception (https://learn.microsoft.com/dotnet/fundamentals/code-analysis/quality-rules/ca1031) [/home/runner/work/trading-bot-c-/trading-bot-c-/src/BotCore/BotCore.csproj]
/home/runner/work/trading-bot-c-/trading-bot-c-/src/BotCore/Services/ProductionPriceService.cs(52,16): error CA1848: For improved performance, use the LoggerMessage delegates instead of calling 'LoggerExtensions.LogDebug(ILogger, string?, params object?[])' (https://learn.microsoft.com/dotnet/fundamentals/code-analysis/quality-rules/ca1848) [/home/runner/work/trading-bot-c-/trading-bot-c-/src/BotCore/BotCore.csproj]
/home/runner/work/trading-bot-c-/trading-bot-c-/src/BotCore/Services/ProductionPriceService.cs(54,16): error CA1848: For improved performance, use the LoggerMessage delegates instead of calling 'LoggerExtensions.LogDebug(ILogger, string?, params object?[])' (https://learn.microsoft.com/dotnet/fundamentals/code-analysis/quality-rules/ca1848) [/home/runner/work/trading-bot-c-/trading-bot-c-/src/BotCore/BotCore.csproj]
/home/runner/work/trading-bot-c-/trading-bot-c-/src/BotCore/Services/ProductionPriceService.cs(59,20): error CA1848: For improved performance, use the LoggerMessage delegates instead of calling 'LoggerExtensions.LogCritical(ILogger, string?, params object?[])' (https://learn.microsoft.com/dotnet/fundamentals/code-analysis/quality-rules/ca1848) [/home/runner/work/trading-bot-c-/trading-bot-c-/src/BotCore/BotCore.csproj]
/home/runner/work/trading-bot-c-/trading-bot-c-/src/BotCore/Services/ProductionPriceService.cs(65,20): error CA1848: For improved performance, use the LoggerMessage delegates instead of calling 'LoggerExtensions.LogWarning(ILogger, string?, params object?[])' (https://learn.microsoft.com/dotnet/fundamentals/code-analysis/quality-rules/ca1848) [/home/runner/work/trading-bot-c-/trading-bot-c-/src/BotCore/BotCore.csproj]
/home/runner/work/trading-bot-c-/trading-bot-c-/src/BotCore/Services/ProductionPriceService.cs(69,16): error CA1848: For improved performance, use the LoggerMessage delegates instead of calling 'LoggerExtensions.LogInformation(ILogger, string?, params object?[])' (https://learn.microsoft.com/dotnet/fundamentals/code-analysis/quality-rules/ca1848) [/home/runner/work/trading-bot-c-/trading-bot-c-/src/BotCore/BotCore.csproj]
/home/runner/work/trading-bot-c-/trading-bot-c-/src/BotCore/Services/ProductionTopstepXApiClient.cs(204,60): error SCS0005: Weak random number generator. (https://security-code-scan.github.io/#SCS0005) [/home/runner/work/trading-bot-c-/trading-bot-c-/src/BotCore/BotCore.csproj]
/home/runner/work/trading-bot-c-/trading-bot-c-/src/BotCore/Services/ProductionResilienceService.cs(49,17): error CA1848: For improved performance, use the LoggerMessage delegates instead of calling 'LoggerExtensions.LogWarning(ILogger, string?, params object?[])' (https://learn.microsoft.com/dotnet/fundamentals/code-analysis/quality-rules/ca1848) [/home/runner/work/trading-bot-c-/trading-bot-c-/src/BotCore/BotCore.csproj]
/home/runner/work/trading-bot-c-/trading-bot-c-/src/BotCore/Services/ProductionResilienceService.cs(56,17): error CA1848: For improved performance, use the LoggerMessage delegates instead of calling 'LoggerExtensions.LogInformation(ILogger, string?, params object?[])' (https://learn.microsoft.com/dotnet/fundamentals/code-analysis/quality-rules/ca1848) [/home/runner/work/trading-bot-c-/trading-bot-c-/src/BotCore/BotCore.csproj]
/home/runner/work/trading-bot-c-/trading-bot-c-/src/BotCore/Services/ProductionResilienceService.cs(75,21): error CA1848: For improved performance, use the LoggerMessage delegates instead of calling 'LoggerExtensions.LogInformation(ILogger, string?, params object?[])' (https://learn.microsoft.com/dotnet/fundamentals/code-analysis/quality-rules/ca1848) [/home/runner/work/trading-bot-c-/trading-bot-c-/src/BotCore/BotCore.csproj]
/home/runner/work/trading-bot-c-/trading-bot-c-/src/BotCore/Services/ProductionResilienceService.cs(80,21): error CA1848: For improved performance, use the LoggerMessage delegates instead of calling 'LoggerExtensions.LogInformation(ILogger, string?, params object?[])' (https://learn.microsoft.com/dotnet/fundamentals/code-analysis/quality-rules/ca1848) [/home/runner/work/trading-bot-c-/trading-bot-c-/src/BotCore/BotCore.csproj]
/home/runner/work/trading-bot-c-/trading-bot-c-/src/BotCore/Services/ProductionResilienceService.cs(90,17): error CA1848: For improved performance, use the LoggerMessage delegates instead of calling 'LoggerExtensions.LogWarning(ILogger, Exception?, string?, params object?[])' (https://learn.microsoft.com/dotnet/fundamentals/code-analysis/quality-rules/ca1848) [/home/runner/work/trading-bot-c-/trading-bot-c-/src/BotCore/BotCore.csproj]
/home/runner/work/trading-bot-c-/trading-bot-c-/src/BotCore/Services/ProductionResilienceService.cs(98,21): error CA1848: For improved performance, use the LoggerMessage delegates instead of calling 'LoggerExtensions.LogError(ILogger, string?, params object?[])' (https://learn.microsoft.com/dotnet/fundamentals/code-analysis/quality-rules/ca1848) [/home/runner/work/trading-bot-c-/trading-bot-c-/src/BotCore/BotCore.csproj]
/home/runner/work/trading-bot-c-/trading-bot-c-/src/BotCore/Services/ProductionResilienceService.cs(102,21): error CA1848: For improved performance, use the LoggerMessage delegates instead of calling 'LoggerExtensions.LogError(ILogger, string?, params object?[])' (https://learn.microsoft.com/dotnet/fundamentals/code-analysis/quality-rules/ca1848) [/home/runner/work/trading-bot-c-/trading-bot-c-/src/BotCore/BotCore.csproj]
/home/runner/work/trading-bot-c-/trading-bot-c-/src/BotCore/Services/ProductionResilienceService.cs(109,21): error CA1848: For improved performance, use the LoggerMessage delegates instead of calling 'LoggerExtensions.LogDebug(ILogger, string?, params object?[])' (https://learn.microsoft.com/dotnet/fundamentals/code-analysis/quality-rules/ca1848) [/home/runner/work/trading-bot-c-/trading-bot-c-/src/BotCore/BotCore.csproj]
/home/runner/work/trading-bot-c-/trading-bot-c-/src/BotCore/Services/ProductionResilienceService.cs(121,9): error CA1848: For improved performance, use the LoggerMessage delegates instead of calling 'LoggerExtensions.LogError(ILogger, Exception?, string?, params object?[])' (https://learn.microsoft.com/dotnet/fundamentals/code-analysis/quality-rules/ca1848) [/home/runner/work/trading-bot-c-/trading-bot-c-/src/BotCore/BotCore.csproj]
/home/runner/work/trading-bot-c-/trading-bot-c-/src/BotCore/Services/ProductionPriceService.cs(138,24): error CA1848: For improved performance, use the LoggerMessage delegates instead of calling 'LoggerExtensions.LogInformation(ILogger, string?, params object?[])' (https://learn.microsoft.com/dotnet/fundamentals/code-analysis/quality-rules/ca1848) [/home/runner/work/trading-bot-c-/trading-bot-c-/src/BotCore/BotCore.csproj]
/home/runner/work/trading-bot-c-/trading-bot-c-/src/BotCore/Services/ProductionPriceService.cs(143,24): error CA1848: For improved performance, use the LoggerMessage delegates instead of calling 'LoggerExtensions.LogCritical(ILogger, string?, params object?[])' (https://learn.microsoft.com/dotnet/fundamentals/code-analysis/quality-rules/ca1848) [/home/runner/work/trading-bot-c-/trading-bot-c-/src/BotCore/BotCore.csproj]
/home/runner/work/trading-bot-c-/trading-bot-c-/src/BotCore/Services/ProductionPriceService.cs(151,20): error CA1848: For improved performance, use the LoggerMessage delegates instead of calling 'LoggerExtensions.LogError(ILogger, Exception?, string?, params object?[])' (https://learn.microsoft.com/dotnet/fundamentals/code-analysis/quality-rules/ca1848) [/home/runner/work/trading-bot-c-/trading-bot-c-/src/BotCore/BotCore.csproj]
/home/runner/work/trading-bot-c-/trading-bot-c-/src/BotCore/Services/ProductionPriceService.cs(149,9): error CA1031: Modify 'ValidateAndRoundTradeSetup' to catch a more specific allowed exception type, or rethrow the exception (https://learn.microsoft.com/dotnet/fundamentals/code-analysis/quality-rules/ca1031) [/home/runner/work/trading-bot-c-/trading-bot-c-/src/BotCore/BotCore.csproj]
/home/runner/work/trading-bot-c-/trading-bot-c-/src/BotCore/Services/ProductionTopstepXApiClient.cs(160,21): error CA1848: For improved performance, use the LoggerMessage delegates instead of calling 'LoggerExtensions.LogDebug(ILogger, string?, params object?[])' (https://learn.microsoft.com/dotnet/fundamentals/code-analysis/quality-rules/ca1848) [/home/runner/work/trading-bot-c-/trading-bot-c-/src/BotCore/BotCore.csproj]
/home/runner/work/trading-bot-c-/trading-bot-c-/src/BotCore/Services/ProductionTopstepXApiClient.cs(170,25): error CA1848: For improved performance, use the LoggerMessage delegates instead of calling 'LoggerExtensions.LogDebug(ILogger, string?, params object?[])' (https://learn.microsoft.com/dotnet/fundamentals/code-analysis/quality-rules/ca1848) [/home/runner/work/trading-bot-c-/trading-bot-c-/src/BotCore/BotCore.csproj]
/home/runner/work/trading-bot-c-/trading-bot-c-/src/BotCore/Services/ProductionTopstepXApiClient.cs(180,21): error CA1848: For improved performance, use the LoggerMessage delegates instead of calling 'LoggerExtensions.LogWarning(ILogger, Exception?, string?, params object?[])' (https://learn.microsoft.com/dotnet/fundamentals/code-analysis/quality-rules/ca1848) [/home/runner/work/trading-bot-c-/trading-bot-c-/src/BotCore/BotCore.csproj]
/home/runner/work/trading-bot-c-/trading-bot-c-/src/BotCore/Services/ProductionTopstepXApiClient.cs(185,21): error CA1848: For improved performance, use the LoggerMessage delegates instead of calling 'LoggerExtensions.LogError(ILogger, Exception?, string?, params object?[])' (https://learn.microsoft.com/dotnet/fundamentals/code-analysis/quality-rules/ca1848) [/home/runner/work/trading-bot-c-/trading-bot-c-/src/BotCore/BotCore.csproj]
/home/runner/work/trading-bot-c-/trading-bot-c-/src/BotCore/Services/ProductionTopstepXApiClient.cs(193,21): error CA1848: For improved performance, use the LoggerMessage delegates instead of calling 'LoggerExtensions.LogError(ILogger, Exception?, string?, params object?[])' (https://learn.microsoft.com/dotnet/fundamentals/code-analysis/quality-rules/ca1848) [/home/runner/work/trading-bot-c-/trading-bot-c-/src/BotCore/BotCore.csproj]
/home/runner/work/trading-bot-c-/trading-bot-c-/src/BotCore/Services/ProductionTopstepXApiClient.cs(207,21): error CA1848: For improved performance, use the LoggerMessage delegates instead of calling 'LoggerExtensions.LogInformation(ILogger, string?, params object?[])' (https://learn.microsoft.com/dotnet/fundamentals/code-analysis/quality-rules/ca1848) [/home/runner/work/trading-bot-c-/trading-bot-c-/src/BotCore/BotCore.csproj]
/home/runner/work/trading-bot-c-/trading-bot-c-/src/BotCore/Services/ProductionTopstepXApiClient.cs(204,60): error CA5394: Random is an insecure random number generator. Use cryptographically secure random number generators when randomness is required for security. (https://learn.microsoft.com/dotnet/fundamentals/code-analysis/quality-rules/ca5394) [/home/runner/work/trading-bot-c-/trading-bot-c-/src/BotCore/BotCore.csproj]
/home/runner/work/trading-bot-c-/trading-bot-c-/src/BotCore/Services/ProductionResilienceService.cs(163,17): error CA1848: For improved performance, use the LoggerMessage delegates instead of calling 'LoggerExtensions.LogWarning(ILogger, Exception?, string?, params object?[])' (https://learn.microsoft.com/dotnet/fundamentals/code-analysis/quality-rules/ca1848) [/home/runner/work/trading-bot-c-/trading-bot-c-/src/BotCore/BotCore.csproj]
/home/runner/work/trading-bot-c-/trading-bot-c-/src/BotCore/Services/ProductionResilienceService.cs(170,17): error CA1848: For improved performance, use the LoggerMessage delegates instead of calling 'LoggerExtensions.LogInformation(ILogger, string?, params object?[])' (https://learn.microsoft.com/dotnet/fundamentals/code-analysis/quality-rules/ca1848) [/home/runner/work/trading-bot-c-/trading-bot-c-/src/BotCore/BotCore.csproj]
/home/runner/work/trading-bot-c-/trading-bot-c-/src/BotCore/Services/ProductionResilienceService.cs(175,17): error CA1848: For improved performance, use the LoggerMessage delegates instead of calling 'LoggerExtensions.LogError(ILogger, Exception?, string?, params object?[])' (https://learn.microsoft.com/dotnet/fundamentals/code-analysis/quality-rules/ca1848) [/home/runner/work/trading-bot-c-/trading-bot-c-/src/BotCore/BotCore.csproj]
/home/runner/work/trading-bot-c-/trading-bot-c-/src/BotCore/Services/ProductionResilienceService.cs(159,9): error CA1031: Modify 'ExecuteWithFallback' to catch a more specific allowed exception type, or rethrow the exception (https://learn.microsoft.com/dotnet/fundamentals/code-analysis/quality-rules/ca1031) [/home/runner/work/trading-bot-c-/trading-bot-c-/src/BotCore/BotCore.csproj]
/home/runner/work/trading-bot-c-/trading-bot-c-/src/BotCore/Services/ProductionTopstepXApiClient.cs(188,25): error CA1508: 'attempt == maxRetries' is always 'false'. Remove or refactor the condition(s) to avoid dead code. (https://learn.microsoft.com/dotnet/fundamentals/code-analysis/quality-rules/ca1508) [/home/runner/work/trading-bot-c-/trading-bot-c-/src/BotCore/BotCore.csproj]
/home/runner/work/trading-bot-c-/trading-bot-c-/src/BotCore/Services/ProductionTopstepXApiClient.cs(196,25): error CA1508: 'attempt == maxRetries' is always 'false'. Remove or refactor the condition(s) to avoid dead code. (https://learn.microsoft.com/dotnet/fundamentals/code-analysis/quality-rules/ca1508) [/home/runner/work/trading-bot-c-/trading-bot-c-/src/BotCore/BotCore.csproj]
/home/runner/work/trading-bot-c-/trading-bot-c-/src/BotCore/Services/ProductionOrderEvidenceService.cs(113,9): error CA1848: For improved performance, use the LoggerMessage delegates instead of calling 'LoggerExtensions.LogInformation(ILogger, string?, params object?[])' (https://learn.microsoft.com/dotnet/fundamentals/code-analysis/quality-rules/ca1848) [/home/runner/work/trading-bot-c-/trading-bot-c-/src/BotCore/BotCore.csproj]
/home/runner/work/trading-bot-c-/trading-bot-c-/src/BotCore/Services/ProductionOrderEvidenceService.cs(28,44): error S1541: The Cyclomatic Complexity of this method is 13 which is greater than 10 authorized. (https://rules.sonarsource.com/csharp/RSPEC-1541) [/home/runner/work/trading-bot-c-/trading-bot-c-/src/BotCore/BotCore.csproj]
/home/runner/work/trading-bot-c-/trading-bot-c-/src/BotCore/Services/ProductionOrderEvidenceService.cs(61,50): error S2583: Remove this unnecessary check for null. Some code paths are unreachable. (https://rules.sonarsource.com/csharp/RSPEC-2583) [/home/runner/work/trading-bot-c-/trading-bot-c-/src/BotCore/BotCore.csproj]
/home/runner/work/trading-bot-c-/trading-bot-c-/src/BotCore/Services/ProductionOrderEvidenceService.cs(61,76): error S2583: Remove this unnecessary check for null. Some code paths are unreachable. (https://rules.sonarsource.com/csharp/RSPEC-2583) [/home/runner/work/trading-bot-c-/trading-bot-c-/src/BotCore/BotCore.csproj]
/home/runner/work/trading-bot-c-/trading-bot-c-/src/BotCore/Services/ProductionOrderEvidenceService.cs(83,40): error S2583: Remove this unnecessary check for null. Some code paths are unreachable. (https://rules.sonarsource.com/csharp/RSPEC-2583) [/home/runner/work/trading-bot-c-/trading-bot-c-/src/BotCore/BotCore.csproj]
/home/runner/work/trading-bot-c-/trading-bot-c-/src/BotCore/Services/ProductionOrderEvidenceService.cs(84,39): error S2583: Remove this unnecessary check for null. Some code paths are unreachable. (https://rules.sonarsource.com/csharp/RSPEC-2583) [/home/runner/work/trading-bot-c-/trading-bot-c-/src/BotCore/BotCore.csproj]
/home/runner/work/trading-bot-c-/trading-bot-c-/src/BotCore/Services/ProductionOrderEvidenceService.cs(34,9): error CA1848: For improved performance, use the LoggerMessage delegates instead of calling 'LoggerExtensions.LogInformation(ILogger, string?, params object?[])' (https://learn.microsoft.com/dotnet/fundamentals/code-analysis/quality-rules/ca1848) [/home/runner/work/trading-bot-c-/trading-bot-c-/src/BotCore/BotCore.csproj]
/home/runner/work/trading-bot-c-/trading-bot-c-/src/BotCore/Services/ProductionOrderEvidenceService.cs(49,13): error CA1848: For improved performance, use the LoggerMessage delegates instead of calling 'LoggerExtensions.LogInformation(ILogger, string?, params object?[])' (https://learn.microsoft.com/dotnet/fundamentals/code-analysis/quality-rules/ca1848) [/home/runner/work/trading-bot-c-/trading-bot-c-/src/BotCore/BotCore.csproj]
/home/runner/work/trading-bot-c-/trading-bot-c-/src/BotCore/Services/ProductionOrderEvidenceService.cs(54,13): error CA1848: For improved performance, use the LoggerMessage delegates instead of calling 'LoggerExtensions.LogWarning(ILogger, string?, params object?[])' (https://learn.microsoft.com/dotnet/fundamentals/code-analysis/quality-rules/ca1848) [/home/runner/work/trading-bot-c-/trading-bot-c-/src/BotCore/BotCore.csproj]
/home/runner/work/trading-bot-c-/trading-bot-c-/src/BotCore/Services/ProductionOrderEvidenceService.cs(66,13): error CA1848: For improved performance, use the LoggerMessage delegates instead of calling 'LoggerExtensions.LogWarning(ILogger, string?, params object?[])' (https://learn.microsoft.com/dotnet/fundamentals/code-analysis/quality-rules/ca1848) [/home/runner/work/trading-bot-c-/trading-bot-c-/src/BotCore/BotCore.csproj]
/home/runner/work/trading-bot-c-/trading-bot-c-/src/BotCore/Services/ProductionOrderEvidenceService.cs(74,9): error CA1848: For improved performance, use the LoggerMessage delegates instead of calling 'LoggerExtensions.LogInformation(ILogger, string?, params object?[])' (https://learn.microsoft.com/dotnet/fundamentals/code-analysis/quality-rules/ca1848) [/home/runner/work/trading-bot-c-/trading-bot-c-/src/BotCore/BotCore.csproj]
/home/runner/work/trading-bot-c-/trading-bot-c-/src/BotCore/Services/ProductionOrderEvidenceService.cs(91,13): error CA1848: For improved performance, use the LoggerMessage delegates instead of calling 'LoggerExtensions.LogInformation(ILogger, string?, params object?[])' (https://learn.microsoft.com/dotnet/fundamentals/code-analysis/quality-rules/ca1848) [/home/runner/work/trading-bot-c-/trading-bot-c-/src/BotCore/BotCore.csproj]
/home/runner/work/trading-bot-c-/trading-bot-c-/src/BotCore/Services/ProductionOrderEvidenceService.cs(96,13): error CA1848: For improved performance, use the LoggerMessage delegates instead of calling 'LoggerExtensions.LogCritical(ILogger, string?, params object?[])' (https://learn.microsoft.com/dotnet/fundamentals/code-analysis/quality-rules/ca1848) [/home/runner/work/trading-bot-c-/trading-bot-c-/src/BotCore/BotCore.csproj]
/home/runner/work/trading-bot-c-/trading-bot-c-/src/BotCore/Services/ProductionOrderEvidenceService.cs(98,13): error CA1848: For improved performance, use the LoggerMessage delegates instead of calling 'LoggerExtensions.LogCritical(ILogger, string?, params object?[])' (https://learn.microsoft.com/dotnet/fundamentals/code-analysis/quality-rules/ca1848) [/home/runner/work/trading-bot-c-/trading-bot-c-/src/BotCore/BotCore.csproj]
/home/runner/work/trading-bot-c-/trading-bot-c-/src/BotCore/Services/ProductionOrderEvidenceService.cs(124,9): error CA1848: For improved performance, use the LoggerMessage delegates instead of calling 'LoggerExtensions.LogInformation(ILogger, string?, params object?[])' (https://learn.microsoft.com/dotnet/fundamentals/code-analysis/quality-rules/ca1848) [/home/runner/work/trading-bot-c-/trading-bot-c-/src/BotCore/BotCore.csproj]
/home/runner/work/trading-bot-c-/trading-bot-c-/src/BotCore/Services/ProductionOrderEvidenceService.cs(135,9): error CA1848: For improved performance, use the LoggerMessage delegates instead of calling 'LoggerExtensions.LogInformation(ILogger, string?, params object?[])' (https://learn.microsoft.com/dotnet/fundamentals/code-analysis/quality-rules/ca1848) [/home/runner/work/trading-bot-c-/trading-bot-c-/src/BotCore/BotCore.csproj]
/home/runner/work/trading-bot-c-/trading-bot-c-/src/BotCore/Services/ProductionResilienceService.cs(228,99): error SCS0005: Weak random number generator. (https://security-code-scan.github.io/#SCS0005) [/home/runner/work/trading-bot-c-/trading-bot-c-/src/BotCore/BotCore.csproj]
/home/runner/work/trading-bot-c-/trading-bot-c-/src/BotCore/Services/ProductionResilienceService.cs(228,99): error CA5394: Random is an insecure random number generator. Use cryptographically secure random number generators when randomness is required for security. (https://learn.microsoft.com/dotnet/fundamentals/code-analysis/quality-rules/ca5394) [/home/runner/work/trading-bot-c-/trading-bot-c-/src/BotCore/BotCore.csproj]
/home/runner/work/trading-bot-c-/trading-bot-c-/src/BotCore/Services/ProductionGuardrailOrchestrator.cs(44,9): error CA1848: For improved performance, use the LoggerMessage delegates instead of calling 'LoggerExtensions.LogInformation(ILogger, string?, params object?[])' (https://learn.microsoft.com/dotnet/fundamentals/code-analysis/quality-rules/ca1848) [/home/runner/work/trading-bot-c-/trading-bot-c-/src/BotCore/BotCore.csproj]
/home/runner/work/trading-bot-c-/trading-bot-c-/src/BotCore/Services/ProductionGuardrailOrchestrator.cs(52,9): error CA1848: For improved performance, use the LoggerMessage delegates instead of calling 'LoggerExtensions.LogInformation(ILogger, string?, params object?[])' (https://learn.microsoft.com/dotnet/fundamentals/code-analysis/quality-rules/ca1848) [/home/runner/work/trading-bot-c-/trading-bot-c-/src/BotCore/BotCore.csproj]
/home/runner/work/trading-bot-c-/trading-bot-c-/src/BotCore/Services/ProductionTopstepXApiClient.cs(232,21): error CA1848: For improved performance, use the LoggerMessage delegates instead of calling 'LoggerExtensions.LogDebug(ILogger, string?, params object?[])' (https://learn.microsoft.com/dotnet/fundamentals/code-analysis/quality-rules/ca1848) [/home/runner/work/trading-bot-c-/trading-bot-c-/src/BotCore/BotCore.csproj]
/home/runner/work/trading-bot-c-/trading-bot-c-/src/BotCore/Services/ProductionTopstepXApiClient.cs(242,25): error CA1848: For improved performance, use the LoggerMessage delegates instead of calling 'LoggerExtensions.LogInformation(ILogger, string?, params object?[])' (https://learn.microsoft.com/dotnet/fundamentals/code-analysis/quality-rules/ca1848) [/home/runner/work/trading-bot-c-/trading-bot-c-/src/BotCore/BotCore.csproj]
/home/runner/work/trading-bot-c-/trading-bot-c-/src/BotCore/Services/ProductionTopstepXApiClient.cs(251,21): error CA1848: For improved performance, use the LoggerMessage delegates instead of calling 'LoggerExtensions.LogWarning(ILogger, Exception?, string?, params object?[])' (https://learn.microsoft.com/dotnet/fundamentals/code-analysis/quality-rules/ca1848) [/home/runner/work/trading-bot-c-/trading-bot-c-/src/BotCore/BotCore.csproj]
/home/runner/work/trading-bot-c-/trading-bot-c-/src/BotCore/Services/ProductionTopstepXApiClient.cs(256,21): error CA1848: For improved performance, use the LoggerMessage delegates instead of calling 'LoggerExtensions.LogError(ILogger, Exception?, string?, params object?[])' (https://learn.microsoft.com/dotnet/fundamentals/code-analysis/quality-rules/ca1848) [/home/runner/work/trading-bot-c-/trading-bot-c-/src/BotCore/BotCore.csproj]
/home/runner/work/trading-bot-c-/trading-bot-c-/src/BotCore/Services/ProductionTopstepXApiClient.cs(264,21): error CA1848: For improved performance, use the LoggerMessage delegates instead of calling 'LoggerExtensions.LogError(ILogger, Exception?, string?, params object?[])' (https://learn.microsoft.com/dotnet/fundamentals/code-analysis/quality-rules/ca1848) [/home/runner/work/trading-bot-c-/trading-bot-c-/src/BotCore/BotCore.csproj]
/home/runner/work/trading-bot-c-/trading-bot-c-/src/BotCore/Services/ProductionTopstepXApiClient.cs(272,21): error CA1848: For improved performance, use the LoggerMessage delegates instead of calling 'LoggerExtensions.LogError(ILogger, Exception?, string?, params object?[])' (https://learn.microsoft.com/dotnet/fundamentals/code-analysis/quality-rules/ca1848) [/home/runner/work/trading-bot-c-/trading-bot-c-/src/BotCore/BotCore.csproj]
/home/runner/work/trading-bot-c-/trading-bot-c-/src/BotCore/Services/ProductionKillSwitchService.cs(33,51): error CA1033: Make 'ProductionKillSwitchService' sealed (a breaking change if this class has previously shipped), implement the method non-explicitly, or implement a new method that exposes the functionality of 'TradingBot.Abstractions.IKillSwitchWatcher.get_IsKillSwitchActive' and is visible to derived classes (https://learn.microsoft.com/dotnet/fundamentals/code-analysis/quality-rules/ca1033) [/home/runner/work/trading-bot-c-/trading-bot-c-/src/BotCore/BotCore.csproj]
/home/runner/work/trading-bot-c-/trading-bot-c-/src/BotCore/Services/ProductionFeatureBus.cs(63,17): error CA1848: For improved performance, use the LoggerMessage delegates instead of calling 'LoggerExtensions.LogDebug(ILogger, string?, params object?[])' (https://learn.microsoft.com/dotnet/fundamentals/code-analysis/quality-rules/ca1848) [/home/runner/work/trading-bot-c-/trading-bot-c-/src/BotCore/BotCore.csproj]
/home/runner/work/trading-bot-c-/trading-bot-c-/src/BotCore/Services/ProductionFeatureBus.cs(68,17): error CA1848: For improved performance, use the LoggerMessage delegates instead of calling 'LoggerExtensions.LogError(ILogger, Exception?, string?, params object?[])' (https://learn.microsoft.com/dotnet/fundamentals/code-analysis/quality-rules/ca1848) [/home/runner/work/trading-bot-c-/trading-bot-c-/src/BotCore/BotCore.csproj]
/home/runner/work/trading-bot-c-/trading-bot-c-/src/BotCore/Services/ProductionTopstepXApiClient.cs(259,25): error CA1508: 'attempt == maxRetries' is always 'false'. Remove or refactor the condition(s) to avoid dead code. (https://learn.microsoft.com/dotnet/fundamentals/code-analysis/quality-rules/ca1508) [/home/runner/work/trading-bot-c-/trading-bot-c-/src/BotCore/BotCore.csproj]
/home/runner/work/trading-bot-c-/trading-bot-c-/src/BotCore/Services/ProductionTopstepXApiClient.cs(275,25): error CA1508: 'attempt == maxRetries' is always 'false'. Remove or refactor the condition(s) to avoid dead code. (https://learn.microsoft.com/dotnet/fundamentals/code-analysis/quality-rules/ca1508) [/home/runner/work/trading-bot-c-/trading-bot-c-/src/BotCore/BotCore.csproj]
/home/runner/work/trading-bot-c-/trading-bot-c-/src/BotCore/Services/ProductionFeatureBus.cs(66,13): error CA1031: Modify 'PublishInternal' to catch a more specific allowed exception type, or rethrow the exception (https://learn.microsoft.com/dotnet/fundamentals/code-analysis/quality-rules/ca1031) [/home/runner/work/trading-bot-c-/trading-bot-c-/src/BotCore/BotCore.csproj]
/home/runner/work/trading-bot-c-/trading-bot-c-/src/BotCore/Services/ProductionGuardrailOrchestrator.cs(58,9): error CA1848: For improved performance, use the LoggerMessage delegates instead of calling 'LoggerExtensions.LogInformation(ILogger, string?, params object?[])' (https://learn.microsoft.com/dotnet/fundamentals/code-analysis/quality-rules/ca1848) [/home/runner/work/trading-bot-c-/trading-bot-c-/src/BotCore/BotCore.csproj]
/home/runner/work/trading-bot-c-/trading-bot-c-/src/BotCore/Services/ProductionGuardrailOrchestrator.cs(69,13): error CA1848: For improved performance, use the LoggerMessage delegates instead of calling 'LoggerExtensions.LogCritical(ILogger, string?, params object?[])' (https://learn.microsoft.com/dotnet/fundamentals/code-analysis/quality-rules/ca1848) [/home/runner/work/trading-bot-c-/trading-bot-c-/src/BotCore/BotCore.csproj]
/home/runner/work/trading-bot-c-/trading-bot-c-/src/BotCore/Services/ProductionGuardrailOrchestrator.cs(74,13): error CA1848: For improved performance, use the LoggerMessage delegates instead of calling 'LoggerExtensions.LogInformation(ILogger, string?, params object?[])' (https://learn.microsoft.com/dotnet/fundamentals/code-analysis/quality-rules/ca1848) [/home/runner/work/trading-bot-c-/trading-bot-c-/src/BotCore/BotCore.csproj]
/home/runner/work/trading-bot-c-/trading-bot-c-/src/BotCore/Services/ProductionGuardrailOrchestrator.cs(78,13): error CA1848: For improved performance, use the LoggerMessage delegates instead of calling 'LoggerExtensions.LogWarning(ILogger, string?, params object?[])' (https://learn.microsoft.com/dotnet/fundamentals/code-analysis/quality-rules/ca1848) [/home/runner/work/trading-bot-c-/trading-bot-c-/src/BotCore/BotCore.csproj]
/home/runner/work/trading-bot-c-/trading-bot-c-/src/BotCore/Services/UnifiedPositionManagementService.cs(2556,25): error CA1848: For improved performance, use the LoggerMessage delegates instead of calling 'LoggerExtensions.LogInformation(ILogger, string?, params object?[])' (https://learn.microsoft.com/dotnet/fundamentals/code-analysis/quality-rules/ca1848) [/home/runner/work/trading-bot-c-/trading-bot-c-/src/BotCore/BotCore.csproj]
/home/runner/work/trading-bot-c-/trading-bot-c-/src/BotCore/Services/UnifiedPositionManagementService.cs(2561,21): error CA1848: For improved performance, use the LoggerMessage delegates instead of calling 'LoggerExtensions.LogError(ILogger, Exception?, string?, params object?[])' (https://learn.microsoft.com/dotnet/fundamentals/code-analysis/quality-rules/ca1848) [/home/runner/work/trading-bot-c-/trading-bot-c-/src/BotCore/BotCore.csproj]
/home/runner/work/trading-bot-c-/trading-bot-c-/src/BotCore/Services/UnifiedPositionManagementService.cs(2559,17): error CA1031: Modify 'ExplainRegimeFlipExitFireAndForget' to catch a more specific allowed exception type, or rethrow the exception (https://learn.microsoft.com/dotnet/fundamentals/code-analysis/quality-rules/ca1031) [/home/runner/work/trading-bot-c-/trading-bot-c-/src/BotCore/BotCore.csproj]
/home/runner/work/trading-bot-c-/trading-bot-c-/src/BotCore/Services/ProductionKillSwitchService.cs(70,9): error CA1848: For improved performance, use the LoggerMessage delegates instead of calling 'LoggerExtensions.LogInformation(ILogger, string?, params object?[])' (https://learn.microsoft.com/dotnet/fundamentals/code-analysis/quality-rules/ca1848) [/home/runner/work/trading-bot-c-/trading-bot-c-/src/BotCore/BotCore.csproj]
/home/runner/work/trading-bot-c-/trading-bot-c-/src/BotCore/Services/ProductionGuardrailOrchestrator.cs(87,9): error CA1848: For improved performance, use the LoggerMessage delegates instead of calling 'LoggerExtensions.LogInformation(ILogger, string?, params object?[])' (https://learn.microsoft.com/dotnet/fundamentals/code-analysis/quality-rules/ca1848) [/home/runner/work/trading-bot-c-/trading-bot-c-/src/BotCore/BotCore.csproj]
/home/runner/work/trading-bot-c-/trading-bot-c-/src/BotCore/Services/ProductionGuardrailOrchestrator.cs(88,9): error CA1848: For improved performance, use the LoggerMessage delegates instead of calling 'LoggerExtensions.LogInformation(ILogger, string?, params object?[])' (https://learn.microsoft.com/dotnet/fundamentals/code-analysis/quality-rules/ca1848) [/home/runner/work/trading-bot-c-/trading-bot-c-/src/BotCore/BotCore.csproj]
/home/runner/work/trading-bot-c-/trading-bot-c-/src/BotCore/Services/ProductionGuardrailOrchestrator.cs(89,9): error CA1848: For improved performance, use the LoggerMessage delegates instead of calling 'LoggerExtensions.LogInformation(ILogger, string?, params object?[])' (https://learn.microsoft.com/dotnet/fundamentals/code-analysis/quality-rules/ca1848) [/home/runner/work/trading-bot-c-/trading-bot-c-/src/BotCore/BotCore.csproj]
/home/runner/work/trading-bot-c-/trading-bot-c-/src/BotCore/Services/ProductionGuardrailOrchestrator.cs(90,9): error CA1848: For improved performance, use the LoggerMessage delegates instead of calling 'LoggerExtensions.LogInformation(ILogger, string?, params object?[])' (https://learn.microsoft.com/dotnet/fundamentals/code-analysis/quality-rules/ca1848) [/home/runner/work/trading-bot-c-/trading-bot-c-/src/BotCore/BotCore.csproj]
/home/runner/work/trading-bot-c-/trading-bot-c-/src/BotCore/Services/ProductionGuardrailOrchestrator.cs(91,9): error CA1848: For improved performance, use the LoggerMessage delegates instead of calling 'LoggerExtensions.LogInformation(ILogger, string?, params object?[])' (https://learn.microsoft.com/dotnet/fundamentals/code-analysis/quality-rules/ca1848) [/home/runner/work/trading-bot-c-/trading-bot-c-/src/BotCore/BotCore.csproj]
/home/runner/work/trading-bot-c-/trading-bot-c-/src/BotCore/Services/ProductionGuardrailOrchestrator.cs(92,9): error CA1848: For improved performance, use the LoggerMessage delegates instead of calling 'LoggerExtensions.LogInformation(ILogger, string?, params object?[])' (https://learn.microsoft.com/dotnet/fundamentals/code-analysis/quality-rules/ca1848) [/home/runner/work/trading-bot-c-/trading-bot-c-/src/BotCore/BotCore.csproj]
/home/runner/work/trading-bot-c-/trading-bot-c-/src/BotCore/Services/PositionManagementOptimizer.cs(107,13): error CA1848: For improved performance, use the LoggerMessage delegates instead of calling 'LoggerExtensions.LogInformation(ILogger, string?, params object?[])' (https://learn.microsoft.com/dotnet/fundamentals/code-analysis/quality-rules/ca1848) [/home/runner/work/trading-bot-c-/trading-bot-c-/src/BotCore/BotCore.csproj]
/home/runner/work/trading-bot-c-/trading-bot-c-/src/BotCore/Services/PositionManagementOptimizer.cs(125,21): error CA1848: For improved performance, use the LoggerMessage delegates instead of calling 'LoggerExtensions.LogError(ILogger, Exception?, string?, params object?[])' (https://learn.microsoft.com/dotnet/fundamentals/code-analysis/quality-rules/ca1848) [/home/runner/work/trading-bot-c-/trading-bot-c-/src/BotCore/BotCore.csproj]
/home/runner/work/trading-bot-c-/trading-bot-c-/src/BotCore/Services/PositionManagementOptimizer.cs(131,13): error CA1848: For improved performance, use the LoggerMessage delegates instead of calling 'LoggerExtensions.LogInformation(ILogger, string?, params object?[])' (https://learn.microsoft.com/dotnet/fundamentals/code-analysis/quality-rules/ca1848) [/home/runner/work/trading-bot-c-/trading-bot-c-/src/BotCore/BotCore.csproj]
/home/runner/work/trading-bot-c-/trading-bot-c-/src/BotCore/Services/ProductionKillSwitchService.cs(65,9): error CA1848: For improved performance, use the LoggerMessage delegates instead of calling 'LoggerExtensions.LogInformation(ILogger, string?, params object?[])' (https://learn.microsoft.com/dotnet/fundamentals/code-analysis/quality-rules/ca1848) [/home/runner/work/trading-bot-c-/trading-bot-c-/src/BotCore/BotCore.csproj]
/home/runner/work/trading-bot-c-/trading-bot-c-/src/BotCore/Services/ProductionKillSwitchService.cs(77,9): error CA1848: For improved performance, use the LoggerMessage delegates instead of calling 'LoggerExtensions.LogInformation(ILogger, string?, params object?[])' (https://learn.microsoft.com/dotnet/fundamentals/code-analysis/quality-rules/ca1848) [/home/runner/work/trading-bot-c-/trading-bot-c-/src/BotCore/BotCore.csproj]
/home/runner/work/trading-bot-c-/trading-bot-c-/src/BotCore/Services/PositionManagementOptimizer.cs(123,17): error CA1031: Modify 'ExecuteAsync' to catch a more specific allowed exception type, or rethrow the exception (https://learn.microsoft.com/dotnet/fundamentals/code-analysis/quality-rules/ca1031) [/home/runner/work/trading-bot-c-/trading-bot-c-/src/BotCore/BotCore.csproj]
/home/runner/work/trading-bot-c-/trading-bot-c-/src/BotCore/Services/PortfolioRiskTilts.cs(244,25): error CA1848: For improved performance, use the LoggerMessage delegates instead of calling 'LoggerExtensions.LogWarning(ILogger, string?, params object?[])' (https://learn.microsoft.com/dotnet/fundamentals/code-analysis/quality-rules/ca1848) [/home/runner/work/trading-bot-c-/trading-bot-c-/src/BotCore/BotCore.csproj]
/home/runner/work/trading-bot-c-/trading-bot-c-/src/BotCore/Services/PortfolioRiskTilts.cs(255,17): error CA1848: For improved performance, use the LoggerMessage delegates instead of calling 'LoggerExtensions.LogError(ILogger, Exception?, string?, params object?[])' (https://learn.microsoft.com/dotnet/fundamentals/code-analysis/quality-rules/ca1848) [/home/runner/work/trading-bot-c-/trading-bot-c-/src/BotCore/BotCore.csproj]
/home/runner/work/trading-bot-c-/trading-bot-c-/src/BotCore/Services/PortfolioRiskTilts.cs(253,13): error CA1031: Modify 'CheckCorrelationConstraintAsync' to catch a more specific allowed exception type, or rethrow the exception (https://learn.microsoft.com/dotnet/fundamentals/code-analysis/quality-rules/ca1031) [/home/runner/work/trading-bot-c-/trading-bot-c-/src/BotCore/BotCore.csproj]
/home/runner/work/trading-bot-c-/trading-bot-c-/src/BotCore/Services/ProductionKillSwitchService.cs(39,9): error S3010: Remove this assignment of '_staticConfig' or initialize it statically. (https://rules.sonarsource.com/csharp/RSPEC-3010) [/home/runner/work/trading-bot-c-/trading-bot-c-/src/BotCore/BotCore.csproj]
/home/runner/work/trading-bot-c-/trading-bot-c-/src/BotCore/Services/ProductionTopstepXApiClient.cs(310,25): error CA1848: For improved performance, use the LoggerMessage delegates instead of calling 'LoggerExtensions.LogInformation(ILogger, string?, params object?[])' (https://learn.microsoft.com/dotnet/fundamentals/code-analysis/quality-rules/ca1848) [/home/runner/work/trading-bot-c-/trading-bot-c-/src/BotCore/BotCore.csproj]
/home/runner/work/trading-bot-c-/trading-bot-c-/src/BotCore/Services/ProductionTopstepXApiClient.cs(319,21): error CA1848: For improved performance, use the LoggerMessage delegates instead of calling 'LoggerExtensions.LogWarning(ILogger, Exception?, string?, params object?[])' (https://learn.microsoft.com/dotnet/fundamentals/code-analysis/quality-rules/ca1848) [/home/runner/work/trading-bot-c-/trading-bot-c-/src/BotCore/BotCore.csproj]
/home/runner/work/trading-bot-c-/trading-bot-c-/src/BotCore/Services/ProductionTopstepXApiClient.cs(324,21): error CA1848: For improved performance, use the LoggerMessage delegates instead of calling 'LoggerExtensions.LogWarning(ILogger, Exception?, string?, params object?[])' (https://learn.microsoft.com/dotnet/fundamentals/code-analysis/quality-rules/ca1848) [/home/runner/work/trading-bot-c-/trading-bot-c-/src/BotCore/BotCore.csproj]
/home/runner/work/trading-bot-c-/trading-bot-c-/src/BotCore/Services/ProductionTopstepXApiClient.cs(329,21): error CA1848: For improved performance, use the LoggerMessage delegates instead of calling 'LoggerExtensions.LogWarning(ILogger, Exception?, string?, params object?[])' (https://learn.microsoft.com/dotnet/fundamentals/code-analysis/quality-rules/ca1848) [/home/runner/work/trading-bot-c-/trading-bot-c-/src/BotCore/BotCore.csproj]
/home/runner/work/trading-bot-c-/trading-bot-c-/src/BotCore/Services/ProductionConfigurationService.cs(27,34): error S1541: The Cyclomatic Complexity of this method is 16 which is greater than 10 authorized. (https://rules.sonarsource.com/csharp/RSPEC-1541) [/home/runner/work/trading-bot-c-/trading-bot-c-/src/BotCore/BotCore.csproj]
/home/runner/work/trading-bot-c-/trading-bot-c-/src/BotCore/Services/ProductionConfigurationService.cs(71,13): error CA1848: For improved performance, use the LoggerMessage delegates instead of calling 'LoggerExtensions.LogError(ILogger, string?, params object?[])' (https://learn.microsoft.com/dotnet/fundamentals/code-analysis/quality-rules/ca1848) [/home/runner/work/trading-bot-c-/trading-bot-c-/src/BotCore/BotCore.csproj]
/home/runner/work/trading-bot-c-/trading-bot-c-/src/BotCore/Services/ProductionConfigurationService.cs(75,9): error CA1848: For improved performance, use the LoggerMessage delegates instead of calling 'LoggerExtensions.LogInformation(ILogger, string?, params object?[])' (https://learn.microsoft.com/dotnet/fundamentals/code-analysis/quality-rules/ca1848) [/home/runner/work/trading-bot-c-/trading-bot-c-/src/BotCore/BotCore.csproj]
/home/runner/work/trading-bot-c-/trading-bot-c-/src/BotCore/Services/ProductionGuardrailOrchestrator.cs(109,9): error CA1848: For improved performance, use the LoggerMessage delegates instead of calling 'LoggerExtensions.LogDebug(ILogger, string?, params object?[])' (https://learn.microsoft.com/dotnet/fundamentals/code-analysis/quality-rules/ca1848) [/home/runner/work/trading-bot-c-/trading-bot-c-/src/BotCore/BotCore.csproj]
/home/runner/work/trading-bot-c-/trading-bot-c-/src/BotCore/Services/ProductionGuardrailOrchestrator.cs(118,13): error CA1848: For improved performance, use the LoggerMessage delegates instead of calling 'LoggerExtensions.LogDebug(ILogger, string?, params object?[])' (https://learn.microsoft.com/dotnet/fundamentals/code-analysis/quality-rules/ca1848) [/home/runner/work/trading-bot-c-/trading-bot-c-/src/BotCore/BotCore.csproj]
/home/runner/work/trading-bot-c-/trading-bot-c-/src/BotCore/Services/ProductionKillSwitchService.cs(86,13): error CA1848: For improved performance, use the LoggerMessage delegates instead of calling 'LoggerExtensions.LogCritical(ILogger, string?, params object?[])' (https://learn.microsoft.com/dotnet/fundamentals/code-analysis/quality-rules/ca1848) [/home/runner/work/trading-bot-c-/trading-bot-c-/src/BotCore/BotCore.csproj]
/home/runner/work/trading-bot-c-/trading-bot-c-/src/BotCore/Services/ProductionKillSwitchService.cs(93,9): error CA1848: For improved performance, use the LoggerMessage delegates instead of calling 'LoggerExtensions.LogCritical(ILogger, string?, params object?[])' (https://learn.microsoft.com/dotnet/fundamentals/code-analysis/quality-rules/ca1848) [/home/runner/work/trading-bot-c-/trading-bot-c-/src/BotCore/BotCore.csproj]
/home/runner/work/trading-bot-c-/trading-bot-c-/src/BotCore/Services/PortfolioRiskTilts.cs(434,25): error CA1848: For improved performance, use the LoggerMessage delegates instead of calling 'LoggerExtensions.LogWarning(ILogger, string?, params object?[])' (https://learn.microsoft.com/dotnet/fundamentals/code-analysis/quality-rules/ca1848) [/home/runner/work/trading-bot-c-/trading-bot-c-/src/BotCore/BotCore.csproj]
/home/runner/work/trading-bot-c-/trading-bot-c-/src/BotCore/Services/PortfolioRiskTilts.cs(452,17): error CA1848: For improved performance, use the LoggerMessage delegates instead of calling 'LoggerExtensions.LogError(ILogger, Exception?, string?, params object?[])' (https://learn.microsoft.com/dotnet/fundamentals/code-analysis/quality-rules/ca1848) [/home/runner/work/trading-bot-c-/trading-bot-c-/src/BotCore/BotCore.csproj]
/home/runner/work/trading-bot-c-/trading-bot-c-/src/BotCore/Services/PortfolioRiskTilts.cs(450,13): error CA1031: Modify 'CalculateVolOfVolAdjustmentAsync' to catch a more specific allowed exception type, or rethrow the exception (https://learn.microsoft.com/dotnet/fundamentals/code-analysis/quality-rules/ca1031) [/home/runner/work/trading-bot-c-/trading-bot-c-/src/BotCore/BotCore.csproj]
/home/runner/work/trading-bot-c-/trading-bot-c-/src/BotCore/Services/PortfolioRiskTilts.cs(287,17): error CA1848: For improved performance, use the LoggerMessage delegates instead of calling 'LoggerExtensions.LogError(ILogger, Exception?, string?, params object?[])' (https://learn.microsoft.com/dotnet/fundamentals/code-analysis/quality-rules/ca1848) [/home/runner/work/trading-bot-c-/trading-bot-c-/src/BotCore/BotCore.csproj]
/home/runner/work/trading-bot-c-/trading-bot-c-/src/BotCore/Services/PortfolioRiskTilts.cs(285,13): error CA1031: Modify 'UpdatePriceDataAsync' to catch a more specific allowed exception type, or rethrow the exception (https://learn.microsoft.com/dotnet/fundamentals/code-analysis/quality-rules/ca1031) [/home/runner/work/trading-bot-c-/trading-bot-c-/src/BotCore/BotCore.csproj]
/home/runner/work/trading-bot-c-/trading-bot-c-/src/BotCore/Services/ProductionTopstepXApiClient.cs(340,28): error S1541: The Cyclomatic Complexity of this method is 15 which is greater than 10 authorized. (https://rules.sonarsource.com/csharp/RSPEC-1541) [/home/runner/work/trading-bot-c-/trading-bot-c-/src/BotCore/BotCore.csproj]
/home/runner/work/trading-bot-c-/trading-bot-c-/src/BotCore/Services/ProductionKillSwitchService.cs(104,17): error CA1848: For improved performance, use the LoggerMessage delegates instead of calling 'LoggerExtensions.LogCritical(ILogger, string?, params object?[])' (https://learn.microsoft.com/dotnet/fundamentals/code-analysis/quality-rules/ca1848) [/home/runner/work/trading-bot-c-/trading-bot-c-/src/BotCore/BotCore.csproj]
/home/runner/work/trading-bot-c-/trading-bot-c-/src/BotCore/Services/ProductionKillSwitchService.cs(110,13): error CA1848: For improved performance, use the LoggerMessage delegates instead of calling 'LoggerExtensions.LogError(ILogger, Exception?, string?, params object?[])' (https://learn.microsoft.com/dotnet/fundamentals/code-analysis/quality-rules/ca1848) [/home/runner/work/trading-bot-c-/trading-bot-c-/src/BotCore/BotCore.csproj]
/home/runner/work/trading-bot-c-/trading-bot-c-/src/BotCore/Services/ProductionKillSwitchService.cs(114,13): error CA1848: For improved performance, use the LoggerMessage delegates instead of calling 'LoggerExtensions.LogError(ILogger, Exception?, string?, params object?[])' (https://learn.microsoft.com/dotnet/fundamentals/code-analysis/quality-rules/ca1848) [/home/runner/work/trading-bot-c-/trading-bot-c-/src/BotCore/BotCore.csproj]
/home/runner/work/trading-bot-c-/trading-bot-c-/src/BotCore/Services/ProductionKillSwitchService.cs(118,13): error CA1848: For improved performance, use the LoggerMessage delegates instead of calling 'LoggerExtensions.LogError(ILogger, Exception?, string?, params object?[])' (https://learn.microsoft.com/dotnet/fundamentals/code-analysis/quality-rules/ca1848) [/home/runner/work/trading-bot-c-/trading-bot-c-/src/BotCore/BotCore.csproj]
/home/runner/work/trading-bot-c-/trading-bot-c-/src/BotCore/Services/ProductionTopstepXApiClient.cs(342,13): error CA1848: For improved performance, use the LoggerMessage delegates instead of calling 'LoggerExtensions.LogWarning(ILogger, string?, params object?[])' (https://learn.microsoft.com/dotnet/fundamentals/code-analysis/quality-rules/ca1848) [/home/runner/work/trading-bot-c-/trading-bot-c-/src/BotCore/BotCore.csproj]
/home/runner/work/trading-bot-c-/trading-bot-c-/src/BotCore/Services/ProductionMonitoringService.cs(63,47): error S6603: The collection-specific "TrueForAll" method should be used instead of the "All" extension (https://rules.sonarsource.com/csharp/RSPEC-6603) [/home/runner/work/trading-bot-c-/trading-bot-c-/src/BotCore/BotCore.csproj]
/home/runner/work/trading-bot-c-/trading-bot-c-/src/BotCore/Services/ProductionMonitoringService.cs(68,13): error CA1848: For improved performance, use the LoggerMessage delegates instead of calling 'LoggerExtensions.LogInformation(ILogger, string?, params object?[])' (https://learn.microsoft.com/dotnet/fundamentals/code-analysis/quality-rules/ca1848) [/home/runner/work/trading-bot-c-/trading-bot-c-/src/BotCore/BotCore.csproj]
/home/runner/work/trading-bot-c-/trading-bot-c-/src/BotCore/Services/ProductionMonitoringService.cs(75,13): error CA1848: For improved performance, use the LoggerMessage delegates instead of calling 'LoggerExtensions.LogError(ILogger, Exception?, string?, params object?[])' (https://learn.microsoft.com/dotnet/fundamentals/code-analysis/quality-rules/ca1848) [/home/runner/work/trading-bot-c-/trading-bot-c-/src/BotCore/BotCore.csproj]
/home/runner/work/trading-bot-c-/trading-bot-c-/src/BotCore/Services/ProductionMonitoringService.cs(73,9): error CA1031: Modify 'CheckHealthAsync' to catch a more specific allowed exception type, or rethrow the exception (https://learn.microsoft.com/dotnet/fundamentals/code-analysis/quality-rules/ca1031) [/home/runner/work/trading-bot-c-/trading-bot-c-/src/BotCore/BotCore.csproj]
/home/runner/work/trading-bot-c-/trading-bot-c-/src/BotCore/Services/PositionManagementOptimizer.cs(202,17): error CA1848: For improved performance, use the LoggerMessage delegates instead of calling 'LoggerExtensions.LogWarning(ILogger, string?, params object?[])' (https://learn.microsoft.com/dotnet/fundamentals/code-analysis/quality-rules/ca1848) [/home/runner/work/trading-bot-c-/trading-bot-c-/src/BotCore/BotCore.csproj]
/home/runner/work/trading-bot-c-/trading-bot-c-/src/BotCore/Services/PositionManagementOptimizer.cs(208,17): error CA1848: For improved performance, use the LoggerMessage delegates instead of calling 'LoggerExtensions.LogInformation(ILogger, string?, params object?[])' (https://learn.microsoft.com/dotnet/fundamentals/code-analysis/quality-rules/ca1848) [/home/runner/work/trading-bot-c-/trading-bot-c-/src/BotCore/BotCore.csproj]
/home/runner/work/trading-bot-c-/trading-bot-c-/src/BotCore/Services/ProductionConfigurationService.cs(109,13): error CA1848: For improved performance, use the LoggerMessage delegates instead of calling 'LoggerExtensions.LogDebug(ILogger, string?, params object?[])' (https://learn.microsoft.com/dotnet/fundamentals/code-analysis/quality-rules/ca1848) [/home/runner/work/trading-bot-c-/trading-bot-c-/src/BotCore/BotCore.csproj]
/home/runner/work/trading-bot-c-/trading-bot-c-/src/BotCore/Services/ProductionConfigurationService.cs(117,13): error CA1848: For improved performance, use the LoggerMessage delegates instead of calling 'LoggerExtensions.LogDebug(ILogger, string?, params object?[])' (https://learn.microsoft.com/dotnet/fundamentals/code-analysis/quality-rules/ca1848) [/home/runner/work/trading-bot-c-/trading-bot-c-/src/BotCore/BotCore.csproj]
/home/runner/work/trading-bot-c-/trading-bot-c-/src/BotCore/Services/ProductionConfigurationService.cs(125,13): error CA1848: For improved performance, use the LoggerMessage delegates instead of calling 'LoggerExtensions.LogDebug(ILogger, string?, params object?[])' (https://learn.microsoft.com/dotnet/fundamentals/code-analysis/quality-rules/ca1848) [/home/runner/work/trading-bot-c-/trading-bot-c-/src/BotCore/BotCore.csproj]
/home/runner/work/trading-bot-c-/trading-bot-c-/src/BotCore/Services/PortfolioRiskTilts.cs(74,39): error S1244: Do not check floating point equality with exact values, use a range instead. (https://rules.sonarsource.com/csharp/RSPEC-1244) [/home/runner/work/trading-bot-c-/trading-bot-c-/src/BotCore/BotCore.csproj]
/home/runner/work/trading-bot-c-/trading-bot-c-/src/BotCore/Services/PerformanceMetricsService.cs(46,21): error CA1848: For improved performance, use the LoggerMessage delegates instead of calling 'LoggerExtensions.LogWarning(ILogger, string?, params object?[])' (https://learn.microsoft.com/dotnet/fundamentals/code-analysis/quality-rules/ca1848) [/home/runner/work/trading-bot-c-/trading-bot-c-/src/BotCore/BotCore.csproj]
/home/runner/work/trading-bot-c-/trading-bot-c-/src/BotCore/Services/PerformanceMetricsService.cs(52,17): error CA1848: For improved performance, use the LoggerMessage delegates instead of calling 'LoggerExtensions.LogTrace(ILogger, string?, params object?[])' (https://learn.microsoft.com/dotnet/fundamentals/code-analysis/quality-rules/ca1848) [/home/runner/work/trading-bot-c-/trading-bot-c-/src/BotCore/BotCore.csproj]
/home/runner/work/trading-bot-c-/trading-bot-c-/src/BotCore/Services/PortfolioRiskTilts.cs(65,25): error CA1848: For improved performance, use the LoggerMessage delegates instead of calling 'LoggerExtensions.LogWarning(ILogger, string?, params object?[])' (https://learn.microsoft.com/dotnet/fundamentals/code-analysis/quality-rules/ca1848) [/home/runner/work/trading-bot-c-/trading-bot-c-/src/BotCore/BotCore.csproj]
/home/runner/work/trading-bot-c-/trading-bot-c-/src/BotCore/Services/PortfolioRiskTilts.cs(76,25): error CA1848: For improved performance, use the LoggerMessage delegates instead of calling 'LoggerExtensions.LogWarning(ILogger, string?, params object?[])' (https://learn.microsoft.com/dotnet/fundamentals/code-analysis/quality-rules/ca1848) [/home/runner/work/trading-bot-c-/trading-bot-c-/src/BotCore/BotCore.csproj]
/home/runner/work/trading-bot-c-/trading-bot-c-/src/BotCore/Services/PortfolioRiskTilts.cs(94,21): error CA1848: For improved performance, use the LoggerMessage delegates instead of calling 'LoggerExtensions.LogTrace(ILogger, string?, params object?[])' (https://learn.microsoft.com/dotnet/fundamentals/code-analysis/quality-rules/ca1848) [/home/runner/work/trading-bot-c-/trading-bot-c-/src/BotCore/BotCore.csproj]
/home/runner/work/trading-bot-c-/trading-bot-c-/src/BotCore/Services/PortfolioRiskTilts.cs(102,17): error CA1848: For improved performance, use the LoggerMessage delegates instead of calling 'LoggerExtensions.LogError(ILogger, Exception?, string?, params object?[])' (https://learn.microsoft.com/dotnet/fundamentals/code-analysis/quality-rules/ca1848) [/home/runner/work/trading-bot-c-/trading-bot-c-/src/BotCore/BotCore.csproj]
/home/runner/work/trading-bot-c-/trading-bot-c-/src/BotCore/Services/PortfolioRiskTilts.cs(100,13): error CA1031: Modify 'CalculatePositionMultiplierCore' to catch a more specific allowed exception type, or rethrow the exception (https://learn.microsoft.com/dotnet/fundamentals/code-analysis/quality-rules/ca1031) [/home/runner/work/trading-bot-c-/trading-bot-c-/src/BotCore/BotCore.csproj]
/home/runner/work/trading-bot-c-/trading-bot-c-/src/BotCore/Services/OrderExecutionService.cs(74,17): error CA1848: For improved performance, use the LoggerMessage delegates instead of calling 'LoggerExtensions.LogInformation(ILogger, string?, params object?[])' (https://learn.microsoft.com/dotnet/fundamentals/code-analysis/quality-rules/ca1848) [/home/runner/work/trading-bot-c-/trading-bot-c-/src/BotCore/BotCore.csproj]
/home/runner/work/trading-bot-c-/trading-bot-c-/src/BotCore/Services/OrderExecutionService.cs(76,17): error CA1848: For improved performance, use the LoggerMessage delegates instead of calling 'LoggerExtensions.LogInformation(ILogger, string?, params object?[])' (https://learn.microsoft.com/dotnet/fundamentals/code-analysis/quality-rules/ca1848) [/home/runner/work/trading-bot-c-/trading-bot-c-/src/BotCore/BotCore.csproj]
/home/runner/work/trading-bot-c-/trading-bot-c-/src/BotCore/Services/OrderExecutionService.cs(78,17): error CA1848: For improved performance, use the LoggerMessage delegates instead of calling 'LoggerExtensions.LogInformation(ILogger, string?, params object?[])' (https://learn.microsoft.com/dotnet/fundamentals/code-analysis/quality-rules/ca1848) [/home/runner/work/trading-bot-c-/trading-bot-c-/src/BotCore/BotCore.csproj]
/home/runner/work/trading-bot-c-/trading-bot-c-/src/BotCore/Services/OrderExecutionService.cs(88,13): error CA1848: For improved performance, use the LoggerMessage delegates instead of calling 'LoggerExtensions.LogInformation(ILogger, string?, params object?[])' (https://learn.microsoft.com/dotnet/fundamentals/code-analysis/quality-rules/ca1848) [/home/runner/work/trading-bot-c-/trading-bot-c-/src/BotCore/BotCore.csproj]
/home/runner/work/trading-bot-c-/trading-bot-c-/src/BotCore/Services/ProductionConfigurationService.cs(142,9): error CA1848: For improved performance, use the LoggerMessage delegates instead of calling 'LoggerExtensions.LogInformation(ILogger, string?, params object?[])' (https://learn.microsoft.com/dotnet/fundamentals/code-analysis/quality-rules/ca1848) [/home/runner/work/trading-bot-c-/trading-bot-c-/src/BotCore/BotCore.csproj]
/home/runner/work/trading-bot-c-/trading-bot-c-/src/BotCore/Services/ProductionConfigurationService.cs(143,9): error CA1848: For improved performance, use the LoggerMessage delegates instead of calling 'LoggerExtensions.LogInformation(ILogger, string?, params object?[])' (https://learn.microsoft.com/dotnet/fundamentals/code-analysis/quality-rules/ca1848) [/home/runner/work/trading-bot-c-/trading-bot-c-/src/BotCore/BotCore.csproj]
/home/runner/work/trading-bot-c-/trading-bot-c-/src/BotCore/Services/ProductionConfigurationService.cs(144,9): error CA1848: For improved performance, use the LoggerMessage delegates instead of calling 'LoggerExtensions.LogInformation(ILogger, string?, params object?[])' (https://learn.microsoft.com/dotnet/fundamentals/code-analysis/quality-rules/ca1848) [/home/runner/work/trading-bot-c-/trading-bot-c-/src/BotCore/BotCore.csproj]
/home/runner/work/trading-bot-c-/trading-bot-c-/src/BotCore/Services/ProductionConfigurationService.cs(145,9): error CA1848: For improved performance, use the LoggerMessage delegates instead of calling 'LoggerExtensions.LogInformation(ILogger, string?, params object?[])' (https://learn.microsoft.com/dotnet/fundamentals/code-analysis/quality-rules/ca1848) [/home/runner/work/trading-bot-c-/trading-bot-c-/src/BotCore/BotCore.csproj]
/home/runner/work/trading-bot-c-/trading-bot-c-/src/BotCore/Services/ProductionConfigurationService.cs(147,9): error CA1848: For improved performance, use the LoggerMessage delegates instead of calling 'LoggerExtensions.LogInformation(ILogger, string?, params object?[])' (https://learn.microsoft.com/dotnet/fundamentals/code-analysis/quality-rules/ca1848) [/home/runner/work/trading-bot-c-/trading-bot-c-/src/BotCore/BotCore.csproj]
/home/runner/work/trading-bot-c-/trading-bot-c-/src/BotCore/Services/ProductionConfigurationService.cs(148,9): error CA1848: For improved performance, use the LoggerMessage delegates instead of calling 'LoggerExtensions.LogInformation(ILogger, string?, params object?[])' (https://learn.microsoft.com/dotnet/fundamentals/code-analysis/quality-rules/ca1848) [/home/runner/work/trading-bot-c-/trading-bot-c-/src/BotCore/BotCore.csproj]
/home/runner/work/trading-bot-c-/trading-bot-c-/src/BotCore/Services/ProductionConfigurationService.cs(149,9): error CA1848: For improved performance, use the LoggerMessage delegates instead of calling 'LoggerExtensions.LogInformation(ILogger, string?, params object?[])' (https://learn.microsoft.com/dotnet/fundamentals/code-analysis/quality-rules/ca1848) [/home/runner/work/trading-bot-c-/trading-bot-c-/src/BotCore/BotCore.csproj]
/home/runner/work/trading-bot-c-/trading-bot-c-/src/BotCore/Services/ProductionConfigurationService.cs(150,9): error CA1848: For improved performance, use the LoggerMessage delegates instead of calling 'LoggerExtensions.LogInformation(ILogger, string?, params object?[])' (https://learn.microsoft.com/dotnet/fundamentals/code-analysis/quality-rules/ca1848) [/home/runner/work/trading-bot-c-/trading-bot-c-/src/BotCore/BotCore.csproj]
/home/runner/work/trading-bot-c-/trading-bot-c-/src/BotCore/Services/ProductionGuardrailOrchestrator.cs(140,9): error CA1848: For improved performance, use the LoggerMessage delegates instead of calling 'LoggerExtensions.LogInformation(ILogger, string?, params object?[])' (https://learn.microsoft.com/dotnet/fundamentals/code-analysis/quality-rules/ca1848) [/home/runner/work/trading-bot-c-/trading-bot-c-/src/BotCore/BotCore.csproj]
/home/runner/work/trading-bot-c-/trading-bot-c-/src/BotCore/Services/ProductionGuardrailOrchestrator.cs(148,13): error CA1848: For improved performance, use the LoggerMessage delegates instead of calling 'LoggerExtensions.LogCritical(ILogger, string?, params object?[])' (https://learn.microsoft.com/dotnet/fundamentals/code-analysis/quality-rules/ca1848) [/home/runner/work/trading-bot-c-/trading-bot-c-/src/BotCore/BotCore.csproj]
/home/runner/work/trading-bot-c-/trading-bot-c-/src/BotCore/Services/ProductionGuardrailOrchestrator.cs(159,13): error CA1848: For improved performance, use the LoggerMessage delegates instead of calling 'LoggerExtensions.LogCritical(ILogger, string?, params object?[])' (https://learn.microsoft.com/dotnet/fundamentals/code-analysis/quality-rules/ca1848) [/home/runner/work/trading-bot-c-/trading-bot-c-/src/BotCore/BotCore.csproj]
/home/runner/work/trading-bot-c-/trading-bot-c-/src/BotCore/Services/ProductionGuardrailOrchestrator.cs(167,13): error CA1848: For improved performance, use the LoggerMessage delegates instead of calling 'LoggerExtensions.LogInformation(ILogger, string?, params object?[])' (https://learn.microsoft.com/dotnet/fundamentals/code-analysis/quality-rules/ca1848) [/home/runner/work/trading-bot-c-/trading-bot-c-/src/BotCore/BotCore.csproj]
/home/runner/work/trading-bot-c-/trading-bot-c-/src/BotCore/Services/ProductionGuardrailOrchestrator.cs(173,13): error CA1848: For improved performance, use the LoggerMessage delegates instead of calling 'LoggerExtensions.LogInformation(ILogger, string?, params object?[])' (https://learn.microsoft.com/dotnet/fundamentals/code-analysis/quality-rules/ca1848) [/home/runner/work/trading-bot-c-/trading-bot-c-/src/BotCore/BotCore.csproj]
/home/runner/work/trading-bot-c-/trading-bot-c-/src/BotCore/Services/ProductionGuardrailOrchestrator.cs(186,13): error CA1848: For improved performance, use the LoggerMessage delegates instead of calling 'LoggerExtensions.LogCritical(ILogger, string?, params object?[])' (https://learn.microsoft.com/dotnet/fundamentals/code-analysis/quality-rules/ca1848) [/home/runner/work/trading-bot-c-/trading-bot-c-/src/BotCore/BotCore.csproj]
/home/runner/work/trading-bot-c-/trading-bot-c-/src/BotCore/Services/ProductionGuardrailOrchestrator.cs(195,9): error CA1848: For improved performance, use the LoggerMessage delegates instead of calling 'LoggerExtensions.LogInformation(ILogger, string?, params object?[])' (https://learn.microsoft.com/dotnet/fundamentals/code-analysis/quality-rules/ca1848) [/home/runner/work/trading-bot-c-/trading-bot-c-/src/BotCore/BotCore.csproj]
/home/runner/work/trading-bot-c-/trading-bot-c-/src/BotCore/Services/OrderExecutionService.cs(103,17): error CA1848: For improved performance, use the LoggerMessage delegates instead of calling 'LoggerExtensions.LogError(ILogger, Exception?, string?, params object?[])' (https://learn.microsoft.com/dotnet/fundamentals/code-analysis/quality-rules/ca1848) [/home/runner/work/trading-bot-c-/trading-bot-c-/src/BotCore/BotCore.csproj]
/home/runner/work/trading-bot-c-/trading-bot-c-/src/BotCore/Services/OrderExecutionService.cs(101,13): error CA1031: Modify 'IsHealthyAsync' to catch a more specific allowed exception type, or rethrow the exception (https://learn.microsoft.com/dotnet/fundamentals/code-analysis/quality-rules/ca1031) [/home/runner/work/trading-bot-c-/trading-bot-c-/src/BotCore/BotCore.csproj]
/home/runner/work/trading-bot-c-/trading-bot-c-/src/BotCore/Services/ProductionKillSwitchService.cs(131,13): error CA1848: For improved performance, use the LoggerMessage delegates instead of calling 'LoggerExtensions.LogCritical(ILogger, string?, params object?[])' (https://learn.microsoft.com/dotnet/fundamentals/code-analysis/quality-rules/ca1848) [/home/runner/work/trading-bot-c-/trading-bot-c-/src/BotCore/BotCore.csproj]
/home/runner/work/trading-bot-c-/trading-bot-c-/src/BotCore/Services/ProductionKillSwitchService.cs(132,13): error CA1848: For improved performance, use the LoggerMessage delegates instead of calling 'LoggerExtensions.LogCritical(ILogger, string?, params object?[])' (https://learn.microsoft.com/dotnet/fundamentals/code-analysis/quality-rules/ca1848) [/home/runner/work/trading-bot-c-/trading-bot-c-/src/BotCore/BotCore.csproj]
/home/runner/work/trading-bot-c-/trading-bot-c-/src/BotCore/Services/ProductionKillSwitchService.cs(154,17): error CA1848: For improved performance, use the LoggerMessage delegates instead of calling 'LoggerExtensions.LogError(ILogger, Exception?, string?, params object?[])' (https://learn.microsoft.com/dotnet/fundamentals/code-analysis/quality-rules/ca1848) [/home/runner/work/trading-bot-c-/trading-bot-c-/src/BotCore/BotCore.csproj]
/home/runner/work/trading-bot-c-/trading-bot-c-/src/BotCore/Services/ProductionKillSwitchService.cs(158,17): error CA1848: For improved performance, use the LoggerMessage delegates instead of calling 'LoggerExtensions.LogError(ILogger, Exception?, string?, params object?[])' (https://learn.microsoft.com/dotnet/fundamentals/code-analysis/quality-rules/ca1848) [/home/runner/work/trading-bot-c-/trading-bot-c-/src/BotCore/BotCore.csproj]
/home/runner/work/trading-bot-c-/trading-bot-c-/src/BotCore/Services/ProductionKillSwitchService.cs(163,13): error CA1848: For improved performance, use the LoggerMessage delegates instead of calling 'LoggerExtensions.LogError(ILogger, Exception?, string?, params object?[])' (https://learn.microsoft.com/dotnet/fundamentals/code-analysis/quality-rules/ca1848) [/home/runner/work/trading-bot-c-/trading-bot-c-/src/BotCore/BotCore.csproj]
/home/runner/work/trading-bot-c-/trading-bot-c-/src/BotCore/Services/ProductionKillSwitchService.cs(167,13): error CA1848: For improved performance, use the LoggerMessage delegates instead of calling 'LoggerExtensions.LogError(ILogger, Exception?, string?, params object?[])' (https://learn.microsoft.com/dotnet/fundamentals/code-analysis/quality-rules/ca1848) [/home/runner/work/trading-bot-c-/trading-bot-c-/src/BotCore/BotCore.csproj]
/home/runner/work/trading-bot-c-/trading-bot-c-/src/BotCore/Services/PortfolioRiskTilts.cs(139,17): error CA1848: For improved performance, use the LoggerMessage delegates instead of calling 'LoggerExtensions.LogTrace(ILogger, string?, params object?[])' (https://learn.microsoft.com/dotnet/fundamentals/code-analysis/quality-rules/ca1848) [/home/runner/work/trading-bot-c-/trading-bot-c-/src/BotCore/BotCore.csproj]
/home/runner/work/trading-bot-c-/trading-bot-c-/src/BotCore/Services/PortfolioRiskTilts.cs(144,17): error CA1848: For improved performance, use the LoggerMessage delegates instead of calling 'LoggerExtensions.LogError(ILogger, Exception?, string?, params object?[])' (https://learn.microsoft.com/dotnet/fundamentals/code-analysis/quality-rules/ca1848) [/home/runner/work/trading-bot-c-/trading-bot-c-/src/BotCore/BotCore.csproj]
/home/runner/work/trading-bot-c-/trading-bot-c-/src/BotCore/Services/ProductionMonitoringService.cs(112,17): error CA1848: For improved performance, use the LoggerMessage delegates instead of calling 'LoggerExtensions.LogInformation(ILogger, string?, params object?[])' (https://learn.microsoft.com/dotnet/fundamentals/code-analysis/quality-rules/ca1848) [/home/runner/work/trading-bot-c-/trading-bot-c-/src/BotCore/BotCore.csproj]
/home/runner/work/trading-bot-c-/trading-bot-c-/src/BotCore/Services/OrderExecutionMetrics.cs(56,13): error CA1848: For improved performance, use the LoggerMessage delegates instead of calling 'LoggerExtensions.LogDebug(ILogger, string?, params object?[])' (https://learn.microsoft.com/dotnet/fundamentals/code-analysis/quality-rules/ca1848) [/home/runner/work/trading-bot-c-/trading-bot-c-/src/BotCore/BotCore.csproj]
/home/runner/work/trading-bot-c-/trading-bot-c-/src/BotCore/Services/OrderExecutionService.cs(121,17): error CA1848: For improved performance, use the LoggerMessage delegates instead of calling 'LoggerExtensions.LogError(ILogger, Exception?, string?, params object?[])' (https://learn.microsoft.com/dotnet/fundamentals/code-analysis/quality-rules/ca1848) [/home/runner/work/trading-bot-c-/trading-bot-c-/src/BotCore/BotCore.csproj]
/home/runner/work/trading-bot-c-/trading-bot-c-/src/BotCore/Services/OrderExecutionService.cs(119,13): error CA1031: Modify 'GetStatusAsync' to catch a more specific allowed exception type, or rethrow the exception (https://learn.microsoft.com/dotnet/fundamentals/code-analysis/quality-rules/ca1031) [/home/runner/work/trading-bot-c-/trading-bot-c-/src/BotCore/BotCore.csproj]
/home/runner/work/trading-bot-c-/trading-bot-c-/src/BotCore/Services/OllamaClient.cs(40,9): error CA1848: For improved performance, use the LoggerMessage delegates instead of calling 'LoggerExtensions.LogInformation(ILogger, string?, params object?[])' (https://learn.microsoft.com/dotnet/fundamentals/code-analysis/quality-rules/ca1848) [/home/runner/work/trading-bot-c-/trading-bot-c-/src/BotCore/BotCore.csproj]
/home/runner/work/trading-bot-c-/trading-bot-c-/src/BotCore/Services/NullBreadthDataSource.cs(50,13): error CA1848: For improved performance, use the LoggerMessage delegates instead of calling 'LoggerExtensions.LogError(ILogger, string?, params object?[])' (https://learn.microsoft.com/dotnet/fundamentals/code-analysis/quality-rules/ca1848) [/home/runner/work/trading-bot-c-/trading-bot-c-/src/BotCore/BotCore.csproj]
/home/runner/work/trading-bot-c-/trading-bot-c-/src/BotCore/Services/PositionManagementOptimizer.cs(232,25): error CA1848: For improved performance, use the LoggerMessage delegates instead of calling 'LoggerExtensions.LogError(ILogger, Exception?, string?, params object?[])' (https://learn.microsoft.com/dotnet/fundamentals/code-analysis/quality-rules/ca1848) [/home/runner/work/trading-bot-c-/trading-bot-c-/src/BotCore/BotCore.csproj]
/home/runner/work/trading-bot-c-/trading-bot-c-/src/BotCore/Services/PositionManagementOptimizer.cs(230,21): error CA1031: Modify 'RunOptimizationCycleAsync' to catch a more specific allowed exception type, or rethrow the exception (https://learn.microsoft.com/dotnet/fundamentals/code-analysis/quality-rules/ca1031) [/home/runner/work/trading-bot-c-/trading-bot-c-/src/BotCore/BotCore.csproj]
/home/runner/work/trading-bot-c-/trading-bot-c-/src/BotCore/Services/PerformanceTracker.cs(102,13): error CA1848: For improved performance, use the LoggerMessage delegates instead of calling 'LoggerExtensions.LogInformation(ILogger, string?, params object?[])' (https://learn.microsoft.com/dotnet/fundamentals/code-analysis/quality-rules/ca1848) [/home/runner/work/trading-bot-c-/trading-bot-c-/src/BotCore/BotCore.csproj]
/home/runner/work/trading-bot-c-/trading-bot-c-/src/BotCore/Services/PerformanceTracker.cs(113,13): error CA1848: For improved performance, use the LoggerMessage delegates instead of calling 'LoggerExtensions.LogError(ILogger, Exception?, string?, params object?[])' (https://learn.microsoft.com/dotnet/fundamentals/code-analysis/quality-rules/ca1848) [/home/runner/work/trading-bot-c-/trading-bot-c-/src/BotCore/BotCore.csproj]
/home/runner/work/trading-bot-c-/trading-bot-c-/src/BotCore/Services/PerformanceTracker.cs(117,13): error CA1848: For improved performance, use the LoggerMessage delegates instead of calling 'LoggerExtensions.LogError(ILogger, Exception?, string?, params object?[])' (https://learn.microsoft.com/dotnet/fundamentals/code-analysis/quality-rules/ca1848) [/home/runner/work/trading-bot-c-/trading-bot-c-/src/BotCore/BotCore.csproj]
/home/runner/work/trading-bot-c-/trading-bot-c-/src/BotCore/Services/PerformanceTracker.cs(121,13): error CA1848: For improved performance, use the LoggerMessage delegates instead of calling 'LoggerExtensions.LogError(ILogger, Exception?, string?, params object?[])' (https://learn.microsoft.com/dotnet/fundamentals/code-analysis/quality-rules/ca1848) [/home/runner/work/trading-bot-c-/trading-bot-c-/src/BotCore/BotCore.csproj]
/home/runner/work/trading-bot-c-/trading-bot-c-/src/BotCore/Services/PerformanceMetricsService.cs(74,21): error CA1848: For improved performance, use the LoggerMessage delegates instead of calling 'LoggerExtensions.LogWarning(ILogger, string?, params object?[])' (https://learn.microsoft.com/dotnet/fundamentals/code-analysis/quality-rules/ca1848) [/home/runner/work/trading-bot-c-/trading-bot-c-/src/BotCore/BotCore.csproj]
/home/runner/work/trading-bot-c-/trading-bot-c-/src/BotCore/Services/PerformanceMetricsService.cs(80,17): error CA1848: For improved performance, use the LoggerMessage delegates instead of calling 'LoggerExtensions.LogTrace(ILogger, string?, params object?[])' (https://learn.microsoft.com/dotnet/fundamentals/code-analysis/quality-rules/ca1848) [/home/runner/work/trading-bot-c-/trading-bot-c-/src/BotCore/BotCore.csproj]
/home/runner/work/trading-bot-c-/trading-bot-c-/src/BotCore/Services/NullBreadthDataSource.cs(62,13): error CA1848: For improved performance, use the LoggerMessage delegates instead of calling 'LoggerExtensions.LogError(ILogger, string?, params object?[])' (https://learn.microsoft.com/dotnet/fundamentals/code-analysis/quality-rules/ca1848) [/home/runner/work/trading-bot-c-/trading-bot-c-/src/BotCore/BotCore.csproj]
/home/runner/work/trading-bot-c-/trading-bot-c-/src/BotCore/Services/ProductionKillSwitchService.cs(192,13): error CA1848: For improved performance, use the LoggerMessage delegates instead of calling 'LoggerExtensions.LogInformation(ILogger, string?, params object?[])' (https://learn.microsoft.com/dotnet/fundamentals/code-analysis/quality-rules/ca1848) [/home/runner/work/trading-bot-c-/trading-bot-c-/src/BotCore/BotCore.csproj]
/home/runner/work/trading-bot-c-/trading-bot-c-/src/BotCore/Services/ProductionKillSwitchService.cs(196,13): error CA1848: For improved performance, use the LoggerMessage delegates instead of calling 'LoggerExtensions.LogWarning(ILogger, Exception?, string?, params object?[])' (https://learn.microsoft.com/dotnet/fundamentals/code-analysis/quality-rules/ca1848) [/home/runner/work/trading-bot-c-/trading-bot-c-/src/BotCore/BotCore.csproj]
/home/runner/work/trading-bot-c-/trading-bot-c-/src/BotCore/Services/ProductionKillSwitchService.cs(200,13): error CA1848: For improved performance, use the LoggerMessage delegates instead of calling 'LoggerExtensions.LogWarning(ILogger, Exception?, string?, params object?[])' (https://learn.microsoft.com/dotnet/fundamentals/code-analysis/quality-rules/ca1848) [/home/runner/work/trading-bot-c-/trading-bot-c-/src/BotCore/BotCore.csproj]
/home/runner/work/trading-bot-c-/trading-bot-c-/src/BotCore/Services/ProductionKillSwitchService.cs(204,13): error CA1848: For improved performance, use the LoggerMessage delegates instead of calling 'LoggerExtensions.LogWarning(ILogger, Exception?, string?, params object?[])' (https://learn.microsoft.com/dotnet/fundamentals/code-analysis/quality-rules/ca1848) [/home/runner/work/trading-bot-c-/trading-bot-c-/src/BotCore/BotCore.csproj]
/home/runner/work/trading-bot-c-/trading-bot-c-/src/BotCore/Services/NewsIntelligenceEngine.cs(92,13): error CA1848: For improved performance, use the LoggerMessage delegates instead of calling 'LoggerExtensions.LogInformation(ILogger, string?, params object?[])' (https://learn.microsoft.com/dotnet/fundamentals/code-analysis/quality-rules/ca1848) [/home/runner/work/trading-bot-c-/trading-bot-c-/src/BotCore/BotCore.csproj]
/home/runner/work/trading-bot-c-/trading-bot-c-/src/BotCore/Services/NewsIntelligenceEngine.cs(98,17): error CA1848: For improved performance, use the LoggerMessage delegates instead of calling 'LoggerExtensions.LogWarning(ILogger, string?, params object?[])' (https://learn.microsoft.com/dotnet/fundamentals/code-analysis/quality-rules/ca1848) [/home/runner/work/trading-bot-c-/trading-bot-c-/src/BotCore/BotCore.csproj]
/home/runner/work/trading-bot-c-/trading-bot-c-/src/BotCore/Services/NewsIntelligenceEngine.cs(118,13): error CA1848: For improved performance, use the LoggerMessage delegates instead of calling 'LoggerExtensions.LogError(ILogger, Exception?, string?, params object?[])' (https://learn.microsoft.com/dotnet/fundamentals/code-analysis/quality-rules/ca1848) [/home/runner/work/trading-bot-c-/trading-bot-c-/src/BotCore/BotCore.csproj]
/home/runner/work/trading-bot-c-/trading-bot-c-/src/BotCore/Services/NewsIntelligenceEngine.cs(116,9): error CA1031: Modify 'GetLatestNewsIntelligenceAsync' to catch a more specific allowed exception type, or rethrow the exception (https://learn.microsoft.com/dotnet/fundamentals/code-analysis/quality-rules/ca1031) [/home/runner/work/trading-bot-c-/trading-bot-c-/src/BotCore/BotCore.csproj]
/home/runner/work/trading-bot-c-/trading-bot-c-/src/BotCore/Services/NullBreadthDataSource.cs(74,13): error CA1848: For improved performance, use the LoggerMessage delegates instead of calling 'LoggerExtensions.LogError(ILogger, string?, params object?[])' (https://learn.microsoft.com/dotnet/fundamentals/code-analysis/quality-rules/ca1848) [/home/runner/work/trading-bot-c-/trading-bot-c-/src/BotCore/BotCore.csproj]
/home/runner/work/trading-bot-c-/trading-bot-c-/src/BotCore/Services/ProductionMonitoringService.cs(154,17): error CA1848: For improved performance, use the LoggerMessage delegates instead of calling 'LoggerExtensions.LogWarning(ILogger, string?, params object?[])' (https://learn.microsoft.com/dotnet/fundamentals/code-analysis/quality-rules/ca1848) [/home/runner/work/trading-bot-c-/trading-bot-c-/src/BotCore/BotCore.csproj]
/home/runner/work/trading-bot-c-/trading-bot-c-/src/BotCore/Services/OrderExecutionService.cs(154,21): error CA1848: For improved performance, use the LoggerMessage delegates instead of calling 'LoggerExtensions.LogWarning(ILogger, string?, params object?[])' (https://learn.microsoft.com/dotnet/fundamentals/code-analysis/quality-rules/ca1848) [/home/runner/work/trading-bot-c-/trading-bot-c-/src/BotCore/BotCore.csproj]
/home/runner/work/trading-bot-c-/trading-bot-c-/src/BotCore/Services/OrderExecutionService.cs(158,17): error CA1848: For improved performance, use the LoggerMessage delegates instead of calling 'LoggerExtensions.LogInformation(ILogger, string?, params object?[])' (https://learn.microsoft.com/dotnet/fundamentals/code-analysis/quality-rules/ca1848) [/home/runner/work/trading-bot-c-/trading-bot-c-/src/BotCore/BotCore.csproj]
/home/runner/work/trading-bot-c-/trading-bot-c-/src/BotCore/Services/OrderExecutionService.cs(170,21): error CA1848: For improved performance, use the LoggerMessage delegates instead of calling 'LoggerExtensions.LogInformation(ILogger, string?, params object?[])' (https://learn.microsoft.com/dotnet/fundamentals/code-analysis/quality-rules/ca1848) [/home/runner/work/trading-bot-c-/trading-bot-c-/src/BotCore/BotCore.csproj]
/home/runner/work/trading-bot-c-/trading-bot-c-/src/BotCore/Services/OrderExecutionService.cs(174,17): error CA1848: For improved performance, use the LoggerMessage delegates instead of calling 'LoggerExtensions.LogError(ILogger, string?, params object?[])' (https://learn.microsoft.com/dotnet/fundamentals/code-analysis/quality-rules/ca1848) [/home/runner/work/trading-bot-c-/trading-bot-c-/src/BotCore/BotCore.csproj]
/home/runner/work/trading-bot-c-/trading-bot-c-/src/BotCore/Services/OrderExecutionService.cs(179,17): error CA1848: For improved performance, use the LoggerMessage delegates instead of calling 'LoggerExtensions.LogError(ILogger, Exception?, string?, params object?[])' (https://learn.microsoft.com/dotnet/fundamentals/code-analysis/quality-rules/ca1848) [/home/runner/work/trading-bot-c-/trading-bot-c-/src/BotCore/BotCore.csproj]
/home/runner/work/trading-bot-c-/trading-bot-c-/src/BotCore/Services/PerformanceMetricsService.cs(124,13): error CA1848: For improved performance, use the LoggerMessage delegates instead of calling 'LoggerExtensions.LogDebug(ILogger, string?, params object?[])' (https://learn.microsoft.com/dotnet/fundamentals/code-analysis/quality-rules/ca1848) [/home/runner/work/trading-bot-c-/trading-bot-c-/src/BotCore/BotCore.csproj]
/home/runner/work/trading-bot-c-/trading-bot-c-/src/BotCore/Services/OrderExecutionService.cs(177,13): error CA1031: Modify 'ClosePositionAsync' to catch a more specific allowed exception type, or rethrow the exception (https://learn.microsoft.com/dotnet/fundamentals/code-analysis/quality-rules/ca1031) [/home/runner/work/trading-bot-c-/trading-bot-c-/src/BotCore/BotCore.csproj]
/home/runner/work/trading-bot-c-/trading-bot-c-/src/BotCore/Services/NullBreadthDataSource.cs(86,17): error CA1848: For improved performance, use the LoggerMessage delegates instead of calling 'LoggerExtensions.LogWarning(ILogger, string?, params object?[])' (https://learn.microsoft.com/dotnet/fundamentals/code-analysis/quality-rules/ca1848) [/home/runner/work/trading-bot-c-/trading-bot-c-/src/BotCore/BotCore.csproj]
/home/runner/work/trading-bot-c-/trading-bot-c-/src/BotCore/Services/ProductionKillSwitchService.cs(218,21): error CA1848: For improved performance, use the LoggerMessage delegates instead of calling 'LoggerExtensions.LogInformation(ILogger, string?, params object?[])' (https://learn.microsoft.com/dotnet/fundamentals/code-analysis/quality-rules/ca1848) [/home/runner/work/trading-bot-c-/trading-bot-c-/src/BotCore/BotCore.csproj]
/home/runner/work/trading-bot-c-/trading-bot-c-/src/BotCore/Services/ProductionKillSwitchService.cs(222,17): error CA1848: For improved performance, use the LoggerMessage delegates instead of calling 'LoggerExtensions.LogInformation(ILogger, string?, params object?[])' (https://learn.microsoft.com/dotnet/fundamentals/code-analysis/quality-rules/ca1848) [/home/runner/work/trading-bot-c-/trading-bot-c-/src/BotCore/BotCore.csproj]
/home/runner/work/trading-bot-c-/trading-bot-c-/src/BotCore/Services/ProductionKillSwitchService.cs(228,13): error CA1848: For improved performance, use the LoggerMessage delegates instead of calling 'LoggerExtensions.LogWarning(ILogger, Exception?, string?, params object?[])' (https://learn.microsoft.com/dotnet/fundamentals/code-analysis/quality-rules/ca1848) [/home/runner/work/trading-bot-c-/trading-bot-c-/src/BotCore/BotCore.csproj]
/home/runner/work/trading-bot-c-/trading-bot-c-/src/BotCore/Services/ProductionKillSwitchService.cs(232,13): error CA1848: For improved performance, use the LoggerMessage delegates instead of calling 'LoggerExtensions.LogWarning(ILogger, Exception?, string?, params object?[])' (https://learn.microsoft.com/dotnet/fundamentals/code-analysis/quality-rules/ca1848) [/home/runner/work/trading-bot-c-/trading-bot-c-/src/BotCore/BotCore.csproj]
/home/runner/work/trading-bot-c-/trading-bot-c-/src/BotCore/Services/ProductionKillSwitchService.cs(236,13): error CA1848: For improved performance, use the LoggerMessage delegates instead of calling 'LoggerExtensions.LogWarning(ILogger, Exception?, string?, params object?[])' (https://learn.microsoft.com/dotnet/fundamentals/code-analysis/quality-rules/ca1848) [/home/runner/work/trading-bot-c-/trading-bot-c-/src/BotCore/BotCore.csproj]
/home/runner/work/trading-bot-c-/trading-bot-c-/src/BotCore/Services/PortfolioRiskTilts.cs(193,17): error CA1848: For improved performance, use the LoggerMessage delegates instead of calling 'LoggerExtensions.LogError(ILogger, Exception?, string?, params object?[])' (https://learn.microsoft.com/dotnet/fundamentals/code-analysis/quality-rules/ca1848) [/home/runner/work/trading-bot-c-/trading-bot-c-/src/BotCore/BotCore.csproj]
/home/runner/work/trading-bot-c-/trading-bot-c-/src/BotCore/Services/PortfolioRiskTilts.cs(191,13): error CA1031: Modify 'GetCurrentAllocationFactorsAsync' to catch a more specific allowed exception type, or rethrow the exception (https://learn.microsoft.com/dotnet/fundamentals/code-analysis/quality-rules/ca1031) [/home/runner/work/trading-bot-c-/trading-bot-c-/src/BotCore/BotCore.csproj]
/home/runner/work/trading-bot-c-/trading-bot-c-/src/BotCore/Services/ProductionMonitoringService.cs(183,13): error CA1848: For improved performance, use the LoggerMessage delegates instead of calling 'LoggerExtensions.LogDebug(ILogger, string?, params object?[])' (https://learn.microsoft.com/dotnet/fundamentals/code-analysis/quality-rules/ca1848) [/home/runner/work/trading-bot-c-/trading-bot-c-/src/BotCore/BotCore.csproj]
/home/runner/work/trading-bot-c-/trading-bot-c-/src/BotCore/Services/OrderExecutionMetrics.cs(125,13): error CA1848: For improved performance, use the LoggerMessage delegates instead of calling 'LoggerExtensions.LogDebug(ILogger, string?, params object?[])' (https://learn.microsoft.com/dotnet/fundamentals/code-analysis/quality-rules/ca1848) [/home/runner/work/trading-bot-c-/trading-bot-c-/src/BotCore/BotCore.csproj]
/home/runner/work/trading-bot-c-/trading-bot-c-/src/BotCore/Services/OllamaClient.cs(80,13): error CA1848: For improved performance, use the LoggerMessage delegates instead of calling 'LoggerExtensions.LogError(ILogger, Exception?, string?, params object?[])' (https://learn.microsoft.com/dotnet/fundamentals/code-analysis/quality-rules/ca1848) [/home/runner/work/trading-bot-c-/trading-bot-c-/src/BotCore/BotCore.csproj]
/home/runner/work/trading-bot-c-/trading-bot-c-/src/BotCore/Services/OllamaClient.cs(85,13): error CA1848: For improved performance, use the LoggerMessage delegates instead of calling 'LoggerExtensions.LogError(ILogger, Exception?, string?, params object?[])' (https://learn.microsoft.com/dotnet/fundamentals/code-analysis/quality-rules/ca1848) [/home/runner/work/trading-bot-c-/trading-bot-c-/src/BotCore/BotCore.csproj]
/home/runner/work/trading-bot-c-/trading-bot-c-/src/BotCore/Services/OllamaClient.cs(90,13): error CA1848: For improved performance, use the LoggerMessage delegates instead of calling 'LoggerExtensions.LogError(ILogger, Exception?, string?, params object?[])' (https://learn.microsoft.com/dotnet/fundamentals/code-analysis/quality-rules/ca1848) [/home/runner/work/trading-bot-c-/trading-bot-c-/src/BotCore/BotCore.csproj]
/home/runner/work/trading-bot-c-/trading-bot-c-/src/BotCore/Services/OllamaClient.cs(95,13): error CA1848: For improved performance, use the LoggerMessage delegates instead of calling 'LoggerExtensions.LogError(ILogger, Exception?, string?, params object?[])' (https://learn.microsoft.com/dotnet/fundamentals/code-analysis/quality-rules/ca1848) [/home/runner/work/trading-bot-c-/trading-bot-c-/src/BotCore/BotCore.csproj]
/home/runner/work/trading-bot-c-/trading-bot-c-/src/BotCore/Services/OllamaClient.cs(93,9): error CA1031: Modify 'AskAsync' to catch a more specific allowed exception type, or rethrow the exception (https://learn.microsoft.com/dotnet/fundamentals/code-analysis/quality-rules/ca1031) [/home/runner/work/trading-bot-c-/trading-bot-c-/src/BotCore/BotCore.csproj]
/home/runner/work/trading-bot-c-/trading-bot-c-/src/BotCore/Services/OrderExecutionService.cs(193,21): error CA1848: For improved performance, use the LoggerMessage delegates instead of calling 'LoggerExtensions.LogWarning(ILogger, string?, params object?[])' (https://learn.microsoft.com/dotnet/fundamentals/code-analysis/quality-rules/ca1848) [/home/runner/work/trading-bot-c-/trading-bot-c-/src/BotCore/BotCore.csproj]
/home/runner/work/trading-bot-c-/trading-bot-c-/src/BotCore/Services/OrderExecutionService.cs(199,21): error CA1848: For improved performance, use the LoggerMessage delegates instead of calling 'LoggerExtensions.LogError(ILogger, string?, params object?[])' (https://learn.microsoft.com/dotnet/fundamentals/code-analysis/quality-rules/ca1848) [/home/runner/work/trading-bot-c-/trading-bot-c-/src/BotCore/BotCore.csproj]
/home/runner/work/trading-bot-c-/trading-bot-c-/src/BotCore/Services/OrderExecutionService.cs(204,17): error CA1848: For improved performance, use the LoggerMessage delegates instead of calling 'LoggerExtensions.LogInformation(ILogger, string?, params object?[])' (https://learn.microsoft.com/dotnet/fundamentals/code-analysis/quality-rules/ca1848) [/home/runner/work/trading-bot-c-/trading-bot-c-/src/BotCore/BotCore.csproj]
/home/runner/work/trading-bot-c-/trading-bot-c-/src/BotCore/Services/OrderExecutionService.cs(218,25): error CA1848: For improved performance, use the LoggerMessage delegates instead of calling 'LoggerExtensions.LogInformation(ILogger, string?, params object?[])' (https://learn.microsoft.com/dotnet/fundamentals/code-analysis/quality-rules/ca1848) [/home/runner/work/trading-bot-c-/trading-bot-c-/src/BotCore/BotCore.csproj]
/home/runner/work/trading-bot-c-/trading-bot-c-/src/BotCore/Services/OrderExecutionService.cs(226,25): error CA1848: For improved performance, use the LoggerMessage delegates instead of calling 'LoggerExtensions.LogInformation(ILogger, string?, params object?[])' (https://learn.microsoft.com/dotnet/fundamentals/code-analysis/quality-rules/ca1848) [/home/runner/work/trading-bot-c-/trading-bot-c-/src/BotCore/BotCore.csproj]
/home/runner/work/trading-bot-c-/trading-bot-c-/src/BotCore/Services/OrderExecutionService.cs(232,17): error CA1848: For improved performance, use the LoggerMessage delegates instead of calling 'LoggerExtensions.LogError(ILogger, string?, params object?[])' (https://learn.microsoft.com/dotnet/fundamentals/code-analysis/quality-rules/ca1848) [/home/runner/work/trading-bot-c-/trading-bot-c-/src/BotCore/BotCore.csproj]
/home/runner/work/trading-bot-c-/trading-bot-c-/src/BotCore/Services/OrderExecutionService.cs(237,17): error CA1848: For improved performance, use the LoggerMessage delegates instead of calling 'LoggerExtensions.LogError(ILogger, Exception?, string?, params object?[])' (https://learn.microsoft.com/dotnet/fundamentals/code-analysis/quality-rules/ca1848) [/home/runner/work/trading-bot-c-/trading-bot-c-/src/BotCore/BotCore.csproj]
/home/runner/work/trading-bot-c-/trading-bot-c-/src/BotCore/Services/OrderExecutionService.cs(235,13): error CA1031: Modify 'ClosePositionAsync' to catch a more specific allowed exception type, or rethrow the exception (https://learn.microsoft.com/dotnet/fundamentals/code-analysis/quality-rules/ca1031) [/home/runner/work/trading-bot-c-/trading-bot-c-/src/BotCore/BotCore.csproj]
/home/runner/work/trading-bot-c-/trading-bot-c-/src/BotCore/Services/NewsIntelligenceEngine.cs(150,13): error CA1848: For improved performance, use the LoggerMessage delegates instead of calling 'LoggerExtensions.LogError(ILogger, Exception?, string?, params object?[])' (https://learn.microsoft.com/dotnet/fundamentals/code-analysis/quality-rules/ca1848) [/home/runner/work/trading-bot-c-/trading-bot-c-/src/BotCore/BotCore.csproj]
/home/runner/work/trading-bot-c-/trading-bot-c-/src/BotCore/Services/OllamaClient.cs(111,9): error CA1031: Modify 'IsConnectedAsync' to catch a more specific allowed exception type, or rethrow the exception (https://learn.microsoft.com/dotnet/fundamentals/code-analysis/quality-rules/ca1031) [/home/runner/work/trading-bot-c-/trading-bot-c-/src/BotCore/BotCore.csproj]
/home/runner/work/trading-bot-c-/trading-bot-c-/src/BotCore/Services/NewsIntelligenceEngine.cs(148,9): error CA1031: Modify 'FetchNewsFromSourcesAsync' to catch a more specific allowed exception type, or rethrow the exception (https://learn.microsoft.com/dotnet/fundamentals/code-analysis/quality-rules/ca1031) [/home/runner/work/trading-bot-c-/trading-bot-c-/src/BotCore/BotCore.csproj]
/home/runner/work/trading-bot-c-/trading-bot-c-/src/BotCore/Services/OrderExecutionMetrics.cs(162,13): error CA1848: For improved performance, use the LoggerMessage delegates instead of calling 'LoggerExtensions.LogTrace(ILogger, string?, params object?[])' (https://learn.microsoft.com/dotnet/fundamentals/code-analysis/quality-rules/ca1848) [/home/runner/work/trading-bot-c-/trading-bot-c-/src/BotCore/BotCore.csproj]
/home/runner/work/trading-bot-c-/trading-bot-c-/src/BotCore/Services/OrderExecutionService.cs(251,21): error CA1848: For improved performance, use the LoggerMessage delegates instead of calling 'LoggerExtensions.LogWarning(ILogger, string?, params object?[])' (https://learn.microsoft.com/dotnet/fundamentals/code-analysis/quality-rules/ca1848) [/home/runner/work/trading-bot-c-/trading-bot-c-/src/BotCore/BotCore.csproj]
/home/runner/work/trading-bot-c-/trading-bot-c-/src/BotCore/Services/OrderExecutionService.cs(255,17): error CA1848: For improved performance, use the LoggerMessage delegates instead of calling 'LoggerExtensions.LogInformation(ILogger, string?, params object?[])' (https://learn.microsoft.com/dotnet/fundamentals/code-analysis/quality-rules/ca1848) [/home/runner/work/trading-bot-c-/trading-bot-c-/src/BotCore/BotCore.csproj]
/home/runner/work/trading-bot-c-/trading-bot-c-/src/BotCore/Services/OrderExecutionService.cs(266,21): error CA1848: For improved performance, use the LoggerMessage delegates instead of calling 'LoggerExtensions.LogInformation(ILogger, string?, params object?[])' (https://learn.microsoft.com/dotnet/fundamentals/code-analysis/quality-rules/ca1848) [/home/runner/work/trading-bot-c-/trading-bot-c-/src/BotCore/BotCore.csproj]
/home/runner/work/trading-bot-c-/trading-bot-c-/src/BotCore/Services/OrderExecutionService.cs(270,17): error CA1848: For improved performance, use the LoggerMessage delegates instead of calling 'LoggerExtensions.LogError(ILogger, string?, params object?[])' (https://learn.microsoft.com/dotnet/fundamentals/code-analysis/quality-rules/ca1848) [/home/runner/work/trading-bot-c-/trading-bot-c-/src/BotCore/BotCore.csproj]
/home/runner/work/trading-bot-c-/trading-bot-c-/src/BotCore/Services/OrderExecutionService.cs(275,17): error CA1848: For improved performance, use the LoggerMessage delegates instead of calling 'LoggerExtensions.LogError(ILogger, Exception?, string?, params object?[])' (https://learn.microsoft.com/dotnet/fundamentals/code-analysis/quality-rules/ca1848) [/home/runner/work/trading-bot-c-/trading-bot-c-/src/BotCore/BotCore.csproj]
/home/runner/work/trading-bot-c-/trading-bot-c-/src/BotCore/Services/OrderExecutionService.cs(273,13): error CA1031: Modify 'ModifyStopLossAsync' to catch a more specific allowed exception type, or rethrow the exception (https://learn.microsoft.com/dotnet/fundamentals/code-analysis/quality-rules/ca1031) [/home/runner/work/trading-bot-c-/trading-bot-c-/src/BotCore/BotCore.csproj]
/home/runner/work/trading-bot-c-/trading-bot-c-/src/BotCore/Services/UnifiedPositionManagementService.cs(2603,25): error CA1848: For improved performance, use the LoggerMessage delegates instead of calling 'LoggerExtensions.LogInformation(ILogger, string?, params object?[])' (https://learn.microsoft.com/dotnet/fundamentals/code-analysis/quality-rules/ca1848) [/home/runner/work/trading-bot-c-/trading-bot-c-/src/BotCore/BotCore.csproj]
/home/runner/work/trading-bot-c-/trading-bot-c-/src/BotCore/Services/UnifiedPositionManagementService.cs(2608,21): error CA1848: For improved performance, use the LoggerMessage delegates instead of calling 'LoggerExtensions.LogError(ILogger, Exception?, string?, params object?[])' (https://learn.microsoft.com/dotnet/fundamentals/code-analysis/quality-rules/ca1848) [/home/runner/work/trading-bot-c-/trading-bot-c-/src/BotCore/BotCore.csproj]
/home/runner/work/trading-bot-c-/trading-bot-c-/src/BotCore/Services/OrderExecutionMetrics.cs(182,13): error CA1848: For improved performance, use the LoggerMessage delegates instead of calling 'LoggerExtensions.LogTrace(ILogger, string?, params object?[])' (https://learn.microsoft.com/dotnet/fundamentals/code-analysis/quality-rules/ca1848) [/home/runner/work/trading-bot-c-/trading-bot-c-/src/BotCore/BotCore.csproj]
/home/runner/work/trading-bot-c-/trading-bot-c-/src/BotCore/Services/UnifiedPositionManagementService.cs(2606,17): error CA1031: Modify 'ExplainProgressiveTighteningFireAndForget' to catch a more specific allowed exception type, or rethrow the exception (https://learn.microsoft.com/dotnet/fundamentals/code-analysis/quality-rules/ca1031) [/home/runner/work/trading-bot-c-/trading-bot-c-/src/BotCore/BotCore.csproj]
/home/runner/work/trading-bot-c-/trading-bot-c-/src/BotCore/Services/ProductionKillSwitchService.cs(315,13): error CA1848: For improved performance, use the LoggerMessage delegates instead of calling 'LoggerExtensions.LogCritical(ILogger, string?, params object?[])' (https://learn.microsoft.com/dotnet/fundamentals/code-analysis/quality-rules/ca1848) [/home/runner/work/trading-bot-c-/trading-bot-c-/src/BotCore/BotCore.csproj]
/home/runner/work/trading-bot-c-/trading-bot-c-/src/BotCore/Services/ProductionKillSwitchService.cs(319,13): error CA1848: For improved performance, use the LoggerMessage delegates instead of calling 'LoggerExtensions.LogInformation(ILogger, string?, params object?[])' (https://learn.microsoft.com/dotnet/fundamentals/code-analysis/quality-rules/ca1848) [/home/runner/work/trading-bot-c-/trading-bot-c-/src/BotCore/BotCore.csproj]
/home/runner/work/trading-bot-c-/trading-bot-c-/src/BotCore/Services/ProductionKillSwitchService.cs(324,13): error CA1848: For improved performance, use the LoggerMessage delegates instead of calling 'LoggerExtensions.LogError(ILogger, Exception?, string?, params object?[])' (https://learn.microsoft.com/dotnet/fundamentals/code-analysis/quality-rules/ca1848) [/home/runner/work/trading-bot-c-/trading-bot-c-/src/BotCore/BotCore.csproj]
/home/runner/work/trading-bot-c-/trading-bot-c-/src/BotCore/Services/ProductionKillSwitchService.cs(328,13): error CA1848: For improved performance, use the LoggerMessage delegates instead of calling 'LoggerExtensions.LogError(ILogger, Exception?, string?, params object?[])' (https://learn.microsoft.com/dotnet/fundamentals/code-analysis/quality-rules/ca1848) [/home/runner/work/trading-bot-c-/trading-bot-c-/src/BotCore/BotCore.csproj]
/home/runner/work/trading-bot-c-/trading-bot-c-/src/BotCore/Services/ProductionKillSwitchService.cs(341,17): error CA1848: For improved performance, use the LoggerMessage delegates instead of calling 'LoggerExtensions.LogDebug(ILogger, string?, params object?[])' (https://learn.microsoft.com/dotnet/fundamentals/code-analysis/quality-rules/ca1848) [/home/runner/work/trading-bot-c-/trading-bot-c-/src/BotCore/BotCore.csproj]
/home/runner/work/trading-bot-c-/trading-bot-c-/src/BotCore/Services/ProductionKillSwitchService.cs(349,17): error CA1848: For improved performance, use the LoggerMessage delegates instead of calling 'LoggerExtensions.LogError(ILogger, Exception?, string?, params object?[])' (https://learn.microsoft.com/dotnet/fundamentals/code-analysis/quality-rules/ca1848) [/home/runner/work/trading-bot-c-/trading-bot-c-/src/BotCore/BotCore.csproj]
/home/runner/work/trading-bot-c-/trading-bot-c-/src/BotCore/Services/OrderExecutionMetrics.cs(200,13): error CA1848: For improved performance, use the LoggerMessage delegates instead of calling 'LoggerExtensions.LogTrace(ILogger, string?, params object?[])' (https://learn.microsoft.com/dotnet/fundamentals/code-analysis/quality-rules/ca1848) [/home/runner/work/trading-bot-c-/trading-bot-c-/src/BotCore/BotCore.csproj]
/home/runner/work/trading-bot-c-/trading-bot-c-/src/BotCore/Services/OrderExecutionService.cs(289,21): error CA1848: For improved performance, use the LoggerMessage delegates instead of calling 'LoggerExtensions.LogWarning(ILogger, string?, params object?[])' (https://learn.microsoft.com/dotnet/fundamentals/code-analysis/quality-rules/ca1848) [/home/runner/work/trading-bot-c-/trading-bot-c-/src/BotCore/BotCore.csproj]
/home/runner/work/trading-bot-c-/trading-bot-c-/src/BotCore/Services/OrderExecutionService.cs(293,17): error CA1848: For improved performance, use the LoggerMessage delegates instead of calling 'LoggerExtensions.LogInformation(ILogger, string?, params object?[])' (https://learn.microsoft.com/dotnet/fundamentals/code-analysis/quality-rules/ca1848) [/home/runner/work/trading-bot-c-/trading-bot-c-/src/BotCore/BotCore.csproj]
/home/runner/work/trading-bot-c-/trading-bot-c-/src/BotCore/Services/OrderExecutionService.cs(304,21): error CA1848: For improved performance, use the LoggerMessage delegates instead of calling 'LoggerExtensions.LogInformation(ILogger, string?, params object?[])' (https://learn.microsoft.com/dotnet/fundamentals/code-analysis/quality-rules/ca1848) [/home/runner/work/trading-bot-c-/trading-bot-c-/src/BotCore/BotCore.csproj]
/home/runner/work/trading-bot-c-/trading-bot-c-/src/BotCore/Services/OrderExecutionService.cs(308,17): error CA1848: For improved performance, use the LoggerMessage delegates instead of calling 'LoggerExtensions.LogError(ILogger, string?, params object?[])' (https://learn.microsoft.com/dotnet/fundamentals/code-analysis/quality-rules/ca1848) [/home/runner/work/trading-bot-c-/trading-bot-c-/src/BotCore/BotCore.csproj]
/home/runner/work/trading-bot-c-/trading-bot-c-/src/BotCore/Services/OrderExecutionService.cs(313,17): error CA1848: For improved performance, use the LoggerMessage delegates instead of calling 'LoggerExtensions.LogError(ILogger, Exception?, string?, params object?[])' (https://learn.microsoft.com/dotnet/fundamentals/code-analysis/quality-rules/ca1848) [/home/runner/work/trading-bot-c-/trading-bot-c-/src/BotCore/BotCore.csproj]
/home/runner/work/trading-bot-c-/trading-bot-c-/src/BotCore/Services/OrderExecutionService.cs(311,13): error CA1031: Modify 'ModifyTakeProfitAsync' to catch a more specific allowed exception type, or rethrow the exception (https://learn.microsoft.com/dotnet/fundamentals/code-analysis/quality-rules/ca1031) [/home/runner/work/trading-bot-c-/trading-bot-c-/src/BotCore/BotCore.csproj]
/home/runner/work/trading-bot-c-/trading-bot-c-/src/BotCore/Services/ProductionMonitoringService.cs(236,9): error CA1848: For improved performance, use the LoggerMessage delegates instead of calling 'LoggerExtensions.LogInformation(ILogger, string?, params object?[])' (https://learn.microsoft.com/dotnet/fundamentals/code-analysis/quality-rules/ca1848) [/home/runner/work/trading-bot-c-/trading-bot-c-/src/BotCore/BotCore.csproj]
/home/runner/work/trading-bot-c-/trading-bot-c-/src/BotCore/Services/PerformanceTracker.cs(176,13): error CA1848: For improved performance, use the LoggerMessage delegates instead of calling 'LoggerExtensions.LogInformation(ILogger, string?, params object?[])' (https://learn.microsoft.com/dotnet/fundamentals/code-analysis/quality-rules/ca1848) [/home/runner/work/trading-bot-c-/trading-bot-c-/src/BotCore/BotCore.csproj]
/home/runner/work/trading-bot-c-/trading-bot-c-/src/BotCore/Services/PerformanceTracker.cs(181,13): error CA1848: For improved performance, use the LoggerMessage delegates instead of calling 'LoggerExtensions.LogError(ILogger, Exception?, string?, params object?[])' (https://learn.microsoft.com/dotnet/fundamentals/code-analysis/quality-rules/ca1848) [/home/runner/work/trading-bot-c-/trading-bot-c-/src/BotCore/BotCore.csproj]
/home/runner/work/trading-bot-c-/trading-bot-c-/src/BotCore/Services/PerformanceTracker.cs(185,13): error CA1848: For improved performance, use the LoggerMessage delegates instead of calling 'LoggerExtensions.LogError(ILogger, Exception?, string?, params object?[])' (https://learn.microsoft.com/dotnet/fundamentals/code-analysis/quality-rules/ca1848) [/home/runner/work/trading-bot-c-/trading-bot-c-/src/BotCore/BotCore.csproj]
/home/runner/work/trading-bot-c-/trading-bot-c-/src/BotCore/Services/PerformanceTracker.cs(189,13): error CA1848: For improved performance, use the LoggerMessage delegates instead of calling 'LoggerExtensions.LogError(ILogger, Exception?, string?, params object?[])' (https://learn.microsoft.com/dotnet/fundamentals/code-analysis/quality-rules/ca1848) [/home/runner/work/trading-bot-c-/trading-bot-c-/src/BotCore/BotCore.csproj]
/home/runner/work/trading-bot-c-/trading-bot-c-/src/BotCore/Services/PerformanceTracker.cs(193,13): error CA1848: For improved performance, use the LoggerMessage delegates instead of calling 'LoggerExtensions.LogError(ILogger, Exception?, string?, params object?[])' (https://learn.microsoft.com/dotnet/fundamentals/code-analysis/quality-rules/ca1848) [/home/runner/work/trading-bot-c-/trading-bot-c-/src/BotCore/BotCore.csproj]
/home/runner/work/trading-bot-c-/trading-bot-c-/src/BotCore/Services/ModelRotationService.cs(53,13): error CA1848: For improved performance, use the LoggerMessage delegates instead of calling 'LoggerExtensions.LogInformation(ILogger, string?, params object?[])' (https://learn.microsoft.com/dotnet/fundamentals/code-analysis/quality-rules/ca1848) [/home/runner/work/trading-bot-c-/trading-bot-c-/src/BotCore/BotCore.csproj]
/home/runner/work/trading-bot-c-/trading-bot-c-/src/BotCore/Services/ModelRotationService.cs(61,13): error CA1848: For improved performance, use the LoggerMessage delegates instead of calling 'LoggerExtensions.LogInformation(ILogger, string?, params object?[])' (https://learn.microsoft.com/dotnet/fundamentals/code-analysis/quality-rules/ca1848) [/home/runner/work/trading-bot-c-/trading-bot-c-/src/BotCore/BotCore.csproj]
/home/runner/work/trading-bot-c-/trading-bot-c-/src/BotCore/Services/ModelEnsembleService.cs(49,9): error CA1848: For improved performance, use the LoggerMessage delegates instead of calling 'LoggerExtensions.LogInformation(ILogger, string?, params object?[])' (https://learn.microsoft.com/dotnet/fundamentals/code-analysis/quality-rules/ca1848) [/home/runner/work/trading-bot-c-/trading-bot-c-/src/BotCore/BotCore.csproj]
/home/runner/work/trading-bot-c-/trading-bot-c-/src/BotCore/Services/ModelRotationService.cs(82,21): error CA1848: For improved performance, use the LoggerMessage delegates instead of calling 'LoggerExtensions.LogError(ILogger, Exception?, string?, params object?[])' (https://learn.microsoft.com/dotnet/fundamentals/code-analysis/quality-rules/ca1848) [/home/runner/work/trading-bot-c-/trading-bot-c-/src/BotCore/BotCore.csproj]
/home/runner/work/trading-bot-c-/trading-bot-c-/src/BotCore/Services/ModelRotationService.cs(80,17): error CA1031: Modify 'CheckForRotationCallback' to catch a more specific allowed exception type, or rethrow the exception (https://learn.microsoft.com/dotnet/fundamentals/code-analysis/quality-rules/ca1031) [/home/runner/work/trading-bot-c-/trading-bot-c-/src/BotCore/BotCore.csproj]
/home/runner/work/trading-bot-c-/trading-bot-c-/src/BotCore/Services/OrderExecutionService.cs(322,29): error S1541: The Cyclomatic Complexity of this method is 11 which is greater than 10 authorized. (https://rules.sonarsource.com/csharp/RSPEC-1541) [/home/runner/work/trading-bot-c-/trading-bot-c-/src/BotCore/BotCore.csproj]
/home/runner/work/trading-bot-c-/trading-bot-c-/src/BotCore/Services/OrderExecutionService.cs(326,17): error CA1848: For improved performance, use the LoggerMessage delegates instead of calling 'LoggerExtensions.LogInformation(ILogger, string?, params object?[])' (https://learn.microsoft.com/dotnet/fundamentals/code-analysis/quality-rules/ca1848) [/home/runner/work/trading-bot-c-/trading-bot-c-/src/BotCore/BotCore.csproj]
/home/runner/work/trading-bot-c-/trading-bot-c-/src/BotCore/Services/OrderExecutionService.cs(371,21): error CA1848: For improved performance, use the LoggerMessage delegates instead of calling 'LoggerExtensions.LogInformation(ILogger, string?, params object?[])' (https://learn.microsoft.com/dotnet/fundamentals/code-analysis/quality-rules/ca1848) [/home/runner/work/trading-bot-c-/trading-bot-c-/src/BotCore/BotCore.csproj]
/home/runner/work/trading-bot-c-/trading-bot-c-/src/BotCore/Services/OrderExecutionService.cs(379,17): error CA1848: For improved performance, use the LoggerMessage delegates instead of calling 'LoggerExtensions.LogInformation(ILogger, string?, params object?[])' (https://learn.microsoft.com/dotnet/fundamentals/code-analysis/quality-rules/ca1848) [/home/runner/work/trading-bot-c-/trading-bot-c-/src/BotCore/BotCore.csproj]
/home/runner/work/trading-bot-c-/trading-bot-c-/src/BotCore/Services/OrderExecutionService.cs(384,17): error CA1848: For improved performance, use the LoggerMessage delegates instead of calling 'LoggerExtensions.LogError(ILogger, Exception?, string?, params object?[])' (https://learn.microsoft.com/dotnet/fundamentals/code-analysis/quality-rules/ca1848) [/home/runner/work/trading-bot-c-/trading-bot-c-/src/BotCore/BotCore.csproj]
/home/runner/work/trading-bot-c-/trading-bot-c-/src/BotCore/Services/OrderExecutionService.cs(382,13): error CA1031: Modify 'PlaceMarketOrderAsync' to catch a more specific allowed exception type, or rethrow the exception (https://learn.microsoft.com/dotnet/fundamentals/code-analysis/quality-rules/ca1031) [/home/runner/work/trading-bot-c-/trading-bot-c-/src/BotCore/BotCore.csproj]
/home/runner/work/trading-bot-c-/trading-bot-c-/src/BotCore/Services/OrderExecutionService.cs(404,17): error CA1848: For improved performance, use the LoggerMessage delegates instead of calling 'LoggerExtensions.LogInformation(ILogger, string?, params object?[])' (https://learn.microsoft.com/dotnet/fundamentals/code-analysis/quality-rules/ca1848) [/home/runner/work/trading-bot-c-/trading-bot-c-/src/BotCore/BotCore.csproj]
/home/runner/work/trading-bot-c-/trading-bot-c-/src/BotCore/Services/OrderExecutionService.cs(426,17): error CA1848: For improved performance, use the LoggerMessage delegates instead of calling 'LoggerExtensions.LogInformation(ILogger, string?, params object?[])' (https://learn.microsoft.com/dotnet/fundamentals/code-analysis/quality-rules/ca1848) [/home/runner/work/trading-bot-c-/trading-bot-c-/src/BotCore/BotCore.csproj]
/home/runner/work/trading-bot-c-/trading-bot-c-/src/BotCore/Services/OrderExecutionService.cs(431,17): error CA1848: For improved performance, use the LoggerMessage delegates instead of calling 'LoggerExtensions.LogError(ILogger, Exception?, string?, params object?[])' (https://learn.microsoft.com/dotnet/fundamentals/code-analysis/quality-rules/ca1848) [/home/runner/work/trading-bot-c-/trading-bot-c-/src/BotCore/BotCore.csproj]
/home/runner/work/trading-bot-c-/trading-bot-c-/src/BotCore/Services/OrderExecutionService.cs(429,13): error CA1031: Modify 'PlaceLimitOrderAsync' to catch a more specific allowed exception type, or rethrow the exception (https://learn.microsoft.com/dotnet/fundamentals/code-analysis/quality-rules/ca1031) [/home/runner/work/trading-bot-c-/trading-bot-c-/src/BotCore/BotCore.csproj]
/home/runner/work/trading-bot-c-/trading-bot-c-/src/BotCore/Services/MarketTimeService.cs(44,13): error CA1848: For improved performance, use the LoggerMessage delegates instead of calling 'LoggerExtensions.LogTrace(ILogger, string?, params object?[])' (https://learn.microsoft.com/dotnet/fundamentals/code-analysis/quality-rules/ca1848) [/home/runner/work/trading-bot-c-/trading-bot-c-/src/BotCore/BotCore.csproj]
/home/runner/work/trading-bot-c-/trading-bot-c-/src/BotCore/Services/MasterDecisionOrchestrator.cs(138,9): error CA1848: For improved performance, use the LoggerMessage delegates instead of calling 'LoggerExtensions.LogInformation(ILogger, string?, params object?[])' (https://learn.microsoft.com/dotnet/fundamentals/code-analysis/quality-rules/ca1848) [/home/runner/work/trading-bot-c-/trading-bot-c-/src/BotCore/BotCore.csproj]
/home/runner/work/trading-bot-c-/trading-bot-c-/src/BotCore/Services/MasterDecisionOrchestrator.cs(139,9): error CA1848: For improved performance, use the LoggerMessage delegates instead of calling 'LoggerExtensions.LogInformation(ILogger, string?, params object?[])' (https://learn.microsoft.com/dotnet/fundamentals/code-analysis/quality-rules/ca1848) [/home/runner/work/trading-bot-c-/trading-bot-c-/src/BotCore/BotCore.csproj]
/home/runner/work/trading-bot-c-/trading-bot-c-/src/BotCore/Services/OrderExecutionService.cs(440,17): error CA1848: For improved performance, use the LoggerMessage delegates instead of calling 'LoggerExtensions.LogInformation(ILogger, string?, params object?[])' (https://learn.microsoft.com/dotnet/fundamentals/code-analysis/quality-rules/ca1848) [/home/runner/work/trading-bot-c-/trading-bot-c-/src/BotCore/BotCore.csproj]
/home/runner/work/trading-bot-c-/trading-bot-c-/src/BotCore/Services/OrderExecutionService.cs(462,17): error CA1848: For improved performance, use the LoggerMessage delegates instead of calling 'LoggerExtensions.LogInformation(ILogger, string?, params object?[])' (https://learn.microsoft.com/dotnet/fundamentals/code-analysis/quality-rules/ca1848) [/home/runner/work/trading-bot-c-/trading-bot-c-/src/BotCore/BotCore.csproj]
/home/runner/work/trading-bot-c-/trading-bot-c-/src/BotCore/Services/OrderExecutionService.cs(467,17): error CA1848: For improved performance, use the LoggerMessage delegates instead of calling 'LoggerExtensions.LogError(ILogger, Exception?, string?, params object?[])' (https://learn.microsoft.com/dotnet/fundamentals/code-analysis/quality-rules/ca1848) [/home/runner/work/trading-bot-c-/trading-bot-c-/src/BotCore/BotCore.csproj]
/home/runner/work/trading-bot-c-/trading-bot-c-/src/BotCore/Services/OrderExecutionService.cs(465,13): error CA1031: Modify 'PlaceStopOrderAsync' to catch a more specific allowed exception type, or rethrow the exception (https://learn.microsoft.com/dotnet/fundamentals/code-analysis/quality-rules/ca1031) [/home/runner/work/trading-bot-c-/trading-bot-c-/src/BotCore/BotCore.csproj]
/home/runner/work/trading-bot-c-/trading-bot-c-/src/BotCore/Services/NewsIntelligenceEngine.cs(214,13): error CA1848: For improved performance, use the LoggerMessage delegates instead of calling 'LoggerExtensions.LogInformation(ILogger, string?, params object?[])' (https://learn.microsoft.com/dotnet/fundamentals/code-analysis/quality-rules/ca1848) [/home/runner/work/trading-bot-c-/trading-bot-c-/src/BotCore/BotCore.csproj]
/home/runner/work/trading-bot-c-/trading-bot-c-/src/BotCore/Services/NewsIntelligenceEngine.cs(223,13): error CA1848: For improved performance, use the LoggerMessage delegates instead of calling 'LoggerExtensions.LogError(ILogger, Exception?, string?, params object?[])' (https://learn.microsoft.com/dotnet/fundamentals/code-analysis/quality-rules/ca1848) [/home/runner/work/trading-bot-c-/trading-bot-c-/src/BotCore/BotCore.csproj]
/home/runner/work/trading-bot-c-/trading-bot-c-/src/BotCore/Services/NewsIntelligenceEngine.cs(221,9): error CA1031: Modify 'GetMarketSentimentAsync' to catch a more specific allowed exception type, or rethrow the exception (https://learn.microsoft.com/dotnet/fundamentals/code-analysis/quality-rules/ca1031) [/home/runner/work/trading-bot-c-/trading-bot-c-/src/BotCore/BotCore.csproj]
/home/runner/work/trading-bot-c-/trading-bot-c-/src/BotCore/Services/ModelRotationService.cs(138,21): error S3626: Remove this redundant jump. (https://rules.sonarsource.com/csharp/RSPEC-3626) [/home/runner/work/trading-bot-c-/trading-bot-c-/src/BotCore/BotCore.csproj]
/home/runner/work/trading-bot-c-/trading-bot-c-/src/BotCore/Services/MarketDataStalenessService.cs(62,9): error CA1848: For improved performance, use the LoggerMessage delegates instead of calling 'LoggerExtensions.LogInformation(ILogger, string?, params object?[])' (https://learn.microsoft.com/dotnet/fundamentals/code-analysis/quality-rules/ca1848) [/home/runner/work/trading-bot-c-/trading-bot-c-/src/BotCore/BotCore.csproj]
/home/runner/work/trading-bot-c-/trading-bot-c-/src/BotCore/Services/ModelVersionVerificationService.cs(65,47): error S138: This method 'VerifyModelVersionAsync' has 86 lines, which is greater than the 80 lines authorized. Split it into smaller methods. (https://rules.sonarsource.com/csharp/RSPEC-138) [/home/runner/work/trading-bot-c-/trading-bot-c-/src/BotCore/BotCore.csproj]
/home/runner/work/trading-bot-c-/trading-bot-c-/src/BotCore/Services/ModelRotationService.cs(104,25): error CA1848: For improved performance, use the LoggerMessage delegates instead of calling 'LoggerExtensions.LogTrace(ILogger, string?, params object?[])' (https://learn.microsoft.com/dotnet/fundamentals/code-analysis/quality-rules/ca1848) [/home/runner/work/trading-bot-c-/trading-bot-c-/src/BotCore/BotCore.csproj]
/home/runner/work/trading-bot-c-/trading-bot-c-/src/BotCore/Services/ModelRotationService.cs(109,21): error CA1848: For improved performance, use the LoggerMessage delegates instead of calling 'LoggerExtensions.LogInformation(ILogger, string?, params object?[])' (https://learn.microsoft.com/dotnet/fundamentals/code-analysis/quality-rules/ca1848) [/home/runner/work/trading-bot-c-/trading-bot-c-/src/BotCore/BotCore.csproj]
/home/runner/work/trading-bot-c-/trading-bot-c-/src/BotCore/Services/ModelRotationService.cs(116,25): error CA1848: For improved performance, use the LoggerMessage delegates instead of calling 'LoggerExtensions.LogError(ILogger, string?, params object?[])' (https://learn.microsoft.com/dotnet/fundamentals/code-analysis/quality-rules/ca1848) [/home/runner/work/trading-bot-c-/trading-bot-c-/src/BotCore/BotCore.csproj]
/home/runner/work/trading-bot-c-/trading-bot-c-/src/BotCore/Services/ModelRotationService.cs(137,21): error CA1848: For improved performance, use the LoggerMessage delegates instead of calling 'LoggerExtensions.LogInformation(ILogger, string?, params object?[])' (https://learn.microsoft.com/dotnet/fundamentals/code-analysis/quality-rules/ca1848) [/home/runner/work/trading-bot-c-/trading-bot-c-/src/BotCore/BotCore.csproj]
/home/runner/work/trading-bot-c-/trading-bot-c-/src/BotCore/Services/ModelRotationService.cs(142,21): error CA1848: For improved performance, use the LoggerMessage delegates instead of calling 'LoggerExtensions.LogError(ILogger, Exception?, string?, params object?[])' (https://learn.microsoft.com/dotnet/fundamentals/code-analysis/quality-rules/ca1848) [/home/runner/work/trading-bot-c-/trading-bot-c-/src/BotCore/BotCore.csproj]
/home/runner/work/trading-bot-c-/trading-bot-c-/src/BotCore/Services/ModelEnsembleService.cs(99,24): error S1696: Do not catch NullReferenceException; test for null instead. (https://rules.sonarsource.com/csharp/RSPEC-1696) [/home/runner/work/trading-bot-c-/trading-bot-c-/src/BotCore/BotCore.csproj]
/home/runner/work/trading-bot-c-/trading-bot-c-/src/BotCore/Services/ModelEnsembleService.cs(132,16): error S1696: Do not catch NullReferenceException; test for null instead. (https://rules.sonarsource.com/csharp/RSPEC-1696) [/home/runner/work/trading-bot-c-/trading-bot-c-/src/BotCore/BotCore.csproj]
/home/runner/work/trading-bot-c-/trading-bot-c-/src/BotCore/Services/ProductionMonitoringService.cs(275,9): error CA1031: Modify 'CheckModelHealthAsync' to catch a more specific allowed exception type, or rethrow the exception (https://learn.microsoft.com/dotnet/fundamentals/code-analysis/quality-rules/ca1031) [/home/runner/work/trading-bot-c-/trading-bot-c-/src/BotCore/BotCore.csproj]
/home/runner/work/trading-bot-c-/trading-bot-c-/src/BotCore/Services/ModelVersionVerificationService.cs(71,17): error CA1848: For improved performance, use the LoggerMessage delegates instead of calling 'LoggerExtensions.LogInformation(ILogger, string?, params object?[])' (https://learn.microsoft.com/dotnet/fundamentals/code-analysis/quality-rules/ca1848) [/home/runner/work/trading-bot-c-/trading-bot-c-/src/BotCore/BotCore.csproj]
/home/runner/work/trading-bot-c-/trading-bot-c-/src/BotCore/Services/ModelVersionVerificationService.cs(102,21): error CA1848: For improved performance, use the LoggerMessage delegates instead of calling 'LoggerExtensions.LogWarning(ILogger, string?, params object?[])' (https://learn.microsoft.com/dotnet/fundamentals/code-analysis/quality-rules/ca1848) [/home/runner/work/trading-bot-c-/trading-bot-c-/src/BotCore/BotCore.csproj]
/home/runner/work/trading-bot-c-/trading-bot-c-/src/BotCore/Services/ModelVersionVerificationService.cs(161,21): error CA1848: For improved performance, use the LoggerMessage delegates instead of calling 'LoggerExtensions.LogInformation(ILogger, string?, params object?[])' (https://learn.microsoft.com/dotnet/fundamentals/code-analysis/quality-rules/ca1848) [/home/runner/work/trading-bot-c-/trading-bot-c-/src/BotCore/BotCore.csproj]
/home/runner/work/trading-bot-c-/trading-bot-c-/src/BotCore/Services/ModelVersionVerificationService.cs(166,21): error CA1848: For improved performance, use the LoggerMessage delegates instead of calling 'LoggerExtensions.LogWarning(ILogger, string?, params object?[])' (https://learn.microsoft.com/dotnet/fundamentals/code-analysis/quality-rules/ca1848) [/home/runner/work/trading-bot-c-/trading-bot-c-/src/BotCore/BotCore.csproj]
/home/runner/work/trading-bot-c-/trading-bot-c-/src/BotCore/Services/ModelVersionVerificationService.cs(174,17): error CA1848: For improved performance, use the LoggerMessage delegates instead of calling 'LoggerExtensions.LogError(ILogger, Exception?, string?, params object?[])' (https://learn.microsoft.com/dotnet/fundamentals/code-analysis/quality-rules/ca1848) [/home/runner/work/trading-bot-c-/trading-bot-c-/src/BotCore/BotCore.csproj]
/home/runner/work/trading-bot-c-/trading-bot-c-/src/BotCore/Services/ModelVersionVerificationService.cs(172,13): error CA1031: Modify 'VerifyModelVersionAsync' to catch a more specific allowed exception type, or rethrow the exception (https://learn.microsoft.com/dotnet/fundamentals/code-analysis/quality-rules/ca1031) [/home/runner/work/trading-bot-c-/trading-bot-c-/src/BotCore/BotCore.csproj]
/home/runner/work/trading-bot-c-/trading-bot-c-/src/BotCore/Services/ModelEnsembleService.cs(70,40): error CA2016: Forward the 'cancellationToken' parameter to the 'GetActiveModelsAsync' method or pass in 'CancellationToken.None' explicitly to indicate intentionally not propagating the token (https://learn.microsoft.com/dotnet/fundamentals/code-analysis/quality-rules/ca2016) [/home/runner/work/trading-bot-c-/trading-bot-c-/src/BotCore/BotCore.csproj]
/home/runner/work/trading-bot-c-/trading-bot-c-/src/BotCore/Services/ModelEnsembleService.cs(91,21): error CA1848: For improved performance, use the LoggerMessage delegates instead of calling 'LoggerExtensions.LogWarning(ILogger, Exception?, string?, params object?[])' (https://learn.microsoft.com/dotnet/fundamentals/code-analysis/quality-rules/ca1848) [/home/runner/work/trading-bot-c-/trading-bot-c-/src/BotCore/BotCore.csproj]
/home/runner/work/trading-bot-c-/trading-bot-c-/src/BotCore/Services/MarketTimeService.cs(74,13): error CA1848: For improved performance, use the LoggerMessage delegates instead of calling 'LoggerExtensions.LogTrace(ILogger, string?, params object?[])' (https://learn.microsoft.com/dotnet/fundamentals/code-analysis/quality-rules/ca1848) [/home/runner/work/trading-bot-c-/trading-bot-c-/src/BotCore/BotCore.csproj]
/home/runner/work/trading-bot-c-/trading-bot-c-/src/BotCore/Services/ModelEnsembleService.cs(96,21): error CA1848: For improved performance, use the LoggerMessage delegates instead of calling 'LoggerExtensions.LogWarning(ILogger, Exception?, string?, params object?[])' (https://learn.microsoft.com/dotnet/fundamentals/code-analysis/quality-rules/ca1848) [/home/runner/work/trading-bot-c-/trading-bot-c-/src/BotCore/BotCore.csproj]
/home/runner/work/trading-bot-c-/trading-bot-c-/src/BotCore/Services/ModelEnsembleService.cs(101,21): error CA1848: For improved performance, use the LoggerMessage delegates instead of calling 'LoggerExtensions.LogWarning(ILogger, Exception?, string?, params object?[])' (https://learn.microsoft.com/dotnet/fundamentals/code-analysis/quality-rules/ca1848) [/home/runner/work/trading-bot-c-/trading-bot-c-/src/BotCore/BotCore.csproj]
/home/runner/work/trading-bot-c-/trading-bot-c-/src/BotCore/Services/ModelEnsembleService.cs(109,13): error CA1848: For improved performance, use the LoggerMessage delegates instead of calling 'LoggerExtensions.LogDebug(ILogger, string?, params object?[])' (https://learn.microsoft.com/dotnet/fundamentals/code-analysis/quality-rules/ca1848) [/home/runner/work/trading-bot-c-/trading-bot-c-/src/BotCore/BotCore.csproj]
/home/runner/work/trading-bot-c-/trading-bot-c-/src/BotCore/Services/ModelEnsembleService.cs(124,13): error CA1848: For improved performance, use the LoggerMessage delegates instead of calling 'LoggerExtensions.LogError(ILogger, Exception?, string?, params object?[])' (https://learn.microsoft.com/dotnet/fundamentals/code-analysis/quality-rules/ca1848) [/home/runner/work/trading-bot-c-/trading-bot-c-/src/BotCore/BotCore.csproj]
/home/runner/work/trading-bot-c-/trading-bot-c-/src/BotCore/Services/ModelEnsembleService.cs(129,13): error CA1848: For improved performance, use the LoggerMessage delegates instead of calling 'LoggerExtensions.LogError(ILogger, Exception?, string?, params object?[])' (https://learn.microsoft.com/dotnet/fundamentals/code-analysis/quality-rules/ca1848) [/home/runner/work/trading-bot-c-/trading-bot-c-/src/BotCore/BotCore.csproj]
/home/runner/work/trading-bot-c-/trading-bot-c-/src/BotCore/Services/ModelEnsembleService.cs(134,13): error CA1848: For improved performance, use the LoggerMessage delegates instead of calling 'LoggerExtensions.LogError(ILogger, Exception?, string?, params object?[])' (https://learn.microsoft.com/dotnet/fundamentals/code-analysis/quality-rules/ca1848) [/home/runner/work/trading-bot-c-/trading-bot-c-/src/BotCore/BotCore.csproj]
/home/runner/work/trading-bot-c-/trading-bot-c-/src/BotCore/Services/OrderExecutionService.cs(482,21): error CA1848: For improved performance, use the LoggerMessage delegates instead of calling 'LoggerExtensions.LogWarning(ILogger, string?, params object?[])' (https://learn.microsoft.com/dotnet/fundamentals/code-analysis/quality-rules/ca1848) [/home/runner/work/trading-bot-c-/trading-bot-c-/src/BotCore/BotCore.csproj]
/home/runner/work/trading-bot-c-/trading-bot-c-/src/BotCore/Services/OrderExecutionService.cs(488,21): error CA1848: For improved performance, use the LoggerMessage delegates instead of calling 'LoggerExtensions.LogWarning(ILogger, string?, params object?[])' (https://learn.microsoft.com/dotnet/fundamentals/code-analysis/quality-rules/ca1848) [/home/runner/work/trading-bot-c-/trading-bot-c-/src/BotCore/BotCore.csproj]
/home/runner/work/trading-bot-c-/trading-bot-c-/src/BotCore/Services/OrderExecutionService.cs(492,17): error CA1848: For improved performance, use the LoggerMessage delegates instead of calling 'LoggerExtensions.LogInformation(ILogger, string?, params object?[])' (https://learn.microsoft.com/dotnet/fundamentals/code-analysis/quality-rules/ca1848) [/home/runner/work/trading-bot-c-/trading-bot-c-/src/BotCore/BotCore.csproj]
/home/runner/work/trading-bot-c-/trading-bot-c-/src/BotCore/Services/OrderExecutionService.cs(502,21): error CA1848: For improved performance, use the LoggerMessage delegates instead of calling 'LoggerExtensions.LogInformation(ILogger, string?, params object?[])' (https://learn.microsoft.com/dotnet/fundamentals/code-analysis/quality-rules/ca1848) [/home/runner/work/trading-bot-c-/trading-bot-c-/src/BotCore/BotCore.csproj]
/home/runner/work/trading-bot-c-/trading-bot-c-/src/BotCore/Services/OrderExecutionService.cs(506,17): error CA1848: For improved performance, use the LoggerMessage delegates instead of calling 'LoggerExtensions.LogError(ILogger, string?, params object?[])' (https://learn.microsoft.com/dotnet/fundamentals/code-analysis/quality-rules/ca1848) [/home/runner/work/trading-bot-c-/trading-bot-c-/src/BotCore/BotCore.csproj]
/home/runner/work/trading-bot-c-/trading-bot-c-/src/BotCore/Services/OrderExecutionService.cs(511,17): error CA1848: For improved performance, use the LoggerMessage delegates instead of calling 'LoggerExtensions.LogError(ILogger, Exception?, string?, params object?[])' (https://learn.microsoft.com/dotnet/fundamentals/code-analysis/quality-rules/ca1848) [/home/runner/work/trading-bot-c-/trading-bot-c-/src/BotCore/BotCore.csproj]
/home/runner/work/trading-bot-c-/trading-bot-c-/src/BotCore/Services/OrderExecutionService.cs(509,13): error CA1031: Modify 'CancelOrderAsync' to catch a more specific allowed exception type, or rethrow the exception (https://learn.microsoft.com/dotnet/fundamentals/code-analysis/quality-rules/ca1031) [/home/runner/work/trading-bot-c-/trading-bot-c-/src/BotCore/BotCore.csproj]
/home/runner/work/trading-bot-c-/trading-bot-c-/src/BotCore/Services/MasterDecisionOrchestrator.cs(145,9): error CA1848: For improved performance, use the LoggerMessage delegates instead of calling 'LoggerExtensions.LogInformation(ILogger, string?, params object?[])' (https://learn.microsoft.com/dotnet/fundamentals/code-analysis/quality-rules/ca1848) [/home/runner/work/trading-bot-c-/trading-bot-c-/src/BotCore/BotCore.csproj]
/home/runner/work/trading-bot-c-/trading-bot-c-/src/BotCore/Services/MasterDecisionOrchestrator.cs(175,21): error CA1848: For improved performance, use the LoggerMessage delegates instead of calling 'LoggerExtensions.LogError(ILogger, Exception?, string?, params object?[])' (https://learn.microsoft.com/dotnet/fundamentals/code-analysis/quality-rules/ca1848) [/home/runner/work/trading-bot-c-/trading-bot-c-/src/BotCore/BotCore.csproj]
/home/runner/work/trading-bot-c-/trading-bot-c-/src/BotCore/Services/MasterDecisionOrchestrator.cs(180,21): error CA1848: For improved performance, use the LoggerMessage delegates instead of calling 'LoggerExtensions.LogError(ILogger, Exception?, string?, params object?[])' (https://learn.microsoft.com/dotnet/fundamentals/code-analysis/quality-rules/ca1848) [/home/runner/work/trading-bot-c-/trading-bot-c-/src/BotCore/BotCore.csproj]
/home/runner/work/trading-bot-c-/trading-bot-c-/src/BotCore/Services/MasterDecisionOrchestrator.cs(187,13): error CA1848: For improved performance, use the LoggerMessage delegates instead of calling 'LoggerExtensions.LogCritical(ILogger, Exception?, string?, params object?[])' (https://learn.microsoft.com/dotnet/fundamentals/code-analysis/quality-rules/ca1848) [/home/runner/work/trading-bot-c-/trading-bot-c-/src/BotCore/BotCore.csproj]
/home/runner/work/trading-bot-c-/trading-bot-c-/src/BotCore/Services/MasterDecisionOrchestrator.cs(192,13): error CA1848: For improved performance, use the LoggerMessage delegates instead of calling 'LoggerExtensions.LogInformation(ILogger, string?, params object?[])' (https://learn.microsoft.com/dotnet/fundamentals/code-analysis/quality-rules/ca1848) [/home/runner/work/trading-bot-c-/trading-bot-c-/src/BotCore/BotCore.csproj]
/home/runner/work/trading-bot-c-/trading-bot-c-/src/BotCore/Services/ModelRotationService.cs(158,17): error CA1848: For improved performance, use the LoggerMessage delegates instead of calling 'LoggerExtensions.LogDebug(ILogger, string?, params object?[])' (https://learn.microsoft.com/dotnet/fundamentals/code-analysis/quality-rules/ca1848) [/home/runner/work/trading-bot-c-/trading-bot-c-/src/BotCore/BotCore.csproj]
/home/runner/work/trading-bot-c-/trading-bot-c-/src/BotCore/Services/ModelRotationService.cs(163,17): error CA1848: For improved performance, use the LoggerMessage delegates instead of calling 'LoggerExtensions.LogError(ILogger, Exception?, string?, params object?[])' (https://learn.microsoft.com/dotnet/fundamentals/code-analysis/quality-rules/ca1848) [/home/runner/work/trading-bot-c-/trading-bot-c-/src/BotCore/BotCore.csproj]
/home/runner/work/trading-bot-c-/trading-bot-c-/src/BotCore/Services/ModelRotationService.cs(161,13): error CA1031: Modify 'DetermineCurrentRegimeAsync' to catch a more specific allowed exception type, or rethrow the exception (https://learn.microsoft.com/dotnet/fundamentals/code-analysis/quality-rules/ca1031) [/home/runner/work/trading-bot-c-/trading-bot-c-/src/BotCore/BotCore.csproj]
/home/runner/work/trading-bot-c-/trading-bot-c-/src/BotCore/Services/MarketDataStalenessService.cs(95,17): error CA1848: For improved performance, use the LoggerMessage delegates instead of calling 'LoggerExtensions.LogInformation(ILogger, string?, params object?[])' (https://learn.microsoft.com/dotnet/fundamentals/code-analysis/quality-rules/ca1848) [/home/runner/work/trading-bot-c-/trading-bot-c-/src/BotCore/BotCore.csproj]
/home/runner/work/trading-bot-c-/trading-bot-c-/src/BotCore/Services/MarketDataStalenessService.cs(102,9): error CA1848: For improved performance, use the LoggerMessage delegates instead of calling 'LoggerExtensions.LogTrace(ILogger, string?, params object?[])' (https://learn.microsoft.com/dotnet/fundamentals/code-analysis/quality-rules/ca1848) [/home/runner/work/trading-bot-c-/trading-bot-c-/src/BotCore/BotCore.csproj]
/home/runner/work/trading-bot-c-/trading-bot-c-/src/BotCore/Services/MarketTimeService.cs(104,13): error CA1848: For improved performance, use the LoggerMessage delegates instead of calling 'LoggerExtensions.LogTrace(ILogger, string?, params object?[])' (https://learn.microsoft.com/dotnet/fundamentals/code-analysis/quality-rules/ca1848) [/home/runner/work/trading-bot-c-/trading-bot-c-/src/BotCore/BotCore.csproj]
/home/runner/work/trading-bot-c-/trading-bot-c-/src/BotCore/Services/OrderExecutionService.cs(522,21): error CA1848: For improved performance, use the LoggerMessage delegates instead of calling 'LoggerExtensions.LogWarning(ILogger, string?, params object?[])' (https://learn.microsoft.com/dotnet/fundamentals/code-analysis/quality-rules/ca1848) [/home/runner/work/trading-bot-c-/trading-bot-c-/src/BotCore/BotCore.csproj]
/home/runner/work/trading-bot-c-/trading-bot-c-/src/BotCore/Services/OrderExecutionService.cs(528,21): error CA1848: For improved performance, use the LoggerMessage delegates instead of calling 'LoggerExtensions.LogWarning(ILogger, string?, params object?[])' (https://learn.microsoft.com/dotnet/fundamentals/code-analysis/quality-rules/ca1848) [/home/runner/work/trading-bot-c-/trading-bot-c-/src/BotCore/BotCore.csproj]
/home/runner/work/trading-bot-c-/trading-bot-c-/src/BotCore/Services/OrderExecutionService.cs(532,17): error CA1848: For improved performance, use the LoggerMessage delegates instead of calling 'LoggerExtensions.LogInformation(ILogger, string?, params object?[])' (https://learn.microsoft.com/dotnet/fundamentals/code-analysis/quality-rules/ca1848) [/home/runner/work/trading-bot-c-/trading-bot-c-/src/BotCore/BotCore.csproj]
/home/runner/work/trading-bot-c-/trading-bot-c-/src/BotCore/Services/OrderExecutionService.cs(537,21): error CA1848: For improved performance, use the LoggerMessage delegates instead of calling 'LoggerExtensions.LogInformation(ILogger, string?, params object?[])' (https://learn.microsoft.com/dotnet/fundamentals/code-analysis/quality-rules/ca1848) [/home/runner/work/trading-bot-c-/trading-bot-c-/src/BotCore/BotCore.csproj]
/home/runner/work/trading-bot-c-/trading-bot-c-/src/BotCore/Services/OrderExecutionService.cs(543,21): error CA1848: For improved performance, use the LoggerMessage delegates instead of calling 'LoggerExtensions.LogInformation(ILogger, string?, params object?[])' (https://learn.microsoft.com/dotnet/fundamentals/code-analysis/quality-rules/ca1848) [/home/runner/work/trading-bot-c-/trading-bot-c-/src/BotCore/BotCore.csproj]
/home/runner/work/trading-bot-c-/trading-bot-c-/src/BotCore/Services/OrderExecutionService.cs(548,17): error CA1848: For improved performance, use the LoggerMessage delegates instead of calling 'LoggerExtensions.LogInformation(ILogger, string?, params object?[])' (https://learn.microsoft.com/dotnet/fundamentals/code-analysis/quality-rules/ca1848) [/home/runner/work/trading-bot-c-/trading-bot-c-/src/BotCore/BotCore.csproj]
/home/runner/work/trading-bot-c-/trading-bot-c-/src/BotCore/Services/OrderExecutionService.cs(553,17): error CA1848: For improved performance, use the LoggerMessage delegates instead of calling 'LoggerExtensions.LogError(ILogger, Exception?, string?, params object?[])' (https://learn.microsoft.com/dotnet/fundamentals/code-analysis/quality-rules/ca1848) [/home/runner/work/trading-bot-c-/trading-bot-c-/src/BotCore/BotCore.csproj]
/home/runner/work/trading-bot-c-/trading-bot-c-/src/BotCore/Services/OrderExecutionService.cs(565,13): error CA1848: For improved performance, use the LoggerMessage delegates instead of calling 'LoggerExtensions.LogWarning(ILogger, string?, params object?[])' (https://learn.microsoft.com/dotnet/fundamentals/code-analysis/quality-rules/ca1848) [/home/runner/work/trading-bot-c-/trading-bot-c-/src/BotCore/BotCore.csproj]
/home/runner/work/trading-bot-c-/trading-bot-c-/src/BotCore/Services/ProductionMonitoringService.cs(289,62): error S1075: Refactor your code not to use hardcoded absolute paths or URIs. (https://rules.sonarsource.com/csharp/RSPEC-1075) [/home/runner/work/trading-bot-c-/trading-bot-c-/src/BotCore/BotCore.csproj]
/home/runner/work/trading-bot-c-/trading-bot-c-/src/BotCore/Services/ProductionMonitoringService.cs(294,9): error CA1031: Modify 'CheckGitHubConnectivityAsync' to catch a more specific allowed exception type, or rethrow the exception (https://learn.microsoft.com/dotnet/fundamentals/code-analysis/quality-rules/ca1031) [/home/runner/work/trading-bot-c-/trading-bot-c-/src/BotCore/BotCore.csproj]
/home/runner/work/trading-bot-c-/trading-bot-c-/src/BotCore/Services/OrderExecutionService.cs(551,13): error CA1031: Modify 'ModifyOrderAsync' to catch a more specific allowed exception type, or rethrow the exception (https://learn.microsoft.com/dotnet/fundamentals/code-analysis/quality-rules/ca1031) [/home/runner/work/trading-bot-c-/trading-bot-c-/src/BotCore/BotCore.csproj]
/home/runner/work/trading-bot-c-/trading-bot-c-/src/BotCore/Services/MarketDataStalenessService.cs(118,13): error CA1848: For improved performance, use the LoggerMessage delegates instead of calling 'LoggerExtensions.LogWarning(ILogger, string?, params object?[])' (https://learn.microsoft.com/dotnet/fundamentals/code-analysis/quality-rules/ca1848) [/home/runner/work/trading-bot-c-/trading-bot-c-/src/BotCore/BotCore.csproj]
/home/runner/work/trading-bot-c-/trading-bot-c-/src/BotCore/Services/MarketDataStalenessService.cs(134,9): error CA1848: For improved performance, use the LoggerMessage delegates instead of calling 'LoggerExtensions.LogInformation(ILogger, string?, params object?[])' (https://learn.microsoft.com/dotnet/fundamentals/code-analysis/quality-rules/ca1848) [/home/runner/work/trading-bot-c-/trading-bot-c-/src/BotCore/BotCore.csproj]
/home/runner/work/trading-bot-c-/trading-bot-c-/src/BotCore/Services/ModelRotationService.cs(202,17): error CA1848: For improved performance, use the LoggerMessage delegates instead of calling 'LoggerExtensions.LogError(ILogger, Exception?, string?, params object?[])' (https://learn.microsoft.com/dotnet/fundamentals/code-analysis/quality-rules/ca1848) [/home/runner/work/trading-bot-c-/trading-bot-c-/src/BotCore/BotCore.csproj]
/home/runner/work/trading-bot-c-/trading-bot-c-/src/BotCore/Services/MarketConditionAnalyzer.cs(112,9): error CA1848: For improved performance, use the LoggerMessage delegates instead of calling 'LoggerExtensions.LogInformation(ILogger, string?, params object?[])' (https://learn.microsoft.com/dotnet/fundamentals/code-analysis/quality-rules/ca1848) [/home/runner/work/trading-bot-c-/trading-bot-c-/src/BotCore/BotCore.csproj]
/home/runner/work/trading-bot-c-/trading-bot-c-/src/BotCore/Services/ModelVersionVerificationService.cs(194,21): error CA1848: For improved performance, use the LoggerMessage delegates instead of calling 'LoggerExtensions.LogWarning(ILogger, string?, params object?[])' (https://learn.microsoft.com/dotnet/fundamentals/code-analysis/quality-rules/ca1848) [/home/runner/work/trading-bot-c-/trading-bot-c-/src/BotCore/BotCore.csproj]
/home/runner/work/trading-bot-c-/trading-bot-c-/src/BotCore/Services/ModelVersionVerificationService.cs(205,21): error CA1848: For improved performance, use the LoggerMessage delegates instead of calling 'LoggerExtensions.LogInformation(ILogger, string?, params object?[])' (https://learn.microsoft.com/dotnet/fundamentals/code-analysis/quality-rules/ca1848) [/home/runner/work/trading-bot-c-/trading-bot-c-/src/BotCore/BotCore.csproj]
/home/runner/work/trading-bot-c-/trading-bot-c-/src/BotCore/Services/ModelVersionVerificationService.cs(213,17): error CA1848: For improved performance, use the LoggerMessage delegates instead of calling 'LoggerExtensions.LogError(ILogger, Exception?, string?, params object?[])' (https://learn.microsoft.com/dotnet/fundamentals/code-analysis/quality-rules/ca1848) [/home/runner/work/trading-bot-c-/trading-bot-c-/src/BotCore/BotCore.csproj]
/home/runner/work/trading-bot-c-/trading-bot-c-/src/BotCore/Services/MasterDecisionOrchestrator.cs(201,9): error CA1848: For improved performance, use the LoggerMessage delegates instead of calling 'LoggerExtensions.LogInformation(ILogger, string?, params object?[])' (https://learn.microsoft.com/dotnet/fundamentals/code-analysis/quality-rules/ca1848) [/home/runner/work/trading-bot-c-/trading-bot-c-/src/BotCore/BotCore.csproj]
/home/runner/work/trading-bot-c-/trading-bot-c-/src/BotCore/Services/MasterDecisionOrchestrator.cs(207,13): error CA1848: For improved performance, use the LoggerMessage delegates instead of calling 'LoggerExtensions.LogInformation(ILogger, string?, params object?[])' (https://learn.microsoft.com/dotnet/fundamentals/code-analysis/quality-rules/ca1848) [/home/runner/work/trading-bot-c-/trading-bot-c-/src/BotCore/BotCore.csproj]
/home/runner/work/trading-bot-c-/trading-bot-c-/src/BotCore/Services/MasterDecisionOrchestrator.cs(213,17): error CA1848: For improved performance, use the LoggerMessage delegates instead of calling 'LoggerExtensions.LogInformation(ILogger, string?, params object?[])' (https://learn.microsoft.com/dotnet/fundamentals/code-analysis/quality-rules/ca1848) [/home/runner/work/trading-bot-c-/trading-bot-c-/src/BotCore/BotCore.csproj]
/home/runner/work/trading-bot-c-/trading-bot-c-/src/BotCore/Services/MasterDecisionOrchestrator.cs(218,13): error CA1848: For improved performance, use the LoggerMessage delegates instead of calling 'LoggerExtensions.LogInformation(ILogger, string?, params object?[])' (https://learn.microsoft.com/dotnet/fundamentals/code-analysis/quality-rules/ca1848) [/home/runner/work/trading-bot-c-/trading-bot-c-/src/BotCore/BotCore.csproj]
/home/runner/work/trading-bot-c-/trading-bot-c-/src/BotCore/Services/MasterDecisionOrchestrator.cs(222,13): error CA1848: For improved performance, use the LoggerMessage delegates instead of calling 'LoggerExtensions.LogInformation(ILogger, string?, params object?[])' (https://learn.microsoft.com/dotnet/fundamentals/code-analysis/quality-rules/ca1848) [/home/runner/work/trading-bot-c-/trading-bot-c-/src/BotCore/BotCore.csproj]
/home/runner/work/trading-bot-c-/trading-bot-c-/src/BotCore/Services/MasterDecisionOrchestrator.cs(224,13): error CA1848: For improved performance, use the LoggerMessage delegates instead of calling 'LoggerExtensions.LogInformation(ILogger, string?, params object?[])' (https://learn.microsoft.com/dotnet/fundamentals/code-analysis/quality-rules/ca1848) [/home/runner/work/trading-bot-c-/trading-bot-c-/src/BotCore/BotCore.csproj]
/home/runner/work/trading-bot-c-/trading-bot-c-/src/BotCore/Services/MasterDecisionOrchestrator.cs(228,13): error CA1848: For improved performance, use the LoggerMessage delegates instead of calling 'LoggerExtensions.LogError(ILogger, Exception?, string?, params object?[])' (https://learn.microsoft.com/dotnet/fundamentals/code-analysis/quality-rules/ca1848) [/home/runner/work/trading-bot-c-/trading-bot-c-/src/BotCore/BotCore.csproj]
/home/runner/work/trading-bot-c-/trading-bot-c-/src/BotCore/Services/ModelVersionVerificationService.cs(211,13): error CA1031: Modify 'CompareModelVersionsAsync' to catch a more specific allowed exception type, or rethrow the exception (https://learn.microsoft.com/dotnet/fundamentals/code-analysis/quality-rules/ca1031) [/home/runner/work/trading-bot-c-/trading-bot-c-/src/BotCore/BotCore.csproj]
/home/runner/work/trading-bot-c-/trading-bot-c-/src/BotCore/Services/PerformanceTracker.cs(200,23): error S138: This method 'PushToCloudAsync' has 81 lines, which is greater than the 80 lines authorized. Split it into smaller methods. (https://rules.sonarsource.com/csharp/RSPEC-138) [/home/runner/work/trading-bot-c-/trading-bot-c-/src/BotCore/BotCore.csproj]
/home/runner/work/trading-bot-c-/trading-bot-c-/src/BotCore/Services/NewsIntelligenceEngine.cs(285,13): error CA1848: For improved performance, use the LoggerMessage delegates instead of calling 'LoggerExtensions.LogWarning(ILogger, Exception?, string?, params object?[])' (https://learn.microsoft.com/dotnet/fundamentals/code-analysis/quality-rules/ca1848) [/home/runner/work/trading-bot-c-/trading-bot-c-/src/BotCore/BotCore.csproj]
/home/runner/work/trading-bot-c-/trading-bot-c-/src/BotCore/Services/NewsIntelligenceEngine.cs(283,9): error CA1031: Modify 'AnalyzeSentimentAsync' to catch a more specific allowed exception type, or rethrow the exception (https://learn.microsoft.com/dotnet/fundamentals/code-analysis/quality-rules/ca1031) [/home/runner/work/trading-bot-c-/trading-bot-c-/src/BotCore/BotCore.csproj]
/home/runner/work/trading-bot-c-/trading-bot-c-/src/BotCore/Services/PerformanceTracker.cs(206,13): error CA1848: For improved performance, use the LoggerMessage delegates instead of calling 'LoggerExtensions.LogInformation(ILogger, string?, params object?[])' (https://learn.microsoft.com/dotnet/fundamentals/code-analysis/quality-rules/ca1848) [/home/runner/work/trading-bot-c-/trading-bot-c-/src/BotCore/BotCore.csproj]
/home/runner/work/trading-bot-c-/trading-bot-c-/src/BotCore/Services/PerformanceTracker.cs(255,17): error CA1848: For improved performance, use the LoggerMessage delegates instead of calling 'LoggerExtensions.LogInformation(ILogger, string?, params object?[])' (https://learn.microsoft.com/dotnet/fundamentals/code-analysis/quality-rules/ca1848) [/home/runner/work/trading-bot-c-/trading-bot-c-/src/BotCore/BotCore.csproj]
/home/runner/work/trading-bot-c-/trading-bot-c-/src/BotCore/Services/PerformanceTracker.cs(271,17): error CA1848: For improved performance, use the LoggerMessage delegates instead of calling 'LoggerExtensions.LogWarning(ILogger, string?, params object?[])' (https://learn.microsoft.com/dotnet/fundamentals/code-analysis/quality-rules/ca1848) [/home/runner/work/trading-bot-c-/trading-bot-c-/src/BotCore/BotCore.csproj]
/home/runner/work/trading-bot-c-/trading-bot-c-/src/BotCore/Services/PerformanceTracker.cs(277,13): error CA1848: For improved performance, use the LoggerMessage delegates instead of calling 'LoggerExtensions.LogError(ILogger, Exception?, string?, params object?[])' (https://learn.microsoft.com/dotnet/fundamentals/code-analysis/quality-rules/ca1848) [/home/runner/work/trading-bot-c-/trading-bot-c-/src/BotCore/BotCore.csproj]
/home/runner/work/trading-bot-c-/trading-bot-c-/src/BotCore/Services/PerformanceTracker.cs(282,13): error CA1848: For improved performance, use the LoggerMessage delegates instead of calling 'LoggerExtensions.LogError(ILogger, Exception?, string?, params object?[])' (https://learn.microsoft.com/dotnet/fundamentals/code-analysis/quality-rules/ca1848) [/home/runner/work/trading-bot-c-/trading-bot-c-/src/BotCore/BotCore.csproj]
/home/runner/work/trading-bot-c-/trading-bot-c-/src/BotCore/Services/PerformanceTracker.cs(287,13): error CA1848: For improved performance, use the LoggerMessage delegates instead of calling 'LoggerExtensions.LogError(ILogger, Exception?, string?, params object?[])' (https://learn.microsoft.com/dotnet/fundamentals/code-analysis/quality-rules/ca1848) [/home/runner/work/trading-bot-c-/trading-bot-c-/src/BotCore/BotCore.csproj]
/home/runner/work/trading-bot-c-/trading-bot-c-/src/BotCore/Services/PerformanceTracker.cs(292,13): error CA1848: For improved performance, use the LoggerMessage delegates instead of calling 'LoggerExtensions.LogError(ILogger, Exception?, string?, params object?[])' (https://learn.microsoft.com/dotnet/fundamentals/code-analysis/quality-rules/ca1848) [/home/runner/work/trading-bot-c-/trading-bot-c-/src/BotCore/BotCore.csproj]
/home/runner/work/trading-bot-c-/trading-bot-c-/src/BotCore/Services/ProductionMonitoringService.cs(323,9): error CA1031: Modify 'CheckSystemResourcesHealth' to catch a more specific allowed exception type, or rethrow the exception (https://learn.microsoft.com/dotnet/fundamentals/code-analysis/quality-rules/ca1031) [/home/runner/work/trading-bot-c-/trading-bot-c-/src/BotCore/BotCore.csproj]
/home/runner/work/trading-bot-c-/trading-bot-c-/src/BotCore/Services/MarketDataStalenessService.cs(152,9): error CA1848: For improved performance, use the LoggerMessage delegates instead of calling 'LoggerExtensions.LogInformation(ILogger, string?, params object?[])' (https://learn.microsoft.com/dotnet/fundamentals/code-analysis/quality-rules/ca1848) [/home/runner/work/trading-bot-c-/trading-bot-c-/src/BotCore/BotCore.csproj]
/home/runner/work/trading-bot-c-/trading-bot-c-/src/BotCore/Services/OrderExecutionService.cs(605,13): error CA1848: For improved performance, use the LoggerMessage delegates instead of calling 'LoggerExtensions.LogInformation(ILogger, string?, params object?[])' (https://learn.microsoft.com/dotnet/fundamentals/code-analysis/quality-rules/ca1848) [/home/runner/work/trading-bot-c-/trading-bot-c-/src/BotCore/BotCore.csproj]
/home/runner/work/trading-bot-c-/trading-bot-c-/src/BotCore/Services/ModelRotationService.cs(219,13): error CA1848: For improved performance, use the LoggerMessage delegates instead of calling 'LoggerExtensions.LogInformation(ILogger, string?, params object?[])' (https://learn.microsoft.com/dotnet/fundamentals/code-analysis/quality-rules/ca1848) [/home/runner/work/trading-bot-c-/trading-bot-c-/src/BotCore/BotCore.csproj]
/home/runner/work/trading-bot-c-/trading-bot-c-/src/BotCore/Services/MasterDecisionOrchestrator.cs(240,13): error CA1848: For improved performance, use the LoggerMessage delegates instead of calling 'LoggerExtensions.LogInformation(ILogger, string?, params object?[])' (https://learn.microsoft.com/dotnet/fundamentals/code-analysis/quality-rules/ca1848) [/home/runner/work/trading-bot-c-/trading-bot-c-/src/BotCore/BotCore.csproj]
/home/runner/work/trading-bot-c-/trading-bot-c-/src/BotCore/Services/MasterDecisionOrchestrator.cs(249,13): error CA1848: For improved performance, use the LoggerMessage delegates instead of calling 'LoggerExtensions.LogInformation(ILogger, string?, params object?[])' (https://learn.microsoft.com/dotnet/fundamentals/code-analysis/quality-rules/ca1848) [/home/runner/work/trading-bot-c-/trading-bot-c-/src/BotCore/BotCore.csproj]
/home/runner/work/trading-bot-c-/trading-bot-c-/src/BotCore/Services/MasterDecisionOrchestrator.cs(253,13): error CA1848: For improved performance, use the LoggerMessage delegates instead of calling 'LoggerExtensions.LogError(ILogger, Exception?, string?, params object?[])' (https://learn.microsoft.com/dotnet/fundamentals/code-analysis/quality-rules/ca1848) [/home/runner/work/trading-bot-c-/trading-bot-c-/src/BotCore/BotCore.csproj]
/home/runner/work/trading-bot-c-/trading-bot-c-/src/BotCore/Services/ModelRotationService.cs(222,50): error S1172: Remove this unused method parameter 'expectedSha256'. (https://rules.sonarsource.com/csharp/RSPEC-1172) [/home/runner/work/trading-bot-c-/trading-bot-c-/src/BotCore/BotCore.csproj]
/home/runner/work/trading-bot-c-/trading-bot-c-/src/BotCore/Services/ModelRotationService.cs(230,13): error CA1848: For improved performance, use the LoggerMessage delegates instead of calling 'LoggerExtensions.LogTrace(ILogger, string?, params object?[])' (https://learn.microsoft.com/dotnet/fundamentals/code-analysis/quality-rules/ca1848) [/home/runner/work/trading-bot-c-/trading-bot-c-/src/BotCore/BotCore.csproj]
/home/runner/work/trading-bot-c-/trading-bot-c-/src/BotCore/Services/MarketTimeService.cs(122,76): error S1172: Remove this unused method parameter 'symbol'. (https://rules.sonarsource.com/csharp/RSPEC-1172) [/home/runner/work/trading-bot-c-/trading-bot-c-/src/BotCore/BotCore.csproj]
/home/runner/work/trading-bot-c-/trading-bot-c-/src/BotCore/Services/MarketDataStalenessService.cs(201,21): error CA1848: For improved performance, use the LoggerMessage delegates instead of calling 'LoggerExtensions.LogWarning(ILogger, string?, params object?[])' (https://learn.microsoft.com/dotnet/fundamentals/code-analysis/quality-rules/ca1848) [/home/runner/work/trading-bot-c-/trading-bot-c-/src/BotCore/BotCore.csproj]
/home/runner/work/trading-bot-c-/trading-bot-c-/src/BotCore/Services/MarketDataStalenessService.cs(217,13): error CA1848: For improved performance, use the LoggerMessage delegates instead of calling 'LoggerExtensions.LogError(ILogger, Exception?, string?, params object?[])' (https://learn.microsoft.com/dotnet/fundamentals/code-analysis/quality-rules/ca1848) [/home/runner/work/trading-bot-c-/trading-bot-c-/src/BotCore/BotCore.csproj]
/home/runner/work/trading-bot-c-/trading-bot-c-/src/BotCore/Services/MarketDataStalenessService.cs(215,9): error CA1031: Modify 'CheckStaleness' to catch a more specific allowed exception type, or rethrow the exception (https://learn.microsoft.com/dotnet/fundamentals/code-analysis/quality-rules/ca1031) [/home/runner/work/trading-bot-c-/trading-bot-c-/src/BotCore/BotCore.csproj]
/home/runner/work/trading-bot-c-/trading-bot-c-/src/BotCore/Services/MarketTimeService.cs(160,73): error S1172: Remove this unused method parameter 'symbol'. (https://rules.sonarsource.com/csharp/RSPEC-1172) [/home/runner/work/trading-bot-c-/trading-bot-c-/src/BotCore/BotCore.csproj]
/home/runner/work/trading-bot-c-/trading-bot-c-/src/BotCore/Services/NewsIntelligenceEngine.cs(324,17): error CA1848: For improved performance, use the LoggerMessage delegates instead of calling 'LoggerExtensions.LogInformation(ILogger, string?, params object?[])' (https://learn.microsoft.com/dotnet/fundamentals/code-analysis/quality-rules/ca1848) [/home/runner/work/trading-bot-c-/trading-bot-c-/src/BotCore/BotCore.csproj]
/home/runner/work/trading-bot-c-/trading-bot-c-/src/BotCore/Services/NewsIntelligenceEngine.cs(331,13): error CA1848: For improved performance, use the LoggerMessage delegates instead of calling 'LoggerExtensions.LogError(ILogger, Exception?, string?, params object?[])' (https://learn.microsoft.com/dotnet/fundamentals/code-analysis/quality-rules/ca1848) [/home/runner/work/trading-bot-c-/trading-bot-c-/src/BotCore/BotCore.csproj]
/home/runner/work/trading-bot-c-/trading-bot-c-/src/BotCore/Services/ModelVersionVerificationService.cs(235,17): error CA1848: For improved performance, use the LoggerMessage delegates instead of calling 'LoggerExtensions.LogInformation(ILogger, string?, params object?[])' (https://learn.microsoft.com/dotnet/fundamentals/code-analysis/quality-rules/ca1848) [/home/runner/work/trading-bot-c-/trading-bot-c-/src/BotCore/BotCore.csproj]
/home/runner/work/trading-bot-c-/trading-bot-c-/src/BotCore/Services/ModelVersionVerificationService.cs(238,17): error CA1848: For improved performance, use the LoggerMessage delegates instead of calling 'LoggerExtensions.LogInformation(ILogger, string?, params object?[])' (https://learn.microsoft.com/dotnet/fundamentals/code-analysis/quality-rules/ca1848) [/home/runner/work/trading-bot-c-/trading-bot-c-/src/BotCore/BotCore.csproj]
/home/runner/work/trading-bot-c-/trading-bot-c-/src/BotCore/Services/ModelVersionVerificationService.cs(243,17): error CA1848: For improved performance, use the LoggerMessage delegates instead of calling 'LoggerExtensions.LogError(ILogger, Exception?, string?, params object?[])' (https://learn.microsoft.com/dotnet/fundamentals/code-analysis/quality-rules/ca1848) [/home/runner/work/trading-bot-c-/trading-bot-c-/src/BotCore/BotCore.csproj]
/home/runner/work/trading-bot-c-/trading-bot-c-/src/BotCore/Services/NewsIntelligenceEngine.cs(329,9): error CA1031: Modify 'IsNewsImpactfulAsync' to catch a more specific allowed exception type, or rethrow the exception (https://learn.microsoft.com/dotnet/fundamentals/code-analysis/quality-rules/ca1031) [/home/runner/work/trading-bot-c-/trading-bot-c-/src/BotCore/BotCore.csproj]
/home/runner/work/trading-bot-c-/trading-bot-c-/src/BotCore/Services/ModelVersionVerificationService.cs(241,13): error CA1031: Modify 'LogTrainingMetadataAsync' to catch a more specific allowed exception type, or rethrow the exception (https://learn.microsoft.com/dotnet/fundamentals/code-analysis/quality-rules/ca1031) [/home/runner/work/trading-bot-c-/trading-bot-c-/src/BotCore/BotCore.csproj]
/home/runner/work/trading-bot-c-/trading-bot-c-/src/BotCore/Services/MarketTimeService.cs(166,74): error S1172: Remove this unused method parameter 'symbol'. (https://rules.sonarsource.com/csharp/RSPEC-1172) [/home/runner/work/trading-bot-c-/trading-bot-c-/src/BotCore/BotCore.csproj]
/home/runner/work/trading-bot-c-/trading-bot-c-/src/BotCore/Services/MarketDataStalenessService.cs(240,13): error CA1848: For improved performance, use the LoggerMessage delegates instead of calling 'LoggerExtensions.LogWarning(ILogger, string?, params object?[])' (https://learn.microsoft.com/dotnet/fundamentals/code-analysis/quality-rules/ca1848) [/home/runner/work/trading-bot-c-/trading-bot-c-/src/BotCore/BotCore.csproj]
/home/runner/work/trading-bot-c-/trading-bot-c-/src/BotCore/Services/PerformanceTracker.cs(306,13): error CA1848: For improved performance, use the LoggerMessage delegates instead of calling 'LoggerExtensions.LogError(ILogger, Exception?, string?, params object?[])' (https://learn.microsoft.com/dotnet/fundamentals/code-analysis/quality-rules/ca1848) [/home/runner/work/trading-bot-c-/trading-bot-c-/src/BotCore/BotCore.csproj]
/home/runner/work/trading-bot-c-/trading-bot-c-/src/BotCore/Services/PerformanceTracker.cs(310,13): error CA1848: For improved performance, use the LoggerMessage delegates instead of calling 'LoggerExtensions.LogError(ILogger, Exception?, string?, params object?[])' (https://learn.microsoft.com/dotnet/fundamentals/code-analysis/quality-rules/ca1848) [/home/runner/work/trading-bot-c-/trading-bot-c-/src/BotCore/BotCore.csproj]
/home/runner/work/trading-bot-c-/trading-bot-c-/src/BotCore/Services/PerformanceTracker.cs(314,13): error CA1848: For improved performance, use the LoggerMessage delegates instead of calling 'LoggerExtensions.LogError(ILogger, Exception?, string?, params object?[])' (https://learn.microsoft.com/dotnet/fundamentals/code-analysis/quality-rules/ca1848) [/home/runner/work/trading-bot-c-/trading-bot-c-/src/BotCore/BotCore.csproj]
/home/runner/work/trading-bot-c-/trading-bot-c-/src/BotCore/Services/ModelRotationService.cs(255,17): error CA1848: For improved performance, use the LoggerMessage delegates instead of calling 'LoggerExtensions.LogInformation(ILogger, string?, params object?[])' (https://learn.microsoft.com/dotnet/fundamentals/code-analysis/quality-rules/ca1848) [/home/runner/work/trading-bot-c-/trading-bot-c-/src/BotCore/BotCore.csproj]
/home/runner/work/trading-bot-c-/trading-bot-c-/src/BotCore/Services/MarketDataStalenessService.cs(287,13): error CA1848: For improved performance, use the LoggerMessage delegates instead of calling 'LoggerExtensions.LogInformation(ILogger, string?, params object?[])' (https://learn.microsoft.com/dotnet/fundamentals/code-analysis/quality-rules/ca1848) [/home/runner/work/trading-bot-c-/trading-bot-c-/src/BotCore/BotCore.csproj]
/home/runner/work/trading-bot-c-/trading-bot-c-/src/BotCore/Services/MarketDataStalenessService.cs(300,17): error CA1848: For improved performance, use the LoggerMessage delegates instead of calling 'LoggerExtensions.LogInformation(ILogger, string?, params object?[])' (https://learn.microsoft.com/dotnet/fundamentals/code-analysis/quality-rules/ca1848) [/home/runner/work/trading-bot-c-/trading-bot-c-/src/BotCore/BotCore.csproj]
/home/runner/work/trading-bot-c-/trading-bot-c-/src/BotCore/Services/MarketDataStalenessService.cs(308,17): error CA1848: For improved performance, use the LoggerMessage delegates instead of calling 'LoggerExtensions.LogError(ILogger, Exception?, string?, params object?[])' (https://learn.microsoft.com/dotnet/fundamentals/code-analysis/quality-rules/ca1848) [/home/runner/work/trading-bot-c-/trading-bot-c-/src/BotCore/BotCore.csproj]
/home/runner/work/trading-bot-c-/trading-bot-c-/src/BotCore/Services/MarketDataStalenessService.cs(306,13): error CA1031: Modify 'Dispose' to catch a more specific allowed exception type, or rethrow the exception (https://learn.microsoft.com/dotnet/fundamentals/code-analysis/quality-rules/ca1031) [/home/runner/work/trading-bot-c-/trading-bot-c-/src/BotCore/BotCore.csproj]
/home/runner/work/trading-bot-c-/trading-bot-c-/src/BotCore/Services/ModelEnsembleService.cs(185,24): error S1696: Do not catch NullReferenceException; test for null instead. (https://rules.sonarsource.com/csharp/RSPEC-1696) [/home/runner/work/trading-bot-c-/trading-bot-c-/src/BotCore/BotCore.csproj]
/home/runner/work/trading-bot-c-/trading-bot-c-/src/BotCore/Services/ModelEnsembleService.cs(218,16): error S1696: Do not catch NullReferenceException; test for null instead. (https://rules.sonarsource.com/csharp/RSPEC-1696) [/home/runner/work/trading-bot-c-/trading-bot-c-/src/BotCore/BotCore.csproj]
/home/runner/work/trading-bot-c-/trading-bot-c-/src/BotCore/Services/ModelEnsembleService.cs(154,37): error CA2016: Forward the 'cancellationToken' parameter to the 'GetActiveModelsAsync' method or pass in 'CancellationToken.None' explicitly to indicate intentionally not propagating the token (https://learn.microsoft.com/dotnet/fundamentals/code-analysis/quality-rules/ca2016) [/home/runner/work/trading-bot-c-/trading-bot-c-/src/BotCore/BotCore.csproj]
/home/runner/work/trading-bot-c-/trading-bot-c-/src/BotCore/Services/ModelEnsembleService.cs(177,21): error CA1848: For improved performance, use the LoggerMessage delegates instead of calling 'LoggerExtensions.LogWarning(ILogger, Exception?, string?, params object?[])' (https://learn.microsoft.com/dotnet/fundamentals/code-analysis/quality-rules/ca1848) [/home/runner/work/trading-bot-c-/trading-bot-c-/src/BotCore/BotCore.csproj]
/home/runner/work/trading-bot-c-/trading-bot-c-/src/BotCore/Services/ModelEnsembleService.cs(182,21): error CA1848: For improved performance, use the LoggerMessage delegates instead of calling 'LoggerExtensions.LogWarning(ILogger, Exception?, string?, params object?[])' (https://learn.microsoft.com/dotnet/fundamentals/code-analysis/quality-rules/ca1848) [/home/runner/work/trading-bot-c-/trading-bot-c-/src/BotCore/BotCore.csproj]
/home/runner/work/trading-bot-c-/trading-bot-c-/src/BotCore/Services/ModelEnsembleService.cs(187,21): error CA1848: For improved performance, use the LoggerMessage delegates instead of calling 'LoggerExtensions.LogWarning(ILogger, Exception?, string?, params object?[])' (https://learn.microsoft.com/dotnet/fundamentals/code-analysis/quality-rules/ca1848) [/home/runner/work/trading-bot-c-/trading-bot-c-/src/BotCore/BotCore.csproj]
/home/runner/work/trading-bot-c-/trading-bot-c-/src/BotCore/Services/ModelEnsembleService.cs(195,13): error CA1848: For improved performance, use the LoggerMessage delegates instead of calling 'LoggerExtensions.LogDebug(ILogger, string?, params object?[])' (https://learn.microsoft.com/dotnet/fundamentals/code-analysis/quality-rules/ca1848) [/home/runner/work/trading-bot-c-/trading-bot-c-/src/BotCore/BotCore.csproj]
/home/runner/work/trading-bot-c-/trading-bot-c-/src/BotCore/Services/ModelEnsembleService.cs(210,13): error CA1848: For improved performance, use the LoggerMessage delegates instead of calling 'LoggerExtensions.LogError(ILogger, Exception?, string?, params object?[])' (https://learn.microsoft.com/dotnet/fundamentals/code-analysis/quality-rules/ca1848) [/home/runner/work/trading-bot-c-/trading-bot-c-/src/BotCore/BotCore.csproj]
/home/runner/work/trading-bot-c-/trading-bot-c-/src/BotCore/Services/ModelEnsembleService.cs(215,13): error CA1848: For improved performance, use the LoggerMessage delegates instead of calling 'LoggerExtensions.LogError(ILogger, Exception?, string?, params object?[])' (https://learn.microsoft.com/dotnet/fundamentals/code-analysis/quality-rules/ca1848) [/home/runner/work/trading-bot-c-/trading-bot-c-/src/BotCore/BotCore.csproj]
/home/runner/work/trading-bot-c-/trading-bot-c-/src/BotCore/Services/ModelEnsembleService.cs(220,13): error CA1848: For improved performance, use the LoggerMessage delegates instead of calling 'LoggerExtensions.LogError(ILogger, Exception?, string?, params object?[])' (https://learn.microsoft.com/dotnet/fundamentals/code-analysis/quality-rules/ca1848) [/home/runner/work/trading-bot-c-/trading-bot-c-/src/BotCore/BotCore.csproj]
/home/runner/work/trading-bot-c-/trading-bot-c-/src/BotCore/Services/HybridZoneProvider.cs(49,13): error CA1031: Modify 'GetZoneSnapshotAsync' to catch a more specific allowed exception type, or rethrow the exception (https://learn.microsoft.com/dotnet/fundamentals/code-analysis/quality-rules/ca1031) [/home/runner/work/trading-bot-c-/trading-bot-c-/src/BotCore/BotCore.csproj]
/home/runner/work/trading-bot-c-/trading-bot-c-/src/BotCore/Services/PerformanceTracker.cs(334,13): error CA1848: For improved performance, use the LoggerMessage delegates instead of calling 'LoggerExtensions.LogInformation(ILogger, string?, params object?[])' (https://learn.microsoft.com/dotnet/fundamentals/code-analysis/quality-rules/ca1848) [/home/runner/work/trading-bot-c-/trading-bot-c-/src/BotCore/BotCore.csproj]
/home/runner/work/trading-bot-c-/trading-bot-c-/src/BotCore/Services/PerformanceTracker.cs(338,13): error CA1848: For improved performance, use the LoggerMessage delegates instead of calling 'LoggerExtensions.LogError(ILogger, Exception?, string?, params object?[])' (https://learn.microsoft.com/dotnet/fundamentals/code-analysis/quality-rules/ca1848) [/home/runner/work/trading-bot-c-/trading-bot-c-/src/BotCore/BotCore.csproj]
/home/runner/work/trading-bot-c-/trading-bot-c-/src/BotCore/Services/PerformanceTracker.cs(342,13): error CA1848: For improved performance, use the LoggerMessage delegates instead of calling 'LoggerExtensions.LogError(ILogger, Exception?, string?, params object?[])' (https://learn.microsoft.com/dotnet/fundamentals/code-analysis/quality-rules/ca1848) [/home/runner/work/trading-bot-c-/trading-bot-c-/src/BotCore/BotCore.csproj]
/home/runner/work/trading-bot-c-/trading-bot-c-/src/BotCore/Services/PerformanceTracker.cs(346,13): error CA1848: For improved performance, use the LoggerMessage delegates instead of calling 'LoggerExtensions.LogError(ILogger, Exception?, string?, params object?[])' (https://learn.microsoft.com/dotnet/fundamentals/code-analysis/quality-rules/ca1848) [/home/runner/work/trading-bot-c-/trading-bot-c-/src/BotCore/BotCore.csproj]
/home/runner/work/trading-bot-c-/trading-bot-c-/src/BotCore/Services/IMarketHours.cs(71,9): error CA1031: Modify 'GetEasternTime' to catch a more specific allowed exception type, or rethrow the exception (https://learn.microsoft.com/dotnet/fundamentals/code-analysis/quality-rules/ca1031) [/home/runner/work/trading-bot-c-/trading-bot-c-/src/BotCore/BotCore.csproj]
/home/runner/work/trading-bot-c-/trading-bot-c-/src/BotCore/Services/IMarketHours.cs(84,9): error CA1031: Modify 'GetEasternTimeFromUtc' to catch a more specific allowed exception type, or rethrow the exception (https://learn.microsoft.com/dotnet/fundamentals/code-analysis/quality-rules/ca1031) [/home/runner/work/trading-bot-c-/trading-bot-c-/src/BotCore/BotCore.csproj]
/home/runner/work/trading-bot-c-/trading-bot-c-/src/BotCore/Services/ModelRotationService.cs(294,17): error CA1848: For improved performance, use the LoggerMessage delegates instead of calling 'LoggerExtensions.LogInformation(ILogger, string?, params object?[])' (https://learn.microsoft.com/dotnet/fundamentals/code-analysis/quality-rules/ca1848) [/home/runner/work/trading-bot-c-/trading-bot-c-/src/BotCore/BotCore.csproj]
/home/runner/work/trading-bot-c-/trading-bot-c-/src/BotCore/Services/PositionManagementOptimizer.cs(259,9): error AsyncFixer01: The method 'OptimizeBreakevenParameterAsync' does not need to use async/await. (https://github.com/semihokur/AsyncFixer) [/home/runner/work/trading-bot-c-/trading-bot-c-/src/BotCore/BotCore.csproj]
/home/runner/work/trading-bot-c-/trading-bot-c-/src/BotCore/Services/MasterDecisionOrchestrator.cs(307,13): error CA1848: For improved performance, use the LoggerMessage delegates instead of calling 'LoggerExtensions.LogDebug(ILogger, string?, params object?[])' (https://learn.microsoft.com/dotnet/fundamentals/code-analysis/quality-rules/ca1848) [/home/runner/work/trading-bot-c-/trading-bot-c-/src/BotCore/BotCore.csproj]
/home/runner/work/trading-bot-c-/trading-bot-c-/src/BotCore/Services/MasterDecisionOrchestrator.cs(331,21): error CA1848: For improved performance, use the LoggerMessage delegates instead of calling 'LoggerExtensions.LogInformation(ILogger, string?, params object?[])' (https://learn.microsoft.com/dotnet/fundamentals/code-analysis/quality-rules/ca1848) [/home/runner/work/trading-bot-c-/trading-bot-c-/src/BotCore/BotCore.csproj]
/home/runner/work/trading-bot-c-/trading-bot-c-/src/BotCore/Services/MasterDecisionOrchestrator.cs(338,21): error CA1848: For improved performance, use the LoggerMessage delegates instead of calling 'LoggerExtensions.LogWarning(ILogger, Exception?, string?, params object?[])' (https://learn.microsoft.com/dotnet/fundamentals/code-analysis/quality-rules/ca1848) [/home/runner/work/trading-bot-c-/trading-bot-c-/src/BotCore/BotCore.csproj]
/home/runner/work/trading-bot-c-/trading-bot-c-/src/BotCore/Services/MasterDecisionOrchestrator.cs(342,21): error CA1848: For improved performance, use the LoggerMessage delegates instead of calling 'LoggerExtensions.LogWarning(ILogger, Exception?, string?, params object?[])' (https://learn.microsoft.com/dotnet/fundamentals/code-analysis/quality-rules/ca1848) [/home/runner/work/trading-bot-c-/trading-bot-c-/src/BotCore/BotCore.csproj]
/home/runner/work/trading-bot-c-/trading-bot-c-/src/BotCore/Services/MasterDecisionOrchestrator.cs(376,13): error CA1848: For improved performance, use the LoggerMessage delegates instead of calling 'LoggerExtensions.LogError(ILogger, Exception?, string?, params object?[])' (https://learn.microsoft.com/dotnet/fundamentals/code-analysis/quality-rules/ca1848) [/home/runner/work/trading-bot-c-/trading-bot-c-/src/BotCore/BotCore.csproj]
/home/runner/work/trading-bot-c-/trading-bot-c-/src/BotCore/Services/MasterDecisionOrchestrator.cs(381,13): error CA1848: For improved performance, use the LoggerMessage delegates instead of calling 'LoggerExtensions.LogError(ILogger, Exception?, string?, params object?[])' (https://learn.microsoft.com/dotnet/fundamentals/code-analysis/quality-rules/ca1848) [/home/runner/work/trading-bot-c-/trading-bot-c-/src/BotCore/BotCore.csproj]
/home/runner/work/trading-bot-c-/trading-bot-c-/src/BotCore/Services/MasterDecisionOrchestrator.cs(386,13): error CA1848: For improved performance, use the LoggerMessage delegates instead of calling 'LoggerExtensions.LogError(ILogger, Exception?, string?, params object?[])' (https://learn.microsoft.com/dotnet/fundamentals/code-analysis/quality-rules/ca1848) [/home/runner/work/trading-bot-c-/trading-bot-c-/src/BotCore/BotCore.csproj]
/home/runner/work/trading-bot-c-/trading-bot-c-/src/BotCore/Services/ModelVersionVerificationService.cs(266,21): error CA1848: For improved performance, use the LoggerMessage delegates instead of calling 'LoggerExtensions.LogWarning(ILogger, string?, params object?[])' (https://learn.microsoft.com/dotnet/fundamentals/code-analysis/quality-rules/ca1848) [/home/runner/work/trading-bot-c-/trading-bot-c-/src/BotCore/BotCore.csproj]
/home/runner/work/trading-bot-c-/trading-bot-c-/src/BotCore/Services/ModelVersionVerificationService.cs(290,17): error CA1848: For improved performance, use the LoggerMessage delegates instead of calling 'LoggerExtensions.LogError(ILogger, Exception?, string?, params object?[])' (https://learn.microsoft.com/dotnet/fundamentals/code-analysis/quality-rules/ca1848) [/home/runner/work/trading-bot-c-/trading-bot-c-/src/BotCore/BotCore.csproj]
/home/runner/work/trading-bot-c-/trading-bot-c-/src/BotCore/Services/ModelVersionVerificationService.cs(275,21): error CA1849: 'Stream.ReadExactly(byte[], int, int)' synchronously blocks. Await 'Stream.ReadExactlyAsync(byte[], int, int, CancellationToken)' instead. (https://learn.microsoft.com/dotnet/fundamentals/code-analysis/quality-rules/ca1849) [/home/runner/work/trading-bot-c-/trading-bot-c-/src/BotCore/BotCore.csproj]
/home/runner/work/trading-bot-c-/trading-bot-c-/src/BotCore/Services/ModelVersionVerificationService.cs(288,13): error CA1031: Modify 'ValidateModelIntegrityAsync' to catch a more specific allowed exception type, or rethrow the exception (https://learn.microsoft.com/dotnet/fundamentals/code-analysis/quality-rules/ca1031) [/home/runner/work/trading-bot-c-/trading-bot-c-/src/BotCore/BotCore.csproj]
/home/runner/work/trading-bot-c-/trading-bot-c-/src/BotCore/Services/IntelligenceService.cs(121,17): error CA1848: For improved performance, use the LoggerMessage delegates instead of calling 'LoggerExtensions.LogDebug(ILogger, string?, params object?[])' (https://learn.microsoft.com/dotnet/fundamentals/code-analysis/quality-rules/ca1848) [/home/runner/work/trading-bot-c-/trading-bot-c-/src/BotCore/BotCore.csproj]
/home/runner/work/trading-bot-c-/trading-bot-c-/src/BotCore/Services/IntelligenceService.cs(128,17): error CA1848: For improved performance, use the LoggerMessage delegates instead of calling 'LoggerExtensions.LogDebug(ILogger, string?, params object?[])' (https://learn.microsoft.com/dotnet/fundamentals/code-analysis/quality-rules/ca1848) [/home/runner/work/trading-bot-c-/trading-bot-c-/src/BotCore/BotCore.csproj]
/home/runner/work/trading-bot-c-/trading-bot-c-/src/BotCore/Services/IntelligenceService.cs(135,17): error CA1848: For improved performance, use the LoggerMessage delegates instead of calling 'LoggerExtensions.LogInformation(ILogger, string?, params object?[])' (https://learn.microsoft.com/dotnet/fundamentals/code-analysis/quality-rules/ca1848) [/home/runner/work/trading-bot-c-/trading-bot-c-/src/BotCore/BotCore.csproj]
/home/runner/work/trading-bot-c-/trading-bot-c-/src/BotCore/Services/IntelligenceService.cs(143,13): error CA1848: For improved performance, use the LoggerMessage delegates instead of calling 'LoggerExtensions.LogWarning(ILogger, Exception?, string?, params object?[])' (https://learn.microsoft.com/dotnet/fundamentals/code-analysis/quality-rules/ca1848) [/home/runner/work/trading-bot-c-/trading-bot-c-/src/BotCore/BotCore.csproj]
/home/runner/work/trading-bot-c-/trading-bot-c-/src/BotCore/Services/IntelligenceService.cs(148,13): error CA1848: For improved performance, use the LoggerMessage delegates instead of calling 'LoggerExtensions.LogDebug(ILogger, Exception?, string?, params object?[])' (https://learn.microsoft.com/dotnet/fundamentals/code-analysis/quality-rules/ca1848) [/home/runner/work/trading-bot-c-/trading-bot-c-/src/BotCore/BotCore.csproj]
/home/runner/work/trading-bot-c-/trading-bot-c-/src/BotCore/Services/PositionManagementOptimizer.cs(259,92): error S1172: Remove this unused method parameter 'cancellationToken'. (https://rules.sonarsource.com/csharp/RSPEC-1172) [/home/runner/work/trading-bot-c-/trading-bot-c-/src/BotCore/BotCore.csproj]
/home/runner/work/trading-bot-c-/trading-bot-c-/src/BotCore/Services/IntelligenceService.cs(146,9): error CA1031: Modify 'GetLatestIntelligenceAsync' to catch a more specific allowed exception type, or rethrow the exception (https://learn.microsoft.com/dotnet/fundamentals/code-analysis/quality-rules/ca1031) [/home/runner/work/trading-bot-c-/trading-bot-c-/src/BotCore/BotCore.csproj]
/home/runner/work/trading-bot-c-/trading-bot-c-/src/BotCore/Services/PerformanceTracker.cs(351,45): error S1172: Remove this unused method parameter 'entryTime'. (https://rules.sonarsource.com/csharp/RSPEC-1172) [/home/runner/work/trading-bot-c-/trading-bot-c-/src/BotCore/BotCore.csproj]
/home/runner/work/trading-bot-c-/trading-bot-c-/src/BotCore/Services/PerformanceTracker.cs(351,65): error S1172: Remove this unused method parameter 'symbol'. (https://rules.sonarsource.com/csharp/RSPEC-1172) [/home/runner/work/trading-bot-c-/trading-bot-c-/src/BotCore/BotCore.csproj]
/home/runner/work/trading-bot-c-/trading-bot-c-/src/BotCore/Services/PositionManagementOptimizer.cs(315,21): error CA1848: For improved performance, use the LoggerMessage delegates instead of calling 'LoggerExtensions.LogInformation(ILogger, string?, params object?[])' (https://learn.microsoft.com/dotnet/fundamentals/code-analysis/quality-rules/ca1848) [/home/runner/work/trading-bot-c-/trading-bot-c-/src/BotCore/BotCore.csproj]
/home/runner/work/trading-bot-c-/trading-bot-c-/src/BotCore/Services/PerformanceTracker.cs(352,49): error S1172: Remove this unused method parameter 'entryTime'. (https://rules.sonarsource.com/csharp/RSPEC-1172) [/home/runner/work/trading-bot-c-/trading-bot-c-/src/BotCore/BotCore.csproj]
/home/runner/work/trading-bot-c-/trading-bot-c-/src/BotCore/Services/PerformanceTracker.cs(353,43): error S1172: Remove this unused method parameter 'symbol'. (https://rules.sonarsource.com/csharp/RSPEC-1172) [/home/runner/work/trading-bot-c-/trading-bot-c-/src/BotCore/BotCore.csproj]
/home/runner/work/trading-bot-c-/trading-bot-c-/src/BotCore/Services/PerformanceTracker.cs(352,69): error S1172: Remove this unused method parameter 'symbol'. (https://rules.sonarsource.com/csharp/RSPEC-1172) [/home/runner/work/trading-bot-c-/trading-bot-c-/src/BotCore/BotCore.csproj]
/home/runner/work/trading-bot-c-/trading-bot-c-/src/BotCore/Services/PerformanceTracker.cs(353,58): error S1172: Remove this unused method parameter 'entryTime'. (https://rules.sonarsource.com/csharp/RSPEC-1172) [/home/runner/work/trading-bot-c-/trading-bot-c-/src/BotCore/BotCore.csproj]
/home/runner/work/trading-bot-c-/trading-bot-c-/src/BotCore/Services/ModelRotationService.cs(315,17): error CA1848: For improved performance, use the LoggerMessage delegates instead of calling 'LoggerExtensions.LogWarning(ILogger, Exception?, string?, params object?[])' (https://learn.microsoft.com/dotnet/fundamentals/code-analysis/quality-rules/ca1848) [/home/runner/work/trading-bot-c-/trading-bot-c-/src/BotCore/BotCore.csproj]
/home/runner/work/trading-bot-c-/trading-bot-c-/src/BotCore/Services/ModelRotationService.cs(313,13): error CA1031: Modify 'GetCurrentRotationCount' to catch a more specific allowed exception type, or rethrow the exception (https://learn.microsoft.com/dotnet/fundamentals/code-analysis/quality-rules/ca1031) [/home/runner/work/trading-bot-c-/trading-bot-c-/src/BotCore/BotCore.csproj]
/home/runner/work/trading-bot-c-/trading-bot-c-/src/BotCore/Services/ModelRotationService.cs(324,13): error CA1848: For improved performance, use the LoggerMessage delegates instead of calling 'LoggerExtensions.LogInformation(ILogger, string?, params object?[])' (https://learn.microsoft.com/dotnet/fundamentals/code-analysis/quality-rules/ca1848) [/home/runner/work/trading-bot-c-/trading-bot-c-/src/BotCore/BotCore.csproj]
/home/runner/work/trading-bot-c-/trading-bot-c-/src/BotCore/Services/ModelRotationService.cs(334,17): error CA1848: For improved performance, use the LoggerMessage delegates instead of calling 'LoggerExtensions.LogInformation(ILogger, string?, params object?[])' (https://learn.microsoft.com/dotnet/fundamentals/code-analysis/quality-rules/ca1848) [/home/runner/work/trading-bot-c-/trading-bot-c-/src/BotCore/BotCore.csproj]
/home/runner/work/trading-bot-c-/trading-bot-c-/src/BotCore/Services/UnifiedPositionManagementService.cs(2662,25): error CA1848: For improved performance, use the LoggerMessage delegates instead of calling 'LoggerExtensions.LogInformation(ILogger, string?, params object?[])' (https://learn.microsoft.com/dotnet/fundamentals/code-analysis/quality-rules/ca1848) [/home/runner/work/trading-bot-c-/trading-bot-c-/src/BotCore/BotCore.csproj]
/home/runner/work/trading-bot-c-/trading-bot-c-/src/BotCore/Services/UnifiedPositionManagementService.cs(2667,21): error CA1848: For improved performance, use the LoggerMessage delegates instead of calling 'LoggerExtensions.LogError(ILogger, Exception?, string?, params object?[])' (https://learn.microsoft.com/dotnet/fundamentals/code-analysis/quality-rules/ca1848) [/home/runner/work/trading-bot-c-/trading-bot-c-/src/BotCore/BotCore.csproj]
/home/runner/work/trading-bot-c-/trading-bot-c-/src/BotCore/Services/IntelligenceService.cs(174,9): error CA1031: Modify 'GetIntelligenceAge' to catch a more specific allowed exception type, or rethrow the exception (https://learn.microsoft.com/dotnet/fundamentals/code-analysis/quality-rules/ca1031) [/home/runner/work/trading-bot-c-/trading-bot-c-/src/BotCore/BotCore.csproj]
/home/runner/work/trading-bot-c-/trading-bot-c-/src/BotCore/Services/UnifiedPositionManagementService.cs(2665,17): error CA1031: Modify 'ExplainConfidenceAdjustmentFireAndForget' to catch a more specific allowed exception type, or rethrow the exception (https://learn.microsoft.com/dotnet/fundamentals/code-analysis/quality-rules/ca1031) [/home/runner/work/trading-bot-c-/trading-bot-c-/src/BotCore/BotCore.csproj]
/home/runner/work/trading-bot-c-/trading-bot-c-/src/BotCore/Services/PerformanceTracker.cs(377,13): error CA1848: For improved performance, use the LoggerMessage delegates instead of calling 'LoggerExtensions.LogError(ILogger, Exception?, string?, params object?[])' (https://learn.microsoft.com/dotnet/fundamentals/code-analysis/quality-rules/ca1848) [/home/runner/work/trading-bot-c-/trading-bot-c-/src/BotCore/BotCore.csproj]
/home/runner/work/trading-bot-c-/trading-bot-c-/src/BotCore/Services/PerformanceTracker.cs(382,13): error CA1848: For improved performance, use the LoggerMessage delegates instead of calling 'LoggerExtensions.LogError(ILogger, Exception?, string?, params object?[])' (https://learn.microsoft.com/dotnet/fundamentals/code-analysis/quality-rules/ca1848) [/home/runner/work/trading-bot-c-/trading-bot-c-/src/BotCore/BotCore.csproj]
/home/runner/work/trading-bot-c-/trading-bot-c-/src/BotCore/Services/HistoricalDataBridgeService.cs(77,17): error CA1848: For improved performance, use the LoggerMessage delegates instead of calling 'LoggerExtensions.LogInformation(ILogger, string?, params object?[])' (https://learn.microsoft.com/dotnet/fundamentals/code-analysis/quality-rules/ca1848) [/home/runner/work/trading-bot-c-/trading-bot-c-/src/BotCore/BotCore.csproj]
/home/runner/work/trading-bot-c-/trading-bot-c-/src/BotCore/Services/HistoricalDataBridgeService.cs(81,13): error CA1848: For improved performance, use the LoggerMessage delegates instead of calling 'LoggerExtensions.LogInformation(ILogger, string?, params object?[])' (https://learn.microsoft.com/dotnet/fundamentals/code-analysis/quality-rules/ca1848) [/home/runner/work/trading-bot-c-/trading-bot-c-/src/BotCore/BotCore.csproj]
/home/runner/work/trading-bot-c-/trading-bot-c-/src/BotCore/Services/HistoricalDataBridgeService.cs(90,21): error CA1848: For improved performance, use the LoggerMessage delegates instead of calling 'LoggerExtensions.LogDebug(ILogger, string?, params object?[])' (https://learn.microsoft.com/dotnet/fundamentals/code-analysis/quality-rules/ca1848) [/home/runner/work/trading-bot-c-/trading-bot-c-/src/BotCore/BotCore.csproj]
/home/runner/work/trading-bot-c-/trading-bot-c-/src/BotCore/Services/HistoricalDataBridgeService.cs(104,29): error CA1848: For improved performance, use the LoggerMessage delegates instead of calling 'LoggerExtensions.LogInformation(ILogger, string?, params object?[])' (https://learn.microsoft.com/dotnet/fundamentals/code-analysis/quality-rules/ca1848) [/home/runner/work/trading-bot-c-/trading-bot-c-/src/BotCore/BotCore.csproj]
/home/runner/work/trading-bot-c-/trading-bot-c-/src/BotCore/Services/HistoricalDataBridgeService.cs(109,29): error CA1848: For improved performance, use the LoggerMessage delegates instead of calling 'LoggerExtensions.LogWarning(ILogger, string?, params object?[])' (https://learn.microsoft.com/dotnet/fundamentals/code-analysis/quality-rules/ca1848) [/home/runner/work/trading-bot-c-/trading-bot-c-/src/BotCore/BotCore.csproj]
/home/runner/work/trading-bot-c-/trading-bot-c-/src/BotCore/Services/HistoricalDataBridgeService.cs(114,25): error CA1848: For improved performance, use the LoggerMessage delegates instead of calling 'LoggerExtensions.LogWarning(ILogger, string?, params object?[])' (https://learn.microsoft.com/dotnet/fundamentals/code-analysis/quality-rules/ca1848) [/home/runner/work/trading-bot-c-/trading-bot-c-/src/BotCore/BotCore.csproj]
/home/runner/work/trading-bot-c-/trading-bot-c-/src/BotCore/Services/HistoricalDataBridgeService.cs(119,21): error CA1848: For improved performance, use the LoggerMessage delegates instead of calling 'LoggerExtensions.LogError(ILogger, Exception?, string?, params object?[])' (https://learn.microsoft.com/dotnet/fundamentals/code-analysis/quality-rules/ca1848) [/home/runner/work/trading-bot-c-/trading-bot-c-/src/BotCore/BotCore.csproj]
/home/runner/work/trading-bot-c-/trading-bot-c-/src/BotCore/Services/HistoricalDataBridgeService.cs(123,21): error CA1848: For improved performance, use the LoggerMessage delegates instead of calling 'LoggerExtensions.LogError(ILogger, Exception?, string?, params object?[])' (https://learn.microsoft.com/dotnet/fundamentals/code-analysis/quality-rules/ca1848) [/home/runner/work/trading-bot-c-/trading-bot-c-/src/BotCore/BotCore.csproj]
/home/runner/work/trading-bot-c-/trading-bot-c-/src/BotCore/Services/HistoricalDataBridgeService.cs(127,21): error CA1848: For improved performance, use the LoggerMessage delegates instead of calling 'LoggerExtensions.LogError(ILogger, Exception?, string?, params object?[])' (https://learn.microsoft.com/dotnet/fundamentals/code-analysis/quality-rules/ca1848) [/home/runner/work/trading-bot-c-/trading-bot-c-/src/BotCore/BotCore.csproj]
/home/runner/work/trading-bot-c-/trading-bot-c-/src/BotCore/Services/HistoricalDataBridgeService.cs(132,13): error CA1848: For improved performance, use the LoggerMessage delegates instead of calling 'LoggerExtensions.LogInformation(ILogger, string?, params object?[])' (https://learn.microsoft.com/dotnet/fundamentals/code-analysis/quality-rules/ca1848) [/home/runner/work/trading-bot-c-/trading-bot-c-/src/BotCore/BotCore.csproj]
/home/runner/work/trading-bot-c-/trading-bot-c-/src/BotCore/Services/ProductionMonitoringService.cs(357,9): error CA1031: Modify 'CheckTradingPerformanceHealth' to catch a more specific allowed exception type, or rethrow the exception (https://learn.microsoft.com/dotnet/fundamentals/code-analysis/quality-rules/ca1031) [/home/runner/work/trading-bot-c-/trading-bot-c-/src/BotCore/BotCore.csproj]
/home/runner/work/trading-bot-c-/trading-bot-c-/src/BotCore/Services/ModelVersionVerificationService.cs(311,17): error CA1848: For improved performance, use the LoggerMessage delegates instead of calling 'LoggerExtensions.LogInformation(ILogger, string?, params object?[])' (https://learn.microsoft.com/dotnet/fundamentals/code-analysis/quality-rules/ca1848) [/home/runner/work/trading-bot-c-/trading-bot-c-/src/BotCore/BotCore.csproj]
/home/runner/work/trading-bot-c-/trading-bot-c-/src/BotCore/Services/ModelVersionVerificationService.cs(315,17): error CA1848: For improved performance, use the LoggerMessage delegates instead of calling 'LoggerExtensions.LogError(ILogger, Exception?, string?, params object?[])' (https://learn.microsoft.com/dotnet/fundamentals/code-analysis/quality-rules/ca1848) [/home/runner/work/trading-bot-c-/trading-bot-c-/src/BotCore/BotCore.csproj]
/home/runner/work/trading-bot-c-/trading-bot-c-/src/BotCore/Services/ModelVersionVerificationService.cs(313,13): error CA1031: Modify 'BackupModelAsync' to catch a more specific allowed exception type, or rethrow the exception (https://learn.microsoft.com/dotnet/fundamentals/code-analysis/quality-rules/ca1031) [/home/runner/work/trading-bot-c-/trading-bot-c-/src/BotCore/BotCore.csproj]
/home/runner/work/trading-bot-c-/trading-bot-c-/src/BotCore/Services/MasterDecisionOrchestrator.cs(409,13): error CA1848: For improved performance, use the LoggerMessage delegates instead of calling 'LoggerExtensions.LogInformation(ILogger, string?, params object?[])' (https://learn.microsoft.com/dotnet/fundamentals/code-analysis/quality-rules/ca1848) [/home/runner/work/trading-bot-c-/trading-bot-c-/src/BotCore/BotCore.csproj]
/home/runner/work/trading-bot-c-/trading-bot-c-/src/BotCore/Services/MasterDecisionOrchestrator.cs(448,13): error CA1848: For improved performance, use the LoggerMessage delegates instead of calling 'LoggerExtensions.LogInformation(ILogger, string?, params object?[])' (https://learn.microsoft.com/dotnet/fundamentals/code-analysis/quality-rules/ca1848) [/home/runner/work/trading-bot-c-/trading-bot-c-/src/BotCore/BotCore.csproj]
/home/runner/work/trading-bot-c-/trading-bot-c-/src/BotCore/Services/MasterDecisionOrchestrator.cs(452,13): error CA1848: For improved performance, use the LoggerMessage delegates instead of calling 'LoggerExtensions.LogError(ILogger, Exception?, string?, params object?[])' (https://learn.microsoft.com/dotnet/fundamentals/code-analysis/quality-rules/ca1848) [/home/runner/work/trading-bot-c-/trading-bot-c-/src/BotCore/BotCore.csproj]
/home/runner/work/trading-bot-c-/trading-bot-c-/src/BotCore/Services/MasterDecisionOrchestrator.cs(456,13): error CA1848: For improved performance, use the LoggerMessage delegates instead of calling 'LoggerExtensions.LogError(ILogger, Exception?, string?, params object?[])' (https://learn.microsoft.com/dotnet/fundamentals/code-analysis/quality-rules/ca1848) [/home/runner/work/trading-bot-c-/trading-bot-c-/src/BotCore/BotCore.csproj]
/home/runner/work/trading-bot-c-/trading-bot-c-/src/BotCore/Services/IntelligenceService.cs(211,13): error CA1848: For improved performance, use the LoggerMessage delegates instead of calling 'LoggerExtensions.LogDebug(ILogger, string?, params object?[])' (https://learn.microsoft.com/dotnet/fundamentals/code-analysis/quality-rules/ca1848) [/home/runner/work/trading-bot-c-/trading-bot-c-/src/BotCore/BotCore.csproj]
/home/runner/work/trading-bot-c-/trading-bot-c-/src/BotCore/Services/IntelligenceService.cs(216,13): error CA1848: For improved performance, use the LoggerMessage delegates instead of calling 'LoggerExtensions.LogWarning(ILogger, Exception?, string?, params object?[])' (https://learn.microsoft.com/dotnet/fundamentals/code-analysis/quality-rules/ca1848) [/home/runner/work/trading-bot-c-/trading-bot-c-/src/BotCore/BotCore.csproj]
/home/runner/work/trading-bot-c-/trading-bot-c-/src/BotCore/Services/IntelligenceService.cs(214,9): error CA1031: Modify 'LogTradeResultAsync' to catch a more specific allowed exception type, or rethrow the exception (https://learn.microsoft.com/dotnet/fundamentals/code-analysis/quality-rules/ca1031) [/home/runner/work/trading-bot-c-/trading-bot-c-/src/BotCore/BotCore.csproj]
/home/runner/work/trading-bot-c-/trading-bot-c-/src/BotCore/Services/MarketConditionAnalyzer.cs(299,42): error S1905: Remove this unnecessary cast to 'decimal'. (https://rules.sonarsource.com/csharp/RSPEC-1905) [/home/runner/work/trading-bot-c-/trading-bot-c-/src/BotCore/BotCore.csproj]
/home/runner/work/trading-bot-c-/trading-bot-c-/src/BotCore/Services/PerformanceTracker.cs(393,18): error S1244: Do not check floating point equality with exact values, use a range instead. (https://rules.sonarsource.com/csharp/RSPEC-1244) [/home/runner/work/trading-bot-c-/trading-bot-c-/src/BotCore/BotCore.csproj]
/home/runner/work/trading-bot-c-/trading-bot-c-/src/BotCore/Services/OrderExecutionService.cs(710,23): error AsyncFixer03: Avoid unsupported fire-and-forget async-void methods or delegates. Unhandled exceptions will crash the process. (https://github.com/semihokur/AsyncFixer) [/home/runner/work/trading-bot-c-/trading-bot-c-/src/BotCore/BotCore.csproj]
/home/runner/work/trading-bot-c-/trading-bot-c-/src/BotCore/Services/OrderExecutionService.cs(710,28): error S138: This method 'ReconcilePositionsWithBroker' has 86 lines, which is greater than the 80 lines authorized. Split it into smaller methods. (https://rules.sonarsource.com/csharp/RSPEC-138) [/home/runner/work/trading-bot-c-/trading-bot-c-/src/BotCore/BotCore.csproj]
/home/runner/work/trading-bot-c-/trading-bot-c-/src/BotCore/Services/OrderExecutionService.cs(714,17): error CA1848: For improved performance, use the LoggerMessage delegates instead of calling 'LoggerExtensions.LogDebug(ILogger, string?, params object?[])' (https://learn.microsoft.com/dotnet/fundamentals/code-analysis/quality-rules/ca1848) [/home/runner/work/trading-bot-c-/trading-bot-c-/src/BotCore/BotCore.csproj]
/home/runner/work/trading-bot-c-/trading-bot-c-/src/BotCore/Services/OrderExecutionService.cs(720,21): error CA1848: For improved performance, use the LoggerMessage delegates instead of calling 'LoggerExtensions.LogWarning(ILogger, string?, params object?[])' (https://learn.microsoft.com/dotnet/fundamentals/code-analysis/quality-rules/ca1848) [/home/runner/work/trading-bot-c-/trading-bot-c-/src/BotCore/BotCore.csproj]
/home/runner/work/trading-bot-c-/trading-bot-c-/src/BotCore/Services/OrderExecutionService.cs(734,25): error CA1848: For improved performance, use the LoggerMessage delegates instead of calling 'LoggerExtensions.LogWarning(ILogger, string?, params object?[])' (https://learn.microsoft.com/dotnet/fundamentals/code-analysis/quality-rules/ca1848) [/home/runner/work/trading-bot-c-/trading-bot-c-/src/BotCore/BotCore.csproj]
/home/runner/work/trading-bot-c-/trading-bot-c-/src/BotCore/Services/OrderExecutionService.cs(746,25): error CA1848: For improved performance, use the LoggerMessage delegates instead of calling 'LoggerExtensions.LogInformation(ILogger, string?, params object?[])' (https://learn.microsoft.com/dotnet/fundamentals/code-analysis/quality-rules/ca1848) [/home/runner/work/trading-bot-c-/trading-bot-c-/src/BotCore/BotCore.csproj]
/home/runner/work/trading-bot-c-/trading-bot-c-/src/BotCore/Services/OrderExecutionService.cs(759,25): error CA1848: For improved performance, use the LoggerMessage delegates instead of calling 'LoggerExtensions.LogWarning(ILogger, string?, params object?[])' (https://learn.microsoft.com/dotnet/fundamentals/code-analysis/quality-rules/ca1848) [/home/runner/work/trading-bot-c-/trading-bot-c-/src/BotCore/BotCore.csproj]
/home/runner/work/trading-bot-c-/trading-bot-c-/src/BotCore/Services/OrderExecutionService.cs(768,25): error CA1848: For improved performance, use the LoggerMessage delegates instead of calling 'LoggerExtensions.LogInformation(ILogger, string?, params object?[])' (https://learn.microsoft.com/dotnet/fundamentals/code-analysis/quality-rules/ca1848) [/home/runner/work/trading-bot-c-/trading-bot-c-/src/BotCore/BotCore.csproj]
/home/runner/work/trading-bot-c-/trading-bot-c-/src/BotCore/Services/OrderExecutionService.cs(785,25): error CA1848: For improved performance, use the LoggerMessage delegates instead of calling 'LoggerExtensions.LogError(ILogger, string?, params object?[])' (https://learn.microsoft.com/dotnet/fundamentals/code-analysis/quality-rules/ca1848) [/home/runner/work/trading-bot-c-/trading-bot-c-/src/BotCore/BotCore.csproj]
/home/runner/work/trading-bot-c-/trading-bot-c-/src/BotCore/Services/OrderExecutionService.cs(794,25): error CA1848: For improved performance, use the LoggerMessage delegates instead of calling 'LoggerExtensions.LogWarning(ILogger, string?, params object?[])' (https://learn.microsoft.com/dotnet/fundamentals/code-analysis/quality-rules/ca1848) [/home/runner/work/trading-bot-c-/trading-bot-c-/src/BotCore/BotCore.csproj]
/home/runner/work/trading-bot-c-/trading-bot-c-/src/BotCore/Services/OrderExecutionService.cs(799,25): error CA1848: For improved performance, use the LoggerMessage delegates instead of calling 'LoggerExtensions.LogCritical(ILogger, string?, params object?[])' (https://learn.microsoft.com/dotnet/fundamentals/code-analysis/quality-rules/ca1848) [/home/runner/work/trading-bot-c-/trading-bot-c-/src/BotCore/BotCore.csproj]
/home/runner/work/trading-bot-c-/trading-bot-c-/src/BotCore/Services/OrderExecutionService.cs(812,21): error CA1848: For improved performance, use the LoggerMessage delegates instead of calling 'LoggerExtensions.LogDebug(ILogger, string?, params object?[])' (https://learn.microsoft.com/dotnet/fundamentals/code-analysis/quality-rules/ca1848) [/home/runner/work/trading-bot-c-/trading-bot-c-/src/BotCore/BotCore.csproj]
/home/runner/work/trading-bot-c-/trading-bot-c-/src/BotCore/Services/OrderExecutionService.cs(816,21): error CA1848: For improved performance, use the LoggerMessage delegates instead of calling 'LoggerExtensions.LogWarning(ILogger, string?, params object?[])' (https://learn.microsoft.com/dotnet/fundamentals/code-analysis/quality-rules/ca1848) [/home/runner/work/trading-bot-c-/trading-bot-c-/src/BotCore/BotCore.csproj]
/home/runner/work/trading-bot-c-/trading-bot-c-/src/BotCore/Services/OrderExecutionService.cs(823,17): error CA1848: For improved performance, use the LoggerMessage delegates instead of calling 'LoggerExtensions.LogError(ILogger, Exception?, string?, params object?[])' (https://learn.microsoft.com/dotnet/fundamentals/code-analysis/quality-rules/ca1848) [/home/runner/work/trading-bot-c-/trading-bot-c-/src/BotCore/BotCore.csproj]
/home/runner/work/trading-bot-c-/trading-bot-c-/src/BotCore/Services/ModelEnsembleService.cs(261,24): error S1696: Do not catch NullReferenceException; test for null instead. (https://rules.sonarsource.com/csharp/RSPEC-1696) [/home/runner/work/trading-bot-c-/trading-bot-c-/src/BotCore/BotCore.csproj]
/home/runner/work/trading-bot-c-/trading-bot-c-/src/BotCore/Services/ModelEnsembleService.cs(297,16): error S1696: Do not catch NullReferenceException; test for null instead. (https://rules.sonarsource.com/csharp/RSPEC-1696) [/home/runner/work/trading-bot-c-/trading-bot-c-/src/BotCore/BotCore.csproj]
/home/runner/work/trading-bot-c-/trading-bot-c-/src/BotCore/Services/OrderExecutionService.cs(821,13): error CA1031: Modify 'ReconcilePositionsWithBroker' to catch a more specific allowed exception type, or rethrow the exception (https://learn.microsoft.com/dotnet/fundamentals/code-analysis/quality-rules/ca1031) [/home/runner/work/trading-bot-c-/trading-bot-c-/src/BotCore/BotCore.csproj]
/home/runner/work/trading-bot-c-/trading-bot-c-/src/BotCore/Services/ModelEnsembleService.cs(253,21): error CA1848: For improved performance, use the LoggerMessage delegates instead of calling 'LoggerExtensions.LogWarning(ILogger, Exception?, string?, params object?[])' (https://learn.microsoft.com/dotnet/fundamentals/code-analysis/quality-rules/ca1848) [/home/runner/work/trading-bot-c-/trading-bot-c-/src/BotCore/BotCore.csproj]
/home/runner/work/trading-bot-c-/trading-bot-c-/src/BotCore/Services/ModelEnsembleService.cs(258,21): error CA1848: For improved performance, use the LoggerMessage delegates instead of calling 'LoggerExtensions.LogWarning(ILogger, Exception?, string?, params object?[])' (https://learn.microsoft.com/dotnet/fundamentals/code-analysis/quality-rules/ca1848) [/home/runner/work/trading-bot-c-/trading-bot-c-/src/BotCore/BotCore.csproj]
/home/runner/work/trading-bot-c-/trading-bot-c-/src/BotCore/Services/ModelEnsembleService.cs(263,21): error CA1848: For improved performance, use the LoggerMessage delegates instead of calling 'LoggerExtensions.LogWarning(ILogger, Exception?, string?, params object?[])' (https://learn.microsoft.com/dotnet/fundamentals/code-analysis/quality-rules/ca1848) [/home/runner/work/trading-bot-c-/trading-bot-c-/src/BotCore/BotCore.csproj]
/home/runner/work/trading-bot-c-/trading-bot-c-/src/BotCore/Services/ModelEnsembleService.cs(271,13): error CA1848: For improved performance, use the LoggerMessage delegates instead of calling 'LoggerExtensions.LogDebug(ILogger, string?, params object?[])' (https://learn.microsoft.com/dotnet/fundamentals/code-analysis/quality-rules/ca1848) [/home/runner/work/trading-bot-c-/trading-bot-c-/src/BotCore/BotCore.csproj]
/home/runner/work/trading-bot-c-/trading-bot-c-/src/BotCore/Services/ModelEnsembleService.cs(289,13): error CA1848: For improved performance, use the LoggerMessage delegates instead of calling 'LoggerExtensions.LogError(ILogger, Exception?, string?, params object?[])' (https://learn.microsoft.com/dotnet/fundamentals/code-analysis/quality-rules/ca1848) [/home/runner/work/trading-bot-c-/trading-bot-c-/src/BotCore/BotCore.csproj]
/home/runner/work/trading-bot-c-/trading-bot-c-/src/BotCore/Services/ModelEnsembleService.cs(294,13): error CA1848: For improved performance, use the LoggerMessage delegates instead of calling 'LoggerExtensions.LogError(ILogger, Exception?, string?, params object?[])' (https://learn.microsoft.com/dotnet/fundamentals/code-analysis/quality-rules/ca1848) [/home/runner/work/trading-bot-c-/trading-bot-c-/src/BotCore/BotCore.csproj]
/home/runner/work/trading-bot-c-/trading-bot-c-/src/BotCore/Services/ModelEnsembleService.cs(299,13): error CA1848: For improved performance, use the LoggerMessage delegates instead of calling 'LoggerExtensions.LogError(ILogger, Exception?, string?, params object?[])' (https://learn.microsoft.com/dotnet/fundamentals/code-analysis/quality-rules/ca1848) [/home/runner/work/trading-bot-c-/trading-bot-c-/src/BotCore/BotCore.csproj]
/home/runner/work/trading-bot-c-/trading-bot-c-/src/BotCore/Services/HistoricalDataBridgeService.cs(149,21): error CA1848: For improved performance, use the LoggerMessage delegates instead of calling 'LoggerExtensions.LogDebug(ILogger, string?, params object?[])' (https://learn.microsoft.com/dotnet/fundamentals/code-analysis/quality-rules/ca1848) [/home/runner/work/trading-bot-c-/trading-bot-c-/src/BotCore/BotCore.csproj]
/home/runner/work/trading-bot-c-/trading-bot-c-/src/BotCore/Services/HistoricalDataBridgeService.cs(158,21): error CA1848: For improved performance, use the LoggerMessage delegates instead of calling 'LoggerExtensions.LogDebug(ILogger, string?, params object?[])' (https://learn.microsoft.com/dotnet/fundamentals/code-analysis/quality-rules/ca1848) [/home/runner/work/trading-bot-c-/trading-bot-c-/src/BotCore/BotCore.csproj]
/home/runner/work/trading-bot-c-/trading-bot-c-/src/BotCore/Services/HistoricalDataBridgeService.cs(167,21): error CA1848: For improved performance, use the LoggerMessage delegates instead of calling 'LoggerExtensions.LogDebug(ILogger, string?, params object?[])' (https://learn.microsoft.com/dotnet/fundamentals/code-analysis/quality-rules/ca1848) [/home/runner/work/trading-bot-c-/trading-bot-c-/src/BotCore/BotCore.csproj]
/home/runner/work/trading-bot-c-/trading-bot-c-/src/BotCore/Services/HistoricalDataBridgeService.cs(174,17): error CA1848: For improved performance, use the LoggerMessage delegates instead of calling 'LoggerExtensions.LogWarning(ILogger, string?, params object?[])' (https://learn.microsoft.com/dotnet/fundamentals/code-analysis/quality-rules/ca1848) [/home/runner/work/trading-bot-c-/trading-bot-c-/src/BotCore/BotCore.csproj]
/home/runner/work/trading-bot-c-/trading-bot-c-/src/BotCore/Services/HistoricalDataBridgeService.cs(181,17): error CA1848: For improved performance, use the LoggerMessage delegates instead of calling 'LoggerExtensions.LogError(ILogger, Exception?, string?, params object?[])' (https://learn.microsoft.com/dotnet/fundamentals/code-analysis/quality-rules/ca1848) [/home/runner/work/trading-bot-c-/trading-bot-c-/src/BotCore/BotCore.csproj]
/home/runner/work/trading-bot-c-/trading-bot-c-/src/BotCore/Services/HistoricalDataBridgeService.cs(186,17): error CA1848: For improved performance, use the LoggerMessage delegates instead of calling 'LoggerExtensions.LogError(ILogger, Exception?, string?, params object?[])' (https://learn.microsoft.com/dotnet/fundamentals/code-analysis/quality-rules/ca1848) [/home/runner/work/trading-bot-c-/trading-bot-c-/src/BotCore/BotCore.csproj]
/home/runner/work/trading-bot-c-/trading-bot-c-/src/BotCore/Services/HistoricalDataBridgeService.cs(191,17): error CA1848: For improved performance, use the LoggerMessage delegates instead of calling 'LoggerExtensions.LogError(ILogger, Exception?, string?, params object?[])' (https://learn.microsoft.com/dotnet/fundamentals/code-analysis/quality-rules/ca1848) [/home/runner/work/trading-bot-c-/trading-bot-c-/src/BotCore/BotCore.csproj]
/home/runner/work/trading-bot-c-/trading-bot-c-/src/BotCore/Services/MasterDecisionOrchestrator.cs(492,13): error CA1848: For improved performance, use the LoggerMessage delegates instead of calling 'LoggerExtensions.LogInformation(ILogger, string?, params object?[])' (https://learn.microsoft.com/dotnet/fundamentals/code-analysis/quality-rules/ca1848) [/home/runner/work/trading-bot-c-/trading-bot-c-/src/BotCore/BotCore.csproj]
/home/runner/work/trading-bot-c-/trading-bot-c-/src/BotCore/Services/MasterDecisionOrchestrator.cs(500,13): error CA1848: For improved performance, use the LoggerMessage delegates instead of calling 'LoggerExtensions.LogInformation(ILogger, string?, params object?[])' (https://learn.microsoft.com/dotnet/fundamentals/code-analysis/quality-rules/ca1848) [/home/runner/work/trading-bot-c-/trading-bot-c-/src/BotCore/BotCore.csproj]
/home/runner/work/trading-bot-c-/trading-bot-c-/src/BotCore/Services/MasterDecisionOrchestrator.cs(504,13): error CA1848: For improved performance, use the LoggerMessage delegates instead of calling 'LoggerExtensions.LogError(ILogger, Exception?, string?, params object?[])' (https://learn.microsoft.com/dotnet/fundamentals/code-analysis/quality-rules/ca1848) [/home/runner/work/trading-bot-c-/trading-bot-c-/src/BotCore/BotCore.csproj]
/home/runner/work/trading-bot-c-/trading-bot-c-/src/BotCore/Services/ModelVersionVerificationService.cs(335,17): error CA1848: For improved performance, use the LoggerMessage delegates instead of calling 'LoggerExtensions.LogError(ILogger, Exception?, string?, params object?[])' (https://learn.microsoft.com/dotnet/fundamentals/code-analysis/quality-rules/ca1848) [/home/runner/work/trading-bot-c-/trading-bot-c-/src/BotCore/BotCore.csproj]
/home/runner/work/trading-bot-c-/trading-bot-c-/src/BotCore/Services/ModelVersionVerificationService.cs(333,13): error CA1031: Modify 'GetModelVersionHistoryAsync' to catch a more specific allowed exception type, or rethrow the exception (https://learn.microsoft.com/dotnet/fundamentals/code-analysis/quality-rules/ca1031) [/home/runner/work/trading-bot-c-/trading-bot-c-/src/BotCore/BotCore.csproj]
/home/runner/work/trading-bot-c-/trading-bot-c-/src/BotCore/Services/ModelVersionVerificationService.cs(349,45): error AsyncFixer02: ComputeHashAsync should be used instead of sha256.ComputeHash. (https://github.com/semihokur/AsyncFixer) [/home/runner/work/trading-bot-c-/trading-bot-c-/src/BotCore/BotCore.csproj]
/home/runner/work/trading-bot-c-/trading-bot-c-/src/BotCore/Services/PerformanceTracker.cs(412,13): error CA1848: For improved performance, use the LoggerMessage delegates instead of calling 'LoggerExtensions.LogError(ILogger, Exception?, string?, params object?[])' (https://learn.microsoft.com/dotnet/fundamentals/code-analysis/quality-rules/ca1848) [/home/runner/work/trading-bot-c-/trading-bot-c-/src/BotCore/BotCore.csproj]
/home/runner/work/trading-bot-c-/trading-bot-c-/src/BotCore/Services/PerformanceTracker.cs(418,13): error CA1848: For improved performance, use the LoggerMessage delegates instead of calling 'LoggerExtensions.LogError(ILogger, Exception?, string?, params object?[])' (https://learn.microsoft.com/dotnet/fundamentals/code-analysis/quality-rules/ca1848) [/home/runner/work/trading-bot-c-/trading-bot-c-/src/BotCore/BotCore.csproj]
/home/runner/work/trading-bot-c-/trading-bot-c-/src/BotCore/Services/PerformanceTracker.cs(424,13): error CA1848: For improved performance, use the LoggerMessage delegates instead of calling 'LoggerExtensions.LogError(ILogger, Exception?, string?, params object?[])' (https://learn.microsoft.com/dotnet/fundamentals/code-analysis/quality-rules/ca1848) [/home/runner/work/trading-bot-c-/trading-bot-c-/src/BotCore/BotCore.csproj]
/home/runner/work/trading-bot-c-/trading-bot-c-/src/BotCore/Services/OrderExecutionService.cs(848,17): error CA1848: For improved performance, use the LoggerMessage delegates instead of calling 'LoggerExtensions.LogError(ILogger, Exception?, string?, params object?[])' (https://learn.microsoft.com/dotnet/fundamentals/code-analysis/quality-rules/ca1848) [/home/runner/work/trading-bot-c-/trading-bot-c-/src/BotCore/BotCore.csproj]
/home/runner/work/trading-bot-c-/trading-bot-c-/src/BotCore/Services/OrderExecutionService.cs(846,13): error CA1031: Modify 'GetBrokerPositionsAsync' to catch a more specific allowed exception type, or rethrow the exception (https://learn.microsoft.com/dotnet/fundamentals/code-analysis/quality-rules/ca1031) [/home/runner/work/trading-bot-c-/trading-bot-c-/src/BotCore/BotCore.csproj]
/home/runner/work/trading-bot-c-/trading-bot-c-/src/BotCore/Services/HistoricalDataBridgeService.cs(211,17): error CA1848: For improved performance, use the LoggerMessage delegates instead of calling 'LoggerExtensions.LogDebug(ILogger, string?, params object?[])' (https://learn.microsoft.com/dotnet/fundamentals/code-analysis/quality-rules/ca1848) [/home/runner/work/trading-bot-c-/trading-bot-c-/src/BotCore/BotCore.csproj]
/home/runner/work/trading-bot-c-/trading-bot-c-/src/BotCore/Services/HistoricalDataBridgeService.cs(218,17): error CA1848: For improved performance, use the LoggerMessage delegates instead of calling 'LoggerExtensions.LogError(ILogger, Exception?, string?, params object?[])' (https://learn.microsoft.com/dotnet/fundamentals/code-analysis/quality-rules/ca1848) [/home/runner/work/trading-bot-c-/trading-bot-c-/src/BotCore/BotCore.csproj]
/home/runner/work/trading-bot-c-/trading-bot-c-/src/BotCore/Services/HistoricalDataBridgeService.cs(223,17): error CA1848: For improved performance, use the LoggerMessage delegates instead of calling 'LoggerExtensions.LogError(ILogger, Exception?, string?, params object?[])' (https://learn.microsoft.com/dotnet/fundamentals/code-analysis/quality-rules/ca1848) [/home/runner/work/trading-bot-c-/trading-bot-c-/src/BotCore/BotCore.csproj]
/home/runner/work/trading-bot-c-/trading-bot-c-/src/BotCore/Services/MasterDecisionOrchestrator.cs(656,13): error CA1848: For improved performance, use the LoggerMessage delegates instead of calling 'LoggerExtensions.LogDebug(ILogger, string?, params object?[])' (https://learn.microsoft.com/dotnet/fundamentals/code-analysis/quality-rules/ca1848) [/home/runner/work/trading-bot-c-/trading-bot-c-/src/BotCore/BotCore.csproj]
/home/runner/work/trading-bot-c-/trading-bot-c-/src/BotCore/Services/MasterDecisionOrchestrator.cs(660,13): error CA1848: For improved performance, use the LoggerMessage delegates instead of calling 'LoggerExtensions.LogError(ILogger, Exception?, string?, params object?[])' (https://learn.microsoft.com/dotnet/fundamentals/code-analysis/quality-rules/ca1848) [/home/runner/work/trading-bot-c-/trading-bot-c-/src/BotCore/BotCore.csproj]
/home/runner/work/trading-bot-c-/trading-bot-c-/src/BotCore/Services/MasterDecisionOrchestrator.cs(664,13): error CA1848: For improved performance, use the LoggerMessage delegates instead of calling 'LoggerExtensions.LogError(ILogger, Exception?, string?, params object?[])' (https://learn.microsoft.com/dotnet/fundamentals/code-analysis/quality-rules/ca1848) [/home/runner/work/trading-bot-c-/trading-bot-c-/src/BotCore/BotCore.csproj]
/home/runner/work/trading-bot-c-/trading-bot-c-/src/BotCore/Services/MasterDecisionOrchestrator.cs(677,13): error CA1848: For improved performance, use the LoggerMessage delegates instead of calling 'LoggerExtensions.LogInformation(ILogger, string?, params object?[])' (https://learn.microsoft.com/dotnet/fundamentals/code-analysis/quality-rules/ca1848) [/home/runner/work/trading-bot-c-/trading-bot-c-/src/BotCore/BotCore.csproj]
/home/runner/work/trading-bot-c-/trading-bot-c-/src/BotCore/Services/MasterDecisionOrchestrator.cs(686,13): error CA1848: For improved performance, use the LoggerMessage delegates instead of calling 'LoggerExtensions.LogInformation(ILogger, string?, params object?[])' (https://learn.microsoft.com/dotnet/fundamentals/code-analysis/quality-rules/ca1848) [/home/runner/work/trading-bot-c-/trading-bot-c-/src/BotCore/BotCore.csproj]
/home/runner/work/trading-bot-c-/trading-bot-c-/src/BotCore/Services/ModelEnsembleService.cs(314,13): error CA1848: For improved performance, use the LoggerMessage delegates instead of calling 'LoggerExtensions.LogInformation(ILogger, string?, params object?[])' (https://learn.microsoft.com/dotnet/fundamentals/code-analysis/quality-rules/ca1848) [/home/runner/work/trading-bot-c-/trading-bot-c-/src/BotCore/BotCore.csproj]
/home/runner/work/trading-bot-c-/trading-bot-c-/src/BotCore/Services/ModelEnsembleService.cs(368,17): error CA1848: For improved performance, use the LoggerMessage delegates instead of calling 'LoggerExtensions.LogInformation(ILogger, string?, params object?[])' (https://learn.microsoft.com/dotnet/fundamentals/code-analysis/quality-rules/ca1848) [/home/runner/work/trading-bot-c-/trading-bot-c-/src/BotCore/BotCore.csproj]
/home/runner/work/trading-bot-c-/trading-bot-c-/src/BotCore/Services/ModelEnsembleService.cs(373,17): error CA1848: For improved performance, use the LoggerMessage delegates instead of calling 'LoggerExtensions.LogWarning(ILogger, string?, params object?[])' (https://learn.microsoft.com/dotnet/fundamentals/code-analysis/quality-rules/ca1848) [/home/runner/work/trading-bot-c-/trading-bot-c-/src/BotCore/BotCore.csproj]
/home/runner/work/trading-bot-c-/trading-bot-c-/src/BotCore/Services/ModelEnsembleService.cs(378,13): error CA1848: For improved performance, use the LoggerMessage delegates instead of calling 'LoggerExtensions.LogError(ILogger, Exception?, string?, params object?[])' (https://learn.microsoft.com/dotnet/fundamentals/code-analysis/quality-rules/ca1848) [/home/runner/work/trading-bot-c-/trading-bot-c-/src/BotCore/BotCore.csproj]
/home/runner/work/trading-bot-c-/trading-bot-c-/src/BotCore/Services/ModelEnsembleService.cs(382,13): error CA1848: For improved performance, use the LoggerMessage delegates instead of calling 'LoggerExtensions.LogError(ILogger, Exception?, string?, params object?[])' (https://learn.microsoft.com/dotnet/fundamentals/code-analysis/quality-rules/ca1848) [/home/runner/work/trading-bot-c-/trading-bot-c-/src/BotCore/BotCore.csproj]
/home/runner/work/trading-bot-c-/trading-bot-c-/src/BotCore/Services/ModelEnsembleService.cs(386,13): error CA1848: For improved performance, use the LoggerMessage delegates instead of calling 'LoggerExtensions.LogError(ILogger, Exception?, string?, params object?[])' (https://learn.microsoft.com/dotnet/fundamentals/code-analysis/quality-rules/ca1848) [/home/runner/work/trading-bot-c-/trading-bot-c-/src/BotCore/BotCore.csproj]
/home/runner/work/trading-bot-c-/trading-bot-c-/src/BotCore/Services/ModelEnsembleService.cs(390,13): error CA1848: For improved performance, use the LoggerMessage delegates instead of calling 'LoggerExtensions.LogError(ILogger, Exception?, string?, params object?[])' (https://learn.microsoft.com/dotnet/fundamentals/code-analysis/quality-rules/ca1848) [/home/runner/work/trading-bot-c-/trading-bot-c-/src/BotCore/BotCore.csproj]
/home/runner/work/trading-bot-c-/trading-bot-c-/src/BotCore/Services/MarketConditionAnalyzer.cs(382,9): error CA1848: For improved performance, use the LoggerMessage delegates instead of calling 'LoggerExtensions.LogDebug(ILogger, string?, params object?[])' (https://learn.microsoft.com/dotnet/fundamentals/code-analysis/quality-rules/ca1848) [/home/runner/work/trading-bot-c-/trading-bot-c-/src/BotCore/BotCore.csproj]
/home/runner/work/trading-bot-c-/trading-bot-c-/src/BotCore/Services/OrderExecutionService.cs(872,22): error AsyncFixer03: Avoid unsupported fire-and-forget async-void methods or delegates. Unhandled exceptions will crash the process. (https://github.com/semihokur/AsyncFixer) [/home/runner/work/trading-bot-c-/trading-bot-c-/src/BotCore/BotCore.csproj]
/home/runner/work/trading-bot-c-/trading-bot-c-/src/BotCore/Services/ModelEnsembleService.cs(335,33): error CA2000: Call System.IDisposable.Dispose on object created by 'new CVaRPPO(' before all references to it are out of scope (https://learn.microsoft.com/dotnet/fundamentals/code-analysis/quality-rules/ca2000) [/home/runner/work/trading-bot-c-/trading-bot-c-/src/BotCore/BotCore.csproj]
/home/runner/work/trading-bot-c-/trading-bot-c-/src/BotCore/Services/MasterDecisionOrchestrator.cs(698,9): error S1172: Remove this unused method parameter 'decisionId'. (https://rules.sonarsource.com/csharp/RSPEC-1172) [/home/runner/work/trading-bot-c-/trading-bot-c-/src/BotCore/BotCore.csproj]
/home/runner/work/trading-bot-c-/trading-bot-c-/src/BotCore/Services/OrderExecutionService.cs(878,17): error CA1848: For improved performance, use the LoggerMessage delegates instead of calling 'LoggerExtensions.LogInformation(ILogger, string?, params object?[])' (https://learn.microsoft.com/dotnet/fundamentals/code-analysis/quality-rules/ca1848) [/home/runner/work/trading-bot-c-/trading-bot-c-/src/BotCore/BotCore.csproj]
/home/runner/work/trading-bot-c-/trading-bot-c-/src/BotCore/Services/OrderExecutionService.cs(893,21): error CA1848: For improved performance, use the LoggerMessage delegates instead of calling 'LoggerExtensions.LogInformation(ILogger, string?, params object?[])' (https://learn.microsoft.com/dotnet/fundamentals/code-analysis/quality-rules/ca1848) [/home/runner/work/trading-bot-c-/trading-bot-c-/src/BotCore/BotCore.csproj]
/home/runner/work/trading-bot-c-/trading-bot-c-/src/BotCore/Services/OrderExecutionService.cs(932,17): error CA1848: For improved performance, use the LoggerMessage delegates instead of calling 'LoggerExtensions.LogError(ILogger, Exception?, string?, params object?[])' (https://learn.microsoft.com/dotnet/fundamentals/code-analysis/quality-rules/ca1848) [/home/runner/work/trading-bot-c-/trading-bot-c-/src/BotCore/BotCore.csproj]
/home/runner/work/trading-bot-c-/trading-bot-c-/src/BotCore/Services/MasterDecisionOrchestrator.cs(735,17): error CA1848: For improved performance, use the LoggerMessage delegates instead of calling 'LoggerExtensions.LogInformation(ILogger, string?, params object?[])' (https://learn.microsoft.com/dotnet/fundamentals/code-analysis/quality-rules/ca1848) [/home/runner/work/trading-bot-c-/trading-bot-c-/src/BotCore/BotCore.csproj]
/home/runner/work/trading-bot-c-/trading-bot-c-/src/BotCore/Services/MasterDecisionOrchestrator.cs(742,13): error CA1848: For improved performance, use the LoggerMessage delegates instead of calling 'LoggerExtensions.LogError(ILogger, Exception?, string?, params object?[])' (https://learn.microsoft.com/dotnet/fundamentals/code-analysis/quality-rules/ca1848) [/home/runner/work/trading-bot-c-/trading-bot-c-/src/BotCore/BotCore.csproj]
/home/runner/work/trading-bot-c-/trading-bot-c-/src/BotCore/Services/MasterDecisionOrchestrator.cs(746,13): error CA1848: For improved performance, use the LoggerMessage delegates instead of calling 'LoggerExtensions.LogError(ILogger, Exception?, string?, params object?[])' (https://learn.microsoft.com/dotnet/fundamentals/code-analysis/quality-rules/ca1848) [/home/runner/work/trading-bot-c-/trading-bot-c-/src/BotCore/BotCore.csproj]
/home/runner/work/trading-bot-c-/trading-bot-c-/src/BotCore/Services/ModelVersionVerificationService.cs(381,25): error CA1848: For improved performance, use the LoggerMessage delegates instead of calling 'LoggerExtensions.LogWarning(ILogger, string?, params object?[])' (https://learn.microsoft.com/dotnet/fundamentals/code-analysis/quality-rules/ca1848) [/home/runner/work/trading-bot-c-/trading-bot-c-/src/BotCore/BotCore.csproj]
/home/runner/work/trading-bot-c-/trading-bot-c-/src/BotCore/Services/ModelVersionVerificationService.cs(390,17): error CA1848: For improved performance, use the LoggerMessage delegates instead of calling 'LoggerExtensions.LogError(ILogger, Exception?, string?, params object?[])' (https://learn.microsoft.com/dotnet/fundamentals/code-analysis/quality-rules/ca1848) [/home/runner/work/trading-bot-c-/trading-bot-c-/src/BotCore/BotCore.csproj]
/home/runner/work/trading-bot-c-/trading-bot-c-/src/BotCore/Services/OrderExecutionService.cs(930,13): error CA1031: Modify 'OnOrderFillReceived' to catch a more specific allowed exception type, or rethrow the exception (https://learn.microsoft.com/dotnet/fundamentals/code-analysis/quality-rules/ca1031) [/home/runner/work/trading-bot-c-/trading-bot-c-/src/BotCore/BotCore.csproj]
/home/runner/work/trading-bot-c-/trading-bot-c-/src/BotCore/Services/ModelVersionVerificationService.cs(388,13): error CA1031: Modify 'ValidateSignificantDifferenceAsync' to catch a more specific allowed exception type, or rethrow the exception (https://learn.microsoft.com/dotnet/fundamentals/code-analysis/quality-rules/ca1031) [/home/runner/work/trading-bot-c-/trading-bot-c-/src/BotCore/BotCore.csproj]
/home/runner/work/trading-bot-c-/trading-bot-c-/src/BotCore/Services/PerformanceTracker.cs(443,13): error CA1848: For improved performance, use the LoggerMessage delegates instead of calling 'LoggerExtensions.LogError(ILogger, Exception?, string?, params object?[])' (https://learn.microsoft.com/dotnet/fundamentals/code-analysis/quality-rules/ca1848) [/home/runner/work/trading-bot-c-/trading-bot-c-/src/BotCore/BotCore.csproj]
/home/runner/work/trading-bot-c-/trading-bot-c-/src/BotCore/Services/PerformanceTracker.cs(449,13): error CA1848: For improved performance, use the LoggerMessage delegates instead of calling 'LoggerExtensions.LogError(ILogger, Exception?, string?, params object?[])' (https://learn.microsoft.com/dotnet/fundamentals/code-analysis/quality-rules/ca1848) [/home/runner/work/trading-bot-c-/trading-bot-c-/src/BotCore/BotCore.csproj]
/home/runner/work/trading-bot-c-/trading-bot-c-/src/BotCore/Services/PerformanceTracker.cs(455,13): error CA1848: For improved performance, use the LoggerMessage delegates instead of calling 'LoggerExtensions.LogError(ILogger, Exception?, string?, params object?[])' (https://learn.microsoft.com/dotnet/fundamentals/code-analysis/quality-rules/ca1848) [/home/runner/work/trading-bot-c-/trading-bot-c-/src/BotCore/BotCore.csproj]
/home/runner/work/trading-bot-c-/trading-bot-c-/src/BotCore/Services/IntelligenceService.cs(233,20): error S1541: The Cyclomatic Complexity of this method is 15 which is greater than 10 authorized. (https://rules.sonarsource.com/csharp/RSPEC-1541) [/home/runner/work/trading-bot-c-/trading-bot-c-/src/BotCore/BotCore.csproj]
/home/runner/work/trading-bot-c-/trading-bot-c-/src/BotCore/Services/MarketConditionAnalyzer.cs(425,9): error CA1848: For improved performance, use the LoggerMessage delegates instead of calling 'LoggerExtensions.LogDebug(ILogger, string?, params object?[])' (https://learn.microsoft.com/dotnet/fundamentals/code-analysis/quality-rules/ca1848) [/home/runner/work/trading-bot-c-/trading-bot-c-/src/BotCore/BotCore.csproj]
/home/runner/work/trading-bot-c-/trading-bot-c-/src/BotCore/Services/FeatureDriftMonitorService.cs(78,25): error CA1848: For improved performance, use the LoggerMessage delegates instead of calling 'LoggerExtensions.LogError(ILogger, string?, params object?[])' (https://learn.microsoft.com/dotnet/fundamentals/code-analysis/quality-rules/ca1848) [/home/runner/work/trading-bot-c-/trading-bot-c-/src/BotCore/BotCore.csproj]
/home/runner/work/trading-bot-c-/trading-bot-c-/src/BotCore/Services/FeatureDriftMonitorService.cs(87,21): error CA1848: For improved performance, use the LoggerMessage delegates instead of calling 'LoggerExtensions.LogTrace(ILogger, string?, params object?[])' (https://learn.microsoft.com/dotnet/fundamentals/code-analysis/quality-rules/ca1848) [/home/runner/work/trading-bot-c-/trading-bot-c-/src/BotCore/BotCore.csproj]
/home/runner/work/trading-bot-c-/trading-bot-c-/src/BotCore/Services/FeatureDriftMonitorService.cs(95,17): error CA1848: For improved performance, use the LoggerMessage delegates instead of calling 'LoggerExtensions.LogError(ILogger, Exception?, string?, params object?[])' (https://learn.microsoft.com/dotnet/fundamentals/code-analysis/quality-rules/ca1848) [/home/runner/work/trading-bot-c-/trading-bot-c-/src/BotCore/BotCore.csproj]
/home/runner/work/trading-bot-c-/trading-bot-c-/src/BotCore/Services/FeatureDriftMonitorService.cs(93,13): error CA1031: Modify 'CheckFeatureDriftAsync' to catch a more specific allowed exception type, or rethrow the exception (https://learn.microsoft.com/dotnet/fundamentals/code-analysis/quality-rules/ca1031) [/home/runner/work/trading-bot-c-/trading-bot-c-/src/BotCore/BotCore.csproj]
/home/runner/work/trading-bot-c-/trading-bot-c-/src/BotCore/Services/ModelVersionVerificationService.cs(412,17): error CA1848: For improved performance, use the LoggerMessage delegates instead of calling 'LoggerExtensions.LogError(ILogger, Exception?, string?, params object?[])' (https://learn.microsoft.com/dotnet/fundamentals/code-analysis/quality-rules/ca1848) [/home/runner/work/trading-bot-c-/trading-bot-c-/src/BotCore/BotCore.csproj]
/home/runner/work/trading-bot-c-/trading-bot-c-/src/BotCore/Services/ModelVersionVerificationService.cs(410,13): error CA1031: Modify 'LoadVersionRegistryAsync' to catch a more specific allowed exception type, or rethrow the exception (https://learn.microsoft.com/dotnet/fundamentals/code-analysis/quality-rules/ca1031) [/home/runner/work/trading-bot-c-/trading-bot-c-/src/BotCore/BotCore.csproj]
/home/runner/work/trading-bot-c-/trading-bot-c-/src/BotCore/Services/ModelEnsembleService.cs(417,31): error S3267: Loops should be simplified using the "Where" LINQ method (https://rules.sonarsource.com/csharp/RSPEC-3267) [/home/runner/work/trading-bot-c-/trading-bot-c-/src/BotCore/BotCore.csproj]
/home/runner/work/trading-bot-c-/trading-bot-c-/src/BotCore/Services/HistoricalPatternRecognitionService.cs(164,13): error CA1848: For improved performance, use the LoggerMessage delegates instead of calling 'LoggerExtensions.LogError(ILogger, Exception?, string?, params object?[])' (https://learn.microsoft.com/dotnet/fundamentals/code-analysis/quality-rules/ca1848) [/home/runner/work/trading-bot-c-/trading-bot-c-/src/BotCore/BotCore.csproj]
/home/runner/work/trading-bot-c-/trading-bot-c-/src/BotCore/Services/ModelEnsembleService.cs(413,81): error S1172: Remove this unused method parameter 'cancellationToken'. (https://rules.sonarsource.com/csharp/RSPEC-1172) [/home/runner/work/trading-bot-c-/trading-bot-c-/src/BotCore/BotCore.csproj]
/home/runner/work/trading-bot-c-/trading-bot-c-/src/BotCore/Services/HistoricalPatternRecognitionService.cs(162,9): error CA1031: Modify 'ExplainSimilarConditionsAsync' to catch a more specific allowed exception type, or rethrow the exception (https://learn.microsoft.com/dotnet/fundamentals/code-analysis/quality-rules/ca1031) [/home/runner/work/trading-bot-c-/trading-bot-c-/src/BotCore/BotCore.csproj]
/home/runner/work/trading-bot-c-/trading-bot-c-/src/BotCore/Services/ModelEnsembleService.cs(431,21): error CA1848: For improved performance, use the LoggerMessage delegates instead of calling 'LoggerExtensions.LogDebug(ILogger, string?, params object?[])' (https://learn.microsoft.com/dotnet/fundamentals/code-analysis/quality-rules/ca1848) [/home/runner/work/trading-bot-c-/trading-bot-c-/src/BotCore/BotCore.csproj]
/home/runner/work/trading-bot-c-/trading-bot-c-/src/BotCore/Services/UnifiedPositionManagementService.cs(2708,25): error CA1848: For improved performance, use the LoggerMessage delegates instead of calling 'LoggerExtensions.LogInformation(ILogger, string?, params object?[])' (https://learn.microsoft.com/dotnet/fundamentals/code-analysis/quality-rules/ca1848) [/home/runner/work/trading-bot-c-/trading-bot-c-/src/BotCore/BotCore.csproj]
/home/runner/work/trading-bot-c-/trading-bot-c-/src/BotCore/Services/UnifiedPositionManagementService.cs(2713,21): error CA1848: For improved performance, use the LoggerMessage delegates instead of calling 'LoggerExtensions.LogError(ILogger, Exception?, string?, params object?[])' (https://learn.microsoft.com/dotnet/fundamentals/code-analysis/quality-rules/ca1848) [/home/runner/work/trading-bot-c-/trading-bot-c-/src/BotCore/BotCore.csproj]
/home/runner/work/trading-bot-c-/trading-bot-c-/src/BotCore/Services/UnifiedPositionManagementService.cs(2711,17): error CA1031: Modify 'ExplainDynamicTargetAdjustmentFireAndForget' to catch a more specific allowed exception type, or rethrow the exception (https://learn.microsoft.com/dotnet/fundamentals/code-analysis/quality-rules/ca1031) [/home/runner/work/trading-bot-c-/trading-bot-c-/src/BotCore/BotCore.csproj]
/home/runner/work/trading-bot-c-/trading-bot-c-/src/BotCore/Services/ModelVersionVerificationService.cs(429,17): error CA1848: For improved performance, use the LoggerMessage delegates instead of calling 'LoggerExtensions.LogError(ILogger, Exception?, string?, params object?[])' (https://learn.microsoft.com/dotnet/fundamentals/code-analysis/quality-rules/ca1848) [/home/runner/work/trading-bot-c-/trading-bot-c-/src/BotCore/BotCore.csproj]
/home/runner/work/trading-bot-c-/trading-bot-c-/src/BotCore/Services/ModelVersionVerificationService.cs(427,13): error CA1031: Modify 'SaveVersionRegistryAsync' to catch a more specific allowed exception type, or rethrow the exception (https://learn.microsoft.com/dotnet/fundamentals/code-analysis/quality-rules/ca1031) [/home/runner/work/trading-bot-c-/trading-bot-c-/src/BotCore/BotCore.csproj]
/home/runner/work/trading-bot-c-/trading-bot-c-/src/BotCore/Services/HistoricalDataBridgeService.cs(237,17): error CA1848: For improved performance, use the LoggerMessage delegates instead of calling 'LoggerExtensions.LogDebug(ILogger, string?, params object?[])' (https://learn.microsoft.com/dotnet/fundamentals/code-analysis/quality-rules/ca1848) [/home/runner/work/trading-bot-c-/trading-bot-c-/src/BotCore/BotCore.csproj]
/home/runner/work/trading-bot-c-/trading-bot-c-/src/BotCore/Services/HistoricalDataBridgeService.cs(243,21): error CA1848: For improved performance, use the LoggerMessage delegates instead of calling 'LoggerExtensions.LogWarning(ILogger, string?, params object?[])' (https://learn.microsoft.com/dotnet/fundamentals/code-analysis/quality-rules/ca1848) [/home/runner/work/trading-bot-c-/trading-bot-c-/src/BotCore/BotCore.csproj]
/home/runner/work/trading-bot-c-/trading-bot-c-/src/BotCore/Services/HistoricalDataBridgeService.cs(260,21): error CA1848: For improved performance, use the LoggerMessage delegates instead of calling 'LoggerExtensions.LogError(ILogger, string?, params object?[])' (https://learn.microsoft.com/dotnet/fundamentals/code-analysis/quality-rules/ca1848) [/home/runner/work/trading-bot-c-/trading-bot-c-/src/BotCore/BotCore.csproj]
/home/runner/work/trading-bot-c-/trading-bot-c-/src/BotCore/Services/HistoricalDataBridgeService.cs(270,21): error CA1848: For improved performance, use the LoggerMessage delegates instead of calling 'LoggerExtensions.LogWarning(ILogger, string?, params object?[])' (https://learn.microsoft.com/dotnet/fundamentals/code-analysis/quality-rules/ca1848) [/home/runner/work/trading-bot-c-/trading-bot-c-/src/BotCore/BotCore.csproj]
/home/runner/work/trading-bot-c-/trading-bot-c-/src/BotCore/Services/HistoricalDataBridgeService.cs(276,21): error CA1848: For improved performance, use the LoggerMessage delegates instead of calling 'LoggerExtensions.LogWarning(ILogger, string?, params object?[])' (https://learn.microsoft.com/dotnet/fundamentals/code-analysis/quality-rules/ca1848) [/home/runner/work/trading-bot-c-/trading-bot-c-/src/BotCore/BotCore.csproj]
/home/runner/work/trading-bot-c-/trading-bot-c-/src/BotCore/Services/HistoricalDataBridgeService.cs(307,25): error CA1848: For improved performance, use the LoggerMessage delegates instead of calling 'LoggerExtensions.LogWarning(ILogger, Exception?, string?, params object?[])' (https://learn.microsoft.com/dotnet/fundamentals/code-analysis/quality-rules/ca1848) [/home/runner/work/trading-bot-c-/trading-bot-c-/src/BotCore/BotCore.csproj]
/home/runner/work/trading-bot-c-/trading-bot-c-/src/BotCore/Services/HistoricalDataBridgeService.cs(312,17): error CA1848: For improved performance, use the LoggerMessage delegates instead of calling 'LoggerExtensions.LogInformation(ILogger, string?, params object?[])' (https://learn.microsoft.com/dotnet/fundamentals/code-analysis/quality-rules/ca1848) [/home/runner/work/trading-bot-c-/trading-bot-c-/src/BotCore/BotCore.csproj]
/home/runner/work/trading-bot-c-/trading-bot-c-/src/BotCore/Services/HistoricalDataBridgeService.cs(317,17): error CA1848: For improved performance, use the LoggerMessage delegates instead of calling 'LoggerExtensions.LogError(ILogger, Exception?, string?, params object?[])' (https://learn.microsoft.com/dotnet/fundamentals/code-analysis/quality-rules/ca1848) [/home/runner/work/trading-bot-c-/trading-bot-c-/src/BotCore/BotCore.csproj]
/home/runner/work/trading-bot-c-/trading-bot-c-/src/BotCore/Services/OrderExecutionService.cs(970,21): error CA1848: For improved performance, use the LoggerMessage delegates instead of calling 'LoggerExtensions.LogInformation(ILogger, string?, params object?[])' (https://learn.microsoft.com/dotnet/fundamentals/code-analysis/quality-rules/ca1848) [/home/runner/work/trading-bot-c-/trading-bot-c-/src/BotCore/BotCore.csproj]
/home/runner/work/trading-bot-c-/trading-bot-c-/src/BotCore/Services/OrderExecutionService.cs(982,25): error CA1848: For improved performance, use the LoggerMessage delegates instead of calling 'LoggerExtensions.LogInformation(ILogger, string?, params object?[])' (https://learn.microsoft.com/dotnet/fundamentals/code-analysis/quality-rules/ca1848) [/home/runner/work/trading-bot-c-/trading-bot-c-/src/BotCore/BotCore.csproj]
/home/runner/work/trading-bot-c-/trading-bot-c-/src/BotCore/Services/OrderExecutionService.cs(996,21): error CA1848: For improved performance, use the LoggerMessage delegates instead of calling 'LoggerExtensions.LogInformation(ILogger, string?, params object?[])' (https://learn.microsoft.com/dotnet/fundamentals/code-analysis/quality-rules/ca1848) [/home/runner/work/trading-bot-c-/trading-bot-c-/src/BotCore/BotCore.csproj]
/home/runner/work/trading-bot-c-/trading-bot-c-/src/BotCore/Services/OrderExecutionService.cs(1007,17): error CA1848: For improved performance, use the LoggerMessage delegates instead of calling 'LoggerExtensions.LogWarning(ILogger, string?, params object?[])' (https://learn.microsoft.com/dotnet/fundamentals/code-analysis/quality-rules/ca1848) [/home/runner/work/trading-bot-c-/trading-bot-c-/src/BotCore/BotCore.csproj]
/home/runner/work/trading-bot-c-/trading-bot-c-/src/BotCore/Services/MasterDecisionOrchestrator.cs(824,13): error CA1848: For improved performance, use the LoggerMessage delegates instead of calling 'LoggerExtensions.LogDebug(ILogger, string?, params object?[])' (https://learn.microsoft.com/dotnet/fundamentals/code-analysis/quality-rules/ca1848) [/home/runner/work/trading-bot-c-/trading-bot-c-/src/BotCore/BotCore.csproj]
/home/runner/work/trading-bot-c-/trading-bot-c-/src/BotCore/Services/HistoricalDataBridgeService.cs(305,21): error CA1031: Modify 'TryGetSdkAdapterBarsAsync' to catch a more specific allowed exception type, or rethrow the exception (https://learn.microsoft.com/dotnet/fundamentals/code-analysis/quality-rules/ca1031) [/home/runner/work/trading-bot-c-/trading-bot-c-/src/BotCore/BotCore.csproj]
/home/runner/work/trading-bot-c-/trading-bot-c-/src/BotCore/Services/HistoricalDataBridgeService.cs(315,13): error CA1031: Modify 'TryGetSdkAdapterBarsAsync' to catch a more specific allowed exception type, or rethrow the exception (https://learn.microsoft.com/dotnet/fundamentals/code-analysis/quality-rules/ca1031) [/home/runner/work/trading-bot-c-/trading-bot-c-/src/BotCore/BotCore.csproj]
/home/runner/work/trading-bot-c-/trading-bot-c-/src/BotCore/Services/ModelVersionVerificationService.cs(450,25): error CA1848: For improved performance, use the LoggerMessage delegates instead of calling 'LoggerExtensions.LogInformation(ILogger, string?, params object?[])' (https://learn.microsoft.com/dotnet/fundamentals/code-analysis/quality-rules/ca1848) [/home/runner/work/trading-bot-c-/trading-bot-c-/src/BotCore/BotCore.csproj]
/home/runner/work/trading-bot-c-/trading-bot-c-/src/BotCore/Services/ModelVersionVerificationService.cs(456,17): error CA1848: For improved performance, use the LoggerMessage delegates instead of calling 'LoggerExtensions.LogError(ILogger, Exception?, string?, params object?[])' (https://learn.microsoft.com/dotnet/fundamentals/code-analysis/quality-rules/ca1848) [/home/runner/work/trading-bot-c-/trading-bot-c-/src/BotCore/BotCore.csproj]
/home/runner/work/trading-bot-c-/trading-bot-c-/src/BotCore/Services/MasterDecisionOrchestrator.cs(842,17): error CA1848: For improved performance, use the LoggerMessage delegates instead of calling 'LoggerExtensions.LogInformation(ILogger, string?, params object?[])' (https://learn.microsoft.com/dotnet/fundamentals/code-analysis/quality-rules/ca1848) [/home/runner/work/trading-bot-c-/trading-bot-c-/src/BotCore/BotCore.csproj]
/home/runner/work/trading-bot-c-/trading-bot-c-/src/BotCore/Services/ModelVersionVerificationService.cs(454,13): error CA1031: Modify 'CleanOldVersionsAsync' to catch a more specific allowed exception type, or rethrow the exception (https://learn.microsoft.com/dotnet/fundamentals/code-analysis/quality-rules/ca1031) [/home/runner/work/trading-bot-c-/trading-bot-c-/src/BotCore/BotCore.csproj]
/home/runner/work/trading-bot-c-/trading-bot-c-/src/BotCore/Services/FeatureDriftMonitorService.cs(150,17): error CA1848: For improved performance, use the LoggerMessage delegates instead of calling 'LoggerExtensions.LogInformation(ILogger, string?, params object?[])' (https://learn.microsoft.com/dotnet/fundamentals/code-analysis/quality-rules/ca1848) [/home/runner/work/trading-bot-c-/trading-bot-c-/src/BotCore/BotCore.csproj]
/home/runner/work/trading-bot-c-/trading-bot-c-/src/BotCore/Services/PerformanceTracker.cs(474,13): error CA1848: For improved performance, use the LoggerMessage delegates instead of calling 'LoggerExtensions.LogError(ILogger, Exception?, string?, params object?[])' (https://learn.microsoft.com/dotnet/fundamentals/code-analysis/quality-rules/ca1848) [/home/runner/work/trading-bot-c-/trading-bot-c-/src/BotCore/BotCore.csproj]
/home/runner/work/trading-bot-c-/trading-bot-c-/src/BotCore/Services/PerformanceTracker.cs(480,13): error CA1848: For improved performance, use the LoggerMessage delegates instead of calling 'LoggerExtensions.LogError(ILogger, Exception?, string?, params object?[])' (https://learn.microsoft.com/dotnet/fundamentals/code-analysis/quality-rules/ca1848) [/home/runner/work/trading-bot-c-/trading-bot-c-/src/BotCore/BotCore.csproj]
/home/runner/work/trading-bot-c-/trading-bot-c-/src/BotCore/Services/PerformanceTracker.cs(486,13): error CA1848: For improved performance, use the LoggerMessage delegates instead of calling 'LoggerExtensions.LogError(ILogger, Exception?, string?, params object?[])' (https://learn.microsoft.com/dotnet/fundamentals/code-analysis/quality-rules/ca1848) [/home/runner/work/trading-bot-c-/trading-bot-c-/src/BotCore/BotCore.csproj]
/home/runner/work/trading-bot-c-/trading-bot-c-/src/BotCore/Services/HistoricalPatternRecognitionService.cs(193,24): error S1244: Do not check floating point equality with exact values, use a range instead. (https://rules.sonarsource.com/csharp/RSPEC-1244) [/home/runner/work/trading-bot-c-/trading-bot-c-/src/BotCore/BotCore.csproj]
/home/runner/work/trading-bot-c-/trading-bot-c-/src/BotCore/Services/HistoricalPatternRecognitionService.cs(193,46): error S1244: Do not check floating point equality with exact values, use a range instead. (https://rules.sonarsource.com/csharp/RSPEC-1244) [/home/runner/work/trading-bot-c-/trading-bot-c-/src/BotCore/BotCore.csproj]
/home/runner/work/trading-bot-c-/trading-bot-c-/src/BotCore/Services/ModelEnsembleService.cs(442,25): error S1541: The Cyclomatic Complexity of this method is 11 which is greater than 10 authorized. (https://rules.sonarsource.com/csharp/RSPEC-1541) [/home/runner/work/trading-bot-c-/trading-bot-c-/src/BotCore/BotCore.csproj]
/home/runner/work/trading-bot-c-/trading-bot-c-/src/BotCore/Services/MarketConditionAnalyzer.cs(538,9): error CA1031: Modify 'GetEasternTime' to catch a more specific allowed exception type, or rethrow the exception (https://learn.microsoft.com/dotnet/fundamentals/code-analysis/quality-rules/ca1031) [/home/runner/work/trading-bot-c-/trading-bot-c-/src/BotCore/BotCore.csproj]
/home/runner/work/trading-bot-c-/trading-bot-c-/src/BotCore/Services/MasterDecisionOrchestrator.cs(863,24): error S1541: The Cyclomatic Complexity of this method is 14 which is greater than 10 authorized. (https://rules.sonarsource.com/csharp/RSPEC-1541) [/home/runner/work/trading-bot-c-/trading-bot-c-/src/BotCore/BotCore.csproj]
/home/runner/work/trading-bot-c-/trading-bot-c-/src/BotCore/Services/MasterDecisionOrchestrator.cs(888,13): error CA1848: For improved performance, use the LoggerMessage delegates instead of calling 'LoggerExtensions.LogInformation(ILogger, string?, params object?[])' (https://learn.microsoft.com/dotnet/fundamentals/code-analysis/quality-rules/ca1848) [/home/runner/work/trading-bot-c-/trading-bot-c-/src/BotCore/BotCore.csproj]
/home/runner/work/trading-bot-c-/trading-bot-c-/src/BotCore/Services/MasterDecisionOrchestrator.cs(896,9): error CA1848: For improved performance, use the LoggerMessage delegates instead of calling 'LoggerExtensions.LogInformation(ILogger, string?, params object?[])' (https://learn.microsoft.com/dotnet/fundamentals/code-analysis/quality-rules/ca1848) [/home/runner/work/trading-bot-c-/trading-bot-c-/src/BotCore/BotCore.csproj]
/home/runner/work/trading-bot-c-/trading-bot-c-/src/BotCore/Services/MasterDecisionOrchestrator.cs(909,13): error CA1848: For improved performance, use the LoggerMessage delegates instead of calling 'LoggerExtensions.LogError(ILogger, string?, params object?[])' (https://learn.microsoft.com/dotnet/fundamentals/code-analysis/quality-rules/ca1848) [/home/runner/work/trading-bot-c-/trading-bot-c-/src/BotCore/BotCore.csproj]
/home/runner/work/trading-bot-c-/trading-bot-c-/src/BotCore/Services/MasterDecisionOrchestrator.cs(918,13): error CA1848: For improved performance, use the LoggerMessage delegates instead of calling 'LoggerExtensions.LogInformation(ILogger, string?, params object?[])' (https://learn.microsoft.com/dotnet/fundamentals/code-analysis/quality-rules/ca1848) [/home/runner/work/trading-bot-c-/trading-bot-c-/src/BotCore/BotCore.csproj]
/home/runner/work/trading-bot-c-/trading-bot-c-/src/BotCore/Services/OrderExecutionService.cs(1039,17): error CA1848: For improved performance, use the LoggerMessage delegates instead of calling 'LoggerExtensions.LogWarning(ILogger, string?, params object?[])' (https://learn.microsoft.com/dotnet/fundamentals/code-analysis/quality-rules/ca1848) [/home/runner/work/trading-bot-c-/trading-bot-c-/src/BotCore/BotCore.csproj]
/home/runner/work/trading-bot-c-/trading-bot-c-/src/BotCore/Services/OrderExecutionService.cs(1045,17): error CA1848: For improved performance, use the LoggerMessage delegates instead of calling 'LoggerExtensions.LogInformation(ILogger, string?, params object?[])' (https://learn.microsoft.com/dotnet/fundamentals/code-analysis/quality-rules/ca1848) [/home/runner/work/trading-bot-c-/trading-bot-c-/src/BotCore/BotCore.csproj]
/home/runner/work/trading-bot-c-/trading-bot-c-/src/BotCore/Services/OrderExecutionService.cs(1060,21): error CA1848: For improved performance, use the LoggerMessage delegates instead of calling 'LoggerExtensions.LogError(ILogger, string?, params object?[])' (https://learn.microsoft.com/dotnet/fundamentals/code-analysis/quality-rules/ca1848) [/home/runner/work/trading-bot-c-/trading-bot-c-/src/BotCore/BotCore.csproj]
/home/runner/work/trading-bot-c-/trading-bot-c-/src/BotCore/Services/OrderExecutionService.cs(1071,21): error CA1848: For improved performance, use the LoggerMessage delegates instead of calling 'LoggerExtensions.LogError(ILogger, string?, params object?[])' (https://learn.microsoft.com/dotnet/fundamentals/code-analysis/quality-rules/ca1848) [/home/runner/work/trading-bot-c-/trading-bot-c-/src/BotCore/BotCore.csproj]
/home/runner/work/trading-bot-c-/trading-bot-c-/src/BotCore/Services/OrderExecutionService.cs(1089,17): error CA1848: For improved performance, use the LoggerMessage delegates instead of calling 'LoggerExtensions.LogInformation(ILogger, string?, params object?[])' (https://learn.microsoft.com/dotnet/fundamentals/code-analysis/quality-rules/ca1848) [/home/runner/work/trading-bot-c-/trading-bot-c-/src/BotCore/BotCore.csproj]
/home/runner/work/trading-bot-c-/trading-bot-c-/src/BotCore/Services/OrderExecutionService.cs(1096,17): error CA1848: For improved performance, use the LoggerMessage delegates instead of calling 'LoggerExtensions.LogError(ILogger, Exception?, string?, params object?[])' (https://learn.microsoft.com/dotnet/fundamentals/code-analysis/quality-rules/ca1848) [/home/runner/work/trading-bot-c-/trading-bot-c-/src/BotCore/BotCore.csproj]
/home/runner/work/trading-bot-c-/trading-bot-c-/src/BotCore/Services/FeatureDriftMonitorService.cs(201,17): error CA1848: For improved performance, use the LoggerMessage delegates instead of calling 'LoggerExtensions.LogError(ILogger, Exception?, string?, params object?[])' (https://learn.microsoft.com/dotnet/fundamentals/code-analysis/quality-rules/ca1848) [/home/runner/work/trading-bot-c-/trading-bot-c-/src/BotCore/BotCore.csproj]
/home/runner/work/trading-bot-c-/trading-bot-c-/src/BotCore/Services/FeatureDriftMonitorService.cs(199,13): error CA1031: Modify 'AddFeatureValueCore' to catch a more specific allowed exception type, or rethrow the exception (https://learn.microsoft.com/dotnet/fundamentals/code-analysis/quality-rules/ca1031) [/home/runner/work/trading-bot-c-/trading-bot-c-/src/BotCore/BotCore.csproj]
/home/runner/work/trading-bot-c-/trading-bot-c-/src/BotCore/Services/OrderExecutionService.cs(1094,13): error CA1031: Modify 'PlaceOcoOrderAsync' to catch a more specific allowed exception type, or rethrow the exception (https://learn.microsoft.com/dotnet/fundamentals/code-analysis/quality-rules/ca1031) [/home/runner/work/trading-bot-c-/trading-bot-c-/src/BotCore/BotCore.csproj]
/home/runner/work/trading-bot-c-/trading-bot-c-/src/BotCore/Services/EnhancedTradingBrainIntegration.cs(118,9): error CA1848: For improved performance, use the LoggerMessage delegates instead of calling 'LoggerExtensions.LogInformation(ILogger, string?, params object?[])' (https://learn.microsoft.com/dotnet/fundamentals/code-analysis/quality-rules/ca1848) [/home/runner/work/trading-bot-c-/trading-bot-c-/src/BotCore/BotCore.csproj]
/home/runner/work/trading-bot-c-/trading-bot-c-/src/BotCore/Services/FeatureDriftMonitorService.cs(212,21): error CA1848: For improved performance, use the LoggerMessage delegates instead of calling 'LoggerExtensions.LogError(ILogger, string?, params object?[])' (https://learn.microsoft.com/dotnet/fundamentals/code-analysis/quality-rules/ca1848) [/home/runner/work/trading-bot-c-/trading-bot-c-/src/BotCore/BotCore.csproj]
/home/runner/work/trading-bot-c-/trading-bot-c-/src/BotCore/Services/GenericHealthCheckService.cs(297,9): error S1172: Remove this unused method parameter 'cancellationToken'. (https://rules.sonarsource.com/csharp/RSPEC-1172) [/home/runner/work/trading-bot-c-/trading-bot-c-/src/BotCore/BotCore.csproj]
/home/runner/work/trading-bot-c-/trading-bot-c-/src/BotCore/Services/ExecutionAnalyzer.cs(73,13): error CA1848: For improved performance, use the LoggerMessage delegates instead of calling 'LoggerExtensions.LogInformation(ILogger, string?, params object?[])' (https://learn.microsoft.com/dotnet/fundamentals/code-analysis/quality-rules/ca1848) [/home/runner/work/trading-bot-c-/trading-bot-c-/src/BotCore/BotCore.csproj]
/home/runner/work/trading-bot-c-/trading-bot-c-/src/BotCore/Services/ExecutionAnalyzer.cs(81,13): error CA1848: For improved performance, use the LoggerMessage delegates instead of calling 'LoggerExtensions.LogError(ILogger, Exception?, string?, params object?[])' (https://learn.microsoft.com/dotnet/fundamentals/code-analysis/quality-rules/ca1848) [/home/runner/work/trading-bot-c-/trading-bot-c-/src/BotCore/BotCore.csproj]
/home/runner/work/trading-bot-c-/trading-bot-c-/src/BotCore/Services/ExecutionAnalyzer.cs(85,13): error CA1848: For improved performance, use the LoggerMessage delegates instead of calling 'LoggerExtensions.LogError(ILogger, Exception?, string?, params object?[])' (https://learn.microsoft.com/dotnet/fundamentals/code-analysis/quality-rules/ca1848) [/home/runner/work/trading-bot-c-/trading-bot-c-/src/BotCore/BotCore.csproj]
/home/runner/work/trading-bot-c-/trading-bot-c-/src/BotCore/Services/ExecutionAnalyzer.cs(89,13): error CA1848: For improved performance, use the LoggerMessage delegates instead of calling 'LoggerExtensions.LogError(ILogger, Exception?, string?, params object?[])' (https://learn.microsoft.com/dotnet/fundamentals/code-analysis/quality-rules/ca1848) [/home/runner/work/trading-bot-c-/trading-bot-c-/src/BotCore/BotCore.csproj]
/home/runner/work/trading-bot-c-/trading-bot-c-/src/BotCore/Services/ExecutionAnalyzer.cs(93,13): error CA1848: For improved performance, use the LoggerMessage delegates instead of calling 'LoggerExtensions.LogError(ILogger, Exception?, string?, params object?[])' (https://learn.microsoft.com/dotnet/fundamentals/code-analysis/quality-rules/ca1848) [/home/runner/work/trading-bot-c-/trading-bot-c-/src/BotCore/BotCore.csproj]
/home/runner/work/trading-bot-c-/trading-bot-c-/src/BotCore/Services/ExecutionAnalyticsService.cs(49,21): error CA1848: For improved performance, use the LoggerMessage delegates instead of calling 'LoggerExtensions.LogWarning(ILogger, string?, params object?[])' (https://learn.microsoft.com/dotnet/fundamentals/code-analysis/quality-rules/ca1848) [/home/runner/work/trading-bot-c-/trading-bot-c-/src/BotCore/BotCore.csproj]
/home/runner/work/trading-bot-c-/trading-bot-c-/src/BotCore/Services/ExecutionAnalyticsService.cs(55,17): error CA1848: For improved performance, use the LoggerMessage delegates instead of calling 'LoggerExtensions.LogTrace(ILogger, string?, params object?[])' (https://learn.microsoft.com/dotnet/fundamentals/code-analysis/quality-rules/ca1848) [/home/runner/work/trading-bot-c-/trading-bot-c-/src/BotCore/BotCore.csproj]
/home/runner/work/trading-bot-c-/trading-bot-c-/src/BotCore/Services/FeatureDriftMonitorService.cs(246,29): error CA1848: For improved performance, use the LoggerMessage delegates instead of calling 'LoggerExtensions.LogWarning(ILogger, string?, params object?[])' (https://learn.microsoft.com/dotnet/fundamentals/code-analysis/quality-rules/ca1848) [/home/runner/work/trading-bot-c-/trading-bot-c-/src/BotCore/BotCore.csproj]
/home/runner/work/trading-bot-c-/trading-bot-c-/src/BotCore/Services/HistoricalDataBridgeService.cs(364,66): error S1075: Refactor your code not to use hardcoded absolute paths or URIs. (https://rules.sonarsource.com/csharp/RSPEC-1075) [/home/runner/work/trading-bot-c-/trading-bot-c-/src/BotCore/BotCore.csproj]
/home/runner/work/trading-bot-c-/trading-bot-c-/src/BotCore/Services/HistoricalDataBridgeService.cs(403,107): error S1172: Remove this unused method parameter 'barCount'. (https://rules.sonarsource.com/csharp/RSPEC-1172) [/home/runner/work/trading-bot-c-/trading-bot-c-/src/BotCore/BotCore.csproj]
/home/runner/work/trading-bot-c-/trading-bot-c-/src/BotCore/Services/HistoricalDataBridgeService.cs(378,69): error CA1845: Use span-based 'string.Concat' and 'AsSpan' instead of 'Substring' (https://learn.microsoft.com/dotnet/fundamentals/code-analysis/quality-rules/ca1845) [/home/runner/work/trading-bot-c-/trading-bot-c-/src/BotCore/BotCore.csproj]
/home/runner/work/trading-bot-c-/trading-bot-c-/src/BotCore/Services/HistoricalDataBridgeService.cs(334,21): error CA1848: For improved performance, use the LoggerMessage delegates instead of calling 'LoggerExtensions.LogDebug(ILogger, string?, params object?[])' (https://learn.microsoft.com/dotnet/fundamentals/code-analysis/quality-rules/ca1848) [/home/runner/work/trading-bot-c-/trading-bot-c-/src/BotCore/BotCore.csproj]
/home/runner/work/trading-bot-c-/trading-bot-c-/src/BotCore/Services/HistoricalDataBridgeService.cs(355,17): error CA1848: For improved performance, use the LoggerMessage delegates instead of calling 'LoggerExtensions.LogDebug(ILogger, string?, params object?[])' (https://learn.microsoft.com/dotnet/fundamentals/code-analysis/quality-rules/ca1848) [/home/runner/work/trading-bot-c-/trading-bot-c-/src/BotCore/BotCore.csproj]
/home/runner/work/trading-bot-c-/trading-bot-c-/src/BotCore/Services/HistoricalDataBridgeService.cs(369,21): error CA1848: For improved performance, use the LoggerMessage delegates instead of calling 'LoggerExtensions.LogWarning(ILogger, string?, params object?[])' (https://learn.microsoft.com/dotnet/fundamentals/code-analysis/quality-rules/ca1848) [/home/runner/work/trading-bot-c-/trading-bot-c-/src/BotCore/BotCore.csproj]
/home/runner/work/trading-bot-c-/trading-bot-c-/src/BotCore/Services/HistoricalDataBridgeService.cs(375,17): error CA1848: For improved performance, use the LoggerMessage delegates instead of calling 'LoggerExtensions.LogDebug(ILogger, string?, params object?[])' (https://learn.microsoft.com/dotnet/fundamentals/code-analysis/quality-rules/ca1848) [/home/runner/work/trading-bot-c-/trading-bot-c-/src/BotCore/BotCore.csproj]
/home/runner/work/trading-bot-c-/trading-bot-c-/src/BotCore/Services/HistoricalDataBridgeService.cs(379,17): error CA1848: For improved performance, use the LoggerMessage delegates instead of calling 'LoggerExtensions.LogInformation(ILogger, string?, params object?[])' (https://learn.microsoft.com/dotnet/fundamentals/code-analysis/quality-rules/ca1848) [/home/runner/work/trading-bot-c-/trading-bot-c-/src/BotCore/BotCore.csproj]
/home/runner/work/trading-bot-c-/trading-bot-c-/src/BotCore/Services/HistoricalDataBridgeService.cs(389,21): error CA1848: For improved performance, use the LoggerMessage delegates instead of calling 'LoggerExtensions.LogInformation(ILogger, string?, params object?[])' (https://learn.microsoft.com/dotnet/fundamentals/code-analysis/quality-rules/ca1848) [/home/runner/work/trading-bot-c-/trading-bot-c-/src/BotCore/BotCore.csproj]
/home/runner/work/trading-bot-c-/trading-bot-c-/src/BotCore/Services/HistoricalDataBridgeService.cs(398,17): error CA1848: For improved performance, use the LoggerMessage delegates instead of calling 'LoggerExtensions.LogError(ILogger, Exception?, string?, params object?[])' (https://learn.microsoft.com/dotnet/fundamentals/code-analysis/quality-rules/ca1848) [/home/runner/work/trading-bot-c-/trading-bot-c-/src/BotCore/BotCore.csproj]
/home/runner/work/trading-bot-c-/trading-bot-c-/src/BotCore/Services/HistoricalDataBridgeService.cs(414,17): error CA1848: For improved performance, use the LoggerMessage delegates instead of calling 'LoggerExtensions.LogDebug(ILogger, Exception?, string?, params object?[])' (https://learn.microsoft.com/dotnet/fundamentals/code-analysis/quality-rules/ca1848) [/home/runner/work/trading-bot-c-/trading-bot-c-/src/BotCore/BotCore.csproj]
/home/runner/work/trading-bot-c-/trading-bot-c-/src/BotCore/Services/HistoricalDataBridgeService.cs(412,13): error CA1031: Modify 'TryGetCorrelationManagerBarsAsync' to catch a more specific allowed exception type, or rethrow the exception (https://learn.microsoft.com/dotnet/fundamentals/code-analysis/quality-rules/ca1031) [/home/runner/work/trading-bot-c-/trading-bot-c-/src/BotCore/BotCore.csproj]
/home/runner/work/trading-bot-c-/trading-bot-c-/src/BotCore/Services/HistoricalDataBridgeService.cs(396,13): error CA1031: Modify 'TryGetTopstepXBarsAsync' to catch a more specific allowed exception type, or rethrow the exception (https://learn.microsoft.com/dotnet/fundamentals/code-analysis/quality-rules/ca1031) [/home/runner/work/trading-bot-c-/trading-bot-c-/src/BotCore/BotCore.csproj]
/home/runner/work/trading-bot-c-/trading-bot-c-/src/BotCore/Services/ExecutionAnalyticsService.cs(77,21): error CA1848: For improved performance, use the LoggerMessage delegates instead of calling 'LoggerExtensions.LogWarning(ILogger, string?, params object?[])' (https://learn.microsoft.com/dotnet/fundamentals/code-analysis/quality-rules/ca1848) [/home/runner/work/trading-bot-c-/trading-bot-c-/src/BotCore/BotCore.csproj]
/home/runner/work/trading-bot-c-/trading-bot-c-/src/BotCore/Services/ExecutionAnalyticsService.cs(83,17): error CA1848: For improved performance, use the LoggerMessage delegates instead of calling 'LoggerExtensions.LogTrace(ILogger, string?, params object?[])' (https://learn.microsoft.com/dotnet/fundamentals/code-analysis/quality-rules/ca1848) [/home/runner/work/trading-bot-c-/trading-bot-c-/src/BotCore/BotCore.csproj]
/home/runner/work/trading-bot-c-/trading-bot-c-/src/BotCore/Services/ExecutionAnalyzer.cs(121,13): error CA1848: For improved performance, use the LoggerMessage delegates instead of calling 'LoggerExtensions.LogInformation(ILogger, string?, params object?[])' (https://learn.microsoft.com/dotnet/fundamentals/code-analysis/quality-rules/ca1848) [/home/runner/work/trading-bot-c-/trading-bot-c-/src/BotCore/BotCore.csproj]
/home/runner/work/trading-bot-c-/trading-bot-c-/src/BotCore/Services/ExecutionAnalyzer.cs(129,13): error CA1848: For improved performance, use the LoggerMessage delegates instead of calling 'LoggerExtensions.LogError(ILogger, Exception?, string?, params object?[])' (https://learn.microsoft.com/dotnet/fundamentals/code-analysis/quality-rules/ca1848) [/home/runner/work/trading-bot-c-/trading-bot-c-/src/BotCore/BotCore.csproj]
/home/runner/work/trading-bot-c-/trading-bot-c-/src/BotCore/Services/ExecutionAnalyzer.cs(133,13): error CA1848: For improved performance, use the LoggerMessage delegates instead of calling 'LoggerExtensions.LogError(ILogger, Exception?, string?, params object?[])' (https://learn.microsoft.com/dotnet/fundamentals/code-analysis/quality-rules/ca1848) [/home/runner/work/trading-bot-c-/trading-bot-c-/src/BotCore/BotCore.csproj]
/home/runner/work/trading-bot-c-/trading-bot-c-/src/BotCore/Services/ExecutionAnalyzer.cs(137,13): error CA1848: For improved performance, use the LoggerMessage delegates instead of calling 'LoggerExtensions.LogError(ILogger, Exception?, string?, params object?[])' (https://learn.microsoft.com/dotnet/fundamentals/code-analysis/quality-rules/ca1848) [/home/runner/work/trading-bot-c-/trading-bot-c-/src/BotCore/BotCore.csproj]
/home/runner/work/trading-bot-c-/trading-bot-c-/src/BotCore/Services/ExecutionAnalyzer.cs(141,13): error CA1848: For improved performance, use the LoggerMessage delegates instead of calling 'LoggerExtensions.LogError(ILogger, Exception?, string?, params object?[])' (https://learn.microsoft.com/dotnet/fundamentals/code-analysis/quality-rules/ca1848) [/home/runner/work/trading-bot-c-/trading-bot-c-/src/BotCore/BotCore.csproj]
/home/runner/work/trading-bot-c-/trading-bot-c-/src/BotCore/Services/PerformanceTracker.cs(505,13): error CA1848: For improved performance, use the LoggerMessage delegates instead of calling 'LoggerExtensions.LogError(ILogger, Exception?, string?, params object?[])' (https://learn.microsoft.com/dotnet/fundamentals/code-analysis/quality-rules/ca1848) [/home/runner/work/trading-bot-c-/trading-bot-c-/src/BotCore/BotCore.csproj]
/home/runner/work/trading-bot-c-/trading-bot-c-/src/BotCore/Services/PerformanceTracker.cs(510,13): error CA1848: For improved performance, use the LoggerMessage delegates instead of calling 'LoggerExtensions.LogError(ILogger, Exception?, string?, params object?[])' (https://learn.microsoft.com/dotnet/fundamentals/code-analysis/quality-rules/ca1848) [/home/runner/work/trading-bot-c-/trading-bot-c-/src/BotCore/BotCore.csproj]
/home/runner/work/trading-bot-c-/trading-bot-c-/src/BotCore/Services/PerformanceTracker.cs(515,13): error CA1848: For improved performance, use the LoggerMessage delegates instead of calling 'LoggerExtensions.LogError(ILogger, Exception?, string?, params object?[])' (https://learn.microsoft.com/dotnet/fundamentals/code-analysis/quality-rules/ca1848) [/home/runner/work/trading-bot-c-/trading-bot-c-/src/BotCore/BotCore.csproj]
/home/runner/work/trading-bot-c-/trading-bot-c-/src/BotCore/Services/MasterDecisionOrchestrator.cs(991,13): error CA1848: For improved performance, use the LoggerMessage delegates instead of calling 'LoggerExtensions.LogError(ILogger, Exception?, string?, params object?[])' (https://learn.microsoft.com/dotnet/fundamentals/code-analysis/quality-rules/ca1848) [/home/runner/work/trading-bot-c-/trading-bot-c-/src/BotCore/BotCore.csproj]
/home/runner/work/trading-bot-c-/trading-bot-c-/src/BotCore/Services/MasterDecisionOrchestrator.cs(989,9): error CA1031: Modify 'AnalyzeMyPerformanceIssueAsync' to catch a more specific allowed exception type, or rethrow the exception (https://learn.microsoft.com/dotnet/fundamentals/code-analysis/quality-rules/ca1031) [/home/runner/work/trading-bot-c-/trading-bot-c-/src/BotCore/BotCore.csproj]
/home/runner/work/trading-bot-c-/trading-bot-c-/src/BotCore/Services/EnhancedTradingBrainIntegration.cs(125,48): error S138: This method 'MakeEnhancedDecisionAsync' has 81 lines, which is greater than the 80 lines authorized. Split it into smaller methods. (https://rules.sonarsource.com/csharp/RSPEC-138) [/home/runner/work/trading-bot-c-/trading-bot-c-/src/BotCore/BotCore.csproj]
/home/runner/work/trading-bot-c-/trading-bot-c-/src/BotCore/Services/EnhancedTradingBrainIntegration.cs(135,13): error CA1848: For improved performance, use the LoggerMessage delegates instead of calling 'LoggerExtensions.LogDebug(ILogger, string?, params object?[])' (https://learn.microsoft.com/dotnet/fundamentals/code-analysis/quality-rules/ca1848) [/home/runner/work/trading-bot-c-/trading-bot-c-/src/BotCore/BotCore.csproj]
/home/runner/work/trading-bot-c-/trading-bot-c-/src/BotCore/Services/EnhancedTradingBrainIntegration.cs(200,13): error CA1848: For improved performance, use the LoggerMessage delegates instead of calling 'LoggerExtensions.LogError(ILogger, Exception?, string?, params object?[])' (https://learn.microsoft.com/dotnet/fundamentals/code-analysis/quality-rules/ca1848) [/home/runner/work/trading-bot-c-/trading-bot-c-/src/BotCore/BotCore.csproj]
/home/runner/work/trading-bot-c-/trading-bot-c-/src/BotCore/Services/ExecutionAnalyticsService.cs(118,13): error CA1848: For improved performance, use the LoggerMessage delegates instead of calling 'LoggerExtensions.LogDebug(ILogger, string?, params object?[])' (https://learn.microsoft.com/dotnet/fundamentals/code-analysis/quality-rules/ca1848) [/home/runner/work/trading-bot-c-/trading-bot-c-/src/BotCore/BotCore.csproj]
/home/runner/work/trading-bot-c-/trading-bot-c-/src/BotCore/Services/MasterDecisionOrchestrator.cs(1008,13): error CA1848: For improved performance, use the LoggerMessage delegates instead of calling 'LoggerExtensions.LogCritical(ILogger, string?, params object?[])' (https://learn.microsoft.com/dotnet/fundamentals/code-analysis/quality-rules/ca1848) [/home/runner/work/trading-bot-c-/trading-bot-c-/src/BotCore/BotCore.csproj]
/home/runner/work/trading-bot-c-/trading-bot-c-/src/BotCore/Services/MasterDecisionOrchestrator.cs(1012,13): error CA1848: For improved performance, use the LoggerMessage delegates instead of calling 'LoggerExtensions.LogError(ILogger, Exception?, string?, params object?[])' (https://learn.microsoft.com/dotnet/fundamentals/code-analysis/quality-rules/ca1848) [/home/runner/work/trading-bot-c-/trading-bot-c-/src/BotCore/BotCore.csproj]
/home/runner/work/trading-bot-c-/trading-bot-c-/src/BotCore/Services/MasterDecisionOrchestrator.cs(1010,9): error CA1031: Modify 'CreateKillFileAsync' to catch a more specific allowed exception type, or rethrow the exception (https://learn.microsoft.com/dotnet/fundamentals/code-analysis/quality-rules/ca1031) [/home/runner/work/trading-bot-c-/trading-bot-c-/src/BotCore/BotCore.csproj]
/home/runner/work/trading-bot-c-/trading-bot-c-/src/BotCore/Services/EnhancedTradingBrainIntegration.cs(224,13): error CA1031: Modify 'MakeEnhancedDecisionAsync' to catch a more specific allowed exception type, or rethrow the exception (https://learn.microsoft.com/dotnet/fundamentals/code-analysis/quality-rules/ca1031) [/home/runner/work/trading-bot-c-/trading-bot-c-/src/BotCore/BotCore.csproj]
/home/runner/work/trading-bot-c-/trading-bot-c-/src/BotCore/Services/EnhancedTradingBrainIntegration.cs(198,9): error CA1031: Modify 'MakeEnhancedDecisionAsync' to catch a more specific allowed exception type, or rethrow the exception (https://learn.microsoft.com/dotnet/fundamentals/code-analysis/quality-rules/ca1031) [/home/runner/work/trading-bot-c-/trading-bot-c-/src/BotCore/BotCore.csproj]
/home/runner/work/trading-bot-c-/trading-bot-c-/src/BotCore/Services/EnhancedMarketDataFlowService.cs(79,17): error CA1848: For improved performance, use the LoggerMessage delegates instead of calling 'LoggerExtensions.LogInformation(ILogger, string?, params object?[])' (https://learn.microsoft.com/dotnet/fundamentals/code-analysis/quality-rules/ca1848) [/home/runner/work/trading-bot-c-/trading-bot-c-/src/BotCore/BotCore.csproj]
/home/runner/work/trading-bot-c-/trading-bot-c-/src/BotCore/Services/EnhancedMarketDataFlowService.cs(83,17): error CA1848: For improved performance, use the LoggerMessage delegates instead of calling 'LoggerExtensions.LogWarning(ILogger, string?, params object?[])' (https://learn.microsoft.com/dotnet/fundamentals/code-analysis/quality-rules/ca1848) [/home/runner/work/trading-bot-c-/trading-bot-c-/src/BotCore/BotCore.csproj]
/home/runner/work/trading-bot-c-/trading-bot-c-/src/BotCore/Services/OrderExecutionService.cs(1106,68): error S1541: The Cyclomatic Complexity of this method is 11 which is greater than 10 authorized. (https://rules.sonarsource.com/csharp/RSPEC-1541) [/home/runner/work/trading-bot-c-/trading-bot-c-/src/BotCore/BotCore.csproj]
/home/runner/work/trading-bot-c-/trading-bot-c-/src/BotCore/Services/OrderExecutionService.cs(1122,17): error CA1848: For improved performance, use the LoggerMessage delegates instead of calling 'LoggerExtensions.LogWarning(ILogger, string?, params object?[])' (https://learn.microsoft.com/dotnet/fundamentals/code-analysis/quality-rules/ca1848) [/home/runner/work/trading-bot-c-/trading-bot-c-/src/BotCore/BotCore.csproj]
/home/runner/work/trading-bot-c-/trading-bot-c-/src/BotCore/Services/OrderExecutionService.cs(1128,17): error CA1848: For improved performance, use the LoggerMessage delegates instead of calling 'LoggerExtensions.LogInformation(ILogger, string?, params object?[])' (https://learn.microsoft.com/dotnet/fundamentals/code-analysis/quality-rules/ca1848) [/home/runner/work/trading-bot-c-/trading-bot-c-/src/BotCore/BotCore.csproj]
/home/runner/work/trading-bot-c-/trading-bot-c-/src/BotCore/Services/OrderExecutionService.cs(1139,25): error CA1848: For improved performance, use the LoggerMessage delegates instead of calling 'LoggerExtensions.LogError(ILogger, string?, params object?[])' (https://learn.microsoft.com/dotnet/fundamentals/code-analysis/quality-rules/ca1848) [/home/runner/work/trading-bot-c-/trading-bot-c-/src/BotCore/BotCore.csproj]
/home/runner/work/trading-bot-c-/trading-bot-c-/src/BotCore/Services/OrderExecutionService.cs(1144,25): error CA1848: For improved performance, use the LoggerMessage delegates instead of calling 'LoggerExtensions.LogError(ILogger, string?, params object?[])' (https://learn.microsoft.com/dotnet/fundamentals/code-analysis/quality-rules/ca1848) [/home/runner/work/trading-bot-c-/trading-bot-c-/src/BotCore/BotCore.csproj]
/home/runner/work/trading-bot-c-/trading-bot-c-/src/BotCore/Services/OrderExecutionService.cs(1152,25): error CA1848: For improved performance, use the LoggerMessage delegates instead of calling 'LoggerExtensions.LogError(ILogger, string?, params object?[])' (https://learn.microsoft.com/dotnet/fundamentals/code-analysis/quality-rules/ca1848) [/home/runner/work/trading-bot-c-/trading-bot-c-/src/BotCore/BotCore.csproj]
/home/runner/work/trading-bot-c-/trading-bot-c-/src/BotCore/Services/OrderExecutionService.cs(1157,25): error CA1848: For improved performance, use the LoggerMessage delegates instead of calling 'LoggerExtensions.LogError(ILogger, string?, params object?[])' (https://learn.microsoft.com/dotnet/fundamentals/code-analysis/quality-rules/ca1848) [/home/runner/work/trading-bot-c-/trading-bot-c-/src/BotCore/BotCore.csproj]
/home/runner/work/trading-bot-c-/trading-bot-c-/src/BotCore/Services/OrderExecutionService.cs(1172,21): error CA1848: For improved performance, use the LoggerMessage delegates instead of calling 'LoggerExtensions.LogError(ILogger, string?, params object?[])' (https://learn.microsoft.com/dotnet/fundamentals/code-analysis/quality-rules/ca1848) [/home/runner/work/trading-bot-c-/trading-bot-c-/src/BotCore/BotCore.csproj]
/home/runner/work/trading-bot-c-/trading-bot-c-/src/BotCore/Services/OrderExecutionService.cs(1193,17): error CA1848: For improved performance, use the LoggerMessage delegates instead of calling 'LoggerExtensions.LogInformation(ILogger, string?, params object?[])' (https://learn.microsoft.com/dotnet/fundamentals/code-analysis/quality-rules/ca1848) [/home/runner/work/trading-bot-c-/trading-bot-c-/src/BotCore/BotCore.csproj]
/home/runner/work/trading-bot-c-/trading-bot-c-/src/BotCore/Services/OrderExecutionService.cs(1200,17): error CA1848: For improved performance, use the LoggerMessage delegates instead of calling 'LoggerExtensions.LogError(ILogger, Exception?, string?, params object?[])' (https://learn.microsoft.com/dotnet/fundamentals/code-analysis/quality-rules/ca1848) [/home/runner/work/trading-bot-c-/trading-bot-c-/src/BotCore/BotCore.csproj]
/home/runner/work/trading-bot-c-/trading-bot-c-/src/BotCore/Services/OrderExecutionService.cs(1116,13): error CA1510: Use 'ArgumentNullException.ThrowIfNull' instead of explicitly throwing a new exception instance (https://learn.microsoft.com/dotnet/fundamentals/code-analysis/quality-rules/ca1510) [/home/runner/work/trading-bot-c-/trading-bot-c-/src/BotCore/BotCore.csproj]
/home/runner/work/trading-bot-c-/trading-bot-c-/src/BotCore/Services/OrderExecutionService.cs(1117,13): error CA1510: Use 'ArgumentNullException.ThrowIfNull' instead of explicitly throwing a new exception instance (https://learn.microsoft.com/dotnet/fundamentals/code-analysis/quality-rules/ca1510) [/home/runner/work/trading-bot-c-/trading-bot-c-/src/BotCore/BotCore.csproj]
/home/runner/work/trading-bot-c-/trading-bot-c-/src/BotCore/Services/OrderExecutionService.cs(1198,13): error CA1031: Modify 'PlaceBracketOrderAsync' to catch a more specific allowed exception type, or rethrow the exception (https://learn.microsoft.com/dotnet/fundamentals/code-analysis/quality-rules/ca1031) [/home/runner/work/trading-bot-c-/trading-bot-c-/src/BotCore/BotCore.csproj]
/home/runner/work/trading-bot-c-/trading-bot-c-/src/BotCore/Services/UnifiedPositionManagementService.cs(2754,25): error CA1848: For improved performance, use the LoggerMessage delegates instead of calling 'LoggerExtensions.LogInformation(ILogger, string?, params object?[])' (https://learn.microsoft.com/dotnet/fundamentals/code-analysis/quality-rules/ca1848) [/home/runner/work/trading-bot-c-/trading-bot-c-/src/BotCore/BotCore.csproj]
/home/runner/work/trading-bot-c-/trading-bot-c-/src/BotCore/Services/UnifiedPositionManagementService.cs(2759,21): error CA1848: For improved performance, use the LoggerMessage delegates instead of calling 'LoggerExtensions.LogError(ILogger, Exception?, string?, params object?[])' (https://learn.microsoft.com/dotnet/fundamentals/code-analysis/quality-rules/ca1848) [/home/runner/work/trading-bot-c-/trading-bot-c-/src/BotCore/BotCore.csproj]
/home/runner/work/trading-bot-c-/trading-bot-c-/src/BotCore/Services/UnifiedPositionManagementService.cs(2757,17): error CA1031: Modify 'ExplainMaeWarningFireAndForget' to catch a more specific allowed exception type, or rethrow the exception (https://learn.microsoft.com/dotnet/fundamentals/code-analysis/quality-rules/ca1031) [/home/runner/work/trading-bot-c-/trading-bot-c-/src/BotCore/BotCore.csproj]
/home/runner/work/trading-bot-c-/trading-bot-c-/src/BotCore/Services/ExecutionAnalyzer.cs(182,13): error CA1848: For improved performance, use the LoggerMessage delegates instead of calling 'LoggerExtensions.LogInformation(ILogger, string?, params object?[])' (https://learn.microsoft.com/dotnet/fundamentals/code-analysis/quality-rules/ca1848) [/home/runner/work/trading-bot-c-/trading-bot-c-/src/BotCore/BotCore.csproj]
/home/runner/work/trading-bot-c-/trading-bot-c-/src/BotCore/Services/ExecutionAnalyzer.cs(189,13): error CA1848: For improved performance, use the LoggerMessage delegates instead of calling 'LoggerExtensions.LogError(ILogger, Exception?, string?, params object?[])' (https://learn.microsoft.com/dotnet/fundamentals/code-analysis/quality-rules/ca1848) [/home/runner/work/trading-bot-c-/trading-bot-c-/src/BotCore/BotCore.csproj]
/home/runner/work/trading-bot-c-/trading-bot-c-/src/BotCore/Services/ExecutionAnalyzer.cs(193,13): error CA1848: For improved performance, use the LoggerMessage delegates instead of calling 'LoggerExtensions.LogError(ILogger, Exception?, string?, params object?[])' (https://learn.microsoft.com/dotnet/fundamentals/code-analysis/quality-rules/ca1848) [/home/runner/work/trading-bot-c-/trading-bot-c-/src/BotCore/BotCore.csproj]
/home/runner/work/trading-bot-c-/trading-bot-c-/src/BotCore/Services/ExecutionAnalyzer.cs(197,13): error CA1848: For improved performance, use the LoggerMessage delegates instead of calling 'LoggerExtensions.LogError(ILogger, Exception?, string?, params object?[])' (https://learn.microsoft.com/dotnet/fundamentals/code-analysis/quality-rules/ca1848) [/home/runner/work/trading-bot-c-/trading-bot-c-/src/BotCore/BotCore.csproj]
/home/runner/work/trading-bot-c-/trading-bot-c-/src/BotCore/Services/ExecutionAnalyzer.cs(201,13): error CA1848: For improved performance, use the LoggerMessage delegates instead of calling 'LoggerExtensions.LogError(ILogger, Exception?, string?, params object?[])' (https://learn.microsoft.com/dotnet/fundamentals/code-analysis/quality-rules/ca1848) [/home/runner/work/trading-bot-c-/trading-bot-c-/src/BotCore/BotCore.csproj]
/home/runner/work/trading-bot-c-/trading-bot-c-/src/BotCore/Services/EnhancedTradingBrainIntegration.cs(250,9): error S1172: Remove this unused method parameter 'symbol'. (https://rules.sonarsource.com/csharp/RSPEC-1172) [/home/runner/work/trading-bot-c-/trading-bot-c-/src/BotCore/BotCore.csproj]
/home/runner/work/trading-bot-c-/trading-bot-c-/src/BotCore/Services/MasterDecisionOrchestrator.cs(1016,68): error S1172: Remove this unused method parameter 'cancellationToken'. (https://rules.sonarsource.com/csharp/RSPEC-1172) [/home/runner/work/trading-bot-c-/trading-bot-c-/src/BotCore/BotCore.csproj]
/home/runner/work/trading-bot-c-/trading-bot-c-/src/BotCore/Services/EnhancedMarketDataFlowService.cs(108,17): error CA1848: For improved performance, use the LoggerMessage delegates instead of calling 'LoggerExtensions.LogInformation(ILogger, string?, params object?[])' (https://learn.microsoft.com/dotnet/fundamentals/code-analysis/quality-rules/ca1848) [/home/runner/work/trading-bot-c-/trading-bot-c-/src/BotCore/BotCore.csproj]
/home/runner/work/trading-bot-c-/trading-bot-c-/src/BotCore/Services/EnhancedMarketDataFlowService.cs(136,21): error CA1848: For improved performance, use the LoggerMessage delegates instead of calling 'LoggerExtensions.LogInformation(ILogger, string?, params object?[])' (https://learn.microsoft.com/dotnet/fundamentals/code-analysis/quality-rules/ca1848) [/home/runner/work/trading-bot-c-/trading-bot-c-/src/BotCore/BotCore.csproj]
/home/runner/work/trading-bot-c-/trading-bot-c-/src/BotCore/Services/EnhancedMarketDataFlowService.cs(140,17): error CA1848: For improved performance, use the LoggerMessage delegates instead of calling 'LoggerExtensions.LogInformation(ILogger, string?, params object?[])' (https://learn.microsoft.com/dotnet/fundamentals/code-analysis/quality-rules/ca1848) [/home/runner/work/trading-bot-c-/trading-bot-c-/src/BotCore/BotCore.csproj]
/home/runner/work/trading-bot-c-/trading-bot-c-/src/BotCore/Services/EnhancedMarketDataFlowService.cs(146,17): error CA1848: For improved performance, use the LoggerMessage delegates instead of calling 'LoggerExtensions.LogError(ILogger, Exception?, string?, params object?[])' (https://learn.microsoft.com/dotnet/fundamentals/code-analysis/quality-rules/ca1848) [/home/runner/work/trading-bot-c-/trading-bot-c-/src/BotCore/BotCore.csproj]
/home/runner/work/trading-bot-c-/trading-bot-c-/src/BotCore/Services/MasterDecisionOrchestrator.cs(1018,9): error CA1848: For improved performance, use the LoggerMessage delegates instead of calling 'LoggerExtensions.LogWarning(ILogger, string?, params object?[])' (https://learn.microsoft.com/dotnet/fundamentals/code-analysis/quality-rules/ca1848) [/home/runner/work/trading-bot-c-/trading-bot-c-/src/BotCore/BotCore.csproj]
/home/runner/work/trading-bot-c-/trading-bot-c-/src/BotCore/Services/MasterDecisionOrchestrator.cs(1019,9): error CA1848: For improved performance, use the LoggerMessage delegates instead of calling 'LoggerExtensions.LogWarning(ILogger, string?, params object?[])' (https://learn.microsoft.com/dotnet/fundamentals/code-analysis/quality-rules/ca1848) [/home/runner/work/trading-bot-c-/trading-bot-c-/src/BotCore/BotCore.csproj]
/home/runner/work/trading-bot-c-/trading-bot-c-/src/BotCore/Services/MasterDecisionOrchestrator.cs(1036,17): error CA1848: For improved performance, use the LoggerMessage delegates instead of calling 'LoggerExtensions.LogInformation(ILogger, string?, params object?[])' (https://learn.microsoft.com/dotnet/fundamentals/code-analysis/quality-rules/ca1848) [/home/runner/work/trading-bot-c-/trading-bot-c-/src/BotCore/BotCore.csproj]
/home/runner/work/trading-bot-c-/trading-bot-c-/src/BotCore/Services/MasterDecisionOrchestrator.cs(1040,17): error CA1848: For improved performance, use the LoggerMessage delegates instead of calling 'LoggerExtensions.LogError(ILogger, Exception?, string?, params object?[])' (https://learn.microsoft.com/dotnet/fundamentals/code-analysis/quality-rules/ca1848) [/home/runner/work/trading-bot-c-/trading-bot-c-/src/BotCore/BotCore.csproj]
/home/runner/work/trading-bot-c-/trading-bot-c-/src/BotCore/Services/MasterDecisionOrchestrator.cs(1049,9): error CA1848: For improved performance, use the LoggerMessage delegates instead of calling 'LoggerExtensions.LogWarning(ILogger, string?, params object?[])' (https://learn.microsoft.com/dotnet/fundamentals/code-analysis/quality-rules/ca1848) [/home/runner/work/trading-bot-c-/trading-bot-c-/src/BotCore/BotCore.csproj]
/home/runner/work/trading-bot-c-/trading-bot-c-/src/BotCore/Services/EnhancedMarketDataFlowService.cs(144,13): error CA1031: Modify 'InitializeDataFlowAsync' to catch a more specific allowed exception type, or rethrow the exception (https://learn.microsoft.com/dotnet/fundamentals/code-analysis/quality-rules/ca1031) [/home/runner/work/trading-bot-c-/trading-bot-c-/src/BotCore/BotCore.csproj]
/home/runner/work/trading-bot-c-/trading-bot-c-/src/BotCore/Services/MasterDecisionOrchestrator.cs(1038,13): error CA1031: Modify 'ExecuteCanaryRollbackAsync' to catch a more specific allowed exception type, or rethrow the exception (https://learn.microsoft.com/dotnet/fundamentals/code-analysis/quality-rules/ca1031) [/home/runner/work/trading-bot-c-/trading-bot-c-/src/BotCore/BotCore.csproj]
/home/runner/work/trading-bot-c-/trading-bot-c-/src/BotCore/Services/ModelEnsembleService.cs(499,38): error S1541: The Cyclomatic Complexity of this method is 16 which is greater than 10 authorized. (https://rules.sonarsource.com/csharp/RSPEC-1541) [/home/runner/work/trading-bot-c-/trading-bot-c-/src/BotCore/BotCore.csproj]
/home/runner/work/trading-bot-c-/trading-bot-c-/src/BotCore/Services/ExecutionAnalyzer.cs(223,13): error CA1848: For improved performance, use the LoggerMessage delegates instead of calling 'LoggerExtensions.LogError(ILogger, Exception?, string?, params object?[])' (https://learn.microsoft.com/dotnet/fundamentals/code-analysis/quality-rules/ca1848) [/home/runner/work/trading-bot-c-/trading-bot-c-/src/BotCore/BotCore.csproj]
/home/runner/work/trading-bot-c-/trading-bot-c-/src/BotCore/Services/ExecutionAnalyzer.cs(228,13): error CA1848: For improved performance, use the LoggerMessage delegates instead of calling 'LoggerExtensions.LogError(ILogger, Exception?, string?, params object?[])' (https://learn.microsoft.com/dotnet/fundamentals/code-analysis/quality-rules/ca1848) [/home/runner/work/trading-bot-c-/trading-bot-c-/src/BotCore/BotCore.csproj]
/home/runner/work/trading-bot-c-/trading-bot-c-/src/BotCore/Services/ExecutionAnalyzer.cs(233,13): error CA1848: For improved performance, use the LoggerMessage delegates instead of calling 'LoggerExtensions.LogError(ILogger, Exception?, string?, params object?[])' (https://learn.microsoft.com/dotnet/fundamentals/code-analysis/quality-rules/ca1848) [/home/runner/work/trading-bot-c-/trading-bot-c-/src/BotCore/BotCore.csproj]
/home/runner/work/trading-bot-c-/trading-bot-c-/src/BotCore/Services/EnhancedTradingBrainIntegration.cs(311,13): error CA1848: For improved performance, use the LoggerMessage delegates instead of calling 'LoggerExtensions.LogInformation(ILogger, string?, params object?[])' (https://learn.microsoft.com/dotnet/fundamentals/code-analysis/quality-rules/ca1848) [/home/runner/work/trading-bot-c-/trading-bot-c-/src/BotCore/BotCore.csproj]
/home/runner/work/trading-bot-c-/trading-bot-c-/src/BotCore/Services/PerformanceTracker.cs(532,24): error S1244: Do not check floating point equality with exact values, use a range instead. (https://rules.sonarsource.com/csharp/RSPEC-1244) [/home/runner/work/trading-bot-c-/trading-bot-c-/src/BotCore/BotCore.csproj]
/home/runner/work/trading-bot-c-/trading-bot-c-/src/BotCore/Services/HistoricalDataBridgeService.cs(419,42): error S1541: The Cyclomatic Complexity of this method is 17 which is greater than 10 authorized. (https://rules.sonarsource.com/csharp/RSPEC-1541) [/home/runner/work/trading-bot-c-/trading-bot-c-/src/BotCore/BotCore.csproj]
/home/runner/work/trading-bot-c-/trading-bot-c-/src/BotCore/Services/HistoricalDataBridgeService.cs(429,21): error CA1848: For improved performance, use the LoggerMessage delegates instead of calling 'LoggerExtensions.LogWarning(ILogger, string?, params object?[])' (https://learn.microsoft.com/dotnet/fundamentals/code-analysis/quality-rules/ca1848) [/home/runner/work/trading-bot-c-/trading-bot-c-/src/BotCore/BotCore.csproj]
/home/runner/work/trading-bot-c-/trading-bot-c-/src/BotCore/Services/HistoricalDataBridgeService.cs(436,21): error CA1848: For improved performance, use the LoggerMessage delegates instead of calling 'LoggerExtensions.LogWarning(ILogger, string?, params object?[])' (https://learn.microsoft.com/dotnet/fundamentals/code-analysis/quality-rules/ca1848) [/home/runner/work/trading-bot-c-/trading-bot-c-/src/BotCore/BotCore.csproj]
/home/runner/work/trading-bot-c-/trading-bot-c-/src/BotCore/Services/HistoricalDataBridgeService.cs(467,29): error CA1848: For improved performance, use the LoggerMessage delegates instead of calling 'LoggerExtensions.LogDebug(ILogger, string?, params object?[])' (https://learn.microsoft.com/dotnet/fundamentals/code-analysis/quality-rules/ca1848) [/home/runner/work/trading-bot-c-/trading-bot-c-/src/BotCore/BotCore.csproj]
/home/runner/work/trading-bot-c-/trading-bot-c-/src/BotCore/Services/HistoricalDataBridgeService.cs(473,25): error CA1848: For improved performance, use the LoggerMessage delegates instead of calling 'LoggerExtensions.LogDebug(ILogger, Exception?, string?, params object?[])' (https://learn.microsoft.com/dotnet/fundamentals/code-analysis/quality-rules/ca1848) [/home/runner/work/trading-bot-c-/trading-bot-c-/src/BotCore/BotCore.csproj]
/home/runner/work/trading-bot-c-/trading-bot-c-/src/BotCore/Services/HistoricalDataBridgeService.cs(478,17): error CA1848: For improved performance, use the LoggerMessage delegates instead of calling 'LoggerExtensions.LogInformation(ILogger, string?, params object?[])' (https://learn.microsoft.com/dotnet/fundamentals/code-analysis/quality-rules/ca1848) [/home/runner/work/trading-bot-c-/trading-bot-c-/src/BotCore/BotCore.csproj]
/home/runner/work/trading-bot-c-/trading-bot-c-/src/BotCore/Services/HistoricalDataBridgeService.cs(486,25): error CA1848: For improved performance, use the LoggerMessage delegates instead of calling 'LoggerExtensions.LogInformation(ILogger, string?, params object?[])' (https://learn.microsoft.com/dotnet/fundamentals/code-analysis/quality-rules/ca1848) [/home/runner/work/trading-bot-c-/trading-bot-c-/src/BotCore/BotCore.csproj]
/home/runner/work/trading-bot-c-/trading-bot-c-/src/BotCore/Services/HistoricalDataBridgeService.cs(495,17): error CA1848: For improved performance, use the LoggerMessage delegates instead of calling 'LoggerExtensions.LogError(ILogger, Exception?, string?, params object?[])' (https://learn.microsoft.com/dotnet/fundamentals/code-analysis/quality-rules/ca1848) [/home/runner/work/trading-bot-c-/trading-bot-c-/src/BotCore/BotCore.csproj]
/home/runner/work/trading-bot-c-/trading-bot-c-/src/BotCore/Services/PerformanceTracker.cs(540,13): error CA1848: For improved performance, use the LoggerMessage delegates instead of calling 'LoggerExtensions.LogError(ILogger, Exception?, string?, params object?[])' (https://learn.microsoft.com/dotnet/fundamentals/code-analysis/quality-rules/ca1848) [/home/runner/work/trading-bot-c-/trading-bot-c-/src/BotCore/BotCore.csproj]
/home/runner/work/trading-bot-c-/trading-bot-c-/src/BotCore/Services/PerformanceTracker.cs(545,13): error CA1848: For improved performance, use the LoggerMessage delegates instead of calling 'LoggerExtensions.LogError(ILogger, Exception?, string?, params object?[])' (https://learn.microsoft.com/dotnet/fundamentals/code-analysis/quality-rules/ca1848) [/home/runner/work/trading-bot-c-/trading-bot-c-/src/BotCore/BotCore.csproj]
/home/runner/work/trading-bot-c-/trading-bot-c-/src/BotCore/Services/PerformanceTracker.cs(550,13): error CA1848: For improved performance, use the LoggerMessage delegates instead of calling 'LoggerExtensions.LogError(ILogger, Exception?, string?, params object?[])' (https://learn.microsoft.com/dotnet/fundamentals/code-analysis/quality-rules/ca1848) [/home/runner/work/trading-bot-c-/trading-bot-c-/src/BotCore/BotCore.csproj]
/home/runner/work/trading-bot-c-/trading-bot-c-/src/BotCore/Services/PerformanceTracker.cs(555,13): error CA1848: For improved performance, use the LoggerMessage delegates instead of calling 'LoggerExtensions.LogError(ILogger, Exception?, string?, params object?[])' (https://learn.microsoft.com/dotnet/fundamentals/code-analysis/quality-rules/ca1848) [/home/runner/work/trading-bot-c-/trading-bot-c-/src/BotCore/BotCore.csproj]
/home/runner/work/trading-bot-c-/trading-bot-c-/src/BotCore/Services/HistoricalDataBridgeService.cs(471,21): error CA1031: Modify 'ParseTopstepXHistoricalResponse' to catch a more specific allowed exception type, or rethrow the exception (https://learn.microsoft.com/dotnet/fundamentals/code-analysis/quality-rules/ca1031) [/home/runner/work/trading-bot-c-/trading-bot-c-/src/BotCore/BotCore.csproj]
/home/runner/work/trading-bot-c-/trading-bot-c-/src/BotCore/Services/HistoricalDataBridgeService.cs(493,13): error CA1031: Modify 'ParseTopstepXHistoricalResponse' to catch a more specific allowed exception type, or rethrow the exception (https://learn.microsoft.com/dotnet/fundamentals/code-analysis/quality-rules/ca1031) [/home/runner/work/trading-bot-c-/trading-bot-c-/src/BotCore/BotCore.csproj]
/home/runner/work/trading-bot-c-/trading-bot-c-/src/BotCore/Services/MasterDecisionOrchestrator.cs(1077,9): error CA1848: For improved performance, use the LoggerMessage delegates instead of calling 'LoggerExtensions.LogInformation(ILogger, string?, params object?[])' (https://learn.microsoft.com/dotnet/fundamentals/code-analysis/quality-rules/ca1848) [/home/runner/work/trading-bot-c-/trading-bot-c-/src/BotCore/BotCore.csproj]
/home/runner/work/trading-bot-c-/trading-bot-c-/src/BotCore/Services/EmergencyStopSystem.cs(64,17): error CA1848: For improved performance, use the LoggerMessage delegates instead of calling 'LoggerExtensions.LogInformation(ILogger, string?, params object?[])' (https://learn.microsoft.com/dotnet/fundamentals/code-analysis/quality-rules/ca1848) [/home/runner/work/trading-bot-c-/trading-bot-c-/src/BotCore/BotCore.csproj]
/home/runner/work/trading-bot-c-/trading-bot-c-/src/BotCore/Services/EmergencyStopSystem.cs(84,17): error CA1848: For improved performance, use the LoggerMessage delegates instead of calling 'LoggerExtensions.LogError(ILogger, Exception?, string?, params object?[])' (https://learn.microsoft.com/dotnet/fundamentals/code-analysis/quality-rules/ca1848) [/home/runner/work/trading-bot-c-/trading-bot-c-/src/BotCore/BotCore.csproj]
/home/runner/work/trading-bot-c-/trading-bot-c-/src/BotCore/Services/EmergencyStopSystem.cs(88,17): error CA1848: For improved performance, use the LoggerMessage delegates instead of calling 'LoggerExtensions.LogError(ILogger, Exception?, string?, params object?[])' (https://learn.microsoft.com/dotnet/fundamentals/code-analysis/quality-rules/ca1848) [/home/runner/work/trading-bot-c-/trading-bot-c-/src/BotCore/BotCore.csproj]
/home/runner/work/trading-bot-c-/trading-bot-c-/src/BotCore/Services/EmergencyStopSystem.cs(92,17): error CA1848: For improved performance, use the LoggerMessage delegates instead of calling 'LoggerExtensions.LogError(ILogger, Exception?, string?, params object?[])' (https://learn.microsoft.com/dotnet/fundamentals/code-analysis/quality-rules/ca1848) [/home/runner/work/trading-bot-c-/trading-bot-c-/src/BotCore/BotCore.csproj]
/home/runner/work/trading-bot-c-/trading-bot-c-/src/BotCore/Services/EmergencyStopSystem.cs(96,17): error CA1848: For improved performance, use the LoggerMessage delegates instead of calling 'LoggerExtensions.LogError(ILogger, Exception?, string?, params object?[])' (https://learn.microsoft.com/dotnet/fundamentals/code-analysis/quality-rules/ca1848) [/home/runner/work/trading-bot-c-/trading-bot-c-/src/BotCore/BotCore.csproj]
/home/runner/work/trading-bot-c-/trading-bot-c-/src/BotCore/Services/OrderExecutionService.cs(1219,17): error CA1848: For improved performance, use the LoggerMessage delegates instead of calling 'LoggerExtensions.LogWarning(ILogger, string?, params object?[])' (https://learn.microsoft.com/dotnet/fundamentals/code-analysis/quality-rules/ca1848) [/home/runner/work/trading-bot-c-/trading-bot-c-/src/BotCore/BotCore.csproj]
/home/runner/work/trading-bot-c-/trading-bot-c-/src/BotCore/Services/OrderExecutionService.cs(1225,17): error CA1848: For improved performance, use the LoggerMessage delegates instead of calling 'LoggerExtensions.LogInformation(ILogger, string?, params object?[])' (https://learn.microsoft.com/dotnet/fundamentals/code-analysis/quality-rules/ca1848) [/home/runner/work/trading-bot-c-/trading-bot-c-/src/BotCore/BotCore.csproj]
/home/runner/work/trading-bot-c-/trading-bot-c-/src/BotCore/Services/OrderExecutionService.cs(1232,21): error CA1848: For improved performance, use the LoggerMessage delegates instead of calling 'LoggerExtensions.LogWarning(ILogger, string?, params object?[])' (https://learn.microsoft.com/dotnet/fundamentals/code-analysis/quality-rules/ca1848) [/home/runner/work/trading-bot-c-/trading-bot-c-/src/BotCore/BotCore.csproj]
/home/runner/work/trading-bot-c-/trading-bot-c-/src/BotCore/Services/OrderExecutionService.cs(1240,21): error CA1848: For improved performance, use the LoggerMessage delegates instead of calling 'LoggerExtensions.LogError(ILogger, string?, params object?[])' (https://learn.microsoft.com/dotnet/fundamentals/code-analysis/quality-rules/ca1848) [/home/runner/work/trading-bot-c-/trading-bot-c-/src/BotCore/BotCore.csproj]
/home/runner/work/trading-bot-c-/trading-bot-c-/src/BotCore/Services/OrderExecutionService.cs(1271,21): error CA1848: For improved performance, use the LoggerMessage delegates instead of calling 'LoggerExtensions.LogError(ILogger, string?, params object?[])' (https://learn.microsoft.com/dotnet/fundamentals/code-analysis/quality-rules/ca1848) [/home/runner/work/trading-bot-c-/trading-bot-c-/src/BotCore/BotCore.csproj]
/home/runner/work/trading-bot-c-/trading-bot-c-/src/BotCore/Services/OrderExecutionService.cs(1278,17): error CA1848: For improved performance, use the LoggerMessage delegates instead of calling 'LoggerExtensions.LogInformation(ILogger, string?, params object?[])' (https://learn.microsoft.com/dotnet/fundamentals/code-analysis/quality-rules/ca1848) [/home/runner/work/trading-bot-c-/trading-bot-c-/src/BotCore/BotCore.csproj]
/home/runner/work/trading-bot-c-/trading-bot-c-/src/BotCore/Services/OrderExecutionService.cs(1285,17): error CA1848: For improved performance, use the LoggerMessage delegates instead of calling 'LoggerExtensions.LogError(ILogger, Exception?, string?, params object?[])' (https://learn.microsoft.com/dotnet/fundamentals/code-analysis/quality-rules/ca1848) [/home/runner/work/trading-bot-c-/trading-bot-c-/src/BotCore/BotCore.csproj]
/home/runner/work/trading-bot-c-/trading-bot-c-/src/BotCore/Services/PositionManagementOptimizer.cs(341,9): error AsyncFixer01: The method 'OptimizeTrailingParameterAsync' does not need to use async/await. (https://github.com/semihokur/AsyncFixer) [/home/runner/work/trading-bot-c-/trading-bot-c-/src/BotCore/BotCore.csproj]
/home/runner/work/trading-bot-c-/trading-bot-c-/src/BotCore/Services/OrderExecutionService.cs(1283,13): error CA1031: Modify 'PlaceIcebergOrderAsync' to catch a more specific allowed exception type, or rethrow the exception (https://learn.microsoft.com/dotnet/fundamentals/code-analysis/quality-rules/ca1031) [/home/runner/work/trading-bot-c-/trading-bot-c-/src/BotCore/BotCore.csproj]
/home/runner/work/trading-bot-c-/trading-bot-c-/src/BotCore/Services/ExecutionAnalyzer.cs(261,13): error CA1848: For improved performance, use the LoggerMessage delegates instead of calling 'LoggerExtensions.LogError(ILogger, Exception?, string?, params object?[])' (https://learn.microsoft.com/dotnet/fundamentals/code-analysis/quality-rules/ca1848) [/home/runner/work/trading-bot-c-/trading-bot-c-/src/BotCore/BotCore.csproj]
/home/runner/work/trading-bot-c-/trading-bot-c-/src/BotCore/Services/ExecutionAnalyzer.cs(265,13): error CA1848: For improved performance, use the LoggerMessage delegates instead of calling 'LoggerExtensions.LogError(ILogger, Exception?, string?, params object?[])' (https://learn.microsoft.com/dotnet/fundamentals/code-analysis/quality-rules/ca1848) [/home/runner/work/trading-bot-c-/trading-bot-c-/src/BotCore/BotCore.csproj]
/home/runner/work/trading-bot-c-/trading-bot-c-/src/BotCore/Services/ExecutionAnalyzer.cs(269,13): error CA1848: For improved performance, use the LoggerMessage delegates instead of calling 'LoggerExtensions.LogError(ILogger, Exception?, string?, params object?[])' (https://learn.microsoft.com/dotnet/fundamentals/code-analysis/quality-rules/ca1848) [/home/runner/work/trading-bot-c-/trading-bot-c-/src/BotCore/BotCore.csproj]
/home/runner/work/trading-bot-c-/trading-bot-c-/src/BotCore/Services/PositionManagementOptimizer.cs(341,91): error S1172: Remove this unused method parameter 'cancellationToken'. (https://rules.sonarsource.com/csharp/RSPEC-1172) [/home/runner/work/trading-bot-c-/trading-bot-c-/src/BotCore/BotCore.csproj]
/home/runner/work/trading-bot-c-/trading-bot-c-/src/BotCore/Services/PositionManagementOptimizer.cs(397,21): error CA1848: For improved performance, use the LoggerMessage delegates instead of calling 'LoggerExtensions.LogInformation(ILogger, string?, params object?[])' (https://learn.microsoft.com/dotnet/fundamentals/code-analysis/quality-rules/ca1848) [/home/runner/work/trading-bot-c-/trading-bot-c-/src/BotCore/BotCore.csproj]
/home/runner/work/trading-bot-c-/trading-bot-c-/src/BotCore/Services/ContractService.cs(43,17): error CA1848: For improved performance, use the LoggerMessage delegates instead of calling 'LoggerExtensions.LogDebug(ILogger, string?, params object?[])' (https://learn.microsoft.com/dotnet/fundamentals/code-analysis/quality-rules/ca1848) [/home/runner/work/trading-bot-c-/trading-bot-c-/src/BotCore/BotCore.csproj]
/home/runner/work/trading-bot-c-/trading-bot-c-/src/BotCore/Services/ContractService.cs(70,13): error CA1848: For improved performance, use the LoggerMessage delegates instead of calling 'LoggerExtensions.LogWarning(ILogger, string?, params object?[])' (https://learn.microsoft.com/dotnet/fundamentals/code-analysis/quality-rules/ca1848) [/home/runner/work/trading-bot-c-/trading-bot-c-/src/BotCore/BotCore.csproj]
/home/runner/work/trading-bot-c-/trading-bot-c-/src/BotCore/Services/ContractService.cs(89,13): error CA1848: For improved performance, use the LoggerMessage delegates instead of calling 'LoggerExtensions.LogError(ILogger, string?, params object?[])' (https://learn.microsoft.com/dotnet/fundamentals/code-analysis/quality-rules/ca1848) [/home/runner/work/trading-bot-c-/trading-bot-c-/src/BotCore/BotCore.csproj]
/home/runner/work/trading-bot-c-/trading-bot-c-/src/BotCore/Services/ContractService.cs(94,13): error CA1848: For improved performance, use the LoggerMessage delegates instead of calling 'LoggerExtensions.LogError(ILogger, Exception?, string?, params object?[])' (https://learn.microsoft.com/dotnet/fundamentals/code-analysis/quality-rules/ca1848) [/home/runner/work/trading-bot-c-/trading-bot-c-/src/BotCore/BotCore.csproj]
/home/runner/work/trading-bot-c-/trading-bot-c-/src/BotCore/Services/ContractService.cs(92,9): error CA1031: Modify 'ResolveContractAsync' to catch a more specific allowed exception type, or rethrow the exception (https://learn.microsoft.com/dotnet/fundamentals/code-analysis/quality-rules/ca1031) [/home/runner/work/trading-bot-c-/trading-bot-c-/src/BotCore/BotCore.csproj]
/home/runner/work/trading-bot-c-/trading-bot-c-/src/BotCore/Services/EnhancedBacktestService.cs(67,13): error CA1848: For improved performance, use the LoggerMessage delegates instead of calling 'LoggerExtensions.LogInformation(ILogger, string?, params object?[])' (https://learn.microsoft.com/dotnet/fundamentals/code-analysis/quality-rules/ca1848) [/home/runner/work/trading-bot-c-/trading-bot-c-/src/BotCore/BotCore.csproj]
/home/runner/work/trading-bot-c-/trading-bot-c-/src/BotCore/Services/EnhancedBacktestService.cs(104,17): error CA1848: For improved performance, use the LoggerMessage delegates instead of calling 'LoggerExtensions.LogInformation(ILogger, string?, params object?[])' (https://learn.microsoft.com/dotnet/fundamentals/code-analysis/quality-rules/ca1848) [/home/runner/work/trading-bot-c-/trading-bot-c-/src/BotCore/BotCore.csproj]
/home/runner/work/trading-bot-c-/trading-bot-c-/src/BotCore/Services/EnhancedMarketDataFlowService.cs(203,17): error CA1848: For improved performance, use the LoggerMessage delegates instead of calling 'LoggerExtensions.LogError(ILogger, Exception?, string?, params object?[])' (https://learn.microsoft.com/dotnet/fundamentals/code-analysis/quality-rules/ca1848) [/home/runner/work/trading-bot-c-/trading-bot-c-/src/BotCore/BotCore.csproj]
/home/runner/work/trading-bot-c-/trading-bot-c-/src/BotCore/Services/EnhancedMarketDataFlowService.cs(201,13): error CA1031: Modify 'GetHealthStatusAsync' to catch a more specific allowed exception type, or rethrow the exception (https://learn.microsoft.com/dotnet/fundamentals/code-analysis/quality-rules/ca1031) [/home/runner/work/trading-bot-c-/trading-bot-c-/src/BotCore/BotCore.csproj]
/home/runner/work/trading-bot-c-/trading-bot-c-/src/BotCore/Services/EmergencyStopSystem.cs(115,17): error CA1848: For improved performance, use the LoggerMessage delegates instead of calling 'LoggerExtensions.LogDebug(ILogger, string?, params object?[])' (https://learn.microsoft.com/dotnet/fundamentals/code-analysis/quality-rules/ca1848) [/home/runner/work/trading-bot-c-/trading-bot-c-/src/BotCore/BotCore.csproj]
/home/runner/work/trading-bot-c-/trading-bot-c-/src/BotCore/Services/EmergencyStopSystem.cs(119,17): error CA1848: For improved performance, use the LoggerMessage delegates instead of calling 'LoggerExtensions.LogError(ILogger, Exception?, string?, params object?[])' (https://learn.microsoft.com/dotnet/fundamentals/code-analysis/quality-rules/ca1848) [/home/runner/work/trading-bot-c-/trading-bot-c-/src/BotCore/BotCore.csproj]
/home/runner/work/trading-bot-c-/trading-bot-c-/src/BotCore/Services/EmergencyStopSystem.cs(123,17): error CA1848: For improved performance, use the LoggerMessage delegates instead of calling 'LoggerExtensions.LogError(ILogger, Exception?, string?, params object?[])' (https://learn.microsoft.com/dotnet/fundamentals/code-analysis/quality-rules/ca1848) [/home/runner/work/trading-bot-c-/trading-bot-c-/src/BotCore/BotCore.csproj]
/home/runner/work/trading-bot-c-/trading-bot-c-/src/BotCore/Services/EmergencyStopSystem.cs(127,17): error CA1848: For improved performance, use the LoggerMessage delegates instead of calling 'LoggerExtensions.LogError(ILogger, Exception?, string?, params object?[])' (https://learn.microsoft.com/dotnet/fundamentals/code-analysis/quality-rules/ca1848) [/home/runner/work/trading-bot-c-/trading-bot-c-/src/BotCore/BotCore.csproj]
/home/runner/work/trading-bot-c-/trading-bot-c-/src/BotCore/Services/EmergencyStopSystem.cs(131,17): error CA1848: For improved performance, use the LoggerMessage delegates instead of calling 'LoggerExtensions.LogError(ILogger, Exception?, string?, params object?[])' (https://learn.microsoft.com/dotnet/fundamentals/code-analysis/quality-rules/ca1848) [/home/runner/work/trading-bot-c-/trading-bot-c-/src/BotCore/BotCore.csproj]
/home/runner/work/trading-bot-c-/trading-bot-c-/src/BotCore/Services/EmergencyStopSystem.cs(137,13): error CA1848: For improved performance, use the LoggerMessage delegates instead of calling 'LoggerExtensions.LogWarning(ILogger, string?, params object?[])' (https://learn.microsoft.com/dotnet/fundamentals/code-analysis/quality-rules/ca1848) [/home/runner/work/trading-bot-c-/trading-bot-c-/src/BotCore/BotCore.csproj]
/home/runner/work/trading-bot-c-/trading-bot-c-/src/BotCore/Services/MasterDecisionOrchestrator.cs(1089,24): error S1541: The Cyclomatic Complexity of this method is 12 which is greater than 10 authorized. (https://rules.sonarsource.com/csharp/RSPEC-1541) [/home/runner/work/trading-bot-c-/trading-bot-c-/src/BotCore/BotCore.csproj]
/home/runner/work/trading-bot-c-/trading-bot-c-/src/BotCore/Services/EmergencyStopSystem.cs(152,17): error CA1848: For improved performance, use the LoggerMessage delegates instead of calling 'LoggerExtensions.LogError(ILogger, Exception?, string?, params object?[])' (https://learn.microsoft.com/dotnet/fundamentals/code-analysis/quality-rules/ca1848) [/home/runner/work/trading-bot-c-/trading-bot-c-/src/BotCore/BotCore.csproj]
/home/runner/work/trading-bot-c-/trading-bot-c-/src/BotCore/Services/EmergencyStopSystem.cs(156,17): error CA1848: For improved performance, use the LoggerMessage delegates instead of calling 'LoggerExtensions.LogError(ILogger, Exception?, string?, params object?[])' (https://learn.microsoft.com/dotnet/fundamentals/code-analysis/quality-rules/ca1848) [/home/runner/work/trading-bot-c-/trading-bot-c-/src/BotCore/BotCore.csproj]
/home/runner/work/trading-bot-c-/trading-bot-c-/src/BotCore/Services/EmergencyStopSystem.cs(160,17): error CA1848: For improved performance, use the LoggerMessage delegates instead of calling 'LoggerExtensions.LogError(ILogger, Exception?, string?, params object?[])' (https://learn.microsoft.com/dotnet/fundamentals/code-analysis/quality-rules/ca1848) [/home/runner/work/trading-bot-c-/trading-bot-c-/src/BotCore/BotCore.csproj]
/home/runner/work/trading-bot-c-/trading-bot-c-/src/BotCore/Services/MasterDecisionOrchestrator.cs(1105,13): error CA1848: For improved performance, use the LoggerMessage delegates instead of calling 'LoggerExtensions.LogDebug(ILogger, string?, params object?[])' (https://learn.microsoft.com/dotnet/fundamentals/code-analysis/quality-rules/ca1848) [/home/runner/work/trading-bot-c-/trading-bot-c-/src/BotCore/BotCore.csproj]
/home/runner/work/trading-bot-c-/trading-bot-c-/src/BotCore/Services/MasterDecisionOrchestrator.cs(1118,9): error CA1848: For improved performance, use the LoggerMessage delegates instead of calling 'LoggerExtensions.LogInformation(ILogger, string?, params object?[])' (https://learn.microsoft.com/dotnet/fundamentals/code-analysis/quality-rules/ca1848) [/home/runner/work/trading-bot-c-/trading-bot-c-/src/BotCore/BotCore.csproj]
/home/runner/work/trading-bot-c-/trading-bot-c-/src/BotCore/Services/MasterDecisionOrchestrator.cs(1138,13): error CA1848: For improved performance, use the LoggerMessage delegates instead of calling 'LoggerExtensions.LogWarning(ILogger, string?, params object?[])' (https://learn.microsoft.com/dotnet/fundamentals/code-analysis/quality-rules/ca1848) [/home/runner/work/trading-bot-c-/trading-bot-c-/src/BotCore/BotCore.csproj]
/home/runner/work/trading-bot-c-/trading-bot-c-/src/BotCore/Services/MasterDecisionOrchestrator.cs(1145,13): error CA1848: For improved performance, use the LoggerMessage delegates instead of calling 'LoggerExtensions.LogInformation(ILogger, string?, params object?[])' (https://learn.microsoft.com/dotnet/fundamentals/code-analysis/quality-rules/ca1848) [/home/runner/work/trading-bot-c-/trading-bot-c-/src/BotCore/BotCore.csproj]
/home/runner/work/trading-bot-c-/trading-bot-c-/src/BotCore/Services/ModelEnsembleService.cs(622,13): error CA1848: For improved performance, use the LoggerMessage delegates instead of calling 'LoggerExtensions.LogDebug(ILogger, string?, params object?[])' (https://learn.microsoft.com/dotnet/fundamentals/code-analysis/quality-rules/ca1848) [/home/runner/work/trading-bot-c-/trading-bot-c-/src/BotCore/BotCore.csproj]
/home/runner/work/trading-bot-c-/trading-bot-c-/src/BotCore/Services/EnhancedMarketDataFlowService.cs(222,17): error CA1848: For improved performance, use the LoggerMessage delegates instead of calling 'LoggerExtensions.LogInformation(ILogger, string?, params object?[])' (https://learn.microsoft.com/dotnet/fundamentals/code-analysis/quality-rules/ca1848) [/home/runner/work/trading-bot-c-/trading-bot-c-/src/BotCore/BotCore.csproj]
/home/runner/work/trading-bot-c-/trading-bot-c-/src/BotCore/Services/EnhancedMarketDataFlowService.cs(228,21): error CA1848: For improved performance, use the LoggerMessage delegates instead of calling 'LoggerExtensions.LogDebug(ILogger, string?, params object?[])' (https://learn.microsoft.com/dotnet/fundamentals/code-analysis/quality-rules/ca1848) [/home/runner/work/trading-bot-c-/trading-bot-c-/src/BotCore/BotCore.csproj]
/home/runner/work/trading-bot-c-/trading-bot-c-/src/BotCore/Services/EnhancedMarketDataFlowService.cs(240,21): error CA1848: For improved performance, use the LoggerMessage delegates instead of calling 'LoggerExtensions.LogWarning(ILogger, string?, params object?[])' (https://learn.microsoft.com/dotnet/fundamentals/code-analysis/quality-rules/ca1848) [/home/runner/work/trading-bot-c-/trading-bot-c-/src/BotCore/BotCore.csproj]
/home/runner/work/trading-bot-c-/trading-bot-c-/src/BotCore/Services/EnhancedMarketDataFlowService.cs(246,17): error CA1848: For improved performance, use the LoggerMessage delegates instead of calling 'LoggerExtensions.LogError(ILogger, Exception?, string?, params object?[])' (https://learn.microsoft.com/dotnet/fundamentals/code-analysis/quality-rules/ca1848) [/home/runner/work/trading-bot-c-/trading-bot-c-/src/BotCore/BotCore.csproj]
/home/runner/work/trading-bot-c-/trading-bot-c-/src/BotCore/Services/EnhancedMarketDataFlowService.cs(244,13): error CA1031: Modify 'EnsureDataFlowHealthAsync' to catch a more specific allowed exception type, or rethrow the exception (https://learn.microsoft.com/dotnet/fundamentals/code-analysis/quality-rules/ca1031) [/home/runner/work/trading-bot-c-/trading-bot-c-/src/BotCore/BotCore.csproj]
/home/runner/work/trading-bot-c-/trading-bot-c-/src/BotCore/Services/EnhancedBacktestService.cs(167,13): error CA1848: For improved performance, use the LoggerMessage delegates instead of calling 'LoggerExtensions.LogTrace(ILogger, string?, params object?[])' (https://learn.microsoft.com/dotnet/fundamentals/code-analysis/quality-rules/ca1848) [/home/runner/work/trading-bot-c-/trading-bot-c-/src/BotCore/BotCore.csproj]
/home/runner/work/trading-bot-c-/trading-bot-c-/src/BotCore/Services/ContractService.cs(116,25): error CA1848: For improved performance, use the LoggerMessage delegates instead of calling 'LoggerExtensions.LogInformation(ILogger, string?, params object?[])' (https://learn.microsoft.com/dotnet/fundamentals/code-analysis/quality-rules/ca1848) [/home/runner/work/trading-bot-c-/trading-bot-c-/src/BotCore/BotCore.csproj]
/home/runner/work/trading-bot-c-/trading-bot-c-/src/BotCore/Services/ContractService.cs(121,17): error CA1848: For improved performance, use the LoggerMessage delegates instead of calling 'LoggerExtensions.LogDebug(ILogger, string?, params object?[])' (https://learn.microsoft.com/dotnet/fundamentals/code-analysis/quality-rules/ca1848) [/home/runner/work/trading-bot-c-/trading-bot-c-/src/BotCore/BotCore.csproj]
/home/runner/work/trading-bot-c-/trading-bot-c-/src/BotCore/Services/ContractService.cs(125,13): error CA1848: For improved performance, use the LoggerMessage delegates instead of calling 'LoggerExtensions.LogWarning(ILogger, string?, params object?[])' (https://learn.microsoft.com/dotnet/fundamentals/code-analysis/quality-rules/ca1848) [/home/runner/work/trading-bot-c-/trading-bot-c-/src/BotCore/BotCore.csproj]
/home/runner/work/trading-bot-c-/trading-bot-c-/src/BotCore/Services/ContractService.cs(130,13): error CA1848: For improved performance, use the LoggerMessage delegates instead of calling 'LoggerExtensions.LogError(ILogger, Exception?, string?, params object?[])' (https://learn.microsoft.com/dotnet/fundamentals/code-analysis/quality-rules/ca1848) [/home/runner/work/trading-bot-c-/trading-bot-c-/src/BotCore/BotCore.csproj]
/home/runner/work/trading-bot-c-/trading-bot-c-/src/BotCore/Services/EmergencyStopSystem.cs(174,13): error CA1848: For improved performance, use the LoggerMessage delegates instead of calling 'LoggerExtensions.LogCritical(ILogger, string?, params object?[])' (https://learn.microsoft.com/dotnet/fundamentals/code-analysis/quality-rules/ca1848) [/home/runner/work/trading-bot-c-/trading-bot-c-/src/BotCore/BotCore.csproj]
/home/runner/work/trading-bot-c-/trading-bot-c-/src/BotCore/Services/EmergencyStopSystem.cs(189,17): error CA1848: For improved performance, use the LoggerMessage delegates instead of calling 'LoggerExtensions.LogCritical(ILogger, string?, params object?[])' (https://learn.microsoft.com/dotnet/fundamentals/code-analysis/quality-rules/ca1848) [/home/runner/work/trading-bot-c-/trading-bot-c-/src/BotCore/BotCore.csproj]
/home/runner/work/trading-bot-c-/trading-bot-c-/src/BotCore/Services/EmergencyStopSystem.cs(193,17): error CA1848: For improved performance, use the LoggerMessage delegates instead of calling 'LoggerExtensions.LogError(ILogger, Exception?, string?, params object?[])' (https://learn.microsoft.com/dotnet/fundamentals/code-analysis/quality-rules/ca1848) [/home/runner/work/trading-bot-c-/trading-bot-c-/src/BotCore/BotCore.csproj]
/home/runner/work/trading-bot-c-/trading-bot-c-/src/BotCore/Services/EmergencyStopSystem.cs(200,17): error CA1848: For improved performance, use the LoggerMessage delegates instead of calling 'LoggerExtensions.LogInformation(ILogger, string?, params object?[])' (https://learn.microsoft.com/dotnet/fundamentals/code-analysis/quality-rules/ca1848) [/home/runner/work/trading-bot-c-/trading-bot-c-/src/BotCore/BotCore.csproj]
/home/runner/work/trading-bot-c-/trading-bot-c-/src/BotCore/Services/EmergencyStopSystem.cs(204,17): error CA1848: For improved performance, use the LoggerMessage delegates instead of calling 'LoggerExtensions.LogError(ILogger, Exception?, string?, params object?[])' (https://learn.microsoft.com/dotnet/fundamentals/code-analysis/quality-rules/ca1848) [/home/runner/work/trading-bot-c-/trading-bot-c-/src/BotCore/BotCore.csproj]
/home/runner/work/trading-bot-c-/trading-bot-c-/src/BotCore/Services/ContractService.cs(128,9): error CA1031: Modify 'TryAvailableFirstAsync' to catch a more specific allowed exception type, or rethrow the exception (https://learn.microsoft.com/dotnet/fundamentals/code-analysis/quality-rules/ca1031) [/home/runner/work/trading-bot-c-/trading-bot-c-/src/BotCore/BotCore.csproj]
/home/runner/work/trading-bot-c-/trading-bot-c-/src/BotCore/Services/EmergencyStopSystem.cs(191,13): error CA1031: Modify 'TriggerEmergencyStop' to catch a more specific allowed exception type, or rethrow the exception (https://learn.microsoft.com/dotnet/fundamentals/code-analysis/quality-rules/ca1031) [/home/runner/work/trading-bot-c-/trading-bot-c-/src/BotCore/BotCore.csproj]
/home/runner/work/trading-bot-c-/trading-bot-c-/src/BotCore/Services/EmergencyStopSystem.cs(202,13): error CA1031: Modify 'TriggerEmergencyStop' to catch a more specific allowed exception type, or rethrow the exception (https://learn.microsoft.com/dotnet/fundamentals/code-analysis/quality-rules/ca1031) [/home/runner/work/trading-bot-c-/trading-bot-c-/src/BotCore/BotCore.csproj]
/home/runner/work/trading-bot-c-/trading-bot-c-/src/BotCore/Services/HistoricalDataBridgeService.cs(568,48): error SCS0005: Weak random number generator. (https://security-code-scan.github.io/#SCS0005) [/home/runner/work/trading-bot-c-/trading-bot-c-/src/BotCore/BotCore.csproj]
/home/runner/work/trading-bot-c-/trading-bot-c-/src/BotCore/Services/HistoricalDataBridgeService.cs(579,36): error SCS0005: Weak random number generator. (https://security-code-scan.github.io/#SCS0005) [/home/runner/work/trading-bot-c-/trading-bot-c-/src/BotCore/BotCore.csproj]
/home/runner/work/trading-bot-c-/trading-bot-c-/src/BotCore/Services/HistoricalDataBridgeService.cs(568,48): error CA5394: Random is an insecure random number generator. Use cryptographically secure random number generators when randomness is required for security. (https://learn.microsoft.com/dotnet/fundamentals/code-analysis/quality-rules/ca5394) [/home/runner/work/trading-bot-c-/trading-bot-c-/src/BotCore/BotCore.csproj]
/home/runner/work/trading-bot-c-/trading-bot-c-/src/BotCore/Services/HistoricalDataBridgeService.cs(579,36): error CA5394: Random is an insecure random number generator. Use cryptographically secure random number generators when randomness is required for security. (https://learn.microsoft.com/dotnet/fundamentals/code-analysis/quality-rules/ca5394) [/home/runner/work/trading-bot-c-/trading-bot-c-/src/BotCore/BotCore.csproj]
/home/runner/work/trading-bot-c-/trading-bot-c-/src/BotCore/Services/ExecutionAnalyzer.cs(319,13): error CA1848: For improved performance, use the LoggerMessage delegates instead of calling 'LoggerExtensions.LogError(ILogger, Exception?, string?, params object?[])' (https://learn.microsoft.com/dotnet/fundamentals/code-analysis/quality-rules/ca1848) [/home/runner/work/trading-bot-c-/trading-bot-c-/src/BotCore/BotCore.csproj]
/home/runner/work/trading-bot-c-/trading-bot-c-/src/BotCore/Services/ExecutionAnalyzer.cs(323,13): error CA1848: For improved performance, use the LoggerMessage delegates instead of calling 'LoggerExtensions.LogError(ILogger, Exception?, string?, params object?[])' (https://learn.microsoft.com/dotnet/fundamentals/code-analysis/quality-rules/ca1848) [/home/runner/work/trading-bot-c-/trading-bot-c-/src/BotCore/BotCore.csproj]
/home/runner/work/trading-bot-c-/trading-bot-c-/src/BotCore/Services/ExecutionAnalyzer.cs(327,13): error CA1848: For improved performance, use the LoggerMessage delegates instead of calling 'LoggerExtensions.LogError(ILogger, Exception?, string?, params object?[])' (https://learn.microsoft.com/dotnet/fundamentals/code-analysis/quality-rules/ca1848) [/home/runner/work/trading-bot-c-/trading-bot-c-/src/BotCore/BotCore.csproj]
/home/runner/work/trading-bot-c-/trading-bot-c-/src/BotCore/Services/PerformanceTracker.cs(598,21): error CA1848: For improved performance, use the LoggerMessage delegates instead of calling 'LoggerExtensions.LogWarning(ILogger, Exception?, string?, params object?[])' (https://learn.microsoft.com/dotnet/fundamentals/code-analysis/quality-rules/ca1848) [/home/runner/work/trading-bot-c-/trading-bot-c-/src/BotCore/BotCore.csproj]
/home/runner/work/trading-bot-c-/trading-bot-c-/src/BotCore/Services/PerformanceTracker.cs(602,21): error CA1848: For improved performance, use the LoggerMessage delegates instead of calling 'LoggerExtensions.LogWarning(ILogger, Exception?, string?, params object?[])' (https://learn.microsoft.com/dotnet/fundamentals/code-analysis/quality-rules/ca1848) [/home/runner/work/trading-bot-c-/trading-bot-c-/src/BotCore/BotCore.csproj]
/home/runner/work/trading-bot-c-/trading-bot-c-/src/BotCore/Services/PerformanceTracker.cs(610,13): error CA1848: For improved performance, use the LoggerMessage delegates instead of calling 'LoggerExtensions.LogError(ILogger, Exception?, string?, params object?[])' (https://learn.microsoft.com/dotnet/fundamentals/code-analysis/quality-rules/ca1848) [/home/runner/work/trading-bot-c-/trading-bot-c-/src/BotCore/BotCore.csproj]
/home/runner/work/trading-bot-c-/trading-bot-c-/src/BotCore/Services/PerformanceTracker.cs(615,13): error CA1848: For improved performance, use the LoggerMessage delegates instead of calling 'LoggerExtensions.LogError(ILogger, Exception?, string?, params object?[])' (https://learn.microsoft.com/dotnet/fundamentals/code-analysis/quality-rules/ca1848) [/home/runner/work/trading-bot-c-/trading-bot-c-/src/BotCore/BotCore.csproj]
/home/runner/work/trading-bot-c-/trading-bot-c-/src/BotCore/Services/PerformanceTracker.cs(620,13): error CA1848: For improved performance, use the LoggerMessage delegates instead of calling 'LoggerExtensions.LogError(ILogger, Exception?, string?, params object?[])' (https://learn.microsoft.com/dotnet/fundamentals/code-analysis/quality-rules/ca1848) [/home/runner/work/trading-bot-c-/trading-bot-c-/src/BotCore/BotCore.csproj]
/home/runner/work/trading-bot-c-/trading-bot-c-/src/BotCore/Services/EnhancedMarketDataFlowService.cs(261,21): error CA1848: For improved performance, use the LoggerMessage delegates instead of calling 'LoggerExtensions.LogDebug(ILogger, string?, params object?[])' (https://learn.microsoft.com/dotnet/fundamentals/code-analysis/quality-rules/ca1848) [/home/runner/work/trading-bot-c-/trading-bot-c-/src/BotCore/BotCore.csproj]
/home/runner/work/trading-bot-c-/trading-bot-c-/src/BotCore/Services/EnhancedMarketDataFlowService.cs(265,17): error CA1848: For improved performance, use the LoggerMessage delegates instead of calling 'LoggerExtensions.LogInformation(ILogger, string?, params object?[])' (https://learn.microsoft.com/dotnet/fundamentals/code-analysis/quality-rules/ca1848) [/home/runner/work/trading-bot-c-/trading-bot-c-/src/BotCore/BotCore.csproj]
/home/runner/work/trading-bot-c-/trading-bot-c-/src/BotCore/Services/EnhancedMarketDataFlowService.cs(278,17): error CA1848: For improved performance, use the LoggerMessage delegates instead of calling 'LoggerExtensions.LogInformation(ILogger, string?, params object?[])' (https://learn.microsoft.com/dotnet/fundamentals/code-analysis/quality-rules/ca1848) [/home/runner/work/trading-bot-c-/trading-bot-c-/src/BotCore/BotCore.csproj]
/home/runner/work/trading-bot-c-/trading-bot-c-/src/BotCore/Services/EnhancedMarketDataFlowService.cs(282,17): error CA1848: For improved performance, use the LoggerMessage delegates instead of calling 'LoggerExtensions.LogError(ILogger, Exception?, string?, params object?[])' (https://learn.microsoft.com/dotnet/fundamentals/code-analysis/quality-rules/ca1848) [/home/runner/work/trading-bot-c-/trading-bot-c-/src/BotCore/BotCore.csproj]
/home/runner/work/trading-bot-c-/trading-bot-c-/src/BotCore/Services/EnhancedMarketDataFlowService.cs(280,13): error CA1031: Modify 'RequestSnapshotDataAsync' to catch a more specific allowed exception type, or rethrow the exception (https://learn.microsoft.com/dotnet/fundamentals/code-analysis/quality-rules/ca1031) [/home/runner/work/trading-bot-c-/trading-bot-c-/src/BotCore/BotCore.csproj]
/home/runner/work/trading-bot-c-/trading-bot-c-/src/BotCore/Services/ModelEnsembleService.cs(708,44): error SCS0005: Weak random number generator. (https://security-code-scan.github.io/#SCS0005) [/home/runner/work/trading-bot-c-/trading-bot-c-/src/BotCore/BotCore.csproj]
/home/runner/work/trading-bot-c-/trading-bot-c-/src/BotCore/Services/ModelEnsembleService.cs(716,35): error SCS0005: Weak random number generator. (https://security-code-scan.github.io/#SCS0005) [/home/runner/work/trading-bot-c-/trading-bot-c-/src/BotCore/BotCore.csproj]
/home/runner/work/trading-bot-c-/trading-bot-c-/src/BotCore/Services/EnhancedBacktestService.cs(196,35): error SCS0005: Weak random number generator. (https://security-code-scan.github.io/#SCS0005) [/home/runner/work/trading-bot-c-/trading-bot-c-/src/BotCore/BotCore.csproj]
/home/runner/work/trading-bot-c-/trading-bot-c-/src/BotCore/Services/ModelEnsembleService.cs(708,44): error CA5394: Random is an insecure random number generator. Use cryptographically secure random number generators when randomness is required for security. (https://learn.microsoft.com/dotnet/fundamentals/code-analysis/quality-rules/ca5394) [/home/runner/work/trading-bot-c-/trading-bot-c-/src/BotCore/BotCore.csproj]
/home/runner/work/trading-bot-c-/trading-bot-c-/src/BotCore/Services/ModelEnsembleService.cs(716,35): error CA5394: Random is an insecure random number generator. Use cryptographically secure random number generators when randomness is required for security. (https://learn.microsoft.com/dotnet/fundamentals/code-analysis/quality-rules/ca5394) [/home/runner/work/trading-bot-c-/trading-bot-c-/src/BotCore/BotCore.csproj]
/home/runner/work/trading-bot-c-/trading-bot-c-/src/BotCore/Services/EnhancedBacktestService.cs(196,35): error CA5394: Random is an insecure random number generator. Use cryptographically secure random number generators when randomness is required for security. (https://learn.microsoft.com/dotnet/fundamentals/code-analysis/quality-rules/ca5394) [/home/runner/work/trading-bot-c-/trading-bot-c-/src/BotCore/BotCore.csproj]
/home/runner/work/trading-bot-c-/trading-bot-c-/src/BotCore/Services/ContractRolloverService.cs(91,17): error CA1848: For improved performance, use the LoggerMessage delegates instead of calling 'LoggerExtensions.LogDebug(ILogger, string?, params object?[])' (https://learn.microsoft.com/dotnet/fundamentals/code-analysis/quality-rules/ca1848) [/home/runner/work/trading-bot-c-/trading-bot-c-/src/BotCore/BotCore.csproj]
/home/runner/work/trading-bot-c-/trading-bot-c-/src/BotCore/Services/ContractRolloverService.cs(103,25): error CA1848: For improved performance, use the LoggerMessage delegates instead of calling 'LoggerExtensions.LogWarning(ILogger, string?, params object?[])' (https://learn.microsoft.com/dotnet/fundamentals/code-analysis/quality-rules/ca1848) [/home/runner/work/trading-bot-c-/trading-bot-c-/src/BotCore/BotCore.csproj]
/home/runner/work/trading-bot-c-/trading-bot-c-/src/BotCore/Services/ContractRolloverService.cs(110,17): error CA1848: For improved performance, use the LoggerMessage delegates instead of calling 'LoggerExtensions.LogInformation(ILogger, string?, params object?[])' (https://learn.microsoft.com/dotnet/fundamentals/code-analysis/quality-rules/ca1848) [/home/runner/work/trading-bot-c-/trading-bot-c-/src/BotCore/BotCore.csproj]
/home/runner/work/trading-bot-c-/trading-bot-c-/src/BotCore/Services/ContractRolloverService.cs(116,17): error CA1848: For improved performance, use the LoggerMessage delegates instead of calling 'LoggerExtensions.LogError(ILogger, Exception?, string?, params object?[])' (https://learn.microsoft.com/dotnet/fundamentals/code-analysis/quality-rules/ca1848) [/home/runner/work/trading-bot-c-/trading-bot-c-/src/BotCore/BotCore.csproj]
/home/runner/work/trading-bot-c-/trading-bot-c-/src/BotCore/Services/ContractRolloverService.cs(126,17): error CA1848: For improved performance, use the LoggerMessage delegates instead of calling 'LoggerExtensions.LogError(ILogger, Exception?, string?, params object?[])' (https://learn.microsoft.com/dotnet/fundamentals/code-analysis/quality-rules/ca1848) [/home/runner/work/trading-bot-c-/trading-bot-c-/src/BotCore/BotCore.csproj]
/home/runner/work/trading-bot-c-/trading-bot-c-/src/BotCore/Services/EnhancedTradingBrainIntegration.cs(397,122): error S1172: Remove this unused method parameter 'marketContext'. (https://rules.sonarsource.com/csharp/RSPEC-1172) [/home/runner/work/trading-bot-c-/trading-bot-c-/src/BotCore/BotCore.csproj]
/home/runner/work/trading-bot-c-/trading-bot-c-/src/BotCore/Services/OrderExecutionService.cs(1294,28): error S1541: The Cyclomatic Complexity of this method is 14 which is greater than 10 authorized. (https://rules.sonarsource.com/csharp/RSPEC-1541) [/home/runner/work/trading-bot-c-/trading-bot-c-/src/BotCore/BotCore.csproj]
/home/runner/work/trading-bot-c-/trading-bot-c-/src/BotCore/Services/EmergencyStopSystem.cs(251,17): error CA1848: For improved performance, use the LoggerMessage delegates instead of calling 'LoggerExtensions.LogInformation(ILogger, string?, params object?[])' (https://learn.microsoft.com/dotnet/fundamentals/code-analysis/quality-rules/ca1848) [/home/runner/work/trading-bot-c-/trading-bot-c-/src/BotCore/BotCore.csproj]
/home/runner/work/trading-bot-c-/trading-bot-c-/src/BotCore/Services/EmergencyStopSystem.cs(255,17): error CA1848: For improved performance, use the LoggerMessage delegates instead of calling 'LoggerExtensions.LogError(ILogger, Exception?, string?, params object?[])' (https://learn.microsoft.com/dotnet/fundamentals/code-analysis/quality-rules/ca1848) [/home/runner/work/trading-bot-c-/trading-bot-c-/src/BotCore/BotCore.csproj]
/home/runner/work/trading-bot-c-/trading-bot-c-/src/BotCore/Services/EmergencyStopSystem.cs(259,17): error CA1848: For improved performance, use the LoggerMessage delegates instead of calling 'LoggerExtensions.LogError(ILogger, Exception?, string?, params object?[])' (https://learn.microsoft.com/dotnet/fundamentals/code-analysis/quality-rules/ca1848) [/home/runner/work/trading-bot-c-/trading-bot-c-/src/BotCore/BotCore.csproj]
/home/runner/work/trading-bot-c-/trading-bot-c-/src/BotCore/Services/EmergencyStopSystem.cs(263,17): error CA1848: For improved performance, use the LoggerMessage delegates instead of calling 'LoggerExtensions.LogError(ILogger, Exception?, string?, params object?[])' (https://learn.microsoft.com/dotnet/fundamentals/code-analysis/quality-rules/ca1848) [/home/runner/work/trading-bot-c-/trading-bot-c-/src/BotCore/BotCore.csproj]
/home/runner/work/trading-bot-c-/trading-bot-c-/src/BotCore/Services/ModelEnsembleService.cs(735,36): error SCS0005: Weak random number generator. (https://security-code-scan.github.io/#SCS0005) [/home/runner/work/trading-bot-c-/trading-bot-c-/src/BotCore/BotCore.csproj]
/home/runner/work/trading-bot-c-/trading-bot-c-/src/BotCore/Services/ModelEnsembleService.cs(747,38): error SCS0005: Weak random number generator. (https://security-code-scan.github.io/#SCS0005) [/home/runner/work/trading-bot-c-/trading-bot-c-/src/BotCore/BotCore.csproj]
/home/runner/work/trading-bot-c-/trading-bot-c-/src/BotCore/Services/ModelEnsembleService.cs(735,36): error CA5394: Random is an insecure random number generator. Use cryptographically secure random number generators when randomness is required for security. (https://learn.microsoft.com/dotnet/fundamentals/code-analysis/quality-rules/ca5394) [/home/runner/work/trading-bot-c-/trading-bot-c-/src/BotCore/BotCore.csproj]
/home/runner/work/trading-bot-c-/trading-bot-c-/src/BotCore/Services/ModelEnsembleService.cs(747,38): error CA5394: Random is an insecure random number generator. Use cryptographically secure random number generators when randomness is required for security. (https://learn.microsoft.com/dotnet/fundamentals/code-analysis/quality-rules/ca5394) [/home/runner/work/trading-bot-c-/trading-bot-c-/src/BotCore/BotCore.csproj]
/home/runner/work/trading-bot-c-/trading-bot-c-/src/BotCore/Services/OrderExecutionService.cs(1302,17): error CA1848: For improved performance, use the LoggerMessage delegates instead of calling 'LoggerExtensions.LogInformation(ILogger, string?, params object?[])' (https://learn.microsoft.com/dotnet/fundamentals/code-analysis/quality-rules/ca1848) [/home/runner/work/trading-bot-c-/trading-bot-c-/src/BotCore/BotCore.csproj]
/home/runner/work/trading-bot-c-/trading-bot-c-/src/BotCore/Services/OrderExecutionService.cs(1319,17): error CA1848: For improved performance, use the LoggerMessage delegates instead of calling 'LoggerExtensions.LogInformation(ILogger, string?, params object?[])' (https://learn.microsoft.com/dotnet/fundamentals/code-analysis/quality-rules/ca1848) [/home/runner/work/trading-bot-c-/trading-bot-c-/src/BotCore/BotCore.csproj]
/home/runner/work/trading-bot-c-/trading-bot-c-/src/BotCore/Services/OrderExecutionService.cs(1338,21): error CA1848: For improved performance, use the LoggerMessage delegates instead of calling 'LoggerExtensions.LogInformation(ILogger, string?, params object?[])' (https://learn.microsoft.com/dotnet/fundamentals/code-analysis/quality-rules/ca1848) [/home/runner/work/trading-bot-c-/trading-bot-c-/src/BotCore/BotCore.csproj]
/home/runner/work/trading-bot-c-/trading-bot-c-/src/BotCore/Services/OrderExecutionService.cs(1343,21): error CA1848: For improved performance, use the LoggerMessage delegates instead of calling 'LoggerExtensions.LogError(ILogger, string?, params object?[])' (https://learn.microsoft.com/dotnet/fundamentals/code-analysis/quality-rules/ca1848) [/home/runner/work/trading-bot-c-/trading-bot-c-/src/BotCore/BotCore.csproj]
/home/runner/work/trading-bot-c-/trading-bot-c-/src/BotCore/Services/OrderExecutionService.cs(1355,17): error CA1848: For improved performance, use the LoggerMessage delegates instead of calling 'LoggerExtensions.LogInformation(ILogger, string?, params object?[])' (https://learn.microsoft.com/dotnet/fundamentals/code-analysis/quality-rules/ca1848) [/home/runner/work/trading-bot-c-/trading-bot-c-/src/BotCore/BotCore.csproj]
/home/runner/work/trading-bot-c-/trading-bot-c-/src/BotCore/Services/OrderExecutionService.cs(1367,21): error CA1848: For improved performance, use the LoggerMessage delegates instead of calling 'LoggerExtensions.LogInformation(ILogger, string?, params object?[])' (https://learn.microsoft.com/dotnet/fundamentals/code-analysis/quality-rules/ca1848) [/home/runner/work/trading-bot-c-/trading-bot-c-/src/BotCore/BotCore.csproj]
/home/runner/work/trading-bot-c-/trading-bot-c-/src/BotCore/Services/OrderExecutionService.cs(1382,25): error CA1848: For improved performance, use the LoggerMessage delegates instead of calling 'LoggerExtensions.LogError(ILogger, string?, params object?[])' (https://learn.microsoft.com/dotnet/fundamentals/code-analysis/quality-rules/ca1848) [/home/runner/work/trading-bot-c-/trading-bot-c-/src/BotCore/BotCore.csproj]
/home/runner/work/trading-bot-c-/trading-bot-c-/src/BotCore/Services/OrderExecutionService.cs(1388,21): error CA1848: For improved performance, use the LoggerMessage delegates instead of calling 'LoggerExtensions.LogInformation(ILogger, string?, params object?[])' (https://learn.microsoft.com/dotnet/fundamentals/code-analysis/quality-rules/ca1848) [/home/runner/work/trading-bot-c-/trading-bot-c-/src/BotCore/BotCore.csproj]
/home/runner/work/trading-bot-c-/trading-bot-c-/src/BotCore/Services/ExecutionAnalyzer.cs(353,13): error CA1848: For improved performance, use the LoggerMessage delegates instead of calling 'LoggerExtensions.LogError(ILogger, Exception?, string?, params object?[])' (https://learn.microsoft.com/dotnet/fundamentals/code-analysis/quality-rules/ca1848) [/home/runner/work/trading-bot-c-/trading-bot-c-/src/BotCore/BotCore.csproj]
/home/runner/work/trading-bot-c-/trading-bot-c-/src/BotCore/Services/ExecutionAnalyzer.cs(357,13): error CA1848: For improved performance, use the LoggerMessage delegates instead of calling 'LoggerExtensions.LogError(ILogger, Exception?, string?, params object?[])' (https://learn.microsoft.com/dotnet/fundamentals/code-analysis/quality-rules/ca1848) [/home/runner/work/trading-bot-c-/trading-bot-c-/src/BotCore/BotCore.csproj]
/home/runner/work/trading-bot-c-/trading-bot-c-/src/BotCore/Services/ExecutionAnalyzer.cs(361,13): error CA1848: For improved performance, use the LoggerMessage delegates instead of calling 'LoggerExtensions.LogError(ILogger, Exception?, string?, params object?[])' (https://learn.microsoft.com/dotnet/fundamentals/code-analysis/quality-rules/ca1848) [/home/runner/work/trading-bot-c-/trading-bot-c-/src/BotCore/BotCore.csproj]
/home/runner/work/trading-bot-c-/trading-bot-c-/src/BotCore/Services/EmergencyStopSystem.cs(278,21): error CA1848: For improved performance, use the LoggerMessage delegates instead of calling 'LoggerExtensions.LogInformation(ILogger, string?, params object?[])' (https://learn.microsoft.com/dotnet/fundamentals/code-analysis/quality-rules/ca1848) [/home/runner/work/trading-bot-c-/trading-bot-c-/src/BotCore/BotCore.csproj]
/home/runner/work/trading-bot-c-/trading-bot-c-/src/BotCore/Services/EmergencyStopSystem.cs(287,17): error CA1848: For improved performance, use the LoggerMessage delegates instead of calling 'LoggerExtensions.LogWarning(ILogger, string?, params object?[])' (https://learn.microsoft.com/dotnet/fundamentals/code-analysis/quality-rules/ca1848) [/home/runner/work/trading-bot-c-/trading-bot-c-/src/BotCore/BotCore.csproj]
/home/runner/work/trading-bot-c-/trading-bot-c-/src/BotCore/Services/EmergencyStopSystem.cs(292,17): error CA1848: For improved performance, use the LoggerMessage delegates instead of calling 'LoggerExtensions.LogError(ILogger, Exception?, string?, params object?[])' (https://learn.microsoft.com/dotnet/fundamentals/code-analysis/quality-rules/ca1848) [/home/runner/work/trading-bot-c-/trading-bot-c-/src/BotCore/BotCore.csproj]
/home/runner/work/trading-bot-c-/trading-bot-c-/src/BotCore/Services/EmergencyStopSystem.cs(297,17): error CA1848: For improved performance, use the LoggerMessage delegates instead of calling 'LoggerExtensions.LogError(ILogger, Exception?, string?, params object?[])' (https://learn.microsoft.com/dotnet/fundamentals/code-analysis/quality-rules/ca1848) [/home/runner/work/trading-bot-c-/trading-bot-c-/src/BotCore/BotCore.csproj]
/home/runner/work/trading-bot-c-/trading-bot-c-/src/BotCore/Services/EnhancedMarketDataFlowService.cs(293,17): error CA1848: For improved performance, use the LoggerMessage delegates instead of calling 'LoggerExtensions.LogDebug(ILogger, string?, params object?[])' (https://learn.microsoft.com/dotnet/fundamentals/code-analysis/quality-rules/ca1848) [/home/runner/work/trading-bot-c-/trading-bot-c-/src/BotCore/BotCore.csproj]
/home/runner/work/trading-bot-c-/trading-bot-c-/src/BotCore/Services/EnhancedMarketDataFlowService.cs(304,25): error CA1848: For improved performance, use the LoggerMessage delegates instead of calling 'LoggerExtensions.LogDebug(ILogger, string?, params object?[])' (https://learn.microsoft.com/dotnet/fundamentals/code-analysis/quality-rules/ca1848) [/home/runner/work/trading-bot-c-/trading-bot-c-/src/BotCore/BotCore.csproj]
/home/runner/work/trading-bot-c-/trading-bot-c-/src/BotCore/Services/EnhancedMarketDataFlowService.cs(311,17): error CA1848: For improved performance, use the LoggerMessage delegates instead of calling 'LoggerExtensions.LogWarning(ILogger, string?, params object?[])' (https://learn.microsoft.com/dotnet/fundamentals/code-analysis/quality-rules/ca1848) [/home/runner/work/trading-bot-c-/trading-bot-c-/src/BotCore/BotCore.csproj]
/home/runner/work/trading-bot-c-/trading-bot-c-/src/BotCore/Services/EnhancedMarketDataFlowService.cs(316,17): error CA1848: For improved performance, use the LoggerMessage delegates instead of calling 'LoggerExtensions.LogError(ILogger, Exception?, string?, params object?[])' (https://learn.microsoft.com/dotnet/fundamentals/code-analysis/quality-rules/ca1848) [/home/runner/work/trading-bot-c-/trading-bot-c-/src/BotCore/BotCore.csproj]
/home/runner/work/trading-bot-c-/trading-bot-c-/src/BotCore/Services/EnhancedMarketDataFlowService.cs(314,13): error CA1031: Modify 'VerifyDataFlowAsync' to catch a more specific allowed exception type, or rethrow the exception (https://learn.microsoft.com/dotnet/fundamentals/code-analysis/quality-rules/ca1031) [/home/runner/work/trading-bot-c-/trading-bot-c-/src/BotCore/BotCore.csproj]
/home/runner/work/trading-bot-c-/trading-bot-c-/src/BotCore/Services/ComponentHealthMonitoringService.cs(49,13): error CA1848: For improved performance, use the LoggerMessage delegates instead of calling 'LoggerExtensions.LogInformation(ILogger, string?, params object?[])' (https://learn.microsoft.com/dotnet/fundamentals/code-analysis/quality-rules/ca1848) [/home/runner/work/trading-bot-c-/trading-bot-c-/src/BotCore/BotCore.csproj]
/home/runner/work/trading-bot-c-/trading-bot-c-/src/BotCore/Services/ComponentHealthMonitoringService.cs(56,17): error CA1848: For improved performance, use the LoggerMessage delegates instead of calling 'LoggerExtensions.LogWarning(ILogger, string?, params object?[])' (https://learn.microsoft.com/dotnet/fundamentals/code-analysis/quality-rules/ca1848) [/home/runner/work/trading-bot-c-/trading-bot-c-/src/BotCore/BotCore.csproj]
/home/runner/work/trading-bot-c-/trading-bot-c-/src/BotCore/Services/ComponentHealthMonitoringService.cs(60,13): error CA1848: For improved performance, use the LoggerMessage delegates instead of calling 'LoggerExtensions.LogInformation(ILogger, string?, params object?[])' (https://learn.microsoft.com/dotnet/fundamentals/code-analysis/quality-rules/ca1848) [/home/runner/work/trading-bot-c-/trading-bot-c-/src/BotCore/BotCore.csproj]
/home/runner/work/trading-bot-c-/trading-bot-c-/src/BotCore/Services/ComponentHealthMonitoringService.cs(79,21): error CA1848: For improved performance, use the LoggerMessage delegates instead of calling 'LoggerExtensions.LogError(ILogger, Exception?, string?, params object?[])' (https://learn.microsoft.com/dotnet/fundamentals/code-analysis/quality-rules/ca1848) [/home/runner/work/trading-bot-c-/trading-bot-c-/src/BotCore/BotCore.csproj]
/home/runner/work/trading-bot-c-/trading-bot-c-/src/BotCore/Services/ComponentHealthMonitoringService.cs(84,13): error CA1848: For improved performance, use the LoggerMessage delegates instead of calling 'LoggerExtensions.LogInformation(ILogger, string?, params object?[])' (https://learn.microsoft.com/dotnet/fundamentals/code-analysis/quality-rules/ca1848) [/home/runner/work/trading-bot-c-/trading-bot-c-/src/BotCore/BotCore.csproj]
/home/runner/work/trading-bot-c-/trading-bot-c-/src/BotCore/Services/ComponentHealthMonitoringService.cs(88,13): error CA1848: For improved performance, use the LoggerMessage delegates instead of calling 'LoggerExtensions.LogInformation(ILogger, Exception?, string?, params object?[])' (https://learn.microsoft.com/dotnet/fundamentals/code-analysis/quality-rules/ca1848) [/home/runner/work/trading-bot-c-/trading-bot-c-/src/BotCore/BotCore.csproj]
/home/runner/work/trading-bot-c-/trading-bot-c-/src/BotCore/Services/ComponentHealthMonitoringService.cs(92,13): error CA1848: For improved performance, use the LoggerMessage delegates instead of calling 'LoggerExtensions.LogCritical(ILogger, Exception?, string?, params object?[])' (https://learn.microsoft.com/dotnet/fundamentals/code-analysis/quality-rules/ca1848) [/home/runner/work/trading-bot-c-/trading-bot-c-/src/BotCore/BotCore.csproj]
/home/runner/work/trading-bot-c-/trading-bot-c-/src/BotCore/Services/ContractRolloverService.cs(175,17): error CA1848: For improved performance, use the LoggerMessage delegates instead of calling 'LoggerExtensions.LogError(ILogger, Exception?, string?, params object?[])' (https://learn.microsoft.com/dotnet/fundamentals/code-analysis/quality-rules/ca1848) [/home/runner/work/trading-bot-c-/trading-bot-c-/src/BotCore/BotCore.csproj]
/home/runner/work/trading-bot-c-/trading-bot-c-/src/BotCore/Services/ContractRolloverService.cs(180,17): error CA1848: For improved performance, use the LoggerMessage delegates instead of calling 'LoggerExtensions.LogError(ILogger, Exception?, string?, params object?[])' (https://learn.microsoft.com/dotnet/fundamentals/code-analysis/quality-rules/ca1848) [/home/runner/work/trading-bot-c-/trading-bot-c-/src/BotCore/BotCore.csproj]
/home/runner/work/trading-bot-c-/trading-bot-c-/src/BotCore/Services/ContractService.cs(159,25): error CA1848: For improved performance, use the LoggerMessage delegates instead of calling 'LoggerExtensions.LogInformation(ILogger, string?, params object?[])' (https://learn.microsoft.com/dotnet/fundamentals/code-analysis/quality-rules/ca1848) [/home/runner/work/trading-bot-c-/trading-bot-c-/src/BotCore/BotCore.csproj]
/home/runner/work/trading-bot-c-/trading-bot-c-/src/BotCore/Services/ContractService.cs(164,17): error CA1848: For improved performance, use the LoggerMessage delegates instead of calling 'LoggerExtensions.LogWarning(ILogger, string?, params object?[])' (https://learn.microsoft.com/dotnet/fundamentals/code-analysis/quality-rules/ca1848) [/home/runner/work/trading-bot-c-/trading-bot-c-/src/BotCore/BotCore.csproj]
/home/runner/work/trading-bot-c-/trading-bot-c-/src/BotCore/Services/ContractService.cs(168,13): error CA1848: For improved performance, use the LoggerMessage delegates instead of calling 'LoggerExtensions.LogWarning(ILogger, string?, params object?[])' (https://learn.microsoft.com/dotnet/fundamentals/code-analysis/quality-rules/ca1848) [/home/runner/work/trading-bot-c-/trading-bot-c-/src/BotCore/BotCore.csproj]
/home/runner/work/trading-bot-c-/trading-bot-c-/src/BotCore/Services/ContractService.cs(173,13): error CA1848: For improved performance, use the LoggerMessage delegates instead of calling 'LoggerExtensions.LogError(ILogger, Exception?, string?, params object?[])' (https://learn.microsoft.com/dotnet/fundamentals/code-analysis/quality-rules/ca1848) [/home/runner/work/trading-bot-c-/trading-bot-c-/src/BotCore/BotCore.csproj]
/home/runner/work/trading-bot-c-/trading-bot-c-/src/BotCore/Services/ContractService.cs(171,9): error CA1031: Modify 'TrySearchFallbackAsync' to catch a more specific allowed exception type, or rethrow the exception (https://learn.microsoft.com/dotnet/fundamentals/code-analysis/quality-rules/ca1031) [/home/runner/work/trading-bot-c-/trading-bot-c-/src/BotCore/BotCore.csproj]
/home/runner/work/trading-bot-c-/trading-bot-c-/src/BotCore/Services/OrderExecutionService.cs(1402,13): error CA1848: For improved performance, use the LoggerMessage delegates instead of calling 'LoggerExtensions.LogInformation(ILogger, string?, params object?[])' (https://learn.microsoft.com/dotnet/fundamentals/code-analysis/quality-rules/ca1848) [/home/runner/work/trading-bot-c-/trading-bot-c-/src/BotCore/BotCore.csproj]
/home/runner/work/trading-bot-c-/trading-bot-c-/src/BotCore/Services/PerformanceTracker.cs(646,13): error CA1848: For improved performance, use the LoggerMessage delegates instead of calling 'LoggerExtensions.LogError(ILogger, Exception?, string?, params object?[])' (https://learn.microsoft.com/dotnet/fundamentals/code-analysis/quality-rules/ca1848) [/home/runner/work/trading-bot-c-/trading-bot-c-/src/BotCore/BotCore.csproj]
/home/runner/work/trading-bot-c-/trading-bot-c-/src/BotCore/Services/PerformanceTracker.cs(650,13): error CA1848: For improved performance, use the LoggerMessage delegates instead of calling 'LoggerExtensions.LogError(ILogger, Exception?, string?, params object?[])' (https://learn.microsoft.com/dotnet/fundamentals/code-analysis/quality-rules/ca1848) [/home/runner/work/trading-bot-c-/trading-bot-c-/src/BotCore/BotCore.csproj]
/home/runner/work/trading-bot-c-/trading-bot-c-/src/BotCore/Services/PerformanceTracker.cs(654,13): error CA1848: For improved performance, use the LoggerMessage delegates instead of calling 'LoggerExtensions.LogError(ILogger, Exception?, string?, params object?[])' (https://learn.microsoft.com/dotnet/fundamentals/code-analysis/quality-rules/ca1848) [/home/runner/work/trading-bot-c-/trading-bot-c-/src/BotCore/BotCore.csproj]
/home/runner/work/trading-bot-c-/trading-bot-c-/src/BotCore/Services/ModelEnsembleService.cs(781,25): error S3966: Resource 'disposable' has already been disposed explicitly or through a using statement implicitly. Remove the redundant disposal. (https://rules.sonarsource.com/csharp/RSPEC-3966) [/home/runner/work/trading-bot-c-/trading-bot-c-/src/BotCore/BotCore.csproj]
/home/runner/work/trading-bot-c-/trading-bot-c-/src/BotCore/Services/ModelEnsembleService.cs(782,25): error CA1848: For improved performance, use the LoggerMessage delegates instead of calling 'LoggerExtensions.LogDebug(ILogger, string?, params object?[])' (https://learn.microsoft.com/dotnet/fundamentals/code-analysis/quality-rules/ca1848) [/home/runner/work/trading-bot-c-/trading-bot-c-/src/BotCore/BotCore.csproj]
/home/runner/work/trading-bot-c-/trading-bot-c-/src/BotCore/Services/ModelEnsembleService.cs(786,25): error CA1848: For improved performance, use the LoggerMessage delegates instead of calling 'LoggerExtensions.LogWarning(ILogger, Exception?, string?, params object?[])' (https://learn.microsoft.com/dotnet/fundamentals/code-analysis/quality-rules/ca1848) [/home/runner/work/trading-bot-c-/trading-bot-c-/src/BotCore/BotCore.csproj]
/home/runner/work/trading-bot-c-/trading-bot-c-/src/BotCore/Services/ModelEnsembleService.cs(793,13): error CA1848: For improved performance, use the LoggerMessage delegates instead of calling 'LoggerExtensions.LogInformation(ILogger, string?, params object?[])' (https://learn.microsoft.com/dotnet/fundamentals/code-analysis/quality-rules/ca1848) [/home/runner/work/trading-bot-c-/trading-bot-c-/src/BotCore/BotCore.csproj]
/home/runner/work/trading-bot-c-/trading-bot-c-/src/BotCore/Services/ModelEnsembleService.cs(784,21): error CA1031: Modify 'Dispose' to catch a more specific allowed exception type, or rethrow the exception (https://learn.microsoft.com/dotnet/fundamentals/code-analysis/quality-rules/ca1031) [/home/runner/work/trading-bot-c-/trading-bot-c-/src/BotCore/BotCore.csproj]
/home/runner/work/trading-bot-c-/trading-bot-c-/src/BotCore/Services/EmergencyStopSystem.cs(302,30): error CA1816: Change EmergencyStopSystem.Dispose() to call GC.SuppressFinalize(object). This will prevent derived types that introduce a finalizer from needing to re-implement 'IDisposable' to call it. (https://learn.microsoft.com/dotnet/fundamentals/code-analysis/quality-rules/ca1816) [/home/runner/work/trading-bot-c-/trading-bot-c-/src/BotCore/BotCore.csproj]
/home/runner/work/trading-bot-c-/trading-bot-c-/src/BotCore/Services/EnhancedMarketDataFlowService.cs(330,13): error CA1848: For improved performance, use the LoggerMessage delegates instead of calling 'LoggerExtensions.LogInformation(ILogger, string?, params object?[])' (https://learn.microsoft.com/dotnet/fundamentals/code-analysis/quality-rules/ca1848) [/home/runner/work/trading-bot-c-/trading-bot-c-/src/BotCore/BotCore.csproj]
/home/runner/work/trading-bot-c-/trading-bot-c-/src/BotCore/Services/EnhancedMarketDataFlowService.cs(342,17): error CA1848: For improved performance, use the LoggerMessage delegates instead of calling 'LoggerExtensions.LogInformation(ILogger, Exception?, string?, params object?[])' (https://learn.microsoft.com/dotnet/fundamentals/code-analysis/quality-rules/ca1848) [/home/runner/work/trading-bot-c-/trading-bot-c-/src/BotCore/BotCore.csproj]
/home/runner/work/trading-bot-c-/trading-bot-c-/src/BotCore/Services/EnhancedMarketDataFlowService.cs(346,17): error CA1848: For improved performance, use the LoggerMessage delegates instead of calling 'LoggerExtensions.LogError(ILogger, Exception?, string?, params object?[])' (https://learn.microsoft.com/dotnet/fundamentals/code-analysis/quality-rules/ca1848) [/home/runner/work/trading-bot-c-/trading-bot-c-/src/BotCore/BotCore.csproj]
/home/runner/work/trading-bot-c-/trading-bot-c-/src/BotCore/Services/EnhancedMarketDataFlowService.cs(344,13): error CA1031: Modify 'StartHealthMonitoringAsync' to catch a more specific allowed exception type, or rethrow the exception (https://learn.microsoft.com/dotnet/fundamentals/code-analysis/quality-rules/ca1031) [/home/runner/work/trading-bot-c-/trading-bot-c-/src/BotCore/BotCore.csproj]
/home/runner/work/trading-bot-c-/trading-bot-c-/src/BotCore/Services/EnhancedTradingBrainIntegration.cs(435,9): error S1172: Remove this unused method parameter 'originalDecision'. (https://rules.sonarsource.com/csharp/RSPEC-1172) [/home/runner/work/trading-bot-c-/trading-bot-c-/src/BotCore/BotCore.csproj]
/home/runner/work/trading-bot-c-/trading-bot-c-/src/BotCore/Services/ComponentDiscoveryService.cs(42,9): error CA1848: For improved performance, use the LoggerMessage delegates instead of calling 'LoggerExtensions.LogInformation(ILogger, string?, params object?[])' (https://learn.microsoft.com/dotnet/fundamentals/code-analysis/quality-rules/ca1848) [/home/runner/work/trading-bot-c-/trading-bot-c-/src/BotCore/BotCore.csproj]
/home/runner/work/trading-bot-c-/trading-bot-c-/src/BotCore/Services/ComponentDiscoveryService.cs(64,9): error CA1848: For improved performance, use the LoggerMessage delegates instead of calling 'LoggerExtensions.LogInformation(ILogger, string?, params object?[])' (https://learn.microsoft.com/dotnet/fundamentals/code-analysis/quality-rules/ca1848) [/home/runner/work/trading-bot-c-/trading-bot-c-/src/BotCore/BotCore.csproj]
/home/runner/work/trading-bot-c-/trading-bot-c-/src/BotCore/Services/EnhancedBacktestService.cs(311,17): error CA1848: For improved performance, use the LoggerMessage delegates instead of calling 'LoggerExtensions.LogError(ILogger, Exception?, string?, params object?[])' (https://learn.microsoft.com/dotnet/fundamentals/code-analysis/quality-rules/ca1848) [/home/runner/work/trading-bot-c-/trading-bot-c-/src/BotCore/BotCore.csproj]
/home/runner/work/trading-bot-c-/trading-bot-c-/src/BotCore/Services/EnhancedBacktestService.cs(309,13): error CA1031: Modify 'ProcessSignalWithFrictionAsync' to catch a more specific allowed exception type, or rethrow the exception (https://learn.microsoft.com/dotnet/fundamentals/code-analysis/quality-rules/ca1031) [/home/runner/work/trading-bot-c-/trading-bot-c-/src/BotCore/BotCore.csproj]
/home/runner/work/trading-bot-c-/trading-bot-c-/src/BotCore/Services/ContractRolloverService.cs(200,21): error CA1848: For improved performance, use the LoggerMessage delegates instead of calling 'LoggerExtensions.LogInformation(ILogger, string?, params object?[])' (https://learn.microsoft.com/dotnet/fundamentals/code-analysis/quality-rules/ca1848) [/home/runner/work/trading-bot-c-/trading-bot-c-/src/BotCore/BotCore.csproj]
/home/runner/work/trading-bot-c-/trading-bot-c-/src/BotCore/Services/ContractRolloverService.cs(208,17): error CA1848: For improved performance, use the LoggerMessage delegates instead of calling 'LoggerExtensions.LogError(ILogger, Exception?, string?, params object?[])' (https://learn.microsoft.com/dotnet/fundamentals/code-analysis/quality-rules/ca1848) [/home/runner/work/trading-bot-c-/trading-bot-c-/src/BotCore/BotCore.csproj]
/home/runner/work/trading-bot-c-/trading-bot-c-/src/BotCore/Services/ContractRolloverService.cs(213,17): error CA1848: For improved performance, use the LoggerMessage delegates instead of calling 'LoggerExtensions.LogError(ILogger, Exception?, string?, params object?[])' (https://learn.microsoft.com/dotnet/fundamentals/code-analysis/quality-rules/ca1848) [/home/runner/work/trading-bot-c-/trading-bot-c-/src/BotCore/BotCore.csproj]
/home/runner/work/trading-bot-c-/trading-bot-c-/src/BotCore/Services/EnhancedTradingBrainIntegration.cs(490,13): error CA1848: For improved performance, use the LoggerMessage delegates instead of calling 'LoggerExtensions.LogDebug(ILogger, string?, params object?[])' (https://learn.microsoft.com/dotnet/fundamentals/code-analysis/quality-rules/ca1848) [/home/runner/work/trading-bot-c-/trading-bot-c-/src/BotCore/BotCore.csproj]
/home/runner/work/trading-bot-c-/trading-bot-c-/src/BotCore/Services/EnhancedTradingBrainIntegration.cs(495,13): error CA1848: For improved performance, use the LoggerMessage delegates instead of calling 'LoggerExtensions.LogError(ILogger, Exception?, string?, params object?[])' (https://learn.microsoft.com/dotnet/fundamentals/code-analysis/quality-rules/ca1848) [/home/runner/work/trading-bot-c-/trading-bot-c-/src/BotCore/BotCore.csproj]
/home/runner/work/trading-bot-c-/trading-bot-c-/src/BotCore/Services/EnhancedTradingBrainIntegration.cs(493,9): error CA1031: Modify 'SubmitTradingOutcome' to catch a more specific allowed exception type, or rethrow the exception (https://learn.microsoft.com/dotnet/fundamentals/code-analysis/quality-rules/ca1031) [/home/runner/work/trading-bot-c-/trading-bot-c-/src/BotCore/BotCore.csproj]
/home/runner/work/trading-bot-c-/trading-bot-c-/src/BotCore/Services/EnhancedTradingBrainIntegration.cs(525,13): error CA1848: For improved performance, use the LoggerMessage delegates instead of calling 'LoggerExtensions.LogDebug(ILogger, string?, params object?[])' (https://learn.microsoft.com/dotnet/fundamentals/code-analysis/quality-rules/ca1848) [/home/runner/work/trading-bot-c-/trading-bot-c-/src/BotCore/BotCore.csproj]
/home/runner/work/trading-bot-c-/trading-bot-c-/src/BotCore/Services/EnhancedTradingBrainIntegration.cs(530,13): error CA1848: For improved performance, use the LoggerMessage delegates instead of calling 'LoggerExtensions.LogError(ILogger, Exception?, string?, params object?[])' (https://learn.microsoft.com/dotnet/fundamentals/code-analysis/quality-rules/ca1848) [/home/runner/work/trading-bot-c-/trading-bot-c-/src/BotCore/BotCore.csproj]
/home/runner/work/trading-bot-c-/trading-bot-c-/src/BotCore/Services/EnhancedTradingBrainIntegration.cs(528,9): error CA1031: Modify 'SubmitPredictionFeedback' to catch a more specific allowed exception type, or rethrow the exception (https://learn.microsoft.com/dotnet/fundamentals/code-analysis/quality-rules/ca1031) [/home/runner/work/trading-bot-c-/trading-bot-c-/src/BotCore/BotCore.csproj]
/home/runner/work/trading-bot-c-/trading-bot-c-/src/BotCore/Services/MasterDecisionOrchestrator.cs(1154,24): error S1541: The Cyclomatic Complexity of this method is 11 which is greater than 10 authorized. (https://rules.sonarsource.com/csharp/RSPEC-1541) [/home/runner/work/trading-bot-c-/trading-bot-c-/src/BotCore/BotCore.csproj]
/home/runner/work/trading-bot-c-/trading-bot-c-/src/BotCore/Services/MasterDecisionOrchestrator.cs(1154,24): error S138: This method 'ExecuteRollbackAsync' has 98 lines, which is greater than the 80 lines authorized. Split it into smaller methods. (https://rules.sonarsource.com/csharp/RSPEC-138) [/home/runner/work/trading-bot-c-/trading-bot-c-/src/BotCore/BotCore.csproj]
/home/runner/work/trading-bot-c-/trading-bot-c-/src/BotCore/Services/EnhancedMarketDataFlowService.cs(379,17): error CA1848: For improved performance, use the LoggerMessage delegates instead of calling 'LoggerExtensions.LogTrace(ILogger, string?, params object?[])' (https://learn.microsoft.com/dotnet/fundamentals/code-analysis/quality-rules/ca1848) [/home/runner/work/trading-bot-c-/trading-bot-c-/src/BotCore/BotCore.csproj]
/home/runner/work/trading-bot-c-/trading-bot-c-/src/BotCore/Services/EnhancedMarketDataFlowService.cs(383,17): error CA1848: For improved performance, use the LoggerMessage delegates instead of calling 'LoggerExtensions.LogError(ILogger, Exception?, string?, params object?[])' (https://learn.microsoft.com/dotnet/fundamentals/code-analysis/quality-rules/ca1848) [/home/runner/work/trading-bot-c-/trading-bot-c-/src/BotCore/BotCore.csproj]
/home/runner/work/trading-bot-c-/trading-bot-c-/src/BotCore/Services/EnhancedMarketDataFlowService.cs(381,13): error CA1031: Modify 'SimulateMarketDataReceived' to catch a more specific allowed exception type, or rethrow the exception (https://learn.microsoft.com/dotnet/fundamentals/code-analysis/quality-rules/ca1031) [/home/runner/work/trading-bot-c-/trading-bot-c-/src/BotCore/BotCore.csproj]
/home/runner/work/trading-bot-c-/trading-bot-c-/src/BotCore/Services/MasterDecisionOrchestrator.cs(1159,9): error CA1848: For improved performance, use the LoggerMessage delegates instead of calling 'LoggerExtensions.LogError(ILogger, string?, params object?[])' (https://learn.microsoft.com/dotnet/fundamentals/code-analysis/quality-rules/ca1848) [/home/runner/work/trading-bot-c-/trading-bot-c-/src/BotCore/BotCore.csproj]
/home/runner/work/trading-bot-c-/trading-bot-c-/src/BotCore/Services/MasterDecisionOrchestrator.cs(1161,9): error CA1848: For improved performance, use the LoggerMessage delegates instead of calling 'LoggerExtensions.LogError(ILogger, string?, params object?[])' (https://learn.microsoft.com/dotnet/fundamentals/code-analysis/quality-rules/ca1848) [/home/runner/work/trading-bot-c-/trading-bot-c-/src/BotCore/BotCore.csproj]
/home/runner/work/trading-bot-c-/trading-bot-c-/src/BotCore/Services/MasterDecisionOrchestrator.cs(1164,9): error CA1848: For improved performance, use the LoggerMessage delegates instead of calling 'LoggerExtensions.LogError(ILogger, string?, params object?[])' (https://learn.microsoft.com/dotnet/fundamentals/code-analysis/quality-rules/ca1848) [/home/runner/work/trading-bot-c-/trading-bot-c-/src/BotCore/BotCore.csproj]
/home/runner/work/trading-bot-c-/trading-bot-c-/src/BotCore/Services/MasterDecisionOrchestrator.cs(1177,17): error CA1848: For improved performance, use the LoggerMessage delegates instead of calling 'LoggerExtensions.LogError(ILogger, string?, params object?[])' (https://learn.microsoft.com/dotnet/fundamentals/code-analysis/quality-rules/ca1848) [/home/runner/work/trading-bot-c-/trading-bot-c-/src/BotCore/BotCore.csproj]
/home/runner/work/trading-bot-c-/trading-bot-c-/src/BotCore/Services/MasterDecisionOrchestrator.cs(1190,17): error CA1848: For improved performance, use the LoggerMessage delegates instead of calling 'LoggerExtensions.LogError(ILogger, string?, params object?[])' (https://learn.microsoft.com/dotnet/fundamentals/code-analysis/quality-rules/ca1848) [/home/runner/work/trading-bot-c-/trading-bot-c-/src/BotCore/BotCore.csproj]
/home/runner/work/trading-bot-c-/trading-bot-c-/src/BotCore/Services/MasterDecisionOrchestrator.cs(1200,13): error CA1848: For improved performance, use the LoggerMessage delegates instead of calling 'LoggerExtensions.LogInformation(ILogger, string?, params object?[])' (https://learn.microsoft.com/dotnet/fundamentals/code-analysis/quality-rules/ca1848) [/home/runner/work/trading-bot-c-/trading-bot-c-/src/BotCore/BotCore.csproj]
/home/runner/work/trading-bot-c-/trading-bot-c-/src/BotCore/Services/MasterDecisionOrchestrator.cs(1212,17): error CA1848: For improved performance, use the LoggerMessage delegates instead of calling 'LoggerExtensions.LogInformation(ILogger, string?, params object?[])' (https://learn.microsoft.com/dotnet/fundamentals/code-analysis/quality-rules/ca1848) [/home/runner/work/trading-bot-c-/trading-bot-c-/src/BotCore/BotCore.csproj]
/home/runner/work/trading-bot-c-/trading-bot-c-/src/BotCore/Services/MasterDecisionOrchestrator.cs(1226,21): error CA1848: For improved performance, use the LoggerMessage delegates instead of calling 'LoggerExtensions.LogInformation(ILogger, string?, params object?[])' (https://learn.microsoft.com/dotnet/fundamentals/code-analysis/quality-rules/ca1848) [/home/runner/work/trading-bot-c-/trading-bot-c-/src/BotCore/BotCore.csproj]
/home/runner/work/trading-bot-c-/trading-bot-c-/src/BotCore/Services/MasterDecisionOrchestrator.cs(1233,13): error CA1848: For improved performance, use the LoggerMessage delegates instead of calling 'LoggerExtensions.LogWarning(ILogger, string?, params object?[])' (https://learn.microsoft.com/dotnet/fundamentals/code-analysis/quality-rules/ca1848) [/home/runner/work/trading-bot-c-/trading-bot-c-/src/BotCore/BotCore.csproj]
/home/runner/work/trading-bot-c-/trading-bot-c-/src/BotCore/Services/MasterDecisionOrchestrator.cs(1245,17): error CA1848: For improved performance, use the LoggerMessage delegates instead of calling 'LoggerExtensions.LogCritical(ILogger, string?, params object?[])' (https://learn.microsoft.com/dotnet/fundamentals/code-analysis/quality-rules/ca1848) [/home/runner/work/trading-bot-c-/trading-bot-c-/src/BotCore/BotCore.csproj]
/home/runner/work/trading-bot-c-/trading-bot-c-/src/BotCore/Services/MasterDecisionOrchestrator.cs(1254,13): error CA1848: For improved performance, use the LoggerMessage delegates instead of calling 'LoggerExtensions.LogInformation(ILogger, string?, params object?[])' (https://learn.microsoft.com/dotnet/fundamentals/code-analysis/quality-rules/ca1848) [/home/runner/work/trading-bot-c-/trading-bot-c-/src/BotCore/BotCore.csproj]
/home/runner/work/trading-bot-c-/trading-bot-c-/src/BotCore/Services/MasterDecisionOrchestrator.cs(1255,13): error CA1848: For improved performance, use the LoggerMessage delegates instead of calling 'LoggerExtensions.LogInformation(ILogger, string?, params object?[])' (https://learn.microsoft.com/dotnet/fundamentals/code-analysis/quality-rules/ca1848) [/home/runner/work/trading-bot-c-/trading-bot-c-/src/BotCore/BotCore.csproj]
/home/runner/work/trading-bot-c-/trading-bot-c-/src/BotCore/Services/MasterDecisionOrchestrator.cs(1256,13): error CA1848: For improved performance, use the LoggerMessage delegates instead of calling 'LoggerExtensions.LogInformation(ILogger, string?, params object?[])' (https://learn.microsoft.com/dotnet/fundamentals/code-analysis/quality-rules/ca1848) [/home/runner/work/trading-bot-c-/trading-bot-c-/src/BotCore/BotCore.csproj]
/home/runner/work/trading-bot-c-/trading-bot-c-/src/BotCore/Services/MasterDecisionOrchestrator.cs(1257,13): error CA1848: For improved performance, use the LoggerMessage delegates instead of calling 'LoggerExtensions.LogInformation(ILogger, string?, params object?[])' (https://learn.microsoft.com/dotnet/fundamentals/code-analysis/quality-rules/ca1848) [/home/runner/work/trading-bot-c-/trading-bot-c-/src/BotCore/BotCore.csproj]
/home/runner/work/trading-bot-c-/trading-bot-c-/src/BotCore/Services/MasterDecisionOrchestrator.cs(1258,13): error CA1848: For improved performance, use the LoggerMessage delegates instead of calling 'LoggerExtensions.LogInformation(ILogger, string?, params object?[])' (https://learn.microsoft.com/dotnet/fundamentals/code-analysis/quality-rules/ca1848) [/home/runner/work/trading-bot-c-/trading-bot-c-/src/BotCore/BotCore.csproj]
/home/runner/work/trading-bot-c-/trading-bot-c-/src/BotCore/Services/MasterDecisionOrchestrator.cs(1259,13): error CA1848: For improved performance, use the LoggerMessage delegates instead of calling 'LoggerExtensions.LogInformation(ILogger, string?, params object?[])' (https://learn.microsoft.com/dotnet/fundamentals/code-analysis/quality-rules/ca1848) [/home/runner/work/trading-bot-c-/trading-bot-c-/src/BotCore/BotCore.csproj]
/home/runner/work/trading-bot-c-/trading-bot-c-/src/BotCore/Services/MasterDecisionOrchestrator.cs(1262,17): error CA1848: For improved performance, use the LoggerMessage delegates instead of calling 'LoggerExtensions.LogInformation(ILogger, string?, params object?[])' (https://learn.microsoft.com/dotnet/fundamentals/code-analysis/quality-rules/ca1848) [/home/runner/work/trading-bot-c-/trading-bot-c-/src/BotCore/BotCore.csproj]
/home/runner/work/trading-bot-c-/trading-bot-c-/src/BotCore/Services/MasterDecisionOrchestrator.cs(1267,13): error CA1848: For improved performance, use the LoggerMessage delegates instead of calling 'LoggerExtensions.LogError(ILogger, Exception?, string?, params object?[])' (https://learn.microsoft.com/dotnet/fundamentals/code-analysis/quality-rules/ca1848) [/home/runner/work/trading-bot-c-/trading-bot-c-/src/BotCore/BotCore.csproj]
/home/runner/work/trading-bot-c-/trading-bot-c-/src/BotCore/Services/MasterDecisionOrchestrator.cs(1273,13): error CA1848: For improved performance, use the LoggerMessage delegates instead of calling 'LoggerExtensions.LogError(ILogger, Exception?, string?, params object?[])' (https://learn.microsoft.com/dotnet/fundamentals/code-analysis/quality-rules/ca1848) [/home/runner/work/trading-bot-c-/trading-bot-c-/src/BotCore/BotCore.csproj]
/home/runner/work/trading-bot-c-/trading-bot-c-/src/BotCore/Services/ComponentHealthMonitoringService.cs(104,9): error CA1848: For improved performance, use the LoggerMessage delegates instead of calling 'LoggerExtensions.LogDebug(ILogger, string?, params object?[])' (https://learn.microsoft.com/dotnet/fundamentals/code-analysis/quality-rules/ca1848) [/home/runner/work/trading-bot-c-/trading-bot-c-/src/BotCore/BotCore.csproj]
/home/runner/work/trading-bot-c-/trading-bot-c-/src/BotCore/Services/ComponentHealthMonitoringService.cs(131,21): error CA1848: For improved performance, use the LoggerMessage delegates instead of calling 'LoggerExtensions.LogTrace(ILogger, string?, params object?[])' (https://learn.microsoft.com/dotnet/fundamentals/code-analysis/quality-rules/ca1848) [/home/runner/work/trading-bot-c-/trading-bot-c-/src/BotCore/BotCore.csproj]
/home/runner/work/trading-bot-c-/trading-bot-c-/src/BotCore/Services/ComponentHealthMonitoringService.cs(136,17): error CA1848: For improved performance, use the LoggerMessage delegates instead of calling 'LoggerExtensions.LogError(ILogger, Exception?, string?, params object?[])' (https://learn.microsoft.com/dotnet/fundamentals/code-analysis/quality-rules/ca1848) [/home/runner/work/trading-bot-c-/trading-bot-c-/src/BotCore/BotCore.csproj]
/home/runner/work/trading-bot-c-/trading-bot-c-/src/BotCore/Services/ComponentHealthMonitoringService.cs(144,13): error CA1848: For improved performance, use the LoggerMessage delegates instead of calling 'LoggerExtensions.LogWarning(ILogger, string?, params object?[])' (https://learn.microsoft.com/dotnet/fundamentals/code-analysis/quality-rules/ca1848) [/home/runner/work/trading-bot-c-/trading-bot-c-/src/BotCore/BotCore.csproj]
/home/runner/work/trading-bot-c-/trading-bot-c-/src/BotCore/Services/ComponentHealthMonitoringService.cs(149,13): error CA1848: For improved performance, use the LoggerMessage delegates instead of calling 'LoggerExtensions.LogInformation(ILogger, string?, params object?[])' (https://learn.microsoft.com/dotnet/fundamentals/code-analysis/quality-rules/ca1848) [/home/runner/work/trading-bot-c-/trading-bot-c-/src/BotCore/BotCore.csproj]
/home/runner/work/trading-bot-c-/trading-bot-c-/src/BotCore/Services/ComponentHealthMonitoringService.cs(134,13): error CA1031: Modify 'PerformHealthCheckCycleAsync' to catch a more specific allowed exception type, or rethrow the exception (https://learn.microsoft.com/dotnet/fundamentals/code-analysis/quality-rules/ca1031) [/home/runner/work/trading-bot-c-/trading-bot-c-/src/BotCore/BotCore.csproj]
/home/runner/work/trading-bot-c-/trading-bot-c-/src/BotCore/Services/EnhancedTradingBrainIntegration.cs(541,13): error CA1848: For improved performance, use the LoggerMessage delegates instead of calling 'LoggerExtensions.LogInformation(ILogger, string?, params object?[])' (https://learn.microsoft.com/dotnet/fundamentals/code-analysis/quality-rules/ca1848) [/home/runner/work/trading-bot-c-/trading-bot-c-/src/BotCore/BotCore.csproj]
/home/runner/work/trading-bot-c-/trading-bot-c-/src/BotCore/Services/EnhancedTradingBrainIntegration.cs(549,13): error CA1848: For improved performance, use the LoggerMessage delegates instead of calling 'LoggerExtensions.LogInformation(ILogger, string?, params object?[])' (https://learn.microsoft.com/dotnet/fundamentals/code-analysis/quality-rules/ca1848) [/home/runner/work/trading-bot-c-/trading-bot-c-/src/BotCore/BotCore.csproj]
/home/runner/work/trading-bot-c-/trading-bot-c-/src/BotCore/Services/EnhancedTradingBrainIntegration.cs(553,13): error CA1848: For improved performance, use the LoggerMessage delegates instead of calling 'LoggerExtensions.LogError(ILogger, Exception?, string?, params object?[])' (https://learn.microsoft.com/dotnet/fundamentals/code-analysis/quality-rules/ca1848) [/home/runner/work/trading-bot-c-/trading-bot-c-/src/BotCore/BotCore.csproj]
/home/runner/work/trading-bot-c-/trading-bot-c-/src/BotCore/Services/EnhancedTradingBrainIntegration.cs(557,13): error CA1848: For improved performance, use the LoggerMessage delegates instead of calling 'LoggerExtensions.LogWarning(ILogger, string?, params object?[])' (https://learn.microsoft.com/dotnet/fundamentals/code-analysis/quality-rules/ca1848) [/home/runner/work/trading-bot-c-/trading-bot-c-/src/BotCore/BotCore.csproj]
/home/runner/work/trading-bot-c-/trading-bot-c-/src/BotCore/Services/EnhancedTradingBrainIntegration.cs(551,9): error CA1031: Modify 'InitializeAsync' to catch a more specific allowed exception type, or rethrow the exception (https://learn.microsoft.com/dotnet/fundamentals/code-analysis/quality-rules/ca1031) [/home/runner/work/trading-bot-c-/trading-bot-c-/src/BotCore/BotCore.csproj]
/home/runner/work/trading-bot-c-/trading-bot-c-/src/BotCore/Services/ComponentDiscoveryService.cs(72,9): error CA1848: For improved performance, use the LoggerMessage delegates instead of calling 'LoggerExtensions.LogInformation(ILogger, string?, params object?[])' (https://learn.microsoft.com/dotnet/fundamentals/code-analysis/quality-rules/ca1848) [/home/runner/work/trading-bot-c-/trading-bot-c-/src/BotCore/BotCore.csproj]
/home/runner/work/trading-bot-c-/trading-bot-c-/src/BotCore/Services/ComponentDiscoveryService.cs(94,17): error CA1848: For improved performance, use the LoggerMessage delegates instead of calling 'LoggerExtensions.LogDebug(ILogger, string?, params object?[])' (https://learn.microsoft.com/dotnet/fundamentals/code-analysis/quality-rules/ca1848) [/home/runner/work/trading-bot-c-/trading-bot-c-/src/BotCore/BotCore.csproj]
/home/runner/work/trading-bot-c-/trading-bot-c-/src/BotCore/Services/ComponentDiscoveryService.cs(97,13): error CA1848: For improved performance, use the LoggerMessage delegates instead of calling 'LoggerExtensions.LogInformation(ILogger, string?, params object?[])' (https://learn.microsoft.com/dotnet/fundamentals/code-analysis/quality-rules/ca1848) [/home/runner/work/trading-bot-c-/trading-bot-c-/src/BotCore/BotCore.csproj]
/home/runner/work/trading-bot-c-/trading-bot-c-/src/BotCore/Services/ComponentDiscoveryService.cs(101,13): error CA1848: For improved performance, use the LoggerMessage delegates instead of calling 'LoggerExtensions.LogError(ILogger, Exception?, string?, params object?[])' (https://learn.microsoft.com/dotnet/fundamentals/code-analysis/quality-rules/ca1848) [/home/runner/work/trading-bot-c-/trading-bot-c-/src/BotCore/BotCore.csproj]
/home/runner/work/trading-bot-c-/trading-bot-c-/src/BotCore/Services/PositionManagementOptimizer.cs(422,91): error S1172: Remove this unused method parameter 'cancellationToken'. (https://rules.sonarsource.com/csharp/RSPEC-1172) [/home/runner/work/trading-bot-c-/trading-bot-c-/src/BotCore/BotCore.csproj]
/home/runner/work/trading-bot-c-/trading-bot-c-/src/BotCore/Services/PositionManagementOptimizer.cs(462,25): error CA1848: For improved performance, use the LoggerMessage delegates instead of calling 'LoggerExtensions.LogInformation(ILogger, string?, params object?[])' (https://learn.microsoft.com/dotnet/fundamentals/code-analysis/quality-rules/ca1848) [/home/runner/work/trading-bot-c-/trading-bot-c-/src/BotCore/BotCore.csproj]
/home/runner/work/trading-bot-c-/trading-bot-c-/src/BotCore/Services/EnhancedTradingBrainIntegration.cs(573,17): error CA1848: For improved performance, use the LoggerMessage delegates instead of calling 'LoggerExtensions.LogInformation(ILogger, string?, params object?[])' (https://learn.microsoft.com/dotnet/fundamentals/code-analysis/quality-rules/ca1848) [/home/runner/work/trading-bot-c-/trading-bot-c-/src/BotCore/BotCore.csproj]
/home/runner/work/trading-bot-c-/trading-bot-c-/src/BotCore/Services/EnhancedTradingBrainIntegration.cs(585,21): error CA1848: For improved performance, use the LoggerMessage delegates instead of calling 'LoggerExtensions.LogDebug(ILogger, string?, params object?[])' (https://learn.microsoft.com/dotnet/fundamentals/code-analysis/quality-rules/ca1848) [/home/runner/work/trading-bot-c-/trading-bot-c-/src/BotCore/BotCore.csproj]
/home/runner/work/trading-bot-c-/trading-bot-c-/src/BotCore/Services/EnhancedTradingBrainIntegration.cs(591,13): error CA1848: For improved performance, use the LoggerMessage delegates instead of calling 'LoggerExtensions.LogError(ILogger, Exception?, string?, params object?[])' (https://learn.microsoft.com/dotnet/fundamentals/code-analysis/quality-rules/ca1848) [/home/runner/work/trading-bot-c-/trading-bot-c-/src/BotCore/BotCore.csproj]
/home/runner/work/trading-bot-c-/trading-bot-c-/src/BotCore/Services/EnhancedTradingBrainIntegration.cs(589,9): error CA1031: Modify 'LoadDefaultModels' to catch a more specific allowed exception type, or rethrow the exception (https://learn.microsoft.com/dotnet/fundamentals/code-analysis/quality-rules/ca1031) [/home/runner/work/trading-bot-c-/trading-bot-c-/src/BotCore/BotCore.csproj]
/home/runner/work/trading-bot-c-/trading-bot-c-/src/BotCore/Services/EnhancedBacktestService.cs(330,57): error SCS0005: Weak random number generator. (https://security-code-scan.github.io/#SCS0005) [/home/runner/work/trading-bot-c-/trading-bot-c-/src/BotCore/BotCore.csproj]
/home/runner/work/trading-bot-c-/trading-bot-c-/src/BotCore/Services/EnhancedBacktestService.cs(331,75): error SCS0005: Weak random number generator. (https://security-code-scan.github.io/#SCS0005) [/home/runner/work/trading-bot-c-/trading-bot-c-/src/BotCore/BotCore.csproj]
/home/runner/work/trading-bot-c-/trading-bot-c-/src/BotCore/Services/EnhancedBacktestService.cs(331,159): error SCS0005: Weak random number generator. (https://security-code-scan.github.io/#SCS0005) [/home/runner/work/trading-bot-c-/trading-bot-c-/src/BotCore/BotCore.csproj]
/home/runner/work/trading-bot-c-/trading-bot-c-/src/BotCore/Services/EnhancedBacktestService.cs(332,32): error SCS0005: Weak random number generator. (https://security-code-scan.github.io/#SCS0005) [/home/runner/work/trading-bot-c-/trading-bot-c-/src/BotCore/BotCore.csproj]
/home/runner/work/trading-bot-c-/trading-bot-c-/src/BotCore/Services/EnhancedBacktestService.cs(330,57): error CA5394: Random is an insecure random number generator. Use cryptographically secure random number generators when randomness is required for security. (https://learn.microsoft.com/dotnet/fundamentals/code-analysis/quality-rules/ca5394) [/home/runner/work/trading-bot-c-/trading-bot-c-/src/BotCore/BotCore.csproj]
/home/runner/work/trading-bot-c-/trading-bot-c-/src/BotCore/Services/EnhancedBacktestService.cs(331,75): error CA5394: Random is an insecure random number generator. Use cryptographically secure random number generators when randomness is required for security. (https://learn.microsoft.com/dotnet/fundamentals/code-analysis/quality-rules/ca5394) [/home/runner/work/trading-bot-c-/trading-bot-c-/src/BotCore/BotCore.csproj]
/home/runner/work/trading-bot-c-/trading-bot-c-/src/BotCore/Services/EnhancedBacktestService.cs(331,159): error CA5394: Random is an insecure random number generator. Use cryptographically secure random number generators when randomness is required for security. (https://learn.microsoft.com/dotnet/fundamentals/code-analysis/quality-rules/ca5394) [/home/runner/work/trading-bot-c-/trading-bot-c-/src/BotCore/BotCore.csproj]
/home/runner/work/trading-bot-c-/trading-bot-c-/src/BotCore/Services/EnhancedBacktestService.cs(332,32): error CA5394: Random is an insecure random number generator. Use cryptographically secure random number generators when randomness is required for security. (https://learn.microsoft.com/dotnet/fundamentals/code-analysis/quality-rules/ca5394) [/home/runner/work/trading-bot-c-/trading-bot-c-/src/BotCore/BotCore.csproj]
/home/runner/work/trading-bot-c-/trading-bot-c-/src/BotCore/Services/EnhancedMarketDataFlowService.cs(402,21): error CA1848: For improved performance, use the LoggerMessage delegates instead of calling 'LoggerExtensions.LogError(ILogger, Exception?, string?, params object?[])' (https://learn.microsoft.com/dotnet/fundamentals/code-analysis/quality-rules/ca1848) [/home/runner/work/trading-bot-c-/trading-bot-c-/src/BotCore/BotCore.csproj]
/home/runner/work/trading-bot-c-/trading-bot-c-/src/BotCore/Services/EnhancedMarketDataFlowService.cs(400,17): error CA1031: Modify 'PerformHealthCheckCallback' to catch a more specific allowed exception type, or rethrow the exception (https://learn.microsoft.com/dotnet/fundamentals/code-analysis/quality-rules/ca1031) [/home/runner/work/trading-bot-c-/trading-bot-c-/src/BotCore/BotCore.csproj]
/home/runner/work/trading-bot-c-/trading-bot-c-/src/BotCore/Services/EnhancedTradingBrainIntegration.cs(598,94): error S1172: Remove this unused method parameter 'marketContext'. (https://rules.sonarsource.com/csharp/RSPEC-1172) [/home/runner/work/trading-bot-c-/trading-bot-c-/src/BotCore/BotCore.csproj]
/home/runner/work/trading-bot-c-/trading-bot-c-/src/BotCore/Services/EnhancedTradingBrainIntegration.cs(610,13): error CA1848: For improved performance, use the LoggerMessage delegates instead of calling 'LoggerExtensions.LogError(ILogger, Exception?, string?, params object?[])' (https://learn.microsoft.com/dotnet/fundamentals/code-analysis/quality-rules/ca1848) [/home/runner/work/trading-bot-c-/trading-bot-c-/src/BotCore/BotCore.csproj]
/home/runner/work/trading-bot-c-/trading-bot-c-/src/BotCore/Services/EnhancedTradingBrainIntegration.cs(608,9): error CA1031: Modify 'TrackPredictionForFeedback' to catch a more specific allowed exception type, or rethrow the exception (https://learn.microsoft.com/dotnet/fundamentals/code-analysis/quality-rules/ca1031) [/home/runner/work/trading-bot-c-/trading-bot-c-/src/BotCore/BotCore.csproj]
/home/runner/work/trading-bot-c-/trading-bot-c-/src/BotCore/Services/EnhancedTradingBrainIntegration.cs(619,9): error CA1848: For improved performance, use the LoggerMessage delegates instead of calling 'LoggerExtensions.LogInformation(ILogger, string?, params object?[])' (https://learn.microsoft.com/dotnet/fundamentals/code-analysis/quality-rules/ca1848) [/home/runner/work/trading-bot-c-/trading-bot-c-/src/BotCore/BotCore.csproj]
/home/runner/work/trading-bot-c-/trading-bot-c-/src/BotCore/Services/ContractRolloverService.cs(263,17): error CA1848: For improved performance, use the LoggerMessage delegates instead of calling 'LoggerExtensions.LogInformation(ILogger, string?, params object?[])' (https://learn.microsoft.com/dotnet/fundamentals/code-analysis/quality-rules/ca1848) [/home/runner/work/trading-bot-c-/trading-bot-c-/src/BotCore/BotCore.csproj]
/home/runner/work/trading-bot-c-/trading-bot-c-/src/BotCore/Services/ContractRolloverService.cs(269,17): error CA1848: For improved performance, use the LoggerMessage delegates instead of calling 'LoggerExtensions.LogError(ILogger, Exception?, string?, params object?[])' (https://learn.microsoft.com/dotnet/fundamentals/code-analysis/quality-rules/ca1848) [/home/runner/work/trading-bot-c-/trading-bot-c-/src/BotCore/BotCore.csproj]
/home/runner/work/trading-bot-c-/trading-bot-c-/src/BotCore/Services/ContractRolloverService.cs(274,17): error CA1848: For improved performance, use the LoggerMessage delegates instead of calling 'LoggerExtensions.LogError(ILogger, Exception?, string?, params object?[])' (https://learn.microsoft.com/dotnet/fundamentals/code-analysis/quality-rules/ca1848) [/home/runner/work/trading-bot-c-/trading-bot-c-/src/BotCore/BotCore.csproj]
/home/runner/work/trading-bot-c-/trading-bot-c-/src/BotCore/Services/EnhancedMarketDataFlowService.cs(420,21): error CA1848: For improved performance, use the LoggerMessage delegates instead of calling 'LoggerExtensions.LogError(ILogger, Exception?, string?, params object?[])' (https://learn.microsoft.com/dotnet/fundamentals/code-analysis/quality-rules/ca1848) [/home/runner/work/trading-bot-c-/trading-bot-c-/src/BotCore/BotCore.csproj]
/home/runner/work/trading-bot-c-/trading-bot-c-/src/BotCore/Services/EnhancedMarketDataFlowService.cs(418,17): error CA1031: Modify 'PerformHeartbeatCheckCallback' to catch a more specific allowed exception type, or rethrow the exception (https://learn.microsoft.com/dotnet/fundamentals/code-analysis/quality-rules/ca1031) [/home/runner/work/trading-bot-c-/trading-bot-c-/src/BotCore/BotCore.csproj]
/home/runner/work/trading-bot-c-/trading-bot-c-/src/BotCore/Services/EnhancedTradingBrainIntegration.cs(665,13): error S3358: Extract this nested ternary operation into an independent statement. (https://rules.sonarsource.com/csharp/RSPEC-3358) [/home/runner/work/trading-bot-c-/trading-bot-c-/src/BotCore/BotCore.csproj]
/home/runner/work/trading-bot-c-/trading-bot-c-/src/BotCore/Services/EnhancedTradingBrainIntegration.cs(659,14): error S1905: Remove this unnecessary cast to 'double'. (https://rules.sonarsource.com/csharp/RSPEC-1905) [/home/runner/work/trading-bot-c-/trading-bot-c-/src/BotCore/BotCore.csproj]
/home/runner/work/trading-bot-c-/trading-bot-c-/src/BotCore/Services/EnhancedTradingBrainIntegration.cs(672,39): error S1541: The Cyclomatic Complexity of this method is 14 which is greater than 10 authorized. (https://rules.sonarsource.com/csharp/RSPEC-1541) [/home/runner/work/trading-bot-c-/trading-bot-c-/src/BotCore/BotCore.csproj]
/home/runner/work/trading-bot-c-/trading-bot-c-/src/BotCore/Services/MasterDecisionOrchestrator.cs(1308,9): error CA1848: For improved performance, use the LoggerMessage delegates instead of calling 'LoggerExtensions.LogInformation(ILogger, string?, params object?[])' (https://learn.microsoft.com/dotnet/fundamentals/code-analysis/quality-rules/ca1848) [/home/runner/work/trading-bot-c-/trading-bot-c-/src/BotCore/BotCore.csproj]
/home/runner/work/trading-bot-c-/trading-bot-c-/src/BotCore/Services/EnhancedTradingBrainIntegration.cs(713,49): error SCS0005: Weak random number generator. (https://security-code-scan.github.io/#SCS0005) [/home/runner/work/trading-bot-c-/trading-bot-c-/src/BotCore/BotCore.csproj]
/home/runner/work/trading-bot-c-/trading-bot-c-/src/BotCore/Services/EnhancedTradingBrainIntegration.cs(714,58): error SCS0005: Weak random number generator. (https://security-code-scan.github.io/#SCS0005) [/home/runner/work/trading-bot-c-/trading-bot-c-/src/BotCore/BotCore.csproj]
/home/runner/work/trading-bot-c-/trading-bot-c-/src/BotCore/Services/EnhancedTradingBrainIntegration.cs(713,49): error CA5394: Random is an insecure random number generator. Use cryptographically secure random number generators when randomness is required for security. (https://learn.microsoft.com/dotnet/fundamentals/code-analysis/quality-rules/ca5394) [/home/runner/work/trading-bot-c-/trading-bot-c-/src/BotCore/BotCore.csproj]
/home/runner/work/trading-bot-c-/trading-bot-c-/src/BotCore/Services/EnhancedTradingBrainIntegration.cs(714,58): error CA5394: Random is an insecure random number generator. Use cryptographically secure random number generators when randomness is required for security. (https://learn.microsoft.com/dotnet/fundamentals/code-analysis/quality-rules/ca5394) [/home/runner/work/trading-bot-c-/trading-bot-c-/src/BotCore/BotCore.csproj]
/home/runner/work/trading-bot-c-/trading-bot-c-/src/BotCore/Services/ComponentDiscoveryService.cs(110,9): error CA1848: For improved performance, use the LoggerMessage delegates instead of calling 'LoggerExtensions.LogInformation(ILogger, string?, params object?[])' (https://learn.microsoft.com/dotnet/fundamentals/code-analysis/quality-rules/ca1848) [/home/runner/work/trading-bot-c-/trading-bot-c-/src/BotCore/BotCore.csproj]
/home/runner/work/trading-bot-c-/trading-bot-c-/src/BotCore/Services/ComponentDiscoveryService.cs(146,25): error CA1848: For improved performance, use the LoggerMessage delegates instead of calling 'LoggerExtensions.LogDebug(ILogger, string?, params object?[])' (https://learn.microsoft.com/dotnet/fundamentals/code-analysis/quality-rules/ca1848) [/home/runner/work/trading-bot-c-/trading-bot-c-/src/BotCore/BotCore.csproj]
/home/runner/work/trading-bot-c-/trading-bot-c-/src/BotCore/Services/ComponentDiscoveryService.cs(151,21): error CA1848: For improved performance, use the LoggerMessage delegates instead of calling 'LoggerExtensions.LogDebug(ILogger, Exception?, string?, params object?[])' (https://learn.microsoft.com/dotnet/fundamentals/code-analysis/quality-rules/ca1848) [/home/runner/work/trading-bot-c-/trading-bot-c-/src/BotCore/BotCore.csproj]
/home/runner/work/trading-bot-c-/trading-bot-c-/src/BotCore/Services/ComponentDiscoveryService.cs(155,13): error CA1848: For improved performance, use the LoggerMessage delegates instead of calling 'LoggerExtensions.LogInformation(ILogger, string?, params object?[])' (https://learn.microsoft.com/dotnet/fundamentals/code-analysis/quality-rules/ca1848) [/home/runner/work/trading-bot-c-/trading-bot-c-/src/BotCore/BotCore.csproj]
/home/runner/work/trading-bot-c-/trading-bot-c-/src/BotCore/Services/ComponentDiscoveryService.cs(159,13): error CA1848: For improved performance, use the LoggerMessage delegates instead of calling 'LoggerExtensions.LogError(ILogger, Exception?, string?, params object?[])' (https://learn.microsoft.com/dotnet/fundamentals/code-analysis/quality-rules/ca1848) [/home/runner/work/trading-bot-c-/trading-bot-c-/src/BotCore/BotCore.csproj]
/home/runner/work/trading-bot-c-/trading-bot-c-/src/BotCore/Services/EnhancedMarketDataFlowService.cs(454,21): error CA1848: For improved performance, use the LoggerMessage delegates instead of calling 'LoggerExtensions.LogWarning(ILogger, string?, params object?[])' (https://learn.microsoft.com/dotnet/fundamentals/code-analysis/quality-rules/ca1848) [/home/runner/work/trading-bot-c-/trading-bot-c-/src/BotCore/BotCore.csproj]
/home/runner/work/trading-bot-c-/trading-bot-c-/src/BotCore/Services/EnhancedMarketDataFlowService.cs(462,25): error CA1848: For improved performance, use the LoggerMessage delegates instead of calling 'LoggerExtensions.LogInformation(ILogger, string?, params object?[])' (https://learn.microsoft.com/dotnet/fundamentals/code-analysis/quality-rules/ca1848) [/home/runner/work/trading-bot-c-/trading-bot-c-/src/BotCore/BotCore.csproj]
/home/runner/work/trading-bot-c-/trading-bot-c-/src/BotCore/Services/EnhancedMarketDataFlowService.cs(467,21): error CA1848: For improved performance, use the LoggerMessage delegates instead of calling 'LoggerExtensions.LogTrace(ILogger, string?, params object?[])' (https://learn.microsoft.com/dotnet/fundamentals/code-analysis/quality-rules/ca1848) [/home/runner/work/trading-bot-c-/trading-bot-c-/src/BotCore/BotCore.csproj]
/home/runner/work/trading-bot-c-/trading-bot-c-/src/BotCore/Services/EnhancedMarketDataFlowService.cs(473,17): error CA1848: For improved performance, use the LoggerMessage delegates instead of calling 'LoggerExtensions.LogError(ILogger, Exception?, string?, params object?[])' (https://learn.microsoft.com/dotnet/fundamentals/code-analysis/quality-rules/ca1848) [/home/runner/work/trading-bot-c-/trading-bot-c-/src/BotCore/BotCore.csproj]
/home/runner/work/trading-bot-c-/trading-bot-c-/src/BotCore/Services/EnhancedMarketDataFlowService.cs(471,13): error CA1031: Modify 'PerformHeartbeatCheckAsync' to catch a more specific allowed exception type, or rethrow the exception (https://learn.microsoft.com/dotnet/fundamentals/code-analysis/quality-rules/ca1031) [/home/runner/work/trading-bot-c-/trading-bot-c-/src/BotCore/BotCore.csproj]
/home/runner/work/trading-bot-c-/trading-bot-c-/src/BotCore/Services/ComponentHealthMonitoringService.cs(156,9): error S1172: Remove this unused method parameter 'cancellationToken'. (https://rules.sonarsource.com/csharp/RSPEC-1172) [/home/runner/work/trading-bot-c-/trading-bot-c-/src/BotCore/BotCore.csproj]
/home/runner/work/trading-bot-c-/trading-bot-c-/src/BotCore/Services/ContractRolloverService.cs(291,21): error CA1848: For improved performance, use the LoggerMessage delegates instead of calling 'LoggerExtensions.LogWarning(ILogger, string?, params object?[])' (https://learn.microsoft.com/dotnet/fundamentals/code-analysis/quality-rules/ca1848) [/home/runner/work/trading-bot-c-/trading-bot-c-/src/BotCore/BotCore.csproj]
/home/runner/work/trading-bot-c-/trading-bot-c-/src/BotCore/Services/ContractRolloverService.cs(321,17): error CA1848: For improved performance, use the LoggerMessage delegates instead of calling 'LoggerExtensions.LogError(ILogger, Exception?, string?, params object?[])' (https://learn.microsoft.com/dotnet/fundamentals/code-analysis/quality-rules/ca1848) [/home/runner/work/trading-bot-c-/trading-bot-c-/src/BotCore/BotCore.csproj]
/home/runner/work/trading-bot-c-/trading-bot-c-/src/BotCore/Services/ContractRolloverService.cs(326,17): error CA1848: For improved performance, use the LoggerMessage delegates instead of calling 'LoggerExtensions.LogError(ILogger, Exception?, string?, params object?[])' (https://learn.microsoft.com/dotnet/fundamentals/code-analysis/quality-rules/ca1848) [/home/runner/work/trading-bot-c-/trading-bot-c-/src/BotCore/BotCore.csproj]
/home/runner/work/trading-bot-c-/trading-bot-c-/src/BotCore/Services/ComponentHealthMonitoringService.cs(165,9): error CA1848: For improved performance, use the LoggerMessage delegates instead of calling 'LoggerExtensions.LogWarning(ILogger, string?, params object?[])' (https://learn.microsoft.com/dotnet/fundamentals/code-analysis/quality-rules/ca1848) [/home/runner/work/trading-bot-c-/trading-bot-c-/src/BotCore/BotCore.csproj]
/home/runner/work/trading-bot-c-/trading-bot-c-/src/BotCore/Services/ComponentHealthMonitoringService.cs(186,21): error CA1848: For improved performance, use the LoggerMessage delegates instead of calling 'LoggerExtensions.LogWarning(ILogger, string?, params object?[])' (https://learn.microsoft.com/dotnet/fundamentals/code-analysis/quality-rules/ca1848) [/home/runner/work/trading-bot-c-/trading-bot-c-/src/BotCore/BotCore.csproj]
/home/runner/work/trading-bot-c-/trading-bot-c-/src/BotCore/Services/ComponentHealthMonitoringService.cs(191,17): error CA1848: For improved performance, use the LoggerMessage delegates instead of calling 'LoggerExtensions.LogDebug(ILogger, Exception?, string?, params object?[])' (https://learn.microsoft.com/dotnet/fundamentals/code-analysis/quality-rules/ca1848) [/home/runner/work/trading-bot-c-/trading-bot-c-/src/BotCore/BotCore.csproj]
/home/runner/work/trading-bot-c-/trading-bot-c-/src/BotCore/Services/ComponentHealthMonitoringService.cs(189,13): error CA1031: Modify 'ReportUnhealthyComponentAsync' to catch a more specific allowed exception type, or rethrow the exception (https://learn.microsoft.com/dotnet/fundamentals/code-analysis/quality-rules/ca1031) [/home/runner/work/trading-bot-c-/trading-bot-c-/src/BotCore/BotCore.csproj]
/home/runner/work/trading-bot-c-/trading-bot-c-/src/BotCore/Services/EnhancedMarketDataFlowService.cs(488,21): error CA1848: For improved performance, use the LoggerMessage delegates instead of calling 'LoggerExtensions.LogWarning(ILogger, string?, params object?[])' (https://learn.microsoft.com/dotnet/fundamentals/code-analysis/quality-rules/ca1848) [/home/runner/work/trading-bot-c-/trading-bot-c-/src/BotCore/BotCore.csproj]
/home/runner/work/trading-bot-c-/trading-bot-c-/src/BotCore/Services/EnhancedMarketDataFlowService.cs(499,21): error CA1848: For improved performance, use the LoggerMessage delegates instead of calling 'LoggerExtensions.LogTrace(ILogger, string?, params object?[])' (https://learn.microsoft.com/dotnet/fundamentals/code-analysis/quality-rules/ca1848) [/home/runner/work/trading-bot-c-/trading-bot-c-/src/BotCore/BotCore.csproj]
/home/runner/work/trading-bot-c-/trading-bot-c-/src/BotCore/Services/EnhancedMarketDataFlowService.cs(505,17): error CA1848: For improved performance, use the LoggerMessage delegates instead of calling 'LoggerExtensions.LogError(ILogger, Exception?, string?, params object?[])' (https://learn.microsoft.com/dotnet/fundamentals/code-analysis/quality-rules/ca1848) [/home/runner/work/trading-bot-c-/trading-bot-c-/src/BotCore/BotCore.csproj]
/home/runner/work/trading-bot-c-/trading-bot-c-/src/BotCore/Services/EnhancedMarketDataFlowService.cs(503,13): error CA1031: Modify 'PerformHealthCheckAsync' to catch a more specific allowed exception type, or rethrow the exception (https://learn.microsoft.com/dotnet/fundamentals/code-analysis/quality-rules/ca1031) [/home/runner/work/trading-bot-c-/trading-bot-c-/src/BotCore/BotCore.csproj]
/home/runner/work/trading-bot-c-/trading-bot-c-/src/BotCore/Services/EnhancedTradingBrainIntegration.cs(744,39): error SCS0005: Weak random number generator. (https://security-code-scan.github.io/#SCS0005) [/home/runner/work/trading-bot-c-/trading-bot-c-/src/BotCore/BotCore.csproj]
/home/runner/work/trading-bot-c-/trading-bot-c-/src/BotCore/Services/EnhancedTradingBrainIntegration.cs(746,52): error SCS0005: Weak random number generator. (https://security-code-scan.github.io/#SCS0005) [/home/runner/work/trading-bot-c-/trading-bot-c-/src/BotCore/BotCore.csproj]
/home/runner/work/trading-bot-c-/trading-bot-c-/src/BotCore/Services/EnhancedTradingBrainIntegration.cs(754,67): error SCS0005: Weak random number generator. (https://security-code-scan.github.io/#SCS0005) [/home/runner/work/trading-bot-c-/trading-bot-c-/src/BotCore/BotCore.csproj]
/home/runner/work/trading-bot-c-/trading-bot-c-/src/BotCore/Services/EnhancedTradingBrainIntegration.cs(755,66): error SCS0005: Weak random number generator. (https://security-code-scan.github.io/#SCS0005) [/home/runner/work/trading-bot-c-/trading-bot-c-/src/BotCore/BotCore.csproj]
/home/runner/work/trading-bot-c-/trading-bot-c-/src/BotCore/Services/EnhancedTradingBrainIntegration.cs(757,44): error SCS0005: Weak random number generator. (https://security-code-scan.github.io/#SCS0005) [/home/runner/work/trading-bot-c-/trading-bot-c-/src/BotCore/BotCore.csproj]
/home/runner/work/trading-bot-c-/trading-bot-c-/src/BotCore/Services/EnhancedTradingBrainIntegration.cs(744,39): error CA5394: Random is an insecure random number generator. Use cryptographically secure random number generators when randomness is required for security. (https://learn.microsoft.com/dotnet/fundamentals/code-analysis/quality-rules/ca5394) [/home/runner/work/trading-bot-c-/trading-bot-c-/src/BotCore/BotCore.csproj]
/home/runner/work/trading-bot-c-/trading-bot-c-/src/BotCore/Services/EnhancedTradingBrainIntegration.cs(746,52): error CA5394: Random is an insecure random number generator. Use cryptographically secure random number generators when randomness is required for security. (https://learn.microsoft.com/dotnet/fundamentals/code-analysis/quality-rules/ca5394) [/home/runner/work/trading-bot-c-/trading-bot-c-/src/BotCore/BotCore.csproj]
/home/runner/work/trading-bot-c-/trading-bot-c-/src/BotCore/Services/EnhancedTradingBrainIntegration.cs(754,67): error CA5394: Random is an insecure random number generator. Use cryptographically secure random number generators when randomness is required for security. (https://learn.microsoft.com/dotnet/fundamentals/code-analysis/quality-rules/ca5394) [/home/runner/work/trading-bot-c-/trading-bot-c-/src/BotCore/BotCore.csproj]
/home/runner/work/trading-bot-c-/trading-bot-c-/src/BotCore/Services/EnhancedTradingBrainIntegration.cs(755,66): error CA5394: Random is an insecure random number generator. Use cryptographically secure random number generators when randomness is required for security. (https://learn.microsoft.com/dotnet/fundamentals/code-analysis/quality-rules/ca5394) [/home/runner/work/trading-bot-c-/trading-bot-c-/src/BotCore/BotCore.csproj]
/home/runner/work/trading-bot-c-/trading-bot-c-/src/BotCore/Services/EnhancedTradingBrainIntegration.cs(757,44): error CA5394: Random is an insecure random number generator. Use cryptographically secure random number generators when randomness is required for security. (https://learn.microsoft.com/dotnet/fundamentals/code-analysis/quality-rules/ca5394) [/home/runner/work/trading-bot-c-/trading-bot-c-/src/BotCore/BotCore.csproj]
/home/runner/work/trading-bot-c-/trading-bot-c-/src/BotCore/Services/ComponentDiscoveryService.cs(168,9): error CA1848: For improved performance, use the LoggerMessage delegates instead of calling 'LoggerExtensions.LogInformation(ILogger, string?, params object?[])' (https://learn.microsoft.com/dotnet/fundamentals/code-analysis/quality-rules/ca1848) [/home/runner/work/trading-bot-c-/trading-bot-c-/src/BotCore/BotCore.csproj]
/home/runner/work/trading-bot-c-/trading-bot-c-/src/BotCore/Services/ComponentDiscoveryService.cs(210,17): error CA1848: For improved performance, use the LoggerMessage delegates instead of calling 'LoggerExtensions.LogDebug(ILogger, string?, params object?[])' (https://learn.microsoft.com/dotnet/fundamentals/code-analysis/quality-rules/ca1848) [/home/runner/work/trading-bot-c-/trading-bot-c-/src/BotCore/BotCore.csproj]
/home/runner/work/trading-bot-c-/trading-bot-c-/src/BotCore/Services/ComponentDiscoveryService.cs(213,13): error CA1848: For improved performance, use the LoggerMessage delegates instead of calling 'LoggerExtensions.LogInformation(ILogger, string?, params object?[])' (https://learn.microsoft.com/dotnet/fundamentals/code-analysis/quality-rules/ca1848) [/home/runner/work/trading-bot-c-/trading-bot-c-/src/BotCore/BotCore.csproj]
/home/runner/work/trading-bot-c-/trading-bot-c-/src/BotCore/Services/ComponentDiscoveryService.cs(217,13): error CA1848: For improved performance, use the LoggerMessage delegates instead of calling 'LoggerExtensions.LogError(ILogger, Exception?, string?, params object?[])' (https://learn.microsoft.com/dotnet/fundamentals/code-analysis/quality-rules/ca1848) [/home/runner/work/trading-bot-c-/trading-bot-c-/src/BotCore/BotCore.csproj]
/home/runner/work/trading-bot-c-/trading-bot-c-/src/BotCore/Services/ContractRolloverService.cs(349,13): error CA1848: For improved performance, use the LoggerMessage delegates instead of calling 'LoggerExtensions.LogInformation(ILogger, string?, params object?[])' (https://learn.microsoft.com/dotnet/fundamentals/code-analysis/quality-rules/ca1848) [/home/runner/work/trading-bot-c-/trading-bot-c-/src/BotCore/BotCore.csproj]
/home/runner/work/trading-bot-c-/trading-bot-c-/src/BotCore/Services/ContractRolloverService.cs(361,17): error CA1848: For improved performance, use the LoggerMessage delegates instead of calling 'LoggerExtensions.LogInformation(ILogger, Exception?, string?, params object?[])' (https://learn.microsoft.com/dotnet/fundamentals/code-analysis/quality-rules/ca1848) [/home/runner/work/trading-bot-c-/trading-bot-c-/src/BotCore/BotCore.csproj]
/home/runner/work/trading-bot-c-/trading-bot-c-/src/BotCore/Services/ContractRolloverService.cs(365,17): error CA1848: For improved performance, use the LoggerMessage delegates instead of calling 'LoggerExtensions.LogError(ILogger, Exception?, string?, params object?[])' (https://learn.microsoft.com/dotnet/fundamentals/code-analysis/quality-rules/ca1848) [/home/runner/work/trading-bot-c-/trading-bot-c-/src/BotCore/BotCore.csproj]
/home/runner/work/trading-bot-c-/trading-bot-c-/src/BotCore/Services/ContractRolloverService.cs(369,17): error CA1848: For improved performance, use the LoggerMessage delegates instead of calling 'LoggerExtensions.LogError(ILogger, Exception?, string?, params object?[])' (https://learn.microsoft.com/dotnet/fundamentals/code-analysis/quality-rules/ca1848) [/home/runner/work/trading-bot-c-/trading-bot-c-/src/BotCore/BotCore.csproj]
/home/runner/work/trading-bot-c-/trading-bot-c-/src/BotCore/Services/ComponentHealthMonitoringService.cs(199,9): error S1172: Remove this unused method parameter 'cancellationToken'. (https://rules.sonarsource.com/csharp/RSPEC-1172) [/home/runner/work/trading-bot-c-/trading-bot-c-/src/BotCore/BotCore.csproj]
/home/runner/work/trading-bot-c-/trading-bot-c-/src/BotCore/Services/EnhancedMarketDataFlowService.cs(518,21): error CA1848: For improved performance, use the LoggerMessage delegates instead of calling 'LoggerExtensions.LogError(ILogger, string?, params object?[])' (https://learn.microsoft.com/dotnet/fundamentals/code-analysis/quality-rules/ca1848) [/home/runner/work/trading-bot-c-/trading-bot-c-/src/BotCore/BotCore.csproj]
/home/runner/work/trading-bot-c-/trading-bot-c-/src/BotCore/Services/EnhancedMarketDataFlowService.cs(528,17): error CA1848: For improved performance, use the LoggerMessage delegates instead of calling 'LoggerExtensions.LogWarning(ILogger, string?, params object?[])' (https://learn.microsoft.com/dotnet/fundamentals/code-analysis/quality-rules/ca1848) [/home/runner/work/trading-bot-c-/trading-bot-c-/src/BotCore/BotCore.csproj]
/home/runner/work/trading-bot-c-/trading-bot-c-/src/BotCore/Services/EnhancedMarketDataFlowService.cs(549,21): error CA1848: For improved performance, use the LoggerMessage delegates instead of calling 'LoggerExtensions.LogInformation(ILogger, string?, params object?[])' (https://learn.microsoft.com/dotnet/fundamentals/code-analysis/quality-rules/ca1848) [/home/runner/work/trading-bot-c-/trading-bot-c-/src/BotCore/BotCore.csproj]
/home/runner/work/trading-bot-c-/trading-bot-c-/src/BotCore/Services/EnhancedMarketDataFlowService.cs(560,21): error CA1848: For improved performance, use the LoggerMessage delegates instead of calling 'LoggerExtensions.LogWarning(ILogger, string?, params object?[])' (https://learn.microsoft.com/dotnet/fundamentals/code-analysis/quality-rules/ca1848) [/home/runner/work/trading-bot-c-/trading-bot-c-/src/BotCore/BotCore.csproj]
/home/runner/work/trading-bot-c-/trading-bot-c-/src/BotCore/Services/EnhancedMarketDataFlowService.cs(571,17): error CA1848: For improved performance, use the LoggerMessage delegates instead of calling 'LoggerExtensions.LogError(ILogger, Exception?, string?, params object?[])' (https://learn.microsoft.com/dotnet/fundamentals/code-analysis/quality-rules/ca1848) [/home/runner/work/trading-bot-c-/trading-bot-c-/src/BotCore/BotCore.csproj]
/home/runner/work/trading-bot-c-/trading-bot-c-/src/BotCore/Services/ComponentHealthMonitoringService.cs(208,9): error CA1848: For improved performance, use the LoggerMessage delegates instead of calling 'LoggerExtensions.LogInformation(ILogger, string?, params object?[])' (https://learn.microsoft.com/dotnet/fundamentals/code-analysis/quality-rules/ca1848) [/home/runner/work/trading-bot-c-/trading-bot-c-/src/BotCore/BotCore.csproj]
/home/runner/work/trading-bot-c-/trading-bot-c-/src/BotCore/Services/ComponentHealthMonitoringService.cs(228,21): error CA1848: For improved performance, use the LoggerMessage delegates instead of calling 'LoggerExtensions.LogInformation(ILogger, string?, params object?[])' (https://learn.microsoft.com/dotnet/fundamentals/code-analysis/quality-rules/ca1848) [/home/runner/work/trading-bot-c-/trading-bot-c-/src/BotCore/BotCore.csproj]
/home/runner/work/trading-bot-c-/trading-bot-c-/src/BotCore/Services/ComponentHealthMonitoringService.cs(233,17): error CA1848: For improved performance, use the LoggerMessage delegates instead of calling 'LoggerExtensions.LogDebug(ILogger, Exception?, string?, params object?[])' (https://learn.microsoft.com/dotnet/fundamentals/code-analysis/quality-rules/ca1848) [/home/runner/work/trading-bot-c-/trading-bot-c-/src/BotCore/BotCore.csproj]
/home/runner/work/trading-bot-c-/trading-bot-c-/src/BotCore/Services/ComponentHealthMonitoringService.cs(231,13): error CA1031: Modify 'ReportDegradedComponentAsync' to catch a more specific allowed exception type, or rethrow the exception (https://learn.microsoft.com/dotnet/fundamentals/code-analysis/quality-rules/ca1031) [/home/runner/work/trading-bot-c-/trading-bot-c-/src/BotCore/BotCore.csproj]
/home/runner/work/trading-bot-c-/trading-bot-c-/src/BotCore/Services/EnhancedMarketDataFlowService.cs(569,13): error CA1031: Modify 'AttemptDataFlowRecoveryAsync' to catch a more specific allowed exception type, or rethrow the exception (https://learn.microsoft.com/dotnet/fundamentals/code-analysis/quality-rules/ca1031) [/home/runner/work/trading-bot-c-/trading-bot-c-/src/BotCore/BotCore.csproj]
/home/runner/work/trading-bot-c-/trading-bot-c-/src/BotCore/Services/PositionManagementOptimizer.cs(548,13): error CA1848: For improved performance, use the LoggerMessage delegates instead of calling 'LoggerExtensions.LogInformation(ILogger, string?, params object?[])' (https://learn.microsoft.com/dotnet/fundamentals/code-analysis/quality-rules/ca1848) [/home/runner/work/trading-bot-c-/trading-bot-c-/src/BotCore/BotCore.csproj]
/home/runner/work/trading-bot-c-/trading-bot-c-/src/BotCore/Services/ContractRolloverService.cs(420,55): error S6602: "Array.Find" static method should be used instead of the "FirstOrDefault" extension method. (https://rules.sonarsource.com/csharp/RSPEC-6602) [/home/runner/work/trading-bot-c-/trading-bot-c-/src/BotCore/BotCore.csproj]
/home/runner/work/trading-bot-c-/trading-bot-c-/src/BotCore/Services/EnhancedMarketDataFlowService.cs(595,48): error SCS0005: Weak random number generator. (https://security-code-scan.github.io/#SCS0005) [/home/runner/work/trading-bot-c-/trading-bot-c-/src/BotCore/BotCore.csproj]
/home/runner/work/trading-bot-c-/trading-bot-c-/src/BotCore/Services/EnhancedMarketDataFlowService.cs(596,48): error SCS0005: Weak random number generator. (https://security-code-scan.github.io/#SCS0005) [/home/runner/work/trading-bot-c-/trading-bot-c-/src/BotCore/BotCore.csproj]
/home/runner/work/trading-bot-c-/trading-bot-c-/src/BotCore/Services/EnhancedMarketDataFlowService.cs(597,50): error SCS0005: Weak random number generator. (https://security-code-scan.github.io/#SCS0005) [/home/runner/work/trading-bot-c-/trading-bot-c-/src/BotCore/BotCore.csproj]
/home/runner/work/trading-bot-c-/trading-bot-c-/src/BotCore/Services/EnhancedMarketDataFlowService.cs(598,30): error SCS0005: Weak random number generator. (https://security-code-scan.github.io/#SCS0005) [/home/runner/work/trading-bot-c-/trading-bot-c-/src/BotCore/BotCore.csproj]
/home/runner/work/trading-bot-c-/trading-bot-c-/src/BotCore/Services/ContractRolloverService.cs(471,28): error S1541: The Cyclomatic Complexity of this method is 14 which is greater than 10 authorized. (https://rules.sonarsource.com/csharp/RSPEC-1541) [/home/runner/work/trading-bot-c-/trading-bot-c-/src/BotCore/BotCore.csproj]
/home/runner/work/trading-bot-c-/trading-bot-c-/src/BotCore/Services/EnhancedMarketDataFlowService.cs(582,17): error CA1848: For improved performance, use the LoggerMessage delegates instead of calling 'LoggerExtensions.LogDebug(ILogger, string?, params object?[])' (https://learn.microsoft.com/dotnet/fundamentals/code-analysis/quality-rules/ca1848) [/home/runner/work/trading-bot-c-/trading-bot-c-/src/BotCore/BotCore.csproj]
/home/runner/work/trading-bot-c-/trading-bot-c-/src/BotCore/Services/EnhancedMarketDataFlowService.cs(605,17): error CA1848: For improved performance, use the LoggerMessage delegates instead of calling 'LoggerExtensions.LogDebug(ILogger, string?, params object?[])' (https://learn.microsoft.com/dotnet/fundamentals/code-analysis/quality-rules/ca1848) [/home/runner/work/trading-bot-c-/trading-bot-c-/src/BotCore/BotCore.csproj]
/home/runner/work/trading-bot-c-/trading-bot-c-/src/BotCore/Services/EnhancedMarketDataFlowService.cs(609,17): error CA1848: For improved performance, use the LoggerMessage delegates instead of calling 'LoggerExtensions.LogError(ILogger, Exception?, string?, params object?[])' (https://learn.microsoft.com/dotnet/fundamentals/code-analysis/quality-rules/ca1848) [/home/runner/work/trading-bot-c-/trading-bot-c-/src/BotCore/BotCore.csproj]
/home/runner/work/trading-bot-c-/trading-bot-c-/src/BotCore/Services/EnhancedMarketDataFlowService.cs(595,48): error CA5394: Random is an insecure random number generator. Use cryptographically secure random number generators when randomness is required for security. (https://learn.microsoft.com/dotnet/fundamentals/code-analysis/quality-rules/ca5394) [/home/runner/work/trading-bot-c-/trading-bot-c-/src/BotCore/BotCore.csproj]
/home/runner/work/trading-bot-c-/trading-bot-c-/src/BotCore/Services/EnhancedMarketDataFlowService.cs(596,48): error CA5394: Random is an insecure random number generator. Use cryptographically secure random number generators when randomness is required for security. (https://learn.microsoft.com/dotnet/fundamentals/code-analysis/quality-rules/ca5394) [/home/runner/work/trading-bot-c-/trading-bot-c-/src/BotCore/BotCore.csproj]
/home/runner/work/trading-bot-c-/trading-bot-c-/src/BotCore/Services/EnhancedMarketDataFlowService.cs(597,50): error CA5394: Random is an insecure random number generator. Use cryptographically secure random number generators when randomness is required for security. (https://learn.microsoft.com/dotnet/fundamentals/code-analysis/quality-rules/ca5394) [/home/runner/work/trading-bot-c-/trading-bot-c-/src/BotCore/BotCore.csproj]
/home/runner/work/trading-bot-c-/trading-bot-c-/src/BotCore/Services/EnhancedMarketDataFlowService.cs(598,30): error CA5394: Random is an insecure random number generator. Use cryptographically secure random number generators when randomness is required for security. (https://learn.microsoft.com/dotnet/fundamentals/code-analysis/quality-rules/ca5394) [/home/runner/work/trading-bot-c-/trading-bot-c-/src/BotCore/BotCore.csproj]
/home/runner/work/trading-bot-c-/trading-bot-c-/src/BotCore/Services/EnhancedMarketDataFlowService.cs(607,13): error CA1031: Modify 'RequestSymbolSnapshotAsync' to catch a more specific allowed exception type, or rethrow the exception (https://learn.microsoft.com/dotnet/fundamentals/code-analysis/quality-rules/ca1031) [/home/runner/work/trading-bot-c-/trading-bot-c-/src/BotCore/BotCore.csproj]
/home/runner/work/trading-bot-c-/trading-bot-c-/src/BotCore/Services/EnhancedMarketDataFlowService.cs(628,17): error CA1848: For improved performance, use the LoggerMessage delegates instead of calling 'LoggerExtensions.LogTrace(ILogger, string?, params object?[])' (https://learn.microsoft.com/dotnet/fundamentals/code-analysis/quality-rules/ca1848) [/home/runner/work/trading-bot-c-/trading-bot-c-/src/BotCore/BotCore.csproj]
/home/runner/work/trading-bot-c-/trading-bot-c-/src/BotCore/Services/EnhancedMarketDataFlowService.cs(635,17): error CA1848: For improved performance, use the LoggerMessage delegates instead of calling 'LoggerExtensions.LogError(ILogger, Exception?, string?, params object?[])' (https://learn.microsoft.com/dotnet/fundamentals/code-analysis/quality-rules/ca1848) [/home/runner/work/trading-bot-c-/trading-bot-c-/src/BotCore/BotCore.csproj]
/home/runner/work/trading-bot-c-/trading-bot-c-/src/BotCore/Services/ComponentDiscoveryService.cs(226,9): error CA1848: For improved performance, use the LoggerMessage delegates instead of calling 'LoggerExtensions.LogInformation(ILogger, string?, params object?[])' (https://learn.microsoft.com/dotnet/fundamentals/code-analysis/quality-rules/ca1848) [/home/runner/work/trading-bot-c-/trading-bot-c-/src/BotCore/BotCore.csproj]
/home/runner/work/trading-bot-c-/trading-bot-c-/src/BotCore/Services/ComponentDiscoveryService.cs(288,13): error CA1848: For improved performance, use the LoggerMessage delegates instead of calling 'LoggerExtensions.LogInformation(ILogger, string?, params object?[])' (https://learn.microsoft.com/dotnet/fundamentals/code-analysis/quality-rules/ca1848) [/home/runner/work/trading-bot-c-/trading-bot-c-/src/BotCore/BotCore.csproj]
/home/runner/work/trading-bot-c-/trading-bot-c-/src/BotCore/Services/ComponentDiscoveryService.cs(292,13): error CA1848: For improved performance, use the LoggerMessage delegates instead of calling 'LoggerExtensions.LogError(ILogger, Exception?, string?, params object?[])' (https://learn.microsoft.com/dotnet/fundamentals/code-analysis/quality-rules/ca1848) [/home/runner/work/trading-bot-c-/trading-bot-c-/src/BotCore/BotCore.csproj]
/home/runner/work/trading-bot-c-/trading-bot-c-/src/BotCore/Services/EnhancedTradingBrainIntegration.cs(208,28): error CA2000: Call System.IDisposable.Dispose on object created by 'CreateSampleRisk()' before all references to it are out of scope (https://learn.microsoft.com/dotnet/fundamentals/code-analysis/quality-rules/ca2000) [/home/runner/work/trading-bot-c-/trading-bot-c-/src/BotCore/BotCore.csproj]
/home/runner/work/trading-bot-c-/trading-bot-c-/src/BotCore/Services/EnhancedTradingBrainIntegration.cs(141,24): error CA2000: Call System.IDisposable.Dispose on object created by 'CreateSampleRisk()' before all references to it are out of scope (https://learn.microsoft.com/dotnet/fundamentals/code-analysis/quality-rules/ca2000) [/home/runner/work/trading-bot-c-/trading-bot-c-/src/BotCore/BotCore.csproj]
/home/runner/work/trading-bot-c-/trading-bot-c-/src/BotCore/Services/ContractRolloverService.cs(577,25): error CA1848: For improved performance, use the LoggerMessage delegates instead of calling 'LoggerExtensions.LogWarning(ILogger, string?, params object?[])' (https://learn.microsoft.com/dotnet/fundamentals/code-analysis/quality-rules/ca1848) [/home/runner/work/trading-bot-c-/trading-bot-c-/src/BotCore/BotCore.csproj]
/home/runner/work/trading-bot-c-/trading-bot-c-/src/BotCore/Services/ContractRolloverService.cs(589,17): error CA1848: For improved performance, use the LoggerMessage delegates instead of calling 'LoggerExtensions.LogError(ILogger, Exception?, string?, params object?[])' (https://learn.microsoft.com/dotnet/fundamentals/code-analysis/quality-rules/ca1848) [/home/runner/work/trading-bot-c-/trading-bot-c-/src/BotCore/BotCore.csproj]
/home/runner/work/trading-bot-c-/trading-bot-c-/src/BotCore/Services/ContractRolloverService.cs(593,17): error CA1848: For improved performance, use the LoggerMessage delegates instead of calling 'LoggerExtensions.LogError(ILogger, Exception?, string?, params object?[])' (https://learn.microsoft.com/dotnet/fundamentals/code-analysis/quality-rules/ca1848) [/home/runner/work/trading-bot-c-/trading-bot-c-/src/BotCore/BotCore.csproj]
/home/runner/work/trading-bot-c-/trading-bot-c-/src/BotCore/Services/EnhancedMarketDataFlowService.cs(648,17): error CA1848: For improved performance, use the LoggerMessage delegates instead of calling 'LoggerExtensions.LogError(ILogger, string?, params object?[])' (https://learn.microsoft.com/dotnet/fundamentals/code-analysis/quality-rules/ca1848) [/home/runner/work/trading-bot-c-/trading-bot-c-/src/BotCore/BotCore.csproj]
/home/runner/work/trading-bot-c-/trading-bot-c-/src/BotCore/Services/EnhancedMarketDataFlowService.cs(654,17): error CA1848: For improved performance, use the LoggerMessage delegates instead of calling 'LoggerExtensions.LogError(ILogger, string?, params object?[])' (https://learn.microsoft.com/dotnet/fundamentals/code-analysis/quality-rules/ca1848) [/home/runner/work/trading-bot-c-/trading-bot-c-/src/BotCore/BotCore.csproj]
/home/runner/work/trading-bot-c-/trading-bot-c-/src/BotCore/Services/EnhancedMarketDataFlowService.cs(663,21): error CA1848: For improved performance, use the LoggerMessage delegates instead of calling 'LoggerExtensions.LogWarning(ILogger, string?, params object?[])' (https://learn.microsoft.com/dotnet/fundamentals/code-analysis/quality-rules/ca1848) [/home/runner/work/trading-bot-c-/trading-bot-c-/src/BotCore/BotCore.csproj]
/home/runner/work/trading-bot-c-/trading-bot-c-/src/BotCore/Services/EnhancedMarketDataFlowService.cs(667,17): error CA1848: For improved performance, use the LoggerMessage delegates instead of calling 'LoggerExtensions.LogInformation(ILogger, string?, params object?[])' (https://learn.microsoft.com/dotnet/fundamentals/code-analysis/quality-rules/ca1848) [/home/runner/work/trading-bot-c-/trading-bot-c-/src/BotCore/BotCore.csproj]
/home/runner/work/trading-bot-c-/trading-bot-c-/src/BotCore/Services/EnhancedMarketDataFlowService.cs(680,21): error CA1848: For improved performance, use the LoggerMessage delegates instead of calling 'LoggerExtensions.LogDebug(ILogger, string?, params object?[])' (https://learn.microsoft.com/dotnet/fundamentals/code-analysis/quality-rules/ca1848) [/home/runner/work/trading-bot-c-/trading-bot-c-/src/BotCore/BotCore.csproj]
/home/runner/work/trading-bot-c-/trading-bot-c-/src/BotCore/Services/EnhancedMarketDataFlowService.cs(684,17): error CA1848: For improved performance, use the LoggerMessage delegates instead of calling 'LoggerExtensions.LogInformation(ILogger, string?, params object?[])' (https://learn.microsoft.com/dotnet/fundamentals/code-analysis/quality-rules/ca1848) [/home/runner/work/trading-bot-c-/trading-bot-c-/src/BotCore/BotCore.csproj]
/home/runner/work/trading-bot-c-/trading-bot-c-/src/BotCore/Services/EnhancedMarketDataFlowService.cs(689,17): error CA1848: For improved performance, use the LoggerMessage delegates instead of calling 'LoggerExtensions.LogError(ILogger, Exception?, string?, params object?[])' (https://learn.microsoft.com/dotnet/fundamentals/code-analysis/quality-rules/ca1848) [/home/runner/work/trading-bot-c-/trading-bot-c-/src/BotCore/BotCore.csproj]
/home/runner/work/trading-bot-c-/trading-bot-c-/src/BotCore/Services/MasterDecisionOrchestrator.cs(1322,13): error CA1848: For improved performance, use the LoggerMessage delegates instead of calling 'LoggerExtensions.LogInformation(ILogger, string?, params object?[])' (https://learn.microsoft.com/dotnet/fundamentals/code-analysis/quality-rules/ca1848) [/home/runner/work/trading-bot-c-/trading-bot-c-/src/BotCore/BotCore.csproj]
/home/runner/work/trading-bot-c-/trading-bot-c-/src/BotCore/Services/MasterDecisionOrchestrator.cs(1331,17): error CA1848: For improved performance, use the LoggerMessage delegates instead of calling 'LoggerExtensions.LogWarning(ILogger, string?, params object?[])' (https://learn.microsoft.com/dotnet/fundamentals/code-analysis/quality-rules/ca1848) [/home/runner/work/trading-bot-c-/trading-bot-c-/src/BotCore/BotCore.csproj]
/home/runner/work/trading-bot-c-/trading-bot-c-/src/BotCore/Services/MasterDecisionOrchestrator.cs(1375,13): error CA1848: For improved performance, use the LoggerMessage delegates instead of calling 'LoggerExtensions.LogInformation(ILogger, string?, params object?[])' (https://learn.microsoft.com/dotnet/fundamentals/code-analysis/quality-rules/ca1848) [/home/runner/work/trading-bot-c-/trading-bot-c-/src/BotCore/BotCore.csproj]
/home/runner/work/trading-bot-c-/trading-bot-c-/src/BotCore/Services/MasterDecisionOrchestrator.cs(1383,13): error CA1848: For improved performance, use the LoggerMessage delegates instead of calling 'LoggerExtensions.LogError(ILogger, Exception?, string?, params object?[])' (https://learn.microsoft.com/dotnet/fundamentals/code-analysis/quality-rules/ca1848) [/home/runner/work/trading-bot-c-/trading-bot-c-/src/BotCore/BotCore.csproj]
/home/runner/work/trading-bot-c-/trading-bot-c-/src/BotCore/Services/MasterDecisionOrchestrator.cs(1381,9): error CA1031: Modify 'CaptureCurrentMetricsAsync' to catch a more specific allowed exception type, or rethrow the exception (https://learn.microsoft.com/dotnet/fundamentals/code-analysis/quality-rules/ca1031) [/home/runner/work/trading-bot-c-/trading-bot-c-/src/BotCore/BotCore.csproj]
/home/runner/work/trading-bot-c-/trading-bot-c-/src/BotCore/Services/EnhancedMarketDataFlowService.cs(697,112): error S1172: Remove this unused method parameter 'cancellationToken'. (https://rules.sonarsource.com/csharp/RSPEC-1172) [/home/runner/work/trading-bot-c-/trading-bot-c-/src/BotCore/BotCore.csproj]
/home/runner/work/trading-bot-c-/trading-bot-c-/src/BotCore/Services/ComponentDiscoveryService.cs(301,9): error CA1848: For improved performance, use the LoggerMessage delegates instead of calling 'LoggerExtensions.LogInformation(ILogger, string?, params object?[])' (https://learn.microsoft.com/dotnet/fundamentals/code-analysis/quality-rules/ca1848) [/home/runner/work/trading-bot-c-/trading-bot-c-/src/BotCore/BotCore.csproj]
/home/runner/work/trading-bot-c-/trading-bot-c-/src/BotCore/Services/ComponentDiscoveryService.cs(342,17): error CA1848: For improved performance, use the LoggerMessage delegates instead of calling 'LoggerExtensions.LogDebug(ILogger, string?, params object?[])' (https://learn.microsoft.com/dotnet/fundamentals/code-analysis/quality-rules/ca1848) [/home/runner/work/trading-bot-c-/trading-bot-c-/src/BotCore/BotCore.csproj]
/home/runner/work/trading-bot-c-/trading-bot-c-/src/BotCore/Services/ComponentDiscoveryService.cs(345,13): error CA1848: For improved performance, use the LoggerMessage delegates instead of calling 'LoggerExtensions.LogInformation(ILogger, string?, params object?[])' (https://learn.microsoft.com/dotnet/fundamentals/code-analysis/quality-rules/ca1848) [/home/runner/work/trading-bot-c-/trading-bot-c-/src/BotCore/BotCore.csproj]
/home/runner/work/trading-bot-c-/trading-bot-c-/src/BotCore/Services/ComponentDiscoveryService.cs(349,13): error CA1848: For improved performance, use the LoggerMessage delegates instead of calling 'LoggerExtensions.LogError(ILogger, Exception?, string?, params object?[])' (https://learn.microsoft.com/dotnet/fundamentals/code-analysis/quality-rules/ca1848) [/home/runner/work/trading-bot-c-/trading-bot-c-/src/BotCore/BotCore.csproj]
/home/runner/work/trading-bot-c-/trading-bot-c-/src/BotCore/Services/EnhancedMarketDataFlowService.cs(717,17): error CA1848: For improved performance, use the LoggerMessage delegates instead of calling 'LoggerExtensions.LogInformation(ILogger, string?, params object?[])' (https://learn.microsoft.com/dotnet/fundamentals/code-analysis/quality-rules/ca1848) [/home/runner/work/trading-bot-c-/trading-bot-c-/src/BotCore/BotCore.csproj]
/home/runner/work/trading-bot-c-/trading-bot-c-/src/BotCore/Services/EnhancedMarketDataFlowService.cs(728,21): error CA1848: For improved performance, use the LoggerMessage delegates instead of calling 'LoggerExtensions.LogDebug(ILogger, string?, params object?[])' (https://learn.microsoft.com/dotnet/fundamentals/code-analysis/quality-rules/ca1848) [/home/runner/work/trading-bot-c-/trading-bot-c-/src/BotCore/BotCore.csproj]
/home/runner/work/trading-bot-c-/trading-bot-c-/src/BotCore/Services/EnhancedMarketDataFlowService.cs(736,17): error CA1848: For improved performance, use the LoggerMessage delegates instead of calling 'LoggerExtensions.LogError(ILogger, Exception?, string?, params object?[])' (https://learn.microsoft.com/dotnet/fundamentals/code-analysis/quality-rules/ca1848) [/home/runner/work/trading-bot-c-/trading-bot-c-/src/BotCore/BotCore.csproj]
/home/runner/work/trading-bot-c-/trading-bot-c-/src/BotCore/Services/PositionManagementOptimizer.cs(598,13): error CA1848: For improved performance, use the LoggerMessage delegates instead of calling 'LoggerExtensions.LogInformation(ILogger, string?, params object?[])' (https://learn.microsoft.com/dotnet/fundamentals/code-analysis/quality-rules/ca1848) [/home/runner/work/trading-bot-c-/trading-bot-c-/src/BotCore/BotCore.csproj]
/home/runner/work/trading-bot-c-/trading-bot-c-/src/BotCore/Services/MasterDecisionOrchestrator.cs(1482,9): error S1172: Remove this unused method parameter 'cancellationToken'. (https://rules.sonarsource.com/csharp/RSPEC-1172) [/home/runner/work/trading-bot-c-/trading-bot-c-/src/BotCore/BotCore.csproj]
/home/runner/work/trading-bot-c-/trading-bot-c-/src/BotCore/Services/MasterDecisionOrchestrator.cs(1405,13): error CA1848: For improved performance, use the LoggerMessage delegates instead of calling 'LoggerExtensions.LogInformation(ILogger, string?, params object?[])' (https://learn.microsoft.com/dotnet/fundamentals/code-analysis/quality-rules/ca1848) [/home/runner/work/trading-bot-c-/trading-bot-c-/src/BotCore/BotCore.csproj]
/home/runner/work/trading-bot-c-/trading-bot-c-/src/BotCore/Services/MasterDecisionOrchestrator.cs(1421,17): error CA1848: For improved performance, use the LoggerMessage delegates instead of calling 'LoggerExtensions.LogInformation(ILogger, string?, params object?[])' (https://learn.microsoft.com/dotnet/fundamentals/code-analysis/quality-rules/ca1848) [/home/runner/work/trading-bot-c-/trading-bot-c-/src/BotCore/BotCore.csproj]
/home/runner/work/trading-bot-c-/trading-bot-c-/src/BotCore/Services/MasterDecisionOrchestrator.cs(1438,17): error CA1848: For improved performance, use the LoggerMessage delegates instead of calling 'LoggerExtensions.LogInformation(ILogger, string?, params object?[])' (https://learn.microsoft.com/dotnet/fundamentals/code-analysis/quality-rules/ca1848) [/home/runner/work/trading-bot-c-/trading-bot-c-/src/BotCore/BotCore.csproj]
/home/runner/work/trading-bot-c-/trading-bot-c-/src/BotCore/Services/MasterDecisionOrchestrator.cs(1460,13): error CA1848: For improved performance, use the LoggerMessage delegates instead of calling 'LoggerExtensions.LogInformation(ILogger, string?, params object?[])' (https://learn.microsoft.com/dotnet/fundamentals/code-analysis/quality-rules/ca1848) [/home/runner/work/trading-bot-c-/trading-bot-c-/src/BotCore/BotCore.csproj]
/home/runner/work/trading-bot-c-/trading-bot-c-/src/BotCore/Services/MasterDecisionOrchestrator.cs(1461,13): error CA1848: For improved performance, use the LoggerMessage delegates instead of calling 'LoggerExtensions.LogInformation(ILogger, string?, params object?[])' (https://learn.microsoft.com/dotnet/fundamentals/code-analysis/quality-rules/ca1848) [/home/runner/work/trading-bot-c-/trading-bot-c-/src/BotCore/BotCore.csproj]
/home/runner/work/trading-bot-c-/trading-bot-c-/src/BotCore/Services/MasterDecisionOrchestrator.cs(1468,13): error CA1848: For improved performance, use the LoggerMessage delegates instead of calling 'LoggerExtensions.LogError(ILogger, Exception?, string?, params object?[])' (https://learn.microsoft.com/dotnet/fundamentals/code-analysis/quality-rules/ca1848) [/home/runner/work/trading-bot-c-/trading-bot-c-/src/BotCore/BotCore.csproj]
/home/runner/work/trading-bot-c-/trading-bot-c-/src/BotCore/Services/MasterDecisionOrchestrator.cs(1473,13): error CA1848: For improved performance, use the LoggerMessage delegates instead of calling 'LoggerExtensions.LogError(ILogger, Exception?, string?, params object?[])' (https://learn.microsoft.com/dotnet/fundamentals/code-analysis/quality-rules/ca1848) [/home/runner/work/trading-bot-c-/trading-bot-c-/src/BotCore/BotCore.csproj]
/home/runner/work/trading-bot-c-/trading-bot-c-/src/BotCore/Services/CloudModelSynchronizationService.cs(64,13): error CA1848: For improved performance, use the LoggerMessage delegates instead of calling 'LoggerExtensions.LogWarning(ILogger, string?, params object?[])' (https://learn.microsoft.com/dotnet/fundamentals/code-analysis/quality-rules/ca1848) [/home/runner/work/trading-bot-c-/trading-bot-c-/src/BotCore/BotCore.csproj]
/home/runner/work/trading-bot-c-/trading-bot-c-/src/BotCore/Services/CloudModelSynchronizationService.cs(97,9): error CA1848: For improved performance, use the LoggerMessage delegates instead of calling 'LoggerExtensions.LogInformation(ILogger, string?, params object?[])' (https://learn.microsoft.com/dotnet/fundamentals/code-analysis/quality-rules/ca1848) [/home/runner/work/trading-bot-c-/trading-bot-c-/src/BotCore/BotCore.csproj]
/home/runner/work/trading-bot-c-/trading-bot-c-/src/BotCore/Services/EnhancedMarketDataFlowService.cs(790,21): error CA1848: For improved performance, use the LoggerMessage delegates instead of calling 'LoggerExtensions.LogError(ILogger, Exception?, string?, params object?[])' (https://learn.microsoft.com/dotnet/fundamentals/code-analysis/quality-rules/ca1848) [/home/runner/work/trading-bot-c-/trading-bot-c-/src/BotCore/BotCore.csproj]
/home/runner/work/trading-bot-c-/trading-bot-c-/src/BotCore/Services/EnhancedMarketDataFlowService.cs(788,17): error CA1031: Modify 'Dispose' to catch a more specific allowed exception type, or rethrow the exception (https://learn.microsoft.com/dotnet/fundamentals/code-analysis/quality-rules/ca1031) [/home/runner/work/trading-bot-c-/trading-bot-c-/src/BotCore/BotCore.csproj]
/home/runner/work/trading-bot-c-/trading-bot-c-/src/BotCore/Services/CloudModelSynchronizationService.cs(103,9): error CA1848: For improved performance, use the LoggerMessage delegates instead of calling 'LoggerExtensions.LogInformation(ILogger, string?, params object?[])' (https://learn.microsoft.com/dotnet/fundamentals/code-analysis/quality-rules/ca1848) [/home/runner/work/trading-bot-c-/trading-bot-c-/src/BotCore/BotCore.csproj]
/home/runner/work/trading-bot-c-/trading-bot-c-/src/BotCore/Services/CloudModelSynchronizationService.cs(122,17): error CA1848: For improved performance, use the LoggerMessage delegates instead of calling 'LoggerExtensions.LogError(ILogger, Exception?, string?, params object?[])' (https://learn.microsoft.com/dotnet/fundamentals/code-analysis/quality-rules/ca1848) [/home/runner/work/trading-bot-c-/trading-bot-c-/src/BotCore/BotCore.csproj]
/home/runner/work/trading-bot-c-/trading-bot-c-/src/BotCore/Services/CloudModelSynchronizationService.cs(127,9): error CA1848: For improved performance, use the LoggerMessage delegates instead of calling 'LoggerExtensions.LogInformation(ILogger, string?, params object?[])' (https://learn.microsoft.com/dotnet/fundamentals/code-analysis/quality-rules/ca1848) [/home/runner/work/trading-bot-c-/trading-bot-c-/src/BotCore/BotCore.csproj]
/home/runner/work/trading-bot-c-/trading-bot-c-/src/BotCore/Services/CloudModelSynchronizationService.cs(120,13): error CA1031: Modify 'ExecuteAsync' to catch a more specific allowed exception type, or rethrow the exception (https://learn.microsoft.com/dotnet/fundamentals/code-analysis/quality-rules/ca1031) [/home/runner/work/trading-bot-c-/trading-bot-c-/src/BotCore/BotCore.csproj]
/home/runner/work/trading-bot-c-/trading-bot-c-/src/BotCore/Services/CloudModelDownloader.cs(40,9): error CA1848: For improved performance, use the LoggerMessage delegates instead of calling 'LoggerExtensions.LogInformation(ILogger, string?, params object?[])' (https://learn.microsoft.com/dotnet/fundamentals/code-analysis/quality-rules/ca1848) [/home/runner/work/trading-bot-c-/trading-bot-c-/src/BotCore/BotCore.csproj]
/home/runner/work/trading-bot-c-/trading-bot-c-/src/BotCore/Services/CloudModelDownloader.cs(61,13): error CA1848: For improved performance, use the LoggerMessage delegates instead of calling 'LoggerExtensions.LogInformation(ILogger, string?, params object?[])' (https://learn.microsoft.com/dotnet/fundamentals/code-analysis/quality-rules/ca1848) [/home/runner/work/trading-bot-c-/trading-bot-c-/src/BotCore/BotCore.csproj]
/home/runner/work/trading-bot-c-/trading-bot-c-/src/BotCore/Services/CloudModelDownloader.cs(69,13): error CA1848: For improved performance, use the LoggerMessage delegates instead of calling 'LoggerExtensions.LogError(ILogger, Exception?, string?, params object?[])' (https://learn.microsoft.com/dotnet/fundamentals/code-analysis/quality-rules/ca1848) [/home/runner/work/trading-bot-c-/trading-bot-c-/src/BotCore/BotCore.csproj]
/home/runner/work/trading-bot-c-/trading-bot-c-/src/BotCore/Services/CloudModelDownloader.cs(67,9): error CA1031: Modify 'DownloadAndValidateModelAsync' to catch a more specific allowed exception type, or rethrow the exception (https://learn.microsoft.com/dotnet/fundamentals/code-analysis/quality-rules/ca1031) [/home/runner/work/trading-bot-c-/trading-bot-c-/src/BotCore/BotCore.csproj]
/home/runner/work/trading-bot-c-/trading-bot-c-/src/BotCore/Services/MasterDecisionOrchestrator.cs(1535,9): error CA1848: For improved performance, use the LoggerMessage delegates instead of calling 'LoggerExtensions.LogCritical(ILogger, string?, params object?[])' (https://learn.microsoft.com/dotnet/fundamentals/code-analysis/quality-rules/ca1848) [/home/runner/work/trading-bot-c-/trading-bot-c-/src/BotCore/BotCore.csproj]
/home/runner/work/trading-bot-c-/trading-bot-c-/src/BotCore/Services/MasterDecisionOrchestrator.cs(1536,9): error CA1848: For improved performance, use the LoggerMessage delegates instead of calling 'LoggerExtensions.LogCritical(ILogger, string?, params object?[])' (https://learn.microsoft.com/dotnet/fundamentals/code-analysis/quality-rules/ca1848) [/home/runner/work/trading-bot-c-/trading-bot-c-/src/BotCore/BotCore.csproj]
/home/runner/work/trading-bot-c-/trading-bot-c-/src/BotCore/Services/MasterDecisionOrchestrator.cs(1537,9): error CA1848: For improved performance, use the LoggerMessage delegates instead of calling 'LoggerExtensions.LogCritical(ILogger, string?, params object?[])' (https://learn.microsoft.com/dotnet/fundamentals/code-analysis/quality-rules/ca1848) [/home/runner/work/trading-bot-c-/trading-bot-c-/src/BotCore/BotCore.csproj]
/home/runner/work/trading-bot-c-/trading-bot-c-/src/BotCore/Services/MasterDecisionOrchestrator.cs(1538,9): error CA1848: For improved performance, use the LoggerMessage delegates instead of calling 'LoggerExtensions.LogCritical(ILogger, string?, params object?[])' (https://learn.microsoft.com/dotnet/fundamentals/code-analysis/quality-rules/ca1848) [/home/runner/work/trading-bot-c-/trading-bot-c-/src/BotCore/BotCore.csproj]
/home/runner/work/trading-bot-c-/trading-bot-c-/src/BotCore/Services/MasterDecisionOrchestrator.cs(1539,9): error CA1848: For improved performance, use the LoggerMessage delegates instead of calling 'LoggerExtensions.LogCritical(ILogger, string?, params object?[])' (https://learn.microsoft.com/dotnet/fundamentals/code-analysis/quality-rules/ca1848) [/home/runner/work/trading-bot-c-/trading-bot-c-/src/BotCore/BotCore.csproj]
/home/runner/work/trading-bot-c-/trading-bot-c-/src/BotCore/Services/MasterDecisionOrchestrator.cs(1540,9): error CA1848: For improved performance, use the LoggerMessage delegates instead of calling 'LoggerExtensions.LogCritical(ILogger, string?, params object?[])' (https://learn.microsoft.com/dotnet/fundamentals/code-analysis/quality-rules/ca1848) [/home/runner/work/trading-bot-c-/trading-bot-c-/src/BotCore/BotCore.csproj]
/home/runner/work/trading-bot-c-/trading-bot-c-/src/BotCore/Services/MasterDecisionOrchestrator.cs(1559,9): error CA1848: For improved performance, use the LoggerMessage delegates instead of calling 'LoggerExtensions.LogCritical(ILogger, string?, params object?[])' (https://learn.microsoft.com/dotnet/fundamentals/code-analysis/quality-rules/ca1848) [/home/runner/work/trading-bot-c-/trading-bot-c-/src/BotCore/BotCore.csproj]
/home/runner/work/trading-bot-c-/trading-bot-c-/src/BotCore/Services/MasterDecisionOrchestrator.cs(1560,9): error CA1848: For improved performance, use the LoggerMessage delegates instead of calling 'LoggerExtensions.LogCritical(ILogger, string?, params object?[])' (https://learn.microsoft.com/dotnet/fundamentals/code-analysis/quality-rules/ca1848) [/home/runner/work/trading-bot-c-/trading-bot-c-/src/BotCore/BotCore.csproj]
/home/runner/work/trading-bot-c-/trading-bot-c-/src/BotCore/Services/CloudModelDownloader.cs(87,59): error S1172: Remove this unused method parameter 'name'. (https://rules.sonarsource.com/csharp/RSPEC-1172) [/home/runner/work/trading-bot-c-/trading-bot-c-/src/BotCore/BotCore.csproj]
/home/runner/work/trading-bot-c-/trading-bot-c-/src/BotCore/Services/CloudModelDownloader.cs(94,13): error CA1848: For improved performance, use the LoggerMessage delegates instead of calling 'LoggerExtensions.LogInformation(ILogger, string?, params object?[])' (https://learn.microsoft.com/dotnet/fundamentals/code-analysis/quality-rules/ca1848) [/home/runner/work/trading-bot-c-/trading-bot-c-/src/BotCore/BotCore.csproj]
/home/runner/work/trading-bot-c-/trading-bot-c-/src/BotCore/Services/CloudModelDownloader.cs(97,9): error CA1031: Modify 'VerifyHashAsync' to catch a more specific allowed exception type, or rethrow the exception (https://learn.microsoft.com/dotnet/fundamentals/code-analysis/quality-rules/ca1031) [/home/runner/work/trading-bot-c-/trading-bot-c-/src/BotCore/BotCore.csproj]
/home/runner/work/trading-bot-c-/trading-bot-c-/src/BotCore/Services/CloudModelSynchronizationService.cs(133,23): error S1541: The Cyclomatic Complexity of this method is 15 which is greater than 10 authorized. (https://rules.sonarsource.com/csharp/RSPEC-1541) [/home/runner/work/trading-bot-c-/trading-bot-c-/src/BotCore/BotCore.csproj]
/home/runner/work/trading-bot-c-/trading-bot-c-/src/BotCore/Services/CloudModelDownloader.cs(105,13): error CA1848: For improved performance, use the LoggerMessage delegates instead of calling 'LoggerExtensions.LogInformation(ILogger, string?, params object?[])' (https://learn.microsoft.com/dotnet/fundamentals/code-analysis/quality-rules/ca1848) [/home/runner/work/trading-bot-c-/trading-bot-c-/src/BotCore/BotCore.csproj]
/home/runner/work/trading-bot-c-/trading-bot-c-/src/BotCore/Services/CloudModelDownloader.cs(108,9): error CA1031: Modify 'ValidateCompatibility' to catch a more specific allowed exception type, or rethrow the exception (https://learn.microsoft.com/dotnet/fundamentals/code-analysis/quality-rules/ca1031) [/home/runner/work/trading-bot-c-/trading-bot-c-/src/BotCore/BotCore.csproj]
/home/runner/work/trading-bot-c-/trading-bot-c-/src/BotCore/Services/CloudModelSynchronizationService.cs(137,13): error CA1848: For improved performance, use the LoggerMessage delegates instead of calling 'LoggerExtensions.LogWarning(ILogger, string?, params object?[])' (https://learn.microsoft.com/dotnet/fundamentals/code-analysis/quality-rules/ca1848) [/home/runner/work/trading-bot-c-/trading-bot-c-/src/BotCore/BotCore.csproj]
/home/runner/work/trading-bot-c-/trading-bot-c-/src/BotCore/Services/CloudModelSynchronizationService.cs(152,13): error CA1848: For improved performance, use the LoggerMessage delegates instead of calling 'LoggerExtensions.LogInformation(ILogger, string?, params object?[])' (https://learn.microsoft.com/dotnet/fundamentals/code-analysis/quality-rules/ca1848) [/home/runner/work/trading-bot-c-/trading-bot-c-/src/BotCore/BotCore.csproj]
/home/runner/work/trading-bot-c-/trading-bot-c-/src/BotCore/Services/CloudModelSynchronizationService.cs(193,21): error CA1848: For improved performance, use the LoggerMessage delegates instead of calling 'LoggerExtensions.LogWarning(ILogger, Exception?, string?, params object?[])' (https://learn.microsoft.com/dotnet/fundamentals/code-analysis/quality-rules/ca1848) [/home/runner/work/trading-bot-c-/trading-bot-c-/src/BotCore/BotCore.csproj]
/home/runner/work/trading-bot-c-/trading-bot-c-/src/BotCore/Services/CloudModelSynchronizationService.cs(200,13): error CA1848: For improved performance, use the LoggerMessage delegates instead of calling 'LoggerExtensions.LogInformation(ILogger, string?, params object?[])' (https://learn.microsoft.com/dotnet/fundamentals/code-analysis/quality-rules/ca1848) [/home/runner/work/trading-bot-c-/trading-bot-c-/src/BotCore/BotCore.csproj]
/home/runner/work/trading-bot-c-/trading-bot-c-/src/BotCore/Services/CloudModelSynchronizationService.cs(205,13): error CA1848: For improved performance, use the LoggerMessage delegates instead of calling 'LoggerExtensions.LogError(ILogger, Exception?, string?, params object?[])' (https://learn.microsoft.com/dotnet/fundamentals/code-analysis/quality-rules/ca1848) [/home/runner/work/trading-bot-c-/trading-bot-c-/src/BotCore/BotCore.csproj]
/home/runner/work/trading-bot-c-/trading-bot-c-/src/BotCore/Services/CloudModelDownloader.cs(116,9): error CA1848: For improved performance, use the LoggerMessage delegates instead of calling 'LoggerExtensions.LogInformation(ILogger, string?, params object?[])' (https://learn.microsoft.com/dotnet/fundamentals/code-analysis/quality-rules/ca1848) [/home/runner/work/trading-bot-c-/trading-bot-c-/src/BotCore/BotCore.csproj]
/home/runner/work/trading-bot-c-/trading-bot-c-/src/BotCore/Services/CloudModelDownloader.cs(121,59): error S2486: Handle the exception or explain in a comment why it can be ignored. (https://rules.sonarsource.com/csharp/RSPEC-2486) [/home/runner/work/trading-bot-c-/trading-bot-c-/src/BotCore/BotCore.csproj]
/home/runner/work/trading-bot-c-/trading-bot-c-/src/BotCore/Services/CloudModelDownloader.cs(121,65): error S108: Either remove or fill this block of code. (https://rules.sonarsource.com/csharp/RSPEC-108) [/home/runner/work/trading-bot-c-/trading-bot-c-/src/BotCore/BotCore.csproj]
/home/runner/work/trading-bot-c-/trading-bot-c-/src/BotCore/Services/CloudModelDownloader.cs(121,59): error CA1031: Modify 'CleanupStaging' to catch a more specific allowed exception type, or rethrow the exception (https://learn.microsoft.com/dotnet/fundamentals/code-analysis/quality-rules/ca1031) [/home/runner/work/trading-bot-c-/trading-bot-c-/src/BotCore/BotCore.csproj]
/home/runner/work/trading-bot-c-/trading-bot-c-/src/BotCore/Services/MasterDecisionOrchestrator.cs(1589,13): error CA1848: For improved performance, use the LoggerMessage delegates instead of calling 'LoggerExtensions.LogWarning(ILogger, string?, params object?[])' (https://learn.microsoft.com/dotnet/fundamentals/code-analysis/quality-rules/ca1848) [/home/runner/work/trading-bot-c-/trading-bot-c-/src/BotCore/BotCore.csproj]
/home/runner/work/trading-bot-c-/trading-bot-c-/src/BotCore/Services/CloudModelSynchronizationService.cs(191,17): error CA1031: Modify 'SynchronizeModelsAsync' to catch a more specific allowed exception type, or rethrow the exception (https://learn.microsoft.com/dotnet/fundamentals/code-analysis/quality-rules/ca1031) [/home/runner/work/trading-bot-c-/trading-bot-c-/src/BotCore/BotCore.csproj]
/home/runner/work/trading-bot-c-/trading-bot-c-/src/BotCore/Services/CloudModelSynchronizationService.cs(203,9): error CA1031: Modify 'SynchronizeModelsAsync' to catch a more specific allowed exception type, or rethrow the exception (https://learn.microsoft.com/dotnet/fundamentals/code-analysis/quality-rules/ca1031) [/home/runner/work/trading-bot-c-/trading-bot-c-/src/BotCore/BotCore.csproj]
/home/runner/work/trading-bot-c-/trading-bot-c-/src/BotCore/Services/CloudEgressGuardHandler.cs(22,110): error CA1725: In member Task<HttpResponseMessage> CloudEgressGuardHandler.SendAsync(HttpRequestMessage request, CancellationToken ct), change parameter name ct to cancellationToken in order to match the identifier as it has been declared in Task<HttpResponseMessage> DelegatingHandler.SendAsync(HttpRequestMessage request, CancellationToken cancellationToken) (https://learn.microsoft.com/dotnet/fundamentals/code-analysis/quality-rules/ca1725) [/home/runner/work/trading-bot-c-/trading-bot-c-/src/BotCore/BotCore.csproj]
/home/runner/work/trading-bot-c-/trading-bot-c-/src/BotCore/Services/CloudEgressGuardHandler.cs(22,110): error S927: Rename parameter 'ct' to 'cancellationToken' to match the base class declaration. (https://rules.sonarsource.com/csharp/RSPEC-927) [/home/runner/work/trading-bot-c-/trading-bot-c-/src/BotCore/BotCore.csproj]
/home/runner/work/trading-bot-c-/trading-bot-c-/src/BotCore/Services/MasterDecisionOrchestrator.cs(1624,9): error S1172: Remove this unused method parameter 'decisionId'. (https://rules.sonarsource.com/csharp/RSPEC-1172) [/home/runner/work/trading-bot-c-/trading-bot-c-/src/BotCore/BotCore.csproj]
/home/runner/work/trading-bot-c-/trading-bot-c-/src/BotCore/Services/MasterDecisionOrchestrator.cs(1628,9): error S1172: Remove this unused method parameter 'cancellationToken'. (https://rules.sonarsource.com/csharp/RSPEC-1172) [/home/runner/work/trading-bot-c-/trading-bot-c-/src/BotCore/BotCore.csproj]
/home/runner/work/trading-bot-c-/trading-bot-c-/src/BotCore/Services/CloudDataUploader.cs(37,13): error CA1848: For improved performance, use the LoggerMessage delegates instead of calling 'LoggerExtensions.LogInformation(ILogger, string?, params object?[])' (https://learn.microsoft.com/dotnet/fundamentals/code-analysis/quality-rules/ca1848) [/home/runner/work/trading-bot-c-/trading-bot-c-/src/BotCore/BotCore.csproj]
/home/runner/work/trading-bot-c-/trading-bot-c-/src/BotCore/Services/CloudDataUploader.cs(51,17): error CA1848: For improved performance, use the LoggerMessage delegates instead of calling 'LoggerExtensions.LogInformation(ILogger, string?, params object?[])' (https://learn.microsoft.com/dotnet/fundamentals/code-analysis/quality-rules/ca1848) [/home/runner/work/trading-bot-c-/trading-bot-c-/src/BotCore/BotCore.csproj]
/home/runner/work/trading-bot-c-/trading-bot-c-/src/BotCore/Services/CloudDataUploader.cs(56,17): error CA1848: For improved performance, use the LoggerMessage delegates instead of calling 'LoggerExtensions.LogWarning(ILogger, string?, params object?[])' (https://learn.microsoft.com/dotnet/fundamentals/code-analysis/quality-rules/ca1848) [/home/runner/work/trading-bot-c-/trading-bot-c-/src/BotCore/BotCore.csproj]
/home/runner/work/trading-bot-c-/trading-bot-c-/src/BotCore/Services/CloudDataUploader.cs(62,13): error CA1848: For improved performance, use the LoggerMessage delegates instead of calling 'LoggerExtensions.LogError(ILogger, Exception?, string?, params object?[])' (https://learn.microsoft.com/dotnet/fundamentals/code-analysis/quality-rules/ca1848) [/home/runner/work/trading-bot-c-/trading-bot-c-/src/BotCore/BotCore.csproj]
/home/runner/work/trading-bot-c-/trading-bot-c-/src/BotCore/Services/CloudDataUploader.cs(60,9): error CA1031: Modify 'UploadTradeDataAsync' to catch a more specific allowed exception type, or rethrow the exception (https://learn.microsoft.com/dotnet/fundamentals/code-analysis/quality-rules/ca1031) [/home/runner/work/trading-bot-c-/trading-bot-c-/src/BotCore/BotCore.csproj]
/home/runner/work/trading-bot-c-/trading-bot-c-/src/BotCore/Services/CloudDataUploader.cs(71,13): error CA1848: For improved performance, use the LoggerMessage delegates instead of calling 'LoggerExtensions.LogInformation(ILogger, string?, params object?[])' (https://learn.microsoft.com/dotnet/fundamentals/code-analysis/quality-rules/ca1848) [/home/runner/work/trading-bot-c-/trading-bot-c-/src/BotCore/BotCore.csproj]
/home/runner/work/trading-bot-c-/trading-bot-c-/src/BotCore/Services/CloudDataUploader.cs(89,17): error CA1848: For improved performance, use the LoggerMessage delegates instead of calling 'LoggerExtensions.LogInformation(ILogger, string?, params object?[])' (https://learn.microsoft.com/dotnet/fundamentals/code-analysis/quality-rules/ca1848) [/home/runner/work/trading-bot-c-/trading-bot-c-/src/BotCore/BotCore.csproj]
/home/runner/work/trading-bot-c-/trading-bot-c-/src/BotCore/Services/CloudDataUploader.cs(94,17): error CA1848: For improved performance, use the LoggerMessage delegates instead of calling 'LoggerExtensions.LogWarning(ILogger, string?, params object?[])' (https://learn.microsoft.com/dotnet/fundamentals/code-analysis/quality-rules/ca1848) [/home/runner/work/trading-bot-c-/trading-bot-c-/src/BotCore/BotCore.csproj]
/home/runner/work/trading-bot-c-/trading-bot-c-/src/BotCore/Services/CloudDataUploader.cs(100,13): error CA1848: For improved performance, use the LoggerMessage delegates instead of calling 'LoggerExtensions.LogError(ILogger, Exception?, string?, params object?[])' (https://learn.microsoft.com/dotnet/fundamentals/code-analysis/quality-rules/ca1848) [/home/runner/work/trading-bot-c-/trading-bot-c-/src/BotCore/BotCore.csproj]
/home/runner/work/trading-bot-c-/trading-bot-c-/src/BotCore/Services/CloudDataUploader.cs(98,9): error CA1031: Modify 'UploadMarketDataAsync' to catch a more specific allowed exception type, or rethrow the exception (https://learn.microsoft.com/dotnet/fundamentals/code-analysis/quality-rules/ca1031) [/home/runner/work/trading-bot-c-/trading-bot-c-/src/BotCore/BotCore.csproj]
/home/runner/work/trading-bot-c-/trading-bot-c-/src/BotCore/Services/CloudModelSynchronizationService.cs(221,17): error CA1848: For improved performance, use the LoggerMessage delegates instead of calling 'LoggerExtensions.LogWarning(ILogger, string?, params object?[])' (https://learn.microsoft.com/dotnet/fundamentals/code-analysis/quality-rules/ca1848) [/home/runner/work/trading-bot-c-/trading-bot-c-/src/BotCore/BotCore.csproj]
/home/runner/work/trading-bot-c-/trading-bot-c-/src/BotCore/Services/CloudModelSynchronizationService.cs(235,13): error CA1848: For improved performance, use the LoggerMessage delegates instead of calling 'LoggerExtensions.LogDebug(ILogger, string?, params object?[])' (https://learn.microsoft.com/dotnet/fundamentals/code-analysis/quality-rules/ca1848) [/home/runner/work/trading-bot-c-/trading-bot-c-/src/BotCore/BotCore.csproj]
/home/runner/work/trading-bot-c-/trading-bot-c-/src/BotCore/Services/CloudModelSynchronizationService.cs(240,13): error CA1848: For improved performance, use the LoggerMessage delegates instead of calling 'LoggerExtensions.LogError(ILogger, Exception?, string?, params object?[])' (https://learn.microsoft.com/dotnet/fundamentals/code-analysis/quality-rules/ca1848) [/home/runner/work/trading-bot-c-/trading-bot-c-/src/BotCore/BotCore.csproj]
/home/runner/work/trading-bot-c-/trading-bot-c-/src/BotCore/Services/CloudModelSynchronizationService.cs(238,9): error CA1031: Modify 'GetCompletedWorkflowRunsAsync' to catch a more specific allowed exception type, or rethrow the exception (https://learn.microsoft.com/dotnet/fundamentals/code-analysis/quality-rules/ca1031) [/home/runner/work/trading-bot-c-/trading-bot-c-/src/BotCore/BotCore.csproj]
/home/runner/work/trading-bot-c-/trading-bot-c-/src/BotCore/Services/MasterDecisionOrchestrator.cs(1680,9): error CA1848: For improved performance, use the LoggerMessage delegates instead of calling 'LoggerExtensions.LogInformation(ILogger, string?, params object?[])' (https://learn.microsoft.com/dotnet/fundamentals/code-analysis/quality-rules/ca1848) [/home/runner/work/trading-bot-c-/trading-bot-c-/src/BotCore/BotCore.csproj]
/home/runner/work/trading-bot-c-/trading-bot-c-/src/BotCore/Services/MasterDecisionOrchestrator.cs(1690,13): error CA1848: For improved performance, use the LoggerMessage delegates instead of calling 'LoggerExtensions.LogInformation(ILogger, string?, params object?[])' (https://learn.microsoft.com/dotnet/fundamentals/code-analysis/quality-rules/ca1848) [/home/runner/work/trading-bot-c-/trading-bot-c-/src/BotCore/BotCore.csproj]
/home/runner/work/trading-bot-c-/trading-bot-c-/src/BotCore/Services/MasterDecisionOrchestrator.cs(1694,13): error CA1848: For improved performance, use the LoggerMessage delegates instead of calling 'LoggerExtensions.LogError(ILogger, Exception?, string?, params object?[])' (https://learn.microsoft.com/dotnet/fundamentals/code-analysis/quality-rules/ca1848) [/home/runner/work/trading-bot-c-/trading-bot-c-/src/BotCore/BotCore.csproj]
/home/runner/work/trading-bot-c-/trading-bot-c-/src/BotCore/Services/MasterDecisionOrchestrator.cs(1698,13): error CA1848: For improved performance, use the LoggerMessage delegates instead of calling 'LoggerExtensions.LogError(ILogger, Exception?, string?, params object?[])' (https://learn.microsoft.com/dotnet/fundamentals/code-analysis/quality-rules/ca1848) [/home/runner/work/trading-bot-c-/trading-bot-c-/src/BotCore/BotCore.csproj]
/home/runner/work/trading-bot-c-/trading-bot-c-/src/BotCore/Services/CloudModelSynchronizationService.cs(267,13): error CA1848: For improved performance, use the LoggerMessage delegates instead of calling 'LoggerExtensions.LogWarning(ILogger, Exception?, string?, params object?[])' (https://learn.microsoft.com/dotnet/fundamentals/code-analysis/quality-rules/ca1848) [/home/runner/work/trading-bot-c-/trading-bot-c-/src/BotCore/BotCore.csproj]
/home/runner/work/trading-bot-c-/trading-bot-c-/src/BotCore/Services/CloudModelSynchronizationService.cs(265,9): error CA1031: Modify 'GetWorkflowArtifactsAsync' to catch a more specific allowed exception type, or rethrow the exception (https://learn.microsoft.com/dotnet/fundamentals/code-analysis/quality-rules/ca1031) [/home/runner/work/trading-bot-c-/trading-bot-c-/src/BotCore/BotCore.csproj]
/home/runner/work/trading-bot-c-/trading-bot-c-/src/BotCore/Services/BotSelfAwarenessService.cs(77,17): error CA1848: For improved performance, use the LoggerMessage delegates instead of calling 'LoggerExtensions.LogInformation(ILogger, string?, params object?[])' (https://learn.microsoft.com/dotnet/fundamentals/code-analysis/quality-rules/ca1848) [/home/runner/work/trading-bot-c-/trading-bot-c-/src/BotCore/BotCore.csproj]
/home/runner/work/trading-bot-c-/trading-bot-c-/src/BotCore/Services/BotSelfAwarenessService.cs(84,13): error CA1848: For improved performance, use the LoggerMessage delegates instead of calling 'LoggerExtensions.LogInformation(ILogger, string?, params object?[])' (https://learn.microsoft.com/dotnet/fundamentals/code-analysis/quality-rules/ca1848) [/home/runner/work/trading-bot-c-/trading-bot-c-/src/BotCore/BotCore.csproj]
/home/runner/work/trading-bot-c-/trading-bot-c-/src/BotCore/Services/BotSelfAwarenessService.cs(85,13): error CA1848: For improved performance, use the LoggerMessage delegates instead of calling 'LoggerExtensions.LogInformation(ILogger, string?, params object?[])' (https://learn.microsoft.com/dotnet/fundamentals/code-analysis/quality-rules/ca1848) [/home/runner/work/trading-bot-c-/trading-bot-c-/src/BotCore/BotCore.csproj]
/home/runner/work/trading-bot-c-/trading-bot-c-/src/BotCore/Services/BotSelfAwarenessService.cs(86,13): error CA1848: For improved performance, use the LoggerMessage delegates instead of calling 'LoggerExtensions.LogInformation(ILogger, string?, params object?[])' (https://learn.microsoft.com/dotnet/fundamentals/code-analysis/quality-rules/ca1848) [/home/runner/work/trading-bot-c-/trading-bot-c-/src/BotCore/BotCore.csproj]
/home/runner/work/trading-bot-c-/trading-bot-c-/src/BotCore/Services/BotSelfAwarenessService.cs(93,17): error CA1848: For improved performance, use the LoggerMessage delegates instead of calling 'LoggerExtensions.LogWarning(ILogger, string?, params object?[])' (https://learn.microsoft.com/dotnet/fundamentals/code-analysis/quality-rules/ca1848) [/home/runner/work/trading-bot-c-/trading-bot-c-/src/BotCore/BotCore.csproj]
/home/runner/work/trading-bot-c-/trading-bot-c-/src/BotCore/Services/BotSelfAwarenessService.cs(97,13): error CA1848: For improved performance, use the LoggerMessage delegates instead of calling 'LoggerExtensions.LogInformation(ILogger, string?, params object?[])' (https://learn.microsoft.com/dotnet/fundamentals/code-analysis/quality-rules/ca1848) [/home/runner/work/trading-bot-c-/trading-bot-c-/src/BotCore/BotCore.csproj]
/home/runner/work/trading-bot-c-/trading-bot-c-/src/BotCore/Services/BotSelfAwarenessService.cs(121,21): error CA1848: For improved performance, use the LoggerMessage delegates instead of calling 'LoggerExtensions.LogError(ILogger, Exception?, string?, params object?[])' (https://learn.microsoft.com/dotnet/fundamentals/code-analysis/quality-rules/ca1848) [/home/runner/work/trading-bot-c-/trading-bot-c-/src/BotCore/BotCore.csproj]
/home/runner/work/trading-bot-c-/trading-bot-c-/src/BotCore/Services/BotSelfAwarenessService.cs(126,13): error CA1848: For improved performance, use the LoggerMessage delegates instead of calling 'LoggerExtensions.LogInformation(ILogger, string?, params object?[])' (https://learn.microsoft.com/dotnet/fundamentals/code-analysis/quality-rules/ca1848) [/home/runner/work/trading-bot-c-/trading-bot-c-/src/BotCore/BotCore.csproj]
/home/runner/work/trading-bot-c-/trading-bot-c-/src/BotCore/Services/BotSelfAwarenessService.cs(130,13): error CA1848: For improved performance, use the LoggerMessage delegates instead of calling 'LoggerExtensions.LogInformation(ILogger, Exception?, string?, params object?[])' (https://learn.microsoft.com/dotnet/fundamentals/code-analysis/quality-rules/ca1848) [/home/runner/work/trading-bot-c-/trading-bot-c-/src/BotCore/BotCore.csproj]
/home/runner/work/trading-bot-c-/trading-bot-c-/src/BotCore/Services/BotSelfAwarenessService.cs(134,13): error CA1848: For improved performance, use the LoggerMessage delegates instead of calling 'LoggerExtensions.LogCritical(ILogger, Exception?, string?, params object?[])' (https://learn.microsoft.com/dotnet/fundamentals/code-analysis/quality-rules/ca1848) [/home/runner/work/trading-bot-c-/trading-bot-c-/src/BotCore/BotCore.csproj]
/home/runner/work/trading-bot-c-/trading-bot-c-/src/BotCore/Services/BotSelfAwarenessService.cs(119,17): error CA1031: Modify 'ExecuteAsync' to catch a more specific allowed exception type, or rethrow the exception (https://learn.microsoft.com/dotnet/fundamentals/code-analysis/quality-rules/ca1031) [/home/runner/work/trading-bot-c-/trading-bot-c-/src/BotCore/BotCore.csproj]
/home/runner/work/trading-bot-c-/trading-bot-c-/src/BotCore/Services/BotSelfAwarenessService.cs(132,9): error CA1031: Modify 'ExecuteAsync' to catch a more specific allowed exception type, or rethrow the exception (https://learn.microsoft.com/dotnet/fundamentals/code-analysis/quality-rules/ca1031) [/home/runner/work/trading-bot-c-/trading-bot-c-/src/BotCore/BotCore.csproj]
/home/runner/work/trading-bot-c-/trading-bot-c-/src/BotCore/Services/MasterDecisionOrchestrator.cs(1731,13): error CA1848: For improved performance, use the LoggerMessage delegates instead of calling 'LoggerExtensions.LogInformation(ILogger, string?, params object?[])' (https://learn.microsoft.com/dotnet/fundamentals/code-analysis/quality-rules/ca1848) [/home/runner/work/trading-bot-c-/trading-bot-c-/src/BotCore/BotCore.csproj]
/home/runner/work/trading-bot-c-/trading-bot-c-/src/BotCore/Services/MasterDecisionOrchestrator.cs(1735,13): error CA1848: For improved performance, use the LoggerMessage delegates instead of calling 'LoggerExtensions.LogError(ILogger, Exception?, string?, params object?[])' (https://learn.microsoft.com/dotnet/fundamentals/code-analysis/quality-rules/ca1848) [/home/runner/work/trading-bot-c-/trading-bot-c-/src/BotCore/BotCore.csproj]
/home/runner/work/trading-bot-c-/trading-bot-c-/src/BotCore/Services/MasterDecisionOrchestrator.cs(1739,13): error CA1848: For improved performance, use the LoggerMessage delegates instead of calling 'LoggerExtensions.LogError(ILogger, Exception?, string?, params object?[])' (https://learn.microsoft.com/dotnet/fundamentals/code-analysis/quality-rules/ca1848) [/home/runner/work/trading-bot-c-/trading-bot-c-/src/BotCore/BotCore.csproj]
/home/runner/work/trading-bot-c-/trading-bot-c-/src/BotCore/Services/MasterDecisionOrchestrator.cs(1743,13): error CA1848: For improved performance, use the LoggerMessage delegates instead of calling 'LoggerExtensions.LogError(ILogger, Exception?, string?, params object?[])' (https://learn.microsoft.com/dotnet/fundamentals/code-analysis/quality-rules/ca1848) [/home/runner/work/trading-bot-c-/trading-bot-c-/src/BotCore/BotCore.csproj]
/home/runner/work/trading-bot-c-/trading-bot-c-/src/BotCore/Services/CloudModelSynchronizationService.cs(275,30): error S1541: The Cyclomatic Complexity of this method is 12 which is greater than 10 authorized. (https://rules.sonarsource.com/csharp/RSPEC-1541) [/home/runner/work/trading-bot-c-/trading-bot-c-/src/BotCore/BotCore.csproj]
/home/runner/work/trading-bot-c-/trading-bot-c-/src/BotCore/Services/MasterDecisionOrchestrator.cs(1749,70): error SCS0005: Weak random number generator. (https://security-code-scan.github.io/#SCS0005) [/home/runner/work/trading-bot-c-/trading-bot-c-/src/BotCore/BotCore.csproj]
/home/runner/work/trading-bot-c-/trading-bot-c-/src/BotCore/Services/CloudModelSynchronizationService.cs(286,13): error CA1848: For improved performance, use the LoggerMessage delegates instead of calling 'LoggerExtensions.LogInformation(ILogger, string?, params object?[])' (https://learn.microsoft.com/dotnet/fundamentals/code-analysis/quality-rules/ca1848) [/home/runner/work/trading-bot-c-/trading-bot-c-/src/BotCore/BotCore.csproj]
/home/runner/work/trading-bot-c-/trading-bot-c-/src/BotCore/Services/CloudModelSynchronizationService.cs(294,17): error CA1848: For improved performance, use the LoggerMessage delegates instead of calling 'LoggerExtensions.LogWarning(ILogger, string?, params object?[])' (https://learn.microsoft.com/dotnet/fundamentals/code-analysis/quality-rules/ca1848) [/home/runner/work/trading-bot-c-/trading-bot-c-/src/BotCore/BotCore.csproj]
/home/runner/work/trading-bot-c-/trading-bot-c-/src/BotCore/Services/CloudModelSynchronizationService.cs(330,21): error CA1848: For improved performance, use the LoggerMessage delegates instead of calling 'LoggerExtensions.LogInformation(ILogger, string?, params object?[])' (https://learn.microsoft.com/dotnet/fundamentals/code-analysis/quality-rules/ca1848) [/home/runner/work/trading-bot-c-/trading-bot-c-/src/BotCore/BotCore.csproj]
/home/runner/work/trading-bot-c-/trading-bot-c-/src/BotCore/Services/CloudModelSynchronizationService.cs(339,21): error CA1848: For improved performance, use the LoggerMessage delegates instead of calling 'LoggerExtensions.LogInformation(ILogger, string?, params object?[])' (https://learn.microsoft.com/dotnet/fundamentals/code-analysis/quality-rules/ca1848) [/home/runner/work/trading-bot-c-/trading-bot-c-/src/BotCore/BotCore.csproj]
/home/runner/work/trading-bot-c-/trading-bot-c-/src/BotCore/Services/CloudModelSynchronizationService.cs(344,25): error CA1848: For improved performance, use the LoggerMessage delegates instead of calling 'LoggerExtensions.LogInformation(ILogger, string?, params object?[])' (https://learn.microsoft.com/dotnet/fundamentals/code-analysis/quality-rules/ca1848) [/home/runner/work/trading-bot-c-/trading-bot-c-/src/BotCore/BotCore.csproj]
/home/runner/work/trading-bot-c-/trading-bot-c-/src/BotCore/Services/CloudModelSynchronizationService.cs(348,25): error CA1848: For improved performance, use the LoggerMessage delegates instead of calling 'LoggerExtensions.LogWarning(ILogger, string?, params object?[])' (https://learn.microsoft.com/dotnet/fundamentals/code-analysis/quality-rules/ca1848) [/home/runner/work/trading-bot-c-/trading-bot-c-/src/BotCore/BotCore.csproj]
/home/runner/work/trading-bot-c-/trading-bot-c-/src/BotCore/Services/CloudModelSynchronizationService.cs(353,21): error CA1848: For improved performance, use the LoggerMessage delegates instead of calling 'LoggerExtensions.LogError(ILogger, Exception?, string?, params object?[])' (https://learn.microsoft.com/dotnet/fundamentals/code-analysis/quality-rules/ca1848) [/home/runner/work/trading-bot-c-/trading-bot-c-/src/BotCore/BotCore.csproj]
/home/runner/work/trading-bot-c-/trading-bot-c-/src/BotCore/Services/CloudModelSynchronizationService.cs(361,13): error CA1848: For improved performance, use the LoggerMessage delegates instead of calling 'LoggerExtensions.LogError(ILogger, Exception?, string?, params object?[])' (https://learn.microsoft.com/dotnet/fundamentals/code-analysis/quality-rules/ca1848) [/home/runner/work/trading-bot-c-/trading-bot-c-/src/BotCore/BotCore.csproj]
/home/runner/work/trading-bot-c-/trading-bot-c-/src/BotCore/Services/MasterDecisionOrchestrator.cs(1749,70): error CA5394: Random is an insecure random number generator. Use cryptographically secure random number generators when randomness is required for security. (https://learn.microsoft.com/dotnet/fundamentals/code-analysis/quality-rules/ca5394) [/home/runner/work/trading-bot-c-/trading-bot-c-/src/BotCore/BotCore.csproj]
/home/runner/work/trading-bot-c-/trading-bot-c-/src/BotCore/Services/CloudModelSynchronizationService.cs(351,17): error CA1031: Modify 'DownloadAndUpdateModelAsync' to catch a more specific allowed exception type, or rethrow the exception (https://learn.microsoft.com/dotnet/fundamentals/code-analysis/quality-rules/ca1031) [/home/runner/work/trading-bot-c-/trading-bot-c-/src/BotCore/BotCore.csproj]
/home/runner/work/trading-bot-c-/trading-bot-c-/src/BotCore/Services/CloudModelSynchronizationService.cs(359,9): error CA1031: Modify 'DownloadAndUpdateModelAsync' to catch a more specific allowed exception type, or rethrow the exception (https://learn.microsoft.com/dotnet/fundamentals/code-analysis/quality-rules/ca1031) [/home/runner/work/trading-bot-c-/trading-bot-c-/src/BotCore/BotCore.csproj]
/home/runner/work/trading-bot-c-/trading-bot-c-/src/BotCore/Services/PositionManagementOptimizer.cs(711,83): error S1541: The Cyclomatic Complexity of this method is 11 which is greater than 10 authorized. (https://rules.sonarsource.com/csharp/RSPEC-1541) [/home/runner/work/trading-bot-c-/trading-bot-c-/src/BotCore/BotCore.csproj]
/home/runner/work/trading-bot-c-/trading-bot-c-/src/BotCore/Services/BotSelfAwarenessService.cs(192,17): error CA1848: For improved performance, use the LoggerMessage delegates instead of calling 'LoggerExtensions.LogError(ILogger, Exception?, string?, params object?[])' (https://learn.microsoft.com/dotnet/fundamentals/code-analysis/quality-rules/ca1848) [/home/runner/work/trading-bot-c-/trading-bot-c-/src/BotCore/BotCore.csproj]
/home/runner/work/trading-bot-c-/trading-bot-c-/src/BotCore/Services/BotSelfAwarenessService.cs(190,13): error CA1031: Modify 'CheckAllComponentsHealthAsync' to catch a more specific allowed exception type, or rethrow the exception (https://learn.microsoft.com/dotnet/fundamentals/code-analysis/quality-rules/ca1031) [/home/runner/work/trading-bot-c-/trading-bot-c-/src/BotCore/BotCore.csproj]
/home/runner/work/trading-bot-c-/trading-bot-c-/src/BotCore/Services/MasterDecisionOrchestrator.cs(1780,13): error CA1848: For improved performance, use the LoggerMessage delegates instead of calling 'LoggerExtensions.LogError(ILogger, Exception?, string?, params object?[])' (https://learn.microsoft.com/dotnet/fundamentals/code-analysis/quality-rules/ca1848) [/home/runner/work/trading-bot-c-/trading-bot-c-/src/BotCore/BotCore.csproj]
/home/runner/work/trading-bot-c-/trading-bot-c-/src/BotCore/Services/MasterDecisionOrchestrator.cs(1778,9): error CA1031: Modify 'CheckPerformanceSummariesAsync' to catch a more specific allowed exception type, or rethrow the exception (https://learn.microsoft.com/dotnet/fundamentals/code-analysis/quality-rules/ca1031) [/home/runner/work/trading-bot-c-/trading-bot-c-/src/BotCore/BotCore.csproj]
/home/runner/work/trading-bot-c-/trading-bot-c-/src/BotCore/Services/MasterDecisionOrchestrator.cs(68,41): error CA2213: 'MasterDecisionOrchestrator' contains field '_neuralUcbExtended' that is of IDisposable type 'NeuralUcbExtended?', but it is never disposed. Change the Dispose method on 'MasterDecisionOrchestrator' to call Close or Dispose on this field. (https://learn.microsoft.com/dotnet/fundamentals/code-analysis/quality-rules/ca2213) [/home/runner/work/trading-bot-c-/trading-bot-c-/src/BotCore/BotCore.csproj]
/home/runner/work/trading-bot-c-/trading-bot-c-/src/BotCore/Services/BotSelfAwarenessService.cs(231,17): error CA1848: For improved performance, use the LoggerMessage delegates instead of calling 'LoggerExtensions.LogWarning(ILogger, string?, params object?[])' (https://learn.microsoft.com/dotnet/fundamentals/code-analysis/quality-rules/ca1848) [/home/runner/work/trading-bot-c-/trading-bot-c-/src/BotCore/BotCore.csproj]
/home/runner/work/trading-bot-c-/trading-bot-c-/src/BotCore/Services/BotSelfAwarenessService.cs(242,37): error S1541: The Cyclomatic Complexity of this method is 13 which is greater than 10 authorized. (https://rules.sonarsource.com/csharp/RSPEC-1541) [/home/runner/work/trading-bot-c-/trading-bot-c-/src/BotCore/BotCore.csproj]
/home/runner/work/trading-bot-c-/trading-bot-c-/src/BotCore/Services/BotSelfAwarenessService.cs(266,77): error S1172: Remove this unused method parameter 'cancellationToken'. (https://rules.sonarsource.com/csharp/RSPEC-1172) [/home/runner/work/trading-bot-c-/trading-bot-c-/src/BotCore/BotCore.csproj]
/home/runner/work/trading-bot-c-/trading-bot-c-/src/BotCore/Services/BotSelfAwarenessService.cs(273,13): error CA1848: For improved performance, use the LoggerMessage delegates instead of calling 'LoggerExtensions.LogWarning(ILogger, string?, params object?[])' (https://learn.microsoft.com/dotnet/fundamentals/code-analysis/quality-rules/ca1848) [/home/runner/work/trading-bot-c-/trading-bot-c-/src/BotCore/BotCore.csproj]
/home/runner/work/trading-bot-c-/trading-bot-c-/src/BotCore/Services/BotSelfAwarenessService.cs(288,21): error CA1848: For improved performance, use the LoggerMessage delegates instead of calling 'LoggerExtensions.LogError(ILogger, Exception?, string?, params object?[])' (https://learn.microsoft.com/dotnet/fundamentals/code-analysis/quality-rules/ca1848) [/home/runner/work/trading-bot-c-/trading-bot-c-/src/BotCore/BotCore.csproj]
/home/runner/work/trading-bot-c-/trading-bot-c-/src/BotCore/Services/BotSelfAwarenessService.cs(286,17): error CA1031: Modify 'ReportHealthChangesAsync' to catch a more specific allowed exception type, or rethrow the exception (https://learn.microsoft.com/dotnet/fundamentals/code-analysis/quality-rules/ca1031) [/home/runner/work/trading-bot-c-/trading-bot-c-/src/BotCore/BotCore.csproj]
/home/runner/work/trading-bot-c-/trading-bot-c-/src/BotCore/Services/CloudModelSynchronizationService.cs(380,13): error CA1848: For improved performance, use the LoggerMessage delegates instead of calling 'LoggerExtensions.LogInformation(ILogger, string?, params object?[])' (https://learn.microsoft.com/dotnet/fundamentals/code-analysis/quality-rules/ca1848) [/home/runner/work/trading-bot-c-/trading-bot-c-/src/BotCore/BotCore.csproj]
/home/runner/work/trading-bot-c-/trading-bot-c-/src/BotCore/Services/CloudModelSynchronizationService.cs(388,17): error CA1848: For improved performance, use the LoggerMessage delegates instead of calling 'LoggerExtensions.LogWarning(ILogger, string?, params object?[])' (https://learn.microsoft.com/dotnet/fundamentals/code-analysis/quality-rules/ca1848) [/home/runner/work/trading-bot-c-/trading-bot-c-/src/BotCore/BotCore.csproj]
/home/runner/work/trading-bot-c-/trading-bot-c-/src/BotCore/Services/CloudModelSynchronizationService.cs(406,21): error CA1848: For improved performance, use the LoggerMessage delegates instead of calling 'LoggerExtensions.LogInformation(ILogger, string?, params object?[])' (https://learn.microsoft.com/dotnet/fundamentals/code-analysis/quality-rules/ca1848) [/home/runner/work/trading-bot-c-/trading-bot-c-/src/BotCore/BotCore.csproj]
/home/runner/work/trading-bot-c-/trading-bot-c-/src/BotCore/Services/CloudModelSynchronizationService.cs(428,13): error CA1848: For improved performance, use the LoggerMessage delegates instead of calling 'LoggerExtensions.LogError(ILogger, Exception?, string?, params object?[])' (https://learn.microsoft.com/dotnet/fundamentals/code-analysis/quality-rules/ca1848) [/home/runner/work/trading-bot-c-/trading-bot-c-/src/BotCore/BotCore.csproj]
/home/runner/work/trading-bot-c-/trading-bot-c-/src/BotCore/Services/CloudModelSynchronizationService.cs(426,9): error CA1031: Modify 'ExtractDataArtifactAsync' to catch a more specific allowed exception type, or rethrow the exception (https://learn.microsoft.com/dotnet/fundamentals/code-analysis/quality-rules/ca1031) [/home/runner/work/trading-bot-c-/trading-bot-c-/src/BotCore/BotCore.csproj]
/home/runner/work/trading-bot-c-/trading-bot-c-/src/BotCore/Services/CloudModelSynchronizationService.cs(437,27): error S1541: The Cyclomatic Complexity of this method is 20 which is greater than 10 authorized. (https://rules.sonarsource.com/csharp/RSPEC-1541) [/home/runner/work/trading-bot-c-/trading-bot-c-/src/BotCore/BotCore.csproj]
/home/runner/work/trading-bot-c-/trading-bot-c-/src/BotCore/Services/BotSelfAwarenessService.cs(344,97): error S1172: Remove this unused method parameter 'cancellationToken'. (https://rules.sonarsource.com/csharp/RSPEC-1172) [/home/runner/work/trading-bot-c-/trading-bot-c-/src/BotCore/BotCore.csproj]
/home/runner/work/trading-bot-c-/trading-bot-c-/src/BotCore/Services/PositionManagementOptimizer.cs(805,17): error CA1848: For improved performance, use the LoggerMessage delegates instead of calling 'LoggerExtensions.LogInformation(ILogger, string?, params object?[])' (https://learn.microsoft.com/dotnet/fundamentals/code-analysis/quality-rules/ca1848) [/home/runner/work/trading-bot-c-/trading-bot-c-/src/BotCore/BotCore.csproj]
/home/runner/work/trading-bot-c-/trading-bot-c-/src/BotCore/Services/PositionManagementOptimizer.cs(824,25): error CA1848: For improved performance, use the LoggerMessage delegates instead of calling 'LoggerExtensions.LogInformation(ILogger, string?, params object?[])' (https://learn.microsoft.com/dotnet/fundamentals/code-analysis/quality-rules/ca1848) [/home/runner/work/trading-bot-c-/trading-bot-c-/src/BotCore/BotCore.csproj]
/home/runner/work/trading-bot-c-/trading-bot-c-/src/BotCore/Services/PositionManagementOptimizer.cs(830,25): error CA1848: For improved performance, use the LoggerMessage delegates instead of calling 'LoggerExtensions.LogError(ILogger, Exception?, string?, params object?[])' (https://learn.microsoft.com/dotnet/fundamentals/code-analysis/quality-rules/ca1848) [/home/runner/work/trading-bot-c-/trading-bot-c-/src/BotCore/BotCore.csproj]
/home/runner/work/trading-bot-c-/trading-bot-c-/src/BotCore/Services/PositionManagementOptimizer.cs(834,25): error CA1848: For improved performance, use the LoggerMessage delegates instead of calling 'LoggerExtensions.LogError(ILogger, Exception?, string?, params object?[])' (https://learn.microsoft.com/dotnet/fundamentals/code-analysis/quality-rules/ca1848) [/home/runner/work/trading-bot-c-/trading-bot-c-/src/BotCore/BotCore.csproj]
/home/runner/work/trading-bot-c-/trading-bot-c-/src/BotCore/Services/PositionManagementOptimizer.cs(838,25): error CA1848: For improved performance, use the LoggerMessage delegates instead of calling 'LoggerExtensions.LogError(ILogger, Exception?, string?, params object?[])' (https://learn.microsoft.com/dotnet/fundamentals/code-analysis/quality-rules/ca1848) [/home/runner/work/trading-bot-c-/trading-bot-c-/src/BotCore/BotCore.csproj]
/home/runner/work/trading-bot-c-/trading-bot-c-/src/BotCore/Services/PositionManagementOptimizer.cs(842,17): error CA1848: For improved performance, use the LoggerMessage delegates instead of calling 'LoggerExtensions.LogInformation(ILogger, string?, params object?[])' (https://learn.microsoft.com/dotnet/fundamentals/code-analysis/quality-rules/ca1848) [/home/runner/work/trading-bot-c-/trading-bot-c-/src/BotCore/BotCore.csproj]
/home/runner/work/trading-bot-c-/trading-bot-c-/src/BotCore/Services/PositionManagementOptimizer.cs(847,17): error CA1848: For improved performance, use the LoggerMessage delegates instead of calling 'LoggerExtensions.LogError(ILogger, Exception?, string?, params object?[])' (https://learn.microsoft.com/dotnet/fundamentals/code-analysis/quality-rules/ca1848) [/home/runner/work/trading-bot-c-/trading-bot-c-/src/BotCore/BotCore.csproj]
/home/runner/work/trading-bot-c-/trading-bot-c-/src/BotCore/Services/PositionManagementOptimizer.cs(836,21): error CA1031: Modify 'ExportLearnedParameters' to catch a more specific allowed exception type, or rethrow the exception (https://learn.microsoft.com/dotnet/fundamentals/code-analysis/quality-rules/ca1031) [/home/runner/work/trading-bot-c-/trading-bot-c-/src/BotCore/BotCore.csproj]
/home/runner/work/trading-bot-c-/trading-bot-c-/src/BotCore/Services/PositionManagementOptimizer.cs(845,13): error CA1031: Modify 'ExportLearnedParameters' to catch a more specific allowed exception type, or rethrow the exception (https://learn.microsoft.com/dotnet/fundamentals/code-analysis/quality-rules/ca1031) [/home/runner/work/trading-bot-c-/trading-bot-c-/src/BotCore/BotCore.csproj]
/home/runner/work/trading-bot-c-/trading-bot-c-/src/BotCore/Services/BotSelfAwarenessService.cs(350,9): error CA1848: For improved performance, use the LoggerMessage delegates instead of calling 'LoggerExtensions.LogInformation(ILogger, string?, params object?[])' (https://learn.microsoft.com/dotnet/fundamentals/code-analysis/quality-rules/ca1848) [/home/runner/work/trading-bot-c-/trading-bot-c-/src/BotCore/BotCore.csproj]
/home/runner/work/trading-bot-c-/trading-bot-c-/src/BotCore/Services/BotSelfAwarenessService.cs(351,9): error CA1848: For improved performance, use the LoggerMessage delegates instead of calling 'LoggerExtensions.LogInformation(ILogger, string?, params object?[])' (https://learn.microsoft.com/dotnet/fundamentals/code-analysis/quality-rules/ca1848) [/home/runner/work/trading-bot-c-/trading-bot-c-/src/BotCore/BotCore.csproj]
/home/runner/work/trading-bot-c-/trading-bot-c-/src/BotCore/Services/BotSelfAwarenessService.cs(352,9): error CA1848: For improved performance, use the LoggerMessage delegates instead of calling 'LoggerExtensions.LogInformation(ILogger, string?, params object?[])' (https://learn.microsoft.com/dotnet/fundamentals/code-analysis/quality-rules/ca1848) [/home/runner/work/trading-bot-c-/trading-bot-c-/src/BotCore/BotCore.csproj]
/home/runner/work/trading-bot-c-/trading-bot-c-/src/BotCore/Services/BotSelfAwarenessService.cs(353,9): error CA1848: For improved performance, use the LoggerMessage delegates instead of calling 'LoggerExtensions.LogInformation(ILogger, string?, params object?[])' (https://learn.microsoft.com/dotnet/fundamentals/code-analysis/quality-rules/ca1848) [/home/runner/work/trading-bot-c-/trading-bot-c-/src/BotCore/BotCore.csproj]
/home/runner/work/trading-bot-c-/trading-bot-c-/src/BotCore/Services/BotSelfAwarenessService.cs(354,9): error CA1848: For improved performance, use the LoggerMessage delegates instead of calling 'LoggerExtensions.LogInformation(ILogger, string?, params object?[])' (https://learn.microsoft.com/dotnet/fundamentals/code-analysis/quality-rules/ca1848) [/home/runner/work/trading-bot-c-/trading-bot-c-/src/BotCore/BotCore.csproj]
/home/runner/work/trading-bot-c-/trading-bot-c-/src/BotCore/Services/BotSelfAwarenessService.cs(355,9): error CA1848: For improved performance, use the LoggerMessage delegates instead of calling 'LoggerExtensions.LogInformation(ILogger, string?, params object?[])' (https://learn.microsoft.com/dotnet/fundamentals/code-analysis/quality-rules/ca1848) [/home/runner/work/trading-bot-c-/trading-bot-c-/src/BotCore/BotCore.csproj]
/home/runner/work/trading-bot-c-/trading-bot-c-/src/BotCore/Services/BotSelfAwarenessService.cs(356,9): error CA1848: For improved performance, use the LoggerMessage delegates instead of calling 'LoggerExtensions.LogInformation(ILogger, string?, params object?[])' (https://learn.microsoft.com/dotnet/fundamentals/code-analysis/quality-rules/ca1848) [/home/runner/work/trading-bot-c-/trading-bot-c-/src/BotCore/BotCore.csproj]
/home/runner/work/trading-bot-c-/trading-bot-c-/src/BotCore/Services/BotSelfAwarenessService.cs(357,9): error CA1848: For improved performance, use the LoggerMessage delegates instead of calling 'LoggerExtensions.LogInformation(ILogger, string?, params object?[])' (https://learn.microsoft.com/dotnet/fundamentals/code-analysis/quality-rules/ca1848) [/home/runner/work/trading-bot-c-/trading-bot-c-/src/BotCore/BotCore.csproj]
/home/runner/work/trading-bot-c-/trading-bot-c-/src/BotCore/Services/BotSelfAwarenessService.cs(362,13): error CA1848: For improved performance, use the LoggerMessage delegates instead of calling 'LoggerExtensions.LogWarning(ILogger, string?, params object?[])' (https://learn.microsoft.com/dotnet/fundamentals/code-analysis/quality-rules/ca1848) [/home/runner/work/trading-bot-c-/trading-bot-c-/src/BotCore/BotCore.csproj]
/home/runner/work/trading-bot-c-/trading-bot-c-/src/BotCore/Services/BotSelfAwarenessService.cs(365,17): error CA1848: For improved performance, use the LoggerMessage delegates instead of calling 'LoggerExtensions.LogWarning(ILogger, string?, params object?[])' (https://learn.microsoft.com/dotnet/fundamentals/code-analysis/quality-rules/ca1848) [/home/runner/work/trading-bot-c-/trading-bot-c-/src/BotCore/BotCore.csproj]
/home/runner/work/trading-bot-c-/trading-bot-c-/src/BotCore/Services/BotSelfAwarenessService.cs(373,13): error CA1848: For improved performance, use the LoggerMessage delegates instead of calling 'LoggerExtensions.LogWarning(ILogger, string?, params object?[])' (https://learn.microsoft.com/dotnet/fundamentals/code-analysis/quality-rules/ca1848) [/home/runner/work/trading-bot-c-/trading-bot-c-/src/BotCore/BotCore.csproj]
/home/runner/work/trading-bot-c-/trading-bot-c-/src/BotCore/Services/BotSelfAwarenessService.cs(376,17): error CA1848: For improved performance, use the LoggerMessage delegates instead of calling 'LoggerExtensions.LogWarning(ILogger, string?, params object?[])' (https://learn.microsoft.com/dotnet/fundamentals/code-analysis/quality-rules/ca1848) [/home/runner/work/trading-bot-c-/trading-bot-c-/src/BotCore/BotCore.csproj]
/home/runner/work/trading-bot-c-/trading-bot-c-/src/BotCore/Services/BotSelfAwarenessService.cs(381,9): error CA1848: For improved performance, use the LoggerMessage delegates instead of calling 'LoggerExtensions.LogInformation(ILogger, string?, params object?[])' (https://learn.microsoft.com/dotnet/fundamentals/code-analysis/quality-rules/ca1848) [/home/runner/work/trading-bot-c-/trading-bot-c-/src/BotCore/BotCore.csproj]
/home/runner/work/trading-bot-c-/trading-bot-c-/src/BotCore/Services/BotHealthReporter.cs(59,13): error CA1848: For improved performance, use the LoggerMessage delegates instead of calling 'LoggerExtensions.LogWarning(ILogger, Exception?, string?, params object?[])' (https://learn.microsoft.com/dotnet/fundamentals/code-analysis/quality-rules/ca1848) [/home/runner/work/trading-bot-c-/trading-bot-c-/src/BotCore/BotCore.csproj]
/home/runner/work/trading-bot-c-/trading-bot-c-/src/BotCore/Services/BotHealthReporter.cs(57,9): error CA1031: Modify 'GenerateHealthReportAsync' to catch a more specific allowed exception type, or rethrow the exception (https://learn.microsoft.com/dotnet/fundamentals/code-analysis/quality-rules/ca1031) [/home/runner/work/trading-bot-c-/trading-bot-c-/src/BotCore/BotCore.csproj]
/home/runner/work/trading-bot-c-/trading-bot-c-/src/BotCore/Services/CloudModelSynchronizationService.cs(569,17): error CA1848: For improved performance, use the LoggerMessage delegates instead of calling 'LoggerExtensions.LogDebug(ILogger, string?, params object?[])' (https://learn.microsoft.com/dotnet/fundamentals/code-analysis/quality-rules/ca1848) [/home/runner/work/trading-bot-c-/trading-bot-c-/src/BotCore/BotCore.csproj]
/home/runner/work/trading-bot-c-/trading-bot-c-/src/BotCore/Services/CloudModelSynchronizationService.cs(574,13): error CA1848: For improved performance, use the LoggerMessage delegates instead of calling 'LoggerExtensions.LogDebug(ILogger, string?, params object?[])' (https://learn.microsoft.com/dotnet/fundamentals/code-analysis/quality-rules/ca1848) [/home/runner/work/trading-bot-c-/trading-bot-c-/src/BotCore/BotCore.csproj]
/home/runner/work/trading-bot-c-/trading-bot-c-/src/BotCore/Services/CloudModelSynchronizationService.cs(585,17): error CA1031: Modify 'ExtractAndSaveFileAsync' to catch a more specific allowed exception type, or rethrow the exception (https://learn.microsoft.com/dotnet/fundamentals/code-analysis/quality-rules/ca1031) [/home/runner/work/trading-bot-c-/trading-bot-c-/src/BotCore/BotCore.csproj]
/home/runner/work/trading-bot-c-/trading-bot-c-/src/BotCore/Services/CloudModelSynchronizationService.cs(601,17): error CA1031: Modify 'ExtractAndSaveFileAsync' to catch a more specific allowed exception type, or rethrow the exception (https://learn.microsoft.com/dotnet/fundamentals/code-analysis/quality-rules/ca1031) [/home/runner/work/trading-bot-c-/trading-bot-c-/src/BotCore/BotCore.csproj]
/home/runner/work/trading-bot-c-/trading-bot-c-/src/BotCore/Services/CloudModelSynchronizationService.cs(634,13): error CA1848: For improved performance, use the LoggerMessage delegates instead of calling 'LoggerExtensions.LogDebug(ILogger, string?, params object?[])' (https://learn.microsoft.com/dotnet/fundamentals/code-analysis/quality-rules/ca1848) [/home/runner/work/trading-bot-c-/trading-bot-c-/src/BotCore/BotCore.csproj]
/home/runner/work/trading-bot-c-/trading-bot-c-/src/BotCore/Services/CloudModelSynchronizationService.cs(638,13): error CA1848: For improved performance, use the LoggerMessage delegates instead of calling 'LoggerExtensions.LogError(ILogger, Exception?, string?, params object?[])' (https://learn.microsoft.com/dotnet/fundamentals/code-analysis/quality-rules/ca1848) [/home/runner/work/trading-bot-c-/trading-bot-c-/src/BotCore/BotCore.csproj]
/home/runner/work/trading-bot-c-/trading-bot-c-/src/BotCore/Services/CloudModelSynchronizationService.cs(636,9): error CA1031: Modify 'UpdateModelRegistryAsync' to catch a more specific allowed exception type, or rethrow the exception (https://learn.microsoft.com/dotnet/fundamentals/code-analysis/quality-rules/ca1031) [/home/runner/work/trading-bot-c-/trading-bot-c-/src/BotCore/BotCore.csproj]
/home/runner/work/trading-bot-c-/trading-bot-c-/src/BotCore/Services/CloudModelSynchronizationService.cs(661,9): error CA1848: For improved performance, use the LoggerMessage delegates instead of calling 'LoggerExtensions.LogInformation(ILogger, string?, params object?[])' (https://learn.microsoft.com/dotnet/fundamentals/code-analysis/quality-rules/ca1848) [/home/runner/work/trading-bot-c-/trading-bot-c-/src/BotCore/BotCore.csproj]
/home/runner/work/trading-bot-c-/trading-bot-c-/src/BotCore/Services/CloudModelSynchronizationService.cs(558,49): error SCS0018: Potential Path Traversal vulnerability was found where 'path' in 'FileStream File.Create(string path)' may be tainted by user-controlled data from 'string ZipArchiveEntry.FullName' in method 'Task<bool> CloudModelSynchronizationService.ExtractDataArtifactAsync(Artifact artifact, WorkflowRun run, CancellationToken cancellationToken)'. (https://security-code-scan.github.io/#SCS0018) [/home/runner/work/trading-bot-c-/trading-bot-c-/src/BotCore/BotCore.csproj]
/home/runner/work/trading-bot-c-/trading-bot-c-/src/BotCore/Services/CloudModelSynchronizationService.cs(568,27): error SCS0018: Potential Path Traversal vulnerability was found where 'sourceFileName' in 'void File.Move(string sourceFileName, string destFileName)' may be tainted by user-controlled data from 'string ZipArchiveEntry.FullName' in method 'Task<bool> CloudModelSynchronizationService.ExtractDataArtifactAsync(Artifact artifact, WorkflowRun run, CancellationToken cancellationToken)'. (https://security-code-scan.github.io/#SCS0018) [/home/runner/work/trading-bot-c-/trading-bot-c-/src/BotCore/BotCore.csproj]
/home/runner/work/trading-bot-c-/trading-bot-c-/src/BotCore/Services/CloudModelSynchronizationService.cs(568,39): error SCS0018: Potential Path Traversal vulnerability was found where 'destFileName' in 'void File.Move(string sourceFileName, string destFileName)' may be tainted by user-controlled data from 'string ZipArchiveEntry.FullName' in method 'Task<bool> CloudModelSynchronizationService.ExtractDataArtifactAsync(Artifact artifact, WorkflowRun run, CancellationToken cancellationToken)'. (https://security-code-scan.github.io/#SCS0018) [/home/runner/work/trading-bot-c-/trading-bot-c-/src/BotCore/BotCore.csproj]
/home/runner/work/trading-bot-c-/trading-bot-c-/src/BotCore/Services/CloudModelSynchronizationService.cs(573,23): error SCS0018: Potential Path Traversal vulnerability was found where 'sourceFileName' in 'void File.Move(string sourceFileName, string destFileName, bool overwrite)' may be tainted by user-controlled data from 'string ZipArchiveEntry.FullName' in method 'Task<bool> CloudModelSynchronizationService.ExtractDataArtifactAsync(Artifact artifact, WorkflowRun run, CancellationToken cancellationToken)'. (https://security-code-scan.github.io/#SCS0018) [/home/runner/work/trading-bot-c-/trading-bot-c-/src/BotCore/BotCore.csproj]
/home/runner/work/trading-bot-c-/trading-bot-c-/src/BotCore/Services/CloudModelSynchronizationService.cs(573,33): error SCS0018: Potential Path Traversal vulnerability was found where 'destFileName' in 'void File.Move(string sourceFileName, string destFileName, bool overwrite)' may be tainted by user-controlled data from 'string ZipArchiveEntry.FullName' in method 'Task<bool> CloudModelSynchronizationService.ExtractDataArtifactAsync(Artifact artifact, WorkflowRun run, CancellationToken cancellationToken)'. (https://security-code-scan.github.io/#SCS0018) [/home/runner/work/trading-bot-c-/trading-bot-c-/src/BotCore/BotCore.csproj]
/home/runner/work/trading-bot-c-/trading-bot-c-/src/BotCore/Services/CloudModelSynchronizationService.cs(583,33): error SCS0018: Potential Path Traversal vulnerability was found where 'path' in 'void File.Delete(string path)' may be tainted by user-controlled data from 'string ZipArchiveEntry.FullName' in method 'Task<bool> CloudModelSynchronizationService.ExtractDataArtifactAsync(Artifact artifact, WorkflowRun run, CancellationToken cancellationToken)'. (https://security-code-scan.github.io/#SCS0018) [/home/runner/work/trading-bot-c-/trading-bot-c-/src/BotCore/BotCore.csproj]
/home/runner/work/trading-bot-c-/trading-bot-c-/src/BotCore/Services/CloudModelSynchronizationService.cs(599,33): error SCS0018: Potential Path Traversal vulnerability was found where 'path' in 'void File.Delete(string path)' may be tainted by user-controlled data from 'string ZipArchiveEntry.FullName' in method 'Task<bool> CloudModelSynchronizationService.ExtractDataArtifactAsync(Artifact artifact, WorkflowRun run, CancellationToken cancellationToken)'. (https://security-code-scan.github.io/#SCS0018) [/home/runner/work/trading-bot-c-/trading-bot-c-/src/BotCore/BotCore.csproj]
/home/runner/work/trading-bot-c-/trading-bot-c-/src/BotCore/Services/BotPerformanceReporter.cs(92,39): error S6605: Collection-specific "Exists" method should be used instead of the "Any" extension. (https://rules.sonarsource.com/csharp/RSPEC-6605) [/home/runner/work/trading-bot-c-/trading-bot-c-/src/BotCore/BotCore.csproj]
/home/runner/work/trading-bot-c-/trading-bot-c-/src/BotCore/Services/BotPerformanceReporter.cs(94,40): error S6605: Collection-specific "Exists" method should be used instead of the "Any" extension. (https://rules.sonarsource.com/csharp/RSPEC-6605) [/home/runner/work/trading-bot-c-/trading-bot-c-/src/BotCore/BotCore.csproj]
/home/runner/work/trading-bot-c-/trading-bot-c-/src/BotCore/Services/BotPerformanceReporter.cs(83,17): error CA1848: For improved performance, use the LoggerMessage delegates instead of calling 'LoggerExtensions.LogInformation(ILogger, string?, params object?[])' (https://learn.microsoft.com/dotnet/fundamentals/code-analysis/quality-rules/ca1848) [/home/runner/work/trading-bot-c-/trading-bot-c-/src/BotCore/BotCore.csproj]
/home/runner/work/trading-bot-c-/trading-bot-c-/src/BotCore/Services/BotPerformanceReporter.cs(136,17): error CA1848: For improved performance, use the LoggerMessage delegates instead of calling 'LoggerExtensions.LogInformation(ILogger, string?, params object?[])' (https://learn.microsoft.com/dotnet/fundamentals/code-analysis/quality-rules/ca1848) [/home/runner/work/trading-bot-c-/trading-bot-c-/src/BotCore/BotCore.csproj]
/home/runner/work/trading-bot-c-/trading-bot-c-/src/BotCore/Services/BotPerformanceReporter.cs(144,13): error CA1848: For improved performance, use the LoggerMessage delegates instead of calling 'LoggerExtensions.LogError(ILogger, Exception?, string?, params object?[])' (https://learn.microsoft.com/dotnet/fundamentals/code-analysis/quality-rules/ca1848) [/home/runner/work/trading-bot-c-/trading-bot-c-/src/BotCore/BotCore.csproj]
/home/runner/work/trading-bot-c-/trading-bot-c-/src/BotCore/Services/BotPerformanceReporter.cs(142,9): error CA1031: Modify 'GenerateDailySummaryAsync' to catch a more specific allowed exception type, or rethrow the exception (https://learn.microsoft.com/dotnet/fundamentals/code-analysis/quality-rules/ca1031) [/home/runner/work/trading-bot-c-/trading-bot-c-/src/BotCore/BotCore.csproj]
/home/runner/work/trading-bot-c-/trading-bot-c-/src/BotCore/Services/CloudModelSynchronizationService.cs(558,49): error SCS0018: Potential Path Traversal vulnerability was found where 'path' in 'FileStream File.Create(string path)' may be tainted by user-controlled data from 'string ZipArchiveEntry.Name' in method 'Task<bool> CloudModelSynchronizationService.DownloadAndUpdateModelAsync(Artifact artifact, WorkflowRun run, CancellationToken cancellationToken)'. (https://security-code-scan.github.io/#SCS0018) [/home/runner/work/trading-bot-c-/trading-bot-c-/src/BotCore/BotCore.csproj]
/home/runner/work/trading-bot-c-/trading-bot-c-/src/BotCore/Services/CloudModelSynchronizationService.cs(568,27): error SCS0018: Potential Path Traversal vulnerability was found where 'sourceFileName' in 'void File.Move(string sourceFileName, string destFileName)' may be tainted by user-controlled data from 'string ZipArchiveEntry.Name' in method 'Task<bool> CloudModelSynchronizationService.DownloadAndUpdateModelAsync(Artifact artifact, WorkflowRun run, CancellationToken cancellationToken)'. (https://security-code-scan.github.io/#SCS0018) [/home/runner/work/trading-bot-c-/trading-bot-c-/src/BotCore/BotCore.csproj]
/home/runner/work/trading-bot-c-/trading-bot-c-/src/BotCore/Services/CloudModelSynchronizationService.cs(568,39): error SCS0018: Potential Path Traversal vulnerability was found where 'destFileName' in 'void File.Move(string sourceFileName, string destFileName)' may be tainted by user-controlled data from 'string ZipArchiveEntry.Name' in method 'Task<bool> CloudModelSynchronizationService.DownloadAndUpdateModelAsync(Artifact artifact, WorkflowRun run, CancellationToken cancellationToken)'. (https://security-code-scan.github.io/#SCS0018) [/home/runner/work/trading-bot-c-/trading-bot-c-/src/BotCore/BotCore.csproj]
/home/runner/work/trading-bot-c-/trading-bot-c-/src/BotCore/Services/CloudModelSynchronizationService.cs(573,23): error SCS0018: Potential Path Traversal vulnerability was found where 'sourceFileName' in 'void File.Move(string sourceFileName, string destFileName, bool overwrite)' may be tainted by user-controlled data from 'string ZipArchiveEntry.Name' in method 'Task<bool> CloudModelSynchronizationService.DownloadAndUpdateModelAsync(Artifact artifact, WorkflowRun run, CancellationToken cancellationToken)'. (https://security-code-scan.github.io/#SCS0018) [/home/runner/work/trading-bot-c-/trading-bot-c-/src/BotCore/BotCore.csproj]
/home/runner/work/trading-bot-c-/trading-bot-c-/src/BotCore/Services/CloudModelSynchronizationService.cs(573,33): error SCS0018: Potential Path Traversal vulnerability was found where 'destFileName' in 'void File.Move(string sourceFileName, string destFileName, bool overwrite)' may be tainted by user-controlled data from 'string ZipArchiveEntry.Name' in method 'Task<bool> CloudModelSynchronizationService.DownloadAndUpdateModelAsync(Artifact artifact, WorkflowRun run, CancellationToken cancellationToken)'. (https://security-code-scan.github.io/#SCS0018) [/home/runner/work/trading-bot-c-/trading-bot-c-/src/BotCore/BotCore.csproj]
/home/runner/work/trading-bot-c-/trading-bot-c-/src/BotCore/Services/CloudModelSynchronizationService.cs(583,33): error SCS0018: Potential Path Traversal vulnerability was found where 'path' in 'void File.Delete(string path)' may be tainted by user-controlled data from 'string ZipArchiveEntry.Name' in method 'Task<bool> CloudModelSynchronizationService.DownloadAndUpdateModelAsync(Artifact artifact, WorkflowRun run, CancellationToken cancellationToken)'. (https://security-code-scan.github.io/#SCS0018) [/home/runner/work/trading-bot-c-/trading-bot-c-/src/BotCore/BotCore.csproj]
/home/runner/work/trading-bot-c-/trading-bot-c-/src/BotCore/Services/CloudModelSynchronizationService.cs(599,33): error SCS0018: Potential Path Traversal vulnerability was found where 'path' in 'void File.Delete(string path)' may be tainted by user-controlled data from 'string ZipArchiveEntry.Name' in method 'Task<bool> CloudModelSynchronizationService.DownloadAndUpdateModelAsync(Artifact artifact, WorkflowRun run, CancellationToken cancellationToken)'. (https://security-code-scan.github.io/#SCS0018) [/home/runner/work/trading-bot-c-/trading-bot-c-/src/BotCore/BotCore.csproj]
/home/runner/work/trading-bot-c-/trading-bot-c-/src/BotCore/Brain/UnifiedTradingBrain.cs(2773,45): error SCS0018: Potential Path Traversal vulnerability was found where 'fileName' in 'FileInfo.FileInfo(string fileName)' may be tainted by user-controlled data from 'string ZipArchiveEntry.Name' in method 'Task<bool> CloudModelSynchronizationService.DownloadAndUpdateModelAsync(Artifact artifact, WorkflowRun run, CancellationToken cancellationToken)'. (https://security-code-scan.github.io/#SCS0018) [/home/runner/work/trading-bot-c-/trading-bot-c-/src/BotCore/BotCore.csproj]
/home/runner/work/trading-bot-c-/trading-bot-c-/src/BotCore/Brain/UnifiedTradingBrain.cs(3029,45): error SCS0018: Potential Path Traversal vulnerability was found where 'fileName' in 'FileInfo.FileInfo(string fileName)' may be tainted by user-controlled data from 'string ZipArchiveEntry.Name' in method 'Task<bool> CloudModelSynchronizationService.DownloadAndUpdateModelAsync(Artifact artifact, WorkflowRun run, CancellationToken cancellationToken)'. (https://security-code-scan.github.io/#SCS0018) [/home/runner/work/trading-bot-c-/trading-bot-c-/src/BotCore/BotCore.csproj]
/home/runner/work/trading-bot-c-/trading-bot-c-/src/BotCore/Brain/UnifiedTradingBrain.cs(3402,41): error SCS0018: Potential Path Traversal vulnerability was found where 'fileName' in 'FileInfo.FileInfo(string fileName)' may be tainted by user-controlled data from 'string ZipArchiveEntry.Name' in method 'Task<bool> CloudModelSynchronizationService.DownloadAndUpdateModelAsync(Artifact artifact, WorkflowRun run, CancellationToken cancellationToken)'. (https://security-code-scan.github.io/#SCS0018) [/home/runner/work/trading-bot-c-/trading-bot-c-/src/BotCore/BotCore.csproj]
/home/runner/work/trading-bot-c-/trading-bot-c-/src/BotCore/Brain/UnifiedTradingBrain.cs(3365,27): error SCS0018: Potential Path Traversal vulnerability was found where 'sourceFileName' in 'void File.Copy(string sourceFileName, string destFileName, bool overwrite)' may be tainted by user-controlled data from 'string ZipArchiveEntry.Name' in method 'Task<bool> CloudModelSynchronizationService.DownloadAndUpdateModelAsync(Artifact artifact, WorkflowRun run, CancellationToken cancellationToken)'. (https://security-code-scan.github.io/#SCS0018) [/home/runner/work/trading-bot-c-/trading-bot-c-/src/BotCore/BotCore.csproj]
/home/runner/work/trading-bot-c-/trading-bot-c-/src/BotCore/Services/BotHealthReporter.cs(150,13): error CA1848: For improved performance, use the LoggerMessage delegates instead of calling 'LoggerExtensions.LogWarning(ILogger, Exception?, string?, params object?[])' (https://learn.microsoft.com/dotnet/fundamentals/code-analysis/quality-rules/ca1848) [/home/runner/work/trading-bot-c-/trading-bot-c-/src/BotCore/BotCore.csproj]
/home/runner/work/trading-bot-c-/trading-bot-c-/src/BotCore/Services/BotHealthReporter.cs(148,9): error CA1031: Modify 'ExplainHealthIssueAsync' to catch a more specific allowed exception type, or rethrow the exception (https://learn.microsoft.com/dotnet/fundamentals/code-analysis/quality-rules/ca1031) [/home/runner/work/trading-bot-c-/trading-bot-c-/src/BotCore/BotCore.csproj]
/home/runner/work/trading-bot-c-/trading-bot-c-/src/BotCore/Services/BarTrackingService.cs(48,17): error CA1848: For improved performance, use the LoggerMessage delegates instead of calling 'LoggerExtensions.LogTrace(ILogger, string?, params object?[])' (https://learn.microsoft.com/dotnet/fundamentals/code-analysis/quality-rules/ca1848) [/home/runner/work/trading-bot-c-/trading-bot-c-/src/BotCore/BotCore.csproj]
/home/runner/work/trading-bot-c-/trading-bot-c-/src/BotCore/Services/BarTrackingService.cs(64,17): error CA1848: For improved performance, use the LoggerMessage delegates instead of calling 'LoggerExtensions.LogTrace(ILogger, string?, params object?[])' (https://learn.microsoft.com/dotnet/fundamentals/code-analysis/quality-rules/ca1848) [/home/runner/work/trading-bot-c-/trading-bot-c-/src/BotCore/BotCore.csproj]
/home/runner/work/trading-bot-c-/trading-bot-c-/src/BotCore/Services/BarTrackingService.cs(89,13): error CA1848: For improved performance, use the LoggerMessage delegates instead of calling 'LoggerExtensions.LogDebug(ILogger, string?, params object?[])' (https://learn.microsoft.com/dotnet/fundamentals/code-analysis/quality-rules/ca1848) [/home/runner/work/trading-bot-c-/trading-bot-c-/src/BotCore/BotCore.csproj]
/home/runner/work/trading-bot-c-/trading-bot-c-/src/BotCore/Services/BarTrackingService.cs(117,13): error CA1848: For improved performance, use the LoggerMessage delegates instead of calling 'LoggerExtensions.LogDebug(ILogger, string?, params object?[])' (https://learn.microsoft.com/dotnet/fundamentals/code-analysis/quality-rules/ca1848) [/home/runner/work/trading-bot-c-/trading-bot-c-/src/BotCore/BotCore.csproj]
/home/runner/work/trading-bot-c-/trading-bot-c-/src/BotCore/Services/PositionManagementOptimizer.cs(975,84): error S1541: The Cyclomatic Complexity of this method is 12 which is greater than 10 authorized. (https://rules.sonarsource.com/csharp/RSPEC-1541) [/home/runner/work/trading-bot-c-/trading-bot-c-/src/BotCore/BotCore.csproj]
/home/runner/work/trading-bot-c-/trading-bot-c-/src/BotCore/Services/AutonomousPerformanceTracker.cs(114,9): error CA1848: For improved performance, use the LoggerMessage delegates instead of calling 'LoggerExtensions.LogInformation(ILogger, string?, params object?[])' (https://learn.microsoft.com/dotnet/fundamentals/code-analysis/quality-rules/ca1848) [/home/runner/work/trading-bot-c-/trading-bot-c-/src/BotCore/BotCore.csproj]
/home/runner/work/trading-bot-c-/trading-bot-c-/src/BotCore/Services/PositionManagementOptimizer.cs(1034,17): error CA1848: For improved performance, use the LoggerMessage delegates instead of calling 'LoggerExtensions.LogDebug(ILogger, string?, params object?[])' (https://learn.microsoft.com/dotnet/fundamentals/code-analysis/quality-rules/ca1848) [/home/runner/work/trading-bot-c-/trading-bot-c-/src/BotCore/BotCore.csproj]
/home/runner/work/trading-bot-c-/trading-bot-c-/src/BotCore/Services/PositionManagementOptimizer.cs(1040,17): error CA1848: For improved performance, use the LoggerMessage delegates instead of calling 'LoggerExtensions.LogInformation(ILogger, string?, params object?[])' (https://learn.microsoft.com/dotnet/fundamentals/code-analysis/quality-rules/ca1848) [/home/runner/work/trading-bot-c-/trading-bot-c-/src/BotCore/BotCore.csproj]
/home/runner/work/trading-bot-c-/trading-bot-c-/src/BotCore/Services/AutonomousPerformanceTracker.cs(156,13): error CA1848: For improved performance, use the LoggerMessage delegates instead of calling 'LoggerExtensions.LogDebug(ILogger, string?, params object?[])' (https://learn.microsoft.com/dotnet/fundamentals/code-analysis/quality-rules/ca1848) [/home/runner/work/trading-bot-c-/trading-bot-c-/src/BotCore/BotCore.csproj]
/home/runner/work/trading-bot-c-/trading-bot-c-/src/BotCore/Services/BotPerformanceReporter.cs(165,17): error CA1848: For improved performance, use the LoggerMessage delegates instead of calling 'LoggerExtensions.LogInformation(ILogger, string?, params object?[])' (https://learn.microsoft.com/dotnet/fundamentals/code-analysis/quality-rules/ca1848) [/home/runner/work/trading-bot-c-/trading-bot-c-/src/BotCore/BotCore.csproj]
/home/runner/work/trading-bot-c-/trading-bot-c-/src/BotCore/Services/BotPerformanceReporter.cs(238,17): error CA1848: For improved performance, use the LoggerMessage delegates instead of calling 'LoggerExtensions.LogInformation(ILogger, string?, params object?[])' (https://learn.microsoft.com/dotnet/fundamentals/code-analysis/quality-rules/ca1848) [/home/runner/work/trading-bot-c-/trading-bot-c-/src/BotCore/BotCore.csproj]
/home/runner/work/trading-bot-c-/trading-bot-c-/src/BotCore/Services/BotPerformanceReporter.cs(246,13): error CA1848: For improved performance, use the LoggerMessage delegates instead of calling 'LoggerExtensions.LogError(ILogger, Exception?, string?, params object?[])' (https://learn.microsoft.com/dotnet/fundamentals/code-analysis/quality-rules/ca1848) [/home/runner/work/trading-bot-c-/trading-bot-c-/src/BotCore/BotCore.csproj]
/home/runner/work/trading-bot-c-/trading-bot-c-/src/BotCore/Services/BotPerformanceReporter.cs(244,9): error CA1031: Modify 'GenerateWeeklySummaryAsync' to catch a more specific allowed exception type, or rethrow the exception (https://learn.microsoft.com/dotnet/fundamentals/code-analysis/quality-rules/ca1031) [/home/runner/work/trading-bot-c-/trading-bot-c-/src/BotCore/BotCore.csproj]
/home/runner/work/trading-bot-c-/trading-bot-c-/src/BotCore/Services/AutonomousDecisionEngine.cs(215,9): error CA1848: For improved performance, use the LoggerMessage delegates instead of calling 'LoggerExtensions.LogInformation(ILogger, string?, params object?[])' (https://learn.microsoft.com/dotnet/fundamentals/code-analysis/quality-rules/ca1848) [/home/runner/work/trading-bot-c-/trading-bot-c-/src/BotCore/BotCore.csproj]
/home/runner/work/trading-bot-c-/trading-bot-c-/src/BotCore/Services/AutonomousDecisionEngine.cs(216,9): error CA1848: For improved performance, use the LoggerMessage delegates instead of calling 'LoggerExtensions.LogInformation(ILogger, string?, params object?[])' (https://learn.microsoft.com/dotnet/fundamentals/code-analysis/quality-rules/ca1848) [/home/runner/work/trading-bot-c-/trading-bot-c-/src/BotCore/BotCore.csproj]
/home/runner/work/trading-bot-c-/trading-bot-c-/src/BotCore/Services/AutonomousDecisionEngine.cs(222,9): error CA1848: For improved performance, use the LoggerMessage delegates instead of calling 'LoggerExtensions.LogInformation(ILogger, string?, params object?[])' (https://learn.microsoft.com/dotnet/fundamentals/code-analysis/quality-rules/ca1848) [/home/runner/work/trading-bot-c-/trading-bot-c-/src/BotCore/BotCore.csproj]
/home/runner/work/trading-bot-c-/trading-bot-c-/src/BotCore/Services/AutonomousDecisionEngine.cs(234,13): error CA1848: For improved performance, use the LoggerMessage delegates instead of calling 'LoggerExtensions.LogError(ILogger, Exception?, string?, params object?[])' (https://learn.microsoft.com/dotnet/fundamentals/code-analysis/quality-rules/ca1848) [/home/runner/work/trading-bot-c-/trading-bot-c-/src/BotCore/BotCore.csproj]
/home/runner/work/trading-bot-c-/trading-bot-c-/src/BotCore/Services/AutonomousDecisionEngine.cs(241,9): error CA1848: For improved performance, use the LoggerMessage delegates instead of calling 'LoggerExtensions.LogInformation(ILogger, string?, params object?[])' (https://learn.microsoft.com/dotnet/fundamentals/code-analysis/quality-rules/ca1848) [/home/runner/work/trading-bot-c-/trading-bot-c-/src/BotCore/BotCore.csproj]
/home/runner/work/trading-bot-c-/trading-bot-c-/src/BotCore/Services/AutonomousDecisionEngine.cs(255,9): error CA1848: For improved performance, use the LoggerMessage delegates instead of calling 'LoggerExtensions.LogInformation(ILogger, string?, params object?[])' (https://learn.microsoft.com/dotnet/fundamentals/code-analysis/quality-rules/ca1848) [/home/runner/work/trading-bot-c-/trading-bot-c-/src/BotCore/BotCore.csproj]
/home/runner/work/trading-bot-c-/trading-bot-c-/src/BotCore/Services/AdaptiveLearningCommentary.cs(75,13): error CA1848: For improved performance, use the LoggerMessage delegates instead of calling 'LoggerExtensions.LogError(ILogger, Exception?, string?, params object?[])' (https://learn.microsoft.com/dotnet/fundamentals/code-analysis/quality-rules/ca1848) [/home/runner/work/trading-bot-c-/trading-bot-c-/src/BotCore/BotCore.csproj]
/home/runner/work/trading-bot-c-/trading-bot-c-/src/BotCore/Services/AdaptiveLearningCommentary.cs(73,9): error CA1031: Modify 'ExplainRecentAdaptationsAsync' to catch a more specific allowed exception type, or rethrow the exception (https://learn.microsoft.com/dotnet/fundamentals/code-analysis/quality-rules/ca1031) [/home/runner/work/trading-bot-c-/trading-bot-c-/src/BotCore/BotCore.csproj]
/home/runner/work/trading-bot-c-/trading-bot-c-/src/BotCore/Services/AutonomousDecisionEngine.cs(260,9): error CA1848: For improved performance, use the LoggerMessage delegates instead of calling 'LoggerExtensions.LogInformation(ILogger, string?, params object?[])' (https://learn.microsoft.com/dotnet/fundamentals/code-analysis/quality-rules/ca1848) [/home/runner/work/trading-bot-c-/trading-bot-c-/src/BotCore/BotCore.csproj]
/home/runner/work/trading-bot-c-/trading-bot-c-/src/BotCore/Services/AutonomousDecisionEngine.cs(290,17): error CA1848: For improved performance, use the LoggerMessage delegates instead of calling 'LoggerExtensions.LogError(ILogger, Exception?, string?, params object?[])' (https://learn.microsoft.com/dotnet/fundamentals/code-analysis/quality-rules/ca1848) [/home/runner/work/trading-bot-c-/trading-bot-c-/src/BotCore/BotCore.csproj]
/home/runner/work/trading-bot-c-/trading-bot-c-/src/BotCore/Services/AutonomousDecisionEngine.cs(295,9): error CA1848: For improved performance, use the LoggerMessage delegates instead of calling 'LoggerExtensions.LogInformation(ILogger, string?, params object?[])' (https://learn.microsoft.com/dotnet/fundamentals/code-analysis/quality-rules/ca1848) [/home/runner/work/trading-bot-c-/trading-bot-c-/src/BotCore/BotCore.csproj]
/home/runner/work/trading-bot-c-/trading-bot-c-/src/BotCore/Services/AutonomousDecisionEngine.cs(288,13): error CA1031: Modify 'RunAutonomousMainLoopAsync' to catch a more specific allowed exception type, or rethrow the exception (https://learn.microsoft.com/dotnet/fundamentals/code-analysis/quality-rules/ca1031) [/home/runner/work/trading-bot-c-/trading-bot-c-/src/BotCore/BotCore.csproj]
/home/runner/work/trading-bot-c-/trading-bot-c-/src/BotCore/Execution/ChildOrderScheduler.cs(81,21): error CA1848: For improved performance, use the LoggerMessage delegates instead of calling 'LoggerExtensions.LogInformation(ILogger, string?, params object?[])' (https://learn.microsoft.com/dotnet/fundamentals/code-analysis/quality-rules/ca1848) [/home/runner/work/trading-bot-c-/trading-bot-c-/src/BotCore/BotCore.csproj]
/home/runner/work/trading-bot-c-/trading-bot-c-/src/BotCore/Execution/ChildOrderScheduler.cs(86,21): error CA1848: For improved performance, use the LoggerMessage delegates instead of calling 'LoggerExtensions.LogInformation(ILogger, string?, params object?[])' (https://learn.microsoft.com/dotnet/fundamentals/code-analysis/quality-rules/ca1848) [/home/runner/work/trading-bot-c-/trading-bot-c-/src/BotCore/BotCore.csproj]
/home/runner/work/trading-bot-c-/trading-bot-c-/src/BotCore/Execution/ChildOrderScheduler.cs(94,17): error CA1848: For improved performance, use the LoggerMessage delegates instead of calling 'LoggerExtensions.LogError(ILogger, Exception?, string?, params object?[])' (https://learn.microsoft.com/dotnet/fundamentals/code-analysis/quality-rules/ca1848) [/home/runner/work/trading-bot-c-/trading-bot-c-/src/BotCore/BotCore.csproj]
/home/runner/work/trading-bot-c-/trading-bot-c-/src/BotCore/Execution/ChildOrderScheduler.cs(117,17): error CA1848: For improved performance, use the LoggerMessage delegates instead of calling 'LoggerExtensions.LogWarning(ILogger, string?, params object?[])' (https://learn.microsoft.com/dotnet/fundamentals/code-analysis/quality-rules/ca1848) [/home/runner/work/trading-bot-c-/trading-bot-c-/src/BotCore/BotCore.csproj]
/home/runner/work/trading-bot-c-/trading-bot-c-/src/BotCore/Services/AdaptiveLearningCommentary.cs(99,21): error CA1848: For improved performance, use the LoggerMessage delegates instead of calling 'LoggerExtensions.LogInformation(ILogger, string?, params object?[])' (https://learn.microsoft.com/dotnet/fundamentals/code-analysis/quality-rules/ca1848) [/home/runner/work/trading-bot-c-/trading-bot-c-/src/BotCore/BotCore.csproj]
/home/runner/work/trading-bot-c-/trading-bot-c-/src/BotCore/Services/AdaptiveLearningCommentary.cs(104,17): error CA1848: For improved performance, use the LoggerMessage delegates instead of calling 'LoggerExtensions.LogError(ILogger, Exception?, string?, params object?[])' (https://learn.microsoft.com/dotnet/fundamentals/code-analysis/quality-rules/ca1848) [/home/runner/work/trading-bot-c-/trading-bot-c-/src/BotCore/BotCore.csproj]
/home/runner/work/trading-bot-c-/trading-bot-c-/src/BotCore/Services/AdaptiveLearningCommentary.cs(102,13): error CA1031: Modify 'ExplainRecentAdaptationsFireAndForget' to catch a more specific allowed exception type, or rethrow the exception (https://learn.microsoft.com/dotnet/fundamentals/code-analysis/quality-rules/ca1031) [/home/runner/work/trading-bot-c-/trading-bot-c-/src/BotCore/BotCore.csproj]
/home/runner/work/trading-bot-c-/trading-bot-c-/src/BotCore/Execution/BracketAdjustmentService.cs(76,17): error CA1848: For improved performance, use the LoggerMessage delegates instead of calling 'LoggerExtensions.LogInformation(ILogger, string?, params object?[])' (https://learn.microsoft.com/dotnet/fundamentals/code-analysis/quality-rules/ca1848) [/home/runner/work/trading-bot-c-/trading-bot-c-/src/BotCore/BotCore.csproj]
/home/runner/work/trading-bot-c-/trading-bot-c-/src/BotCore/Execution/BracketAdjustmentService.cs(84,17): error CA1848: For improved performance, use the LoggerMessage delegates instead of calling 'LoggerExtensions.LogError(ILogger, Exception?, string?, params object?[])' (https://learn.microsoft.com/dotnet/fundamentals/code-analysis/quality-rules/ca1848) [/home/runner/work/trading-bot-c-/trading-bot-c-/src/BotCore/BotCore.csproj]
/home/runner/work/trading-bot-c-/trading-bot-c-/src/BotCore/Services/AutonomousDecisionEngine.cs(337,9): error CA1848: For improved performance, use the LoggerMessage delegates instead of calling 'LoggerExtensions.LogDebug(ILogger, string?, params object?[])' (https://learn.microsoft.com/dotnet/fundamentals/code-analysis/quality-rules/ca1848) [/home/runner/work/trading-bot-c-/trading-bot-c-/src/BotCore/BotCore.csproj]
/home/runner/work/trading-bot-c-/trading-bot-c-/src/BotCore/Execution/ChildOrderScheduler.cs(215,73): error S1172: Remove this unused method parameter 'intent'. (https://rules.sonarsource.com/csharp/RSPEC-1172) [/home/runner/work/trading-bot-c-/trading-bot-c-/src/BotCore/BotCore.csproj]
/home/runner/work/trading-bot-c-/trading-bot-c-/src/BotCore/Execution/ChildOrderScheduler.cs(215,97): error S1172: Remove this unused method parameter 'microstructure'. (https://rules.sonarsource.com/csharp/RSPEC-1172) [/home/runner/work/trading-bot-c-/trading-bot-c-/src/BotCore/BotCore.csproj]
/home/runner/work/trading-bot-c-/trading-bot-c-/src/BotCore/Services/AdaptiveLearningCommentary.cs(141,13): error CA1848: For improved performance, use the LoggerMessage delegates instead of calling 'LoggerExtensions.LogError(ILogger, Exception?, string?, params object?[])' (https://learn.microsoft.com/dotnet/fundamentals/code-analysis/quality-rules/ca1848) [/home/runner/work/trading-bot-c-/trading-bot-c-/src/BotCore/BotCore.csproj]
/home/runner/work/trading-bot-c-/trading-bot-c-/src/BotCore/Services/AdaptiveLearningCommentary.cs(139,9): error CA1031: Modify 'ExplainParameterChangeAsync' to catch a more specific allowed exception type, or rethrow the exception (https://learn.microsoft.com/dotnet/fundamentals/code-analysis/quality-rules/ca1031) [/home/runner/work/trading-bot-c-/trading-bot-c-/src/BotCore/BotCore.csproj]
/home/runner/work/trading-bot-c-/trading-bot-c-/src/BotCore/Services/AutonomousDecisionEngine.cs(369,13): error CA1848: For improved performance, use the LoggerMessage delegates instead of calling 'LoggerExtensions.LogInformation(ILogger, string?, params object?[])' (https://learn.microsoft.com/dotnet/fundamentals/code-analysis/quality-rules/ca1848) [/home/runner/work/trading-bot-c-/trading-bot-c-/src/BotCore/BotCore.csproj]
/home/runner/work/trading-bot-c-/trading-bot-c-/src/BotCore/ML/StrategyMlModelManager.cs(344,33): error S1541: The Cyclomatic Complexity of this method is 11 which is greater than 10 authorized. (https://rules.sonarsource.com/csharp/RSPEC-1541) [/home/runner/work/trading-bot-c-/trading-bot-c-/src/BotCore/BotCore.csproj]
/home/runner/work/trading-bot-c-/trading-bot-c-/src/BotCore/Services/AutonomousDecisionEngine.cs(377,53): error S1172: Remove this unused method parameter 'cancellationToken'. (https://rules.sonarsource.com/csharp/RSPEC-1172) [/home/runner/work/trading-bot-c-/trading-bot-c-/src/BotCore/BotCore.csproj]
/home/runner/work/trading-bot-c-/trading-bot-c-/src/BotCore/Services/AutonomousDecisionEngine.cs(383,13): error CA1848: For improved performance, use the LoggerMessage delegates instead of calling 'LoggerExtensions.LogInformation(ILogger, string?, params object?[])' (https://learn.microsoft.com/dotnet/fundamentals/code-analysis/quality-rules/ca1848) [/home/runner/work/trading-bot-c-/trading-bot-c-/src/BotCore/BotCore.csproj]
/home/runner/work/trading-bot-c-/trading-bot-c-/src/BotCore/Execution/ChildOrderScheduler.cs(237,23): error AsyncFixer03: Avoid unsupported fire-and-forget async-void methods or delegates. Unhandled exceptions will crash the process. (https://github.com/semihokur/AsyncFixer) [/home/runner/work/trading-bot-c-/trading-bot-c-/src/BotCore/BotCore.csproj]
/home/runner/work/trading-bot-c-/trading-bot-c-/src/BotCore/Execution/ChildOrderScheduler.cs(254,25): error CA1848: For improved performance, use the LoggerMessage delegates instead of calling 'LoggerExtensions.LogWarning(ILogger, string?, params object?[])' (https://learn.microsoft.com/dotnet/fundamentals/code-analysis/quality-rules/ca1848) [/home/runner/work/trading-bot-c-/trading-bot-c-/src/BotCore/BotCore.csproj]
/home/runner/work/trading-bot-c-/trading-bot-c-/src/BotCore/Execution/ChildOrderScheduler.cs(270,17): error CA1848: For improved performance, use the LoggerMessage delegates instead of calling 'LoggerExtensions.LogError(ILogger, Exception?, string?, params object?[])' (https://learn.microsoft.com/dotnet/fundamentals/code-analysis/quality-rules/ca1848) [/home/runner/work/trading-bot-c-/trading-bot-c-/src/BotCore/BotCore.csproj]
/home/runner/work/trading-bot-c-/trading-bot-c-/src/BotCore/Execution/ChildOrderScheduler.cs(274,17): error CA1848: For improved performance, use the LoggerMessage delegates instead of calling 'LoggerExtensions.LogError(ILogger, Exception?, string?, params object?[])' (https://learn.microsoft.com/dotnet/fundamentals/code-analysis/quality-rules/ca1848) [/home/runner/work/trading-bot-c-/trading-bot-c-/src/BotCore/BotCore.csproj]
/home/runner/work/trading-bot-c-/trading-bot-c-/src/BotCore/ML/OnnxModelLoader.cs(312,42): error S1541: The Cyclomatic Complexity of this method is 12 which is greater than 10 authorized. (https://rules.sonarsource.com/csharp/RSPEC-1541) [/home/runner/work/trading-bot-c-/trading-bot-c-/src/BotCore/BotCore.csproj]
/home/runner/work/trading-bot-c-/trading-bot-c-/src/BotCore/Execution/BracketAdjustmentService.cs(260,21): error S1541: The Cyclomatic Complexity of this method is 15 which is greater than 10 authorized. (https://rules.sonarsource.com/csharp/RSPEC-1541) [/home/runner/work/trading-bot-c-/trading-bot-c-/src/BotCore/BotCore.csproj]
/home/runner/work/trading-bot-c-/trading-bot-c-/src/BotCore/Services/AutonomousDecisionEngine.cs(407,9): error CA1848: For improved performance, use the LoggerMessage delegates instead of calling 'LoggerExtensions.LogDebug(ILogger, string?, params object?[])' (https://learn.microsoft.com/dotnet/fundamentals/code-analysis/quality-rules/ca1848) [/home/runner/work/trading-bot-c-/trading-bot-c-/src/BotCore/BotCore.csproj]
/home/runner/work/trading-bot-c-/trading-bot-c-/src/BotCore/Execution/ChildOrderScheduler.cs(299,17): error CA1848: For improved performance, use the LoggerMessage delegates instead of calling 'LoggerExtensions.LogInformation(ILogger, string?, params object?[])' (https://learn.microsoft.com/dotnet/fundamentals/code-analysis/quality-rules/ca1848) [/home/runner/work/trading-bot-c-/trading-bot-c-/src/BotCore/BotCore.csproj]
/home/runner/work/trading-bot-c-/trading-bot-c-/src/BotCore/Fusion/MetricsServices.cs(88,26): error S2139: Either log this exception and handle it, or rethrow it with some contextual information. (https://rules.sonarsource.com/csharp/RSPEC-2139) [/home/runner/work/trading-bot-c-/trading-bot-c-/src/BotCore/BotCore.csproj]
/home/runner/work/trading-bot-c-/trading-bot-c-/src/BotCore/Fusion/MetricsServices.cs(59,13): error CA1848: For improved performance, use the LoggerMessage delegates instead of calling 'LoggerExtensions.LogCritical(ILogger, string?, params object?[])' (https://learn.microsoft.com/dotnet/fundamentals/code-analysis/quality-rules/ca1848) [/home/runner/work/trading-bot-c-/trading-bot-c-/src/BotCore/BotCore.csproj]
/home/runner/work/trading-bot-c-/trading-bot-c-/src/BotCore/Fusion/MetricsServices.cs(86,13): error CA1848: For improved performance, use the LoggerMessage delegates instead of calling 'LoggerExtensions.LogTrace(ILogger, string?, params object?[])' (https://learn.microsoft.com/dotnet/fundamentals/code-analysis/quality-rules/ca1848) [/home/runner/work/trading-bot-c-/trading-bot-c-/src/BotCore/BotCore.csproj]
/home/runner/work/trading-bot-c-/trading-bot-c-/src/BotCore/Fusion/MetricsServices.cs(91,13): error CA1848: For improved performance, use the LoggerMessage delegates instead of calling 'LoggerExtensions.LogCritical(ILogger, Exception?, string?, params object?[])' (https://learn.microsoft.com/dotnet/fundamentals/code-analysis/quality-rules/ca1848) [/home/runner/work/trading-bot-c-/trading-bot-c-/src/BotCore/BotCore.csproj]
/home/runner/work/trading-bot-c-/trading-bot-c-/src/BotCore/ML/MLMemoryManager.cs(467,20): error S1215: Refactor the code to remove this use of 'GC.Collect'. (https://rules.sonarsource.com/csharp/RSPEC-1215) [/home/runner/work/trading-bot-c-/trading-bot-c-/src/BotCore/BotCore.csproj]
/home/runner/work/trading-bot-c-/trading-bot-c-/src/BotCore/Fusion/DecisionFusionCoordinator.cs(75,9): error CA1848: For improved performance, use the LoggerMessage delegates instead of calling 'LoggerExtensions.LogInformation(ILogger, string?, params object?[])' (https://learn.microsoft.com/dotnet/fundamentals/code-analysis/quality-rules/ca1848) [/home/runner/work/trading-bot-c-/trading-bot-c-/src/BotCore/BotCore.csproj]
/home/runner/work/trading-bot-c-/trading-bot-c-/src/BotCore/Fusion/MetricsServices.cs(132,26): error S2139: Either log this exception and handle it, or rethrow it with some contextual information. (https://rules.sonarsource.com/csharp/RSPEC-2139) [/home/runner/work/trading-bot-c-/trading-bot-c-/src/BotCore/BotCore.csproj]
/home/runner/work/trading-bot-c-/trading-bot-c-/src/BotCore/Fusion/MetricsServices.cs(103,13): error CA1848: For improved performance, use the LoggerMessage delegates instead of calling 'LoggerExtensions.LogCritical(ILogger, string?, params object?[])' (https://learn.microsoft.com/dotnet/fundamentals/code-analysis/quality-rules/ca1848) [/home/runner/work/trading-bot-c-/trading-bot-c-/src/BotCore/BotCore.csproj]
/home/runner/work/trading-bot-c-/trading-bot-c-/src/BotCore/Fusion/MetricsServices.cs(130,13): error CA1848: For improved performance, use the LoggerMessage delegates instead of calling 'LoggerExtensions.LogTrace(ILogger, string?, params object?[])' (https://learn.microsoft.com/dotnet/fundamentals/code-analysis/quality-rules/ca1848) [/home/runner/work/trading-bot-c-/trading-bot-c-/src/BotCore/BotCore.csproj]
/home/runner/work/trading-bot-c-/trading-bot-c-/src/BotCore/Fusion/MetricsServices.cs(135,13): error CA1848: For improved performance, use the LoggerMessage delegates instead of calling 'LoggerExtensions.LogCritical(ILogger, Exception?, string?, params object?[])' (https://learn.microsoft.com/dotnet/fundamentals/code-analysis/quality-rules/ca1848) [/home/runner/work/trading-bot-c-/trading-bot-c-/src/BotCore/BotCore.csproj]
/home/runner/work/trading-bot-c-/trading-bot-c-/src/BotCore/Fusion/MetricsServices.cs(147,13): error CA1848: For improved performance, use the LoggerMessage delegates instead of calling 'LoggerExtensions.LogTrace(ILogger, string?, params object?[])' (https://learn.microsoft.com/dotnet/fundamentals/code-analysis/quality-rules/ca1848) [/home/runner/work/trading-bot-c-/trading-bot-c-/src/BotCore/BotCore.csproj]
/home/runner/work/trading-bot-c-/trading-bot-c-/src/BotCore/Fusion/MetricsServices.cs(151,13): error CA1848: For improved performance, use the LoggerMessage delegates instead of calling 'LoggerExtensions.LogError(ILogger, Exception?, string?, params object?[])' (https://learn.microsoft.com/dotnet/fundamentals/code-analysis/quality-rules/ca1848) [/home/runner/work/trading-bot-c-/trading-bot-c-/src/BotCore/BotCore.csproj]
/home/runner/work/trading-bot-c-/trading-bot-c-/src/BotCore/Fusion/MetricsServices.cs(149,9): error CA1031: Modify 'FlushMetricsAsync' to catch a more specific allowed exception type, or rethrow the exception (https://learn.microsoft.com/dotnet/fundamentals/code-analysis/quality-rules/ca1031) [/home/runner/work/trading-bot-c-/trading-bot-c-/src/BotCore/BotCore.csproj]
/home/runner/work/trading-bot-c-/trading-bot-c-/src/BotCore/Execution/BasicMicrostructureAnalyzer.cs(117,26): error S1905: Remove this unnecessary cast to 'decimal'. (https://rules.sonarsource.com/csharp/RSPEC-1905) [/home/runner/work/trading-bot-c-/trading-bot-c-/src/BotCore/BotCore.csproj]
/home/runner/work/trading-bot-c-/trading-bot-c-/src/BotCore/Fusion/FeatureBusAdapter.cs(174,17): error CA1848: For improved performance, use the LoggerMessage delegates instead of calling 'LoggerExtensions.LogWarning(ILogger, string?, params object?[])' (https://learn.microsoft.com/dotnet/fundamentals/code-analysis/quality-rules/ca1848) [/home/runner/work/trading-bot-c-/trading-bot-c-/src/BotCore/BotCore.csproj]
/home/runner/work/trading-bot-c-/trading-bot-c-/src/BotCore/Fusion/FeatureBusAdapter.cs(188,21): error CA1848: For improved performance, use the LoggerMessage delegates instead of calling 'LoggerExtensions.LogTrace(ILogger, string?, params object?[])' (https://learn.microsoft.com/dotnet/fundamentals/code-analysis/quality-rules/ca1848) [/home/runner/work/trading-bot-c-/trading-bot-c-/src/BotCore/BotCore.csproj]
/home/runner/work/trading-bot-c-/trading-bot-c-/src/BotCore/Fusion/FeatureBusAdapter.cs(193,13): error CA1848: For improved performance, use the LoggerMessage delegates instead of calling 'LoggerExtensions.LogTrace(ILogger, string?, params object?[])' (https://learn.microsoft.com/dotnet/fundamentals/code-analysis/quality-rules/ca1848) [/home/runner/work/trading-bot-c-/trading-bot-c-/src/BotCore/BotCore.csproj]
/home/runner/work/trading-bot-c-/trading-bot-c-/src/BotCore/Fusion/FeatureBusAdapter.cs(198,13): error CA1848: For improved performance, use the LoggerMessage delegates instead of calling 'LoggerExtensions.LogError(ILogger, Exception?, string?, params object?[])' (https://learn.microsoft.com/dotnet/fundamentals/code-analysis/quality-rules/ca1848) [/home/runner/work/trading-bot-c-/trading-bot-c-/src/BotCore/BotCore.csproj]
/home/runner/work/trading-bot-c-/trading-bot-c-/src/BotCore/Fusion/FeatureBusAdapter.cs(196,9): error CA1031: Modify 'Probe' to catch a more specific allowed exception type, or rethrow the exception (https://learn.microsoft.com/dotnet/fundamentals/code-analysis/quality-rules/ca1031) [/home/runner/work/trading-bot-c-/trading-bot-c-/src/BotCore/BotCore.csproj]
/home/runner/work/trading-bot-c-/trading-bot-c-/src/BotCore/Fusion/FeatureBusAdapter.cs(208,13): error CA1848: For improved performance, use the LoggerMessage delegates instead of calling 'LoggerExtensions.LogTrace(ILogger, string?, params object?[])' (https://learn.microsoft.com/dotnet/fundamentals/code-analysis/quality-rules/ca1848) [/home/runner/work/trading-bot-c-/trading-bot-c-/src/BotCore/BotCore.csproj]
/home/runner/work/trading-bot-c-/trading-bot-c-/src/BotCore/Fusion/FeatureBusAdapter.cs(212,13): error CA1848: For improved performance, use the LoggerMessage delegates instead of calling 'LoggerExtensions.LogError(ILogger, Exception?, string?, params object?[])' (https://learn.microsoft.com/dotnet/fundamentals/code-analysis/quality-rules/ca1848) [/home/runner/work/trading-bot-c-/trading-bot-c-/src/BotCore/BotCore.csproj]
/home/runner/work/trading-bot-c-/trading-bot-c-/src/BotCore/Fusion/FeatureBusAdapter.cs(210,9): error CA1031: Modify 'Publish' to catch a more specific allowed exception type, or rethrow the exception (https://learn.microsoft.com/dotnet/fundamentals/code-analysis/quality-rules/ca1031) [/home/runner/work/trading-bot-c-/trading-bot-c-/src/BotCore/BotCore.csproj]
/home/runner/work/trading-bot-c-/trading-bot-c-/src/BotCore/Features/FeaturePublisher.cs(53,17): error CA1848: For improved performance, use the LoggerMessage delegates instead of calling 'LoggerExtensions.LogError(ILogger, string?, params object?[])' (https://learn.microsoft.com/dotnet/fundamentals/code-analysis/quality-rules/ca1848) [/home/runner/work/trading-bot-c-/trading-bot-c-/src/BotCore/BotCore.csproj]
/home/runner/work/trading-bot-c-/trading-bot-c-/src/BotCore/Features/FeaturePublisher.cs(58,13): error CA1848: For improved performance, use the LoggerMessage delegates instead of calling 'LoggerExtensions.LogInformation(ILogger, string?, params object?[])' (https://learn.microsoft.com/dotnet/fundamentals/code-analysis/quality-rules/ca1848) [/home/runner/work/trading-bot-c-/trading-bot-c-/src/BotCore/BotCore.csproj]
/home/runner/work/trading-bot-c-/trading-bot-c-/src/BotCore/Fusion/FeatureBusAdapter.cs(239,17): error CA1848: For improved performance, use the LoggerMessage delegates instead of calling 'LoggerExtensions.LogWarning(ILogger, string?, params object?[])' (https://learn.microsoft.com/dotnet/fundamentals/code-analysis/quality-rules/ca1848) [/home/runner/work/trading-bot-c-/trading-bot-c-/src/BotCore/BotCore.csproj]
/home/runner/work/trading-bot-c-/trading-bot-c-/src/BotCore/Fusion/FeatureBusAdapter.cs(244,13): error CA1848: For improved performance, use the LoggerMessage delegates instead of calling 'LoggerExtensions.LogWarning(ILogger, string?, params object?[])' (https://learn.microsoft.com/dotnet/fundamentals/code-analysis/quality-rules/ca1848) [/home/runner/work/trading-bot-c-/trading-bot-c-/src/BotCore/BotCore.csproj]
/home/runner/work/trading-bot-c-/trading-bot-c-/src/BotCore/Fusion/FeatureBusAdapter.cs(249,13): error CA1848: For improved performance, use the LoggerMessage delegates instead of calling 'LoggerExtensions.LogError(ILogger, Exception?, string?, params object?[])' (https://learn.microsoft.com/dotnet/fundamentals/code-analysis/quality-rules/ca1848) [/home/runner/work/trading-bot-c-/trading-bot-c-/src/BotCore/BotCore.csproj]
/home/runner/work/trading-bot-c-/trading-bot-c-/src/BotCore/Fusion/FeatureBusAdapter.cs(247,9): error CA1031: Modify 'GetCurrentPriceFromMarketData' to catch a more specific allowed exception type, or rethrow the exception (https://learn.microsoft.com/dotnet/fundamentals/code-analysis/quality-rules/ca1031) [/home/runner/work/trading-bot-c-/trading-bot-c-/src/BotCore/BotCore.csproj]
/home/runner/work/trading-bot-c-/trading-bot-c-/src/BotCore/Features/FeaturePublisher.cs(65,13): error CA1848: For improved performance, use the LoggerMessage delegates instead of calling 'LoggerExtensions.LogInformation(ILogger, string?, params object?[])' (https://learn.microsoft.com/dotnet/fundamentals/code-analysis/quality-rules/ca1848) [/home/runner/work/trading-bot-c-/trading-bot-c-/src/BotCore/BotCore.csproj]
/home/runner/work/trading-bot-c-/trading-bot-c-/src/BotCore/Features/FeaturePublisher.cs(72,17): error CA1848: For improved performance, use the LoggerMessage delegates instead of calling 'LoggerExtensions.LogInformation(ILogger, string?, params object?[])' (https://learn.microsoft.com/dotnet/fundamentals/code-analysis/quality-rules/ca1848) [/home/runner/work/trading-bot-c-/trading-bot-c-/src/BotCore/BotCore.csproj]
/home/runner/work/trading-bot-c-/trading-bot-c-/src/BotCore/Features/FeaturePublisher.cs(81,13): error CA1848: For improved performance, use the LoggerMessage delegates instead of calling 'LoggerExtensions.LogInformation(ILogger, string?, params object?[])' (https://learn.microsoft.com/dotnet/fundamentals/code-analysis/quality-rules/ca1848) [/home/runner/work/trading-bot-c-/trading-bot-c-/src/BotCore/BotCore.csproj]
/home/runner/work/trading-bot-c-/trading-bot-c-/src/BotCore/Fusion/FeatureBusAdapter.cs(276,13): error CA1848: For improved performance, use the LoggerMessage delegates instead of calling 'LoggerExtensions.LogError(ILogger, Exception?, string?, params object?[])' (https://learn.microsoft.com/dotnet/fundamentals/code-analysis/quality-rules/ca1848) [/home/runner/work/trading-bot-c-/trading-bot-c-/src/BotCore/BotCore.csproj]
/home/runner/work/trading-bot-c-/trading-bot-c-/src/BotCore/Fusion/FeatureBusAdapter.cs(274,9): error CA1031: Modify 'GetCurrentVolumeFromBars' to catch a more specific allowed exception type, or rethrow the exception (https://learn.microsoft.com/dotnet/fundamentals/code-analysis/quality-rules/ca1031) [/home/runner/work/trading-bot-c-/trading-bot-c-/src/BotCore/BotCore.csproj]
/home/runner/work/trading-bot-c-/trading-bot-c-/src/BotCore/Features/FeaturePublisher.cs(106,21): error CA1848: For improved performance, use the LoggerMessage delegates instead of calling 'LoggerExtensions.LogError(ILogger, Exception?, string?, params object?[])' (https://learn.microsoft.com/dotnet/fundamentals/code-analysis/quality-rules/ca1848) [/home/runner/work/trading-bot-c-/trading-bot-c-/src/BotCore/BotCore.csproj]
/home/runner/work/trading-bot-c-/trading-bot-c-/src/BotCore/Fusion/FeatureBusAdapter.cs(303,13): error CA1848: For improved performance, use the LoggerMessage delegates instead of calling 'LoggerExtensions.LogError(ILogger, Exception?, string?, params object?[])' (https://learn.microsoft.com/dotnet/fundamentals/code-analysis/quality-rules/ca1848) [/home/runner/work/trading-bot-c-/trading-bot-c-/src/BotCore/BotCore.csproj]
/home/runner/work/trading-bot-c-/trading-bot-c-/src/BotCore/Fusion/FeatureBusAdapter.cs(301,9): error CA1031: Modify 'CalculateATRFromBars' to catch a more specific allowed exception type, or rethrow the exception (https://learn.microsoft.com/dotnet/fundamentals/code-analysis/quality-rules/ca1031) [/home/runner/work/trading-bot-c-/trading-bot-c-/src/BotCore/BotCore.csproj]
/home/runner/work/trading-bot-c-/trading-bot-c-/src/BotCore/Services/AutonomousDecisionEngine.cs(530,9): error CA1848: For improved performance, use the LoggerMessage delegates instead of calling 'LoggerExtensions.LogDebug(ILogger, string?, params object?[])' (https://learn.microsoft.com/dotnet/fundamentals/code-analysis/quality-rules/ca1848) [/home/runner/work/trading-bot-c-/trading-bot-c-/src/BotCore/BotCore.csproj]
/home/runner/work/trading-bot-c-/trading-bot-c-/src/BotCore/Features/BarDispatcherHook.cs(99,13): error CA1848: For improved performance, use the LoggerMessage delegates instead of calling 'LoggerExtensions.LogInformation(ILogger, string?, params object?[])' (https://learn.microsoft.com/dotnet/fundamentals/code-analysis/quality-rules/ca1848) [/home/runner/work/trading-bot-c-/trading-bot-c-/src/BotCore/BotCore.csproj]
/home/runner/work/trading-bot-c-/trading-bot-c-/src/BotCore/Fusion/DecisionFusionCoordinator.cs(84,65): error S1541: The Cyclomatic Complexity of this method is 29 which is greater than 10 authorized. (https://rules.sonarsource.com/csharp/RSPEC-1541) [/home/runner/work/trading-bot-c-/trading-bot-c-/src/BotCore/BotCore.csproj]
/home/runner/work/trading-bot-c-/trading-bot-c-/src/BotCore/Features/BarDispatcherHook.cs(51,13): error CA1848: For improved performance, use the LoggerMessage delegates instead of calling 'LoggerExtensions.LogInformation(ILogger, string?, params object?[])' (https://learn.microsoft.com/dotnet/fundamentals/code-analysis/quality-rules/ca1848) [/home/runner/work/trading-bot-c-/trading-bot-c-/src/BotCore/BotCore.csproj]
/home/runner/work/trading-bot-c-/trading-bot-c-/src/BotCore/Features/BarDispatcherHook.cs(62,21): error CA1848: For improved performance, use the LoggerMessage delegates instead of calling 'LoggerExtensions.LogInformation(ILogger, string?, params object?[])' (https://learn.microsoft.com/dotnet/fundamentals/code-analysis/quality-rules/ca1848) [/home/runner/work/trading-bot-c-/trading-bot-c-/src/BotCore/BotCore.csproj]
/home/runner/work/trading-bot-c-/trading-bot-c-/src/BotCore/Features/BarDispatcherHook.cs(66,21): error CA1848: For improved performance, use the LoggerMessage delegates instead of calling 'LoggerExtensions.LogWarning(ILogger, string?, params object?[])' (https://learn.microsoft.com/dotnet/fundamentals/code-analysis/quality-rules/ca1848) [/home/runner/work/trading-bot-c-/trading-bot-c-/src/BotCore/BotCore.csproj]
/home/runner/work/trading-bot-c-/trading-bot-c-/src/BotCore/Features/BarDispatcherHook.cs(75,29): error CA1848: For improved performance, use the LoggerMessage delegates instead of calling 'LoggerExtensions.LogError(ILogger, string?, params object?[])' (https://learn.microsoft.com/dotnet/fundamentals/code-analysis/quality-rules/ca1848) [/home/runner/work/trading-bot-c-/trading-bot-c-/src/BotCore/BotCore.csproj]
/home/runner/work/trading-bot-c-/trading-bot-c-/src/BotCore/Features/BarDispatcherHook.cs(81,29): error CA1848: For improved performance, use the LoggerMessage delegates instead of calling 'LoggerExtensions.LogWarning(ILogger, string?, params object?[])' (https://learn.microsoft.com/dotnet/fundamentals/code-analysis/quality-rules/ca1848) [/home/runner/work/trading-bot-c-/trading-bot-c-/src/BotCore/BotCore.csproj]
/home/runner/work/trading-bot-c-/trading-bot-c-/src/BotCore/Features/BarDispatcherHook.cs(90,17): error CA1848: For improved performance, use the LoggerMessage delegates instead of calling 'LoggerExtensions.LogError(ILogger, Exception?, string?, params object?[])' (https://learn.microsoft.com/dotnet/fundamentals/code-analysis/quality-rules/ca1848) [/home/runner/work/trading-bot-c-/trading-bot-c-/src/BotCore/BotCore.csproj]
/home/runner/work/trading-bot-c-/trading-bot-c-/src/BotCore/Fusion/DecisionFusionCoordinator.cs(84,65): error S138: This method 'DecideAsync' has 146 lines, which is greater than the 80 lines authorized. Split it into smaller methods. (https://rules.sonarsource.com/csharp/RSPEC-138) [/home/runner/work/trading-bot-c-/trading-bot-c-/src/BotCore/BotCore.csproj]
/home/runner/work/trading-bot-c-/trading-bot-c-/src/BotCore/Fusion/DecisionFusionCoordinator.cs(93,9): error CA1848: For improved performance, use the LoggerMessage delegates instead of calling 'LoggerExtensions.LogInformation(ILogger, string?, params object?[])' (https://learn.microsoft.com/dotnet/fundamentals/code-analysis/quality-rules/ca1848) [/home/runner/work/trading-bot-c-/trading-bot-c-/src/BotCore/BotCore.csproj]
/home/runner/work/trading-bot-c-/trading-bot-c-/src/BotCore/Fusion/DecisionFusionCoordinator.cs(115,17): error CA1848: For improved performance, use the LoggerMessage delegates instead of calling 'LoggerExtensions.LogTrace(ILogger, string?, params object?[])' (https://learn.microsoft.com/dotnet/fundamentals/code-analysis/quality-rules/ca1848) [/home/runner/work/trading-bot-c-/trading-bot-c-/src/BotCore/BotCore.csproj]
/home/runner/work/trading-bot-c-/trading-bot-c-/src/BotCore/Fusion/DecisionFusionCoordinator.cs(126,17): error CA1848: For improved performance, use the LoggerMessage delegates instead of calling 'LoggerExtensions.LogTrace(ILogger, string?, params object?[])' (https://learn.microsoft.com/dotnet/fundamentals/code-analysis/quality-rules/ca1848) [/home/runner/work/trading-bot-c-/trading-bot-c-/src/BotCore/BotCore.csproj]
/home/runner/work/trading-bot-c-/trading-bot-c-/src/BotCore/Fusion/DecisionFusionCoordinator.cs(130,17): error CA1848: For improved performance, use the LoggerMessage delegates instead of calling 'LoggerExtensions.LogInformation(ILogger, string?, params object?[])' (https://learn.microsoft.com/dotnet/fundamentals/code-analysis/quality-rules/ca1848) [/home/runner/work/trading-bot-c-/trading-bot-c-/src/BotCore/BotCore.csproj]
/home/runner/work/trading-bot-c-/trading-bot-c-/src/BotCore/Fusion/DecisionFusionCoordinator.cs(142,17): error CA1848: For improved performance, use the LoggerMessage delegates instead of calling 'LoggerExtensions.LogDebug(ILogger, string?, params object?[])' (https://learn.microsoft.com/dotnet/fundamentals/code-analysis/quality-rules/ca1848) [/home/runner/work/trading-bot-c-/trading-bot-c-/src/BotCore/BotCore.csproj]
/home/runner/work/trading-bot-c-/trading-bot-c-/src/BotCore/Fusion/DecisionFusionCoordinator.cs(161,17): error CA1848: For improved performance, use the LoggerMessage delegates instead of calling 'LoggerExtensions.LogDebug(ILogger, string?, params object?[])' (https://learn.microsoft.com/dotnet/fundamentals/code-analysis/quality-rules/ca1848) [/home/runner/work/trading-bot-c-/trading-bot-c-/src/BotCore/BotCore.csproj]
/home/runner/work/trading-bot-c-/trading-bot-c-/src/BotCore/Fusion/DecisionFusionCoordinator.cs(171,21): error CA1848: For improved performance, use the LoggerMessage delegates instead of calling 'LoggerExtensions.LogTrace(ILogger, string?, params object?[])' (https://learn.microsoft.com/dotnet/fundamentals/code-analysis/quality-rules/ca1848) [/home/runner/work/trading-bot-c-/trading-bot-c-/src/BotCore/BotCore.csproj]
/home/runner/work/trading-bot-c-/trading-bot-c-/src/BotCore/Fusion/DecisionFusionCoordinator.cs(228,25): error CA1848: For improved performance, use the LoggerMessage delegates instead of calling 'LoggerExtensions.LogWarning(ILogger, Exception?, string?, params object?[])' (https://learn.microsoft.com/dotnet/fundamentals/code-analysis/quality-rules/ca1848) [/home/runner/work/trading-bot-c-/trading-bot-c-/src/BotCore/BotCore.csproj]
/home/runner/work/trading-bot-c-/trading-bot-c-/src/BotCore/Fusion/DecisionFusionCoordinator.cs(234,21): error CA1848: For improved performance, use the LoggerMessage delegates instead of calling 'LoggerExtensions.LogTrace(ILogger, string?, params object?[])' (https://learn.microsoft.com/dotnet/fundamentals/code-analysis/quality-rules/ca1848) [/home/runner/work/trading-bot-c-/trading-bot-c-/src/BotCore/BotCore.csproj]
/home/runner/work/trading-bot-c-/trading-bot-c-/src/BotCore/Fusion/DecisionFusionCoordinator.cs(241,17): error CA1848: For improved performance, use the LoggerMessage delegates instead of calling 'LoggerExtensions.LogDebug(ILogger, string?, params object?[])' (https://learn.microsoft.com/dotnet/fundamentals/code-analysis/quality-rules/ca1848) [/home/runner/work/trading-bot-c-/trading-bot-c-/src/BotCore/BotCore.csproj]
/home/runner/work/trading-bot-c-/trading-bot-c-/src/BotCore/Fusion/DecisionFusionCoordinator.cs(244,17): error CA1848: For improved performance, use the LoggerMessage delegates instead of calling 'LoggerExtensions.LogDebug(ILogger, string?, params object?[])' (https://learn.microsoft.com/dotnet/fundamentals/code-analysis/quality-rules/ca1848) [/home/runner/work/trading-bot-c-/trading-bot-c-/src/BotCore/BotCore.csproj]
/home/runner/work/trading-bot-c-/trading-bot-c-/src/BotCore/Fusion/DecisionFusionCoordinator.cs(249,17): error CA1848: For improved performance, use the LoggerMessage delegates instead of calling 'LoggerExtensions.LogWarning(ILogger, Exception?, string?, params object?[])' (https://learn.microsoft.com/dotnet/fundamentals/code-analysis/quality-rules/ca1848) [/home/runner/work/trading-bot-c-/trading-bot-c-/src/BotCore/BotCore.csproj]
/home/runner/work/trading-bot-c-/trading-bot-c-/src/BotCore/Fusion/DecisionFusionCoordinator.cs(253,13): error CA1848: For improved performance, use the LoggerMessage delegates instead of calling 'LoggerExtensions.LogInformation(ILogger, string?, params object?[])' (https://learn.microsoft.com/dotnet/fundamentals/code-analysis/quality-rules/ca1848) [/home/runner/work/trading-bot-c-/trading-bot-c-/src/BotCore/BotCore.csproj]
/home/runner/work/trading-bot-c-/trading-bot-c-/src/BotCore/Fusion/DecisionFusionCoordinator.cs(256,13): error CA1848: For improved performance, use the LoggerMessage delegates instead of calling 'LoggerExtensions.LogInformation(ILogger, string?, params object?[])' (https://learn.microsoft.com/dotnet/fundamentals/code-analysis/quality-rules/ca1848) [/home/runner/work/trading-bot-c-/trading-bot-c-/src/BotCore/BotCore.csproj]
/home/runner/work/trading-bot-c-/trading-bot-c-/src/BotCore/Fusion/DecisionFusionCoordinator.cs(260,13): error CA1848: For improved performance, use the LoggerMessage delegates instead of calling 'LoggerExtensions.LogInformation(ILogger, string?, params object?[])' (https://learn.microsoft.com/dotnet/fundamentals/code-analysis/quality-rules/ca1848) [/home/runner/work/trading-bot-c-/trading-bot-c-/src/BotCore/BotCore.csproj]
/home/runner/work/trading-bot-c-/trading-bot-c-/src/BotCore/Fusion/DecisionFusionCoordinator.cs(272,13): error CA1848: For improved performance, use the LoggerMessage delegates instead of calling 'LoggerExtensions.LogError(ILogger, Exception?, string?, params object?[])' (https://learn.microsoft.com/dotnet/fundamentals/code-analysis/quality-rules/ca1848) [/home/runner/work/trading-bot-c-/trading-bot-c-/src/BotCore/BotCore.csproj]
/home/runner/work/trading-bot-c-/trading-bot-c-/src/BotCore/Fusion/DecisionFusionCoordinator.cs(276,13): error CA1848: For improved performance, use the LoggerMessage delegates instead of calling 'LoggerExtensions.LogError(ILogger, string?, params object?[])' (https://learn.microsoft.com/dotnet/fundamentals/code-analysis/quality-rules/ca1848) [/home/runner/work/trading-bot-c-/trading-bot-c-/src/BotCore/BotCore.csproj]
/home/runner/work/trading-bot-c-/trading-bot-c-/src/BotCore/Features/FeatureBuilder.cs(109,19): error CA1002: Change 'List<Bar>' in 'FeatureBuilder.BuildFeatures(string, List<Bar>, int, DateTime, [object], [object])' to use 'Collection<T>', 'ReadOnlyCollection<T>' or 'KeyedCollection<K,V>' (https://learn.microsoft.com/dotnet/fundamentals/code-analysis/quality-rules/ca1002) [/home/runner/work/trading-bot-c-/trading-bot-c-/src/BotCore/BotCore.csproj]
/home/runner/work/trading-bot-c-/trading-bot-c-/src/BotCore/ML/MLMemoryManager.cs(595,20): error S1215: Refactor the code to remove this use of 'GC.Collect'. (https://rules.sonarsource.com/csharp/RSPEC-1215) [/home/runner/work/trading-bot-c-/trading-bot-c-/src/BotCore/BotCore.csproj]
/home/runner/work/trading-bot-c-/trading-bot-c-/src/BotCore/Fusion/DecisionFusionCoordinator.cs(226,21): error CA1031: Modify 'DecideAsync' to catch a more specific allowed exception type, or rethrow the exception (https://learn.microsoft.com/dotnet/fundamentals/code-analysis/quality-rules/ca1031) [/home/runner/work/trading-bot-c-/trading-bot-c-/src/BotCore/BotCore.csproj]
/home/runner/work/trading-bot-c-/trading-bot-c-/src/BotCore/Fusion/DecisionFusionCoordinator.cs(247,13): error CA1031: Modify 'DecideAsync' to catch a more specific allowed exception type, or rethrow the exception (https://learn.microsoft.com/dotnet/fundamentals/code-analysis/quality-rules/ca1031) [/home/runner/work/trading-bot-c-/trading-bot-c-/src/BotCore/BotCore.csproj]
/home/runner/work/trading-bot-c-/trading-bot-c-/src/BotCore/Fusion/DecisionFusionCoordinator.cs(267,9): error CA1031: Modify 'DecideAsync' to catch a more specific allowed exception type, or rethrow the exception (https://learn.microsoft.com/dotnet/fundamentals/code-analysis/quality-rules/ca1031) [/home/runner/work/trading-bot-c-/trading-bot-c-/src/BotCore/BotCore.csproj]
/home/runner/work/trading-bot-c-/trading-bot-c-/src/BotCore/Features/FeatureBuilder.cs(150,13): error CA1848: For improved performance, use the LoggerMessage delegates instead of calling 'LoggerExtensions.LogError(ILogger, Exception?, string?, params object?[])' (https://learn.microsoft.com/dotnet/fundamentals/code-analysis/quality-rules/ca1848) [/home/runner/work/trading-bot-c-/trading-bot-c-/src/BotCore/BotCore.csproj]
/home/runner/work/trading-bot-c-/trading-bot-c-/src/BotCore/Features/FeatureBuilder.cs(164,13): error CA1848: For improved performance, use the LoggerMessage delegates instead of calling 'LoggerExtensions.LogError(ILogger, Exception?, string?, params object?[])' (https://learn.microsoft.com/dotnet/fundamentals/code-analysis/quality-rules/ca1848) [/home/runner/work/trading-bot-c-/trading-bot-c-/src/BotCore/BotCore.csproj]
/home/runner/work/trading-bot-c-/trading-bot-c-/src/BotCore/Features/FeatureBuilder.cs(178,13): error CA1848: For improved performance, use the LoggerMessage delegates instead of calling 'LoggerExtensions.LogError(ILogger, Exception?, string?, params object?[])' (https://learn.microsoft.com/dotnet/fundamentals/code-analysis/quality-rules/ca1848) [/home/runner/work/trading-bot-c-/trading-bot-c-/src/BotCore/BotCore.csproj]
/home/runner/work/trading-bot-c-/trading-bot-c-/src/BotCore/Features/FeaturePublisher.cs(126,13): error CA1848: For improved performance, use the LoggerMessage delegates instead of calling 'LoggerExtensions.LogTrace(ILogger, string?, params object?[])' (https://learn.microsoft.com/dotnet/fundamentals/code-analysis/quality-rules/ca1848) [/home/runner/work/trading-bot-c-/trading-bot-c-/src/BotCore/BotCore.csproj]
/home/runner/work/trading-bot-c-/trading-bot-c-/src/BotCore/Features/FeaturePublisher.cs(151,33): error CA1848: For improved performance, use the LoggerMessage delegates instead of calling 'LoggerExtensions.LogTrace(ILogger, string?, params object?[])' (https://learn.microsoft.com/dotnet/fundamentals/code-analysis/quality-rules/ca1848) [/home/runner/work/trading-bot-c-/trading-bot-c-/src/BotCore/BotCore.csproj]
/home/runner/work/trading-bot-c-/trading-bot-c-/src/BotCore/Features/FeaturePublisher.cs(160,33): error CA1848: For improved performance, use the LoggerMessage delegates instead of calling 'LoggerExtensions.LogWarning(ILogger, string?, params object?[])' (https://learn.microsoft.com/dotnet/fundamentals/code-analysis/quality-rules/ca1848) [/home/runner/work/trading-bot-c-/trading-bot-c-/src/BotCore/BotCore.csproj]
/home/runner/work/trading-bot-c-/trading-bot-c-/src/BotCore/Features/FeaturePublisher.cs(170,25): error CA1848: For improved performance, use the LoggerMessage delegates instead of calling 'LoggerExtensions.LogError(ILogger, Exception?, string?, params object?[])' (https://learn.microsoft.com/dotnet/fundamentals/code-analysis/quality-rules/ca1848) [/home/runner/work/trading-bot-c-/trading-bot-c-/src/BotCore/BotCore.csproj]
/home/runner/work/trading-bot-c-/trading-bot-c-/src/BotCore/Features/FeaturePublisher.cs(180,29): error CA1848: For improved performance, use the LoggerMessage delegates instead of calling 'LoggerExtensions.LogError(ILogger, Exception?, string?, params object?[])' (https://learn.microsoft.com/dotnet/fundamentals/code-analysis/quality-rules/ca1848) [/home/runner/work/trading-bot-c-/trading-bot-c-/src/BotCore/BotCore.csproj]
/home/runner/work/trading-bot-c-/trading-bot-c-/src/BotCore/Features/FeaturePublisher.cs(201,13): error CA1848: For improved performance, use the LoggerMessage delegates instead of calling 'LoggerExtensions.LogDebug(ILogger, string?, params object?[])' (https://learn.microsoft.com/dotnet/fundamentals/code-analysis/quality-rules/ca1848) [/home/runner/work/trading-bot-c-/trading-bot-c-/src/BotCore/BotCore.csproj]
/home/runner/work/trading-bot-c-/trading-bot-c-/src/BotCore/Features/FeatureComputationConfig.cs(94,17): error S1541: The Cyclomatic Complexity of this method is 22 which is greater than 10 authorized. (https://rules.sonarsource.com/csharp/RSPEC-1541) [/home/runner/work/trading-bot-c-/trading-bot-c-/src/BotCore/BotCore.csproj]
/home/runner/work/trading-bot-c-/trading-bot-c-/src/BotCore/Fusion/FeatureBusAdapter.cs(356,13): error CA1848: For improved performance, use the LoggerMessage delegates instead of calling 'LoggerExtensions.LogError(ILogger, Exception?, string?, params object?[])' (https://learn.microsoft.com/dotnet/fundamentals/code-analysis/quality-rules/ca1848) [/home/runner/work/trading-bot-c-/trading-bot-c-/src/BotCore/BotCore.csproj]
/home/runner/work/trading-bot-c-/trading-bot-c-/src/BotCore/Fusion/FeatureBusAdapter.cs(354,9): error CA1031: Modify 'CalculateRealizedVolatilityFromBars' to catch a more specific allowed exception type, or rethrow the exception (https://learn.microsoft.com/dotnet/fundamentals/code-analysis/quality-rules/ca1031) [/home/runner/work/trading-bot-c-/trading-bot-c-/src/BotCore/BotCore.csproj]
/home/runner/work/trading-bot-c-/trading-bot-c-/src/BotCore/Features/BarDispatcherHook.cs(113,21): error CA1848: For improved performance, use the LoggerMessage delegates instead of calling 'LoggerExtensions.LogInformation(ILogger, string?, params object?[])' (https://learn.microsoft.com/dotnet/fundamentals/code-analysis/quality-rules/ca1848) [/home/runner/work/trading-bot-c-/trading-bot-c-/src/BotCore/BotCore.csproj]
/home/runner/work/trading-bot-c-/trading-bot-c-/src/BotCore/Features/BarDispatcherHook.cs(120,21): error CA1848: For improved performance, use the LoggerMessage delegates instead of calling 'LoggerExtensions.LogInformation(ILogger, string?, params object?[])' (https://learn.microsoft.com/dotnet/fundamentals/code-analysis/quality-rules/ca1848) [/home/runner/work/trading-bot-c-/trading-bot-c-/src/BotCore/BotCore.csproj]
/home/runner/work/trading-bot-c-/trading-bot-c-/src/BotCore/Features/BarDispatcherHook.cs(125,17): error CA1848: For improved performance, use the LoggerMessage delegates instead of calling 'LoggerExtensions.LogError(ILogger, Exception?, string?, params object?[])' (https://learn.microsoft.com/dotnet/fundamentals/code-analysis/quality-rules/ca1848) [/home/runner/work/trading-bot-c-/trading-bot-c-/src/BotCore/BotCore.csproj]
/home/runner/work/trading-bot-c-/trading-bot-c-/src/BotCore/ML/OnnxModelLoader.cs(543,37): error S138: This method 'HealthProbeAsync' has 83 lines, which is greater than the 80 lines authorized. Split it into smaller methods. (https://rules.sonarsource.com/csharp/RSPEC-138) [/home/runner/work/trading-bot-c-/trading-bot-c-/src/BotCore/BotCore.csproj]
/home/runner/work/trading-bot-c-/trading-bot-c-/src/BotCore/Fusion/DecisionFusionCoordinator.cs(294,17): error CA1848: For improved performance, use the LoggerMessage delegates instead of calling 'LoggerExtensions.LogWarning(ILogger, string?, params object?[])' (https://learn.microsoft.com/dotnet/fundamentals/code-analysis/quality-rules/ca1848) [/home/runner/work/trading-bot-c-/trading-bot-c-/src/BotCore/BotCore.csproj]
/home/runner/work/trading-bot-c-/trading-bot-c-/src/BotCore/Fusion/DecisionFusionCoordinator.cs(301,17): error CA1848: For improved performance, use the LoggerMessage delegates instead of calling 'LoggerExtensions.LogTrace(ILogger, string?, params object?[])' (https://learn.microsoft.com/dotnet/fundamentals/code-analysis/quality-rules/ca1848) [/home/runner/work/trading-bot-c-/trading-bot-c-/src/BotCore/BotCore.csproj]
/home/runner/work/trading-bot-c-/trading-bot-c-/src/BotCore/Fusion/DecisionFusionCoordinator.cs(309,13): error CA1848: For improved performance, use the LoggerMessage delegates instead of calling 'LoggerExtensions.LogError(ILogger, Exception?, string?, params object?[])' (https://learn.microsoft.com/dotnet/fundamentals/code-analysis/quality-rules/ca1848) [/home/runner/work/trading-bot-c-/trading-bot-c-/src/BotCore/BotCore.csproj]
/home/runner/work/trading-bot-c-/trading-bot-c-/src/BotCore/Fusion/DecisionFusionCoordinator.cs(307,9): error CA1031: Modify 'GetConfigValue' to catch a more specific allowed exception type, or rethrow the exception (https://learn.microsoft.com/dotnet/fundamentals/code-analysis/quality-rules/ca1031) [/home/runner/work/trading-bot-c-/trading-bot-c-/src/BotCore/BotCore.csproj]
/home/runner/work/trading-bot-c-/trading-bot-c-/src/BotCore/Integration/TechnicalIndicatorResolvers.cs(184,13): error CA1848: For improved performance, use the LoggerMessage delegates instead of calling 'LoggerExtensions.LogTrace(ILogger, string?, params object?[])' (https://learn.microsoft.com/dotnet/fundamentals/code-analysis/quality-rules/ca1848) [/home/runner/work/trading-bot-c-/trading-bot-c-/src/BotCore/BotCore.csproj]
/home/runner/work/trading-bot-c-/trading-bot-c-/src/BotCore/Integration/TechnicalIndicatorResolvers.cs(189,13): error CA1848: For improved performance, use the LoggerMessage delegates instead of calling 'LoggerExtensions.LogError(ILogger, Exception?, string?, params object?[])' (https://learn.microsoft.com/dotnet/fundamentals/code-analysis/quality-rules/ca1848) [/home/runner/work/trading-bot-c-/trading-bot-c-/src/BotCore/BotCore.csproj]
/home/runner/work/trading-bot-c-/trading-bot-c-/src/BotCore/ML/MLMemoryManager.cs(616,18): error S1541: The Cyclomatic Complexity of this method is 11 which is greater than 10 authorized. (https://rules.sonarsource.com/csharp/RSPEC-1541) [/home/runner/work/trading-bot-c-/trading-bot-c-/src/BotCore/BotCore.csproj]
/home/runner/work/trading-bot-c-/trading-bot-c-/src/BotCore/Features/BarDispatcherHook.cs(150,29): error CA1848: For improved performance, use the LoggerMessage delegates instead of calling 'LoggerExtensions.LogInformation(ILogger, string?, params object?[])' (https://learn.microsoft.com/dotnet/fundamentals/code-analysis/quality-rules/ca1848) [/home/runner/work/trading-bot-c-/trading-bot-c-/src/BotCore/BotCore.csproj]
/home/runner/work/trading-bot-c-/trading-bot-c-/src/BotCore/Features/BarDispatcherHook.cs(159,29): error CA1848: For improved performance, use the LoggerMessage delegates instead of calling 'LoggerExtensions.LogWarning(ILogger, string?, params object?[])' (https://learn.microsoft.com/dotnet/fundamentals/code-analysis/quality-rules/ca1848) [/home/runner/work/trading-bot-c-/trading-bot-c-/src/BotCore/BotCore.csproj]
/home/runner/work/trading-bot-c-/trading-bot-c-/src/BotCore/Features/BarDispatcherHook.cs(164,25): error CA1848: For improved performance, use the LoggerMessage delegates instead of calling 'LoggerExtensions.LogWarning(ILogger, string?, params object?[])' (https://learn.microsoft.com/dotnet/fundamentals/code-analysis/quality-rules/ca1848) [/home/runner/work/trading-bot-c-/trading-bot-c-/src/BotCore/BotCore.csproj]
/home/runner/work/trading-bot-c-/trading-bot-c-/src/BotCore/Features/BarDispatcherHook.cs(169,21): error CA1848: For improved performance, use the LoggerMessage delegates instead of calling 'LoggerExtensions.LogWarning(ILogger, Exception?, string?, params object?[])' (https://learn.microsoft.com/dotnet/fundamentals/code-analysis/quality-rules/ca1848) [/home/runner/work/trading-bot-c-/trading-bot-c-/src/BotCore/BotCore.csproj]
/home/runner/work/trading-bot-c-/trading-bot-c-/src/BotCore/Features/BarDispatcherHook.cs(173,25): error CA1848: For improved performance, use the LoggerMessage delegates instead of calling 'LoggerExtensions.LogError(ILogger, string?, params object?[])' (https://learn.microsoft.com/dotnet/fundamentals/code-analysis/quality-rules/ca1848) [/home/runner/work/trading-bot-c-/trading-bot-c-/src/BotCore/BotCore.csproj]
/home/runner/work/trading-bot-c-/trading-bot-c-/src/BotCore/Features/BarDispatcherHook.cs(178,21): error CA1848: For improved performance, use the LoggerMessage delegates instead of calling 'LoggerExtensions.LogWarning(ILogger, Exception?, string?, params object?[])' (https://learn.microsoft.com/dotnet/fundamentals/code-analysis/quality-rules/ca1848) [/home/runner/work/trading-bot-c-/trading-bot-c-/src/BotCore/BotCore.csproj]
/home/runner/work/trading-bot-c-/trading-bot-c-/src/BotCore/Features/BarDispatcherHook.cs(182,25): error CA1848: For improved performance, use the LoggerMessage delegates instead of calling 'LoggerExtensions.LogError(ILogger, string?, params object?[])' (https://learn.microsoft.com/dotnet/fundamentals/code-analysis/quality-rules/ca1848) [/home/runner/work/trading-bot-c-/trading-bot-c-/src/BotCore/BotCore.csproj]
/home/runner/work/trading-bot-c-/trading-bot-c-/src/BotCore/Features/BarDispatcherHook.cs(187,21): error CA1848: For improved performance, use the LoggerMessage delegates instead of calling 'LoggerExtensions.LogWarning(ILogger, Exception?, string?, params object?[])' (https://learn.microsoft.com/dotnet/fundamentals/code-analysis/quality-rules/ca1848) [/home/runner/work/trading-bot-c-/trading-bot-c-/src/BotCore/BotCore.csproj]
/home/runner/work/trading-bot-c-/trading-bot-c-/src/BotCore/Features/BarDispatcherHook.cs(191,25): error CA1848: For improved performance, use the LoggerMessage delegates instead of calling 'LoggerExtensions.LogError(ILogger, string?, params object?[])' (https://learn.microsoft.com/dotnet/fundamentals/code-analysis/quality-rules/ca1848) [/home/runner/work/trading-bot-c-/trading-bot-c-/src/BotCore/BotCore.csproj]
/home/runner/work/trading-bot-c-/trading-bot-c-/src/BotCore/Features/FeaturePublisher.cs(212,17): error CA1848: For improved performance, use the LoggerMessage delegates instead of calling 'LoggerExtensions.LogInformation(ILogger, string?, params object?[])' (https://learn.microsoft.com/dotnet/fundamentals/code-analysis/quality-rules/ca1848) [/home/runner/work/trading-bot-c-/trading-bot-c-/src/BotCore/BotCore.csproj]
/home/runner/work/trading-bot-c-/trading-bot-c-/src/BotCore/Integration/TechnicalIndicatorResolvers.cs(110,13): error CA1848: For improved performance, use the LoggerMessage delegates instead of calling 'LoggerExtensions.LogTrace(ILogger, string?, params object?[])' (https://learn.microsoft.com/dotnet/fundamentals/code-analysis/quality-rules/ca1848) [/home/runner/work/trading-bot-c-/trading-bot-c-/src/BotCore/BotCore.csproj]
/home/runner/work/trading-bot-c-/trading-bot-c-/src/BotCore/Integration/TechnicalIndicatorResolvers.cs(115,13): error CA1848: For improved performance, use the LoggerMessage delegates instead of calling 'LoggerExtensions.LogError(ILogger, Exception?, string?, params object?[])' (https://learn.microsoft.com/dotnet/fundamentals/code-analysis/quality-rules/ca1848) [/home/runner/work/trading-bot-c-/trading-bot-c-/src/BotCore/BotCore.csproj]
/home/runner/work/trading-bot-c-/trading-bot-c-/src/BotCore/Features/BarDispatcherHook.cs(209,21): error CA1848: For improved performance, use the LoggerMessage delegates instead of calling 'LoggerExtensions.LogInformation(ILogger, string?, params object?[])' (https://learn.microsoft.com/dotnet/fundamentals/code-analysis/quality-rules/ca1848) [/home/runner/work/trading-bot-c-/trading-bot-c-/src/BotCore/BotCore.csproj]
/home/runner/work/trading-bot-c-/trading-bot-c-/src/BotCore/Features/BarDispatcherHook.cs(219,21): error CA1848: For improved performance, use the LoggerMessage delegates instead of calling 'LoggerExtensions.LogWarning(ILogger, string?, params object?[])' (https://learn.microsoft.com/dotnet/fundamentals/code-analysis/quality-rules/ca1848) [/home/runner/work/trading-bot-c-/trading-bot-c-/src/BotCore/BotCore.csproj]
/home/runner/work/trading-bot-c-/trading-bot-c-/src/BotCore/Features/BarDispatcherHook.cs(226,17): error CA1848: For improved performance, use the LoggerMessage delegates instead of calling 'LoggerExtensions.LogWarning(ILogger, Exception?, string?, params object?[])' (https://learn.microsoft.com/dotnet/fundamentals/code-analysis/quality-rules/ca1848) [/home/runner/work/trading-bot-c-/trading-bot-c-/src/BotCore/BotCore.csproj]
/home/runner/work/trading-bot-c-/trading-bot-c-/src/BotCore/Features/BarDispatcherHook.cs(230,21): error CA1848: For improved performance, use the LoggerMessage delegates instead of calling 'LoggerExtensions.LogError(ILogger, string?, params object?[])' (https://learn.microsoft.com/dotnet/fundamentals/code-analysis/quality-rules/ca1848) [/home/runner/work/trading-bot-c-/trading-bot-c-/src/BotCore/BotCore.csproj]
/home/runner/work/trading-bot-c-/trading-bot-c-/src/BotCore/Features/BarDispatcherHook.cs(237,17): error CA1848: For improved performance, use the LoggerMessage delegates instead of calling 'LoggerExtensions.LogWarning(ILogger, Exception?, string?, params object?[])' (https://learn.microsoft.com/dotnet/fundamentals/code-analysis/quality-rules/ca1848) [/home/runner/work/trading-bot-c-/trading-bot-c-/src/BotCore/BotCore.csproj]
/home/runner/work/trading-bot-c-/trading-bot-c-/src/BotCore/Features/BarDispatcherHook.cs(241,21): error CA1848: For improved performance, use the LoggerMessage delegates instead of calling 'LoggerExtensions.LogError(ILogger, string?, params object?[])' (https://learn.microsoft.com/dotnet/fundamentals/code-analysis/quality-rules/ca1848) [/home/runner/work/trading-bot-c-/trading-bot-c-/src/BotCore/BotCore.csproj]
/home/runner/work/trading-bot-c-/trading-bot-c-/src/BotCore/Integration/UnifiedBarPipeline.cs(73,13): error CA1848: For improved performance, use the LoggerMessage delegates instead of calling 'LoggerExtensions.LogDebug(ILogger, string?, params object?[])' (https://learn.microsoft.com/dotnet/fundamentals/code-analysis/quality-rules/ca1848) [/home/runner/work/trading-bot-c-/trading-bot-c-/src/BotCore/BotCore.csproj]
/home/runner/work/trading-bot-c-/trading-bot-c-/src/BotCore/Integration/UnifiedBarPipeline.cs(81,17): error CA1848: For improved performance, use the LoggerMessage delegates instead of calling 'LoggerExtensions.LogWarning(ILogger, string?, params object?[])' (https://learn.microsoft.com/dotnet/fundamentals/code-analysis/quality-rules/ca1848) [/home/runner/work/trading-bot-c-/trading-bot-c-/src/BotCore/BotCore.csproj]
/home/runner/work/trading-bot-c-/trading-bot-c-/src/BotCore/Integration/UnifiedBarPipeline.cs(91,17): error CA1848: For improved performance, use the LoggerMessage delegates instead of calling 'LoggerExtensions.LogWarning(ILogger, string?, params object?[])' (https://learn.microsoft.com/dotnet/fundamentals/code-analysis/quality-rules/ca1848) [/home/runner/work/trading-bot-c-/trading-bot-c-/src/BotCore/BotCore.csproj]
/home/runner/work/trading-bot-c-/trading-bot-c-/src/BotCore/Integration/UnifiedBarPipeline.cs(101,17): error CA1848: For improved performance, use the LoggerMessage delegates instead of calling 'LoggerExtensions.LogWarning(ILogger, string?, params object?[])' (https://learn.microsoft.com/dotnet/fundamentals/code-analysis/quality-rules/ca1848) [/home/runner/work/trading-bot-c-/trading-bot-c-/src/BotCore/BotCore.csproj]
/home/runner/work/trading-bot-c-/trading-bot-c-/src/BotCore/Integration/UnifiedBarPipeline.cs(123,17): error CA1848: For improved performance, use the LoggerMessage delegates instead of calling 'LoggerExtensions.LogDebug(ILogger, string?, params object?[])' (https://learn.microsoft.com/dotnet/fundamentals/code-analysis/quality-rules/ca1848) [/home/runner/work/trading-bot-c-/trading-bot-c-/src/BotCore/BotCore.csproj]
/home/runner/work/trading-bot-c-/trading-bot-c-/src/BotCore/Integration/UnifiedBarPipeline.cs(129,17): error CA1848: For improved performance, use the LoggerMessage delegates instead of calling 'LoggerExtensions.LogError(ILogger, string?, params object?[])' (https://learn.microsoft.com/dotnet/fundamentals/code-analysis/quality-rules/ca1848) [/home/runner/work/trading-bot-c-/trading-bot-c-/src/BotCore/BotCore.csproj]
/home/runner/work/trading-bot-c-/trading-bot-c-/src/BotCore/Integration/UnifiedBarPipeline.cs(142,13): error CA1848: For improved performance, use the LoggerMessage delegates instead of calling 'LoggerExtensions.LogError(ILogger, Exception?, string?, params object?[])' (https://learn.microsoft.com/dotnet/fundamentals/code-analysis/quality-rules/ca1848) [/home/runner/work/trading-bot-c-/trading-bot-c-/src/BotCore/BotCore.csproj]
/home/runner/work/trading-bot-c-/trading-bot-c-/src/BotCore/Integration/UnifiedBarPipeline.cs(152,13): error CA1848: For improved performance, use the LoggerMessage delegates instead of calling 'LoggerExtensions.LogError(ILogger, Exception?, string?, params object?[])' (https://learn.microsoft.com/dotnet/fundamentals/code-analysis/quality-rules/ca1848) [/home/runner/work/trading-bot-c-/trading-bot-c-/src/BotCore/BotCore.csproj]
/home/runner/work/trading-bot-c-/trading-bot-c-/src/BotCore/Execution/BasicMicrostructureAnalyzer.cs(358,14): error CA1860: Prefer comparing 'Count' to 0 rather than using 'Any()', both for clarity and for performance (https://learn.microsoft.com/dotnet/fundamentals/code-analysis/quality-rules/ca1860) [/home/runner/work/trading-bot-c-/trading-bot-c-/src/BotCore/BotCore.csproj]
/home/runner/work/trading-bot-c-/trading-bot-c-/src/BotCore/Services/AutonomousDecisionEngine.cs(614,17): error CA1848: For improved performance, use the LoggerMessage delegates instead of calling 'LoggerExtensions.LogDebug(ILogger, Exception?, string?, params object?[])' (https://learn.microsoft.com/dotnet/fundamentals/code-analysis/quality-rules/ca1848) [/home/runner/work/trading-bot-c-/trading-bot-c-/src/BotCore/BotCore.csproj]
/home/runner/work/trading-bot-c-/trading-bot-c-/src/BotCore/Services/AutonomousDecisionEngine.cs(652,13): error CA1848: For improved performance, use the LoggerMessage delegates instead of calling 'LoggerExtensions.LogWarning(ILogger, Exception?, string?, params object?[])' (https://learn.microsoft.com/dotnet/fundamentals/code-analysis/quality-rules/ca1848) [/home/runner/work/trading-bot-c-/trading-bot-c-/src/BotCore/BotCore.csproj]
/home/runner/work/trading-bot-c-/trading-bot-c-/src/BotCore/Integration/TechnicalIndicatorResolvers.cs(147,13): error CA1848: For improved performance, use the LoggerMessage delegates instead of calling 'LoggerExtensions.LogTrace(ILogger, string?, params object?[])' (https://learn.microsoft.com/dotnet/fundamentals/code-analysis/quality-rules/ca1848) [/home/runner/work/trading-bot-c-/trading-bot-c-/src/BotCore/BotCore.csproj]
/home/runner/work/trading-bot-c-/trading-bot-c-/src/BotCore/Integration/TechnicalIndicatorResolvers.cs(152,13): error CA1848: For improved performance, use the LoggerMessage delegates instead of calling 'LoggerExtensions.LogError(ILogger, Exception?, string?, params object?[])' (https://learn.microsoft.com/dotnet/fundamentals/code-analysis/quality-rules/ca1848) [/home/runner/work/trading-bot-c-/trading-bot-c-/src/BotCore/BotCore.csproj]
/home/runner/work/trading-bot-c-/trading-bot-c-/src/BotCore/Services/AutonomousDecisionEngine.cs(612,13): error CA1031: Modify 'IdentifyTradingOpportunityAsync' to catch a more specific allowed exception type, or rethrow the exception (https://learn.microsoft.com/dotnet/fundamentals/code-analysis/quality-rules/ca1031) [/home/runner/work/trading-bot-c-/trading-bot-c-/src/BotCore/BotCore.csproj]
/home/runner/work/trading-bot-c-/trading-bot-c-/src/BotCore/Services/AutonomousDecisionEngine.cs(650,9): error CA1031: Modify 'IdentifyTradingOpportunityAsync' to catch a more specific allowed exception type, or rethrow the exception (https://learn.microsoft.com/dotnet/fundamentals/code-analysis/quality-rules/ca1031) [/home/runner/work/trading-bot-c-/trading-bot-c-/src/BotCore/BotCore.csproj]
/home/runner/work/trading-bot-c-/trading-bot-c-/src/BotCore/Fusion/FeatureBusAdapter.cs(419,13): error CA1848: For improved performance, use the LoggerMessage delegates instead of calling 'LoggerExtensions.LogError(ILogger, Exception?, string?, params object?[])' (https://learn.microsoft.com/dotnet/fundamentals/code-analysis/quality-rules/ca1848) [/home/runner/work/trading-bot-c-/trading-bot-c-/src/BotCore/BotCore.csproj]
/home/runner/work/trading-bot-c-/trading-bot-c-/src/BotCore/Fusion/FeatureBusAdapter.cs(417,9): error CA1031: Modify 'CalculateVolatilityContraction' to catch a more specific allowed exception type, or rethrow the exception (https://learn.microsoft.com/dotnet/fundamentals/code-analysis/quality-rules/ca1031) [/home/runner/work/trading-bot-c-/trading-bot-c-/src/BotCore/BotCore.csproj]
/home/runner/work/trading-bot-c-/trading-bot-c-/src/BotCore/Integration/TechnicalIndicatorResolvers.cs(36,13): error CA1848: For improved performance, use the LoggerMessage delegates instead of calling 'LoggerExtensions.LogTrace(ILogger, string?, params object?[])' (https://learn.microsoft.com/dotnet/fundamentals/code-analysis/quality-rules/ca1848) [/home/runner/work/trading-bot-c-/trading-bot-c-/src/BotCore/BotCore.csproj]
/home/runner/work/trading-bot-c-/trading-bot-c-/src/BotCore/Integration/TechnicalIndicatorResolvers.cs(41,13): error CA1848: For improved performance, use the LoggerMessage delegates instead of calling 'LoggerExtensions.LogError(ILogger, Exception?, string?, params object?[])' (https://learn.microsoft.com/dotnet/fundamentals/code-analysis/quality-rules/ca1848) [/home/runner/work/trading-bot-c-/trading-bot-c-/src/BotCore/BotCore.csproj]
/home/runner/work/trading-bot-c-/trading-bot-c-/src/BotCore/Integration/TechnicalIndicatorResolvers.cs(73,13): error CA1848: For improved performance, use the LoggerMessage delegates instead of calling 'LoggerExtensions.LogTrace(ILogger, string?, params object?[])' (https://learn.microsoft.com/dotnet/fundamentals/code-analysis/quality-rules/ca1848) [/home/runner/work/trading-bot-c-/trading-bot-c-/src/BotCore/BotCore.csproj]
/home/runner/work/trading-bot-c-/trading-bot-c-/src/BotCore/Integration/TechnicalIndicatorResolvers.cs(78,13): error CA1848: For improved performance, use the LoggerMessage delegates instead of calling 'LoggerExtensions.LogError(ILogger, Exception?, string?, params object?[])' (https://learn.microsoft.com/dotnet/fundamentals/code-analysis/quality-rules/ca1848) [/home/runner/work/trading-bot-c-/trading-bot-c-/src/BotCore/BotCore.csproj]
/home/runner/work/trading-bot-c-/trading-bot-c-/src/BotCore/Integration/UnifiedBarPipeline.cs(160,91): error S1172: Remove this unused method parameter 'cancellationToken'. (https://rules.sonarsource.com/csharp/RSPEC-1172) [/home/runner/work/trading-bot-c-/trading-bot-c-/src/BotCore/BotCore.csproj]
/home/runner/work/trading-bot-c-/trading-bot-c-/src/BotCore/Integration/UnifiedBarPipeline.cs(173,13): error CA1848: For improved performance, use the LoggerMessage delegates instead of calling 'LoggerExtensions.LogTrace(ILogger, string?, params object?[])' (https://learn.microsoft.com/dotnet/fundamentals/code-analysis/quality-rules/ca1848) [/home/runner/work/trading-bot-c-/trading-bot-c-/src/BotCore/BotCore.csproj]
/home/runner/work/trading-bot-c-/trading-bot-c-/src/BotCore/Integration/UnifiedBarPipeline.cs(179,13): error CA1848: For improved performance, use the LoggerMessage delegates instead of calling 'LoggerExtensions.LogError(ILogger, Exception?, string?, params object?[])' (https://learn.microsoft.com/dotnet/fundamentals/code-analysis/quality-rules/ca1848) [/home/runner/work/trading-bot-c-/trading-bot-c-/src/BotCore/BotCore.csproj]
/home/runner/work/trading-bot-c-/trading-bot-c-/src/BotCore/Integration/UnifiedBarPipeline.cs(185,13): error CA1848: For improved performance, use the LoggerMessage delegates instead of calling 'LoggerExtensions.LogError(ILogger, Exception?, string?, params object?[])' (https://learn.microsoft.com/dotnet/fundamentals/code-analysis/quality-rules/ca1848) [/home/runner/work/trading-bot-c-/trading-bot-c-/src/BotCore/BotCore.csproj]
/home/runner/work/trading-bot-c-/trading-bot-c-/src/BotCore/ML/MLMemoryManager.cs(717,16): error S1215: Refactor the code to remove this use of 'GC.Collect'. (https://rules.sonarsource.com/csharp/RSPEC-1215) [/home/runner/work/trading-bot-c-/trading-bot-c-/src/BotCore/BotCore.csproj]
/home/runner/work/trading-bot-c-/trading-bot-c-/src/BotCore/Services/AutonomousDecisionEngine.cs(660,9): error CA1848: For improved performance, use the LoggerMessage delegates instead of calling 'LoggerExtensions.LogInformation(ILogger, string?, params object?[])' (https://learn.microsoft.com/dotnet/fundamentals/code-analysis/quality-rules/ca1848) [/home/runner/work/trading-bot-c-/trading-bot-c-/src/BotCore/BotCore.csproj]
/home/runner/work/trading-bot-c-/trading-bot-c-/src/BotCore/Services/AutonomousDecisionEngine.cs(673,17): error CA1848: For improved performance, use the LoggerMessage delegates instead of calling 'LoggerExtensions.LogInformation(ILogger, string?, params object?[])' (https://learn.microsoft.com/dotnet/fundamentals/code-analysis/quality-rules/ca1848) [/home/runner/work/trading-bot-c-/trading-bot-c-/src/BotCore/BotCore.csproj]
/home/runner/work/trading-bot-c-/trading-bot-c-/src/BotCore/Services/AutonomousDecisionEngine.cs(680,17): error CA1848: For improved performance, use the LoggerMessage delegates instead of calling 'LoggerExtensions.LogWarning(ILogger, string?, params object?[])' (https://learn.microsoft.com/dotnet/fundamentals/code-analysis/quality-rules/ca1848) [/home/runner/work/trading-bot-c-/trading-bot-c-/src/BotCore/BotCore.csproj]
/home/runner/work/trading-bot-c-/trading-bot-c-/src/BotCore/Services/AutonomousDecisionEngine.cs(685,13): error CA1848: For improved performance, use the LoggerMessage delegates instead of calling 'LoggerExtensions.LogError(ILogger, Exception?, string?, params object?[])' (https://learn.microsoft.com/dotnet/fundamentals/code-analysis/quality-rules/ca1848) [/home/runner/work/trading-bot-c-/trading-bot-c-/src/BotCore/BotCore.csproj]
/home/runner/work/trading-bot-c-/trading-bot-c-/src/BotCore/Services/AutonomousDecisionEngine.cs(683,9): error CA1031: Modify 'ExecuteAutonomousTradeAsync' to catch a more specific allowed exception type, or rethrow the exception (https://learn.microsoft.com/dotnet/fundamentals/code-analysis/quality-rules/ca1031) [/home/runner/work/trading-bot-c-/trading-bot-c-/src/BotCore/BotCore.csproj]
/home/runner/work/trading-bot-c-/trading-bot-c-/src/BotCore/Features/BarDispatcherHook.cs(259,21): error CA1848: For improved performance, use the LoggerMessage delegates instead of calling 'LoggerExtensions.LogTrace(ILogger, string?, params object?[])' (https://learn.microsoft.com/dotnet/fundamentals/code-analysis/quality-rules/ca1848) [/home/runner/work/trading-bot-c-/trading-bot-c-/src/BotCore/BotCore.csproj]
/home/runner/work/trading-bot-c-/trading-bot-c-/src/BotCore/Features/BarDispatcherHook.cs(273,21): error CA1848: For improved performance, use the LoggerMessage delegates instead of calling 'LoggerExtensions.LogTrace(ILogger, string?, params object?[])' (https://learn.microsoft.com/dotnet/fundamentals/code-analysis/quality-rules/ca1848) [/home/runner/work/trading-bot-c-/trading-bot-c-/src/BotCore/BotCore.csproj]
/home/runner/work/trading-bot-c-/trading-bot-c-/src/BotCore/Features/BarDispatcherHook.cs(278,21): error CA1848: For improved performance, use the LoggerMessage delegates instead of calling 'LoggerExtensions.LogError(ILogger, Exception?, string?, params object?[])' (https://learn.microsoft.com/dotnet/fundamentals/code-analysis/quality-rules/ca1848) [/home/runner/work/trading-bot-c-/trading-bot-c-/src/BotCore/BotCore.csproj]
/home/runner/work/trading-bot-c-/trading-bot-c-/src/BotCore/Features/BarDispatcherHook.cs(283,21): error CA1848: For improved performance, use the LoggerMessage delegates instead of calling 'LoggerExtensions.LogError(ILogger, Exception?, string?, params object?[])' (https://learn.microsoft.com/dotnet/fundamentals/code-analysis/quality-rules/ca1848) [/home/runner/work/trading-bot-c-/trading-bot-c-/src/BotCore/BotCore.csproj]
/home/runner/work/trading-bot-c-/trading-bot-c-/src/BotCore/Integration/UnifiedBarPipeline.cs(199,90): error S1172: Remove this unused method parameter 'bar'. (https://rules.sonarsource.com/csharp/RSPEC-1172) [/home/runner/work/trading-bot-c-/trading-bot-c-/src/BotCore/BotCore.csproj]
/home/runner/work/trading-bot-c-/trading-bot-c-/src/BotCore/Integration/UnifiedBarPipeline.cs(214,13): error CA1848: For improved performance, use the LoggerMessage delegates instead of calling 'LoggerExtensions.LogTrace(ILogger, string?, params object?[])' (https://learn.microsoft.com/dotnet/fundamentals/code-analysis/quality-rules/ca1848) [/home/runner/work/trading-bot-c-/trading-bot-c-/src/BotCore/BotCore.csproj]
/home/runner/work/trading-bot-c-/trading-bot-c-/src/BotCore/Integration/UnifiedBarPipeline.cs(221,13): error CA1848: For improved performance, use the LoggerMessage delegates instead of calling 'LoggerExtensions.LogError(ILogger, Exception?, string?, params object?[])' (https://learn.microsoft.com/dotnet/fundamentals/code-analysis/quality-rules/ca1848) [/home/runner/work/trading-bot-c-/trading-bot-c-/src/BotCore/BotCore.csproj]
/home/runner/work/trading-bot-c-/trading-bot-c-/src/BotCore/Integration/UnifiedBarPipeline.cs(227,13): error CA1848: For improved performance, use the LoggerMessage delegates instead of calling 'LoggerExtensions.LogError(ILogger, Exception?, string?, params object?[])' (https://learn.microsoft.com/dotnet/fundamentals/code-analysis/quality-rules/ca1848) [/home/runner/work/trading-bot-c-/trading-bot-c-/src/BotCore/BotCore.csproj]
/home/runner/work/trading-bot-c-/trading-bot-c-/src/BotCore/Integration/RiskPositionResolvers.cs(133,13): error CA1848: For improved performance, use the LoggerMessage delegates instead of calling 'LoggerExtensions.LogTrace(ILogger, string?, params object?[])' (https://learn.microsoft.com/dotnet/fundamentals/code-analysis/quality-rules/ca1848) [/home/runner/work/trading-bot-c-/trading-bot-c-/src/BotCore/BotCore.csproj]
/home/runner/work/trading-bot-c-/trading-bot-c-/src/BotCore/Integration/RiskPositionResolvers.cs(138,13): error CA1848: For improved performance, use the LoggerMessage delegates instead of calling 'LoggerExtensions.LogError(ILogger, Exception?, string?, params object?[])' (https://learn.microsoft.com/dotnet/fundamentals/code-analysis/quality-rules/ca1848) [/home/runner/work/trading-bot-c-/trading-bot-c-/src/BotCore/BotCore.csproj]
/home/runner/work/trading-bot-c-/trading-bot-c-/src/BotCore/Features/BarDispatcherHook.cs(297,17): error CA1848: For improved performance, use the LoggerMessage delegates instead of calling 'LoggerExtensions.LogTrace(ILogger, string?, params object?[])' (https://learn.microsoft.com/dotnet/fundamentals/code-analysis/quality-rules/ca1848) [/home/runner/work/trading-bot-c-/trading-bot-c-/src/BotCore/BotCore.csproj]
/home/runner/work/trading-bot-c-/trading-bot-c-/src/BotCore/Features/BarDispatcherHook.cs(304,17): error CA1848: For improved performance, use the LoggerMessage delegates instead of calling 'LoggerExtensions.LogError(ILogger, Exception?, string?, params object?[])' (https://learn.microsoft.com/dotnet/fundamentals/code-analysis/quality-rules/ca1848) [/home/runner/work/trading-bot-c-/trading-bot-c-/src/BotCore/BotCore.csproj]
/home/runner/work/trading-bot-c-/trading-bot-c-/src/BotCore/Fusion/FeatureBusAdapter.cs(449,21): error CA1848: For improved performance, use the LoggerMessage delegates instead of calling 'LoggerExtensions.LogTrace(ILogger, string?, params object?[])' (https://learn.microsoft.com/dotnet/fundamentals/code-analysis/quality-rules/ca1848) [/home/runner/work/trading-bot-c-/trading-bot-c-/src/BotCore/BotCore.csproj]
/home/runner/work/trading-bot-c-/trading-bot-c-/src/BotCore/Fusion/FeatureBusAdapter.cs(455,13): error CA1848: For improved performance, use the LoggerMessage delegates instead of calling 'LoggerExtensions.LogDebug(ILogger, string?, params object?[])' (https://learn.microsoft.com/dotnet/fundamentals/code-analysis/quality-rules/ca1848) [/home/runner/work/trading-bot-c-/trading-bot-c-/src/BotCore/BotCore.csproj]
/home/runner/work/trading-bot-c-/trading-bot-c-/src/BotCore/Fusion/FeatureBusAdapter.cs(461,13): error CA1848: For improved performance, use the LoggerMessage delegates instead of calling 'LoggerExtensions.LogError(ILogger, Exception?, string?, params object?[])' (https://learn.microsoft.com/dotnet/fundamentals/code-analysis/quality-rules/ca1848) [/home/runner/work/trading-bot-c-/trading-bot-c-/src/BotCore/BotCore.csproj]
/home/runner/work/trading-bot-c-/trading-bot-c-/src/BotCore/Integration/UnifiedBarPipeline.cs(255,13): error CA1848: For improved performance, use the LoggerMessage delegates instead of calling 'LoggerExtensions.LogTrace(ILogger, string?, params object?[])' (https://learn.microsoft.com/dotnet/fundamentals/code-analysis/quality-rules/ca1848) [/home/runner/work/trading-bot-c-/trading-bot-c-/src/BotCore/BotCore.csproj]
/home/runner/work/trading-bot-c-/trading-bot-c-/src/BotCore/Integration/UnifiedBarPipeline.cs(262,13): error CA1848: For improved performance, use the LoggerMessage delegates instead of calling 'LoggerExtensions.LogError(ILogger, Exception?, string?, params object?[])' (https://learn.microsoft.com/dotnet/fundamentals/code-analysis/quality-rules/ca1848) [/home/runner/work/trading-bot-c-/trading-bot-c-/src/BotCore/BotCore.csproj]
/home/runner/work/trading-bot-c-/trading-bot-c-/src/BotCore/Integration/UnifiedBarPipeline.cs(268,13): error CA1848: For improved performance, use the LoggerMessage delegates instead of calling 'LoggerExtensions.LogError(ILogger, Exception?, string?, params object?[])' (https://learn.microsoft.com/dotnet/fundamentals/code-analysis/quality-rules/ca1848) [/home/runner/work/trading-bot-c-/trading-bot-c-/src/BotCore/BotCore.csproj]
/home/runner/work/trading-bot-c-/trading-bot-c-/src/BotCore/Fusion/FeatureBusAdapter.cs(459,9): error CA1031: Modify 'CalculateMomentumZScore' to catch a more specific allowed exception type, or rethrow the exception (https://learn.microsoft.com/dotnet/fundamentals/code-analysis/quality-rules/ca1031) [/home/runner/work/trading-bot-c-/trading-bot-c-/src/BotCore/BotCore.csproj]
/home/runner/work/trading-bot-c-/trading-bot-c-/src/BotCore/Features/BarDispatcherHook.cs(318,17): error CA1848: For improved performance, use the LoggerMessage delegates instead of calling 'LoggerExtensions.LogInformation(ILogger, string?, params object?[])' (https://learn.microsoft.com/dotnet/fundamentals/code-analysis/quality-rules/ca1848) [/home/runner/work/trading-bot-c-/trading-bot-c-/src/BotCore/BotCore.csproj]
/home/runner/work/trading-bot-c-/trading-bot-c-/src/BotCore/Integration/RiskPositionResolvers.cs(37,13): error CA1848: For improved performance, use the LoggerMessage delegates instead of calling 'LoggerExtensions.LogTrace(ILogger, string?, params object?[])' (https://learn.microsoft.com/dotnet/fundamentals/code-analysis/quality-rules/ca1848) [/home/runner/work/trading-bot-c-/trading-bot-c-/src/BotCore/BotCore.csproj]
/home/runner/work/trading-bot-c-/trading-bot-c-/src/BotCore/Integration/RiskPositionResolvers.cs(42,13): error CA1848: For improved performance, use the LoggerMessage delegates instead of calling 'LoggerExtensions.LogError(ILogger, Exception?, string?, params object?[])' (https://learn.microsoft.com/dotnet/fundamentals/code-analysis/quality-rules/ca1848) [/home/runner/work/trading-bot-c-/trading-bot-c-/src/BotCore/BotCore.csproj]
/home/runner/work/trading-bot-c-/trading-bot-c-/src/BotCore/Services/AutonomousDecisionEngine.cs(711,25): error S1541: The Cyclomatic Complexity of this method is 12 which is greater than 10 authorized. (https://rules.sonarsource.com/csharp/RSPEC-1541) [/home/runner/work/trading-bot-c-/trading-bot-c-/src/BotCore/BotCore.csproj]
/home/runner/work/trading-bot-c-/trading-bot-c-/src/BotCore/Integration/RiskPositionResolvers.cs(101,13): error CA1848: For improved performance, use the LoggerMessage delegates instead of calling 'LoggerExtensions.LogTrace(ILogger, string?, params object?[])' (https://learn.microsoft.com/dotnet/fundamentals/code-analysis/quality-rules/ca1848) [/home/runner/work/trading-bot-c-/trading-bot-c-/src/BotCore/BotCore.csproj]
/home/runner/work/trading-bot-c-/trading-bot-c-/src/BotCore/Integration/RiskPositionResolvers.cs(106,13): error CA1848: For improved performance, use the LoggerMessage delegates instead of calling 'LoggerExtensions.LogError(ILogger, Exception?, string?, params object?[])' (https://learn.microsoft.com/dotnet/fundamentals/code-analysis/quality-rules/ca1848) [/home/runner/work/trading-bot-c-/trading-bot-c-/src/BotCore/BotCore.csproj]
/home/runner/work/trading-bot-c-/trading-bot-c-/src/BotCore/Integration/ShadowModeManager.cs(41,9): error CA1848: For improved performance, use the LoggerMessage delegates instead of calling 'LoggerExtensions.LogInformation(ILogger, string?, params object?[])' (https://learn.microsoft.com/dotnet/fundamentals/code-analysis/quality-rules/ca1848) [/home/runner/work/trading-bot-c-/trading-bot-c-/src/BotCore/BotCore.csproj]
/home/runner/work/trading-bot-c-/trading-bot-c-/src/BotCore/Fusion/FeatureBusAdapter.cs(469,21): error S1541: The Cyclomatic Complexity of this method is 14 which is greater than 10 authorized. (https://rules.sonarsource.com/csharp/RSPEC-1541) [/home/runner/work/trading-bot-c-/trading-bot-c-/src/BotCore/BotCore.csproj]
/home/runner/work/trading-bot-c-/trading-bot-c-/src/BotCore/Fusion/FeatureBusAdapter.cs(497,13): error CA1848: For improved performance, use the LoggerMessage delegates instead of calling 'LoggerExtensions.LogError(ILogger, Exception?, string?, params object?[])' (https://learn.microsoft.com/dotnet/fundamentals/code-analysis/quality-rules/ca1848) [/home/runner/work/trading-bot-c-/trading-bot-c-/src/BotCore/BotCore.csproj]
/home/runner/work/trading-bot-c-/trading-bot-c-/src/BotCore/Integration/UnifiedBarPipeline.cs(282,138): error S1172: Remove this unused method parameter 'cancellationToken'. (https://rules.sonarsource.com/csharp/RSPEC-1172) [/home/runner/work/trading-bot-c-/trading-bot-c-/src/BotCore/BotCore.csproj]
/home/runner/work/trading-bot-c-/trading-bot-c-/src/BotCore/Integration/ShadowModeManager.cs(85,9): error CA1848: For improved performance, use the LoggerMessage delegates instead of calling 'LoggerExtensions.LogInformation(ILogger, string?, params object?[])' (https://learn.microsoft.com/dotnet/fundamentals/code-analysis/quality-rules/ca1848) [/home/runner/work/trading-bot-c-/trading-bot-c-/src/BotCore/BotCore.csproj]
/home/runner/work/trading-bot-c-/trading-bot-c-/src/BotCore/Fusion/FeatureBusAdapter.cs(495,9): error CA1031: Modify 'CalculatePullbackRisk' to catch a more specific allowed exception type, or rethrow the exception (https://learn.microsoft.com/dotnet/fundamentals/code-analysis/quality-rules/ca1031) [/home/runner/work/trading-bot-c-/trading-bot-c-/src/BotCore/BotCore.csproj]
/home/runner/work/trading-bot-c-/trading-bot-c-/src/BotCore/Integration/UnifiedBarPipeline.cs(314,13): error CA1848: For improved performance, use the LoggerMessage delegates instead of calling 'LoggerExtensions.LogTrace(ILogger, string?, params object?[])' (https://learn.microsoft.com/dotnet/fundamentals/code-analysis/quality-rules/ca1848) [/home/runner/work/trading-bot-c-/trading-bot-c-/src/BotCore/BotCore.csproj]
/home/runner/work/trading-bot-c-/trading-bot-c-/src/BotCore/Integration/UnifiedBarPipeline.cs(322,13): error CA1848: For improved performance, use the LoggerMessage delegates instead of calling 'LoggerExtensions.LogError(ILogger, Exception?, string?, params object?[])' (https://learn.microsoft.com/dotnet/fundamentals/code-analysis/quality-rules/ca1848) [/home/runner/work/trading-bot-c-/trading-bot-c-/src/BotCore/BotCore.csproj]
/home/runner/work/trading-bot-c-/trading-bot-c-/src/BotCore/Integration/UnifiedBarPipeline.cs(328,13): error CA1848: For improved performance, use the LoggerMessage delegates instead of calling 'LoggerExtensions.LogError(ILogger, Exception?, string?, params object?[])' (https://learn.microsoft.com/dotnet/fundamentals/code-analysis/quality-rules/ca1848) [/home/runner/work/trading-bot-c-/trading-bot-c-/src/BotCore/BotCore.csproj]
/home/runner/work/trading-bot-c-/trading-bot-c-/src/BotCore/ML/OnnxModelLoader.cs(810,24): error S1541: The Cyclomatic Complexity of this method is 13 which is greater than 10 authorized. (https://rules.sonarsource.com/csharp/RSPEC-1541) [/home/runner/work/trading-bot-c-/trading-bot-c-/src/BotCore/BotCore.csproj]
/home/runner/work/trading-bot-c-/trading-bot-c-/src/BotCore/Integration/PatternFeatureResolvers.cs(141,13): error CA1848: For improved performance, use the LoggerMessage delegates instead of calling 'LoggerExtensions.LogTrace(ILogger, string?, params object?[])' (https://learn.microsoft.com/dotnet/fundamentals/code-analysis/quality-rules/ca1848) [/home/runner/work/trading-bot-c-/trading-bot-c-/src/BotCore/BotCore.csproj]
/home/runner/work/trading-bot-c-/trading-bot-c-/src/BotCore/Integration/PatternFeatureResolvers.cs(148,13): error CA1848: For improved performance, use the LoggerMessage delegates instead of calling 'LoggerExtensions.LogError(ILogger, Exception?, string?, params object?[])' (https://learn.microsoft.com/dotnet/fundamentals/code-analysis/quality-rules/ca1848) [/home/runner/work/trading-bot-c-/trading-bot-c-/src/BotCore/BotCore.csproj]
/home/runner/work/trading-bot-c-/trading-bot-c-/src/BotCore/Integration/ShadowModeManager.cs(149,13): error CA1848: For improved performance, use the LoggerMessage delegates instead of calling 'LoggerExtensions.LogDebug(ILogger, string?, params object?[])' (https://learn.microsoft.com/dotnet/fundamentals/code-analysis/quality-rules/ca1848) [/home/runner/work/trading-bot-c-/trading-bot-c-/src/BotCore/BotCore.csproj]
/home/runner/work/trading-bot-c-/trading-bot-c-/src/BotCore/Integration/ShadowModeManager.cs(157,13): error CA1848: For improved performance, use the LoggerMessage delegates instead of calling 'LoggerExtensions.LogError(ILogger, Exception?, string?, params object?[])' (https://learn.microsoft.com/dotnet/fundamentals/code-analysis/quality-rules/ca1848) [/home/runner/work/trading-bot-c-/trading-bot-c-/src/BotCore/BotCore.csproj]
/home/runner/work/trading-bot-c-/trading-bot-c-/src/BotCore/Integration/ShadowModeManager.cs(163,13): error CA1848: For improved performance, use the LoggerMessage delegates instead of calling 'LoggerExtensions.LogError(ILogger, Exception?, string?, params object?[])' (https://learn.microsoft.com/dotnet/fundamentals/code-analysis/quality-rules/ca1848) [/home/runner/work/trading-bot-c-/trading-bot-c-/src/BotCore/BotCore.csproj]
/home/runner/work/trading-bot-c-/trading-bot-c-/src/BotCore/Integration/UnifiedBarPipeline.cs(342,80): error S1172: Remove this unused method parameter 'cancellationToken'. (https://rules.sonarsource.com/csharp/RSPEC-1172) [/home/runner/work/trading-bot-c-/trading-bot-c-/src/BotCore/BotCore.csproj]
/home/runner/work/trading-bot-c-/trading-bot-c-/src/BotCore/Integration/UnifiedBarPipeline.cs(350,13): error CA1848: For improved performance, use the LoggerMessage delegates instead of calling 'LoggerExtensions.LogInformation(ILogger, string?, params object?[])' (https://learn.microsoft.com/dotnet/fundamentals/code-analysis/quality-rules/ca1848) [/home/runner/work/trading-bot-c-/trading-bot-c-/src/BotCore/BotCore.csproj]
/home/runner/work/trading-bot-c-/trading-bot-c-/src/BotCore/Integration/UnifiedBarPipeline.cs(356,17): error CA1848: For improved performance, use the LoggerMessage delegates instead of calling 'LoggerExtensions.LogTrace(ILogger, string?, params object?[])' (https://learn.microsoft.com/dotnet/fundamentals/code-analysis/quality-rules/ca1848) [/home/runner/work/trading-bot-c-/trading-bot-c-/src/BotCore/BotCore.csproj]
/home/runner/work/trading-bot-c-/trading-bot-c-/src/BotCore/Integration/UnifiedBarPipeline.cs(361,13): error CA1848: For improved performance, use the LoggerMessage delegates instead of calling 'LoggerExtensions.LogDebug(ILogger, string?, params object?[])' (https://learn.microsoft.com/dotnet/fundamentals/code-analysis/quality-rules/ca1848) [/home/runner/work/trading-bot-c-/trading-bot-c-/src/BotCore/BotCore.csproj]
/home/runner/work/trading-bot-c-/trading-bot-c-/src/BotCore/Integration/UnifiedBarPipeline.cs(366,13): error CA1848: For improved performance, use the LoggerMessage delegates instead of calling 'LoggerExtensions.LogWarning(ILogger, Exception?, string?, params object?[])' (https://learn.microsoft.com/dotnet/fundamentals/code-analysis/quality-rules/ca1848) [/home/runner/work/trading-bot-c-/trading-bot-c-/src/BotCore/BotCore.csproj]
/home/runner/work/trading-bot-c-/trading-bot-c-/src/BotCore/Integration/UnifiedBarPipeline.cs(370,13): error CA1848: For improved performance, use the LoggerMessage delegates instead of calling 'LoggerExtensions.LogWarning(ILogger, Exception?, string?, params object?[])' (https://learn.microsoft.com/dotnet/fundamentals/code-analysis/quality-rules/ca1848) [/home/runner/work/trading-bot-c-/trading-bot-c-/src/BotCore/BotCore.csproj]
/home/runner/work/trading-bot-c-/trading-bot-c-/src/BotCore/Integration/ProductionIntegrationCoordinator.cs(68,9): error CA1848: For improved performance, use the LoggerMessage delegates instead of calling 'LoggerExtensions.LogInformation(ILogger, string?, params object?[])' (https://learn.microsoft.com/dotnet/fundamentals/code-analysis/quality-rules/ca1848) [/home/runner/work/trading-bot-c-/trading-bot-c-/src/BotCore/BotCore.csproj]
/home/runner/work/trading-bot-c-/trading-bot-c-/src/BotCore/Integration/PatternFeatureResolvers.cs(180,13): error CA1848: For improved performance, use the LoggerMessage delegates instead of calling 'LoggerExtensions.LogTrace(ILogger, string?, params object?[])' (https://learn.microsoft.com/dotnet/fundamentals/code-analysis/quality-rules/ca1848) [/home/runner/work/trading-bot-c-/trading-bot-c-/src/BotCore/BotCore.csproj]
/home/runner/work/trading-bot-c-/trading-bot-c-/src/BotCore/Integration/PatternFeatureResolvers.cs(185,13): error CA1848: For improved performance, use the LoggerMessage delegates instead of calling 'LoggerExtensions.LogError(ILogger, Exception?, string?, params object?[])' (https://learn.microsoft.com/dotnet/fundamentals/code-analysis/quality-rules/ca1848) [/home/runner/work/trading-bot-c-/trading-bot-c-/src/BotCore/BotCore.csproj]
/home/runner/work/trading-bot-c-/trading-bot-c-/src/BotCore/Integration/UnifiedBarPipeline.cs(379,34): error CA1024: Use properties where appropriate (https://learn.microsoft.com/dotnet/fundamentals/code-analysis/quality-rules/ca1024) [/home/runner/work/trading-bot-c-/trading-bot-c-/src/BotCore/BotCore.csproj]
/home/runner/work/trading-bot-c-/trading-bot-c-/src/BotCore/Features/FeatureBuilder.cs(352,21): error CA1848: For improved performance, use the LoggerMessage delegates instead of calling 'LoggerExtensions.LogWarning(ILogger, string?, params object?[])' (https://learn.microsoft.com/dotnet/fundamentals/code-analysis/quality-rules/ca1848) [/home/runner/work/trading-bot-c-/trading-bot-c-/src/BotCore/BotCore.csproj]
/home/runner/work/trading-bot-c-/trading-bot-c-/src/BotCore/Features/FeatureBuilder.cs(364,13): error CA1848: For improved performance, use the LoggerMessage delegates instead of calling 'LoggerExtensions.LogWarning(ILogger, Exception?, string?, params object?[])' (https://learn.microsoft.com/dotnet/fundamentals/code-analysis/quality-rules/ca1848) [/home/runner/work/trading-bot-c-/trading-bot-c-/src/BotCore/BotCore.csproj]
/home/runner/work/trading-bot-c-/trading-bot-c-/src/BotCore/Features/FeatureBuilder.cs(368,13): error CA1848: For improved performance, use the LoggerMessage delegates instead of calling 'LoggerExtensions.LogWarning(ILogger, Exception?, string?, params object?[])' (https://learn.microsoft.com/dotnet/fundamentals/code-analysis/quality-rules/ca1848) [/home/runner/work/trading-bot-c-/trading-bot-c-/src/BotCore/BotCore.csproj]
/home/runner/work/trading-bot-c-/trading-bot-c-/src/BotCore/Features/FeatureBuilder.cs(372,13): error CA1848: For improved performance, use the LoggerMessage delegates instead of calling 'LoggerExtensions.LogWarning(ILogger, Exception?, string?, params object?[])' (https://learn.microsoft.com/dotnet/fundamentals/code-analysis/quality-rules/ca1848) [/home/runner/work/trading-bot-c-/trading-bot-c-/src/BotCore/BotCore.csproj]
/home/runner/work/trading-bot-c-/trading-bot-c-/src/BotCore/Integration/PatternFeatureResolvers.cs(85,13): error CA1848: For improved performance, use the LoggerMessage delegates instead of calling 'LoggerExtensions.LogTrace(ILogger, string?, params object?[])' (https://learn.microsoft.com/dotnet/fundamentals/code-analysis/quality-rules/ca1848) [/home/runner/work/trading-bot-c-/trading-bot-c-/src/BotCore/BotCore.csproj]
/home/runner/work/trading-bot-c-/trading-bot-c-/src/BotCore/Integration/PatternFeatureResolvers.cs(90,13): error CA1848: For improved performance, use the LoggerMessage delegates instead of calling 'LoggerExtensions.LogError(ILogger, Exception?, string?, params object?[])' (https://learn.microsoft.com/dotnet/fundamentals/code-analysis/quality-rules/ca1848) [/home/runner/work/trading-bot-c-/trading-bot-c-/src/BotCore/BotCore.csproj]
/home/runner/work/trading-bot-c-/trading-bot-c-/src/BotCore/Fusion/FeatureBusAdapter.cs(530,13): error CA1848: For improved performance, use the LoggerMessage delegates instead of calling 'LoggerExtensions.LogError(ILogger, Exception?, string?, params object?[])' (https://learn.microsoft.com/dotnet/fundamentals/code-analysis/quality-rules/ca1848) [/home/runner/work/trading-bot-c-/trading-bot-c-/src/BotCore/BotCore.csproj]
/home/runner/work/trading-bot-c-/trading-bot-c-/src/BotCore/Fusion/FeatureBusAdapter.cs(528,9): error CA1031: Modify 'CalculateVolumeThrust' to catch a more specific allowed exception type, or rethrow the exception (https://learn.microsoft.com/dotnet/fundamentals/code-analysis/quality-rules/ca1031) [/home/runner/work/trading-bot-c-/trading-bot-c-/src/BotCore/BotCore.csproj]
/home/runner/work/trading-bot-c-/trading-bot-c-/src/BotCore/Integration/RiskPositionResolvers.cs(69,13): error CA1848: For improved performance, use the LoggerMessage delegates instead of calling 'LoggerExtensions.LogTrace(ILogger, string?, params object?[])' (https://learn.microsoft.com/dotnet/fundamentals/code-analysis/quality-rules/ca1848) [/home/runner/work/trading-bot-c-/trading-bot-c-/src/BotCore/BotCore.csproj]
/home/runner/work/trading-bot-c-/trading-bot-c-/src/BotCore/Integration/RiskPositionResolvers.cs(74,13): error CA1848: For improved performance, use the LoggerMessage delegates instead of calling 'LoggerExtensions.LogError(ILogger, Exception?, string?, params object?[])' (https://learn.microsoft.com/dotnet/fundamentals/code-analysis/quality-rules/ca1848) [/home/runner/work/trading-bot-c-/trading-bot-c-/src/BotCore/BotCore.csproj]
/home/runner/work/trading-bot-c-/trading-bot-c-/src/BotCore/Integration/ProductionIntegrationCoordinator.cs(96,26): error S2139: Either log this exception and handle it, or rethrow it with some contextual information. (https://rules.sonarsource.com/csharp/RSPEC-2139) [/home/runner/work/trading-bot-c-/trading-bot-c-/src/BotCore/BotCore.csproj]
/home/runner/work/trading-bot-c-/trading-bot-c-/src/BotCore/Integration/ProductionIntegrationCoordinator.cs(78,13): error CA1848: For improved performance, use the LoggerMessage delegates instead of calling 'LoggerExtensions.LogInformation(ILogger, string?, params object?[])' (https://learn.microsoft.com/dotnet/fundamentals/code-analysis/quality-rules/ca1848) [/home/runner/work/trading-bot-c-/trading-bot-c-/src/BotCore/BotCore.csproj]
/home/runner/work/trading-bot-c-/trading-bot-c-/src/BotCore/Integration/ProductionIntegrationCoordinator.cs(94,13): error CA1848: For improved performance, use the LoggerMessage delegates instead of calling 'LoggerExtensions.LogInformation(ILogger, Exception?, string?, params object?[])' (https://learn.microsoft.com/dotnet/fundamentals/code-analysis/quality-rules/ca1848) [/home/runner/work/trading-bot-c-/trading-bot-c-/src/BotCore/BotCore.csproj]
/home/runner/work/trading-bot-c-/trading-bot-c-/src/BotCore/Integration/ProductionIntegrationCoordinator.cs(98,13): error CA1848: For improved performance, use the LoggerMessage delegates instead of calling 'LoggerExtensions.LogError(ILogger, Exception?, string?, params object?[])' (https://learn.microsoft.com/dotnet/fundamentals/code-analysis/quality-rules/ca1848) [/home/runner/work/trading-bot-c-/trading-bot-c-/src/BotCore/BotCore.csproj]
/home/runner/work/trading-bot-c-/trading-bot-c-/src/BotCore/Integration/PatternFeatureResolvers.cs(35,13): error CA1848: For improved performance, use the LoggerMessage delegates instead of calling 'LoggerExtensions.LogTrace(ILogger, string?, params object?[])' (https://learn.microsoft.com/dotnet/fundamentals/code-analysis/quality-rules/ca1848) [/home/runner/work/trading-bot-c-/trading-bot-c-/src/BotCore/BotCore.csproj]
/home/runner/work/trading-bot-c-/trading-bot-c-/src/BotCore/Integration/PatternFeatureResolvers.cs(41,13): error CA1848: For improved performance, use the LoggerMessage delegates instead of calling 'LoggerExtensions.LogError(ILogger, Exception?, string?, params object?[])' (https://learn.microsoft.com/dotnet/fundamentals/code-analysis/quality-rules/ca1848) [/home/runner/work/trading-bot-c-/trading-bot-c-/src/BotCore/BotCore.csproj]
/home/runner/work/trading-bot-c-/trading-bot-c-/src/BotCore/ML/OnnxModelLoader.cs(982,41): error AsyncFixer02: ComputeHashAsync should be used instead of sha256.ComputeHash. (https://github.com/semihokur/AsyncFixer) [/home/runner/work/trading-bot-c-/trading-bot-c-/src/BotCore/BotCore.csproj]
/home/runner/work/trading-bot-c-/trading-bot-c-/src/BotCore/Integration/MarketStateResolvers.cs(174,13): error CA1848: For improved performance, use the LoggerMessage delegates instead of calling 'LoggerExtensions.LogTrace(ILogger, string?, params object?[])' (https://learn.microsoft.com/dotnet/fundamentals/code-analysis/quality-rules/ca1848) [/home/runner/work/trading-bot-c-/trading-bot-c-/src/BotCore/BotCore.csproj]
/home/runner/work/trading-bot-c-/trading-bot-c-/src/BotCore/Integration/MarketStateResolvers.cs(179,13): error CA1848: For improved performance, use the LoggerMessage delegates instead of calling 'LoggerExtensions.LogError(ILogger, Exception?, string?, params object?[])' (https://learn.microsoft.com/dotnet/fundamentals/code-analysis/quality-rules/ca1848) [/home/runner/work/trading-bot-c-/trading-bot-c-/src/BotCore/BotCore.csproj]
/home/runner/work/trading-bot-c-/trading-bot-c-/src/BotCore/Integration/MarketStateResolvers.cs(210,13): error CA1848: For improved performance, use the LoggerMessage delegates instead of calling 'LoggerExtensions.LogTrace(ILogger, string?, params object?[])' (https://learn.microsoft.com/dotnet/fundamentals/code-analysis/quality-rules/ca1848) [/home/runner/work/trading-bot-c-/trading-bot-c-/src/BotCore/BotCore.csproj]
/home/runner/work/trading-bot-c-/trading-bot-c-/src/BotCore/Integration/MarketStateResolvers.cs(215,13): error CA1848: For improved performance, use the LoggerMessage delegates instead of calling 'LoggerExtensions.LogError(ILogger, Exception?, string?, params object?[])' (https://learn.microsoft.com/dotnet/fundamentals/code-analysis/quality-rules/ca1848) [/home/runner/work/trading-bot-c-/trading-bot-c-/src/BotCore/BotCore.csproj]
/home/runner/work/trading-bot-c-/trading-bot-c-/src/BotCore/Fusion/FeatureBusAdapter.cs(570,13): error CA1848: For improved performance, use the LoggerMessage delegates instead of calling 'LoggerExtensions.LogError(ILogger, Exception?, string?, params object?[])' (https://learn.microsoft.com/dotnet/fundamentals/code-analysis/quality-rules/ca1848) [/home/runner/work/trading-bot-c-/trading-bot-c-/src/BotCore/BotCore.csproj]
/home/runner/work/trading-bot-c-/trading-bot-c-/src/BotCore/Integration/MarketStateResolvers.cs(138,13): error CA1848: For improved performance, use the LoggerMessage delegates instead of calling 'LoggerExtensions.LogTrace(ILogger, string?, params object?[])' (https://learn.microsoft.com/dotnet/fundamentals/code-analysis/quality-rules/ca1848) [/home/runner/work/trading-bot-c-/trading-bot-c-/src/BotCore/BotCore.csproj]
/home/runner/work/trading-bot-c-/trading-bot-c-/src/BotCore/Integration/MarketStateResolvers.cs(143,13): error CA1848: For improved performance, use the LoggerMessage delegates instead of calling 'LoggerExtensions.LogError(ILogger, Exception?, string?, params object?[])' (https://learn.microsoft.com/dotnet/fundamentals/code-analysis/quality-rules/ca1848) [/home/runner/work/trading-bot-c-/trading-bot-c-/src/BotCore/BotCore.csproj]
/home/runner/work/trading-bot-c-/trading-bot-c-/src/BotCore/Fusion/FeatureBusAdapter.cs(568,9): error CA1031: Modify 'CountInsideBars' to catch a more specific allowed exception type, or rethrow the exception (https://learn.microsoft.com/dotnet/fundamentals/code-analysis/quality-rules/ca1031) [/home/runner/work/trading-bot-c-/trading-bot-c-/src/BotCore/BotCore.csproj]
/home/runner/work/trading-bot-c-/trading-bot-c-/src/BotCore/Integration/MarketStateResolvers.cs(78,13): error CA1848: For improved performance, use the LoggerMessage delegates instead of calling 'LoggerExtensions.LogTrace(ILogger, string?, params object?[])' (https://learn.microsoft.com/dotnet/fundamentals/code-analysis/quality-rules/ca1848) [/home/runner/work/trading-bot-c-/trading-bot-c-/src/BotCore/BotCore.csproj]
/home/runner/work/trading-bot-c-/trading-bot-c-/src/BotCore/Integration/MarketStateResolvers.cs(83,13): error CA1848: For improved performance, use the LoggerMessage delegates instead of calling 'LoggerExtensions.LogError(ILogger, Exception?, string?, params object?[])' (https://learn.microsoft.com/dotnet/fundamentals/code-analysis/quality-rules/ca1848) [/home/runner/work/trading-bot-c-/trading-bot-c-/src/BotCore/BotCore.csproj]
/home/runner/work/trading-bot-c-/trading-bot-c-/src/BotCore/Integration/MarketStateResolvers.cs(38,13): error CA1848: For improved performance, use the LoggerMessage delegates instead of calling 'LoggerExtensions.LogTrace(ILogger, string?, params object?[])' (https://learn.microsoft.com/dotnet/fundamentals/code-analysis/quality-rules/ca1848) [/home/runner/work/trading-bot-c-/trading-bot-c-/src/BotCore/BotCore.csproj]
/home/runner/work/trading-bot-c-/trading-bot-c-/src/BotCore/Integration/MarketStateResolvers.cs(43,13): error CA1848: For improved performance, use the LoggerMessage delegates instead of calling 'LoggerExtensions.LogError(ILogger, Exception?, string?, params object?[])' (https://learn.microsoft.com/dotnet/fundamentals/code-analysis/quality-rules/ca1848) [/home/runner/work/trading-bot-c-/trading-bot-c-/src/BotCore/BotCore.csproj]
/home/runner/work/trading-bot-c-/trading-bot-c-/src/BotCore/Integration/MarketStateResolvers.cs(108,13): error CA1848: For improved performance, use the LoggerMessage delegates instead of calling 'LoggerExtensions.LogTrace(ILogger, string?, params object?[])' (https://learn.microsoft.com/dotnet/fundamentals/code-analysis/quality-rules/ca1848) [/home/runner/work/trading-bot-c-/trading-bot-c-/src/BotCore/BotCore.csproj]
/home/runner/work/trading-bot-c-/trading-bot-c-/src/BotCore/Integration/MarketStateResolvers.cs(113,13): error CA1848: For improved performance, use the LoggerMessage delegates instead of calling 'LoggerExtensions.LogError(ILogger, Exception?, string?, params object?[])' (https://learn.microsoft.com/dotnet/fundamentals/code-analysis/quality-rules/ca1848) [/home/runner/work/trading-bot-c-/trading-bot-c-/src/BotCore/BotCore.csproj]
/home/runner/work/trading-bot-c-/trading-bot-c-/src/BotCore/Services/AutonomousDecisionEngine.cs(767,46): error S138: This method 'ExecuteTradeAsync' has 86 lines, which is greater than the 80 lines authorized. Split it into smaller methods. (https://rules.sonarsource.com/csharp/RSPEC-138) [/home/runner/work/trading-bot-c-/trading-bot-c-/src/BotCore/BotCore.csproj]
/home/runner/work/trading-bot-c-/trading-bot-c-/src/BotCore/Services/AutonomousDecisionEngine.cs(771,13): error CA1848: For improved performance, use the LoggerMessage delegates instead of calling 'LoggerExtensions.LogInformation(ILogger, string?, params object?[])' (https://learn.microsoft.com/dotnet/fundamentals/code-analysis/quality-rules/ca1848) [/home/runner/work/trading-bot-c-/trading-bot-c-/src/BotCore/BotCore.csproj]
/home/runner/work/trading-bot-c-/trading-bot-c-/src/BotCore/Services/AutonomousDecisionEngine.cs(810,17): error CA1848: For improved performance, use the LoggerMessage delegates instead of calling 'LoggerExtensions.LogError(ILogger, string?, params object?[])' (https://learn.microsoft.com/dotnet/fundamentals/code-analysis/quality-rules/ca1848) [/home/runner/work/trading-bot-c-/trading-bot-c-/src/BotCore/BotCore.csproj]
/home/runner/work/trading-bot-c-/trading-bot-c-/src/BotCore/Services/AutonomousDecisionEngine.cs(822,17): error CA1848: For improved performance, use the LoggerMessage delegates instead of calling 'LoggerExtensions.LogWarning(ILogger, string?, params object?[])' (https://learn.microsoft.com/dotnet/fundamentals/code-analysis/quality-rules/ca1848) [/home/runner/work/trading-bot-c-/trading-bot-c-/src/BotCore/BotCore.csproj]
/home/runner/work/trading-bot-c-/trading-bot-c-/src/BotCore/Services/AutonomousDecisionEngine.cs(841,17): error CA1848: For improved performance, use the LoggerMessage delegates instead of calling 'LoggerExtensions.LogInformation(ILogger, string?, params object?[])' (https://learn.microsoft.com/dotnet/fundamentals/code-analysis/quality-rules/ca1848) [/home/runner/work/trading-bot-c-/trading-bot-c-/src/BotCore/BotCore.csproj]
/home/runner/work/trading-bot-c-/trading-bot-c-/src/BotCore/Services/AutonomousDecisionEngine.cs(855,17): error CA1848: For improved performance, use the LoggerMessage delegates instead of calling 'LoggerExtensions.LogError(ILogger, string?, params object?[])' (https://learn.microsoft.com/dotnet/fundamentals/code-analysis/quality-rules/ca1848) [/home/runner/work/trading-bot-c-/trading-bot-c-/src/BotCore/BotCore.csproj]
/home/runner/work/trading-bot-c-/trading-bot-c-/src/BotCore/Services/AutonomousDecisionEngine.cs(867,13): error CA1848: For improved performance, use the LoggerMessage delegates instead of calling 'LoggerExtensions.LogError(ILogger, Exception?, string?, params object?[])' (https://learn.microsoft.com/dotnet/fundamentals/code-analysis/quality-rules/ca1848) [/home/runner/work/trading-bot-c-/trading-bot-c-/src/BotCore/BotCore.csproj]
/home/runner/work/trading-bot-c-/trading-bot-c-/src/BotCore/Integration/MarketMicrostructureResolvers.cs(211,13): error CA1848: For improved performance, use the LoggerMessage delegates instead of calling 'LoggerExtensions.LogTrace(ILogger, string?, params object?[])' (https://learn.microsoft.com/dotnet/fundamentals/code-analysis/quality-rules/ca1848) [/home/runner/work/trading-bot-c-/trading-bot-c-/src/BotCore/BotCore.csproj]
/home/runner/work/trading-bot-c-/trading-bot-c-/src/BotCore/Integration/MarketMicrostructureResolvers.cs(216,13): error CA1848: For improved performance, use the LoggerMessage delegates instead of calling 'LoggerExtensions.LogError(ILogger, Exception?, string?, params object?[])' (https://learn.microsoft.com/dotnet/fundamentals/code-analysis/quality-rules/ca1848) [/home/runner/work/trading-bot-c-/trading-bot-c-/src/BotCore/BotCore.csproj]
/home/runner/work/trading-bot-c-/trading-bot-c-/src/BotCore/Services/AutonomousDecisionEngine.cs(865,9): error CA1031: Modify 'ExecuteTradeAsync' to catch a more specific allowed exception type, or rethrow the exception (https://learn.microsoft.com/dotnet/fundamentals/code-analysis/quality-rules/ca1031) [/home/runner/work/trading-bot-c-/trading-bot-c-/src/BotCore/BotCore.csproj]
/home/runner/work/trading-bot-c-/trading-bot-c-/src/BotCore/Fusion/FeatureBusAdapter.cs(619,13): error CA1848: For improved performance, use the LoggerMessage delegates instead of calling 'LoggerExtensions.LogError(ILogger, Exception?, string?, params object?[])' (https://learn.microsoft.com/dotnet/fundamentals/code-analysis/quality-rules/ca1848) [/home/runner/work/trading-bot-c-/trading-bot-c-/src/BotCore/BotCore.csproj]
/home/runner/work/trading-bot-c-/trading-bot-c-/src/BotCore/Fusion/FeatureBusAdapter.cs(617,9): error CA1031: Modify 'CalculateVWAPDistance' to catch a more specific allowed exception type, or rethrow the exception (https://learn.microsoft.com/dotnet/fundamentals/code-analysis/quality-rules/ca1031) [/home/runner/work/trading-bot-c-/trading-bot-c-/src/BotCore/BotCore.csproj]
/home/runner/work/trading-bot-c-/trading-bot-c-/src/BotCore/Integration/ShadowModeManager.cs(184,21): error CA1848: For improved performance, use the LoggerMessage delegates instead of calling 'LoggerExtensions.LogWarning(ILogger, string?, params object?[])' (https://learn.microsoft.com/dotnet/fundamentals/code-analysis/quality-rules/ca1848) [/home/runner/work/trading-bot-c-/trading-bot-c-/src/BotCore/BotCore.csproj]
/home/runner/work/trading-bot-c-/trading-bot-c-/src/BotCore/Integration/ShadowModeManager.cs(234,13): error CA1848: For improved performance, use the LoggerMessage delegates instead of calling 'LoggerExtensions.LogDebug(ILogger, string?, params object?[])' (https://learn.microsoft.com/dotnet/fundamentals/code-analysis/quality-rules/ca1848) [/home/runner/work/trading-bot-c-/trading-bot-c-/src/BotCore/BotCore.csproj]
/home/runner/work/trading-bot-c-/trading-bot-c-/src/BotCore/Integration/ShadowModeManager.cs(239,13): error CA1848: For improved performance, use the LoggerMessage delegates instead of calling 'LoggerExtensions.LogError(ILogger, Exception?, string?, params object?[])' (https://learn.microsoft.com/dotnet/fundamentals/code-analysis/quality-rules/ca1848) [/home/runner/work/trading-bot-c-/trading-bot-c-/src/BotCore/BotCore.csproj]
/home/runner/work/trading-bot-c-/trading-bot-c-/src/BotCore/Integration/ShadowModeManager.cs(243,13): error CA1848: For improved performance, use the LoggerMessage delegates instead of calling 'LoggerExtensions.LogError(ILogger, Exception?, string?, params object?[])' (https://learn.microsoft.com/dotnet/fundamentals/code-analysis/quality-rules/ca1848) [/home/runner/work/trading-bot-c-/trading-bot-c-/src/BotCore/BotCore.csproj]
/home/runner/work/trading-bot-c-/trading-bot-c-/src/BotCore/Integration/ShadowModeManager.cs(247,13): error CA1848: For improved performance, use the LoggerMessage delegates instead of calling 'LoggerExtensions.LogError(ILogger, Exception?, string?, params object?[])' (https://learn.microsoft.com/dotnet/fundamentals/code-analysis/quality-rules/ca1848) [/home/runner/work/trading-bot-c-/trading-bot-c-/src/BotCore/BotCore.csproj]
/home/runner/work/trading-bot-c-/trading-bot-c-/src/BotCore/Integration/MarketMicrostructureResolvers.cs(177,13): error CA1848: For improved performance, use the LoggerMessage delegates instead of calling 'LoggerExtensions.LogTrace(ILogger, string?, params object?[])' (https://learn.microsoft.com/dotnet/fundamentals/code-analysis/quality-rules/ca1848) [/home/runner/work/trading-bot-c-/trading-bot-c-/src/BotCore/BotCore.csproj]
/home/runner/work/trading-bot-c-/trading-bot-c-/src/BotCore/Integration/MarketMicrostructureResolvers.cs(182,13): error CA1848: For improved performance, use the LoggerMessage delegates instead of calling 'LoggerExtensions.LogError(ILogger, Exception?, string?, params object?[])' (https://learn.microsoft.com/dotnet/fundamentals/code-analysis/quality-rules/ca1848) [/home/runner/work/trading-bot-c-/trading-bot-c-/src/BotCore/BotCore.csproj]
/home/runner/work/trading-bot-c-/trading-bot-c-/src/BotCore/Services/AutonomousDecisionEngine.cs(905,9): error CA1848: For improved performance, use the LoggerMessage delegates instead of calling 'LoggerExtensions.LogDebug(ILogger, string?, params object?[])' (https://learn.microsoft.com/dotnet/fundamentals/code-analysis/quality-rules/ca1848) [/home/runner/work/trading-bot-c-/trading-bot-c-/src/BotCore/BotCore.csproj]
/home/runner/work/trading-bot-c-/trading-bot-c-/src/BotCore/Integration/ProductionIntegrationCoordinator.cs(110,53): error S1172: Remove this unused method parameter 'cancellationToken'. (https://rules.sonarsource.com/csharp/RSPEC-1172) [/home/runner/work/trading-bot-c-/trading-bot-c-/src/BotCore/BotCore.csproj]
/home/runner/work/trading-bot-c-/trading-bot-c-/src/BotCore/Integration/ProductionIntegrationCoordinator.cs(112,9): error CA1848: For improved performance, use the LoggerMessage delegates instead of calling 'LoggerExtensions.LogInformation(ILogger, string?, params object?[])' (https://learn.microsoft.com/dotnet/fundamentals/code-analysis/quality-rules/ca1848) [/home/runner/work/trading-bot-c-/trading-bot-c-/src/BotCore/BotCore.csproj]
/home/runner/work/trading-bot-c-/trading-bot-c-/src/BotCore/Integration/ProductionIntegrationCoordinator.cs(121,13): error CA1848: For improved performance, use the LoggerMessage delegates instead of calling 'LoggerExtensions.LogInformation(ILogger, string?, params object?[])' (https://learn.microsoft.com/dotnet/fundamentals/code-analysis/quality-rules/ca1848) [/home/runner/work/trading-bot-c-/trading-bot-c-/src/BotCore/BotCore.csproj]
/home/runner/work/trading-bot-c-/trading-bot-c-/src/BotCore/Integration/ProductionIntegrationCoordinator.cs(130,13): error CA1848: For improved performance, use the LoggerMessage delegates instead of calling 'LoggerExtensions.LogInformation(ILogger, string?, params object?[])' (https://learn.microsoft.com/dotnet/fundamentals/code-analysis/quality-rules/ca1848) [/home/runner/work/trading-bot-c-/trading-bot-c-/src/BotCore/BotCore.csproj]
/home/runner/work/trading-bot-c-/trading-bot-c-/src/BotCore/Integration/ProductionIntegrationCoordinator.cs(139,21): error CA1848: For improved performance, use the LoggerMessage delegates instead of calling 'LoggerExtensions.LogWarning(ILogger, string?, params object?[])' (https://learn.microsoft.com/dotnet/fundamentals/code-analysis/quality-rules/ca1848) [/home/runner/work/trading-bot-c-/trading-bot-c-/src/BotCore/BotCore.csproj]
/home/runner/work/trading-bot-c-/trading-bot-c-/src/BotCore/Integration/ProductionIntegrationCoordinator.cs(142,17): error CA1848: For improved performance, use the LoggerMessage delegates instead of calling 'LoggerExtensions.LogInformation(ILogger, string?, params object?[])' (https://learn.microsoft.com/dotnet/fundamentals/code-analysis/quality-rules/ca1848) [/home/runner/work/trading-bot-c-/trading-bot-c-/src/BotCore/BotCore.csproj]
/home/runner/work/trading-bot-c-/trading-bot-c-/src/BotCore/Integration/ProductionIntegrationCoordinator.cs(146,9): error CA1848: For improved performance, use the LoggerMessage delegates instead of calling 'LoggerExtensions.LogInformation(ILogger, string?, params object?[])' (https://learn.microsoft.com/dotnet/fundamentals/code-analysis/quality-rules/ca1848) [/home/runner/work/trading-bot-c-/trading-bot-c-/src/BotCore/BotCore.csproj]
/home/runner/work/trading-bot-c-/trading-bot-c-/src/BotCore/Integration/MarketMicrostructureResolvers.cs(248,13): error CA1848: For improved performance, use the LoggerMessage delegates instead of calling 'LoggerExtensions.LogTrace(ILogger, string?, params object?[])' (https://learn.microsoft.com/dotnet/fundamentals/code-analysis/quality-rules/ca1848) [/home/runner/work/trading-bot-c-/trading-bot-c-/src/BotCore/BotCore.csproj]
/home/runner/work/trading-bot-c-/trading-bot-c-/src/BotCore/Integration/MarketMicrostructureResolvers.cs(253,13): error CA1848: For improved performance, use the LoggerMessage delegates instead of calling 'LoggerExtensions.LogError(ILogger, Exception?, string?, params object?[])' (https://learn.microsoft.com/dotnet/fundamentals/code-analysis/quality-rules/ca1848) [/home/runner/work/trading-bot-c-/trading-bot-c-/src/BotCore/BotCore.csproj]
/home/runner/work/trading-bot-c-/trading-bot-c-/src/BotCore/Integration/MarketMicrostructureResolvers.cs(143,13): error CA1848: For improved performance, use the LoggerMessage delegates instead of calling 'LoggerExtensions.LogTrace(ILogger, string?, params object?[])' (https://learn.microsoft.com/dotnet/fundamentals/code-analysis/quality-rules/ca1848) [/home/runner/work/trading-bot-c-/trading-bot-c-/src/BotCore/BotCore.csproj]
/home/runner/work/trading-bot-c-/trading-bot-c-/src/BotCore/Integration/MarketMicrostructureResolvers.cs(148,13): error CA1848: For improved performance, use the LoggerMessage delegates instead of calling 'LoggerExtensions.LogError(ILogger, Exception?, string?, params object?[])' (https://learn.microsoft.com/dotnet/fundamentals/code-analysis/quality-rules/ca1848) [/home/runner/work/trading-bot-c-/trading-bot-c-/src/BotCore/BotCore.csproj]
/home/runner/work/trading-bot-c-/trading-bot-c-/src/BotCore/Integration/MarketMicrostructureResolvers.cs(72,13): error CA1848: For improved performance, use the LoggerMessage delegates instead of calling 'LoggerExtensions.LogTrace(ILogger, string?, params object?[])' (https://learn.microsoft.com/dotnet/fundamentals/code-analysis/quality-rules/ca1848) [/home/runner/work/trading-bot-c-/trading-bot-c-/src/BotCore/BotCore.csproj]
/home/runner/work/trading-bot-c-/trading-bot-c-/src/BotCore/Integration/MarketMicrostructureResolvers.cs(77,13): error CA1848: For improved performance, use the LoggerMessage delegates instead of calling 'LoggerExtensions.LogError(ILogger, Exception?, string?, params object?[])' (https://learn.microsoft.com/dotnet/fundamentals/code-analysis/quality-rules/ca1848) [/home/runner/work/trading-bot-c-/trading-bot-c-/src/BotCore/BotCore.csproj]
/home/runner/work/trading-bot-c-/trading-bot-c-/src/BotCore/Services/AutonomousDecisionEngine.cs(914,9): error CA1848: For improved performance, use the LoggerMessage delegates instead of calling 'LoggerExtensions.LogDebug(ILogger, string?, params object?[])' (https://learn.microsoft.com/dotnet/fundamentals/code-analysis/quality-rules/ca1848) [/home/runner/work/trading-bot-c-/trading-bot-c-/src/BotCore/BotCore.csproj]
/home/runner/work/trading-bot-c-/trading-bot-c-/src/BotCore/Services/AutonomousDecisionEngine.cs(928,13): error CA1848: For improved performance, use the LoggerMessage delegates instead of calling 'LoggerExtensions.LogWarning(ILogger, Exception?, string?, params object?[])' (https://learn.microsoft.com/dotnet/fundamentals/code-analysis/quality-rules/ca1848) [/home/runner/work/trading-bot-c-/trading-bot-c-/src/BotCore/BotCore.csproj]
/home/runner/work/trading-bot-c-/trading-bot-c-/src/BotCore/Services/AutonomousDecisionEngine.cs(926,9): error CA1031: Modify 'ManageExistingPositionsAsync' to catch a more specific allowed exception type, or rethrow the exception (https://learn.microsoft.com/dotnet/fundamentals/code-analysis/quality-rules/ca1031) [/home/runner/work/trading-bot-c-/trading-bot-c-/src/BotCore/BotCore.csproj]
/home/runner/work/trading-bot-c-/trading-bot-c-/src/BotCore/Integration/FeatureMapAuthority.cs(588,17): error CA1848: For improved performance, use the LoggerMessage delegates instead of calling 'LoggerExtensions.LogTrace(ILogger, string?, params object?[])' (https://learn.microsoft.com/dotnet/fundamentals/code-analysis/quality-rules/ca1848) [/home/runner/work/trading-bot-c-/trading-bot-c-/src/BotCore/BotCore.csproj]
/home/runner/work/trading-bot-c-/trading-bot-c-/src/BotCore/Integration/FeatureMapAuthority.cs(592,17): error CA1848: For improved performance, use the LoggerMessage delegates instead of calling 'LoggerExtensions.LogTrace(ILogger, string?, params object?[])' (https://learn.microsoft.com/dotnet/fundamentals/code-analysis/quality-rules/ca1848) [/home/runner/work/trading-bot-c-/trading-bot-c-/src/BotCore/BotCore.csproj]
/home/runner/work/trading-bot-c-/trading-bot-c-/src/BotCore/Integration/FeatureMapAuthority.cs(599,13): error CA1848: For improved performance, use the LoggerMessage delegates instead of calling 'LoggerExtensions.LogError(ILogger, Exception?, string?, params object?[])' (https://learn.microsoft.com/dotnet/fundamentals/code-analysis/quality-rules/ca1848) [/home/runner/work/trading-bot-c-/trading-bot-c-/src/BotCore/BotCore.csproj]
/home/runner/work/trading-bot-c-/trading-bot-c-/src/BotCore/Integration/MarketMicrostructureResolvers.cs(106,13): error CA1848: For improved performance, use the LoggerMessage delegates instead of calling 'LoggerExtensions.LogTrace(ILogger, string?, params object?[])' (https://learn.microsoft.com/dotnet/fundamentals/code-analysis/quality-rules/ca1848) [/home/runner/work/trading-bot-c-/trading-bot-c-/src/BotCore/BotCore.csproj]
/home/runner/work/trading-bot-c-/trading-bot-c-/src/BotCore/Integration/MarketMicrostructureResolvers.cs(111,13): error CA1848: For improved performance, use the LoggerMessage delegates instead of calling 'LoggerExtensions.LogError(ILogger, Exception?, string?, params object?[])' (https://learn.microsoft.com/dotnet/fundamentals/code-analysis/quality-rules/ca1848) [/home/runner/work/trading-bot-c-/trading-bot-c-/src/BotCore/BotCore.csproj]
/home/runner/work/trading-bot-c-/trading-bot-c-/src/BotCore/Integration/MarketMicrostructureResolvers.cs(36,13): error CA1848: For improved performance, use the LoggerMessage delegates instead of calling 'LoggerExtensions.LogTrace(ILogger, string?, params object?[])' (https://learn.microsoft.com/dotnet/fundamentals/code-analysis/quality-rules/ca1848) [/home/runner/work/trading-bot-c-/trading-bot-c-/src/BotCore/BotCore.csproj]
/home/runner/work/trading-bot-c-/trading-bot-c-/src/BotCore/Integration/MarketMicrostructureResolvers.cs(41,13): error CA1848: For improved performance, use the LoggerMessage delegates instead of calling 'LoggerExtensions.LogError(ILogger, Exception?, string?, params object?[])' (https://learn.microsoft.com/dotnet/fundamentals/code-analysis/quality-rules/ca1848) [/home/runner/work/trading-bot-c-/trading-bot-c-/src/BotCore/BotCore.csproj]
/home/runner/work/trading-bot-c-/trading-bot-c-/src/BotCore/Integration/ProductionIntegrationCoordinator.cs(154,9): error CA1848: For improved performance, use the LoggerMessage delegates instead of calling 'LoggerExtensions.LogInformation(ILogger, string?, params object?[])' (https://learn.microsoft.com/dotnet/fundamentals/code-analysis/quality-rules/ca1848) [/home/runner/work/trading-bot-c-/trading-bot-c-/src/BotCore/BotCore.csproj]
/home/runner/work/trading-bot-c-/trading-bot-c-/src/BotCore/Integration/ProductionIntegrationCoordinator.cs(163,13): error CA1848: For improved performance, use the LoggerMessage delegates instead of calling 'LoggerExtensions.LogInformation(ILogger, string?, params object?[])' (https://learn.microsoft.com/dotnet/fundamentals/code-analysis/quality-rules/ca1848) [/home/runner/work/trading-bot-c-/trading-bot-c-/src/BotCore/BotCore.csproj]
/home/runner/work/trading-bot-c-/trading-bot-c-/src/BotCore/Integration/ProductionIntegrationCoordinator.cs(167,13): error CA1848: For improved performance, use the LoggerMessage delegates instead of calling 'LoggerExtensions.LogInformation(ILogger, string?, params object?[])' (https://learn.microsoft.com/dotnet/fundamentals/code-analysis/quality-rules/ca1848) [/home/runner/work/trading-bot-c-/trading-bot-c-/src/BotCore/BotCore.csproj]
/home/runner/work/trading-bot-c-/trading-bot-c-/src/BotCore/Integration/ProductionIntegrationCoordinator.cs(171,13): error CA1848: For improved performance, use the LoggerMessage delegates instead of calling 'LoggerExtensions.LogInformation(ILogger, string?, params object?[])' (https://learn.microsoft.com/dotnet/fundamentals/code-analysis/quality-rules/ca1848) [/home/runner/work/trading-bot-c-/trading-bot-c-/src/BotCore/BotCore.csproj]
/home/runner/work/trading-bot-c-/trading-bot-c-/src/BotCore/Integration/ProductionIntegrationCoordinator.cs(175,13): error CA1848: For improved performance, use the LoggerMessage delegates instead of calling 'LoggerExtensions.LogInformation(ILogger, string?, params object?[])' (https://learn.microsoft.com/dotnet/fundamentals/code-analysis/quality-rules/ca1848) [/home/runner/work/trading-bot-c-/trading-bot-c-/src/BotCore/BotCore.csproj]
/home/runner/work/trading-bot-c-/trading-bot-c-/src/BotCore/Integration/ProductionIntegrationCoordinator.cs(178,9): error CA1848: For improved performance, use the LoggerMessage delegates instead of calling 'LoggerExtensions.LogInformation(ILogger, string?, params object?[])' (https://learn.microsoft.com/dotnet/fundamentals/code-analysis/quality-rules/ca1848) [/home/runner/work/trading-bot-c-/trading-bot-c-/src/BotCore/BotCore.csproj]
/home/runner/work/trading-bot-c-/trading-bot-c-/src/BotCore/Integration/FeatureMapAuthority.cs(71,9): error CA1848: For improved performance, use the LoggerMessage delegates instead of calling 'LoggerExtensions.LogInformation(ILogger, string?, params object?[])' (https://learn.microsoft.com/dotnet/fundamentals/code-analysis/quality-rules/ca1848) [/home/runner/work/trading-bot-c-/trading-bot-c-/src/BotCore/BotCore.csproj]
/home/runner/work/trading-bot-c-/trading-bot-c-/src/BotCore/Integration/FeatureMapAuthority.cs(94,9): error CA1848: For improved performance, use the LoggerMessage delegates instead of calling 'LoggerExtensions.LogInformation(ILogger, string?, params object?[])' (https://learn.microsoft.com/dotnet/fundamentals/code-analysis/quality-rules/ca1848) [/home/runner/work/trading-bot-c-/trading-bot-c-/src/BotCore/BotCore.csproj]
/home/runner/work/trading-bot-c-/trading-bot-c-/src/BotCore/Integration/ProductionIntegrationCoordinator.cs(186,9): error CA1848: For improved performance, use the LoggerMessage delegates instead of calling 'LoggerExtensions.LogInformation(ILogger, string?, params object?[])' (https://learn.microsoft.com/dotnet/fundamentals/code-analysis/quality-rules/ca1848) [/home/runner/work/trading-bot-c-/trading-bot-c-/src/BotCore/BotCore.csproj]
/home/runner/work/trading-bot-c-/trading-bot-c-/src/BotCore/Integration/ProductionIntegrationCoordinator.cs(202,9): error CA1848: For improved performance, use the LoggerMessage delegates instead of calling 'LoggerExtensions.LogInformation(ILogger, string?, params object?[])' (https://learn.microsoft.com/dotnet/fundamentals/code-analysis/quality-rules/ca1848) [/home/runner/work/trading-bot-c-/trading-bot-c-/src/BotCore/BotCore.csproj]
/home/runner/work/trading-bot-c-/trading-bot-c-/src/BotCore/ML/OnnxModelLoader.cs(1001,29): error S1541: The Cyclomatic Complexity of this method is 18 which is greater than 10 authorized. (https://rules.sonarsource.com/csharp/RSPEC-1541) [/home/runner/work/trading-bot-c-/trading-bot-c-/src/BotCore/BotCore.csproj]
/home/runner/work/trading-bot-c-/trading-bot-c-/src/BotCore/Integration/ExecutionResolvers.cs(152,13): error CA1848: For improved performance, use the LoggerMessage delegates instead of calling 'LoggerExtensions.LogTrace(ILogger, string?, params object?[])' (https://learn.microsoft.com/dotnet/fundamentals/code-analysis/quality-rules/ca1848) [/home/runner/work/trading-bot-c-/trading-bot-c-/src/BotCore/BotCore.csproj]
/home/runner/work/trading-bot-c-/trading-bot-c-/src/BotCore/Integration/ExecutionResolvers.cs(157,13): error CA1848: For improved performance, use the LoggerMessage delegates instead of calling 'LoggerExtensions.LogError(ILogger, Exception?, string?, params object?[])' (https://learn.microsoft.com/dotnet/fundamentals/code-analysis/quality-rules/ca1848) [/home/runner/work/trading-bot-c-/trading-bot-c-/src/BotCore/BotCore.csproj]
/home/runner/work/trading-bot-c-/trading-bot-c-/src/BotCore/Integration/FeatureMapAuthority.cs(548,17): error CA1848: For improved performance, use the LoggerMessage delegates instead of calling 'LoggerExtensions.LogTrace(ILogger, string?, params object?[])' (https://learn.microsoft.com/dotnet/fundamentals/code-analysis/quality-rules/ca1848) [/home/runner/work/trading-bot-c-/trading-bot-c-/src/BotCore/BotCore.csproj]
/home/runner/work/trading-bot-c-/trading-bot-c-/src/BotCore/Integration/FeatureMapAuthority.cs(552,17): error CA1848: For improved performance, use the LoggerMessage delegates instead of calling 'LoggerExtensions.LogTrace(ILogger, string?, params object?[])' (https://learn.microsoft.com/dotnet/fundamentals/code-analysis/quality-rules/ca1848) [/home/runner/work/trading-bot-c-/trading-bot-c-/src/BotCore/BotCore.csproj]
/home/runner/work/trading-bot-c-/trading-bot-c-/src/BotCore/Integration/FeatureMapAuthority.cs(559,13): error CA1848: For improved performance, use the LoggerMessage delegates instead of calling 'LoggerExtensions.LogError(ILogger, Exception?, string?, params object?[])' (https://learn.microsoft.com/dotnet/fundamentals/code-analysis/quality-rules/ca1848) [/home/runner/work/trading-bot-c-/trading-bot-c-/src/BotCore/BotCore.csproj]
/home/runner/work/trading-bot-c-/trading-bot-c-/src/BotCore/Integration/ExecutionResolvers.cs(182,13): error CA1848: For improved performance, use the LoggerMessage delegates instead of calling 'LoggerExtensions.LogTrace(ILogger, string?, params object?[])' (https://learn.microsoft.com/dotnet/fundamentals/code-analysis/quality-rules/ca1848) [/home/runner/work/trading-bot-c-/trading-bot-c-/src/BotCore/BotCore.csproj]
/home/runner/work/trading-bot-c-/trading-bot-c-/src/BotCore/Integration/ExecutionResolvers.cs(187,13): error CA1848: For improved performance, use the LoggerMessage delegates instead of calling 'LoggerExtensions.LogError(ILogger, Exception?, string?, params object?[])' (https://learn.microsoft.com/dotnet/fundamentals/code-analysis/quality-rules/ca1848) [/home/runner/work/trading-bot-c-/trading-bot-c-/src/BotCore/BotCore.csproj]
/home/runner/work/trading-bot-c-/trading-bot-c-/src/BotCore/Integration/FeatureMapAuthority.cs(506,17): error CA1848: For improved performance, use the LoggerMessage delegates instead of calling 'LoggerExtensions.LogTrace(ILogger, string?, params object?[])' (https://learn.microsoft.com/dotnet/fundamentals/code-analysis/quality-rules/ca1848) [/home/runner/work/trading-bot-c-/trading-bot-c-/src/BotCore/BotCore.csproj]
/home/runner/work/trading-bot-c-/trading-bot-c-/src/BotCore/Integration/FeatureMapAuthority.cs(510,17): error CA1848: For improved performance, use the LoggerMessage delegates instead of calling 'LoggerExtensions.LogTrace(ILogger, string?, params object?[])' (https://learn.microsoft.com/dotnet/fundamentals/code-analysis/quality-rules/ca1848) [/home/runner/work/trading-bot-c-/trading-bot-c-/src/BotCore/BotCore.csproj]
/home/runner/work/trading-bot-c-/trading-bot-c-/src/BotCore/Integration/FeatureMapAuthority.cs(517,13): error CA1848: For improved performance, use the LoggerMessage delegates instead of calling 'LoggerExtensions.LogError(ILogger, Exception?, string?, params object?[])' (https://learn.microsoft.com/dotnet/fundamentals/code-analysis/quality-rules/ca1848) [/home/runner/work/trading-bot-c-/trading-bot-c-/src/BotCore/BotCore.csproj]
/home/runner/work/trading-bot-c-/trading-bot-c-/src/BotCore/Integration/ExecutionResolvers.cs(122,13): error CA1848: For improved performance, use the LoggerMessage delegates instead of calling 'LoggerExtensions.LogTrace(ILogger, string?, params object?[])' (https://learn.microsoft.com/dotnet/fundamentals/code-analysis/quality-rules/ca1848) [/home/runner/work/trading-bot-c-/trading-bot-c-/src/BotCore/BotCore.csproj]
/home/runner/work/trading-bot-c-/trading-bot-c-/src/BotCore/Integration/ExecutionResolvers.cs(127,13): error CA1848: For improved performance, use the LoggerMessage delegates instead of calling 'LoggerExtensions.LogError(ILogger, Exception?, string?, params object?[])' (https://learn.microsoft.com/dotnet/fundamentals/code-analysis/quality-rules/ca1848) [/home/runner/work/trading-bot-c-/trading-bot-c-/src/BotCore/BotCore.csproj]
/home/runner/work/trading-bot-c-/trading-bot-c-/src/BotCore/Integration/ProductionIntegrationCoordinator.cs(210,9): error CA1848: For improved performance, use the LoggerMessage delegates instead of calling 'LoggerExtensions.LogInformation(ILogger, string?, params object?[])' (https://learn.microsoft.com/dotnet/fundamentals/code-analysis/quality-rules/ca1848) [/home/runner/work/trading-bot-c-/trading-bot-c-/src/BotCore/BotCore.csproj]
/home/runner/work/trading-bot-c-/trading-bot-c-/src/BotCore/Integration/ProductionIntegrationCoordinator.cs(217,9): error CA1848: For improved performance, use the LoggerMessage delegates instead of calling 'LoggerExtensions.LogInformation(ILogger, string?, params object?[])' (https://learn.microsoft.com/dotnet/fundamentals/code-analysis/quality-rules/ca1848) [/home/runner/work/trading-bot-c-/trading-bot-c-/src/BotCore/BotCore.csproj]
/home/runner/work/trading-bot-c-/trading-bot-c-/src/BotCore/Integration/ProductionIntegrationCoordinator.cs(235,17): error CA1848: For improved performance, use the LoggerMessage delegates instead of calling 'LoggerExtensions.LogWarning(ILogger, Exception?, string?, params object?[])' (https://learn.microsoft.com/dotnet/fundamentals/code-analysis/quality-rules/ca1848) [/home/runner/work/trading-bot-c-/trading-bot-c-/src/BotCore/BotCore.csproj]
/home/runner/work/trading-bot-c-/trading-bot-c-/src/BotCore/Integration/ProductionIntegrationCoordinator.cs(239,17): error CA1848: For improved performance, use the LoggerMessage delegates instead of calling 'LoggerExtensions.LogWarning(ILogger, Exception?, string?, params object?[])' (https://learn.microsoft.com/dotnet/fundamentals/code-analysis/quality-rules/ca1848) [/home/runner/work/trading-bot-c-/trading-bot-c-/src/BotCore/BotCore.csproj]
/home/runner/work/trading-bot-c-/trading-bot-c-/src/BotCore/Features/FeatureBuilder.cs(378,21): error S1541: The Cyclomatic Complexity of this method is 22 which is greater than 10 authorized. (https://rules.sonarsource.com/csharp/RSPEC-1541) [/home/runner/work/trading-bot-c-/trading-bot-c-/src/BotCore/BotCore.csproj]
/home/runner/work/trading-bot-c-/trading-bot-c-/src/BotCore/Features/FeatureBuilder.cs(378,21): error S138: This method 'ComputeAdrPct' has 99 lines, which is greater than the 80 lines authorized. Split it into smaller methods. (https://rules.sonarsource.com/csharp/RSPEC-138) [/home/runner/work/trading-bot-c-/trading-bot-c-/src/BotCore/BotCore.csproj]
/home/runner/work/trading-bot-c-/trading-bot-c-/src/BotCore/Fusion/FeatureBusAdapter.cs(627,21): error S1541: The Cyclomatic Complexity of this method is 11 which is greater than 10 authorized. (https://rules.sonarsource.com/csharp/RSPEC-1541) [/home/runner/work/trading-bot-c-/trading-bot-c-/src/BotCore/BotCore.csproj]
/home/runner/work/trading-bot-c-/trading-bot-c-/src/BotCore/Features/FeatureBuilder.cs(384,13): error CA1848: For improved performance, use the LoggerMessage delegates instead of calling 'LoggerExtensions.LogWarning(ILogger, string?, params object?[])' (https://learn.microsoft.com/dotnet/fundamentals/code-analysis/quality-rules/ca1848) [/home/runner/work/trading-bot-c-/trading-bot-c-/src/BotCore/BotCore.csproj]
/home/runner/work/trading-bot-c-/trading-bot-c-/src/BotCore/Features/FeatureBuilder.cs(391,13): error CA1848: For improved performance, use the LoggerMessage delegates instead of calling 'LoggerExtensions.LogError(ILogger, string?, params object?[])' (https://learn.microsoft.com/dotnet/fundamentals/code-analysis/quality-rules/ca1848) [/home/runner/work/trading-bot-c-/trading-bot-c-/src/BotCore/BotCore.csproj]
/home/runner/work/trading-bot-c-/trading-bot-c-/src/BotCore/Features/FeatureBuilder.cs(397,13): error CA1848: For improved performance, use the LoggerMessage delegates instead of calling 'LoggerExtensions.LogError(ILogger, string?, params object?[])' (https://learn.microsoft.com/dotnet/fundamentals/code-analysis/quality-rules/ca1848) [/home/runner/work/trading-bot-c-/trading-bot-c-/src/BotCore/BotCore.csproj]
/home/runner/work/trading-bot-c-/trading-bot-c-/src/BotCore/Features/FeatureBuilder.cs(417,17): error CA1848: For improved performance, use the LoggerMessage delegates instead of calling 'LoggerExtensions.LogWarning(ILogger, string?, params object?[])' (https://learn.microsoft.com/dotnet/fundamentals/code-analysis/quality-rules/ca1848) [/home/runner/work/trading-bot-c-/trading-bot-c-/src/BotCore/BotCore.csproj]
/home/runner/work/trading-bot-c-/trading-bot-c-/src/BotCore/Features/FeatureBuilder.cs(442,17): error CA1848: For improved performance, use the LoggerMessage delegates instead of calling 'LoggerExtensions.LogWarning(ILogger, string?, params object?[])' (https://learn.microsoft.com/dotnet/fundamentals/code-analysis/quality-rules/ca1848) [/home/runner/work/trading-bot-c-/trading-bot-c-/src/BotCore/BotCore.csproj]
/home/runner/work/trading-bot-c-/trading-bot-c-/src/BotCore/Features/FeatureBuilder.cs(475,17): error CA1848: For improved performance, use the LoggerMessage delegates instead of calling 'LoggerExtensions.LogWarning(ILogger, string?, params object?[])' (https://learn.microsoft.com/dotnet/fundamentals/code-analysis/quality-rules/ca1848) [/home/runner/work/trading-bot-c-/trading-bot-c-/src/BotCore/BotCore.csproj]
/home/runner/work/trading-bot-c-/trading-bot-c-/src/BotCore/Features/FeatureBuilder.cs(484,17): error CA1848: For improved performance, use the LoggerMessage delegates instead of calling 'LoggerExtensions.LogWarning(ILogger, string?, params object?[])' (https://learn.microsoft.com/dotnet/fundamentals/code-analysis/quality-rules/ca1848) [/home/runner/work/trading-bot-c-/trading-bot-c-/src/BotCore/BotCore.csproj]
/home/runner/work/trading-bot-c-/trading-bot-c-/src/BotCore/Features/FeatureBuilder.cs(493,17): error CA1848: For improved performance, use the LoggerMessage delegates instead of calling 'LoggerExtensions.LogWarning(ILogger, string?, params object?[])' (https://learn.microsoft.com/dotnet/fundamentals/code-analysis/quality-rules/ca1848) [/home/runner/work/trading-bot-c-/trading-bot-c-/src/BotCore/BotCore.csproj]
/home/runner/work/trading-bot-c-/trading-bot-c-/src/BotCore/Features/FeatureBuilder.cs(501,13): error CA1848: For improved performance, use the LoggerMessage delegates instead of calling 'LoggerExtensions.LogError(ILogger, Exception?, string?, params object?[])' (https://learn.microsoft.com/dotnet/fundamentals/code-analysis/quality-rules/ca1848) [/home/runner/work/trading-bot-c-/trading-bot-c-/src/BotCore/BotCore.csproj]
/home/runner/work/trading-bot-c-/trading-bot-c-/src/BotCore/Features/FeatureBuilder.cs(506,13): error CA1848: For improved performance, use the LoggerMessage delegates instead of calling 'LoggerExtensions.LogError(ILogger, Exception?, string?, params object?[])' (https://learn.microsoft.com/dotnet/fundamentals/code-analysis/quality-rules/ca1848) [/home/runner/work/trading-bot-c-/trading-bot-c-/src/BotCore/BotCore.csproj]
/home/runner/work/trading-bot-c-/trading-bot-c-/src/BotCore/Fusion/FeatureBusAdapter.cs(660,13): error CA1848: For improved performance, use the LoggerMessage delegates instead of calling 'LoggerExtensions.LogError(ILogger, Exception?, string?, params object?[])' (https://learn.microsoft.com/dotnet/fundamentals/code-analysis/quality-rules/ca1848) [/home/runner/work/trading-bot-c-/trading-bot-c-/src/BotCore/BotCore.csproj]
/home/runner/work/trading-bot-c-/trading-bot-c-/src/BotCore/Fusion/FeatureBusAdapter.cs(658,9): error CA1031: Modify 'CalculateKeltnerTouch' to catch a more specific allowed exception type, or rethrow the exception (https://learn.microsoft.com/dotnet/fundamentals/code-analysis/quality-rules/ca1031) [/home/runner/work/trading-bot-c-/trading-bot-c-/src/BotCore/BotCore.csproj]
/home/runner/work/trading-bot-c-/trading-bot-c-/src/BotCore/Integration/ExecutionResolvers.cs(32,13): error CA1848: For improved performance, use the LoggerMessage delegates instead of calling 'LoggerExtensions.LogTrace(ILogger, string?, params object?[])' (https://learn.microsoft.com/dotnet/fundamentals/code-analysis/quality-rules/ca1848) [/home/runner/work/trading-bot-c-/trading-bot-c-/src/BotCore/BotCore.csproj]
/home/runner/work/trading-bot-c-/trading-bot-c-/src/BotCore/Integration/ExecutionResolvers.cs(37,13): error CA1848: For improved performance, use the LoggerMessage delegates instead of calling 'LoggerExtensions.LogError(ILogger, Exception?, string?, params object?[])' (https://learn.microsoft.com/dotnet/fundamentals/code-analysis/quality-rules/ca1848) [/home/runner/work/trading-bot-c-/trading-bot-c-/src/BotCore/BotCore.csproj]
/home/runner/work/trading-bot-c-/trading-bot-c-/src/BotCore/Services/AutonomousDecisionEngine.cs(967,9): error CA1848: For improved performance, use the LoggerMessage delegates instead of calling 'LoggerExtensions.LogDebug(ILogger, string?, params object?[])' (https://learn.microsoft.com/dotnet/fundamentals/code-analysis/quality-rules/ca1848) [/home/runner/work/trading-bot-c-/trading-bot-c-/src/BotCore/BotCore.csproj]
/home/runner/work/trading-bot-c-/trading-bot-c-/src/BotCore/Integration/ExecutionResolvers.cs(92,13): error CA1848: For improved performance, use the LoggerMessage delegates instead of calling 'LoggerExtensions.LogTrace(ILogger, string?, params object?[])' (https://learn.microsoft.com/dotnet/fundamentals/code-analysis/quality-rules/ca1848) [/home/runner/work/trading-bot-c-/trading-bot-c-/src/BotCore/BotCore.csproj]
/home/runner/work/trading-bot-c-/trading-bot-c-/src/BotCore/Integration/ExecutionResolvers.cs(97,13): error CA1848: For improved performance, use the LoggerMessage delegates instead of calling 'LoggerExtensions.LogError(ILogger, Exception?, string?, params object?[])' (https://learn.microsoft.com/dotnet/fundamentals/code-analysis/quality-rules/ca1848) [/home/runner/work/trading-bot-c-/trading-bot-c-/src/BotCore/BotCore.csproj]
/home/runner/work/trading-bot-c-/trading-bot-c-/src/BotCore/Integration/ExecutionResolvers.cs(62,13): error CA1848: For improved performance, use the LoggerMessage delegates instead of calling 'LoggerExtensions.LogTrace(ILogger, string?, params object?[])' (https://learn.microsoft.com/dotnet/fundamentals/code-analysis/quality-rules/ca1848) [/home/runner/work/trading-bot-c-/trading-bot-c-/src/BotCore/BotCore.csproj]
/home/runner/work/trading-bot-c-/trading-bot-c-/src/BotCore/Integration/ExecutionResolvers.cs(67,13): error CA1848: For improved performance, use the LoggerMessage delegates instead of calling 'LoggerExtensions.LogError(ILogger, Exception?, string?, params object?[])' (https://learn.microsoft.com/dotnet/fundamentals/code-analysis/quality-rules/ca1848) [/home/runner/work/trading-bot-c-/trading-bot-c-/src/BotCore/BotCore.csproj]
/home/runner/work/trading-bot-c-/trading-bot-c-/src/BotCore/Integration/EpochFreezeEnforcement.cs(44,9): error CA1848: For improved performance, use the LoggerMessage delegates instead of calling 'LoggerExtensions.LogInformation(ILogger, string?, params object?[])' (https://learn.microsoft.com/dotnet/fundamentals/code-analysis/quality-rules/ca1848) [/home/runner/work/trading-bot-c-/trading-bot-c-/src/BotCore/BotCore.csproj]
/home/runner/work/trading-bot-c-/trading-bot-c-/src/BotCore/Integration/ProductionIntegrationCoordinator.cs(266,17): error CA1848: For improved performance, use the LoggerMessage delegates instead of calling 'LoggerExtensions.LogDebug(ILogger, string?, params object?[])' (https://learn.microsoft.com/dotnet/fundamentals/code-analysis/quality-rules/ca1848) [/home/runner/work/trading-bot-c-/trading-bot-c-/src/BotCore/BotCore.csproj]
/home/runner/work/trading-bot-c-/trading-bot-c-/src/BotCore/Integration/ProductionIntegrationCoordinator.cs(271,17): error CA1848: For improved performance, use the LoggerMessage delegates instead of calling 'LoggerExtensions.LogWarning(ILogger, string?, params object?[])' (https://learn.microsoft.com/dotnet/fundamentals/code-analysis/quality-rules/ca1848) [/home/runner/work/trading-bot-c-/trading-bot-c-/src/BotCore/BotCore.csproj]
/home/runner/work/trading-bot-c-/trading-bot-c-/src/BotCore/Integration/ProductionIntegrationCoordinator.cs(276,13): error CA1848: For improved performance, use the LoggerMessage delegates instead of calling 'LoggerExtensions.LogWarning(ILogger, Exception?, string?, params object?[])' (https://learn.microsoft.com/dotnet/fundamentals/code-analysis/quality-rules/ca1848) [/home/runner/work/trading-bot-c-/trading-bot-c-/src/BotCore/BotCore.csproj]
/home/runner/work/trading-bot-c-/trading-bot-c-/src/BotCore/Integration/ProductionIntegrationCoordinator.cs(280,13): error CA1848: For improved performance, use the LoggerMessage delegates instead of calling 'LoggerExtensions.LogWarning(ILogger, Exception?, string?, params object?[])' (https://learn.microsoft.com/dotnet/fundamentals/code-analysis/quality-rules/ca1848) [/home/runner/work/trading-bot-c-/trading-bot-c-/src/BotCore/BotCore.csproj]
/home/runner/work/trading-bot-c-/trading-bot-c-/src/BotCore/Services/AutonomousDecisionEngine.cs(1004,9): error CA1848: For improved performance, use the LoggerMessage delegates instead of calling 'LoggerExtensions.LogInformation(ILogger, string?, params object?[])' (https://learn.microsoft.com/dotnet/fundamentals/code-analysis/quality-rules/ca1848) [/home/runner/work/trading-bot-c-/trading-bot-c-/src/BotCore/BotCore.csproj]
/home/runner/work/trading-bot-c-/trading-bot-c-/src/BotCore/Services/AutonomousDecisionEngine.cs(1015,17): error CA1848: For improved performance, use the LoggerMessage delegates instead of calling 'LoggerExtensions.LogInformation(ILogger, string?, params object?[])' (https://learn.microsoft.com/dotnet/fundamentals/code-analysis/quality-rules/ca1848) [/home/runner/work/trading-bot-c-/trading-bot-c-/src/BotCore/BotCore.csproj]
/home/runner/work/trading-bot-c-/trading-bot-c-/src/BotCore/Services/AutonomousDecisionEngine.cs(1019,17): error CA1848: For improved performance, use the LoggerMessage delegates instead of calling 'LoggerExtensions.LogWarning(ILogger, string?, params object?[])' (https://learn.microsoft.com/dotnet/fundamentals/code-analysis/quality-rules/ca1848) [/home/runner/work/trading-bot-c-/trading-bot-c-/src/BotCore/BotCore.csproj]
/home/runner/work/trading-bot-c-/trading-bot-c-/src/BotCore/Services/AutonomousDecisionEngine.cs(1024,13): error CA1848: For improved performance, use the LoggerMessage delegates instead of calling 'LoggerExtensions.LogWarning(ILogger, Exception?, string?, params object?[])' (https://learn.microsoft.com/dotnet/fundamentals/code-analysis/quality-rules/ca1848) [/home/runner/work/trading-bot-c-/trading-bot-c-/src/BotCore/BotCore.csproj]
/home/runner/work/trading-bot-c-/trading-bot-c-/src/BotCore/Services/AutonomousDecisionEngine.cs(1022,9): error CA1031: Modify 'LoadHistoricalPerformanceAsync' to catch a more specific allowed exception type, or rethrow the exception (https://learn.microsoft.com/dotnet/fundamentals/code-analysis/quality-rules/ca1031) [/home/runner/work/trading-bot-c-/trading-bot-c-/src/BotCore/BotCore.csproj]
/home/runner/work/trading-bot-c-/trading-bot-c-/src/BotCore/Integration/ShadowModeManager.cs(254,24): error S1541: The Cyclomatic Complexity of this method is 11 which is greater than 10 authorized. (https://rules.sonarsource.com/csharp/RSPEC-1541) [/home/runner/work/trading-bot-c-/trading-bot-c-/src/BotCore/BotCore.csproj]
/home/runner/work/trading-bot-c-/trading-bot-c-/src/BotCore/Services/AutonomousPerformanceTracker.cs(519,75): error S1172: Remove this unused method parameter 'cancellationToken'. (https://rules.sonarsource.com/csharp/RSPEC-1172) [/home/runner/work/trading-bot-c-/trading-bot-c-/src/BotCore/BotCore.csproj]
/home/runner/work/trading-bot-c-/trading-bot-c-/src/BotCore/Fusion/FeatureBusAdapter.cs(668,21): error S1541: The Cyclomatic Complexity of this method is 11 which is greater than 10 authorized. (https://rules.sonarsource.com/csharp/RSPEC-1541) [/home/runner/work/trading-bot-c-/trading-bot-c-/src/BotCore/BotCore.csproj]
/home/runner/work/trading-bot-c-/trading-bot-c-/src/BotCore/Fusion/FeatureBusAdapter.cs(702,13): error CA1848: For improved performance, use the LoggerMessage delegates instead of calling 'LoggerExtensions.LogError(ILogger, Exception?, string?, params object?[])' (https://learn.microsoft.com/dotnet/fundamentals/code-analysis/quality-rules/ca1848) [/home/runner/work/trading-bot-c-/trading-bot-c-/src/BotCore/BotCore.csproj]
/home/runner/work/trading-bot-c-/trading-bot-c-/src/BotCore/Integration/ShadowModeManager.cs(304,17): error CA1848: For improved performance, use the LoggerMessage delegates instead of calling 'LoggerExtensions.LogDebug(ILogger, string?, params object?[])' (https://learn.microsoft.com/dotnet/fundamentals/code-analysis/quality-rules/ca1848) [/home/runner/work/trading-bot-c-/trading-bot-c-/src/BotCore/BotCore.csproj]
/home/runner/work/trading-bot-c-/trading-bot-c-/src/BotCore/Integration/ShadowModeManager.cs(310,13): error CA1848: For improved performance, use the LoggerMessage delegates instead of calling 'LoggerExtensions.LogError(ILogger, Exception?, string?, params object?[])' (https://learn.microsoft.com/dotnet/fundamentals/code-analysis/quality-rules/ca1848) [/home/runner/work/trading-bot-c-/trading-bot-c-/src/BotCore/BotCore.csproj]
/home/runner/work/trading-bot-c-/trading-bot-c-/src/BotCore/Integration/ShadowModeManager.cs(314,13): error CA1848: For improved performance, use the LoggerMessage delegates instead of calling 'LoggerExtensions.LogError(ILogger, Exception?, string?, params object?[])' (https://learn.microsoft.com/dotnet/fundamentals/code-analysis/quality-rules/ca1848) [/home/runner/work/trading-bot-c-/trading-bot-c-/src/BotCore/BotCore.csproj]
/home/runner/work/trading-bot-c-/trading-bot-c-/src/BotCore/Integration/ShadowModeManager.cs(318,13): error CA1848: For improved performance, use the LoggerMessage delegates instead of calling 'LoggerExtensions.LogError(ILogger, Exception?, string?, params object?[])' (https://learn.microsoft.com/dotnet/fundamentals/code-analysis/quality-rules/ca1848) [/home/runner/work/trading-bot-c-/trading-bot-c-/src/BotCore/BotCore.csproj]
/home/runner/work/trading-bot-c-/trading-bot-c-/src/BotCore/Fusion/FeatureBusAdapter.cs(700,9): error CA1031: Modify 'CalculateBollingerTouch' to catch a more specific allowed exception type, or rethrow the exception (https://learn.microsoft.com/dotnet/fundamentals/code-analysis/quality-rules/ca1031) [/home/runner/work/trading-bot-c-/trading-bot-c-/src/BotCore/BotCore.csproj]
/home/runner/work/trading-bot-c-/trading-bot-c-/src/BotCore/Integration/EpochFreezeEnforcement.cs(93,34): error S2139: Either log this exception and handle it, or rethrow it with some contextual information. (https://rules.sonarsource.com/csharp/RSPEC-2139) [/home/runner/work/trading-bot-c-/trading-bot-c-/src/BotCore/BotCore.csproj]
/home/runner/work/trading-bot-c-/trading-bot-c-/src/BotCore/Features/FeatureBuilder.cs(516,21): error S1541: The Cyclomatic Complexity of this method is 16 which is greater than 10 authorized. (https://rules.sonarsource.com/csharp/RSPEC-1541) [/home/runner/work/trading-bot-c-/trading-bot-c-/src/BotCore/BotCore.csproj]
/home/runner/work/trading-bot-c-/trading-bot-c-/src/BotCore/Integration/EpochFreezeEnforcement.cs(98,42): error S2139: Either log this exception and handle it, or rethrow it with some contextual information. (https://rules.sonarsource.com/csharp/RSPEC-2139) [/home/runner/work/trading-bot-c-/trading-bot-c-/src/BotCore/BotCore.csproj]
/home/runner/work/trading-bot-c-/trading-bot-c-/src/BotCore/Integration/ProductionIntegrationCoordinator.cs(300,21): error CA1848: For improved performance, use the LoggerMessage delegates instead of calling 'LoggerExtensions.LogTrace(ILogger, string?, params object?[])' (https://learn.microsoft.com/dotnet/fundamentals/code-analysis/quality-rules/ca1848) [/home/runner/work/trading-bot-c-/trading-bot-c-/src/BotCore/BotCore.csproj]
/home/runner/work/trading-bot-c-/trading-bot-c-/src/BotCore/Integration/ProductionIntegrationCoordinator.cs(305,21): error CA1848: For improved performance, use the LoggerMessage delegates instead of calling 'LoggerExtensions.LogWarning(ILogger, string?, params object?[])' (https://learn.microsoft.com/dotnet/fundamentals/code-analysis/quality-rules/ca1848) [/home/runner/work/trading-bot-c-/trading-bot-c-/src/BotCore/BotCore.csproj]
/home/runner/work/trading-bot-c-/trading-bot-c-/src/BotCore/Integration/ProductionIntegrationCoordinator.cs(309,13): error CA1848: For improved performance, use the LoggerMessage delegates instead of calling 'LoggerExtensions.LogDebug(ILogger, string?, params object?[])' (https://learn.microsoft.com/dotnet/fundamentals/code-analysis/quality-rules/ca1848) [/home/runner/work/trading-bot-c-/trading-bot-c-/src/BotCore/BotCore.csproj]
/home/runner/work/trading-bot-c-/trading-bot-c-/src/BotCore/Integration/ProductionIntegrationCoordinator.cs(314,13): error CA1848: For improved performance, use the LoggerMessage delegates instead of calling 'LoggerExtensions.LogWarning(ILogger, Exception?, string?, params object?[])' (https://learn.microsoft.com/dotnet/fundamentals/code-analysis/quality-rules/ca1848) [/home/runner/work/trading-bot-c-/trading-bot-c-/src/BotCore/BotCore.csproj]
/home/runner/work/trading-bot-c-/trading-bot-c-/src/BotCore/Integration/ProductionIntegrationCoordinator.cs(318,13): error CA1848: For improved performance, use the LoggerMessage delegates instead of calling 'LoggerExtensions.LogWarning(ILogger, Exception?, string?, params object?[])' (https://learn.microsoft.com/dotnet/fundamentals/code-analysis/quality-rules/ca1848) [/home/runner/work/trading-bot-c-/trading-bot-c-/src/BotCore/BotCore.csproj]
/home/runner/work/trading-bot-c-/trading-bot-c-/src/BotCore/Features/FeatureBuilder.cs(529,17): error CA1848: For improved performance, use the LoggerMessage delegates instead of calling 'LoggerExtensions.LogWarning(ILogger, string?, params object?[])' (https://learn.microsoft.com/dotnet/fundamentals/code-analysis/quality-rules/ca1848) [/home/runner/work/trading-bot-c-/trading-bot-c-/src/BotCore/BotCore.csproj]
/home/runner/work/trading-bot-c-/trading-bot-c-/src/BotCore/Features/FeatureBuilder.cs(562,13): error CA1848: For improved performance, use the LoggerMessage delegates instead of calling 'LoggerExtensions.LogWarning(ILogger, Exception?, string?, params object?[])' (https://learn.microsoft.com/dotnet/fundamentals/code-analysis/quality-rules/ca1848) [/home/runner/work/trading-bot-c-/trading-bot-c-/src/BotCore/BotCore.csproj]
/home/runner/work/trading-bot-c-/trading-bot-c-/src/BotCore/Features/FeatureBuilder.cs(567,13): error CA1848: For improved performance, use the LoggerMessage delegates instead of calling 'LoggerExtensions.LogWarning(ILogger, Exception?, string?, params object?[])' (https://learn.microsoft.com/dotnet/fundamentals/code-analysis/quality-rules/ca1848) [/home/runner/work/trading-bot-c-/trading-bot-c-/src/BotCore/BotCore.csproj]
/home/runner/work/trading-bot-c-/trading-bot-c-/src/BotCore/Integration/EpochFreezeEnforcement.cs(88,13): error CA1848: For improved performance, use the LoggerMessage delegates instead of calling 'LoggerExtensions.LogInformation(ILogger, string?, params object?[])' (https://learn.microsoft.com/dotnet/fundamentals/code-analysis/quality-rules/ca1848) [/home/runner/work/trading-bot-c-/trading-bot-c-/src/BotCore/BotCore.csproj]
/home/runner/work/trading-bot-c-/trading-bot-c-/src/BotCore/Integration/EpochFreezeEnforcement.cs(95,13): error CA1848: For improved performance, use the LoggerMessage delegates instead of calling 'LoggerExtensions.LogError(ILogger, Exception?, string?, params object?[])' (https://learn.microsoft.com/dotnet/fundamentals/code-analysis/quality-rules/ca1848) [/home/runner/work/trading-bot-c-/trading-bot-c-/src/BotCore/BotCore.csproj]
/home/runner/work/trading-bot-c-/trading-bot-c-/src/BotCore/Integration/EpochFreezeEnforcement.cs(100,13): error CA1848: For improved performance, use the LoggerMessage delegates instead of calling 'LoggerExtensions.LogError(ILogger, Exception?, string?, params object?[])' (https://learn.microsoft.com/dotnet/fundamentals/code-analysis/quality-rules/ca1848) [/home/runner/work/trading-bot-c-/trading-bot-c-/src/BotCore/BotCore.csproj]
/home/runner/work/trading-bot-c-/trading-bot-c-/src/BotCore/Integration/ConfigurationLocks.cs(49,9): error CA1848: For improved performance, use the LoggerMessage delegates instead of calling 'LoggerExtensions.LogInformation(ILogger, string?, params object?[])' (https://learn.microsoft.com/dotnet/fundamentals/code-analysis/quality-rules/ca1848) [/home/runner/work/trading-bot-c-/trading-bot-c-/src/BotCore/BotCore.csproj]
/home/runner/work/trading-bot-c-/trading-bot-c-/src/BotCore/Integration/ConfigurationLocks.cs(70,17): error CA1848: For improved performance, use the LoggerMessage delegates instead of calling 'LoggerExtensions.LogError(ILogger, string?, params object?[])' (https://learn.microsoft.com/dotnet/fundamentals/code-analysis/quality-rules/ca1848) [/home/runner/work/trading-bot-c-/trading-bot-c-/src/BotCore/BotCore.csproj]
/home/runner/work/trading-bot-c-/trading-bot-c-/src/BotCore/Integration/ConfigurationLocks.cs(75,17): error CA1848: For improved performance, use the LoggerMessage delegates instead of calling 'LoggerExtensions.LogDebug(ILogger, string?, params object?[])' (https://learn.microsoft.com/dotnet/fundamentals/code-analysis/quality-rules/ca1848) [/home/runner/work/trading-bot-c-/trading-bot-c-/src/BotCore/BotCore.csproj]
/home/runner/work/trading-bot-c-/trading-bot-c-/src/BotCore/Integration/ConfigurationLocks.cs(84,13): error CA1848: For improved performance, use the LoggerMessage delegates instead of calling 'LoggerExtensions.LogInformation(ILogger, string?, params object?[])' (https://learn.microsoft.com/dotnet/fundamentals/code-analysis/quality-rules/ca1848) [/home/runner/work/trading-bot-c-/trading-bot-c-/src/BotCore/BotCore.csproj]
/home/runner/work/trading-bot-c-/trading-bot-c-/src/BotCore/Integration/ConfigurationLocks.cs(88,13): error CA1848: For improved performance, use the LoggerMessage delegates instead of calling 'LoggerExtensions.LogError(ILogger, string?, params object?[])' (https://learn.microsoft.com/dotnet/fundamentals/code-analysis/quality-rules/ca1848) [/home/runner/work/trading-bot-c-/trading-bot-c-/src/BotCore/BotCore.csproj]
/home/runner/work/trading-bot-c-/trading-bot-c-/src/BotCore/Integration/FeatureMapAuthority.cs(228,13): error CA1848: For improved performance, use the LoggerMessage delegates instead of calling 'LoggerExtensions.LogWarning(ILogger, string?, params object?[])' (https://learn.microsoft.com/dotnet/fundamentals/code-analysis/quality-rules/ca1848) [/home/runner/work/trading-bot-c-/trading-bot-c-/src/BotCore/BotCore.csproj]
/home/runner/work/trading-bot-c-/trading-bot-c-/src/BotCore/Integration/FeatureMapAuthority.cs(232,9): error CA1848: For improved performance, use the LoggerMessage delegates instead of calling 'LoggerExtensions.LogTrace(ILogger, string?, params object?[])' (https://learn.microsoft.com/dotnet/fundamentals/code-analysis/quality-rules/ca1848) [/home/runner/work/trading-bot-c-/trading-bot-c-/src/BotCore/BotCore.csproj]
/home/runner/work/trading-bot-c-/trading-bot-c-/src/BotCore/Integration/ShadowModeManager.cs(352,9): error CA1848: For improved performance, use the LoggerMessage delegates instead of calling 'LoggerExtensions.LogInformation(ILogger, string?, params object?[])' (https://learn.microsoft.com/dotnet/fundamentals/code-analysis/quality-rules/ca1848) [/home/runner/work/trading-bot-c-/trading-bot-c-/src/BotCore/BotCore.csproj]
/home/runner/work/trading-bot-c-/trading-bot-c-/src/BotCore/Features/FeatureBuilder.cs(572,21): error S1541: The Cyclomatic Complexity of this method is 14 which is greater than 10 authorized. (https://rules.sonarsource.com/csharp/RSPEC-1541) [/home/runner/work/trading-bot-c-/trading-bot-c-/src/BotCore/BotCore.csproj]
/home/runner/work/trading-bot-c-/trading-bot-c-/src/BotCore/Integration/ConfigurationLocks.cs(148,13): error CA1848: For improved performance, use the LoggerMessage delegates instead of calling 'LoggerExtensions.LogWarning(ILogger, string?, params object?[])' (https://learn.microsoft.com/dotnet/fundamentals/code-analysis/quality-rules/ca1848) [/home/runner/work/trading-bot-c-/trading-bot-c-/src/BotCore/BotCore.csproj]
/home/runner/work/trading-bot-c-/trading-bot-c-/src/BotCore/Features/FeatureBuilder.cs(611,13): error CA1848: For improved performance, use the LoggerMessage delegates instead of calling 'LoggerExtensions.LogWarning(ILogger, Exception?, string?, params object?[])' (https://learn.microsoft.com/dotnet/fundamentals/code-analysis/quality-rules/ca1848) [/home/runner/work/trading-bot-c-/trading-bot-c-/src/BotCore/BotCore.csproj]
/home/runner/work/trading-bot-c-/trading-bot-c-/src/BotCore/Features/FeatureBuilder.cs(617,13): error CA1848: For improved performance, use the LoggerMessage delegates instead of calling 'LoggerExtensions.LogWarning(ILogger, Exception?, string?, params object?[])' (https://learn.microsoft.com/dotnet/fundamentals/code-analysis/quality-rules/ca1848) [/home/runner/work/trading-bot-c-/trading-bot-c-/src/BotCore/BotCore.csproj]
/home/runner/work/trading-bot-c-/trading-bot-c-/src/BotCore/Integration/ShadowModeManager.cs(387,9): error CA1848: For improved performance, use the LoggerMessage delegates instead of calling 'LoggerExtensions.LogWarning(ILogger, string?, params object?[])' (https://learn.microsoft.com/dotnet/fundamentals/code-analysis/quality-rules/ca1848) [/home/runner/work/trading-bot-c-/trading-bot-c-/src/BotCore/BotCore.csproj]
/home/runner/work/trading-bot-c-/trading-bot-c-/src/BotCore/Services/AutonomousDecisionEngine.cs(1067,9): error CA1848: For improved performance, use the LoggerMessage delegates instead of calling 'LoggerExtensions.LogInformation(ILogger, string?, params object?[])' (https://learn.microsoft.com/dotnet/fundamentals/code-analysis/quality-rules/ca1848) [/home/runner/work/trading-bot-c-/trading-bot-c-/src/BotCore/BotCore.csproj]
/home/runner/work/trading-bot-c-/trading-bot-c-/src/BotCore/Integration/ProductionIntegrationCoordinator.cs(356,13): error CA1848: For improved performance, use the LoggerMessage delegates instead of calling 'LoggerExtensions.LogDebug(ILogger, string?, params object?[])' (https://learn.microsoft.com/dotnet/fundamentals/code-analysis/quality-rules/ca1848) [/home/runner/work/trading-bot-c-/trading-bot-c-/src/BotCore/BotCore.csproj]
/home/runner/work/trading-bot-c-/trading-bot-c-/src/BotCore/Integration/ProductionIntegrationCoordinator.cs(360,13): error CA1848: For improved performance, use the LoggerMessage delegates instead of calling 'LoggerExtensions.LogWarning(ILogger, Exception?, string?, params object?[])' (https://learn.microsoft.com/dotnet/fundamentals/code-analysis/quality-rules/ca1848) [/home/runner/work/trading-bot-c-/trading-bot-c-/src/BotCore/BotCore.csproj]
/home/runner/work/trading-bot-c-/trading-bot-c-/src/BotCore/Integration/ProductionIntegrationCoordinator.cs(364,13): error CA1848: For improved performance, use the LoggerMessage delegates instead of calling 'LoggerExtensions.LogWarning(ILogger, Exception?, string?, params object?[])' (https://learn.microsoft.com/dotnet/fundamentals/code-analysis/quality-rules/ca1848) [/home/runner/work/trading-bot-c-/trading-bot-c-/src/BotCore/BotCore.csproj]
/home/runner/work/trading-bot-c-/trading-bot-c-/src/BotCore/Fusion/FeatureBusAdapter.cs(710,21): error S1541: The Cyclomatic Complexity of this method is 14 which is greater than 10 authorized. (https://rules.sonarsource.com/csharp/RSPEC-1541) [/home/runner/work/trading-bot-c-/trading-bot-c-/src/BotCore/BotCore.csproj]
/home/runner/work/trading-bot-c-/trading-bot-c-/src/BotCore/Services/AutonomousDecisionEngine.cs(1110,17): error CA1848: For improved performance, use the LoggerMessage delegates instead of calling 'LoggerExtensions.LogDebug(ILogger, string?, params object?[])' (https://learn.microsoft.com/dotnet/fundamentals/code-analysis/quality-rules/ca1848) [/home/runner/work/trading-bot-c-/trading-bot-c-/src/BotCore/BotCore.csproj]
/home/runner/work/trading-bot-c-/trading-bot-c-/src/BotCore/Services/AutonomousDecisionEngine.cs(1119,13): error CA1848: For improved performance, use the LoggerMessage delegates instead of calling 'LoggerExtensions.LogError(ILogger, Exception?, string?, params object?[])' (https://learn.microsoft.com/dotnet/fundamentals/code-analysis/quality-rules/ca1848) [/home/runner/work/trading-bot-c-/trading-bot-c-/src/BotCore/BotCore.csproj]
/home/runner/work/trading-bot-c-/trading-bot-c-/src/BotCore/Integration/EpochFreezeEnforcement.cs(108,52): error S138: This method 'ValidateEpochFreezeAsync' has 81 lines, which is greater than the 80 lines authorized. Split it into smaller methods. (https://rules.sonarsource.com/csharp/RSPEC-138) [/home/runner/work/trading-bot-c-/trading-bot-c-/src/BotCore/BotCore.csproj]
/home/runner/work/trading-bot-c-/trading-bot-c-/src/BotCore/Fusion/FeatureBusAdapter.cs(719,17): error CA1848: For improved performance, use the LoggerMessage delegates instead of calling 'LoggerExtensions.LogDebug(ILogger, string?, params object?[])' (https://learn.microsoft.com/dotnet/fundamentals/code-analysis/quality-rules/ca1848) [/home/runner/work/trading-bot-c-/trading-bot-c-/src/BotCore/BotCore.csproj]
/home/runner/work/trading-bot-c-/trading-bot-c-/src/BotCore/Fusion/FeatureBusAdapter.cs(750,21): error CA1848: For improved performance, use the LoggerMessage delegates instead of calling 'LoggerExtensions.LogTrace(ILogger, string?, params object?[])' (https://learn.microsoft.com/dotnet/fundamentals/code-analysis/quality-rules/ca1848) [/home/runner/work/trading-bot-c-/trading-bot-c-/src/BotCore/BotCore.csproj]
/home/runner/work/trading-bot-c-/trading-bot-c-/src/BotCore/Fusion/FeatureBusAdapter.cs(756,13): error CA1848: For improved performance, use the LoggerMessage delegates instead of calling 'LoggerExtensions.LogWarning(ILogger, string?, params object?[])' (https://learn.microsoft.com/dotnet/fundamentals/code-analysis/quality-rules/ca1848) [/home/runner/work/trading-bot-c-/trading-bot-c-/src/BotCore/BotCore.csproj]
/home/runner/work/trading-bot-c-/trading-bot-c-/src/BotCore/Fusion/FeatureBusAdapter.cs(761,13): error CA1848: For improved performance, use the LoggerMessage delegates instead of calling 'LoggerExtensions.LogError(ILogger, Exception?, string?, params object?[])' (https://learn.microsoft.com/dotnet/fundamentals/code-analysis/quality-rules/ca1848) [/home/runner/work/trading-bot-c-/trading-bot-c-/src/BotCore/BotCore.csproj]
/home/runner/work/trading-bot-c-/trading-bot-c-/src/BotCore/Services/AutonomousDecisionEngine.cs(1127,73): error S1172: Remove this unused method parameter 'cancellationToken'. (https://rules.sonarsource.com/csharp/RSPEC-1172) [/home/runner/work/trading-bot-c-/trading-bot-c-/src/BotCore/BotCore.csproj]
/home/runner/work/trading-bot-c-/trading-bot-c-/src/BotCore/Features/FeatureBuilder.cs(632,17): error CA1848: For improved performance, use the LoggerMessage delegates instead of calling 'LoggerExtensions.LogDebug(ILogger, string?, params object?[])' (https://learn.microsoft.com/dotnet/fundamentals/code-analysis/quality-rules/ca1848) [/home/runner/work/trading-bot-c-/trading-bot-c-/src/BotCore/BotCore.csproj]
/home/runner/work/trading-bot-c-/trading-bot-c-/src/BotCore/Features/FeatureBuilder.cs(654,13): error CA1848: For improved performance, use the LoggerMessage delegates instead of calling 'LoggerExtensions.LogWarning(ILogger, Exception?, string?, params object?[])' (https://learn.microsoft.com/dotnet/fundamentals/code-analysis/quality-rules/ca1848) [/home/runner/work/trading-bot-c-/trading-bot-c-/src/BotCore/BotCore.csproj]
/home/runner/work/trading-bot-c-/trading-bot-c-/src/BotCore/Features/FeatureBuilder.cs(660,13): error CA1848: For improved performance, use the LoggerMessage delegates instead of calling 'LoggerExtensions.LogWarning(ILogger, Exception?, string?, params object?[])' (https://learn.microsoft.com/dotnet/fundamentals/code-analysis/quality-rules/ca1848) [/home/runner/work/trading-bot-c-/trading-bot-c-/src/BotCore/BotCore.csproj]
/home/runner/work/trading-bot-c-/trading-bot-c-/src/BotCore/Integration/EpochFreezeEnforcement.cs(176,17): error CA1848: For improved performance, use the LoggerMessage delegates instead of calling 'LoggerExtensions.LogTrace(ILogger, string?, params object?[])' (https://learn.microsoft.com/dotnet/fundamentals/code-analysis/quality-rules/ca1848) [/home/runner/work/trading-bot-c-/trading-bot-c-/src/BotCore/BotCore.csproj]
/home/runner/work/trading-bot-c-/trading-bot-c-/src/BotCore/Integration/EpochFreezeEnforcement.cs(180,17): error CA1848: For improved performance, use the LoggerMessage delegates instead of calling 'LoggerExtensions.LogWarning(ILogger, string?, params object?[])' (https://learn.microsoft.com/dotnet/fundamentals/code-analysis/quality-rules/ca1848) [/home/runner/work/trading-bot-c-/trading-bot-c-/src/BotCore/BotCore.csproj]
/home/runner/work/trading-bot-c-/trading-bot-c-/src/BotCore/Integration/EpochFreezeEnforcement.cs(195,13): error CA1848: For improved performance, use the LoggerMessage delegates instead of calling 'LoggerExtensions.LogError(ILogger, Exception?, string?, params object?[])' (https://learn.microsoft.com/dotnet/fundamentals/code-analysis/quality-rules/ca1848) [/home/runner/work/trading-bot-c-/trading-bot-c-/src/BotCore/BotCore.csproj]
/home/runner/work/trading-bot-c-/trading-bot-c-/src/BotCore/Integration/EpochFreezeEnforcement.cs(207,13): error CA1848: For improved performance, use the LoggerMessage delegates instead of calling 'LoggerExtensions.LogError(ILogger, Exception?, string?, params object?[])' (https://learn.microsoft.com/dotnet/fundamentals/code-analysis/quality-rules/ca1848) [/home/runner/work/trading-bot-c-/trading-bot-c-/src/BotCore/BotCore.csproj]
/home/runner/work/trading-bot-c-/trading-bot-c-/src/BotCore/Services/AutonomousDecisionEngine.cs(1137,17): error CA1848: For improved performance, use the LoggerMessage delegates instead of calling 'LoggerExtensions.LogDebug(ILogger, string?, params object?[])' (https://learn.microsoft.com/dotnet/fundamentals/code-analysis/quality-rules/ca1848) [/home/runner/work/trading-bot-c-/trading-bot-c-/src/BotCore/BotCore.csproj]
/home/runner/work/trading-bot-c-/trading-bot-c-/src/BotCore/Services/AutonomousDecisionEngine.cs(1142,13): error CA1848: For improved performance, use the LoggerMessage delegates instead of calling 'LoggerExtensions.LogWarning(ILogger, string?, params object?[])' (https://learn.microsoft.com/dotnet/fundamentals/code-analysis/quality-rules/ca1848) [/home/runner/work/trading-bot-c-/trading-bot-c-/src/BotCore/BotCore.csproj]
/home/runner/work/trading-bot-c-/trading-bot-c-/src/BotCore/Services/AutonomousDecisionEngine.cs(1147,13): error CA1848: For improved performance, use the LoggerMessage delegates instead of calling 'LoggerExtensions.LogError(ILogger, Exception?, string?, params object?[])' (https://learn.microsoft.com/dotnet/fundamentals/code-analysis/quality-rules/ca1848) [/home/runner/work/trading-bot-c-/trading-bot-c-/src/BotCore/BotCore.csproj]
/home/runner/work/trading-bot-c-/trading-bot-c-/src/BotCore/Fusion/FeatureBusAdapter.cs(759,9): error CA1031: Modify 'CalculateBidAskSpread' to catch a more specific allowed exception type, or rethrow the exception (https://learn.microsoft.com/dotnet/fundamentals/code-analysis/quality-rules/ca1031) [/home/runner/work/trading-bot-c-/trading-bot-c-/src/BotCore/BotCore.csproj]
/home/runner/work/trading-bot-c-/trading-bot-c-/src/BotCore/Services/AutonomousDecisionEngine.cs(1145,9): error CA1031: Modify 'GetRealMarketPriceAsync' to catch a more specific allowed exception type, or rethrow the exception (https://learn.microsoft.com/dotnet/fundamentals/code-analysis/quality-rules/ca1031) [/home/runner/work/trading-bot-c-/trading-bot-c-/src/BotCore/BotCore.csproj]
/home/runner/work/trading-bot-c-/trading-bot-c-/src/BotCore/Services/AutonomousDecisionEngine.cs(1163,17): error CA1848: For improved performance, use the LoggerMessage delegates instead of calling 'LoggerExtensions.LogDebug(ILogger, string?, params object?[])' (https://learn.microsoft.com/dotnet/fundamentals/code-analysis/quality-rules/ca1848) [/home/runner/work/trading-bot-c-/trading-bot-c-/src/BotCore/BotCore.csproj]
/home/runner/work/trading-bot-c-/trading-bot-c-/src/BotCore/Services/AutonomousDecisionEngine.cs(1172,13): error CA1848: For improved performance, use the LoggerMessage delegates instead of calling 'LoggerExtensions.LogError(ILogger, Exception?, string?, params object?[])' (https://learn.microsoft.com/dotnet/fundamentals/code-analysis/quality-rules/ca1848) [/home/runner/work/trading-bot-c-/trading-bot-c-/src/BotCore/BotCore.csproj]
/home/runner/work/trading-bot-c-/trading-bot-c-/src/BotCore/Integration/ProductionIntegrationCoordinator.cs(390,13): error CA1848: For improved performance, use the LoggerMessage delegates instead of calling 'LoggerExtensions.LogTrace(ILogger, Exception?, string?, params object?[])' (https://learn.microsoft.com/dotnet/fundamentals/code-analysis/quality-rules/ca1848) [/home/runner/work/trading-bot-c-/trading-bot-c-/src/BotCore/BotCore.csproj]
/home/runner/work/trading-bot-c-/trading-bot-c-/src/BotCore/Integration/ProductionIntegrationCoordinator.cs(394,13): error CA1848: For improved performance, use the LoggerMessage delegates instead of calling 'LoggerExtensions.LogTrace(ILogger, Exception?, string?, params object?[])' (https://learn.microsoft.com/dotnet/fundamentals/code-analysis/quality-rules/ca1848) [/home/runner/work/trading-bot-c-/trading-bot-c-/src/BotCore/BotCore.csproj]
/home/runner/work/trading-bot-c-/trading-bot-c-/src/BotCore/Integration/ProductionIntegrationCoordinator.cs(401,18): error S1541: The Cyclomatic Complexity of this method is 15 which is greater than 10 authorized. (https://rules.sonarsource.com/csharp/RSPEC-1541) [/home/runner/work/trading-bot-c-/trading-bot-c-/src/BotCore/BotCore.csproj]
/home/runner/work/trading-bot-c-/trading-bot-c-/src/BotCore/Integration/FeatureMapAuthority.cs(269,17): error CA1848: For improved performance, use the LoggerMessage delegates instead of calling 'LoggerExtensions.LogError(ILogger, string?, params object?[])' (https://learn.microsoft.com/dotnet/fundamentals/code-analysis/quality-rules/ca1848) [/home/runner/work/trading-bot-c-/trading-bot-c-/src/BotCore/BotCore.csproj]
/home/runner/work/trading-bot-c-/trading-bot-c-/src/BotCore/Integration/FeatureMapAuthority.cs(284,17): error CA1848: For improved performance, use the LoggerMessage delegates instead of calling 'LoggerExtensions.LogTrace(ILogger, string?, params object?[])' (https://learn.microsoft.com/dotnet/fundamentals/code-analysis/quality-rules/ca1848) [/home/runner/work/trading-bot-c-/trading-bot-c-/src/BotCore/BotCore.csproj]
/home/runner/work/trading-bot-c-/trading-bot-c-/src/BotCore/Integration/FeatureMapAuthority.cs(289,17): error CA1848: For improved performance, use the LoggerMessage delegates instead of calling 'LoggerExtensions.LogWarning(ILogger, string?, params object?[])' (https://learn.microsoft.com/dotnet/fundamentals/code-analysis/quality-rules/ca1848) [/home/runner/work/trading-bot-c-/trading-bot-c-/src/BotCore/BotCore.csproj]
/home/runner/work/trading-bot-c-/trading-bot-c-/src/BotCore/Integration/FeatureMapAuthority.cs(302,13): error CA1848: For improved performance, use the LoggerMessage delegates instead of calling 'LoggerExtensions.LogError(ILogger, Exception?, string?, params object?[])' (https://learn.microsoft.com/dotnet/fundamentals/code-analysis/quality-rules/ca1848) [/home/runner/work/trading-bot-c-/trading-bot-c-/src/BotCore/BotCore.csproj]
/home/runner/work/trading-bot-c-/trading-bot-c-/src/BotCore/Integration/FeatureMapAuthority.cs(312,13): error CA1848: For improved performance, use the LoggerMessage delegates instead of calling 'LoggerExtensions.LogError(ILogger, Exception?, string?, params object?[])' (https://learn.microsoft.com/dotnet/fundamentals/code-analysis/quality-rules/ca1848) [/home/runner/work/trading-bot-c-/trading-bot-c-/src/BotCore/BotCore.csproj]
/home/runner/work/trading-bot-c-/trading-bot-c-/src/BotCore/Integration/FeatureMapAuthority.cs(322,13): error CA1848: For improved performance, use the LoggerMessage delegates instead of calling 'LoggerExtensions.LogError(ILogger, Exception?, string?, params object?[])' (https://learn.microsoft.com/dotnet/fundamentals/code-analysis/quality-rules/ca1848) [/home/runner/work/trading-bot-c-/trading-bot-c-/src/BotCore/BotCore.csproj]
/home/runner/work/trading-bot-c-/trading-bot-c-/src/BotCore/ML/OnnxModelLoader.cs(1192,43): error S138: This method 'RegisterModelAsync' has 92 lines, which is greater than the 80 lines authorized. Split it into smaller methods. (https://rules.sonarsource.com/csharp/RSPEC-138) [/home/runner/work/trading-bot-c-/trading-bot-c-/src/BotCore/BotCore.csproj]
/home/runner/work/trading-bot-c-/trading-bot-c-/src/BotCore/Integration/ProductionIntegrationCoordinator.cs(413,13): error CA1848: For improved performance, use the LoggerMessage delegates instead of calling 'LoggerExtensions.LogTrace(ILogger, string?, params object?[])' (https://learn.microsoft.com/dotnet/fundamentals/code-analysis/quality-rules/ca1848) [/home/runner/work/trading-bot-c-/trading-bot-c-/src/BotCore/BotCore.csproj]
/home/runner/work/trading-bot-c-/trading-bot-c-/src/BotCore/Integration/ProductionIntegrationCoordinator.cs(421,13): error CA1848: For improved performance, use the LoggerMessage delegates instead of calling 'LoggerExtensions.LogWarning(ILogger, Exception?, string?, params object?[])' (https://learn.microsoft.com/dotnet/fundamentals/code-analysis/quality-rules/ca1848) [/home/runner/work/trading-bot-c-/trading-bot-c-/src/BotCore/BotCore.csproj]
/home/runner/work/trading-bot-c-/trading-bot-c-/src/BotCore/ML/OnnxModelLoader.cs(1256,25): error CA1848: For improved performance, use the LoggerMessage delegates instead of calling 'LoggerExtensions.LogDebug(ILogger, Exception?, string?, params object?[])' (https://learn.microsoft.com/dotnet/fundamentals/code-analysis/quality-rules/ca1848) [/home/runner/work/trading-bot-c-/trading-bot-c-/src/BotCore/BotCore.csproj]
/home/runner/work/trading-bot-c-/trading-bot-c-/src/BotCore/ML/OnnxModelLoader.cs(1261,25): error CA1848: For improved performance, use the LoggerMessage delegates instead of calling 'LoggerExtensions.LogDebug(ILogger, Exception?, string?, params object?[])' (https://learn.microsoft.com/dotnet/fundamentals/code-analysis/quality-rules/ca1848) [/home/runner/work/trading-bot-c-/trading-bot-c-/src/BotCore/BotCore.csproj]
/home/runner/work/trading-bot-c-/trading-bot-c-/src/BotCore/ML/OnnxModelLoader.cs(1268,17): error CA1848: For improved performance, use the LoggerMessage delegates instead of calling 'LoggerExtensions.LogError(ILogger, Exception?, string?, params object?[])' (https://learn.microsoft.com/dotnet/fundamentals/code-analysis/quality-rules/ca1848) [/home/runner/work/trading-bot-c-/trading-bot-c-/src/BotCore/BotCore.csproj]
/home/runner/work/trading-bot-c-/trading-bot-c-/src/BotCore/ML/OnnxModelLoader.cs(1279,25): error CA1848: For improved performance, use the LoggerMessage delegates instead of calling 'LoggerExtensions.LogDebug(ILogger, Exception?, string?, params object?[])' (https://learn.microsoft.com/dotnet/fundamentals/code-analysis/quality-rules/ca1848) [/home/runner/work/trading-bot-c-/trading-bot-c-/src/BotCore/BotCore.csproj]
/home/runner/work/trading-bot-c-/trading-bot-c-/src/BotCore/ML/OnnxModelLoader.cs(1284,25): error CA1848: For improved performance, use the LoggerMessage delegates instead of calling 'LoggerExtensions.LogDebug(ILogger, Exception?, string?, params object?[])' (https://learn.microsoft.com/dotnet/fundamentals/code-analysis/quality-rules/ca1848) [/home/runner/work/trading-bot-c-/trading-bot-c-/src/BotCore/BotCore.csproj]
/home/runner/work/trading-bot-c-/trading-bot-c-/src/BotCore/ML/OnnxModelLoader.cs(1307,13): error CA1848: For improved performance, use the LoggerMessage delegates instead of calling 'LoggerExtensions.LogInformation(ILogger, string?, params object?[])' (https://learn.microsoft.com/dotnet/fundamentals/code-analysis/quality-rules/ca1848) [/home/runner/work/trading-bot-c-/trading-bot-c-/src/BotCore/BotCore.csproj]
/home/runner/work/trading-bot-c-/trading-bot-c-/src/BotCore/ML/OnnxModelLoader.cs(1312,13): error CA1848: For improved performance, use the LoggerMessage delegates instead of calling 'LoggerExtensions.LogError(ILogger, Exception?, string?, params object?[])' (https://learn.microsoft.com/dotnet/fundamentals/code-analysis/quality-rules/ca1848) [/home/runner/work/trading-bot-c-/trading-bot-c-/src/BotCore/BotCore.csproj]
/home/runner/work/trading-bot-c-/trading-bot-c-/src/BotCore/Services/AutonomousDecisionEngine.cs(1188,17): error CA1848: For improved performance, use the LoggerMessage delegates instead of calling 'LoggerExtensions.LogDebug(ILogger, string?, params object?[])' (https://learn.microsoft.com/dotnet/fundamentals/code-analysis/quality-rules/ca1848) [/home/runner/work/trading-bot-c-/trading-bot-c-/src/BotCore/BotCore.csproj]
/home/runner/work/trading-bot-c-/trading-bot-c-/src/BotCore/Services/AutonomousDecisionEngine.cs(1194,21): error CA1848: For improved performance, use the LoggerMessage delegates instead of calling 'LoggerExtensions.LogDebug(ILogger, string?, params object?[])' (https://learn.microsoft.com/dotnet/fundamentals/code-analysis/quality-rules/ca1848) [/home/runner/work/trading-bot-c-/trading-bot-c-/src/BotCore/BotCore.csproj]
/home/runner/work/trading-bot-c-/trading-bot-c-/src/BotCore/Services/AutonomousDecisionEngine.cs(1207,21): error CA1848: For improved performance, use the LoggerMessage delegates instead of calling 'LoggerExtensions.LogDebug(ILogger, string?, params object?[])' (https://learn.microsoft.com/dotnet/fundamentals/code-analysis/quality-rules/ca1848) [/home/runner/work/trading-bot-c-/trading-bot-c-/src/BotCore/BotCore.csproj]
/home/runner/work/trading-bot-c-/trading-bot-c-/src/BotCore/Services/AutonomousDecisionEngine.cs(1212,13): error CA1848: For improved performance, use the LoggerMessage delegates instead of calling 'LoggerExtensions.LogWarning(ILogger, string?, params object?[])' (https://learn.microsoft.com/dotnet/fundamentals/code-analysis/quality-rules/ca1848) [/home/runner/work/trading-bot-c-/trading-bot-c-/src/BotCore/BotCore.csproj]
/home/runner/work/trading-bot-c-/trading-bot-c-/src/BotCore/Services/AutonomousDecisionEngine.cs(1217,13): error CA1848: For improved performance, use the LoggerMessage delegates instead of calling 'LoggerExtensions.LogError(ILogger, Exception?, string?, params object?[])' (https://learn.microsoft.com/dotnet/fundamentals/code-analysis/quality-rules/ca1848) [/home/runner/work/trading-bot-c-/trading-bot-c-/src/BotCore/BotCore.csproj]
/home/runner/work/trading-bot-c-/trading-bot-c-/src/BotCore/Services/AutonomousDecisionEngine.cs(1215,9): error CA1031: Modify 'GetRealVolumeAsync' to catch a more specific allowed exception type, or rethrow the exception (https://learn.microsoft.com/dotnet/fundamentals/code-analysis/quality-rules/ca1031) [/home/runner/work/trading-bot-c-/trading-bot-c-/src/BotCore/BotCore.csproj]
/home/runner/work/trading-bot-c-/trading-bot-c-/src/BotCore/Integration/EpochFreezeEnforcement.cs(237,17): error CA1848: For improved performance, use the LoggerMessage delegates instead of calling 'LoggerExtensions.LogInformation(ILogger, string?, params object?[])' (https://learn.microsoft.com/dotnet/fundamentals/code-analysis/quality-rules/ca1848) [/home/runner/work/trading-bot-c-/trading-bot-c-/src/BotCore/BotCore.csproj]
/home/runner/work/trading-bot-c-/trading-bot-c-/src/BotCore/Integration/EpochFreezeEnforcement.cs(242,17): error CA1848: For improved performance, use the LoggerMessage delegates instead of calling 'LoggerExtensions.LogWarning(ILogger, string?, params object?[])' (https://learn.microsoft.com/dotnet/fundamentals/code-analysis/quality-rules/ca1848) [/home/runner/work/trading-bot-c-/trading-bot-c-/src/BotCore/BotCore.csproj]
/home/runner/work/trading-bot-c-/trading-bot-c-/src/BotCore/Integration/EpochFreezeEnforcement.cs(247,13): error CA1848: For improved performance, use the LoggerMessage delegates instead of calling 'LoggerExtensions.LogError(ILogger, Exception?, string?, params object?[])' (https://learn.microsoft.com/dotnet/fundamentals/code-analysis/quality-rules/ca1848) [/home/runner/work/trading-bot-c-/trading-bot-c-/src/BotCore/BotCore.csproj]
/home/runner/work/trading-bot-c-/trading-bot-c-/src/BotCore/Integration/EpochFreezeEnforcement.cs(251,13): error CA1848: For improved performance, use the LoggerMessage delegates instead of calling 'LoggerExtensions.LogError(ILogger, Exception?, string?, params object?[])' (https://learn.microsoft.com/dotnet/fundamentals/code-analysis/quality-rules/ca1848) [/home/runner/work/trading-bot-c-/trading-bot-c-/src/BotCore/BotCore.csproj]
/home/runner/work/trading-bot-c-/trading-bot-c-/src/BotCore/Integration/ProductionIntegrationCoordinator.cs(428,36): error CA1024: Use properties where appropriate (https://learn.microsoft.com/dotnet/fundamentals/code-analysis/quality-rules/ca1024) [/home/runner/work/trading-bot-c-/trading-bot-c-/src/BotCore/BotCore.csproj]
/home/runner/work/trading-bot-c-/trading-bot-c-/src/BotCore/Services/AutonomousDecisionEngine.cs(1246,13): error CA1848: For improved performance, use the LoggerMessage delegates instead of calling 'LoggerExtensions.LogWarning(ILogger, Exception?, string?, params object?[])' (https://learn.microsoft.com/dotnet/fundamentals/code-analysis/quality-rules/ca1848) [/home/runner/work/trading-bot-c-/trading-bot-c-/src/BotCore/BotCore.csproj]
/home/runner/work/trading-bot-c-/trading-bot-c-/src/BotCore/Services/AutonomousDecisionEngine.cs(1244,9): error CA1031: Modify 'CalculateTechnicalIndicatorsAsync' to catch a more specific allowed exception type, or rethrow the exception (https://learn.microsoft.com/dotnet/fundamentals/code-analysis/quality-rules/ca1031) [/home/runner/work/trading-bot-c-/trading-bot-c-/src/BotCore/BotCore.csproj]
/home/runner/work/trading-bot-c-/trading-bot-c-/src/BotCore/Services/AutonomousDecisionEngine.cs(1265,17): error CA1848: For improved performance, use the LoggerMessage delegates instead of calling 'LoggerExtensions.LogDebug(ILogger, string?, params object?[])' (https://learn.microsoft.com/dotnet/fundamentals/code-analysis/quality-rules/ca1848) [/home/runner/work/trading-bot-c-/trading-bot-c-/src/BotCore/BotCore.csproj]
/home/runner/work/trading-bot-c-/trading-bot-c-/src/BotCore/Services/AutonomousDecisionEngine.cs(1274,13): error CA1848: For improved performance, use the LoggerMessage delegates instead of calling 'LoggerExtensions.LogError(ILogger, Exception?, string?, params object?[])' (https://learn.microsoft.com/dotnet/fundamentals/code-analysis/quality-rules/ca1848) [/home/runner/work/trading-bot-c-/trading-bot-c-/src/BotCore/BotCore.csproj]
/home/runner/work/trading-bot-c-/trading-bot-c-/src/BotCore/Integration/ProductionIntegrationCoordinator.cs(461,9): error CA1848: For improved performance, use the LoggerMessage delegates instead of calling 'LoggerExtensions.LogInformation(ILogger, string?, params object?[])' (https://learn.microsoft.com/dotnet/fundamentals/code-analysis/quality-rules/ca1848) [/home/runner/work/trading-bot-c-/trading-bot-c-/src/BotCore/BotCore.csproj]
/home/runner/work/trading-bot-c-/trading-bot-c-/src/BotCore/Services/AutonomousDecisionEngine.cs(1334,13): error CA1848: For improved performance, use the LoggerMessage delegates instead of calling 'LoggerExtensions.LogDebug(ILogger, string?, params object?[])' (https://learn.microsoft.com/dotnet/fundamentals/code-analysis/quality-rules/ca1848) [/home/runner/work/trading-bot-c-/trading-bot-c-/src/BotCore/BotCore.csproj]
/home/runner/work/trading-bot-c-/trading-bot-c-/src/BotCore/Services/AutonomousDecisionEngine.cs(1343,13): error CA1848: For improved performance, use the LoggerMessage delegates instead of calling 'LoggerExtensions.LogWarning(ILogger, Exception?, string?, params object?[])' (https://learn.microsoft.com/dotnet/fundamentals/code-analysis/quality-rules/ca1848) [/home/runner/work/trading-bot-c-/trading-bot-c-/src/BotCore/BotCore.csproj]
/home/runner/work/trading-bot-c-/trading-bot-c-/src/BotCore/Services/AutonomousDecisionEngine.cs(1341,9): error CA1031: Modify 'GetOpenPositionsAsync' to catch a more specific allowed exception type, or rethrow the exception (https://learn.microsoft.com/dotnet/fundamentals/code-analysis/quality-rules/ca1031) [/home/runner/work/trading-bot-c-/trading-bot-c-/src/BotCore/BotCore.csproj]
/home/runner/work/trading-bot-c-/trading-bot-c-/src/BotCore/Services/AutonomousDecisionEngine.cs(1282,78): error S1172: Remove this unused method parameter 'count'. (https://rules.sonarsource.com/csharp/RSPEC-1172) [/home/runner/work/trading-bot-c-/trading-bot-c-/src/BotCore/BotCore.csproj]
/home/runner/work/trading-bot-c-/trading-bot-c-/src/BotCore/Services/AutonomousDecisionEngine.cs(1282,89): error S1172: Remove this unused method parameter 'cancellationToken'. (https://rules.sonarsource.com/csharp/RSPEC-1172) [/home/runner/work/trading-bot-c-/trading-bot-c-/src/BotCore/BotCore.csproj]
/home/runner/work/trading-bot-c-/trading-bot-c-/src/BotCore/Integration/FeatureMapAuthority.cs(359,17): error CA1848: For improved performance, use the LoggerMessage delegates instead of calling 'LoggerExtensions.LogError(ILogger, string?, params object?[])' (https://learn.microsoft.com/dotnet/fundamentals/code-analysis/quality-rules/ca1848) [/home/runner/work/trading-bot-c-/trading-bot-c-/src/BotCore/BotCore.csproj]
/home/runner/work/trading-bot-c-/trading-bot-c-/src/BotCore/Integration/FeatureMapAuthority.cs(363,17): error CA1848: For improved performance, use the LoggerMessage delegates instead of calling 'LoggerExtensions.LogWarning(ILogger, Exception?, string?, params object?[])' (https://learn.microsoft.com/dotnet/fundamentals/code-analysis/quality-rules/ca1848) [/home/runner/work/trading-bot-c-/trading-bot-c-/src/BotCore/BotCore.csproj]
/home/runner/work/trading-bot-c-/trading-bot-c-/src/BotCore/Integration/FeatureMapAuthority.cs(367,17): error CA1848: For improved performance, use the LoggerMessage delegates instead of calling 'LoggerExtensions.LogWarning(ILogger, Exception?, string?, params object?[])' (https://learn.microsoft.com/dotnet/fundamentals/code-analysis/quality-rules/ca1848) [/home/runner/work/trading-bot-c-/trading-bot-c-/src/BotCore/BotCore.csproj]
/home/runner/work/trading-bot-c-/trading-bot-c-/src/BotCore/Services/AutonomousDecisionEngine.cs(1292,17): error CA1848: For improved performance, use the LoggerMessage delegates instead of calling 'LoggerExtensions.LogDebug(ILogger, string?, params object?[])' (https://learn.microsoft.com/dotnet/fundamentals/code-analysis/quality-rules/ca1848) [/home/runner/work/trading-bot-c-/trading-bot-c-/src/BotCore/BotCore.csproj]
/home/runner/work/trading-bot-c-/trading-bot-c-/src/BotCore/Services/AutonomousDecisionEngine.cs(1310,21): error CA1848: For improved performance, use the LoggerMessage delegates instead of calling 'LoggerExtensions.LogInformation(ILogger, string?, params object?[])' (https://learn.microsoft.com/dotnet/fundamentals/code-analysis/quality-rules/ca1848) [/home/runner/work/trading-bot-c-/trading-bot-c-/src/BotCore/BotCore.csproj]
/home/runner/work/trading-bot-c-/trading-bot-c-/src/BotCore/Services/AutonomousDecisionEngine.cs(1315,13): error CA1848: For improved performance, use the LoggerMessage delegates instead of calling 'LoggerExtensions.LogWarning(ILogger, string?, params object?[])' (https://learn.microsoft.com/dotnet/fundamentals/code-analysis/quality-rules/ca1848) [/home/runner/work/trading-bot-c-/trading-bot-c-/src/BotCore/BotCore.csproj]
/home/runner/work/trading-bot-c-/trading-bot-c-/src/BotCore/Services/AutonomousDecisionEngine.cs(1320,13): error CA1848: For improved performance, use the LoggerMessage delegates instead of calling 'LoggerExtensions.LogError(ILogger, Exception?, string?, params object?[])' (https://learn.microsoft.com/dotnet/fundamentals/code-analysis/quality-rules/ca1848) [/home/runner/work/trading-bot-c-/trading-bot-c-/src/BotCore/BotCore.csproj]
/home/runner/work/trading-bot-c-/trading-bot-c-/src/BotCore/Integration/ConfigurationLocks.cs(201,9): error CA1848: For improved performance, use the LoggerMessage delegates instead of calling 'LoggerExtensions.LogWarning(ILogger, string?, params object?[])' (https://learn.microsoft.com/dotnet/fundamentals/code-analysis/quality-rules/ca1848) [/home/runner/work/trading-bot-c-/trading-bot-c-/src/BotCore/BotCore.csproj]
/home/runner/work/trading-bot-c-/trading-bot-c-/src/BotCore/Integration/ConfigurationLocks.cs(210,13): error CA1848: For improved performance, use the LoggerMessage delegates instead of calling 'LoggerExtensions.LogInformation(ILogger, string?, params object?[])' (https://learn.microsoft.com/dotnet/fundamentals/code-analysis/quality-rules/ca1848) [/home/runner/work/trading-bot-c-/trading-bot-c-/src/BotCore/BotCore.csproj]
/home/runner/work/trading-bot-c-/trading-bot-c-/src/BotCore/Services/AutonomousDecisionEngine.cs(1318,9): error CA1031: Modify 'GetRealHistoricalBarsAsync' to catch a more specific allowed exception type, or rethrow the exception (https://learn.microsoft.com/dotnet/fundamentals/code-analysis/quality-rules/ca1031) [/home/runner/work/trading-bot-c-/trading-bot-c-/src/BotCore/BotCore.csproj]
/home/runner/work/trading-bot-c-/trading-bot-c-/src/BotCore/Integration/EpochFreezeEnforcement.cs(258,72): error S1172: Remove this unused method parameter 'cancellationToken'. (https://rules.sonarsource.com/csharp/RSPEC-1172) [/home/runner/work/trading-bot-c-/trading-bot-c-/src/BotCore/BotCore.csproj]
/home/runner/work/trading-bot-c-/trading-bot-c-/src/BotCore/Services/AutonomousDecisionEngine.cs(1378,13): error CA1848: For improved performance, use the LoggerMessage delegates instead of calling 'LoggerExtensions.LogWarning(ILogger, Exception?, string?, params object?[])' (https://learn.microsoft.com/dotnet/fundamentals/code-analysis/quality-rules/ca1848) [/home/runner/work/trading-bot-c-/trading-bot-c-/src/BotCore/BotCore.csproj]
/home/runner/work/trading-bot-c-/trading-bot-c-/src/BotCore/Services/AutonomousDecisionEngine.cs(1376,9): error CA1031: Modify 'ManageIndividualPositionAsync' to catch a more specific allowed exception type, or rethrow the exception (https://learn.microsoft.com/dotnet/fundamentals/code-analysis/quality-rules/ca1031) [/home/runner/work/trading-bot-c-/trading-bot-c-/src/BotCore/BotCore.csproj]
/home/runner/work/trading-bot-c-/trading-bot-c-/src/BotCore/Integration/EpochFreezeEnforcement.cs(265,17): error CA1848: For improved performance, use the LoggerMessage delegates instead of calling 'LoggerExtensions.LogWarning(ILogger, string?, params object?[])' (https://learn.microsoft.com/dotnet/fundamentals/code-analysis/quality-rules/ca1848) [/home/runner/work/trading-bot-c-/trading-bot-c-/src/BotCore/BotCore.csproj]
/home/runner/work/trading-bot-c-/trading-bot-c-/src/BotCore/Integration/EpochFreezeEnforcement.cs(301,13): error CA1848: For improved performance, use the LoggerMessage delegates instead of calling 'LoggerExtensions.LogError(ILogger, Exception?, string?, params object?[])' (https://learn.microsoft.com/dotnet/fundamentals/code-analysis/quality-rules/ca1848) [/home/runner/work/trading-bot-c-/trading-bot-c-/src/BotCore/BotCore.csproj]
/home/runner/work/trading-bot-c-/trading-bot-c-/src/BotCore/Integration/EpochFreezeEnforcement.cs(305,13): error CA1848: For improved performance, use the LoggerMessage delegates instead of calling 'LoggerExtensions.LogError(ILogger, Exception?, string?, params object?[])' (https://learn.microsoft.com/dotnet/fundamentals/code-analysis/quality-rules/ca1848) [/home/runner/work/trading-bot-c-/trading-bot-c-/src/BotCore/BotCore.csproj]
/home/runner/work/trading-bot-c-/trading-bot-c-/src/BotCore/Integration/ShadowModeManager.cs(482,62): error S1172: Remove this unused method parameter 'strategy'. (https://rules.sonarsource.com/csharp/RSPEC-1172) [/home/runner/work/trading-bot-c-/trading-bot-c-/src/BotCore/BotCore.csproj]
/home/runner/work/trading-bot-c-/trading-bot-c-/src/BotCore/Integration/ShadowModeManager.cs(482,87): error S1172: Remove this unused method parameter 'cancellationToken'. (https://rules.sonarsource.com/csharp/RSPEC-1172) [/home/runner/work/trading-bot-c-/trading-bot-c-/src/BotCore/BotCore.csproj]
/home/runner/work/trading-bot-c-/trading-bot-c-/src/BotCore/Integration/ShadowModeManager.cs(491,54): error S1172: Remove this unused method parameter 'pick'. (https://rules.sonarsource.com/csharp/RSPEC-1172) [/home/runner/work/trading-bot-c-/trading-bot-c-/src/BotCore/BotCore.csproj]
/home/runner/work/trading-bot-c-/trading-bot-c-/src/BotCore/Integration/ShadowModeManager.cs(491,71): error S1172: Remove this unused method parameter 'cancellationToken'. (https://rules.sonarsource.com/csharp/RSPEC-1172) [/home/runner/work/trading-bot-c-/trading-bot-c-/src/BotCore/BotCore.csproj]
/home/runner/work/trading-bot-c-/trading-bot-c-/src/BotCore/Integration/ShadowModeManager.cs(500,55): error S1172: Remove this unused method parameter 'trade'. (https://rules.sonarsource.com/csharp/RSPEC-1172) [/home/runner/work/trading-bot-c-/trading-bot-c-/src/BotCore/BotCore.csproj]
/home/runner/work/trading-bot-c-/trading-bot-c-/src/BotCore/Integration/ShadowModeManager.cs(500,74): error S1172: Remove this unused method parameter 'cancellationToken'. (https://rules.sonarsource.com/csharp/RSPEC-1172) [/home/runner/work/trading-bot-c-/trading-bot-c-/src/BotCore/BotCore.csproj]
/home/runner/work/trading-bot-c-/trading-bot-c-/src/BotCore/Integration/ShadowModeManager.cs(509,59): error S1172: Remove this unused method parameter 'strategy'. (https://rules.sonarsource.com/csharp/RSPEC-1172) [/home/runner/work/trading-bot-c-/trading-bot-c-/src/BotCore/BotCore.csproj]
/home/runner/work/trading-bot-c-/trading-bot-c-/src/BotCore/Integration/ShadowModeManager.cs(509,84): error S1172: Remove this unused method parameter 'metrics'. (https://rules.sonarsource.com/csharp/RSPEC-1172) [/home/runner/work/trading-bot-c-/trading-bot-c-/src/BotCore/BotCore.csproj]
/home/runner/work/trading-bot-c-/trading-bot-c-/src/BotCore/Integration/ShadowModeManager.cs(509,110): error S1172: Remove this unused method parameter 'cancellationToken'. (https://rules.sonarsource.com/csharp/RSPEC-1172) [/home/runner/work/trading-bot-c-/trading-bot-c-/src/BotCore/BotCore.csproj]
/home/runner/work/trading-bot-c-/trading-bot-c-/src/BotCore/Integration/ShadowModeManager.cs(518,58): error S1172: Remove this unused method parameter 'strategy'. (https://rules.sonarsource.com/csharp/RSPEC-1172) [/home/runner/work/trading-bot-c-/trading-bot-c-/src/BotCore/BotCore.csproj]
/home/runner/work/trading-bot-c-/trading-bot-c-/src/BotCore/Integration/ShadowModeManager.cs(518,83): error S1172: Remove this unused method parameter 'reason'. (https://rules.sonarsource.com/csharp/RSPEC-1172) [/home/runner/work/trading-bot-c-/trading-bot-c-/src/BotCore/BotCore.csproj]
/home/runner/work/trading-bot-c-/trading-bot-c-/src/BotCore/Integration/ShadowModeManager.cs(518,98): error S1172: Remove this unused method parameter 'cancellationToken'. (https://rules.sonarsource.com/csharp/RSPEC-1172) [/home/runner/work/trading-bot-c-/trading-bot-c-/src/BotCore/BotCore.csproj]
/home/runner/work/trading-bot-c-/trading-bot-c-/src/BotCore/Services/AutonomousDecisionEngine.cs(1428,80): error S1172: Remove this unused method parameter 'strategy'. (https://rules.sonarsource.com/csharp/RSPEC-1172) [/home/runner/work/trading-bot-c-/trading-bot-c-/src/BotCore/BotCore.csproj]
/home/runner/work/trading-bot-c-/trading-bot-c-/src/BotCore/Services/AutonomousDecisionEngine.cs(1436,9): error CA1031: Modify 'GetStrategyPerformanceFromAnalyzer' to catch a more specific allowed exception type, or rethrow the exception (https://learn.microsoft.com/dotnet/fundamentals/code-analysis/quality-rules/ca1031) [/home/runner/work/trading-bot-c-/trading-bot-c-/src/BotCore/BotCore.csproj]
/home/runner/work/trading-bot-c-/trading-bot-c-/src/BotCore/Services/AutonomousDecisionEngine.cs(1399,21): error CA1848: For improved performance, use the LoggerMessage delegates instead of calling 'LoggerExtensions.LogDebug(ILogger, string?, params object?[])' (https://learn.microsoft.com/dotnet/fundamentals/code-analysis/quality-rules/ca1848) [/home/runner/work/trading-bot-c-/trading-bot-c-/src/BotCore/BotCore.csproj]
/home/runner/work/trading-bot-c-/trading-bot-c-/src/BotCore/Services/AutonomousDecisionEngine.cs(1404,21): error CA1848: For improved performance, use the LoggerMessage delegates instead of calling 'LoggerExtensions.LogDebug(ILogger, string?, params object?[])' (https://learn.microsoft.com/dotnet/fundamentals/code-analysis/quality-rules/ca1848) [/home/runner/work/trading-bot-c-/trading-bot-c-/src/BotCore/BotCore.csproj]
/home/runner/work/trading-bot-c-/trading-bot-c-/src/BotCore/Services/AutonomousDecisionEngine.cs(1408,13): error CA1848: For improved performance, use the LoggerMessage delegates instead of calling 'LoggerExtensions.LogInformation(ILogger, string?, params object?[])' (https://learn.microsoft.com/dotnet/fundamentals/code-analysis/quality-rules/ca1848) [/home/runner/work/trading-bot-c-/trading-bot-c-/src/BotCore/BotCore.csproj]
/home/runner/work/trading-bot-c-/trading-bot-c-/src/BotCore/Services/AutonomousDecisionEngine.cs(1418,13): error CA1848: For improved performance, use the LoggerMessage delegates instead of calling 'LoggerExtensions.LogWarning(ILogger, Exception?, string?, params object?[])' (https://learn.microsoft.com/dotnet/fundamentals/code-analysis/quality-rules/ca1848) [/home/runner/work/trading-bot-c-/trading-bot-c-/src/BotCore/BotCore.csproj]
/home/runner/work/trading-bot-c-/trading-bot-c-/src/BotCore/Services/AutonomousDecisionEngine.cs(1416,9): error CA1031: Modify 'LoadHistoricalPerformanceDataAsync' to catch a more specific allowed exception type, or rethrow the exception (https://learn.microsoft.com/dotnet/fundamentals/code-analysis/quality-rules/ca1031) [/home/runner/work/trading-bot-c-/trading-bot-c-/src/BotCore/BotCore.csproj]
/home/runner/work/trading-bot-c-/trading-bot-c-/src/BotCore/ML/OnnxModelLoader.cs(1355,13): error CA1848: For improved performance, use the LoggerMessage delegates instead of calling 'LoggerExtensions.LogError(ILogger, Exception?, string?, params object?[])' (https://learn.microsoft.com/dotnet/fundamentals/code-analysis/quality-rules/ca1848) [/home/runner/work/trading-bot-c-/trading-bot-c-/src/BotCore/BotCore.csproj]
/home/runner/work/trading-bot-c-/trading-bot-c-/src/BotCore/ML/OnnxModelLoader.cs(1360,13): error CA1848: For improved performance, use the LoggerMessage delegates instead of calling 'LoggerExtensions.LogError(ILogger, Exception?, string?, params object?[])' (https://learn.microsoft.com/dotnet/fundamentals/code-analysis/quality-rules/ca1848) [/home/runner/work/trading-bot-c-/trading-bot-c-/src/BotCore/BotCore.csproj]
/home/runner/work/trading-bot-c-/trading-bot-c-/src/BotCore/ML/OnnxModelLoader.cs(1365,13): error CA1848: For improved performance, use the LoggerMessage delegates instead of calling 'LoggerExtensions.LogError(ILogger, Exception?, string?, params object?[])' (https://learn.microsoft.com/dotnet/fundamentals/code-analysis/quality-rules/ca1848) [/home/runner/work/trading-bot-c-/trading-bot-c-/src/BotCore/BotCore.csproj]
/home/runner/work/trading-bot-c-/trading-bot-c-/src/BotCore/ML/OnnxModelLoader.cs(1370,13): error CA1848: For improved performance, use the LoggerMessage delegates instead of calling 'LoggerExtensions.LogError(ILogger, Exception?, string?, params object?[])' (https://learn.microsoft.com/dotnet/fundamentals/code-analysis/quality-rules/ca1848) [/home/runner/work/trading-bot-c-/trading-bot-c-/src/BotCore/BotCore.csproj]
/home/runner/work/trading-bot-c-/trading-bot-c-/src/BotCore/Fusion/FeatureBusAdapter.cs(769,21): error S1541: The Cyclomatic Complexity of this method is 13 which is greater than 10 authorized. (https://rules.sonarsource.com/csharp/RSPEC-1541) [/home/runner/work/trading-bot-c-/trading-bot-c-/src/BotCore/BotCore.csproj]
/home/runner/work/trading-bot-c-/trading-bot-c-/src/BotCore/Services/AutonomousDecisionEngine.cs(1446,110): error S1172: Remove this unused method parameter 'cancellationToken'. (https://rules.sonarsource.com/csharp/RSPEC-1172) [/home/runner/work/trading-bot-c-/trading-bot-c-/src/BotCore/BotCore.csproj]
/home/runner/work/trading-bot-c-/trading-bot-c-/src/BotCore/Services/AutonomousDecisionEngine.cs(1476,77): error S1172: Remove this unused method parameter 'cancellationToken'. (https://rules.sonarsource.com/csharp/RSPEC-1172) [/home/runner/work/trading-bot-c-/trading-bot-c-/src/BotCore/BotCore.csproj]
/home/runner/work/trading-bot-c-/trading-bot-c-/src/BotCore/Fusion/FeatureBusAdapter.cs(803,21): error CA1848: For improved performance, use the LoggerMessage delegates instead of calling 'LoggerExtensions.LogTrace(ILogger, string?, params object?[])' (https://learn.microsoft.com/dotnet/fundamentals/code-analysis/quality-rules/ca1848) [/home/runner/work/trading-bot-c-/trading-bot-c-/src/BotCore/BotCore.csproj]
/home/runner/work/trading-bot-c-/trading-bot-c-/src/BotCore/Fusion/FeatureBusAdapter.cs(810,13): error CA1848: For improved performance, use the LoggerMessage delegates instead of calling 'LoggerExtensions.LogDebug(ILogger, string?, params object?[])' (https://learn.microsoft.com/dotnet/fundamentals/code-analysis/quality-rules/ca1848) [/home/runner/work/trading-bot-c-/trading-bot-c-/src/BotCore/BotCore.csproj]
/home/runner/work/trading-bot-c-/trading-bot-c-/src/BotCore/Fusion/FeatureBusAdapter.cs(816,13): error CA1848: For improved performance, use the LoggerMessage delegates instead of calling 'LoggerExtensions.LogError(ILogger, Exception?, string?, params object?[])' (https://learn.microsoft.com/dotnet/fundamentals/code-analysis/quality-rules/ca1848) [/home/runner/work/trading-bot-c-/trading-bot-c-/src/BotCore/BotCore.csproj]
/home/runner/work/trading-bot-c-/trading-bot-c-/src/BotCore/Services/AutonomousDecisionEngine.cs(1491,13): error CA1848: For improved performance, use the LoggerMessage delegates instead of calling 'LoggerExtensions.LogDebug(ILogger, string?, params object?[])' (https://learn.microsoft.com/dotnet/fundamentals/code-analysis/quality-rules/ca1848) [/home/runner/work/trading-bot-c-/trading-bot-c-/src/BotCore/BotCore.csproj]
/home/runner/work/trading-bot-c-/trading-bot-c-/src/BotCore/Services/AutonomousDecisionEngine.cs(1495,13): error CA1848: For improved performance, use the LoggerMessage delegates instead of calling 'LoggerExtensions.LogWarning(ILogger, Exception?, string?, params object?[])' (https://learn.microsoft.com/dotnet/fundamentals/code-analysis/quality-rules/ca1848) [/home/runner/work/trading-bot-c-/trading-bot-c-/src/BotCore/BotCore.csproj]
/home/runner/work/trading-bot-c-/trading-bot-c-/src/BotCore/Services/AutonomousDecisionEngine.cs(1493,9): error CA1031: Modify 'SendPerformanceMetricsAsync' to catch a more specific allowed exception type, or rethrow the exception (https://learn.microsoft.com/dotnet/fundamentals/code-analysis/quality-rules/ca1031) [/home/runner/work/trading-bot-c-/trading-bot-c-/src/BotCore/BotCore.csproj]
/home/runner/work/trading-bot-c-/trading-bot-c-/src/BotCore/Services/AutonomousDecisionEngine.cs(1463,17): error CA1848: For improved performance, use the LoggerMessage delegates instead of calling 'LoggerExtensions.LogInformation(ILogger, string?, params object?[])' (https://learn.microsoft.com/dotnet/fundamentals/code-analysis/quality-rules/ca1848) [/home/runner/work/trading-bot-c-/trading-bot-c-/src/BotCore/BotCore.csproj]
/home/runner/work/trading-bot-c-/trading-bot-c-/src/BotCore/Fusion/FeatureBusAdapter.cs(834,17): error CA1848: For improved performance, use the LoggerMessage delegates instead of calling 'LoggerExtensions.LogTrace(ILogger, string?, params object?[])' (https://learn.microsoft.com/dotnet/fundamentals/code-analysis/quality-rules/ca1848) [/home/runner/work/trading-bot-c-/trading-bot-c-/src/BotCore/BotCore.csproj]
/home/runner/work/trading-bot-c-/trading-bot-c-/src/BotCore/Fusion/FeatureBusAdapter.cs(847,13): error CA1848: For improved performance, use the LoggerMessage delegates instead of calling 'LoggerExtensions.LogDebug(ILogger, Exception?, string?, params object?[])' (https://learn.microsoft.com/dotnet/fundamentals/code-analysis/quality-rules/ca1848) [/home/runner/work/trading-bot-c-/trading-bot-c-/src/BotCore/BotCore.csproj]
/home/runner/work/trading-bot-c-/trading-bot-c-/src/BotCore/Fusion/FeatureBusAdapter.cs(845,9): error CA1031: Modify 'EnhanceWithOrderBookData' to catch a more specific allowed exception type, or rethrow the exception (https://learn.microsoft.com/dotnet/fundamentals/code-analysis/quality-rules/ca1031) [/home/runner/work/trading-bot-c-/trading-bot-c-/src/BotCore/BotCore.csproj]
/home/runner/work/trading-bot-c-/trading-bot-c-/src/BotCore/Fusion/FeatureBusAdapter.cs(814,9): error CA1031: Modify 'CalculateLiquidityScore' to catch a more specific allowed exception type, or rethrow the exception (https://learn.microsoft.com/dotnet/fundamentals/code-analysis/quality-rules/ca1031) [/home/runner/work/trading-bot-c-/trading-bot-c-/src/BotCore/BotCore.csproj]
/home/runner/work/trading-bot-c-/trading-bot-c-/src/BotCore/Integration/EpochFreezeEnforcement.cs(328,156): error S1172: Remove this unused method parameter 'cancellationToken'. (https://rules.sonarsource.com/csharp/RSPEC-1172) [/home/runner/work/trading-bot-c-/trading-bot-c-/src/BotCore/BotCore.csproj]
/home/runner/work/trading-bot-c-/trading-bot-c-/src/BotCore/Services/AutonomousDecisionEngine.cs(1504,77): error S1172: Remove this unused method parameter 'cancellationToken'. (https://rules.sonarsource.com/csharp/RSPEC-1172) [/home/runner/work/trading-bot-c-/trading-bot-c-/src/BotCore/BotCore.csproj]
/home/runner/work/trading-bot-c-/trading-bot-c-/src/BotCore/Services/AutonomousDecisionEngine.cs(1511,17): error CA1848: For improved performance, use the LoggerMessage delegates instead of calling 'LoggerExtensions.LogWarning(ILogger, string?, params object?[])' (https://learn.microsoft.com/dotnet/fundamentals/code-analysis/quality-rules/ca1848) [/home/runner/work/trading-bot-c-/trading-bot-c-/src/BotCore/BotCore.csproj]
/home/runner/work/trading-bot-c-/trading-bot-c-/src/BotCore/Services/AutonomousDecisionEngine.cs(1516,17): error CA1848: For improved performance, use the LoggerMessage delegates instead of calling 'LoggerExtensions.LogWarning(ILogger, string?, params object?[])' (https://learn.microsoft.com/dotnet/fundamentals/code-analysis/quality-rules/ca1848) [/home/runner/work/trading-bot-c-/trading-bot-c-/src/BotCore/BotCore.csproj]
/home/runner/work/trading-bot-c-/trading-bot-c-/src/BotCore/Services/AutonomousDecisionEngine.cs(1521,17): error CA1848: For improved performance, use the LoggerMessage delegates instead of calling 'LoggerExtensions.LogInformation(ILogger, string?, params object?[])' (https://learn.microsoft.com/dotnet/fundamentals/code-analysis/quality-rules/ca1848) [/home/runner/work/trading-bot-c-/trading-bot-c-/src/BotCore/BotCore.csproj]
/home/runner/work/trading-bot-c-/trading-bot-c-/src/BotCore/Services/AutonomousDecisionEngine.cs(1526,13): error CA1848: For improved performance, use the LoggerMessage delegates instead of calling 'LoggerExtensions.LogWarning(ILogger, Exception?, string?, params object?[])' (https://learn.microsoft.com/dotnet/fundamentals/code-analysis/quality-rules/ca1848) [/home/runner/work/trading-bot-c-/trading-bot-c-/src/BotCore/BotCore.csproj]
/home/runner/work/trading-bot-c-/trading-bot-c-/src/BotCore/Services/AutonomousDecisionEngine.cs(1524,9): error CA1031: Modify 'CheckPerformanceAlertsAsync' to catch a more specific allowed exception type, or rethrow the exception (https://learn.microsoft.com/dotnet/fundamentals/code-analysis/quality-rules/ca1031) [/home/runner/work/trading-bot-c-/trading-bot-c-/src/BotCore/BotCore.csproj]
/home/runner/work/trading-bot-c-/trading-bot-c-/src/BotCore/ML/OnnxModelLoader.cs(1435,13): error CA1848: For improved performance, use the LoggerMessage delegates instead of calling 'LoggerExtensions.LogInformation(ILogger, string?, params object?[])' (https://learn.microsoft.com/dotnet/fundamentals/code-analysis/quality-rules/ca1848) [/home/runner/work/trading-bot-c-/trading-bot-c-/src/BotCore/BotCore.csproj]
/home/runner/work/trading-bot-c-/trading-bot-c-/src/BotCore/ML/OnnxModelLoader.cs(1440,13): error CA1848: For improved performance, use the LoggerMessage delegates instead of calling 'LoggerExtensions.LogError(ILogger, Exception?, string?, params object?[])' (https://learn.microsoft.com/dotnet/fundamentals/code-analysis/quality-rules/ca1848) [/home/runner/work/trading-bot-c-/trading-bot-c-/src/BotCore/BotCore.csproj]
/home/runner/work/trading-bot-c-/trading-bot-c-/src/BotCore/ML/OnnxModelLoader.cs(1445,13): error CA1848: For improved performance, use the LoggerMessage delegates instead of calling 'LoggerExtensions.LogError(ILogger, Exception?, string?, params object?[])' (https://learn.microsoft.com/dotnet/fundamentals/code-analysis/quality-rules/ca1848) [/home/runner/work/trading-bot-c-/trading-bot-c-/src/BotCore/BotCore.csproj]
/home/runner/work/trading-bot-c-/trading-bot-c-/src/BotCore/ML/OnnxModelLoader.cs(1450,13): error CA1848: For improved performance, use the LoggerMessage delegates instead of calling 'LoggerExtensions.LogError(ILogger, Exception?, string?, params object?[])' (https://learn.microsoft.com/dotnet/fundamentals/code-analysis/quality-rules/ca1848) [/home/runner/work/trading-bot-c-/trading-bot-c-/src/BotCore/BotCore.csproj]
/home/runner/work/trading-bot-c-/trading-bot-c-/src/BotCore/ML/OnnxModelLoader.cs(1455,13): error CA1848: For improved performance, use the LoggerMessage delegates instead of calling 'LoggerExtensions.LogError(ILogger, Exception?, string?, params object?[])' (https://learn.microsoft.com/dotnet/fundamentals/code-analysis/quality-rules/ca1848) [/home/runner/work/trading-bot-c-/trading-bot-c-/src/BotCore/BotCore.csproj]
/home/runner/work/trading-bot-c-/trading-bot-c-/src/BotCore/Integration/EpochFreezeEnforcement.cs(468,39): error S1172: Remove this unused method parameter 'symbol'. (https://rules.sonarsource.com/csharp/RSPEC-1172) [/home/runner/work/trading-bot-c-/trading-bot-c-/src/BotCore/BotCore.csproj]
/home/runner/work/trading-bot-c-/trading-bot-c-/src/BotCore/Fusion/FeatureBusAdapter.cs(856,21): error S1541: The Cyclomatic Complexity of this method is 12 which is greater than 10 authorized. (https://rules.sonarsource.com/csharp/RSPEC-1541) [/home/runner/work/trading-bot-c-/trading-bot-c-/src/BotCore/BotCore.csproj]
/home/runner/work/trading-bot-c-/trading-bot-c-/src/BotCore/Services/AutonomousPerformanceTracker.cs(593,39): error S1541: The Cyclomatic Complexity of this method is 12 which is greater than 10 authorized. (https://rules.sonarsource.com/csharp/RSPEC-1541) [/home/runner/work/trading-bot-c-/trading-bot-c-/src/BotCore/BotCore.csproj]
/home/runner/work/trading-bot-c-/trading-bot-c-/src/BotCore/Fusion/FeatureBusAdapter.cs(890,17): error CA1848: For improved performance, use the LoggerMessage delegates instead of calling 'LoggerExtensions.LogTrace(ILogger, string?, params object?[])' (https://learn.microsoft.com/dotnet/fundamentals/code-analysis/quality-rules/ca1848) [/home/runner/work/trading-bot-c-/trading-bot-c-/src/BotCore/BotCore.csproj]
/home/runner/work/trading-bot-c-/trading-bot-c-/src/BotCore/Fusion/FeatureBusAdapter.cs(898,13): error CA1848: For improved performance, use the LoggerMessage delegates instead of calling 'LoggerExtensions.LogError(ILogger, Exception?, string?, params object?[])' (https://learn.microsoft.com/dotnet/fundamentals/code-analysis/quality-rules/ca1848) [/home/runner/work/trading-bot-c-/trading-bot-c-/src/BotCore/BotCore.csproj]
/home/runner/work/trading-bot-c-/trading-bot-c-/src/BotCore/Integration/EpochFreezeEnforcement.cs(506,13): error CA1848: For improved performance, use the LoggerMessage delegates instead of calling 'LoggerExtensions.LogWarning(ILogger, Exception?, string?, params object?[])' (https://learn.microsoft.com/dotnet/fundamentals/code-analysis/quality-rules/ca1848) [/home/runner/work/trading-bot-c-/trading-bot-c-/src/BotCore/BotCore.csproj]
/home/runner/work/trading-bot-c-/trading-bot-c-/src/BotCore/Integration/EpochFreezeEnforcement.cs(510,13): error CA1848: For improved performance, use the LoggerMessage delegates instead of calling 'LoggerExtensions.LogWarning(ILogger, Exception?, string?, params object?[])' (https://learn.microsoft.com/dotnet/fundamentals/code-analysis/quality-rules/ca1848) [/home/runner/work/trading-bot-c-/trading-bot-c-/src/BotCore/BotCore.csproj]
/home/runner/work/trading-bot-c-/trading-bot-c-/src/BotCore/Integration/EpochFreezeEnforcement.cs(514,13): error CA1848: For improved performance, use the LoggerMessage delegates instead of calling 'LoggerExtensions.LogWarning(ILogger, Exception?, string?, params object?[])' (https://learn.microsoft.com/dotnet/fundamentals/code-analysis/quality-rules/ca1848) [/home/runner/work/trading-bot-c-/trading-bot-c-/src/BotCore/BotCore.csproj]
/home/runner/work/trading-bot-c-/trading-bot-c-/src/BotCore/Fusion/FeatureBusAdapter.cs(896,9): error CA1031: Modify 'CalculateLiquidityAbsorptionBull' to catch a more specific allowed exception type, or rethrow the exception (https://learn.microsoft.com/dotnet/fundamentals/code-analysis/quality-rules/ca1031) [/home/runner/work/trading-bot-c-/trading-bot-c-/src/BotCore/BotCore.csproj]
/home/runner/work/trading-bot-c-/trading-bot-c-/src/BotCore/Integration/EpochFreezeEnforcement.cs(543,13): error CA1848: For improved performance, use the LoggerMessage delegates instead of calling 'LoggerExtensions.LogWarning(ILogger, Exception?, string?, params object?[])' (https://learn.microsoft.com/dotnet/fundamentals/code-analysis/quality-rules/ca1848) [/home/runner/work/trading-bot-c-/trading-bot-c-/src/BotCore/BotCore.csproj]
/home/runner/work/trading-bot-c-/trading-bot-c-/src/BotCore/Integration/EpochFreezeEnforcement.cs(547,13): error CA1848: For improved performance, use the LoggerMessage delegates instead of calling 'LoggerExtensions.LogWarning(ILogger, Exception?, string?, params object?[])' (https://learn.microsoft.com/dotnet/fundamentals/code-analysis/quality-rules/ca1848) [/home/runner/work/trading-bot-c-/trading-bot-c-/src/BotCore/BotCore.csproj]
/home/runner/work/trading-bot-c-/trading-bot-c-/src/BotCore/Integration/EpochFreezeEnforcement.cs(551,13): error CA1848: For improved performance, use the LoggerMessage delegates instead of calling 'LoggerExtensions.LogWarning(ILogger, Exception?, string?, params object?[])' (https://learn.microsoft.com/dotnet/fundamentals/code-analysis/quality-rules/ca1848) [/home/runner/work/trading-bot-c-/trading-bot-c-/src/BotCore/BotCore.csproj]
/home/runner/work/trading-bot-c-/trading-bot-c-/src/BotCore/ML/OnnxModelLoader.cs(1511,46): error AsyncFixer02: ComputeHashAsync should be used instead of sha256.ComputeHash. (https://github.com/semihokur/AsyncFixer) [/home/runner/work/trading-bot-c-/trading-bot-c-/src/BotCore/BotCore.csproj]
/home/runner/work/trading-bot-c-/trading-bot-c-/src/BotCore/Fusion/FeatureBusAdapter.cs(907,21): error S1541: The Cyclomatic Complexity of this method is 12 which is greater than 10 authorized. (https://rules.sonarsource.com/csharp/RSPEC-1541) [/home/runner/work/trading-bot-c-/trading-bot-c-/src/BotCore/BotCore.csproj]
/home/runner/work/trading-bot-c-/trading-bot-c-/src/BotCore/ML/OnnxModelLoader.cs(1485,25): error CA1848: For improved performance, use the LoggerMessage delegates instead of calling 'LoggerExtensions.LogInformation(ILogger, string?, params object?[])' (https://learn.microsoft.com/dotnet/fundamentals/code-analysis/quality-rules/ca1848) [/home/runner/work/trading-bot-c-/trading-bot-c-/src/BotCore/BotCore.csproj]
/home/runner/work/trading-bot-c-/trading-bot-c-/src/BotCore/ML/OnnxModelLoader.cs(1493,13): error CA1848: For improved performance, use the LoggerMessage delegates instead of calling 'LoggerExtensions.LogError(ILogger, Exception?, string?, params object?[])' (https://learn.microsoft.com/dotnet/fundamentals/code-analysis/quality-rules/ca1848) [/home/runner/work/trading-bot-c-/trading-bot-c-/src/BotCore/BotCore.csproj]
/home/runner/work/trading-bot-c-/trading-bot-c-/src/BotCore/ML/OnnxModelLoader.cs(1497,13): error CA1848: For improved performance, use the LoggerMessage delegates instead of calling 'LoggerExtensions.LogError(ILogger, Exception?, string?, params object?[])' (https://learn.microsoft.com/dotnet/fundamentals/code-analysis/quality-rules/ca1848) [/home/runner/work/trading-bot-c-/trading-bot-c-/src/BotCore/BotCore.csproj]
/home/runner/work/trading-bot-c-/trading-bot-c-/src/BotCore/ML/OnnxModelLoader.cs(1501,13): error CA1848: For improved performance, use the LoggerMessage delegates instead of calling 'LoggerExtensions.LogError(ILogger, Exception?, string?, params object?[])' (https://learn.microsoft.com/dotnet/fundamentals/code-analysis/quality-rules/ca1848) [/home/runner/work/trading-bot-c-/trading-bot-c-/src/BotCore/BotCore.csproj]
/home/runner/work/trading-bot-c-/trading-bot-c-/src/BotCore/Fusion/FeatureBusAdapter.cs(941,17): error CA1848: For improved performance, use the LoggerMessage delegates instead of calling 'LoggerExtensions.LogTrace(ILogger, string?, params object?[])' (https://learn.microsoft.com/dotnet/fundamentals/code-analysis/quality-rules/ca1848) [/home/runner/work/trading-bot-c-/trading-bot-c-/src/BotCore/BotCore.csproj]
/home/runner/work/trading-bot-c-/trading-bot-c-/src/BotCore/Fusion/FeatureBusAdapter.cs(949,13): error CA1848: For improved performance, use the LoggerMessage delegates instead of calling 'LoggerExtensions.LogError(ILogger, Exception?, string?, params object?[])' (https://learn.microsoft.com/dotnet/fundamentals/code-analysis/quality-rules/ca1848) [/home/runner/work/trading-bot-c-/trading-bot-c-/src/BotCore/BotCore.csproj]
/home/runner/work/trading-bot-c-/trading-bot-c-/src/BotCore/Integration/EpochFreezeEnforcement.cs(578,13): error CA1848: For improved performance, use the LoggerMessage delegates instead of calling 'LoggerExtensions.LogWarning(ILogger, Exception?, string?, params object?[])' (https://learn.microsoft.com/dotnet/fundamentals/code-analysis/quality-rules/ca1848) [/home/runner/work/trading-bot-c-/trading-bot-c-/src/BotCore/BotCore.csproj]
/home/runner/work/trading-bot-c-/trading-bot-c-/src/BotCore/Integration/EpochFreezeEnforcement.cs(582,13): error CA1848: For improved performance, use the LoggerMessage delegates instead of calling 'LoggerExtensions.LogWarning(ILogger, Exception?, string?, params object?[])' (https://learn.microsoft.com/dotnet/fundamentals/code-analysis/quality-rules/ca1848) [/home/runner/work/trading-bot-c-/trading-bot-c-/src/BotCore/BotCore.csproj]
/home/runner/work/trading-bot-c-/trading-bot-c-/src/BotCore/Integration/EpochFreezeEnforcement.cs(586,13): error CA1848: For improved performance, use the LoggerMessage delegates instead of calling 'LoggerExtensions.LogWarning(ILogger, Exception?, string?, params object?[])' (https://learn.microsoft.com/dotnet/fundamentals/code-analysis/quality-rules/ca1848) [/home/runner/work/trading-bot-c-/trading-bot-c-/src/BotCore/BotCore.csproj]
/home/runner/work/trading-bot-c-/trading-bot-c-/src/BotCore/Integration/EpochFreezeEnforcement.cs(593,29): error CA1024: Use properties where appropriate (https://learn.microsoft.com/dotnet/fundamentals/code-analysis/quality-rules/ca1024) [/home/runner/work/trading-bot-c-/trading-bot-c-/src/BotCore/BotCore.csproj]
/home/runner/work/trading-bot-c-/trading-bot-c-/src/BotCore/Fusion/FeatureBusAdapter.cs(947,9): error CA1031: Modify 'CalculateLiquidityAbsorptionBear' to catch a more specific allowed exception type, or rethrow the exception (https://learn.microsoft.com/dotnet/fundamentals/code-analysis/quality-rules/ca1031) [/home/runner/work/trading-bot-c-/trading-bot-c-/src/BotCore/BotCore.csproj]
/home/runner/work/trading-bot-c-/trading-bot-c-/src/BotCore/ML/OnnxModelLoader.cs(1531,9): error CA1848: For improved performance, use the LoggerMessage delegates instead of calling 'LoggerExtensions.LogInformation(ILogger, string?, params object?[])' (https://learn.microsoft.com/dotnet/fundamentals/code-analysis/quality-rules/ca1848) [/home/runner/work/trading-bot-c-/trading-bot-c-/src/BotCore/BotCore.csproj]
/home/runner/work/trading-bot-c-/trading-bot-c-/src/BotCore/Services/AutonomousDecisionEngine.cs(1606,17): error S1905: Remove this unnecessary cast to 'double'. (https://rules.sonarsource.com/csharp/RSPEC-1905) [/home/runner/work/trading-bot-c-/trading-bot-c-/src/BotCore/BotCore.csproj]
/home/runner/work/trading-bot-c-/trading-bot-c-/src/BotCore/Fusion/FeatureBusAdapter.cs(996,21): error CA1848: For improved performance, use the LoggerMessage delegates instead of calling 'LoggerExtensions.LogTrace(ILogger, string?, params object?[])' (https://learn.microsoft.com/dotnet/fundamentals/code-analysis/quality-rules/ca1848) [/home/runner/work/trading-bot-c-/trading-bot-c-/src/BotCore/BotCore.csproj]
/home/runner/work/trading-bot-c-/trading-bot-c-/src/BotCore/Fusion/FeatureBusAdapter.cs(1006,13): error CA1848: For improved performance, use the LoggerMessage delegates instead of calling 'LoggerExtensions.LogError(ILogger, Exception?, string?, params object?[])' (https://learn.microsoft.com/dotnet/fundamentals/code-analysis/quality-rules/ca1848) [/home/runner/work/trading-bot-c-/trading-bot-c-/src/BotCore/BotCore.csproj]
/home/runner/work/trading-bot-c-/trading-bot-c-/src/BotCore/Fusion/FeatureBusAdapter.cs(1004,9): error CA1031: Modify 'CalculateVolumeProfileRange' to catch a more specific allowed exception type, or rethrow the exception (https://learn.microsoft.com/dotnet/fundamentals/code-analysis/quality-rules/ca1031) [/home/runner/work/trading-bot-c-/trading-bot-c-/src/BotCore/BotCore.csproj]
/home/runner/work/trading-bot-c-/trading-bot-c-/src/BotCore/ML/OnnxModelLoader.cs(1577,17): error CA1848: For improved performance, use the LoggerMessage delegates instead of calling 'LoggerExtensions.LogInformation(ILogger, string?, params object?[])' (https://learn.microsoft.com/dotnet/fundamentals/code-analysis/quality-rules/ca1848) [/home/runner/work/trading-bot-c-/trading-bot-c-/src/BotCore/BotCore.csproj]
/home/runner/work/trading-bot-c-/trading-bot-c-/src/BotCore/ML/OnnxModelLoader.cs(1586,13): error CA1848: For improved performance, use the LoggerMessage delegates instead of calling 'LoggerExtensions.LogWarning(ILogger, Exception?, string?, params object?[])' (https://learn.microsoft.com/dotnet/fundamentals/code-analysis/quality-rules/ca1848) [/home/runner/work/trading-bot-c-/trading-bot-c-/src/BotCore/BotCore.csproj]
/home/runner/work/trading-bot-c-/trading-bot-c-/src/BotCore/ML/OnnxModelLoader.cs(1597,13): error CA1848: For improved performance, use the LoggerMessage delegates instead of calling 'LoggerExtensions.LogInformation(ILogger, string?, params object?[])' (https://learn.microsoft.com/dotnet/fundamentals/code-analysis/quality-rules/ca1848) [/home/runner/work/trading-bot-c-/trading-bot-c-/src/BotCore/BotCore.csproj]
/home/runner/work/trading-bot-c-/trading-bot-c-/src/BotCore/ML/OnnxModelLoader.cs(1603,13): error CA1848: For improved performance, use the LoggerMessage delegates instead of calling 'LoggerExtensions.LogInformation(ILogger, string?, params object?[])' (https://learn.microsoft.com/dotnet/fundamentals/code-analysis/quality-rules/ca1848) [/home/runner/work/trading-bot-c-/trading-bot-c-/src/BotCore/BotCore.csproj]
/home/runner/work/trading-bot-c-/trading-bot-c-/src/BotCore/ML/OnnxModelLoader.cs(1607,13): error CA1848: For improved performance, use the LoggerMessage delegates instead of calling 'LoggerExtensions.LogError(ILogger, Exception?, string?, params object?[])' (https://learn.microsoft.com/dotnet/fundamentals/code-analysis/quality-rules/ca1848) [/home/runner/work/trading-bot-c-/trading-bot-c-/src/BotCore/BotCore.csproj]
/home/runner/work/trading-bot-c-/trading-bot-c-/src/BotCore/ML/OnnxModelLoader.cs(1611,13): error CA1848: For improved performance, use the LoggerMessage delegates instead of calling 'LoggerExtensions.LogError(ILogger, Exception?, string?, params object?[])' (https://learn.microsoft.com/dotnet/fundamentals/code-analysis/quality-rules/ca1848) [/home/runner/work/trading-bot-c-/trading-bot-c-/src/BotCore/BotCore.csproj]
/home/runner/work/trading-bot-c-/trading-bot-c-/src/BotCore/Integration/ComprehensiveTelemetryService.cs(37,9): error CA1848: For improved performance, use the LoggerMessage delegates instead of calling 'LoggerExtensions.LogInformation(ILogger, string?, params object?[])' (https://learn.microsoft.com/dotnet/fundamentals/code-analysis/quality-rules/ca1848) [/home/runner/work/trading-bot-c-/trading-bot-c-/src/BotCore/BotCore.csproj]
/home/runner/work/trading-bot-c-/trading-bot-c-/src/BotCore/Services/AutonomousDecisionEngine.cs(1654,89): error S1172: Remove this unused method parameter 'cancellationToken'. (https://rules.sonarsource.com/csharp/RSPEC-1172) [/home/runner/work/trading-bot-c-/trading-bot-c-/src/BotCore/BotCore.csproj]
/home/runner/work/trading-bot-c-/trading-bot-c-/src/BotCore/Services/AutonomousDecisionEngine.cs(1687,65): error S1172: Remove this unused method parameter 'cancellationToken'. (https://rules.sonarsource.com/csharp/RSPEC-1172) [/home/runner/work/trading-bot-c-/trading-bot-c-/src/BotCore/BotCore.csproj]
/home/runner/work/trading-bot-c-/trading-bot-c-/src/BotCore/Fusion/FeatureBusAdapter.cs(1050,17): error CA1848: For improved performance, use the LoggerMessage delegates instead of calling 'LoggerExtensions.LogTrace(ILogger, string?, params object?[])' (https://learn.microsoft.com/dotnet/fundamentals/code-analysis/quality-rules/ca1848) [/home/runner/work/trading-bot-c-/trading-bot-c-/src/BotCore/BotCore.csproj]
/home/runner/work/trading-bot-c-/trading-bot-c-/src/BotCore/Fusion/FeatureBusAdapter.cs(1059,13): error CA1848: For improved performance, use the LoggerMessage delegates instead of calling 'LoggerExtensions.LogError(ILogger, Exception?, string?, params object?[])' (https://learn.microsoft.com/dotnet/fundamentals/code-analysis/quality-rules/ca1848) [/home/runner/work/trading-bot-c-/trading-bot-c-/src/BotCore/BotCore.csproj]
/home/runner/work/trading-bot-c-/trading-bot-c-/src/BotCore/Services/AutonomousDecisionEngine.cs(1676,13): error CA1848: For improved performance, use the LoggerMessage delegates instead of calling 'LoggerExtensions.LogInformation(ILogger, string?, params object?[])' (https://learn.microsoft.com/dotnet/fundamentals/code-analysis/quality-rules/ca1848) [/home/runner/work/trading-bot-c-/trading-bot-c-/src/BotCore/BotCore.csproj]
/home/runner/work/trading-bot-c-/trading-bot-c-/src/BotCore/Services/AutonomousDecisionEngine.cs(1683,13): error CA1848: For improved performance, use the LoggerMessage delegates instead of calling 'LoggerExtensions.LogError(ILogger, Exception?, string?, params object?[])' (https://learn.microsoft.com/dotnet/fundamentals/code-analysis/quality-rules/ca1848) [/home/runner/work/trading-bot-c-/trading-bot-c-/src/BotCore/BotCore.csproj]
/home/runner/work/trading-bot-c-/trading-bot-c-/src/BotCore/Services/AutonomousDecisionEngine.cs(1694,13): error CA1848: For improved performance, use the LoggerMessage delegates instead of calling 'LoggerExtensions.LogInformation(ILogger, string?, params object?[])' (https://learn.microsoft.com/dotnet/fundamentals/code-analysis/quality-rules/ca1848) [/home/runner/work/trading-bot-c-/trading-bot-c-/src/BotCore/BotCore.csproj]
/home/runner/work/trading-bot-c-/trading-bot-c-/src/BotCore/Services/AutonomousDecisionEngine.cs(1701,13): error CA1848: For improved performance, use the LoggerMessage delegates instead of calling 'LoggerExtensions.LogError(ILogger, Exception?, string?, params object?[])' (https://learn.microsoft.com/dotnet/fundamentals/code-analysis/quality-rules/ca1848) [/home/runner/work/trading-bot-c-/trading-bot-c-/src/BotCore/BotCore.csproj]
/home/runner/work/trading-bot-c-/trading-bot-c-/src/BotCore/Services/AutonomousDecisionEngine.cs(1699,9): error CA1031: Modify 'ScaleOutPositionAsync' to catch a more specific allowed exception type, or rethrow the exception (https://learn.microsoft.com/dotnet/fundamentals/code-analysis/quality-rules/ca1031) [/home/runner/work/trading-bot-c-/trading-bot-c-/src/BotCore/BotCore.csproj]
/home/runner/work/trading-bot-c-/trading-bot-c-/src/BotCore/Services/AutonomousDecisionEngine.cs(1681,9): error CA1031: Modify 'UpdateTrailingStopAsync' to catch a more specific allowed exception type, or rethrow the exception (https://learn.microsoft.com/dotnet/fundamentals/code-analysis/quality-rules/ca1031) [/home/runner/work/trading-bot-c-/trading-bot-c-/src/BotCore/BotCore.csproj]
/home/runner/work/trading-bot-c-/trading-bot-c-/src/BotCore/ML/OnnxModelLoader.cs(1639,13): error CA1848: For improved performance, use the LoggerMessage delegates instead of calling 'LoggerExtensions.LogInformation(ILogger, string?, params object?[])' (https://learn.microsoft.com/dotnet/fundamentals/code-analysis/quality-rules/ca1848) [/home/runner/work/trading-bot-c-/trading-bot-c-/src/BotCore/BotCore.csproj]
/home/runner/work/trading-bot-c-/trading-bot-c-/src/BotCore/ML/OnnxModelLoader.cs(1643,13): error CA1848: For improved performance, use the LoggerMessage delegates instead of calling 'LoggerExtensions.LogError(ILogger, Exception?, string?, params object?[])' (https://learn.microsoft.com/dotnet/fundamentals/code-analysis/quality-rules/ca1848) [/home/runner/work/trading-bot-c-/trading-bot-c-/src/BotCore/BotCore.csproj]
/home/runner/work/trading-bot-c-/trading-bot-c-/src/BotCore/ML/OnnxModelLoader.cs(1647,13): error CA1848: For improved performance, use the LoggerMessage delegates instead of calling 'LoggerExtensions.LogError(ILogger, Exception?, string?, params object?[])' (https://learn.microsoft.com/dotnet/fundamentals/code-analysis/quality-rules/ca1848) [/home/runner/work/trading-bot-c-/trading-bot-c-/src/BotCore/BotCore.csproj]
/home/runner/work/trading-bot-c-/trading-bot-c-/src/BotCore/ML/OnnxModelLoader.cs(1651,13): error CA1848: For improved performance, use the LoggerMessage delegates instead of calling 'LoggerExtensions.LogError(ILogger, Exception?, string?, params object?[])' (https://learn.microsoft.com/dotnet/fundamentals/code-analysis/quality-rules/ca1848) [/home/runner/work/trading-bot-c-/trading-bot-c-/src/BotCore/BotCore.csproj]
/home/runner/work/trading-bot-c-/trading-bot-c-/src/BotCore/Fusion/FeatureBusAdapter.cs(1057,9): error CA1031: Modify 'CalculateOrderFlowImbalanceProxy' to catch a more specific allowed exception type, or rethrow the exception (https://learn.microsoft.com/dotnet/fundamentals/code-analysis/quality-rules/ca1031) [/home/runner/work/trading-bot-c-/trading-bot-c-/src/BotCore/BotCore.csproj]
/home/runner/work/trading-bot-c-/trading-bot-c-/src/BotCore/Services/AutonomousDecisionEngine.cs(1709,13): error CA1848: For improved performance, use the LoggerMessage delegates instead of calling 'LoggerExtensions.LogInformation(ILogger, string?, params object?[])' (https://learn.microsoft.com/dotnet/fundamentals/code-analysis/quality-rules/ca1848) [/home/runner/work/trading-bot-c-/trading-bot-c-/src/BotCore/BotCore.csproj]
/home/runner/work/trading-bot-c-/trading-bot-c-/src/BotCore/Services/AutonomousDecisionEngine.cs(1730,13): error CA1848: For improved performance, use the LoggerMessage delegates instead of calling 'LoggerExtensions.LogError(ILogger, Exception?, string?, params object?[])' (https://learn.microsoft.com/dotnet/fundamentals/code-analysis/quality-rules/ca1848) [/home/runner/work/trading-bot-c-/trading-bot-c-/src/BotCore/BotCore.csproj]
/home/runner/work/trading-bot-c-/trading-bot-c-/src/BotCore/Services/AutonomousDecisionEngine.cs(1728,9): error CA1031: Modify 'ExitPositionAsync' to catch a more specific allowed exception type, or rethrow the exception (https://learn.microsoft.com/dotnet/fundamentals/code-analysis/quality-rules/ca1031) [/home/runner/work/trading-bot-c-/trading-bot-c-/src/BotCore/BotCore.csproj]
/home/runner/work/trading-bot-c-/trading-bot-c-/src/BotCore/Integration/ComprehensiveTelemetryService.cs(73,13): error CA1848: For improved performance, use the LoggerMessage delegates instead of calling 'LoggerExtensions.LogInformation(ILogger, string?, params object?[])' (https://learn.microsoft.com/dotnet/fundamentals/code-analysis/quality-rules/ca1848) [/home/runner/work/trading-bot-c-/trading-bot-c-/src/BotCore/BotCore.csproj]
/home/runner/work/trading-bot-c-/trading-bot-c-/src/BotCore/Integration/ComprehensiveTelemetryService.cs(79,17): error CA1848: For improved performance, use the LoggerMessage delegates instead of calling 'LoggerExtensions.LogTrace(ILogger, string?, params object?[])' (https://learn.microsoft.com/dotnet/fundamentals/code-analysis/quality-rules/ca1848) [/home/runner/work/trading-bot-c-/trading-bot-c-/src/BotCore/BotCore.csproj]
/home/runner/work/trading-bot-c-/trading-bot-c-/src/BotCore/Integration/ComprehensiveTelemetryService.cs(85,17): error CA1848: For improved performance, use the LoggerMessage delegates instead of calling 'LoggerExtensions.LogTrace(ILogger, string?, params object?[])' (https://learn.microsoft.com/dotnet/fundamentals/code-analysis/quality-rules/ca1848) [/home/runner/work/trading-bot-c-/trading-bot-c-/src/BotCore/BotCore.csproj]
/home/runner/work/trading-bot-c-/trading-bot-c-/src/BotCore/Integration/ComprehensiveTelemetryService.cs(92,17): error CA1848: For improved performance, use the LoggerMessage delegates instead of calling 'LoggerExtensions.LogTrace(ILogger, string?, params object?[])' (https://learn.microsoft.com/dotnet/fundamentals/code-analysis/quality-rules/ca1848) [/home/runner/work/trading-bot-c-/trading-bot-c-/src/BotCore/BotCore.csproj]
/home/runner/work/trading-bot-c-/trading-bot-c-/src/BotCore/Integration/ComprehensiveTelemetryService.cs(96,13): error CA1848: For improved performance, use the LoggerMessage delegates instead of calling 'LoggerExtensions.LogTrace(ILogger, string?, params object?[])' (https://learn.microsoft.com/dotnet/fundamentals/code-analysis/quality-rules/ca1848) [/home/runner/work/trading-bot-c-/trading-bot-c-/src/BotCore/BotCore.csproj]
/home/runner/work/trading-bot-c-/trading-bot-c-/src/BotCore/Integration/ComprehensiveTelemetryService.cs(100,13): error CA1848: For improved performance, use the LoggerMessage delegates instead of calling 'LoggerExtensions.LogWarning(ILogger, Exception?, string?, params object?[])' (https://learn.microsoft.com/dotnet/fundamentals/code-analysis/quality-rules/ca1848) [/home/runner/work/trading-bot-c-/trading-bot-c-/src/BotCore/BotCore.csproj]
/home/runner/work/trading-bot-c-/trading-bot-c-/src/BotCore/Integration/ComprehensiveTelemetryService.cs(104,13): error CA1848: For improved performance, use the LoggerMessage delegates instead of calling 'LoggerExtensions.LogWarning(ILogger, Exception?, string?, params object?[])' (https://learn.microsoft.com/dotnet/fundamentals/code-analysis/quality-rules/ca1848) [/home/runner/work/trading-bot-c-/trading-bot-c-/src/BotCore/BotCore.csproj]
/home/runner/work/trading-bot-c-/trading-bot-c-/src/BotCore/Services/AutonomousDecisionEngine.cs(1765,9): error CA1848: For improved performance, use the LoggerMessage delegates instead of calling 'LoggerExtensions.LogInformation(ILogger, string?, params object?[])' (https://learn.microsoft.com/dotnet/fundamentals/code-analysis/quality-rules/ca1848) [/home/runner/work/trading-bot-c-/trading-bot-c-/src/BotCore/BotCore.csproj]
/home/runner/work/trading-bot-c-/trading-bot-c-/src/BotCore/Integration/ComprehensiveTelemetryService.cs(124,13): error CA1848: For improved performance, use the LoggerMessage delegates instead of calling 'LoggerExtensions.LogTrace(ILogger, string?, params object?[])' (https://learn.microsoft.com/dotnet/fundamentals/code-analysis/quality-rules/ca1848) [/home/runner/work/trading-bot-c-/trading-bot-c-/src/BotCore/BotCore.csproj]
/home/runner/work/trading-bot-c-/trading-bot-c-/src/BotCore/Integration/ComprehensiveTelemetryService.cs(129,13): error CA1848: For improved performance, use the LoggerMessage delegates instead of calling 'LoggerExtensions.LogWarning(ILogger, Exception?, string?, params object?[])' (https://learn.microsoft.com/dotnet/fundamentals/code-analysis/quality-rules/ca1848) [/home/runner/work/trading-bot-c-/trading-bot-c-/src/BotCore/BotCore.csproj]
/home/runner/work/trading-bot-c-/trading-bot-c-/src/BotCore/Integration/ComprehensiveTelemetryService.cs(133,13): error CA1848: For improved performance, use the LoggerMessage delegates instead of calling 'LoggerExtensions.LogWarning(ILogger, Exception?, string?, params object?[])' (https://learn.microsoft.com/dotnet/fundamentals/code-analysis/quality-rules/ca1848) [/home/runner/work/trading-bot-c-/trading-bot-c-/src/BotCore/BotCore.csproj]
/home/runner/work/trading-bot-c-/trading-bot-c-/src/BotCore/Integration/ComprehensiveTelemetryService.cs(158,13): error CA1848: For improved performance, use the LoggerMessage delegates instead of calling 'LoggerExtensions.LogTrace(ILogger, string?, params object?[])' (https://learn.microsoft.com/dotnet/fundamentals/code-analysis/quality-rules/ca1848) [/home/runner/work/trading-bot-c-/trading-bot-c-/src/BotCore/BotCore.csproj]
/home/runner/work/trading-bot-c-/trading-bot-c-/src/BotCore/Integration/ComprehensiveTelemetryService.cs(163,13): error CA1848: For improved performance, use the LoggerMessage delegates instead of calling 'LoggerExtensions.LogWarning(ILogger, Exception?, string?, params object?[])' (https://learn.microsoft.com/dotnet/fundamentals/code-analysis/quality-rules/ca1848) [/home/runner/work/trading-bot-c-/trading-bot-c-/src/BotCore/BotCore.csproj]
/home/runner/work/trading-bot-c-/trading-bot-c-/src/BotCore/Integration/ComprehensiveTelemetryService.cs(167,13): error CA1848: For improved performance, use the LoggerMessage delegates instead of calling 'LoggerExtensions.LogWarning(ILogger, Exception?, string?, params object?[])' (https://learn.microsoft.com/dotnet/fundamentals/code-analysis/quality-rules/ca1848) [/home/runner/work/trading-bot-c-/trading-bot-c-/src/BotCore/BotCore.csproj]
/home/runner/work/trading-bot-c-/trading-bot-c-/src/BotCore/Integration/ComprehensiveTelemetryService.cs(191,13): error CA1848: For improved performance, use the LoggerMessage delegates instead of calling 'LoggerExtensions.LogDebug(ILogger, string?, params object?[])' (https://learn.microsoft.com/dotnet/fundamentals/code-analysis/quality-rules/ca1848) [/home/runner/work/trading-bot-c-/trading-bot-c-/src/BotCore/BotCore.csproj]
/home/runner/work/trading-bot-c-/trading-bot-c-/src/BotCore/Integration/ComprehensiveTelemetryService.cs(196,13): error CA1848: For improved performance, use the LoggerMessage delegates instead of calling 'LoggerExtensions.LogWarning(ILogger, Exception?, string?, params object?[])' (https://learn.microsoft.com/dotnet/fundamentals/code-analysis/quality-rules/ca1848) [/home/runner/work/trading-bot-c-/trading-bot-c-/src/BotCore/BotCore.csproj]
/home/runner/work/trading-bot-c-/trading-bot-c-/src/BotCore/Integration/ComprehensiveTelemetryService.cs(200,13): error CA1848: For improved performance, use the LoggerMessage delegates instead of calling 'LoggerExtensions.LogWarning(ILogger, Exception?, string?, params object?[])' (https://learn.microsoft.com/dotnet/fundamentals/code-analysis/quality-rules/ca1848) [/home/runner/work/trading-bot-c-/trading-bot-c-/src/BotCore/BotCore.csproj]
/home/runner/work/trading-bot-c-/trading-bot-c-/src/BotCore/Integration/AtomicStatePersistence.cs(64,9): error CA1848: For improved performance, use the LoggerMessage delegates instead of calling 'LoggerExtensions.LogInformation(ILogger, string?, params object?[])' (https://learn.microsoft.com/dotnet/fundamentals/code-analysis/quality-rules/ca1848) [/home/runner/work/trading-bot-c-/trading-bot-c-/src/BotCore/BotCore.csproj]
/home/runner/work/trading-bot-c-/trading-bot-c-/src/BotCore/Integration/AtomicStatePersistence.cs(86,17): error CA1848: For improved performance, use the LoggerMessage delegates instead of calling 'LoggerExtensions.LogDebug(ILogger, string?, params object?[])' (https://learn.microsoft.com/dotnet/fundamentals/code-analysis/quality-rules/ca1848) [/home/runner/work/trading-bot-c-/trading-bot-c-/src/BotCore/BotCore.csproj]
/home/runner/work/trading-bot-c-/trading-bot-c-/src/BotCore/Integration/ComprehensiveTelemetryService.cs(231,13): error CA1848: For improved performance, use the LoggerMessage delegates instead of calling 'LoggerExtensions.LogWarning(ILogger, string?, params object?[])' (https://learn.microsoft.com/dotnet/fundamentals/code-analysis/quality-rules/ca1848) [/home/runner/work/trading-bot-c-/trading-bot-c-/src/BotCore/BotCore.csproj]
/home/runner/work/trading-bot-c-/trading-bot-c-/src/BotCore/Integration/ComprehensiveTelemetryService.cs(235,13): error CA1848: For improved performance, use the LoggerMessage delegates instead of calling 'LoggerExtensions.LogError(ILogger, Exception?, string?, params object?[])' (https://learn.microsoft.com/dotnet/fundamentals/code-analysis/quality-rules/ca1848) [/home/runner/work/trading-bot-c-/trading-bot-c-/src/BotCore/BotCore.csproj]
/home/runner/work/trading-bot-c-/trading-bot-c-/src/BotCore/Integration/ComprehensiveTelemetryService.cs(239,13): error CA1848: For improved performance, use the LoggerMessage delegates instead of calling 'LoggerExtensions.LogError(ILogger, Exception?, string?, params object?[])' (https://learn.microsoft.com/dotnet/fundamentals/code-analysis/quality-rules/ca1848) [/home/runner/work/trading-bot-c-/trading-bot-c-/src/BotCore/BotCore.csproj]
/home/runner/work/trading-bot-c-/trading-bot-c-/src/BotCore/Integration/ComprehensiveTelemetryService.cs(303,19): error CA1024: Use properties where appropriate (https://learn.microsoft.com/dotnet/fundamentals/code-analysis/quality-rules/ca1024) [/home/runner/work/trading-bot-c-/trading-bot-c-/src/BotCore/BotCore.csproj]
/home/runner/work/trading-bot-c-/trading-bot-c-/src/BotCore/Integration/ComprehensiveTelemetryService.cs(287,13): error CA1848: For improved performance, use the LoggerMessage delegates instead of calling 'LoggerExtensions.LogTrace(ILogger, string?, params object?[])' (https://learn.microsoft.com/dotnet/fundamentals/code-analysis/quality-rules/ca1848) [/home/runner/work/trading-bot-c-/trading-bot-c-/src/BotCore/BotCore.csproj]
/home/runner/work/trading-bot-c-/trading-bot-c-/src/BotCore/Integration/ComprehensiveTelemetryService.cs(292,13): error CA1848: For improved performance, use the LoggerMessage delegates instead of calling 'LoggerExtensions.LogWarning(ILogger, Exception?, string?, params object?[])' (https://learn.microsoft.com/dotnet/fundamentals/code-analysis/quality-rules/ca1848) [/home/runner/work/trading-bot-c-/trading-bot-c-/src/BotCore/BotCore.csproj]
/home/runner/work/trading-bot-c-/trading-bot-c-/src/BotCore/Integration/ComprehensiveTelemetryService.cs(296,13): error CA1848: For improved performance, use the LoggerMessage delegates instead of calling 'LoggerExtensions.LogWarning(ILogger, Exception?, string?, params object?[])' (https://learn.microsoft.com/dotnet/fundamentals/code-analysis/quality-rules/ca1848) [/home/runner/work/trading-bot-c-/trading-bot-c-/src/BotCore/BotCore.csproj]
/home/runner/work/trading-bot-c-/trading-bot-c-/src/BotCore/Integration/ComprehensiveTelemetryService.cs(311,39): error CA1024: Use properties where appropriate (https://learn.microsoft.com/dotnet/fundamentals/code-analysis/quality-rules/ca1024) [/home/runner/work/trading-bot-c-/trading-bot-c-/src/BotCore/BotCore.csproj]
/home/runner/work/trading-bot-c-/trading-bot-c-/src/BotCore/Integration/ComprehensiveTelemetryService.cs(325,9): error CA1848: For improved performance, use the LoggerMessage delegates instead of calling 'LoggerExtensions.LogInformation(ILogger, string?, params object?[])' (https://learn.microsoft.com/dotnet/fundamentals/code-analysis/quality-rules/ca1848) [/home/runner/work/trading-bot-c-/trading-bot-c-/src/BotCore/BotCore.csproj]
/home/runner/work/trading-bot-c-/trading-bot-c-/src/BotCore/Integration/AtomicStatePersistence.cs(110,13): error CA1848: For improved performance, use the LoggerMessage delegates instead of calling 'LoggerExtensions.LogTrace(ILogger, string?, params object?[])' (https://learn.microsoft.com/dotnet/fundamentals/code-analysis/quality-rules/ca1848) [/home/runner/work/trading-bot-c-/trading-bot-c-/src/BotCore/BotCore.csproj]
/home/runner/work/trading-bot-c-/trading-bot-c-/src/BotCore/Integration/AtomicStatePersistence.cs(114,13): error CA1848: For improved performance, use the LoggerMessage delegates instead of calling 'LoggerExtensions.LogError(ILogger, Exception?, string?, params object?[])' (https://learn.microsoft.com/dotnet/fundamentals/code-analysis/quality-rules/ca1848) [/home/runner/work/trading-bot-c-/trading-bot-c-/src/BotCore/BotCore.csproj]
/home/runner/work/trading-bot-c-/trading-bot-c-/src/BotCore/Integration/AtomicStatePersistence.cs(119,13): error CA1848: For improved performance, use the LoggerMessage delegates instead of calling 'LoggerExtensions.LogError(ILogger, Exception?, string?, params object?[])' (https://learn.microsoft.com/dotnet/fundamentals/code-analysis/quality-rules/ca1848) [/home/runner/work/trading-bot-c-/trading-bot-c-/src/BotCore/BotCore.csproj]
/home/runner/work/trading-bot-c-/trading-bot-c-/src/BotCore/Integration/ComprehensiveTelemetryService.cs(331,35): error CA1024: Use properties where appropriate (https://learn.microsoft.com/dotnet/fundamentals/code-analysis/quality-rules/ca1024) [/home/runner/work/trading-bot-c-/trading-bot-c-/src/BotCore/BotCore.csproj]
/home/runner/work/trading-bot-c-/trading-bot-c-/src/BotCore/Integration/AtomicStatePersistence.cs(140,13): error CA1848: For improved performance, use the LoggerMessage delegates instead of calling 'LoggerExtensions.LogTrace(ILogger, string?, params object?[])' (https://learn.microsoft.com/dotnet/fundamentals/code-analysis/quality-rules/ca1848) [/home/runner/work/trading-bot-c-/trading-bot-c-/src/BotCore/BotCore.csproj]
/home/runner/work/trading-bot-c-/trading-bot-c-/src/BotCore/Integration/AtomicStatePersistence.cs(144,13): error CA1848: For improved performance, use the LoggerMessage delegates instead of calling 'LoggerExtensions.LogError(ILogger, Exception?, string?, params object?[])' (https://learn.microsoft.com/dotnet/fundamentals/code-analysis/quality-rules/ca1848) [/home/runner/work/trading-bot-c-/trading-bot-c-/src/BotCore/BotCore.csproj]
/home/runner/work/trading-bot-c-/trading-bot-c-/src/BotCore/Integration/AtomicStatePersistence.cs(149,13): error CA1848: For improved performance, use the LoggerMessage delegates instead of calling 'LoggerExtensions.LogError(ILogger, Exception?, string?, params object?[])' (https://learn.microsoft.com/dotnet/fundamentals/code-analysis/quality-rules/ca1848) [/home/runner/work/trading-bot-c-/trading-bot-c-/src/BotCore/BotCore.csproj]
/home/runner/work/trading-bot-c-/trading-bot-c-/src/BotCore/Integration/AtomicStatePersistence.cs(170,13): error CA1848: For improved performance, use the LoggerMessage delegates instead of calling 'LoggerExtensions.LogTrace(ILogger, string?, params object?[])' (https://learn.microsoft.com/dotnet/fundamentals/code-analysis/quality-rules/ca1848) [/home/runner/work/trading-bot-c-/trading-bot-c-/src/BotCore/BotCore.csproj]
/home/runner/work/trading-bot-c-/trading-bot-c-/src/BotCore/Integration/AtomicStatePersistence.cs(174,13): error CA1848: For improved performance, use the LoggerMessage delegates instead of calling 'LoggerExtensions.LogError(ILogger, Exception?, string?, params object?[])' (https://learn.microsoft.com/dotnet/fundamentals/code-analysis/quality-rules/ca1848) [/home/runner/work/trading-bot-c-/trading-bot-c-/src/BotCore/BotCore.csproj]
/home/runner/work/trading-bot-c-/trading-bot-c-/src/BotCore/Integration/AtomicStatePersistence.cs(179,13): error CA1848: For improved performance, use the LoggerMessage delegates instead of calling 'LoggerExtensions.LogError(ILogger, Exception?, string?, params object?[])' (https://learn.microsoft.com/dotnet/fundamentals/code-analysis/quality-rules/ca1848) [/home/runner/work/trading-bot-c-/trading-bot-c-/src/BotCore/BotCore.csproj]
/home/runner/work/trading-bot-c-/trading-bot-c-/src/BotCore/Config/EnvConfig.cs(49,13): error CA1848: For improved performance, use the LoggerMessage delegates instead of calling 'LoggerExtensions.LogDebug(ILogger, string?, params object?[])' (https://learn.microsoft.com/dotnet/fundamentals/code-analysis/quality-rules/ca1848) [/home/runner/work/trading-bot-c-/trading-bot-c-/src/BotCore/BotCore.csproj]
/home/runner/work/trading-bot-c-/trading-bot-c-/src/BotCore/Config/EsNqTradingSchedule.cs(289,33): error S3267: Loop should be simplified by calling Select(kvp => kvp.Value)) (https://rules.sonarsource.com/csharp/RSPEC-3267) [/home/runner/work/trading-bot-c-/trading-bot-c-/src/BotCore/BotCore.csproj]
/home/runner/work/trading-bot-c-/trading-bot-c-/src/BotCore/Fusion/FeatureBusAdapter.cs(1068,21): error S1541: The Cyclomatic Complexity of this method is 19 which is greater than 10 authorized. (https://rules.sonarsource.com/csharp/RSPEC-1541) [/home/runner/work/trading-bot-c-/trading-bot-c-/src/BotCore/BotCore.csproj]
/home/runner/work/trading-bot-c-/trading-bot-c-/src/BotCore/Integration/AtomicStatePersistence.cs(203,13): error CA1848: For improved performance, use the LoggerMessage delegates instead of calling 'LoggerExtensions.LogTrace(ILogger, string?, params object?[])' (https://learn.microsoft.com/dotnet/fundamentals/code-analysis/quality-rules/ca1848) [/home/runner/work/trading-bot-c-/trading-bot-c-/src/BotCore/BotCore.csproj]
/home/runner/work/trading-bot-c-/trading-bot-c-/src/BotCore/Integration/AtomicStatePersistence.cs(207,13): error CA1848: For improved performance, use the LoggerMessage delegates instead of calling 'LoggerExtensions.LogError(ILogger, Exception?, string?, params object?[])' (https://learn.microsoft.com/dotnet/fundamentals/code-analysis/quality-rules/ca1848) [/home/runner/work/trading-bot-c-/trading-bot-c-/src/BotCore/BotCore.csproj]
/home/runner/work/trading-bot-c-/trading-bot-c-/src/BotCore/Integration/AtomicStatePersistence.cs(212,13): error CA1848: For improved performance, use the LoggerMessage delegates instead of calling 'LoggerExtensions.LogError(ILogger, Exception?, string?, params object?[])' (https://learn.microsoft.com/dotnet/fundamentals/code-analysis/quality-rules/ca1848) [/home/runner/work/trading-bot-c-/trading-bot-c-/src/BotCore/BotCore.csproj]
/home/runner/work/trading-bot-c-/trading-bot-c-/src/BotCore/Config/EnvConfig.cs(60,33): error S3267: Loops should be simplified using the "Where" LINQ method (https://rules.sonarsource.com/csharp/RSPEC-3267) [/home/runner/work/trading-bot-c-/trading-bot-c-/src/BotCore/BotCore.csproj]
/home/runner/work/trading-bot-c-/trading-bot-c-/src/BotCore/Fusion/FeatureBusAdapter.cs(1068,21): error S138: This method 'GetPatternScoreFromEngine' has 91 lines, which is greater than the 80 lines authorized. Split it into smaller methods. (https://rules.sonarsource.com/csharp/RSPEC-138) [/home/runner/work/trading-bot-c-/trading-bot-c-/src/BotCore/BotCore.csproj]
/home/runner/work/trading-bot-c-/trading-bot-c-/src/BotCore/Config/EnvConfig.cs(86,21): error CA1848: For improved performance, use the LoggerMessage delegates instead of calling 'LoggerExtensions.LogDebug(ILogger, string?, params object?[])' (https://learn.microsoft.com/dotnet/fundamentals/code-analysis/quality-rules/ca1848) [/home/runner/work/trading-bot-c-/trading-bot-c-/src/BotCore/BotCore.csproj]
/home/runner/work/trading-bot-c-/trading-bot-c-/src/BotCore/Config/EnvConfig.cs(90,21): error CA1848: For improved performance, use the LoggerMessage delegates instead of calling 'LoggerExtensions.LogWarning(ILogger, Exception?, string?, params object?[])' (https://learn.microsoft.com/dotnet/fundamentals/code-analysis/quality-rules/ca1848) [/home/runner/work/trading-bot-c-/trading-bot-c-/src/BotCore/BotCore.csproj]
/home/runner/work/trading-bot-c-/trading-bot-c-/src/BotCore/Config/EnvConfig.cs(94,21): error CA1848: For improved performance, use the LoggerMessage delegates instead of calling 'LoggerExtensions.LogWarning(ILogger, Exception?, string?, params object?[])' (https://learn.microsoft.com/dotnet/fundamentals/code-analysis/quality-rules/ca1848) [/home/runner/work/trading-bot-c-/trading-bot-c-/src/BotCore/BotCore.csproj]
/home/runner/work/trading-bot-c-/trading-bot-c-/src/BotCore/Config/EnvConfig.cs(73,46): error CA1307: 'string.IndexOf(char)' has a method overload that takes a 'StringComparison' parameter. Replace this call in 'BotCore.Config.EnvConfig.LoadFromEnvFile()' with a call to 'string.IndexOf(char, System.StringComparison)' for clarity of intent. (https://learn.microsoft.com/dotnet/fundamentals/code-analysis/quality-rules/ca1307) [/home/runner/work/trading-bot-c-/trading-bot-c-/src/BotCore/BotCore.csproj]
/home/runner/work/trading-bot-c-/trading-bot-c-/src/BotCore/Fusion/FeatureBusAdapter.cs(1085,25): error CA1848: For improved performance, use the LoggerMessage delegates instead of calling 'LoggerExtensions.LogTrace(ILogger, string?, params object?[])' (https://learn.microsoft.com/dotnet/fundamentals/code-analysis/quality-rules/ca1848) [/home/runner/work/trading-bot-c-/trading-bot-c-/src/BotCore/BotCore.csproj]
/home/runner/work/trading-bot-c-/trading-bot-c-/src/BotCore/Fusion/FeatureBusAdapter.cs(1116,37): error CA1848: For improved performance, use the LoggerMessage delegates instead of calling 'LoggerExtensions.LogTrace(ILogger, string?, params object?[])' (https://learn.microsoft.com/dotnet/fundamentals/code-analysis/quality-rules/ca1848) [/home/runner/work/trading-bot-c-/trading-bot-c-/src/BotCore/BotCore.csproj]
/home/runner/work/trading-bot-c-/trading-bot-c-/src/BotCore/Fusion/FeatureBusAdapter.cs(1128,37): error CA1848: For improved performance, use the LoggerMessage delegates instead of calling 'LoggerExtensions.LogDebug(ILogger, string?, params object?[])' (https://learn.microsoft.com/dotnet/fundamentals/code-analysis/quality-rules/ca1848) [/home/runner/work/trading-bot-c-/trading-bot-c-/src/BotCore/BotCore.csproj]
/home/runner/work/trading-bot-c-/trading-bot-c-/src/BotCore/Fusion/FeatureBusAdapter.cs(1135,29): error CA1848: For improved performance, use the LoggerMessage delegates instead of calling 'LoggerExtensions.LogWarning(ILogger, Exception?, string?, params object?[])' (https://learn.microsoft.com/dotnet/fundamentals/code-analysis/quality-rules/ca1848) [/home/runner/work/trading-bot-c-/trading-bot-c-/src/BotCore/BotCore.csproj]
/home/runner/work/trading-bot-c-/trading-bot-c-/src/BotCore/Fusion/FeatureBusAdapter.cs(1139,29): error CA1848: For improved performance, use the LoggerMessage delegates instead of calling 'LoggerExtensions.LogWarning(ILogger, Exception?, string?, params object?[])' (https://learn.microsoft.com/dotnet/fundamentals/code-analysis/quality-rules/ca1848) [/home/runner/work/trading-bot-c-/trading-bot-c-/src/BotCore/BotCore.csproj]
/home/runner/work/trading-bot-c-/trading-bot-c-/src/BotCore/Fusion/FeatureBusAdapter.cs(1146,25): error CA1848: For improved performance, use the LoggerMessage delegates instead of calling 'LoggerExtensions.LogTrace(ILogger, string?, params object?[])' (https://learn.microsoft.com/dotnet/fundamentals/code-analysis/quality-rules/ca1848) [/home/runner/work/trading-bot-c-/trading-bot-c-/src/BotCore/BotCore.csproj]
/home/runner/work/trading-bot-c-/trading-bot-c-/src/BotCore/Fusion/FeatureBusAdapter.cs(1151,21): error CA1848: For improved performance, use the LoggerMessage delegates instead of calling 'LoggerExtensions.LogDebug(ILogger, string?, params object?[])' (https://learn.microsoft.com/dotnet/fundamentals/code-analysis/quality-rules/ca1848) [/home/runner/work/trading-bot-c-/trading-bot-c-/src/BotCore/BotCore.csproj]
/home/runner/work/trading-bot-c-/trading-bot-c-/src/BotCore/Fusion/FeatureBusAdapter.cs(1156,21): error CA1848: For improved performance, use the LoggerMessage delegates instead of calling 'LoggerExtensions.LogWarning(ILogger, Exception?, string?, params object?[])' (https://learn.microsoft.com/dotnet/fundamentals/code-analysis/quality-rules/ca1848) [/home/runner/work/trading-bot-c-/trading-bot-c-/src/BotCore/BotCore.csproj]
/home/runner/work/trading-bot-c-/trading-bot-c-/src/BotCore/Fusion/FeatureBusAdapter.cs(1163,21): error CA1848: For improved performance, use the LoggerMessage delegates instead of calling 'LoggerExtensions.LogError(ILogger, string?, params object?[])' (https://learn.microsoft.com/dotnet/fundamentals/code-analysis/quality-rules/ca1848) [/home/runner/work/trading-bot-c-/trading-bot-c-/src/BotCore/BotCore.csproj]
/home/runner/work/trading-bot-c-/trading-bot-c-/src/BotCore/Fusion/FeatureBusAdapter.cs(1170,17): error CA1848: For improved performance, use the LoggerMessage delegates instead of calling 'LoggerExtensions.LogTrace(ILogger, string?, params object?[])' (https://learn.microsoft.com/dotnet/fundamentals/code-analysis/quality-rules/ca1848) [/home/runner/work/trading-bot-c-/trading-bot-c-/src/BotCore/BotCore.csproj]
/home/runner/work/trading-bot-c-/trading-bot-c-/src/BotCore/Fusion/FeatureBusAdapter.cs(1177,13): error CA1848: For improved performance, use the LoggerMessage delegates instead of calling 'LoggerExtensions.LogWarning(ILogger, string?, params object?[])' (https://learn.microsoft.com/dotnet/fundamentals/code-analysis/quality-rules/ca1848) [/home/runner/work/trading-bot-c-/trading-bot-c-/src/BotCore/BotCore.csproj]
/home/runner/work/trading-bot-c-/trading-bot-c-/src/BotCore/Fusion/FeatureBusAdapter.cs(1182,13): error CA1848: For improved performance, use the LoggerMessage delegates instead of calling 'LoggerExtensions.LogError(ILogger, Exception?, string?, params object?[])' (https://learn.microsoft.com/dotnet/fundamentals/code-analysis/quality-rules/ca1848) [/home/runner/work/trading-bot-c-/trading-bot-c-/src/BotCore/BotCore.csproj]
/home/runner/work/trading-bot-c-/trading-bot-c-/src/BotCore/Fusion/FeatureBusAdapter.cs(1198,17): error CA1848: For improved performance, use the LoggerMessage delegates instead of calling 'LoggerExtensions.LogDebug(ILogger, string?, params object?[])' (https://learn.microsoft.com/dotnet/fundamentals/code-analysis/quality-rules/ca1848) [/home/runner/work/trading-bot-c-/trading-bot-c-/src/BotCore/BotCore.csproj]
/home/runner/work/trading-bot-c-/trading-bot-c-/src/BotCore/Fusion/FeatureBusAdapter.cs(1204,21): error CA1848: For improved performance, use the LoggerMessage delegates instead of calling 'LoggerExtensions.LogError(ILogger, string?, params object?[])' (https://learn.microsoft.com/dotnet/fundamentals/code-analysis/quality-rules/ca1848) [/home/runner/work/trading-bot-c-/trading-bot-c-/src/BotCore/BotCore.csproj]
/home/runner/work/trading-bot-c-/trading-bot-c-/src/BotCore/Fusion/FeatureBusAdapter.cs(1218,17): error CA1848: For improved performance, use the LoggerMessage delegates instead of calling 'LoggerExtensions.LogTrace(ILogger, string?, params object?[])' (https://learn.microsoft.com/dotnet/fundamentals/code-analysis/quality-rules/ca1848) [/home/runner/work/trading-bot-c-/trading-bot-c-/src/BotCore/BotCore.csproj]
/home/runner/work/trading-bot-c-/trading-bot-c-/src/BotCore/Fusion/FeatureBusAdapter.cs(1223,13): error CA1848: For improved performance, use the LoggerMessage delegates instead of calling 'LoggerExtensions.LogWarning(ILogger, string?, params object?[])' (https://learn.microsoft.com/dotnet/fundamentals/code-analysis/quality-rules/ca1848) [/home/runner/work/trading-bot-c-/trading-bot-c-/src/BotCore/BotCore.csproj]
/home/runner/work/trading-bot-c-/trading-bot-c-/src/BotCore/Fusion/FeatureBusAdapter.cs(1228,13): error CA1848: For improved performance, use the LoggerMessage delegates instead of calling 'LoggerExtensions.LogError(ILogger, Exception?, string?, params object?[])' (https://learn.microsoft.com/dotnet/fundamentals/code-analysis/quality-rules/ca1848) [/home/runner/work/trading-bot-c-/trading-bot-c-/src/BotCore/BotCore.csproj]
/home/runner/work/trading-bot-c-/trading-bot-c-/src/BotCore/Fusion/FeatureBusAdapter.cs(1226,9): error CA1031: Modify 'GetRegimeFromService' to catch a more specific allowed exception type, or rethrow the exception (https://learn.microsoft.com/dotnet/fundamentals/code-analysis/quality-rules/ca1031) [/home/runner/work/trading-bot-c-/trading-bot-c-/src/BotCore/BotCore.csproj]
/home/runner/work/trading-bot-c-/trading-bot-c-/src/BotCore/Integration/AtomicStatePersistence.cs(271,21): error CA1848: For improved performance, use the LoggerMessage delegates instead of calling 'LoggerExtensions.LogInformation(ILogger, Exception?, string?, params object?[])' (https://learn.microsoft.com/dotnet/fundamentals/code-analysis/quality-rules/ca1848) [/home/runner/work/trading-bot-c-/trading-bot-c-/src/BotCore/BotCore.csproj]
/home/runner/work/trading-bot-c-/trading-bot-c-/src/BotCore/Integration/AtomicStatePersistence.cs(275,21): error CA1848: For improved performance, use the LoggerMessage delegates instead of calling 'LoggerExtensions.LogError(ILogger, Exception?, string?, params object?[])' (https://learn.microsoft.com/dotnet/fundamentals/code-analysis/quality-rules/ca1848) [/home/runner/work/trading-bot-c-/trading-bot-c-/src/BotCore/BotCore.csproj]
/home/runner/work/trading-bot-c-/trading-bot-c-/src/BotCore/Fusion/FeatureBusAdapter.cs(1137,25): error CA1031: Modify 'GetPatternScoreFromEngine' to catch a more specific allowed exception type, or rethrow the exception (https://learn.microsoft.com/dotnet/fundamentals/code-analysis/quality-rules/ca1031) [/home/runner/work/trading-bot-c-/trading-bot-c-/src/BotCore/BotCore.csproj]
/home/runner/work/trading-bot-c-/trading-bot-c-/src/BotCore/Fusion/FeatureBusAdapter.cs(1154,17): error CA1031: Modify 'GetPatternScoreFromEngine' to catch a more specific allowed exception type, or rethrow the exception (https://learn.microsoft.com/dotnet/fundamentals/code-analysis/quality-rules/ca1031) [/home/runner/work/trading-bot-c-/trading-bot-c-/src/BotCore/BotCore.csproj]
/home/runner/work/trading-bot-c-/trading-bot-c-/src/BotCore/Fusion/FeatureBusAdapter.cs(1180,9): error CA1031: Modify 'GetPatternScoreFromEngine' to catch a more specific allowed exception type, or rethrow the exception (https://learn.microsoft.com/dotnet/fundamentals/code-analysis/quality-rules/ca1031) [/home/runner/work/trading-bot-c-/trading-bot-c-/src/BotCore/BotCore.csproj]
/home/runner/work/trading-bot-c-/trading-bot-c-/src/BotCore/Fusion/FeatureBusAdapter.cs(1252,13): error CA1848: For improved performance, use the LoggerMessage delegates instead of calling 'LoggerExtensions.LogError(ILogger, Exception?, string?, params object?[])' (https://learn.microsoft.com/dotnet/fundamentals/code-analysis/quality-rules/ca1848) [/home/runner/work/trading-bot-c-/trading-bot-c-/src/BotCore/BotCore.csproj]
/home/runner/work/trading-bot-c-/trading-bot-c-/src/BotCore/Fusion/FeatureBusAdapter.cs(1250,9): error CA1031: Modify 'GetRecentBarCountFromHistory' to catch a more specific allowed exception type, or rethrow the exception (https://learn.microsoft.com/dotnet/fundamentals/code-analysis/quality-rules/ca1031) [/home/runner/work/trading-bot-c-/trading-bot-c-/src/BotCore/BotCore.csproj]
/home/runner/work/trading-bot-c-/trading-bot-c-/src/BotCore/Config/EnvConfig.cs(231,17): error CA1848: For improved performance, use the LoggerMessage delegates instead of calling 'LoggerExtensions.LogInformation(ILogger, string?, params object?[])' (https://learn.microsoft.com/dotnet/fundamentals/code-analysis/quality-rules/ca1848) [/home/runner/work/trading-bot-c-/trading-bot-c-/src/BotCore/BotCore.csproj]
/home/runner/work/trading-bot-c-/trading-bot-c-/src/BotCore/Config/EnvConfig.cs(241,17): error CA1848: For improved performance, use the LoggerMessage delegates instead of calling 'LoggerExtensions.LogInformation(ILogger, string?, params object?[])' (https://learn.microsoft.com/dotnet/fundamentals/code-analysis/quality-rules/ca1848) [/home/runner/work/trading-bot-c-/trading-bot-c-/src/BotCore/BotCore.csproj]
/home/runner/work/trading-bot-c-/trading-bot-c-/src/BotCore/Config/EnvConfig.cs(249,13): error CA1848: For improved performance, use the LoggerMessage delegates instead of calling 'LoggerExtensions.LogError(ILogger, Exception?, string?, params object?[])' (https://learn.microsoft.com/dotnet/fundamentals/code-analysis/quality-rules/ca1848) [/home/runner/work/trading-bot-c-/trading-bot-c-/src/BotCore/BotCore.csproj]
/home/runner/work/trading-bot-c-/trading-bot-c-/src/BotCore/Config/EnvConfig.cs(254,13): error CA1848: For improved performance, use the LoggerMessage delegates instead of calling 'LoggerExtensions.LogError(ILogger, Exception?, string?, params object?[])' (https://learn.microsoft.com/dotnet/fundamentals/code-analysis/quality-rules/ca1848) [/home/runner/work/trading-bot-c-/trading-bot-c-/src/BotCore/BotCore.csproj]
/home/runner/work/trading-bot-c-/trading-bot-c-/src/BotCore/Config/EnvConfig.cs(259,13): error CA1848: For improved performance, use the LoggerMessage delegates instead of calling 'LoggerExtensions.LogError(ILogger, Exception?, string?, params object?[])' (https://learn.microsoft.com/dotnet/fundamentals/code-analysis/quality-rules/ca1848) [/home/runner/work/trading-bot-c-/trading-bot-c-/src/BotCore/BotCore.csproj]
/home/runner/work/trading-bot-c-/trading-bot-c-/src/BotCore/Integration/AtomicStatePersistence.cs(308,17): error CA1848: For improved performance, use the LoggerMessage delegates instead of calling 'LoggerExtensions.LogDebug(ILogger, string?, params object?[])' (https://learn.microsoft.com/dotnet/fundamentals/code-analysis/quality-rules/ca1848) [/home/runner/work/trading-bot-c-/trading-bot-c-/src/BotCore/BotCore.csproj]
/home/runner/work/trading-bot-c-/trading-bot-c-/src/BotCore/Integration/AtomicStatePersistence.cs(315,13): error CA1848: For improved performance, use the LoggerMessage delegates instead of calling 'LoggerExtensions.LogDebug(ILogger, string?, params object?[])' (https://learn.microsoft.com/dotnet/fundamentals/code-analysis/quality-rules/ca1848) [/home/runner/work/trading-bot-c-/trading-bot-c-/src/BotCore/BotCore.csproj]
/home/runner/work/trading-bot-c-/trading-bot-c-/src/BotCore/Integration/AtomicStatePersistence.cs(320,13): error CA1848: For improved performance, use the LoggerMessage delegates instead of calling 'LoggerExtensions.LogError(ILogger, Exception?, string?, params object?[])' (https://learn.microsoft.com/dotnet/fundamentals/code-analysis/quality-rules/ca1848) [/home/runner/work/trading-bot-c-/trading-bot-c-/src/BotCore/BotCore.csproj]
/home/runner/work/trading-bot-c-/trading-bot-c-/src/BotCore/Integration/AtomicStatePersistence.cs(325,13): error CA1848: For improved performance, use the LoggerMessage delegates instead of calling 'LoggerExtensions.LogError(ILogger, Exception?, string?, params object?[])' (https://learn.microsoft.com/dotnet/fundamentals/code-analysis/quality-rules/ca1848) [/home/runner/work/trading-bot-c-/trading-bot-c-/src/BotCore/BotCore.csproj]
/home/runner/work/trading-bot-c-/trading-bot-c-/src/BotCore/Config/EnvConfig.cs(163,17): error CA1848: For improved performance, use the LoggerMessage delegates instead of calling 'LoggerExtensions.LogWarning(ILogger, string?, params object?[])' (https://learn.microsoft.com/dotnet/fundamentals/code-analysis/quality-rules/ca1848) [/home/runner/work/trading-bot-c-/trading-bot-c-/src/BotCore/BotCore.csproj]
/home/runner/work/trading-bot-c-/trading-bot-c-/src/BotCore/Config/EnvConfig.cs(171,17): error CA1848: For improved performance, use the LoggerMessage delegates instead of calling 'LoggerExtensions.LogInformation(ILogger, string?, params object?[])' (https://learn.microsoft.com/dotnet/fundamentals/code-analysis/quality-rules/ca1848) [/home/runner/work/trading-bot-c-/trading-bot-c-/src/BotCore/BotCore.csproj]
/home/runner/work/trading-bot-c-/trading-bot-c-/src/BotCore/Config/EnvConfig.cs(179,17): error CA1848: For improved performance, use the LoggerMessage delegates instead of calling 'LoggerExtensions.LogWarning(ILogger, string?, params object?[])' (https://learn.microsoft.com/dotnet/fundamentals/code-analysis/quality-rules/ca1848) [/home/runner/work/trading-bot-c-/trading-bot-c-/src/BotCore/BotCore.csproj]
/home/runner/work/trading-bot-c-/trading-bot-c-/src/BotCore/Config/EnvConfig.cs(195,17): error CA1848: For improved performance, use the LoggerMessage delegates instead of calling 'LoggerExtensions.LogError(ILogger, string?, params object?[])' (https://learn.microsoft.com/dotnet/fundamentals/code-analysis/quality-rules/ca1848) [/home/runner/work/trading-bot-c-/trading-bot-c-/src/BotCore/BotCore.csproj]
/home/runner/work/trading-bot-c-/trading-bot-c-/src/BotCore/Config/EnvConfig.cs(201,13): error CA1848: For improved performance, use the LoggerMessage delegates instead of calling 'LoggerExtensions.LogInformation(ILogger, string?, params object?[])' (https://learn.microsoft.com/dotnet/fundamentals/code-analysis/quality-rules/ca1848) [/home/runner/work/trading-bot-c-/trading-bot-c-/src/BotCore/BotCore.csproj]
/home/runner/work/trading-bot-c-/trading-bot-c-/src/BotCore/Config/EnvConfig.cs(206,13): error CA1848: For improved performance, use the LoggerMessage delegates instead of calling 'LoggerExtensions.LogError(ILogger, Exception?, string?, params object?[])' (https://learn.microsoft.com/dotnet/fundamentals/code-analysis/quality-rules/ca1848) [/home/runner/work/trading-bot-c-/trading-bot-c-/src/BotCore/BotCore.csproj]
/home/runner/work/trading-bot-c-/trading-bot-c-/src/BotCore/Config/EnvConfig.cs(211,13): error CA1848: For improved performance, use the LoggerMessage delegates instead of calling 'LoggerExtensions.LogError(ILogger, Exception?, string?, params object?[])' (https://learn.microsoft.com/dotnet/fundamentals/code-analysis/quality-rules/ca1848) [/home/runner/work/trading-bot-c-/trading-bot-c-/src/BotCore/BotCore.csproj]
/home/runner/work/trading-bot-c-/trading-bot-c-/src/BotCore/Config/EnvConfig.cs(216,13): error CA1848: For improved performance, use the LoggerMessage delegates instead of calling 'LoggerExtensions.LogError(ILogger, Exception?, string?, params object?[])' (https://learn.microsoft.com/dotnet/fundamentals/code-analysis/quality-rules/ca1848) [/home/runner/work/trading-bot-c-/trading-bot-c-/src/BotCore/BotCore.csproj]
/home/runner/work/trading-bot-c-/trading-bot-c-/src/BotCore/Integration/AtomicStatePersistence.cs(341,17): error CA1848: For improved performance, use the LoggerMessage delegates instead of calling 'LoggerExtensions.LogDebug(ILogger, string?, params object?[])' (https://learn.microsoft.com/dotnet/fundamentals/code-analysis/quality-rules/ca1848) [/home/runner/work/trading-bot-c-/trading-bot-c-/src/BotCore/BotCore.csproj]
/home/runner/work/trading-bot-c-/trading-bot-c-/src/BotCore/Integration/AtomicStatePersistence.cs(348,13): error CA1848: For improved performance, use the LoggerMessage delegates instead of calling 'LoggerExtensions.LogDebug(ILogger, string?, params object?[])' (https://learn.microsoft.com/dotnet/fundamentals/code-analysis/quality-rules/ca1848) [/home/runner/work/trading-bot-c-/trading-bot-c-/src/BotCore/BotCore.csproj]
/home/runner/work/trading-bot-c-/trading-bot-c-/src/BotCore/Integration/AtomicStatePersistence.cs(353,13): error CA1848: For improved performance, use the LoggerMessage delegates instead of calling 'LoggerExtensions.LogError(ILogger, Exception?, string?, params object?[])' (https://learn.microsoft.com/dotnet/fundamentals/code-analysis/quality-rules/ca1848) [/home/runner/work/trading-bot-c-/trading-bot-c-/src/BotCore/BotCore.csproj]
/home/runner/work/trading-bot-c-/trading-bot-c-/src/BotCore/Integration/AtomicStatePersistence.cs(358,13): error CA1848: For improved performance, use the LoggerMessage delegates instead of calling 'LoggerExtensions.LogError(ILogger, Exception?, string?, params object?[])' (https://learn.microsoft.com/dotnet/fundamentals/code-analysis/quality-rules/ca1848) [/home/runner/work/trading-bot-c-/trading-bot-c-/src/BotCore/BotCore.csproj]
/home/runner/work/trading-bot-c-/trading-bot-c-/src/BotCore/Config/EnvConfig.cs(317,9): error CA1848: For improved performance, use the LoggerMessage delegates instead of calling 'LoggerExtensions.LogInformation(ILogger, string?, params object?[])' (https://learn.microsoft.com/dotnet/fundamentals/code-analysis/quality-rules/ca1848) [/home/runner/work/trading-bot-c-/trading-bot-c-/src/BotCore/BotCore.csproj]
/home/runner/work/trading-bot-c-/trading-bot-c-/src/BotCore/Fusion/FeatureBusAdapter.cs(1260,21): error S1541: The Cyclomatic Complexity of this method is 20 which is greater than 10 authorized. (https://rules.sonarsource.com/csharp/RSPEC-1541) [/home/runner/work/trading-bot-c-/trading-bot-c-/src/BotCore/BotCore.csproj]
/home/runner/work/trading-bot-c-/trading-bot-c-/src/BotCore/Config/EnvConfig.cs(332,35): error S6605: Collection-specific "Exists" method should be used instead of the "Any" extension. (https://rules.sonarsource.com/csharp/RSPEC-6605) [/home/runner/work/trading-bot-c-/trading-bot-c-/src/BotCore/BotCore.csproj]
/home/runner/work/trading-bot-c-/trading-bot-c-/src/BotCore/Fusion/FeatureBusAdapter.cs(1267,17): error CA1848: For improved performance, use the LoggerMessage delegates instead of calling 'LoggerExtensions.LogWarning(ILogger, string?, params object?[])' (https://learn.microsoft.com/dotnet/fundamentals/code-analysis/quality-rules/ca1848) [/home/runner/work/trading-bot-c-/trading-bot-c-/src/BotCore/BotCore.csproj]
/home/runner/work/trading-bot-c-/trading-bot-c-/src/BotCore/Fusion/FeatureBusAdapter.cs(1274,17): error CA1848: For improved performance, use the LoggerMessage delegates instead of calling 'LoggerExtensions.LogDebug(ILogger, string?, params object?[])' (https://learn.microsoft.com/dotnet/fundamentals/code-analysis/quality-rules/ca1848) [/home/runner/work/trading-bot-c-/trading-bot-c-/src/BotCore/BotCore.csproj]
/home/runner/work/trading-bot-c-/trading-bot-c-/src/BotCore/Fusion/FeatureBusAdapter.cs(1293,13): error CA1848: For improved performance, use the LoggerMessage delegates instead of calling 'LoggerExtensions.LogError(ILogger, Exception?, string?, params object?[])' (https://learn.microsoft.com/dotnet/fundamentals/code-analysis/quality-rules/ca1848) [/home/runner/work/trading-bot-c-/trading-bot-c-/src/BotCore/BotCore.csproj]
/home/runner/work/trading-bot-c-/trading-bot-c-/src/BotCore/Integration/AtomicStatePersistence.cs(374,17): error CA1848: For improved performance, use the LoggerMessage delegates instead of calling 'LoggerExtensions.LogDebug(ILogger, string?, params object?[])' (https://learn.microsoft.com/dotnet/fundamentals/code-analysis/quality-rules/ca1848) [/home/runner/work/trading-bot-c-/trading-bot-c-/src/BotCore/BotCore.csproj]
/home/runner/work/trading-bot-c-/trading-bot-c-/src/BotCore/Integration/AtomicStatePersistence.cs(381,13): error CA1848: For improved performance, use the LoggerMessage delegates instead of calling 'LoggerExtensions.LogDebug(ILogger, string?, params object?[])' (https://learn.microsoft.com/dotnet/fundamentals/code-analysis/quality-rules/ca1848) [/home/runner/work/trading-bot-c-/trading-bot-c-/src/BotCore/BotCore.csproj]
/home/runner/work/trading-bot-c-/trading-bot-c-/src/BotCore/Integration/AtomicStatePersistence.cs(386,13): error CA1848: For improved performance, use the LoggerMessage delegates instead of calling 'LoggerExtensions.LogError(ILogger, Exception?, string?, params object?[])' (https://learn.microsoft.com/dotnet/fundamentals/code-analysis/quality-rules/ca1848) [/home/runner/work/trading-bot-c-/trading-bot-c-/src/BotCore/BotCore.csproj]
/home/runner/work/trading-bot-c-/trading-bot-c-/src/BotCore/Integration/AtomicStatePersistence.cs(391,13): error CA1848: For improved performance, use the LoggerMessage delegates instead of calling 'LoggerExtensions.LogError(ILogger, Exception?, string?, params object?[])' (https://learn.microsoft.com/dotnet/fundamentals/code-analysis/quality-rules/ca1848) [/home/runner/work/trading-bot-c-/trading-bot-c-/src/BotCore/BotCore.csproj]
/home/runner/work/trading-bot-c-/trading-bot-c-/src/BotCore/Fusion/FeatureBusAdapter.cs(1291,9): error CA1031: Modify 'GetS7FeatureFromService' to catch a more specific allowed exception type, or rethrow the exception (https://learn.microsoft.com/dotnet/fundamentals/code-analysis/quality-rules/ca1031) [/home/runner/work/trading-bot-c-/trading-bot-c-/src/BotCore/BotCore.csproj]
/home/runner/work/trading-bot-c-/trading-bot-c-/src/BotCore/Fusion/FeatureBusAdapter.cs(1308,17): error CA1848: For improved performance, use the LoggerMessage delegates instead of calling 'LoggerExtensions.LogWarning(ILogger, string?, params object?[])' (https://learn.microsoft.com/dotnet/fundamentals/code-analysis/quality-rules/ca1848) [/home/runner/work/trading-bot-c-/trading-bot-c-/src/BotCore/BotCore.csproj]
/home/runner/work/trading-bot-c-/trading-bot-c-/src/BotCore/Fusion/FeatureBusAdapter.cs(1315,17): error CA1848: For improved performance, use the LoggerMessage delegates instead of calling 'LoggerExtensions.LogTrace(ILogger, string?, params object?[])' (https://learn.microsoft.com/dotnet/fundamentals/code-analysis/quality-rules/ca1848) [/home/runner/work/trading-bot-c-/trading-bot-c-/src/BotCore/BotCore.csproj]
/home/runner/work/trading-bot-c-/trading-bot-c-/src/BotCore/Fusion/FeatureBusAdapter.cs(1323,13): error CA1848: For improved performance, use the LoggerMessage delegates instead of calling 'LoggerExtensions.LogError(ILogger, Exception?, string?, params object?[])' (https://learn.microsoft.com/dotnet/fundamentals/code-analysis/quality-rules/ca1848) [/home/runner/work/trading-bot-c-/trading-bot-c-/src/BotCore/BotCore.csproj]
/home/runner/work/trading-bot-c-/trading-bot-c-/src/BotCore/Integration/AtomicStatePersistence.cs(494,17): error CA1848: For improved performance, use the LoggerMessage delegates instead of calling 'LoggerExtensions.LogTrace(ILogger, string?, params object?[])' (https://learn.microsoft.com/dotnet/fundamentals/code-analysis/quality-rules/ca1848) [/home/runner/work/trading-bot-c-/trading-bot-c-/src/BotCore/BotCore.csproj]
/home/runner/work/trading-bot-c-/trading-bot-c-/src/BotCore/Integration/AtomicStatePersistence.cs(499,13): error CA1848: For improved performance, use the LoggerMessage delegates instead of calling 'LoggerExtensions.LogWarning(ILogger, Exception?, string?, params object?[])' (https://learn.microsoft.com/dotnet/fundamentals/code-analysis/quality-rules/ca1848) [/home/runner/work/trading-bot-c-/trading-bot-c-/src/BotCore/BotCore.csproj]
/home/runner/work/trading-bot-c-/trading-bot-c-/src/BotCore/Integration/AtomicStatePersistence.cs(503,13): error CA1848: For improved performance, use the LoggerMessage delegates instead of calling 'LoggerExtensions.LogWarning(ILogger, Exception?, string?, params object?[])' (https://learn.microsoft.com/dotnet/fundamentals/code-analysis/quality-rules/ca1848) [/home/runner/work/trading-bot-c-/trading-bot-c-/src/BotCore/BotCore.csproj]
/home/runner/work/trading-bot-c-/trading-bot-c-/src/BotCore/Fusion/FeatureBusAdapter.cs(1321,9): error CA1031: Modify 'GetConfigValue' to catch a more specific allowed exception type, or rethrow the exception (https://learn.microsoft.com/dotnet/fundamentals/code-analysis/quality-rules/ca1031) [/home/runner/work/trading-bot-c-/trading-bot-c-/src/BotCore/BotCore.csproj]
/home/runner/work/trading-bot-c-/trading-bot-c-/src/BotCore/Integration/AtomicStatePersistence.cs(513,9): error CA1848: For improved performance, use the LoggerMessage delegates instead of calling 'LoggerExtensions.LogInformation(ILogger, string?, params object?[])' (https://learn.microsoft.com/dotnet/fundamentals/code-analysis/quality-rules/ca1848) [/home/runner/work/trading-bot-c-/trading-bot-c-/src/BotCore/BotCore.csproj]
/home/runner/work/trading-bot-c-/trading-bot-c-/src/BotCore/Integration/AtomicStatePersistence.cs(522,9): error CA1848: For improved performance, use the LoggerMessage delegates instead of calling 'LoggerExtensions.LogInformation(ILogger, string?, params object?[])' (https://learn.microsoft.com/dotnet/fundamentals/code-analysis/quality-rules/ca1848) [/home/runner/work/trading-bot-c-/trading-bot-c-/src/BotCore/BotCore.csproj]
/home/runner/work/trading-bot-c-/trading-bot-c-/src/BotCore/Fusion/FeatureBusAdapter.cs(364,89): error CA1859: Change type of parameter 'bars' from 'System.Collections.Generic.IReadOnlyList<BotCore.Market.Bar>' to 'System.Collections.Generic.List<BotCore.Market.Bar>' for improved performance (https://learn.microsoft.com/dotnet/fundamentals/code-analysis/quality-rules/ca1859) [/home/runner/work/trading-bot-c-/trading-bot-c-/src/BotCore/BotCore.csproj]
/home/runner/work/trading-bot-c-/trading-bot-c-/src/BotCore/Fusion/FeatureBusAdapter.cs(311,74): error CA1859: Change type of parameter 'bars' from 'System.Collections.Generic.IReadOnlyList<BotCore.Market.Bar>' to 'System.Collections.Generic.List<BotCore.Market.Bar>' for improved performance (https://learn.microsoft.com/dotnet/fundamentals/code-analysis/quality-rules/ca1859) [/home/runner/work/trading-bot-c-/trading-bot-c-/src/BotCore/BotCore.csproj]
/home/runner/work/trading-bot-c-/trading-bot-c-/src/BotCore/Integration/AtomicStatePersistence.cs(451,25): error CA1848: For improved performance, use the LoggerMessage delegates instead of calling 'LoggerExtensions.LogWarning(ILogger, Exception?, string?, params object?[])' (https://learn.microsoft.com/dotnet/fundamentals/code-analysis/quality-rules/ca1848) [/home/runner/work/trading-bot-c-/trading-bot-c-/src/BotCore/BotCore.csproj]
/home/runner/work/trading-bot-c-/trading-bot-c-/src/BotCore/Integration/AtomicStatePersistence.cs(455,25): error CA1848: For improved performance, use the LoggerMessage delegates instead of calling 'LoggerExtensions.LogWarning(ILogger, Exception?, string?, params object?[])' (https://learn.microsoft.com/dotnet/fundamentals/code-analysis/quality-rules/ca1848) [/home/runner/work/trading-bot-c-/trading-bot-c-/src/BotCore/BotCore.csproj]
/home/runner/work/trading-bot-c-/trading-bot-c-/src/BotCore/Integration/AtomicStatePersistence.cs(460,13): error CA1848: For improved performance, use the LoggerMessage delegates instead of calling 'LoggerExtensions.LogInformation(ILogger, string?, params object?[])' (https://learn.microsoft.com/dotnet/fundamentals/code-analysis/quality-rules/ca1848) [/home/runner/work/trading-bot-c-/trading-bot-c-/src/BotCore/BotCore.csproj]
/home/runner/work/trading-bot-c-/trading-bot-c-/src/BotCore/Integration/AtomicStatePersistence.cs(470,13): error CA1848: For improved performance, use the LoggerMessage delegates instead of calling 'LoggerExtensions.LogError(ILogger, Exception?, string?, params object?[])' (https://learn.microsoft.com/dotnet/fundamentals/code-analysis/quality-rules/ca1848) [/home/runner/work/trading-bot-c-/trading-bot-c-/src/BotCore/BotCore.csproj]
/home/runner/work/trading-bot-c-/trading-bot-c-/src/BotCore/Integration/AtomicStatePersistence.cs(475,13): error CA1848: For improved performance, use the LoggerMessage delegates instead of calling 'LoggerExtensions.LogError(ILogger, Exception?, string?, params object?[])' (https://learn.microsoft.com/dotnet/fundamentals/code-analysis/quality-rules/ca1848) [/home/runner/work/trading-bot-c-/trading-bot-c-/src/BotCore/BotCore.csproj]
/home/runner/work/trading-bot-c-/trading-bot-c-/src/BotCore/Services/TradingBotTuningRunner.cs(781,29): error CA1812: 'TradingBotTuningRunner.BarData' is an internal class that is apparently never instantiated. If so, remove the code from the assembly. If this class is intended to contain only static members, make it 'static' (Module in Visual Basic). (https://learn.microsoft.com/dotnet/fundamentals/code-analysis/quality-rules/ca1812) [/home/runner/work/trading-bot-c-/trading-bot-c-/src/BotCore/BotCore.csproj]
/home/runner/work/trading-bot-c-/trading-bot-c-/src/BotCore/Services/TradingBotTuningRunner.cs(773,29): error CA1812: 'TradingBotTuningRunner.HistoryBarsResponse' is an internal class that is apparently never instantiated. If so, remove the code from the assembly. If this class is intended to contain only static members, make it 'static' (Module in Visual Basic). (https://learn.microsoft.com/dotnet/fundamentals/code-analysis/quality-rules/ca1812) [/home/runner/work/trading-bot-c-/trading-bot-c-/src/BotCore/BotCore.csproj]

Build FAILED.

/home/runner/work/trading-bot-c-/trading-bot-c-/src/BotCore/Services/ProductionOrderEvidenceService.cs(61,50): error CS0019: Operator '??' cannot be applied to operands of type 'decimal' and 'int' [/home/runner/work/trading-bot-c-/trading-bot-c-/src/BotCore/BotCore.csproj]
/home/runner/work/trading-bot-c-/trading-bot-c-/src/BotCore/Services/ProductionOrderEvidenceService.cs(61,76): error CS0019: Operator '??' cannot be applied to operands of type 'int' and 'int' [/home/runner/work/trading-bot-c-/trading-bot-c-/src/BotCore/BotCore.csproj]
/home/runner/work/trading-bot-c-/trading-bot-c-/src/BotCore/Services/ProductionOrderEvidenceService.cs(83,40): error CS0019: Operator '??' cannot be applied to operands of type 'decimal' and 'int' [/home/runner/work/trading-bot-c-/trading-bot-c-/src/BotCore/BotCore.csproj]
/home/runner/work/trading-bot-c-/trading-bot-c-/src/BotCore/Services/ProductionOrderEvidenceService.cs(84,39): error CS0019: Operator '??' cannot be applied to operands of type 'int' and 'int' [/home/runner/work/trading-bot-c-/trading-bot-c-/src/BotCore/BotCore.csproj]
/home/runner/work/trading-bot-c-/trading-bot-c-/src/BotCore/Brain/UnifiedTradingBrain.cs(1,1): error S104: This file has 3163 lines, which is greater than 1000 authorized. Split it into smaller files. (https://rules.sonarsource.com/csharp/RSPEC-104) [/home/runner/work/trading-bot-c-/trading-bot-c-/src/BotCore/BotCore.csproj]
/home/runner/work/trading-bot-c-/trading-bot-c-/src/BotCore/CriticalSystemComponents.cs(1,1): error S104: This file has 1706 lines, which is greater than 1000 authorized. Split it into smaller files. (https://rules.sonarsource.com/csharp/RSPEC-104) [/home/runner/work/trading-bot-c-/trading-bot-c-/src/BotCore/BotCore.csproj]
/home/runner/work/trading-bot-c-/trading-bot-c-/src/BotCore/ML/OnnxModelLoader.cs(1,1): error S104: This file has 1393 lines, which is greater than 1000 authorized. Split it into smaller files. (https://rules.sonarsource.com/csharp/RSPEC-104) [/home/runner/work/trading-bot-c-/trading-bot-c-/src/BotCore/BotCore.csproj]
/home/runner/work/trading-bot-c-/trading-bot-c-/src/BotCore/Services/AutonomousDecisionEngine.cs(1,1): error S104: This file has 1392 lines, which is greater than 1000 authorized. Split it into smaller files. (https://rules.sonarsource.com/csharp/RSPEC-104) [/home/runner/work/trading-bot-c-/trading-bot-c-/src/BotCore/BotCore.csproj]
/home/runner/work/trading-bot-c-/trading-bot-c-/src/BotCore/Services/MasterDecisionOrchestrator.cs(1,1): error S104: This file has 1485 lines, which is greater than 1000 authorized. Split it into smaller files. (https://rules.sonarsource.com/csharp/RSPEC-104) [/home/runner/work/trading-bot-c-/trading-bot-c-/src/BotCore/BotCore.csproj]
/home/runner/work/trading-bot-c-/trading-bot-c-/src/BotCore/Services/OrderExecutionService.cs(1,1): error S104: This file has 1054 lines, which is greater than 1000 authorized. Split it into smaller files. (https://rules.sonarsource.com/csharp/RSPEC-104) [/home/runner/work/trading-bot-c-/trading-bot-c-/src/BotCore/BotCore.csproj]
/home/runner/work/trading-bot-c-/trading-bot-c-/src/BotCore/Services/TradingSystemIntegrationService.cs(1,1): error S104: This file has 1458 lines, which is greater than 1000 authorized. Split it into smaller files. (https://rules.sonarsource.com/csharp/RSPEC-104) [/home/runner/work/trading-bot-c-/trading-bot-c-/src/BotCore/BotCore.csproj]
/home/runner/work/trading-bot-c-/trading-bot-c-/src/BotCore/Services/UnifiedPositionManagementService.cs(1,1): error S104: This file has 2044 lines, which is greater than 1000 authorized. Split it into smaller files. (https://rules.sonarsource.com/csharp/RSPEC-104) [/home/runner/work/trading-bot-c-/trading-bot-c-/src/BotCore/BotCore.csproj]
/home/runner/work/trading-bot-c-/trading-bot-c-/src/BotCore/Strategy/AllStrategies.cs(1,1): error S104: This file has 1012 lines, which is greater than 1000 authorized. Split it into smaller files. (https://rules.sonarsource.com/csharp/RSPEC-104) [/home/runner/work/trading-bot-c-/trading-bot-c-/src/BotCore/BotCore.csproj]
/home/runner/work/trading-bot-c-/trading-bot-c-/src/BotCore/Strategy/S3Strategy.cs(1,1): error S104: This file has 1030 lines, which is greater than 1000 authorized. Split it into smaller files. (https://rules.sonarsource.com/csharp/RSPEC-104) [/home/runner/work/trading-bot-c-/trading-bot-c-/src/BotCore/BotCore.csproj]
/home/runner/work/trading-bot-c-/trading-bot-c-/src/BotCore/ApiClient.cs(45,30): error CA1034: Do not nest type ContractDto. Alternatively, change its accessibility so that it is not externally visible. (https://learn.microsoft.com/dotnet/fundamentals/code-analysis/quality-rules/ca1034) [/home/runner/work/trading-bot-c-/trading-bot-c-/src/BotCore/BotCore.csproj]
/home/runner/work/trading-bot-c-/trading-bot-c-/src/BotCore/ApiClient.cs(46,30): error CA1034: Do not nest type AvailableResp. Alternatively, change its accessibility so that it is not externally visible. (https://learn.microsoft.com/dotnet/fundamentals/code-analysis/quality-rules/ca1034) [/home/runner/work/trading-bot-c-/trading-bot-c-/src/BotCore/BotCore.csproj]
/home/runner/work/trading-bot-c-/trading-bot-c-/src/BotCore/ApiClient.cs(136,30): error CA1034: Do not nest type SearchResp. Alternatively, change its accessibility so that it is not externally visible. (https://learn.microsoft.com/dotnet/fundamentals/code-analysis/quality-rules/ca1034) [/home/runner/work/trading-bot-c-/trading-bot-c-/src/BotCore/BotCore.csproj]
/home/runner/work/trading-bot-c-/trading-bot-c-/src/BotCore/Services/TradingSystemIntegrationService.cs(860,24): error S3241: Change return type to 'void'; not a single caller uses the returned value. (https://rules.sonarsource.com/csharp/RSPEC-3241) [/home/runner/work/trading-bot-c-/trading-bot-c-/src/BotCore/BotCore.csproj]
/home/runner/work/trading-bot-c-/trading-bot-c-/src/BotCore/Services/TradingSystemIntegrationService.cs(134,22): error CA1034: Do not nest type TradingSystemConfiguration. Alternatively, change its accessibility so that it is not externally visible. (https://learn.microsoft.com/dotnet/fundamentals/code-analysis/quality-rules/ca1034) [/home/runner/work/trading-bot-c-/trading-bot-c-/src/BotCore/BotCore.csproj]
/home/runner/work/trading-bot-c-/trading-bot-c-/src/BotCore/Services/TradingSystemIntegrationService.cs(142,27): error CA1056: Change the type of property 'TradingSystemIntegrationService.TradingSystemConfiguration.UserHubUrl' from 'string' to 'System.Uri' (https://learn.microsoft.com/dotnet/fundamentals/code-analysis/quality-rules/ca1056) [/home/runner/work/trading-bot-c-/trading-bot-c-/src/BotCore/BotCore.csproj]
/home/runner/work/trading-bot-c-/trading-bot-c-/src/BotCore/Services/TradingSystemIntegrationService.cs(141,27): error CA1056: Change the type of property 'TradingSystemIntegrationService.TradingSystemConfiguration.TopstepXApiBaseUrl' from 'string' to 'System.Uri' (https://learn.microsoft.com/dotnet/fundamentals/code-analysis/quality-rules/ca1056) [/home/runner/work/trading-bot-c-/trading-bot-c-/src/BotCore/BotCore.csproj]
/home/runner/work/trading-bot-c-/trading-bot-c-/src/BotCore/Services/TradingSystemIntegrationService.cs(143,27): error CA1056: Change the type of property 'TradingSystemIntegrationService.TradingSystemConfiguration.MarketHubUrl' from 'string' to 'System.Uri' (https://learn.microsoft.com/dotnet/fundamentals/code-analysis/quality-rules/ca1056) [/home/runner/work/trading-bot-c-/trading-bot-c-/src/BotCore/BotCore.csproj]
/home/runner/work/trading-bot-c-/trading-bot-c-/src/BotCore/Services/TradingSystemIntegrationService.cs(170,22): error CA1034: Do not nest type PlaceOrderRequest. Alternatively, change its accessibility so that it is not externally visible. (https://learn.microsoft.com/dotnet/fundamentals/code-analysis/quality-rules/ca1034) [/home/runner/work/trading-bot-c-/trading-bot-c-/src/BotCore/BotCore.csproj]
/home/runner/work/trading-bot-c-/trading-bot-c-/src/BotCore/Services/IntegritySigningService.cs(415,21): error S2953: Either implement 'IDisposable.Dispose', or totally rename this method to prevent confusion. (https://rules.sonarsource.com/csharp/RSPEC-2953) [/home/runner/work/trading-bot-c-/trading-bot-c-/src/BotCore/BotCore.csproj]
/home/runner/work/trading-bot-c-/trading-bot-c-/src/BotCore/Bandits/LinUcbBandit.cs(188,25): error CA1814: _AInverse is a multidimensional array. Replace it with a jagged array if possible. (https://learn.microsoft.com/dotnet/fundamentals/code-analysis/quality-rules/ca1814) [/home/runner/work/trading-bot-c-/trading-bot-c-/src/BotCore/BotCore.csproj]
/home/runner/work/trading-bot-c-/trading-bot-c-/src/BotCore/Bandits/LinUcbBandit.cs(186,33): error CA1814: _A is a multidimensional array. Replace it with a jagged array if possible. (https://learn.microsoft.com/dotnet/fundamentals/code-analysis/quality-rules/ca1814) [/home/runner/work/trading-bot-c-/trading-bot-c-/src/BotCore/BotCore.csproj]
/home/runner/work/trading-bot-c-/trading-bot-c-/src/BotCore/Strategy/AllStrategies.cs(57,48): error S4136: All 'generate_candidates' method overloads should be adjacent. (https://rules.sonarsource.com/csharp/RSPEC-4136) [/home/runner/work/trading-bot-c-/trading-bot-c-/src/BotCore/BotCore.csproj]
/home/runner/work/trading-bot-c-/trading-bot-c-/src/BotCore/BarAggregator.cs(159,24): error S3241: Change return type to 'void'; not a single caller uses the returned value. (https://rules.sonarsource.com/csharp/RSPEC-3241) [/home/runner/work/trading-bot-c-/trading-bot-c-/src/BotCore/BotCore.csproj]
/home/runner/work/trading-bot-c-/trading-bot-c-/src/BotCore/BarAggregator.cs(21,35): error CA1003: Change the event 'OnBar' to replace the type 'System.Action<BotCore.Models.Bar>?' with a generic EventHandler, for example EventHandler<T>, where T is a valid EventArgs (https://learn.microsoft.com/dotnet/fundamentals/code-analysis/quality-rules/ca1003) [/home/runner/work/trading-bot-c-/trading-bot-c-/src/BotCore/BotCore.csproj]
/home/runner/work/trading-bot-c-/trading-bot-c-/src/BotCore/BarAggregatorV2.cs(27,60): error CA1003: Change the event 'BarClosed' to replace the type 'System.Action<string, string, BotCore.FootprintBar>?' with a generic EventHandler, for example EventHandler<T>, where T is a valid EventArgs (https://learn.microsoft.com/dotnet/fundamentals/code-analysis/quality-rules/ca1003) [/home/runner/work/trading-bot-c-/trading-bot-c-/src/BotCore/BotCore.csproj]
/home/runner/work/trading-bot-c-/trading-bot-c-/src/BotCore/ML/UCBManager.cs(19,53): error S1075: Refactor your code not to use hardcoded absolute paths or URIs. (https://rules.sonarsource.com/csharp/RSPEC-1075) [/home/runner/work/trading-bot-c-/trading-bot-c-/src/BotCore/BotCore.csproj]
/home/runner/work/trading-bot-c-/trading-bot-c-/src/BotCore/Models/Candidate.cs(8,23): error CA1707: Remove the underscores from member name BotCore.Models.Candidate.strategy_id (https://learn.microsoft.com/dotnet/fundamentals/code-analysis/quality-rules/ca1707) [/home/runner/work/trading-bot-c-/trading-bot-c-/src/BotCore/BotCore.csproj]
/home/runner/work/trading-bot-c-/trading-bot-c-/src/BotCore/Models/Candidate.cs(16,21): error CA1707: Remove the underscores from member name BotCore.Models.Candidate.atr_ok (https://learn.microsoft.com/dotnet/fundamentals/code-analysis/quality-rules/ca1707) [/home/runner/work/trading-bot-c-/trading-bot-c-/src/BotCore/BotCore.csproj]
/home/runner/work/trading-bot-c-/trading-bot-c-/src/BotCore/Models/Candidate.cs(17,25): error CA1707: Remove the underscores from member name BotCore.Models.Candidate.vol_z (https://learn.microsoft.com/dotnet/fundamentals/code-analysis/quality-rules/ca1707) [/home/runner/work/trading-bot-c-/trading-bot-c-/src/BotCore/BotCore.csproj]
/home/runner/work/trading-bot-c-/trading-bot-c-/src/BotCore/Models/MarketSnapshot.cs(13,21): error CA1707: Remove the underscores from member name BotCore.Models.MarketSnapshot.Ema9Over21_5m (https://learn.microsoft.com/dotnet/fundamentals/code-analysis/quality-rules/ca1707) [/home/runner/work/trading-bot-c-/trading-bot-c-/src/BotCore/BotCore.csproj]
/home/runner/work/trading-bot-c-/trading-bot-c-/src/BotCore/Infrastructure/HttpClientConfiguration.cs(161,29): error CA1034: Do not nest type TokenResponse. Alternatively, change its accessibility so that it is not externally visible. (https://learn.microsoft.com/dotnet/fundamentals/code-analysis/quality-rules/ca1034) [/home/runner/work/trading-bot-c-/trading-bot-c-/src/BotCore/BotCore.csproj]
/home/runner/work/trading-bot-c-/trading-bot-c-/src/BotCore/ModelUpdaterService.cs(456,22): error CA1034: Do not nest type ModelManifest. Alternatively, change its accessibility so that it is not externally visible. (https://learn.microsoft.com/dotnet/fundamentals/code-analysis/quality-rules/ca1034) [/home/runner/work/trading-bot-c-/trading-bot-c-/src/BotCore/BotCore.csproj]
/home/runner/work/trading-bot-c-/trading-bot-c-/src/BotCore/ModelUpdaterService.cs(463,22): error CA1034: Do not nest type ModelInfo. Alternatively, change its accessibility so that it is not externally visible. (https://learn.microsoft.com/dotnet/fundamentals/code-analysis/quality-rules/ca1034) [/home/runner/work/trading-bot-c-/trading-bot-c-/src/BotCore/BotCore.csproj]
/home/runner/work/trading-bot-c-/trading-bot-c-/src/BotCore/ModelUpdaterService.cs(465,27): error CA1056: Change the type of property 'ModelUpdaterService.ModelInfo.Url' from 'string' to 'System.Uri' (https://learn.microsoft.com/dotnet/fundamentals/code-analysis/quality-rules/ca1056) [/home/runner/work/trading-bot-c-/trading-bot-c-/src/BotCore/BotCore.csproj]
/home/runner/work/trading-bot-c-/trading-bot-c-/src/BotCore/ModelUpdaterService.cs(28,41): error S1450: Remove the field '_config' and declare it as a local variable in the relevant methods. (https://rules.sonarsource.com/csharp/RSPEC-1450) [/home/runner/work/trading-bot-c-/trading-bot-c-/src/BotCore/BotCore.csproj]
/home/runner/work/trading-bot-c-/trading-bot-c-/src/BotCore/MultiStrategyRlCollector.cs(85,22): error CA1034: Do not nest type ComprehensiveFeatures. Alternatively, change its accessibility so that it is not externally visible. (https://learn.microsoft.com/dotnet/fundamentals/code-analysis/quality-rules/ca1034) [/home/runner/work/trading-bot-c-/trading-bot-c-/src/BotCore/BotCore.csproj]
/home/runner/work/trading-bot-c-/trading-bot-c-/src/BotCore/StrategyDsl/StrategyKnowledgeGraphNew.cs(284,21): error CA1711: Either replace the suffix 'New' in type name StrategyKnowledgeGraphNew with the suggested numeric alternate '2' or provide a more meaningful suffix that distinguishes it from the type it replaces (https://learn.microsoft.com/dotnet/fundamentals/code-analysis/quality-rules/ca1711) [/home/runner/work/trading-bot-c-/trading-bot-c-/src/BotCore/BotCore.csproj]
/home/runner/work/trading-bot-c-/trading-bot-c-/src/BotCore/MultiStrategyRlCollector.cs(195,22): error CA1034: Do not nest type EnhancedTradeOutcome. Alternatively, change its accessibility so that it is not externally visible. (https://learn.microsoft.com/dotnet/fundamentals/code-analysis/quality-rules/ca1034) [/home/runner/work/trading-bot-c-/trading-bot-c-/src/BotCore/BotCore.csproj]
/home/runner/work/trading-bot-c-/trading-bot-c-/src/BotCore/Supervisor/ContractResolver.cs(10,25): error S1118: Add a 'private' constructor or the 'static' keyword to the class declaration. (https://rules.sonarsource.com/csharp/RSPEC-1118) [/home/runner/work/trading-bot-c-/trading-bot-c-/src/BotCore/BotCore.csproj]
/home/runner/work/trading-bot-c-/trading-bot-c-/src/BotCore/Supervisor/StateStore.cs(14,29): error CA1034: Do not nest type Snapshot. Alternatively, change its accessibility so that it is not externally visible. (https://learn.microsoft.com/dotnet/fundamentals/code-analysis/quality-rules/ca1034) [/home/runner/work/trading-bot-c-/trading-bot-c-/src/BotCore/BotCore.csproj]
/home/runner/work/trading-bot-c-/trading-bot-c-/src/BotCore/Objectives/ProfitObjective.cs(13,26): error CA1034: Do not nest type ProfitMetrics. Alternatively, change its accessibility so that it is not externally visible. (https://learn.microsoft.com/dotnet/fundamentals/code-analysis/quality-rules/ca1034) [/home/runner/work/trading-bot-c-/trading-bot-c-/src/BotCore/BotCore.csproj]
/home/runner/work/trading-bot-c-/trading-bot-c-/src/BotCore/Objectives/ProfitObjective.cs(15,26): error CA1034: Do not nest type Weights. Alternatively, change its accessibility so that it is not externally visible. (https://learn.microsoft.com/dotnet/fundamentals/code-analysis/quality-rules/ca1034) [/home/runner/work/trading-bot-c-/trading-bot-c-/src/BotCore/BotCore.csproj]
/home/runner/work/trading-bot-c-/trading-bot-c-/src/BotCore/Supervisor/StrategyDiagnostics.cs(9,30): error CA1034: Do not nest type Check. Alternatively, change its accessibility so that it is not externally visible. (https://learn.microsoft.com/dotnet/fundamentals/code-analysis/quality-rules/ca1034) [/home/runner/work/trading-bot-c-/trading-bot-c-/src/BotCore/BotCore.csproj]
/home/runner/work/trading-bot-c-/trading-bot-c-/src/BotCore/Supervisor/StrategyDiagnostics.cs(10,30): error CA1034: Do not nest type Report. Alternatively, change its accessibility so that it is not externally visible. (https://learn.microsoft.com/dotnet/fundamentals/code-analysis/quality-rules/ca1034) [/home/runner/work/trading-bot-c-/trading-bot-c-/src/BotCore/BotCore.csproj]
/home/runner/work/trading-bot-c-/trading-bot-c-/src/BotCore/TestApp/Program.cs(14,21): error S1118: Add a 'private' constructor or the 'static' keyword to the class declaration. (https://rules.sonarsource.com/csharp/RSPEC-1118) [/home/runner/work/trading-bot-c-/trading-bot-c-/src/BotCore/BotCore.csproj]
/home/runner/work/trading-bot-c-/trading-bot-c-/src/BotCore/TradeLog.cs(19,102): error CA1727: Use PascalCase for named placeholders in the logging message template (https://learn.microsoft.com/dotnet/fundamentals/code-analysis/quality-rules/ca1727) [/home/runner/work/trading-bot-c-/trading-bot-c-/src/BotCore/BotCore.csproj]
/home/runner/work/trading-bot-c-/trading-bot-c-/src/BotCore/TradeLog.cs(23,17): error CA1727: Use PascalCase for named placeholders in the logging message template (https://learn.microsoft.com/dotnet/fundamentals/code-analysis/quality-rules/ca1727) [/home/runner/work/trading-bot-c-/trading-bot-c-/src/BotCore/BotCore.csproj]
/home/runner/work/trading-bot-c-/trading-bot-c-/src/BotCore/TradeLog.cs(10,23): error CA1034: Do not nest type ContractSpec. Alternatively, change its accessibility so that it is not externally visible. (https://learn.microsoft.com/dotnet/fundamentals/code-analysis/quality-rules/ca1034) [/home/runner/work/trading-bot-c-/trading-bot-c-/src/BotCore/BotCore.csproj]
/home/runner/work/trading-bot-c-/trading-bot-c-/src/BotCore/TradeLog.cs(59,17): error CA1727: Use PascalCase for named placeholders in the logging message template (https://learn.microsoft.com/dotnet/fundamentals/code-analysis/quality-rules/ca1727) [/home/runner/work/trading-bot-c-/trading-bot-c-/src/BotCore/BotCore.csproj]
/home/runner/work/trading-bot-c-/trading-bot-c-/src/BotCore/CloudRlTrainerEnhanced.cs(290,22): error CA1034: Do not nest type EnhancedModelManifest. Alternatively, change its accessibility so that it is not externally visible. (https://learn.microsoft.com/dotnet/fundamentals/code-analysis/quality-rules/ca1034) [/home/runner/work/trading-bot-c-/trading-bot-c-/src/BotCore/BotCore.csproj]
/home/runner/work/trading-bot-c-/trading-bot-c-/src/BotCore/CloudRlTrainerEnhanced.cs(24,33): error S1450: Remove the field '_dataDir' and declare it as a local variable in the relevant methods. (https://rules.sonarsource.com/csharp/RSPEC-1450) [/home/runner/work/trading-bot-c-/trading-bot-c-/src/BotCore/BotCore.csproj]
/home/runner/work/trading-bot-c-/trading-bot-c-/src/BotCore/CloudRlTrainerEnhanced.cs(301,22): error CA1034: Do not nest type EnhancedModelInfo. Alternatively, change its accessibility so that it is not externally visible. (https://learn.microsoft.com/dotnet/fundamentals/code-analysis/quality-rules/ca1034) [/home/runner/work/trading-bot-c-/trading-bot-c-/src/BotCore/BotCore.csproj]
/home/runner/work/trading-bot-c-/trading-bot-c-/src/BotCore/CloudRlTrainerEnhanced.cs(303,27): error CA1056: Change the type of property 'CloudRlTrainerEnhanced.EnhancedModelInfo.Url' from 'string' to 'System.Uri' (https://learn.microsoft.com/dotnet/fundamentals/code-analysis/quality-rules/ca1056) [/home/runner/work/trading-bot-c-/trading-bot-c-/src/BotCore/BotCore.csproj]
/home/runner/work/trading-bot-c-/trading-bot-c-/src/BotCore/Market/BarAggregator.cs(15,43): error CA1003: Change the event 'OnBarClosed' to replace the type 'System.Action<string, BotCore.Market.Bar>?' with a generic EventHandler, for example EventHandler<T>, where T is a valid EventArgs (https://learn.microsoft.com/dotnet/fundamentals/code-analysis/quality-rules/ca1003) [/home/runner/work/trading-bot-c-/trading-bot-c-/src/BotCore/BotCore.csproj]
/home/runner/work/trading-bot-c-/trading-bot-c-/src/BotCore/RlTrainingDataCollector.cs(52,22): error CA1034: Do not nest type FeatureSnapshot. Alternatively, change its accessibility so that it is not externally visible. (https://learn.microsoft.com/dotnet/fundamentals/code-analysis/quality-rules/ca1034) [/home/runner/work/trading-bot-c-/trading-bot-c-/src/BotCore/BotCore.csproj]
/home/runner/work/trading-bot-c-/trading-bot-c-/src/BotCore/Market/IEconomicEventManager.cs(36,45): error CA1003: Change the event 'OnHighImpactEventApproaching' to replace the type 'System.EventHandler<BotCore.Market.EconomicEventAlert>?' with a generic EventHandler, for example EventHandler<T>, where T is a valid EventArgs (https://learn.microsoft.com/dotnet/fundamentals/code-analysis/quality-rules/ca1003) [/home/runner/work/trading-bot-c-/trading-bot-c-/src/BotCore/BotCore.csproj]
/home/runner/work/trading-bot-c-/trading-bot-c-/src/BotCore/Market/IEconomicEventManager.cs(41,45): error CA1003: Change the event 'OnTradingRestrictionChanged' to replace the type 'System.EventHandler<BotCore.Market.TradingRestriction>?' with a generic EventHandler, for example EventHandler<T>, where T is a valid EventArgs (https://learn.microsoft.com/dotnet/fundamentals/code-analysis/quality-rules/ca1003) [/home/runner/work/trading-bot-c-/trading-bot-c-/src/BotCore/BotCore.csproj]
/home/runner/work/trading-bot-c-/trading-bot-c-/src/BotCore/RlTrainingDataCollector.cs(97,22): error CA1034: Do not nest type TradeOutcome. Alternatively, change its accessibility so that it is not externally visible. (https://learn.microsoft.com/dotnet/fundamentals/code-analysis/quality-rules/ca1034) [/home/runner/work/trading-bot-c-/trading-bot-c-/src/BotCore/BotCore.csproj]
/home/runner/work/trading-bot-c-/trading-bot-c-/src/BotCore/Configuration/ProductionConfigurationValidation.cs(190,49): error S1075: Refactor your code not to use hardcoded absolute paths or URIs. (https://rules.sonarsource.com/csharp/RSPEC-1075) [/home/runner/work/trading-bot-c-/trading-bot-c-/src/BotCore/BotCore.csproj]
/home/runner/work/trading-bot-c-/trading-bot-c-/src/BotCore/Configuration/ProductionConfigurationValidation.cs(192,51): error S1075: Refactor your code not to use hardcoded absolute paths or URIs. (https://rules.sonarsource.com/csharp/RSPEC-1075) [/home/runner/work/trading-bot-c-/trading-bot-c-/src/BotCore/BotCore.csproj]
/home/runner/work/trading-bot-c-/trading-bot-c-/src/BotCore/Configuration/ProductionConfigurationValidation.cs(191,49): error S1075: Refactor your code not to use hardcoded absolute paths or URIs. (https://rules.sonarsource.com/csharp/RSPEC-1075) [/home/runner/work/trading-bot-c-/trading-bot-c-/src/BotCore/BotCore.csproj]
/home/runner/work/trading-bot-c-/trading-bot-c-/src/BotCore/Market/RedundantDataFeedManager.cs(18,37): error CA1003: Change the event 'OnDataReceived' to replace the type 'System.EventHandler<BotCore.Market.MarketData>?' with a generic EventHandler, for example EventHandler<T>, where T is a valid EventArgs (https://learn.microsoft.com/dotnet/fundamentals/code-analysis/quality-rules/ca1003) [/home/runner/work/trading-bot-c-/trading-bot-c-/src/BotCore/BotCore.csproj]
/home/runner/work/trading-bot-c-/trading-bot-c-/src/BotCore/Market/RedundantDataFeedManager.cs(19,36): error CA1003: Change the event 'OnError' to replace the type 'System.EventHandler<System.Exception>?' with a generic EventHandler, for example EventHandler<T>, where T is a valid EventArgs (https://learn.microsoft.com/dotnet/fundamentals/code-analysis/quality-rules/ca1003) [/home/runner/work/trading-bot-c-/trading-bot-c-/src/BotCore/BotCore.csproj]
/home/runner/work/trading-bot-c-/trading-bot-c-/src/BotCore/Market/RedundantDataFeedManager.cs(112,44): error CA1003: Change the event 'OnConsolidatedData' to replace the type 'System.EventHandler<BotCore.Market.MarketData>?' with a generic EventHandler, for example EventHandler<T>, where T is a valid EventArgs (https://learn.microsoft.com/dotnet/fundamentals/code-analysis/quality-rules/ca1003) [/home/runner/work/trading-bot-c-/trading-bot-c-/src/BotCore/BotCore.csproj]
/home/runner/work/trading-bot-c-/trading-bot-c-/src/BotCore/Market/RedundantDataFeedManager.cs(113,40): error CA1003: Change the event 'OnFeedFailover' to replace the type 'System.EventHandler<string>?' with a generic EventHandler, for example EventHandler<T>, where T is a valid EventArgs (https://learn.microsoft.com/dotnet/fundamentals/code-analysis/quality-rules/ca1003) [/home/runner/work/trading-bot-c-/trading-bot-c-/src/BotCore/BotCore.csproj]
/home/runner/work/trading-bot-c-/trading-bot-c-/src/BotCore/Calibration/IsotonicCalibrationService.cs(21,51): error S1450: Remove the field '_config' and declare it as a local variable in the relevant methods. (https://rules.sonarsource.com/csharp/RSPEC-1450) [/home/runner/work/trading-bot-c-/trading-bot-c-/src/BotCore/BotCore.csproj]
/home/runner/work/trading-bot-c-/trading-bot-c-/src/BotCore/CloudRlTrainer.cs(19,29): error S1450: Remove the field '_dataDir' and declare it as a local variable in the relevant methods. (https://rules.sonarsource.com/csharp/RSPEC-1450) [/home/runner/work/trading-bot-c-/trading-bot-c-/src/BotCore/BotCore.csproj]
/home/runner/work/trading-bot-c-/trading-bot-c-/src/BotCore/Services/MarketDataStalenessService.cs(23,27): error CA1003: Change the event 'OnDataStale' to replace the type 'System.Action<string>?' with a generic EventHandler, for example EventHandler<T>, where T is a valid EventArgs (https://learn.microsoft.com/dotnet/fundamentals/code-analysis/quality-rules/ca1003) [/home/runner/work/trading-bot-c-/trading-bot-c-/src/BotCore/BotCore.csproj]
/home/runner/work/trading-bot-c-/trading-bot-c-/src/BotCore/Services/MarketDataStalenessService.cs(24,27): error CA1003: Change the event 'OnDataFresh' to replace the type 'System.Action<string>?' with a generic EventHandler, for example EventHandler<T>, where T is a valid EventArgs (https://learn.microsoft.com/dotnet/fundamentals/code-analysis/quality-rules/ca1003) [/home/runner/work/trading-bot-c-/trading-bot-c-/src/BotCore/BotCore.csproj]
/home/runner/work/trading-bot-c-/trading-bot-c-/src/BotCore/Services/MarketDataStalenessService.cs(25,19): error CA1003: Change the event 'OnRoutingPaused' to replace the type 'System.Action?' with a generic EventHandler, for example EventHandler<T>, where T is a valid EventArgs (https://learn.microsoft.com/dotnet/fundamentals/code-analysis/quality-rules/ca1003) [/home/runner/work/trading-bot-c-/trading-bot-c-/src/BotCore/BotCore.csproj]
/home/runner/work/trading-bot-c-/trading-bot-c-/src/BotCore/Services/MarketDataStalenessService.cs(26,19): error CA1003: Change the event 'OnRoutingResumed' to replace the type 'System.Action?' with a generic EventHandler, for example EventHandler<T>, where T is a valid EventArgs (https://learn.microsoft.com/dotnet/fundamentals/code-analysis/quality-rules/ca1003) [/home/runner/work/trading-bot-c-/trading-bot-c-/src/BotCore/BotCore.csproj]
/home/runner/work/trading-bot-c-/trading-bot-c-/src/BotCore/Services/EnhancedMarketDataFlowService.cs(31,30): error CA1003: Change the event 'OnDataFlowInterrupted' to replace the type 'System.Action<string>' with a generic EventHandler, for example EventHandler<T>, where T is a valid EventArgs (https://learn.microsoft.com/dotnet/fundamentals/code-analysis/quality-rules/ca1003) [/home/runner/work/trading-bot-c-/trading-bot-c-/src/BotCore/BotCore.csproj]
/home/runner/work/trading-bot-c-/trading-bot-c-/src/BotCore/Services/EnhancedMarketDataFlowService.cs(30,30): error CA1003: Change the event 'OnDataFlowRestored' to replace the type 'System.Action<string>' with a generic EventHandler, for example EventHandler<T>, where T is a valid EventArgs (https://learn.microsoft.com/dotnet/fundamentals/code-analysis/quality-rules/ca1003) [/home/runner/work/trading-bot-c-/trading-bot-c-/src/BotCore/BotCore.csproj]
/home/runner/work/trading-bot-c-/trading-bot-c-/src/BotCore/Services/EnhancedMarketDataFlowService.cs(32,30): error CA1003: Change the event 'OnSnapshotDataReceived' to replace the type 'System.Action<string>' with a generic EventHandler, for example EventHandler<T>, where T is a valid EventArgs (https://learn.microsoft.com/dotnet/fundamentals/code-analysis/quality-rules/ca1003) [/home/runner/work/trading-bot-c-/trading-bot-c-/src/BotCore/BotCore.csproj]
/home/runner/work/trading-bot-c-/trading-bot-c-/src/BotCore/Services/EnhancedMarketDataFlowService.cs(29,38): error CA1003: Change the event 'OnMarketDataReceived' to replace the type 'System.Action<string, object>' with a generic EventHandler, for example EventHandler<T>, where T is a valid EventArgs (https://learn.microsoft.com/dotnet/fundamentals/code-analysis/quality-rules/ca1003) [/home/runner/work/trading-bot-c-/trading-bot-c-/src/BotCore/BotCore.csproj]
/home/runner/work/trading-bot-c-/trading-bot-c-/src/BotCore/Services/EnhancedMarketDataFlowService.cs(45,37): error S4487: Remove this unread private field '_httpClient' or refactor the code to use its value. (https://rules.sonarsource.com/csharp/RSPEC-4487) [/home/runner/work/trading-bot-c-/trading-bot-c-/src/BotCore/BotCore.csproj]
/home/runner/work/trading-bot-c-/trading-bot-c-/src/BotCore/Services/EnhancedMarketDataFlowService.cs(53,31): error S4487: Remove this unread private field '_isHealthy' or refactor the code to use its value. (https://rules.sonarsource.com/csharp/RSPEC-4487) [/home/runner/work/trading-bot-c-/trading-bot-c-/src/BotCore/BotCore.csproj]
/home/runner/work/trading-bot-c-/trading-bot-c-/src/BotCore/Services/MasterDecisionOrchestrator.cs(57,39): error S4487: Remove this unread private field '_serviceProvider' or refactor the code to use its value. (https://rules.sonarsource.com/csharp/RSPEC-4487) [/home/runner/work/trading-bot-c-/trading-bot-c-/src/BotCore/BotCore.csproj]
/home/runner/work/trading-bot-c-/trading-bot-c-/src/BotCore/Services/MasterDecisionOrchestrator.cs(1804,39): error S4487: Remove this unread private field '_serviceProvider' or refactor the code to use its value. (https://rules.sonarsource.com/csharp/RSPEC-4487) [/home/runner/work/trading-bot-c-/trading-bot-c-/src/BotCore/BotCore.csproj]
/home/runner/work/trading-bot-c-/trading-bot-c-/src/BotCore/Services/MasterDecisionOrchestrator.cs(1861,39): error S4487: Remove this unread private field '_serviceProvider' or refactor the code to use its value. (https://rules.sonarsource.com/csharp/RSPEC-4487) [/home/runner/work/trading-bot-c-/trading-bot-c-/src/BotCore/BotCore.csproj]
/home/runner/work/trading-bot-c-/trading-bot-c-/src/BotCore/Services/MasterDecisionOrchestrator.cs(1818,17): error S4144: Update this method so that its implementation is not identical to 'InitializeAsync'. (https://rules.sonarsource.com/csharp/RSPEC-4144) [/home/runner/work/trading-bot-c-/trading-bot-c-/src/BotCore/BotCore.csproj]
/home/runner/work/trading-bot-c-/trading-bot-c-/src/BotCore/Services/MasterDecisionOrchestrator.cs(1830,17): error S4144: Update this method so that its implementation is not identical to 'InitializeAsync'. (https://rules.sonarsource.com/csharp/RSPEC-4144) [/home/runner/work/trading-bot-c-/trading-bot-c-/src/BotCore/BotCore.csproj]
/home/runner/work/trading-bot-c-/trading-bot-c-/src/BotCore/Services/MasterDecisionOrchestrator.cs(1836,17): error S4144: Update this method so that its implementation is not identical to 'InitializeAsync'. (https://rules.sonarsource.com/csharp/RSPEC-4144) [/home/runner/work/trading-bot-c-/trading-bot-c-/src/BotCore/BotCore.csproj]
/home/runner/work/trading-bot-c-/trading-bot-c-/src/BotCore/Services/MasterDecisionOrchestrator.cs(1842,17): error S4144: Update this method so that its implementation is not identical to 'InitializeAsync'. (https://rules.sonarsource.com/csharp/RSPEC-4144) [/home/runner/work/trading-bot-c-/trading-bot-c-/src/BotCore/BotCore.csproj]
/home/runner/work/trading-bot-c-/trading-bot-c-/src/BotCore/Services/MasterDecisionOrchestrator.cs(1875,17): error S4144: Update this method so that its implementation is not identical to 'InitializeAsync'. (https://rules.sonarsource.com/csharp/RSPEC-4144) [/home/runner/work/trading-bot-c-/trading-bot-c-/src/BotCore/BotCore.csproj]
/home/runner/work/trading-bot-c-/trading-bot-c-/src/BotCore/Services/MasterDecisionOrchestrator.cs(1881,17): error S4144: Update this method so that its implementation is not identical to 'InitializeAsync'. (https://rules.sonarsource.com/csharp/RSPEC-4144) [/home/runner/work/trading-bot-c-/trading-bot-c-/src/BotCore/BotCore.csproj]
/home/runner/work/trading-bot-c-/trading-bot-c-/src/BotCore/Services/OllamaClient.cs(129,25): error CA1034: Do not nest type OllamaResponse. Alternatively, change its accessibility so that it is not externally visible. (https://learn.microsoft.com/dotnet/fundamentals/code-analysis/quality-rules/ca1034) [/home/runner/work/trading-bot-c-/trading-bot-c-/src/BotCore/BotCore.csproj]
/home/runner/work/trading-bot-c-/trading-bot-c-/src/BotCore/Services/PositionManagementOptimizer.cs(45,43): error S4487: Remove this unread private field '_serviceProvider' or refactor the code to use its value. (https://rules.sonarsource.com/csharp/RSPEC-4487) [/home/runner/work/trading-bot-c-/trading-bot-c-/src/BotCore/BotCore.csproj]
/home/runner/work/trading-bot-c-/trading-bot-c-/src/BotCore/Services/ProductionGuardrailOrchestrator.cs(20,50): error S4487: Remove this unread private field '_killSwitchService' or refactor the code to use its value. (https://rules.sonarsource.com/csharp/RSPEC-4487) [/home/runner/work/trading-bot-c-/trading-bot-c-/src/BotCore/BotCore.csproj]
/home/runner/work/trading-bot-c-/trading-bot-c-/src/BotCore/Services/ProductionGuardrailOrchestrator.cs(21,53): error S4487: Remove this unread private field '_orderEvidenceService' or refactor the code to use its value. (https://rules.sonarsource.com/csharp/RSPEC-4487) [/home/runner/work/trading-bot-c-/trading-bot-c-/src/BotCore/BotCore.csproj]
/home/runner/work/trading-bot-c-/trading-bot-c-/src/BotCore/Services/ProductionGuardrailOrchestrator.cs(23,39): error S4487: Remove this unread private field '_serviceProvider' or refactor the code to use its value. (https://rules.sonarsource.com/csharp/RSPEC-4487) [/home/runner/work/trading-bot-c-/trading-bot-c-/src/BotCore/BotCore.csproj]
/home/runner/work/trading-bot-c-/trading-bot-c-/src/BotCore/Services/ProductionConfigurationService.cs(189,19): error CA1056: Change the type of property 'TopstepXConfig.BaseUrl' from 'string' to 'System.Uri' (https://learn.microsoft.com/dotnet/fundamentals/code-analysis/quality-rules/ca1056) [/home/runner/work/trading-bot-c-/trading-bot-c-/src/BotCore/BotCore.csproj]
/home/runner/work/trading-bot-c-/trading-bot-c-/src/BotCore/Services/ProductionConfigurationService.cs(190,19): error CA1056: Change the type of property 'TopstepXConfig.UserHubUrl' from 'string' to 'System.Uri' (https://learn.microsoft.com/dotnet/fundamentals/code-analysis/quality-rules/ca1056) [/home/runner/work/trading-bot-c-/trading-bot-c-/src/BotCore/BotCore.csproj]
/home/runner/work/trading-bot-c-/trading-bot-c-/src/BotCore/Services/ProductionConfigurationService.cs(191,19): error CA1056: Change the type of property 'TopstepXConfig.MarketHubUrl' from 'string' to 'System.Uri' (https://learn.microsoft.com/dotnet/fundamentals/code-analysis/quality-rules/ca1056) [/home/runner/work/trading-bot-c-/trading-bot-c-/src/BotCore/BotCore.csproj]
/home/runner/work/trading-bot-c-/trading-bot-c-/src/BotCore/Services/ProductionPriceService.cs(15,26): error CA1707: Remove the underscores from member name BotCore.Services.ProductionPriceService.ES_TICK (https://learn.microsoft.com/dotnet/fundamentals/code-analysis/quality-rules/ca1707) [/home/runner/work/trading-bot-c-/trading-bot-c-/src/BotCore/BotCore.csproj]
/home/runner/work/trading-bot-c-/trading-bot-c-/src/BotCore/Services/ProductionPriceService.cs(16,26): error CA1707: Remove the underscores from member name BotCore.Services.ProductionPriceService.MES_TICK (https://learn.microsoft.com/dotnet/fundamentals/code-analysis/quality-rules/ca1707) [/home/runner/work/trading-bot-c-/trading-bot-c-/src/BotCore/BotCore.csproj]
/home/runner/work/trading-bot-c-/trading-bot-c-/src/BotCore/Services/ProductionPriceService.cs(17,26): error CA1707: Remove the underscores from member name BotCore.Services.ProductionPriceService.DEFAULT_TICK (https://learn.microsoft.com/dotnet/fundamentals/code-analysis/quality-rules/ca1707) [/home/runner/work/trading-bot-c-/trading-bot-c-/src/BotCore/BotCore.csproj]
/home/runner/work/trading-bot-c-/trading-bot-c-/src/BotCore/Services/ProductionTopstepXApiClient.cs(45,44): error S1075: Refactor your code not to use hardcoded absolute paths or URIs. (https://rules.sonarsource.com/csharp/RSPEC-1075) [/home/runner/work/trading-bot-c-/trading-bot-c-/src/BotCore/BotCore.csproj]
/home/runner/work/trading-bot-c-/trading-bot-c-/src/BotCore/Services/StrategyPerformanceAnalyzer.cs(1052,13): error CA1008: Add a member to AlertSeverity that has a value of zero with a suggested name of 'None' (https://learn.microsoft.com/dotnet/fundamentals/code-analysis/quality-rules/ca1008) [/home/runner/work/trading-bot-c-/trading-bot-c-/src/BotCore/BotCore.csproj]
/home/runner/work/trading-bot-c-/trading-bot-c-/src/BotCore/Services/TopStepComplianceManager.cs(26,39): error S4487: Remove this unread private field '_config' or refactor the code to use its value. (https://rules.sonarsource.com/csharp/RSPEC-4487) [/home/runner/work/trading-bot-c-/trading-bot-c-/src/BotCore/BotCore.csproj]
/home/runner/work/trading-bot-c-/trading-bot-c-/src/BotCore/Services/TimeOptimizedStrategyManager.cs(22,56): error S4487: Remove this unread private field '_strategies' or refactor the code to use its value. (https://rules.sonarsource.com/csharp/RSPEC-4487) [/home/runner/work/trading-bot-c-/trading-bot-c-/src/BotCore/BotCore.csproj]
/home/runner/work/trading-bot-c-/trading-bot-c-/src/BotCore/Services/UnifiedDecisionRouter.cs(78,39): error S4487: Remove this unread private field '_serviceProvider' or refactor the code to use its value. (https://rules.sonarsource.com/csharp/RSPEC-4487) [/home/runner/work/trading-bot-c-/trading-bot-c-/src/BotCore/BotCore.csproj]
/home/runner/work/trading-bot-c-/trading-bot-c-/src/BotCore/Services/UnifiedDecisionRouter.cs(87,57): error S4487: Remove this unread private field '_strategyConfigs' or refactor the code to use its value. (https://rules.sonarsource.com/csharp/RSPEC-4487) [/home/runner/work/trading-bot-c-/trading-bot-c-/src/BotCore/BotCore.csproj]
/home/runner/work/trading-bot-c-/trading-bot-c-/src/BotCore/Services/WalkForwardValidationService.cs(53,51): error S4487: Remove this unread private field '_backtestService' or refactor the code to use its value. (https://rules.sonarsource.com/csharp/RSPEC-4487) [/home/runner/work/trading-bot-c-/trading-bot-c-/src/BotCore/BotCore.csproj]
/home/runner/work/trading-bot-c-/trading-bot-c-/src/BotCore/AutoRlTrainer.cs(33,13): error CA1848: For improved performance, use the LoggerMessage delegates instead of calling 'LoggerExtensions.LogInformation(ILogger, string?, params object?[])' (https://learn.microsoft.com/dotnet/fundamentals/code-analysis/quality-rules/ca1848) [/home/runner/work/trading-bot-c-/trading-bot-c-/src/BotCore/BotCore.csproj]
/home/runner/work/trading-bot-c-/trading-bot-c-/src/BotCore/AutoRlTrainer.cs(45,13): error CA1848: For improved performance, use the LoggerMessage delegates instead of calling 'LoggerExtensions.LogInformation(ILogger, string?, params object?[])' (https://learn.microsoft.com/dotnet/fundamentals/code-analysis/quality-rules/ca1848) [/home/runner/work/trading-bot-c-/trading-bot-c-/src/BotCore/BotCore.csproj]
/home/runner/work/trading-bot-c-/trading-bot-c-/src/BotCore/Auth/SimpleTopstepAuth.cs(48,45): error S1075: Refactor your code not to use hardcoded absolute paths or URIs. (https://rules.sonarsource.com/csharp/RSPEC-1075) [/home/runner/work/trading-bot-c-/trading-bot-c-/src/BotCore/BotCore.csproj]
/home/runner/work/trading-bot-c-/trading-bot-c-/src/BotCore/Services/TradingSystemIntegrationService.cs(224,17): error CA1848: For improved performance, use the LoggerMessage delegates instead of calling 'LoggerExtensions.LogWarning(ILogger, string?, params object?[])' (https://learn.microsoft.com/dotnet/fundamentals/code-analysis/quality-rules/ca1848) [/home/runner/work/trading-bot-c-/trading-bot-c-/src/BotCore/BotCore.csproj]
/home/runner/work/trading-bot-c-/trading-bot-c-/src/BotCore/Services/TradingSystemIntegrationService.cs(233,17): error CA1848: For improved performance, use the LoggerMessage delegates instead of calling 'LoggerExtensions.LogWarning(ILogger, string?, params object?[])' (https://learn.microsoft.com/dotnet/fundamentals/code-analysis/quality-rules/ca1848) [/home/runner/work/trading-bot-c-/trading-bot-c-/src/BotCore/BotCore.csproj]
/home/runner/work/trading-bot-c-/trading-bot-c-/src/BotCore/Services/TradingSystemIntegrationService.cs(237,17): error CA1848: For improved performance, use the LoggerMessage delegates instead of calling 'LoggerExtensions.LogInformation(ILogger, string?, params object?[])' (https://learn.microsoft.com/dotnet/fundamentals/code-analysis/quality-rules/ca1848) [/home/runner/work/trading-bot-c-/trading-bot-c-/src/BotCore/BotCore.csproj]
/home/runner/work/trading-bot-c-/trading-bot-c-/src/BotCore/Services/TradingSystemIntegrationService.cs(247,63): error CA1848: For improved performance, use the LoggerMessage delegates instead of calling 'LoggerExtensions.LogInformation(ILogger, string?, params object?[])' (https://learn.microsoft.com/dotnet/fundamentals/code-analysis/quality-rules/ca1848) [/home/runner/work/trading-bot-c-/trading-bot-c-/src/BotCore/BotCore.csproj]
/home/runner/work/trading-bot-c-/trading-bot-c-/src/BotCore/Services/TradingSystemIntegrationService.cs(248,66): error CA1848: For improved performance, use the LoggerMessage delegates instead of calling 'LoggerExtensions.LogWarning(ILogger, string?, params object?[])' (https://learn.microsoft.com/dotnet/fundamentals/code-analysis/quality-rules/ca1848) [/home/runner/work/trading-bot-c-/trading-bot-c-/src/BotCore/BotCore.csproj]
/home/runner/work/trading-bot-c-/trading-bot-c-/src/BotCore/Services/TradingSystemIntegrationService.cs(271,13): error CA1848: For improved performance, use the LoggerMessage delegates instead of calling 'LoggerExtensions.LogInformation(ILogger, string?, params object?[])' (https://learn.microsoft.com/dotnet/fundamentals/code-analysis/quality-rules/ca1848) [/home/runner/work/trading-bot-c-/trading-bot-c-/src/BotCore/BotCore.csproj]
/home/runner/work/trading-bot-c-/trading-bot-c-/src/BotCore/Strategy/S6_MaxPerf_FullStack.cs(364,22): error S1541: The Cyclomatic Complexity of this method is 18 which is greater than 10 authorized. (https://rules.sonarsource.com/csharp/RSPEC-1541) [/home/runner/work/trading-bot-c-/trading-bot-c-/src/BotCore/BotCore.csproj]
/home/runner/work/trading-bot-c-/trading-bot-c-/src/BotCore/Auth/SimpleTopstepAuth.cs(81,17): error CA1848: For improved performance, use the LoggerMessage delegates instead of calling 'LoggerExtensions.LogInformation(ILogger, string?, params object?[])' (https://learn.microsoft.com/dotnet/fundamentals/code-analysis/quality-rules/ca1848) [/home/runner/work/trading-bot-c-/trading-bot-c-/src/BotCore/BotCore.csproj]
/home/runner/work/trading-bot-c-/trading-bot-c-/src/BotCore/Auth/SimpleTopstepAuth.cs(97,21): error CA1848: For improved performance, use the LoggerMessage delegates instead of calling 'LoggerExtensions.LogError(ILogger, string?, params object?[])' (https://learn.microsoft.com/dotnet/fundamentals/code-analysis/quality-rules/ca1848) [/home/runner/work/trading-bot-c-/trading-bot-c-/src/BotCore/BotCore.csproj]
/home/runner/work/trading-bot-c-/trading-bot-c-/src/BotCore/Auth/SimpleTopstepAuth.cs(103,17): error CA1848: For improved performance, use the LoggerMessage delegates instead of calling 'LoggerExtensions.LogInformation(ILogger, string?, params object?[])' (https://learn.microsoft.com/dotnet/fundamentals/code-analysis/quality-rules/ca1848) [/home/runner/work/trading-bot-c-/trading-bot-c-/src/BotCore/BotCore.csproj]
/home/runner/work/trading-bot-c-/trading-bot-c-/src/BotCore/Auth/SimpleTopstepAuth.cs(128,17): error CA1848: For improved performance, use the LoggerMessage delegates instead of calling 'LoggerExtensions.LogInformation(ILogger, string?, params object?[])' (https://learn.microsoft.com/dotnet/fundamentals/code-analysis/quality-rules/ca1848) [/home/runner/work/trading-bot-c-/trading-bot-c-/src/BotCore/BotCore.csproj]
/home/runner/work/trading-bot-c-/trading-bot-c-/src/BotCore/Auth/SimpleTopstepAuth.cs(132,17): error CA1848: For improved performance, use the LoggerMessage delegates instead of calling 'LoggerExtensions.LogError(ILogger, Exception?, string?, params object?[])' (https://learn.microsoft.com/dotnet/fundamentals/code-analysis/quality-rules/ca1848) [/home/runner/work/trading-bot-c-/trading-bot-c-/src/BotCore/BotCore.csproj]
/home/runner/work/trading-bot-c-/trading-bot-c-/src/BotCore/Services/TradingSystemIntegrationService.cs(278,17): error CA1848: For improved performance, use the LoggerMessage delegates instead of calling 'LoggerExtensions.LogInformation(ILogger, string?, params object?[])' (https://learn.microsoft.com/dotnet/fundamentals/code-analysis/quality-rules/ca1848) [/home/runner/work/trading-bot-c-/trading-bot-c-/src/BotCore/BotCore.csproj]
/home/runner/work/trading-bot-c-/trading-bot-c-/src/BotCore/Services/TradingSystemIntegrationService.cs(293,21): error CA1848: For improved performance, use the LoggerMessage delegates instead of calling 'LoggerExtensions.LogWarning(ILogger, Exception?, string?, params object?[])' (https://learn.microsoft.com/dotnet/fundamentals/code-analysis/quality-rules/ca1848) [/home/runner/work/trading-bot-c-/trading-bot-c-/src/BotCore/BotCore.csproj]
/home/runner/work/trading-bot-c-/trading-bot-c-/src/BotCore/Services/TradingSystemIntegrationService.cs(305,17): error CA1848: For improved performance, use the LoggerMessage delegates instead of calling 'LoggerExtensions.LogInformation(ILogger, string?, params object?[])' (https://learn.microsoft.com/dotnet/fundamentals/code-analysis/quality-rules/ca1848) [/home/runner/work/trading-bot-c-/trading-bot-c-/src/BotCore/BotCore.csproj]
/home/runner/work/trading-bot-c-/trading-bot-c-/src/BotCore/Services/TradingSystemIntegrationService.cs(322,17): error CA1848: For improved performance, use the LoggerMessage delegates instead of calling 'LoggerExtensions.LogInformation(ILogger, Exception?, string?, params object?[])' (https://learn.microsoft.com/dotnet/fundamentals/code-analysis/quality-rules/ca1848) [/home/runner/work/trading-bot-c-/trading-bot-c-/src/BotCore/BotCore.csproj]
/home/runner/work/trading-bot-c-/trading-bot-c-/src/BotCore/Services/TradingSystemIntegrationService.cs(327,17): error CA1848: For improved performance, use the LoggerMessage delegates instead of calling 'LoggerExtensions.LogCritical(ILogger, Exception?, string?, params object?[])' (https://learn.microsoft.com/dotnet/fundamentals/code-analysis/quality-rules/ca1848) [/home/runner/work/trading-bot-c-/trading-bot-c-/src/BotCore/BotCore.csproj]
/home/runner/work/trading-bot-c-/trading-bot-c-/src/BotCore/Services/TradingSystemIntegrationService.cs(332,17): error CA1848: For improved performance, use the LoggerMessage delegates instead of calling 'LoggerExtensions.LogCritical(ILogger, Exception?, string?, params object?[])' (https://learn.microsoft.com/dotnet/fundamentals/code-analysis/quality-rules/ca1848) [/home/runner/work/trading-bot-c-/trading-bot-c-/src/BotCore/BotCore.csproj]
/home/runner/work/trading-bot-c-/trading-bot-c-/src/BotCore/Services/TradingSystemIntegrationService.cs(337,17): error CA1848: For improved performance, use the LoggerMessage delegates instead of calling 'LoggerExtensions.LogCritical(ILogger, Exception?, string?, params object?[])' (https://learn.microsoft.com/dotnet/fundamentals/code-analysis/quality-rules/ca1848) [/home/runner/work/trading-bot-c-/trading-bot-c-/src/BotCore/BotCore.csproj]
/home/runner/work/trading-bot-c-/trading-bot-c-/src/BotCore/Services/TradingSystemIntegrationService.cs(342,17): error CA1848: For improved performance, use the LoggerMessage delegates instead of calling 'LoggerExtensions.LogCritical(ILogger, Exception?, string?, params object?[])' (https://learn.microsoft.com/dotnet/fundamentals/code-analysis/quality-rules/ca1848) [/home/runner/work/trading-bot-c-/trading-bot-c-/src/BotCore/BotCore.csproj]
/home/runner/work/trading-bot-c-/trading-bot-c-/src/BotCore/Services/TradingSystemIntegrationService.cs(390,17): error CA1848: For improved performance, use the LoggerMessage delegates instead of calling 'LoggerExtensions.LogError(ILogger, Exception?, string?, params object?[])' (https://learn.microsoft.com/dotnet/fundamentals/code-analysis/quality-rules/ca1848) [/home/runner/work/trading-bot-c-/trading-bot-c-/src/BotCore/BotCore.csproj]
/home/runner/work/trading-bot-c-/trading-bot-c-/src/BotCore/Services/TradingSystemIntegrationService.cs(395,17): error CA1848: For improved performance, use the LoggerMessage delegates instead of calling 'LoggerExtensions.LogError(ILogger, Exception?, string?, params object?[])' (https://learn.microsoft.com/dotnet/fundamentals/code-analysis/quality-rules/ca1848) [/home/runner/work/trading-bot-c-/trading-bot-c-/src/BotCore/BotCore.csproj]
/home/runner/work/trading-bot-c-/trading-bot-c-/src/BotCore/Bandits/ParameterBundle.cs(251,41): error CA1002: Change 'List<ParameterBundle>' in 'ParameterBundleFactory.CreateAllBundles()' to use 'Collection<T>', 'ReadOnlyCollection<T>' or 'KeyedCollection<K,V>' (https://learn.microsoft.com/dotnet/fundamentals/code-analysis/quality-rules/ca1002) [/home/runner/work/trading-bot-c-/trading-bot-c-/src/BotCore/BotCore.csproj]
/home/runner/work/trading-bot-c-/trading-bot-c-/src/BotCore/ApiClient.cs(92,21): error CA1848: For improved performance, use the LoggerMessage delegates instead of calling 'LoggerExtensions.LogWarning(ILogger, string?, params object?[])' (https://learn.microsoft.com/dotnet/fundamentals/code-analysis/quality-rules/ca1848) [/home/runner/work/trading-bot-c-/trading-bot-c-/src/BotCore/BotCore.csproj]
/home/runner/work/trading-bot-c-/trading-bot-c-/src/BotCore/ApiClient.cs(111,21): error CA1848: For improved performance, use the LoggerMessage delegates instead of calling 'LoggerExtensions.LogInformation(ILogger, string?, params object?[])' (https://learn.microsoft.com/dotnet/fundamentals/code-analysis/quality-rules/ca1848) [/home/runner/work/trading-bot-c-/trading-bot-c-/src/BotCore/BotCore.csproj]
/home/runner/work/trading-bot-c-/trading-bot-c-/src/BotCore/ApiClient.cs(119,17): error CA1848: For improved performance, use the LoggerMessage delegates instead of calling 'LoggerExtensions.LogWarning(ILogger, Exception?, string?, params object?[])' (https://learn.microsoft.com/dotnet/fundamentals/code-analysis/quality-rules/ca1848) [/home/runner/work/trading-bot-c-/trading-bot-c-/src/BotCore/BotCore.csproj]
/home/runner/work/trading-bot-c-/trading-bot-c-/src/BotCore/ApiClient.cs(124,17): error CA1848: For improved performance, use the LoggerMessage delegates instead of calling 'LoggerExtensions.LogWarning(ILogger, Exception?, string?, params object?[])' (https://learn.microsoft.com/dotnet/fundamentals/code-analysis/quality-rules/ca1848) [/home/runner/work/trading-bot-c-/trading-bot-c-/src/BotCore/BotCore.csproj]
/home/runner/work/trading-bot-c-/trading-bot-c-/src/BotCore/ApiClient.cs(129,17): error CA1848: For improved performance, use the LoggerMessage delegates instead of calling 'LoggerExtensions.LogWarning(ILogger, Exception?, string?, params object?[])' (https://learn.microsoft.com/dotnet/fundamentals/code-analysis/quality-rules/ca1848) [/home/runner/work/trading-bot-c-/trading-bot-c-/src/BotCore/BotCore.csproj]
/home/runner/work/trading-bot-c-/trading-bot-c-/src/BotCore/Bandits/ParameterBundle.cs(286,41): error CA1002: Change 'List<ParameterBundle>' in 'ParameterBundleFactory.CreateBundlesForStrategy(string)' to use 'Collection<T>', 'ReadOnlyCollection<T>' or 'KeyedCollection<K,V>' (https://learn.microsoft.com/dotnet/fundamentals/code-analysis/quality-rules/ca1002) [/home/runner/work/trading-bot-c-/trading-bot-c-/src/BotCore/BotCore.csproj]
/home/runner/work/trading-bot-c-/trading-bot-c-/src/BotCore/Bandits/ParameterBundle.cs(296,35): error CA1024: Use properties where appropriate (https://learn.microsoft.com/dotnet/fundamentals/code-analysis/quality-rules/ca1024) [/home/runner/work/trading-bot-c-/trading-bot-c-/src/BotCore/BotCore.csproj]
/home/runner/work/trading-bot-c-/trading-bot-c-/src/BotCore/Services/TradingBotTuningRunner.cs(355,102): error S1172: Remove this unused method parameter 'cancellationToken'. (https://rules.sonarsource.com/csharp/RSPEC-1172) [/home/runner/work/trading-bot-c-/trading-bot-c-/src/BotCore/BotCore.csproj]
/home/runner/work/trading-bot-c-/trading-bot-c-/src/BotCore/Services/TradingBotTuningRunner.cs(389,13): error CA1848: For improved performance, use the LoggerMessage delegates instead of calling 'LoggerExtensions.LogInformation(ILogger, string?, params object?[])' (https://learn.microsoft.com/dotnet/fundamentals/code-analysis/quality-rules/ca1848) [/home/runner/work/trading-bot-c-/trading-bot-c-/src/BotCore/BotCore.csproj]
/home/runner/work/trading-bot-c-/trading-bot-c-/src/BotCore/Strategy/S6_MaxPerf_FullStack.cs(417,22): error S1541: The Cyclomatic Complexity of this method is 12 which is greater than 10 authorized. (https://rules.sonarsource.com/csharp/RSPEC-1541) [/home/runner/work/trading-bot-c-/trading-bot-c-/src/BotCore/BotCore.csproj]
/home/runner/work/trading-bot-c-/trading-bot-c-/src/BotCore/Bandits/ParameterBundle.cs(336,40): error S6602: "Array.Find" static method should be used instead of the "FirstOrDefault" extension method. (https://rules.sonarsource.com/csharp/RSPEC-6602) [/home/runner/work/trading-bot-c-/trading-bot-c-/src/BotCore/BotCore.csproj]
/home/runner/work/trading-bot-c-/trading-bot-c-/src/BotCore/Strategy/S11_MaxPerf_FullStack.cs(479,25): error S1541: The Cyclomatic Complexity of this method is 15 which is greater than 10 authorized. (https://rules.sonarsource.com/csharp/RSPEC-1541) [/home/runner/work/trading-bot-c-/trading-bot-c-/src/BotCore/BotCore.csproj]
/home/runner/work/trading-bot-c-/trading-bot-c-/src/BotCore/Services/ErrorHandlingMonitoringSystem.cs(113,13): error CA1848: For improved performance, use the LoggerMessage delegates instead of calling 'LoggerExtensions.LogInformation(ILogger, string?, params object?[])' (https://learn.microsoft.com/dotnet/fundamentals/code-analysis/quality-rules/ca1848) [/home/runner/work/trading-bot-c-/trading-bot-c-/src/BotCore/BotCore.csproj]
/home/runner/work/trading-bot-c-/trading-bot-c-/src/BotCore/ApiClient.cs(146,21): error CA1848: For improved performance, use the LoggerMessage delegates instead of calling 'LoggerExtensions.LogWarning(ILogger, string?, params object?[])' (https://learn.microsoft.com/dotnet/fundamentals/code-analysis/quality-rules/ca1848) [/home/runner/work/trading-bot-c-/trading-bot-c-/src/BotCore/BotCore.csproj]
/home/runner/work/trading-bot-c-/trading-bot-c-/src/BotCore/ApiClient.cs(163,17): error CA1848: For improved performance, use the LoggerMessage delegates instead of calling 'LoggerExtensions.LogWarning(ILogger, Exception?, string?, params object?[])' (https://learn.microsoft.com/dotnet/fundamentals/code-analysis/quality-rules/ca1848) [/home/runner/work/trading-bot-c-/trading-bot-c-/src/BotCore/BotCore.csproj]
/home/runner/work/trading-bot-c-/trading-bot-c-/src/BotCore/ApiClient.cs(168,17): error CA1848: For improved performance, use the LoggerMessage delegates instead of calling 'LoggerExtensions.LogWarning(ILogger, Exception?, string?, params object?[])' (https://learn.microsoft.com/dotnet/fundamentals/code-analysis/quality-rules/ca1848) [/home/runner/work/trading-bot-c-/trading-bot-c-/src/BotCore/BotCore.csproj]
/home/runner/work/trading-bot-c-/trading-bot-c-/src/BotCore/ApiClient.cs(173,17): error CA1848: For improved performance, use the LoggerMessage delegates instead of calling 'LoggerExtensions.LogWarning(ILogger, Exception?, string?, params object?[])' (https://learn.microsoft.com/dotnet/fundamentals/code-analysis/quality-rules/ca1848) [/home/runner/work/trading-bot-c-/trading-bot-c-/src/BotCore/BotCore.csproj]
/home/runner/work/trading-bot-c-/trading-bot-c-/src/BotCore/Services/ErrorHandlingMonitoringSystem.cs(158,17): error CA1848: For improved performance, use the LoggerMessage delegates instead of calling 'LoggerExtensions.LogError(ILogger, Exception?, string?, params object?[])' (https://learn.microsoft.com/dotnet/fundamentals/code-analysis/quality-rules/ca1848) [/home/runner/work/trading-bot-c-/trading-bot-c-/src/BotCore/BotCore.csproj]
/home/runner/work/trading-bot-c-/trading-bot-c-/src/BotCore/Services/ErrorHandlingMonitoringSystem.cs(179,17): error CA1848: For improved performance, use the LoggerMessage delegates instead of calling 'LoggerExtensions.LogCritical(ILogger, Exception?, string?, params object?[])' (https://learn.microsoft.com/dotnet/fundamentals/code-analysis/quality-rules/ca1848) [/home/runner/work/trading-bot-c-/trading-bot-c-/src/BotCore/BotCore.csproj]
/home/runner/work/trading-bot-c-/trading-bot-c-/src/BotCore/Services/ErrorHandlingMonitoringSystem.cs(184,17): error CA1848: For improved performance, use the LoggerMessage delegates instead of calling 'LoggerExtensions.LogCritical(ILogger, Exception?, string?, params object?[])' (https://learn.microsoft.com/dotnet/fundamentals/code-analysis/quality-rules/ca1848) [/home/runner/work/trading-bot-c-/trading-bot-c-/src/BotCore/BotCore.csproj]
/home/runner/work/trading-bot-c-/trading-bot-c-/src/BotCore/Bandits/ParameterBundle.cs(355,41): error CA1002: Change 'List<ParameterBundle>' in 'ParameterBundleFactory.GetRecommendedBundles(MarketCondition)' to use 'Collection<T>', 'ReadOnlyCollection<T>' or 'KeyedCollection<K,V>' (https://learn.microsoft.com/dotnet/fundamentals/code-analysis/quality-rules/ca1002) [/home/runner/work/trading-bot-c-/trading-bot-c-/src/BotCore/BotCore.csproj]
/home/runner/work/trading-bot-c-/trading-bot-c-/src/BotCore/Bandits/ParameterBundle.cs(355,41): error S1541: The Cyclomatic Complexity of this method is 20 which is greater than 10 authorized. (https://rules.sonarsource.com/csharp/RSPEC-1541) [/home/runner/work/trading-bot-c-/trading-bot-c-/src/BotCore/BotCore.csproj]
/home/runner/work/trading-bot-c-/trading-bot-c-/src/BotCore/Services/TradingBotTuningRunner.cs(445,102): error S1172: Remove this unused method parameter 'cancellationToken'. (https://rules.sonarsource.com/csharp/RSPEC-1172) [/home/runner/work/trading-bot-c-/trading-bot-c-/src/BotCore/BotCore.csproj]
/home/runner/work/trading-bot-c-/trading-bot-c-/src/BotCore/ApiClient.cs(196,25): error CA1848: For improved performance, use the LoggerMessage delegates instead of calling 'LoggerExtensions.LogWarning(ILogger, string?, params object?[])' (https://learn.microsoft.com/dotnet/fundamentals/code-analysis/quality-rules/ca1848) [/home/runner/work/trading-bot-c-/trading-bot-c-/src/BotCore/BotCore.csproj]
/home/runner/work/trading-bot-c-/trading-bot-c-/src/BotCore/ApiClient.cs(209,21): error CA1848: For improved performance, use the LoggerMessage delegates instead of calling 'LoggerExtensions.LogWarning(ILogger, Exception?, string?, params object?[])' (https://learn.microsoft.com/dotnet/fundamentals/code-analysis/quality-rules/ca1848) [/home/runner/work/trading-bot-c-/trading-bot-c-/src/BotCore/BotCore.csproj]
/home/runner/work/trading-bot-c-/trading-bot-c-/src/BotCore/Services/TradingBotTuningRunner.cs(479,13): error CA1848: For improved performance, use the LoggerMessage delegates instead of calling 'LoggerExtensions.LogInformation(ILogger, string?, params object?[])' (https://learn.microsoft.com/dotnet/fundamentals/code-analysis/quality-rules/ca1848) [/home/runner/work/trading-bot-c-/trading-bot-c-/src/BotCore/BotCore.csproj]
/home/runner/work/trading-bot-c-/trading-bot-c-/src/BotCore/Services/ErrorHandlingMonitoringSystem.cs(220,17): error CA1848: For improved performance, use the LoggerMessage delegates instead of calling 'LoggerExtensions.LogWarning(ILogger, Exception?, string?, params object?[])' (https://learn.microsoft.com/dotnet/fundamentals/code-analysis/quality-rules/ca1848) [/home/runner/work/trading-bot-c-/trading-bot-c-/src/BotCore/BotCore.csproj]
/home/runner/work/trading-bot-c-/trading-bot-c-/src/BotCore/Services/ErrorHandlingMonitoringSystem.cs(224,17): error CA1848: For improved performance, use the LoggerMessage delegates instead of calling 'LoggerExtensions.LogWarning(ILogger, Exception?, string?, params object?[])' (https://learn.microsoft.com/dotnet/fundamentals/code-analysis/quality-rules/ca1848) [/home/runner/work/trading-bot-c-/trading-bot-c-/src/BotCore/BotCore.csproj]
/home/runner/work/trading-bot-c-/trading-bot-c-/src/BotCore/Services/ErrorHandlingMonitoringSystem.cs(228,17): error CA1848: For improved performance, use the LoggerMessage delegates instead of calling 'LoggerExtensions.LogWarning(ILogger, Exception?, string?, params object?[])' (https://learn.microsoft.com/dotnet/fundamentals/code-analysis/quality-rules/ca1848) [/home/runner/work/trading-bot-c-/trading-bot-c-/src/BotCore/BotCore.csproj]
/home/runner/work/trading-bot-c-/trading-bot-c-/src/BotCore/Strategy/S6_MaxPerf_FullStack.cs(483,25): error S1541: The Cyclomatic Complexity of this method is 13 which is greater than 10 authorized. (https://rules.sonarsource.com/csharp/RSPEC-1541) [/home/runner/work/trading-bot-c-/trading-bot-c-/src/BotCore/BotCore.csproj]
/home/runner/work/trading-bot-c-/trading-bot-c-/src/BotCore/Services/ErrorHandlingMonitoringSystem.cs(247,17): error CA1848: For improved performance, use the LoggerMessage delegates instead of calling 'LoggerExtensions.LogCritical(ILogger, string?, params object?[])' (https://learn.microsoft.com/dotnet/fundamentals/code-analysis/quality-rules/ca1848) [/home/runner/work/trading-bot-c-/trading-bot-c-/src/BotCore/BotCore.csproj]
/home/runner/work/trading-bot-c-/trading-bot-c-/src/BotCore/Services/ErrorHandlingMonitoringSystem.cs(273,17): error CA1848: For improved performance, use the LoggerMessage delegates instead of calling 'LoggerExtensions.LogInformation(ILogger, string?, params object?[])' (https://learn.microsoft.com/dotnet/fundamentals/code-analysis/quality-rules/ca1848) [/home/runner/work/trading-bot-c-/trading-bot-c-/src/BotCore/BotCore.csproj]
/home/runner/work/trading-bot-c-/trading-bot-c-/src/BotCore/Services/ErrorHandlingMonitoringSystem.cs(277,17): error CA1848: For improved performance, use the LoggerMessage delegates instead of calling 'LoggerExtensions.LogCritical(ILogger, Exception?, string?, params object?[])' (https://learn.microsoft.com/dotnet/fundamentals/code-analysis/quality-rules/ca1848) [/home/runner/work/trading-bot-c-/trading-bot-c-/src/BotCore/BotCore.csproj]
/home/runner/work/trading-bot-c-/trading-bot-c-/src/BotCore/Services/ErrorHandlingMonitoringSystem.cs(281,17): error CA1848: For improved performance, use the LoggerMessage delegates instead of calling 'LoggerExtensions.LogCritical(ILogger, Exception?, string?, params object?[])' (https://learn.microsoft.com/dotnet/fundamentals/code-analysis/quality-rules/ca1848) [/home/runner/work/trading-bot-c-/trading-bot-c-/src/BotCore/BotCore.csproj]
/home/runner/work/trading-bot-c-/trading-bot-c-/src/BotCore/Services/TradingSystemIntegrationService.cs(404,40): error S1541: The Cyclomatic Complexity of this method is 27 which is greater than 10 authorized. (https://rules.sonarsource.com/csharp/RSPEC-1541) [/home/runner/work/trading-bot-c-/trading-bot-c-/src/BotCore/BotCore.csproj]
/home/runner/work/trading-bot-c-/trading-bot-c-/src/BotCore/Services/TradingSystemIntegrationService.cs(404,40): error S138: This method 'PlaceOrderAsync' has 134 lines, which is greater than the 80 lines authorized. Split it into smaller methods. (https://rules.sonarsource.com/csharp/RSPEC-138) [/home/runner/work/trading-bot-c-/trading-bot-c-/src/BotCore/BotCore.csproj]
/home/runner/work/trading-bot-c-/trading-bot-c-/src/BotCore/Services/TradingSystemIntegrationService.cs(419,21): error CA1848: For improved performance, use the LoggerMessage delegates instead of calling 'LoggerExtensions.LogWarning(ILogger, string?, params object?[])' (https://learn.microsoft.com/dotnet/fundamentals/code-analysis/quality-rules/ca1848) [/home/runner/work/trading-bot-c-/trading-bot-c-/src/BotCore/BotCore.csproj]
/home/runner/work/trading-bot-c-/trading-bot-c-/src/BotCore/Services/TradingSystemIntegrationService.cs(426,21): error CA1848: For improved performance, use the LoggerMessage delegates instead of calling 'LoggerExtensions.LogWarning(ILogger, string?, params object?[])' (https://learn.microsoft.com/dotnet/fundamentals/code-analysis/quality-rules/ca1848) [/home/runner/work/trading-bot-c-/trading-bot-c-/src/BotCore/BotCore.csproj]
/home/runner/work/trading-bot-c-/trading-bot-c-/src/BotCore/Services/TradingSystemIntegrationService.cs(433,21): error CA1848: For improved performance, use the LoggerMessage delegates instead of calling 'LoggerExtensions.LogWarning(ILogger, string?, params object?[])' (https://learn.microsoft.com/dotnet/fundamentals/code-analysis/quality-rules/ca1848) [/home/runner/work/trading-bot-c-/trading-bot-c-/src/BotCore/BotCore.csproj]
/home/runner/work/trading-bot-c-/trading-bot-c-/src/BotCore/Services/TradingSystemIntegrationService.cs(441,21): error CA1848: For improved performance, use the LoggerMessage delegates instead of calling 'LoggerExtensions.LogWarning(ILogger, string?, params object?[])' (https://learn.microsoft.com/dotnet/fundamentals/code-analysis/quality-rules/ca1848) [/home/runner/work/trading-bot-c-/trading-bot-c-/src/BotCore/BotCore.csproj]
/home/runner/work/trading-bot-c-/trading-bot-c-/src/BotCore/Services/TradingSystemIntegrationService.cs(456,21): error CA1848: For improved performance, use the LoggerMessage delegates instead of calling 'LoggerExtensions.LogWarning(ILogger, string?, params object?[])' (https://learn.microsoft.com/dotnet/fundamentals/code-analysis/quality-rules/ca1848) [/home/runner/work/trading-bot-c-/trading-bot-c-/src/BotCore/BotCore.csproj]
/home/runner/work/trading-bot-c-/trading-bot-c-/src/BotCore/Services/TradingSystemIntegrationService.cs(503,21): error CA1848: For improved performance, use the LoggerMessage delegates instead of calling 'LoggerExtensions.LogWarning(ILogger, string?, params object?[])' (https://learn.microsoft.com/dotnet/fundamentals/code-analysis/quality-rules/ca1848) [/home/runner/work/trading-bot-c-/trading-bot-c-/src/BotCore/BotCore.csproj]
/home/runner/work/trading-bot-c-/trading-bot-c-/src/BotCore/Services/TradingSystemIntegrationService.cs(509,21): error CA1848: For improved performance, use the LoggerMessage delegates instead of calling 'LoggerExtensions.LogWarning(ILogger, string?, params object?[])' (https://learn.microsoft.com/dotnet/fundamentals/code-analysis/quality-rules/ca1848) [/home/runner/work/trading-bot-c-/trading-bot-c-/src/BotCore/BotCore.csproj]
/home/runner/work/trading-bot-c-/trading-bot-c-/src/BotCore/Services/TradingSystemIntegrationService.cs(517,17): error CA1848: For improved performance, use the LoggerMessage delegates instead of calling 'LoggerExtensions.LogInformation(ILogger, string?, params object?[])' (https://learn.microsoft.com/dotnet/fundamentals/code-analysis/quality-rules/ca1848) [/home/runner/work/trading-bot-c-/trading-bot-c-/src/BotCore/BotCore.csproj]
/home/runner/work/trading-bot-c-/trading-bot-c-/src/BotCore/Services/TradingSystemIntegrationService.cs(525,21): error CA1848: For improved performance, use the LoggerMessage delegates instead of calling 'LoggerExtensions.LogInformation(ILogger, string?, params object?[])' (https://learn.microsoft.com/dotnet/fundamentals/code-analysis/quality-rules/ca1848) [/home/runner/work/trading-bot-c-/trading-bot-c-/src/BotCore/BotCore.csproj]
/home/runner/work/trading-bot-c-/trading-bot-c-/src/BotCore/Services/TradingSystemIntegrationService.cs(557,21): error CA1848: For improved performance, use the LoggerMessage delegates instead of calling 'LoggerExtensions.LogInformation(ILogger, string?, params object?[])' (https://learn.microsoft.com/dotnet/fundamentals/code-analysis/quality-rules/ca1848) [/home/runner/work/trading-bot-c-/trading-bot-c-/src/BotCore/BotCore.csproj]
/home/runner/work/trading-bot-c-/trading-bot-c-/src/BotCore/Services/TradingSystemIntegrationService.cs(565,21): error CA1848: For improved performance, use the LoggerMessage delegates instead of calling 'LoggerExtensions.LogWarning(ILogger, string?, params object?[])' (https://learn.microsoft.com/dotnet/fundamentals/code-analysis/quality-rules/ca1848) [/home/runner/work/trading-bot-c-/trading-bot-c-/src/BotCore/BotCore.csproj]
/home/runner/work/trading-bot-c-/trading-bot-c-/src/BotCore/Services/TradingSystemIntegrationService.cs(571,17): error CA1848: For improved performance, use the LoggerMessage delegates instead of calling 'LoggerExtensions.LogError(ILogger, Exception?, string?, params object?[])' (https://learn.microsoft.com/dotnet/fundamentals/code-analysis/quality-rules/ca1848) [/home/runner/work/trading-bot-c-/trading-bot-c-/src/BotCore/BotCore.csproj]
/home/runner/work/trading-bot-c-/trading-bot-c-/src/BotCore/Services/TradingSystemIntegrationService.cs(576,17): error CA1848: For improved performance, use the LoggerMessage delegates instead of calling 'LoggerExtensions.LogError(ILogger, Exception?, string?, params object?[])' (https://learn.microsoft.com/dotnet/fundamentals/code-analysis/quality-rules/ca1848) [/home/runner/work/trading-bot-c-/trading-bot-c-/src/BotCore/BotCore.csproj]
/home/runner/work/trading-bot-c-/trading-bot-c-/src/BotCore/Services/TradingSystemIntegrationService.cs(581,17): error CA1848: For improved performance, use the LoggerMessage delegates instead of calling 'LoggerExtensions.LogError(ILogger, Exception?, string?, params object?[])' (https://learn.microsoft.com/dotnet/fundamentals/code-analysis/quality-rules/ca1848) [/home/runner/work/trading-bot-c-/trading-bot-c-/src/BotCore/BotCore.csproj]
/home/runner/work/trading-bot-c-/trading-bot-c-/src/BotCore/Services/ErrorHandlingMonitoringSystem.cs(319,17): error CA1848: For improved performance, use the LoggerMessage delegates instead of calling 'LoggerExtensions.LogDebug(ILogger, string?, params object?[])' (https://learn.microsoft.com/dotnet/fundamentals/code-analysis/quality-rules/ca1848) [/home/runner/work/trading-bot-c-/trading-bot-c-/src/BotCore/BotCore.csproj]
/home/runner/work/trading-bot-c-/trading-bot-c-/src/BotCore/Services/TradingBotTuningRunner.cs(536,17): error S1854: Remove this useless assignment to local variable 'parameterConfigs'. (https://rules.sonarsource.com/csharp/RSPEC-1854) [/home/runner/work/trading-bot-c-/trading-bot-c-/src/BotCore/BotCore.csproj]
/home/runner/work/trading-bot-c-/trading-bot-c-/src/BotCore/Services/TradingBotTuningRunner.cs(527,126): error S1172: Remove this unused method parameter 'cancellationToken'. (https://rules.sonarsource.com/csharp/RSPEC-1172) [/home/runner/work/trading-bot-c-/trading-bot-c-/src/BotCore/BotCore.csproj]
/home/runner/work/trading-bot-c-/trading-bot-c-/src/BotCore/Services/TradingBotTuningRunner.cs(555,13): error CA1848: For improved performance, use the LoggerMessage delegates instead of calling 'LoggerExtensions.LogInformation(ILogger, string?, params object?[])' (https://learn.microsoft.com/dotnet/fundamentals/code-analysis/quality-rules/ca1848) [/home/runner/work/trading-bot-c-/trading-bot-c-/src/BotCore/BotCore.csproj]
/home/runner/work/trading-bot-c-/trading-bot-c-/src/BotCore/Services/TradingSystemIntegrationService.cs(642,17): error CA1848: For improved performance, use the LoggerMessage delegates instead of calling 'LoggerExtensions.LogError(ILogger, Exception?, string?, params object?[])' (https://learn.microsoft.com/dotnet/fundamentals/code-analysis/quality-rules/ca1848) [/home/runner/work/trading-bot-c-/trading-bot-c-/src/BotCore/BotCore.csproj]
/home/runner/work/trading-bot-c-/trading-bot-c-/src/BotCore/Services/TradingSystemIntegrationService.cs(646,17): error CA1848: For improved performance, use the LoggerMessage delegates instead of calling 'LoggerExtensions.LogWarning(ILogger, Exception?, string?, params object?[])' (https://learn.microsoft.com/dotnet/fundamentals/code-analysis/quality-rules/ca1848) [/home/runner/work/trading-bot-c-/trading-bot-c-/src/BotCore/BotCore.csproj]
/home/runner/work/trading-bot-c-/trading-bot-c-/src/BotCore/Services/TradingSystemIntegrationService.cs(650,17): error CA1848: For improved performance, use the LoggerMessage delegates instead of calling 'LoggerExtensions.LogError(ILogger, Exception?, string?, params object?[])' (https://learn.microsoft.com/dotnet/fundamentals/code-analysis/quality-rules/ca1848) [/home/runner/work/trading-bot-c-/trading-bot-c-/src/BotCore/BotCore.csproj]
/home/runner/work/trading-bot-c-/trading-bot-c-/src/BotCore/Services/ErrorHandlingMonitoringSystem.cs(368,21): error CA1848: For improved performance, use the LoggerMessage delegates instead of calling 'LoggerExtensions.LogWarning(ILogger, string?, params object?[])' (https://learn.microsoft.com/dotnet/fundamentals/code-analysis/quality-rules/ca1848) [/home/runner/work/trading-bot-c-/trading-bot-c-/src/BotCore/BotCore.csproj]
/home/runner/work/trading-bot-c-/trading-bot-c-/src/BotCore/Services/ErrorHandlingMonitoringSystem.cs(382,21): error CA1848: For improved performance, use the LoggerMessage delegates instead of calling 'LoggerExtensions.LogWarning(ILogger, string?, params object?[])' (https://learn.microsoft.com/dotnet/fundamentals/code-analysis/quality-rules/ca1848) [/home/runner/work/trading-bot-c-/trading-bot-c-/src/BotCore/BotCore.csproj]
/home/runner/work/trading-bot-c-/trading-bot-c-/src/BotCore/Services/ErrorHandlingMonitoringSystem.cs(388,17): error CA1848: For improved performance, use the LoggerMessage delegates instead of calling 'LoggerExtensions.LogError(ILogger, Exception?, string?, params object?[])' (https://learn.microsoft.com/dotnet/fundamentals/code-analysis/quality-rules/ca1848) [/home/runner/work/trading-bot-c-/trading-bot-c-/src/BotCore/BotCore.csproj]
/home/runner/work/trading-bot-c-/trading-bot-c-/src/BotCore/Services/ErrorHandlingMonitoringSystem.cs(392,17): error CA1848: For improved performance, use the LoggerMessage delegates instead of calling 'LoggerExtensions.LogError(ILogger, Exception?, string?, params object?[])' (https://learn.microsoft.com/dotnet/fundamentals/code-analysis/quality-rules/ca1848) [/home/runner/work/trading-bot-c-/trading-bot-c-/src/BotCore/BotCore.csproj]
/home/runner/work/trading-bot-c-/trading-bot-c-/src/BotCore/Services/OrderFillConfirmationSystem.cs(61,13): error CA1848: For improved performance, use the LoggerMessage delegates instead of calling 'LoggerExtensions.LogInformation(ILogger, string?, params object?[])' (https://learn.microsoft.com/dotnet/fundamentals/code-analysis/quality-rules/ca1848) [/home/runner/work/trading-bot-c-/trading-bot-c-/src/BotCore/BotCore.csproj]
/home/runner/work/trading-bot-c-/trading-bot-c-/src/BotCore/Tests/SessionAwareRuntimeGatesTest.cs(36,29): error CA2000: Call System.IDisposable.Dispose on object created by 'LoggerFactory.Create(builder => builder.AddConsole())' before all references to it are out of scope (https://learn.microsoft.com/dotnet/fundamentals/code-analysis/quality-rules/ca2000) [/home/runner/work/trading-bot-c-/trading-bot-c-/src/BotCore/BotCore.csproj]
/home/runner/work/trading-bot-c-/trading-bot-c-/src/BotCore/Tests/SessionAwareRuntimeGatesTest.cs(17,27): error CA1303: Method 'Task SessionAwareRuntimeGatesTest.RunBasicTestAsync()' passes a literal string as parameter 'value' of a call to 'void Console.WriteLine(string? value)'. Retrieve the following string(s) from a resource table instead: "🧪 Testing SessionAwareRuntimeGates functionality...". (https://learn.microsoft.com/dotnet/fundamentals/code-analysis/quality-rules/ca1303) [/home/runner/work/trading-bot-c-/trading-bot-c-/src/BotCore/BotCore.csproj]
/home/runner/work/trading-bot-c-/trading-bot-c-/src/BotCore/Tests/SessionAwareRuntimeGatesTest.cs(43,27): error CA1303: Method 'Task SessionAwareRuntimeGatesTest.RunBasicTestAsync()' passes a literal string as parameter 'value' of a call to 'void Console.WriteLine(string? value)'. Retrieve the following string(s) from a resource table instead: "📊 Current Session Status:". (https://learn.microsoft.com/dotnet/fundamentals/code-analysis/quality-rules/ca1303) [/home/runner/work/trading-bot-c-/trading-bot-c-/src/BotCore/BotCore.csproj]
/home/runner/work/trading-bot-c-/trading-bot-c-/src/BotCore/Tests/SessionAwareRuntimeGatesTest.cs(60,27): error CA1303: Method 'Task SessionAwareRuntimeGatesTest.RunBasicTestAsync()' passes a literal string as parameter 'value' of a call to 'void Console.WriteLine(string? value)'. Retrieve the following string(s) from a resource table instead: "✅ SessionAwareRuntimeGates test completed successfully!". (https://learn.microsoft.com/dotnet/fundamentals/code-analysis/quality-rules/ca1303) [/home/runner/work/trading-bot-c-/trading-bot-c-/src/BotCore/BotCore.csproj]
/home/runner/work/trading-bot-c-/trading-bot-c-/src/BotCore/Services/ErrorHandlingMonitoringSystem.cs(398,17): error CA1836: Prefer 'IsEmpty' over 'Count' to determine whether the object is empty (https://learn.microsoft.com/dotnet/fundamentals/code-analysis/quality-rules/ca1836) [/home/runner/work/trading-bot-c-/trading-bot-c-/src/BotCore/BotCore.csproj]
/home/runner/work/trading-bot-c-/trading-bot-c-/src/BotCore/Bandits/NeuralUcbExtended.cs(96,9): error CA1848: For improved performance, use the LoggerMessage delegates instead of calling 'LoggerExtensions.LogInformation(ILogger, string?, params object?[])' (https://learn.microsoft.com/dotnet/fundamentals/code-analysis/quality-rules/ca1848) [/home/runner/work/trading-bot-c-/trading-bot-c-/src/BotCore/BotCore.csproj]
/home/runner/work/trading-bot-c-/trading-bot-c-/src/BotCore/Bandits/NeuralUcbExtended.cs(101,9): error CA1848: For improved performance, use the LoggerMessage delegates instead of calling 'LoggerExtensions.LogInformation(ILogger, string?, params object?[])' (https://learn.microsoft.com/dotnet/fundamentals/code-analysis/quality-rules/ca1848) [/home/runner/work/trading-bot-c-/trading-bot-c-/src/BotCore/BotCore.csproj]
/home/runner/work/trading-bot-c-/trading-bot-c-/src/BotCore/Testing/ProductionGuardrailTester.cs(43,9): error CA1848: For improved performance, use the LoggerMessage delegates instead of calling 'LoggerExtensions.LogInformation(ILogger, string?, params object?[])' (https://learn.microsoft.com/dotnet/fundamentals/code-analysis/quality-rules/ca1848) [/home/runner/work/trading-bot-c-/trading-bot-c-/src/BotCore/BotCore.csproj]
/home/runner/work/trading-bot-c-/trading-bot-c-/src/BotCore/Testing/ProductionGuardrailTester.cs(64,13): error CA1848: For improved performance, use the LoggerMessage delegates instead of calling 'LoggerExtensions.LogInformation(ILogger, string?, params object?[])' (https://learn.microsoft.com/dotnet/fundamentals/code-analysis/quality-rules/ca1848) [/home/runner/work/trading-bot-c-/trading-bot-c-/src/BotCore/BotCore.csproj]
/home/runner/work/trading-bot-c-/trading-bot-c-/src/BotCore/Testing/ProductionGuardrailTester.cs(68,13): error CA1848: For improved performance, use the LoggerMessage delegates instead of calling 'LoggerExtensions.LogCritical(ILogger, string?, params object?[])' (https://learn.microsoft.com/dotnet/fundamentals/code-analysis/quality-rules/ca1848) [/home/runner/work/trading-bot-c-/trading-bot-c-/src/BotCore/BotCore.csproj]
/home/runner/work/trading-bot-c-/trading-bot-c-/src/BotCore/Services/OrderFillConfirmationSystem.cs(102,17): error CA1848: For improved performance, use the LoggerMessage delegates instead of calling 'LoggerExtensions.LogInformation(ILogger, string?, params object?[])' (https://learn.microsoft.com/dotnet/fundamentals/code-analysis/quality-rules/ca1848) [/home/runner/work/trading-bot-c-/trading-bot-c-/src/BotCore/BotCore.csproj]
/home/runner/work/trading-bot-c-/trading-bot-c-/src/BotCore/Services/OrderFillConfirmationSystem.cs(127,21): error CA1848: For improved performance, use the LoggerMessage delegates instead of calling 'LoggerExtensions.LogInformation(ILogger, string?, params object?[])' (https://learn.microsoft.com/dotnet/fundamentals/code-analysis/quality-rules/ca1848) [/home/runner/work/trading-bot-c-/trading-bot-c-/src/BotCore/BotCore.csproj]
/home/runner/work/trading-bot-c-/trading-bot-c-/src/BotCore/Services/OrderFillConfirmationSystem.cs(137,21): error CA1848: For improved performance, use the LoggerMessage delegates instead of calling 'LoggerExtensions.LogWarning(ILogger, string?, params object?[])' (https://learn.microsoft.com/dotnet/fundamentals/code-analysis/quality-rules/ca1848) [/home/runner/work/trading-bot-c-/trading-bot-c-/src/BotCore/BotCore.csproj]
/home/runner/work/trading-bot-c-/trading-bot-c-/src/BotCore/Services/OrderFillConfirmationSystem.cs(145,17): error CA1848: For improved performance, use the LoggerMessage delegates instead of calling 'LoggerExtensions.LogError(ILogger, Exception?, string?, params object?[])' (https://learn.microsoft.com/dotnet/fundamentals/code-analysis/quality-rules/ca1848) [/home/runner/work/trading-bot-c-/trading-bot-c-/src/BotCore/BotCore.csproj]
/home/runner/work/trading-bot-c-/trading-bot-c-/src/BotCore/Services/OrderFillConfirmationSystem.cs(150,17): error CA1848: For improved performance, use the LoggerMessage delegates instead of calling 'LoggerExtensions.LogError(ILogger, Exception?, string?, params object?[])' (https://learn.microsoft.com/dotnet/fundamentals/code-analysis/quality-rules/ca1848) [/home/runner/work/trading-bot-c-/trading-bot-c-/src/BotCore/BotCore.csproj]
/home/runner/work/trading-bot-c-/trading-bot-c-/src/BotCore/Services/OrderFillConfirmationSystem.cs(155,17): error CA1848: For improved performance, use the LoggerMessage delegates instead of calling 'LoggerExtensions.LogError(ILogger, Exception?, string?, params object?[])' (https://learn.microsoft.com/dotnet/fundamentals/code-analysis/quality-rules/ca1848) [/home/runner/work/trading-bot-c-/trading-bot-c-/src/BotCore/BotCore.csproj]
/home/runner/work/trading-bot-c-/trading-bot-c-/src/BotCore/Testing/ProductionGuardrailTester.cs(76,9): error CA1848: For improved performance, use the LoggerMessage delegates instead of calling 'LoggerExtensions.LogInformation(ILogger, string?, params object?[])' (https://learn.microsoft.com/dotnet/fundamentals/code-analysis/quality-rules/ca1848) [/home/runner/work/trading-bot-c-/trading-bot-c-/src/BotCore/BotCore.csproj]
/home/runner/work/trading-bot-c-/trading-bot-c-/src/BotCore/Testing/ProductionGuardrailTester.cs(89,17): error CA1848: For improved performance, use the LoggerMessage delegates instead of calling 'LoggerExtensions.LogInformation(ILogger, string?, params object?[])' (https://learn.microsoft.com/dotnet/fundamentals/code-analysis/quality-rules/ca1848) [/home/runner/work/trading-bot-c-/trading-bot-c-/src/BotCore/BotCore.csproj]
/home/runner/work/trading-bot-c-/trading-bot-c-/src/BotCore/Testing/ProductionGuardrailTester.cs(94,17): error CA1848: For improved performance, use the LoggerMessage delegates instead of calling 'LoggerExtensions.LogError(ILogger, string?, params object?[])' (https://learn.microsoft.com/dotnet/fundamentals/code-analysis/quality-rules/ca1848) [/home/runner/work/trading-bot-c-/trading-bot-c-/src/BotCore/BotCore.csproj]
/home/runner/work/trading-bot-c-/trading-bot-c-/src/BotCore/Testing/ProductionGuardrailTester.cs(100,13): error CA1848: For improved performance, use the LoggerMessage delegates instead of calling 'LoggerExtensions.LogError(ILogger, Exception?, string?, params object?[])' (https://learn.microsoft.com/dotnet/fundamentals/code-analysis/quality-rules/ca1848) [/home/runner/work/trading-bot-c-/trading-bot-c-/src/BotCore/BotCore.csproj]
/home/runner/work/trading-bot-c-/trading-bot-c-/src/BotCore/Testing/ProductionGuardrailTester.cs(105,13): error CA1848: For improved performance, use the LoggerMessage delegates instead of calling 'LoggerExtensions.LogError(ILogger, Exception?, string?, params object?[])' (https://learn.microsoft.com/dotnet/fundamentals/code-analysis/quality-rules/ca1848) [/home/runner/work/trading-bot-c-/trading-bot-c-/src/BotCore/BotCore.csproj]
/home/runner/work/trading-bot-c-/trading-bot-c-/src/BotCore/Testing/ProductionGuardrailTester.cs(110,13): error CA1848: For improved performance, use the LoggerMessage delegates instead of calling 'LoggerExtensions.LogError(ILogger, Exception?, string?, params object?[])' (https://learn.microsoft.com/dotnet/fundamentals/code-analysis/quality-rules/ca1848) [/home/runner/work/trading-bot-c-/trading-bot-c-/src/BotCore/BotCore.csproj]
/home/runner/work/trading-bot-c-/trading-bot-c-/src/BotCore/BarAggregator.cs(139,64): error S6580: Use a format provider when parsing date and time. (https://rules.sonarsource.com/csharp/RSPEC-6580) [/home/runner/work/trading-bot-c-/trading-bot-c-/src/BotCore/BotCore.csproj]
/home/runner/work/trading-bot-c-/trading-bot-c-/src/BotCore/Bandits/NeuralUcbExtended.cs(117,13): error CA1848: For improved performance, use the LoggerMessage delegates instead of calling 'LoggerExtensions.LogDebug(ILogger, string?, params object?[])' (https://learn.microsoft.com/dotnet/fundamentals/code-analysis/quality-rules/ca1848) [/home/runner/work/trading-bot-c-/trading-bot-c-/src/BotCore/BotCore.csproj]
/home/runner/work/trading-bot-c-/trading-bot-c-/src/BotCore/Bandits/NeuralUcbExtended.cs(151,13): error CA1848: For improved performance, use the LoggerMessage delegates instead of calling 'LoggerExtensions.LogInformation(ILogger, string?, params object?[])' (https://learn.microsoft.com/dotnet/fundamentals/code-analysis/quality-rules/ca1848) [/home/runner/work/trading-bot-c-/trading-bot-c-/src/BotCore/BotCore.csproj]
/home/runner/work/trading-bot-c-/trading-bot-c-/src/BotCore/Bandits/NeuralUcbExtended.cs(160,13): error CA1848: For improved performance, use the LoggerMessage delegates instead of calling 'LoggerExtensions.LogError(ILogger, Exception?, string?, params object?[])' (https://learn.microsoft.com/dotnet/fundamentals/code-analysis/quality-rules/ca1848) [/home/runner/work/trading-bot-c-/trading-bot-c-/src/BotCore/BotCore.csproj]
/home/runner/work/trading-bot-c-/trading-bot-c-/src/BotCore/Testing/ProductionGuardrailTester.cs(125,9): error CA1848: For improved performance, use the LoggerMessage delegates instead of calling 'LoggerExtensions.LogInformation(ILogger, string?, params object?[])' (https://learn.microsoft.com/dotnet/fundamentals/code-analysis/quality-rules/ca1848) [/home/runner/work/trading-bot-c-/trading-bot-c-/src/BotCore/BotCore.csproj]
/home/runner/work/trading-bot-c-/trading-bot-c-/src/BotCore/Testing/ProductionGuardrailTester.cs(140,17): error CA1848: For improved performance, use the LoggerMessage delegates instead of calling 'LoggerExtensions.LogInformation(ILogger, string?, params object?[])' (https://learn.microsoft.com/dotnet/fundamentals/code-analysis/quality-rules/ca1848) [/home/runner/work/trading-bot-c-/trading-bot-c-/src/BotCore/BotCore.csproj]
/home/runner/work/trading-bot-c-/trading-bot-c-/src/BotCore/Testing/ProductionGuardrailTester.cs(145,17): error CA1848: For improved performance, use the LoggerMessage delegates instead of calling 'LoggerExtensions.LogError(ILogger, string?, params object?[])' (https://learn.microsoft.com/dotnet/fundamentals/code-analysis/quality-rules/ca1848) [/home/runner/work/trading-bot-c-/trading-bot-c-/src/BotCore/BotCore.csproj]
/home/runner/work/trading-bot-c-/trading-bot-c-/src/BotCore/Testing/ProductionGuardrailTester.cs(151,13): error CA1848: For improved performance, use the LoggerMessage delegates instead of calling 'LoggerExtensions.LogError(ILogger, Exception?, string?, params object?[])' (https://learn.microsoft.com/dotnet/fundamentals/code-analysis/quality-rules/ca1848) [/home/runner/work/trading-bot-c-/trading-bot-c-/src/BotCore/BotCore.csproj]
/home/runner/work/trading-bot-c-/trading-bot-c-/src/BotCore/Testing/ProductionGuardrailTester.cs(156,13): error CA1848: For improved performance, use the LoggerMessage delegates instead of calling 'LoggerExtensions.LogError(ILogger, Exception?, string?, params object?[])' (https://learn.microsoft.com/dotnet/fundamentals/code-analysis/quality-rules/ca1848) [/home/runner/work/trading-bot-c-/trading-bot-c-/src/BotCore/BotCore.csproj]
/home/runner/work/trading-bot-c-/trading-bot-c-/src/BotCore/Testing/ProductionGuardrailTester.cs(161,13): error CA1848: For improved performance, use the LoggerMessage delegates instead of calling 'LoggerExtensions.LogError(ILogger, Exception?, string?, params object?[])' (https://learn.microsoft.com/dotnet/fundamentals/code-analysis/quality-rules/ca1848) [/home/runner/work/trading-bot-c-/trading-bot-c-/src/BotCore/BotCore.csproj]
/home/runner/work/trading-bot-c-/trading-bot-c-/src/BotCore/Testing/ProductionGuardrailTester.cs(176,17): error CA1848: For improved performance, use the LoggerMessage delegates instead of calling 'LoggerExtensions.LogWarning(ILogger, Exception?, string?, params object?[])' (https://learn.microsoft.com/dotnet/fundamentals/code-analysis/quality-rules/ca1848) [/home/runner/work/trading-bot-c-/trading-bot-c-/src/BotCore/BotCore.csproj]
/home/runner/work/trading-bot-c-/trading-bot-c-/src/BotCore/Testing/ProductionGuardrailTester.cs(180,17): error CA1848: For improved performance, use the LoggerMessage delegates instead of calling 'LoggerExtensions.LogWarning(ILogger, Exception?, string?, params object?[])' (https://learn.microsoft.com/dotnet/fundamentals/code-analysis/quality-rules/ca1848) [/home/runner/work/trading-bot-c-/trading-bot-c-/src/BotCore/BotCore.csproj]
/home/runner/work/trading-bot-c-/trading-bot-c-/src/BotCore/Testing/ProductionGuardrailTester.cs(135,36): error CA1849: 'ProductionKillSwitchService.IsKillSwitchActive()' synchronously blocks. Await 'ProductionKillSwitchService.IsKillSwitchActiveAsync()' instead. (https://learn.microsoft.com/dotnet/fundamentals/code-analysis/quality-rules/ca1849) [/home/runner/work/trading-bot-c-/trading-bot-c-/src/BotCore/BotCore.csproj]
/home/runner/work/trading-bot-c-/trading-bot-c-/src/BotCore/Services/TradingSystemIntegrationService.cs(669,21): error CA1848: For improved performance, use the LoggerMessage delegates instead of calling 'LoggerExtensions.LogDebug(ILogger, string?, params object?[])' (https://learn.microsoft.com/dotnet/fundamentals/code-analysis/quality-rules/ca1848) [/home/runner/work/trading-bot-c-/trading-bot-c-/src/BotCore/BotCore.csproj]
/home/runner/work/trading-bot-c-/trading-bot-c-/src/BotCore/Services/TradingSystemIntegrationService.cs(676,21): error CA1848: For improved performance, use the LoggerMessage delegates instead of calling 'LoggerExtensions.LogDebug(ILogger, string?, params object?[])' (https://learn.microsoft.com/dotnet/fundamentals/code-analysis/quality-rules/ca1848) [/home/runner/work/trading-bot-c-/trading-bot-c-/src/BotCore/BotCore.csproj]
/home/runner/work/trading-bot-c-/trading-bot-c-/src/BotCore/Services/TradingSystemIntegrationService.cs(704,25): error CA1848: For improved performance, use the LoggerMessage delegates instead of calling 'LoggerExtensions.LogError(ILogger, Exception?, string?, params object?[])' (https://learn.microsoft.com/dotnet/fundamentals/code-analysis/quality-rules/ca1848) [/home/runner/work/trading-bot-c-/trading-bot-c-/src/BotCore/BotCore.csproj]
/home/runner/work/trading-bot-c-/trading-bot-c-/src/BotCore/Services/TradingSystemIntegrationService.cs(708,25): error CA1848: For improved performance, use the LoggerMessage delegates instead of calling 'LoggerExtensions.LogError(ILogger, Exception?, string?, params object?[])' (https://learn.microsoft.com/dotnet/fundamentals/code-analysis/quality-rules/ca1848) [/home/runner/work/trading-bot-c-/trading-bot-c-/src/BotCore/BotCore.csproj]
/home/runner/work/trading-bot-c-/trading-bot-c-/src/BotCore/Services/TradingSystemIntegrationService.cs(724,17): error CA1848: For improved performance, use the LoggerMessage delegates instead of calling 'LoggerExtensions.LogInformation(ILogger, string?, params object?[])' (https://learn.microsoft.com/dotnet/fundamentals/code-analysis/quality-rules/ca1848) [/home/runner/work/trading-bot-c-/trading-bot-c-/src/BotCore/BotCore.csproj]
/home/runner/work/trading-bot-c-/trading-bot-c-/src/BotCore/Services/TradingSystemIntegrationService.cs(734,17): error CA1848: For improved performance, use the LoggerMessage delegates instead of calling 'LoggerExtensions.LogInformation(ILogger, string?, params object?[])' (https://learn.microsoft.com/dotnet/fundamentals/code-analysis/quality-rules/ca1848) [/home/runner/work/trading-bot-c-/trading-bot-c-/src/BotCore/BotCore.csproj]
/home/runner/work/trading-bot-c-/trading-bot-c-/src/BotCore/Services/TradingSystemIntegrationService.cs(755,17): error CA1848: For improved performance, use the LoggerMessage delegates instead of calling 'LoggerExtensions.LogError(ILogger, Exception?, string?, params object?[])' (https://learn.microsoft.com/dotnet/fundamentals/code-analysis/quality-rules/ca1848) [/home/runner/work/trading-bot-c-/trading-bot-c-/src/BotCore/BotCore.csproj]
/home/runner/work/trading-bot-c-/trading-bot-c-/src/BotCore/Services/TradingSystemIntegrationService.cs(759,17): error CA1848: For improved performance, use the LoggerMessage delegates instead of calling 'LoggerExtensions.LogError(ILogger, Exception?, string?, params object?[])' (https://learn.microsoft.com/dotnet/fundamentals/code-analysis/quality-rules/ca1848) [/home/runner/work/trading-bot-c-/trading-bot-c-/src/BotCore/BotCore.csproj]
/home/runner/work/trading-bot-c-/trading-bot-c-/src/BotCore/Services/TradingSystemIntegrationService.cs(763,17): error CA1848: For improved performance, use the LoggerMessage delegates instead of calling 'LoggerExtensions.LogWarning(ILogger, Exception?, string?, params object?[])' (https://learn.microsoft.com/dotnet/fundamentals/code-analysis/quality-rules/ca1848) [/home/runner/work/trading-bot-c-/trading-bot-c-/src/BotCore/BotCore.csproj]
/home/runner/work/trading-bot-c-/trading-bot-c-/src/BotCore/Services/TradingBotTuningRunner.cs(642,13): error S1172: Remove this unused method parameter 'cancellationToken'. (https://rules.sonarsource.com/csharp/RSPEC-1172) [/home/runner/work/trading-bot-c-/trading-bot-c-/src/BotCore/BotCore.csproj]
/home/runner/work/trading-bot-c-/trading-bot-c-/src/BotCore/Services/TradingBotTuningRunner.cs(686,13): error CA1848: For improved performance, use the LoggerMessage delegates instead of calling 'LoggerExtensions.LogDebug(ILogger, string?, params object?[])' (https://learn.microsoft.com/dotnet/fundamentals/code-analysis/quality-rules/ca1848) [/home/runner/work/trading-bot-c-/trading-bot-c-/src/BotCore/BotCore.csproj]
/home/runner/work/trading-bot-c-/trading-bot-c-/src/BotCore/Services/ErrorHandlingMonitoringSystem.cs(467,17): error CA1848: For improved performance, use the LoggerMessage delegates instead of calling 'LoggerExtensions.LogInformation(ILogger, string?, params object?[])' (https://learn.microsoft.com/dotnet/fundamentals/code-analysis/quality-rules/ca1848) [/home/runner/work/trading-bot-c-/trading-bot-c-/src/BotCore/BotCore.csproj]
/home/runner/work/trading-bot-c-/trading-bot-c-/src/BotCore/Services/ErrorHandlingMonitoringSystem.cs(472,17): error CA1848: For improved performance, use the LoggerMessage delegates instead of calling 'LoggerExtensions.LogError(ILogger, Exception?, string?, params object?[])' (https://learn.microsoft.com/dotnet/fundamentals/code-analysis/quality-rules/ca1848) [/home/runner/work/trading-bot-c-/trading-bot-c-/src/BotCore/BotCore.csproj]
/home/runner/work/trading-bot-c-/trading-bot-c-/src/BotCore/Services/ErrorHandlingMonitoringSystem.cs(476,17): error CA1848: For improved performance, use the LoggerMessage delegates instead of calling 'LoggerExtensions.LogError(ILogger, Exception?, string?, params object?[])' (https://learn.microsoft.com/dotnet/fundamentals/code-analysis/quality-rules/ca1848) [/home/runner/work/trading-bot-c-/trading-bot-c-/src/BotCore/BotCore.csproj]
/home/runner/work/trading-bot-c-/trading-bot-c-/src/BotCore/Services/ErrorHandlingMonitoringSystem.cs(480,17): error CA1848: For improved performance, use the LoggerMessage delegates instead of calling 'LoggerExtensions.LogError(ILogger, Exception?, string?, params object?[])' (https://learn.microsoft.com/dotnet/fundamentals/code-analysis/quality-rules/ca1848) [/home/runner/work/trading-bot-c-/trading-bot-c-/src/BotCore/BotCore.csproj]
/home/runner/work/trading-bot-c-/trading-bot-c-/src/BotCore/Bandits/NeuralUcbExtended.cs(192,13): error CA1848: For improved performance, use the LoggerMessage delegates instead of calling 'LoggerExtensions.LogDebug(ILogger, string?, params object?[])' (https://learn.microsoft.com/dotnet/fundamentals/code-analysis/quality-rules/ca1848) [/home/runner/work/trading-bot-c-/trading-bot-c-/src/BotCore/BotCore.csproj]
/home/runner/work/trading-bot-c-/trading-bot-c-/src/BotCore/Bandits/NeuralUcbExtended.cs(203,13): error CA1848: For improved performance, use the LoggerMessage delegates instead of calling 'LoggerExtensions.LogDebug(ILogger, string?, params object?[])' (https://learn.microsoft.com/dotnet/fundamentals/code-analysis/quality-rules/ca1848) [/home/runner/work/trading-bot-c-/trading-bot-c-/src/BotCore/BotCore.csproj]
/home/runner/work/trading-bot-c-/trading-bot-c-/src/BotCore/Bandits/NeuralUcbExtended.cs(207,13): error CA1848: For improved performance, use the LoggerMessage delegates instead of calling 'LoggerExtensions.LogError(ILogger, Exception?, string?, params object?[])' (https://learn.microsoft.com/dotnet/fundamentals/code-analysis/quality-rules/ca1848) [/home/runner/work/trading-bot-c-/trading-bot-c-/src/BotCore/BotCore.csproj]
/home/runner/work/trading-bot-c-/trading-bot-c-/src/BotCore/Bandits/NeuralUcbExtended.cs(211,13): error CA1848: For improved performance, use the LoggerMessage delegates instead of calling 'LoggerExtensions.LogError(ILogger, Exception?, string?, params object?[])' (https://learn.microsoft.com/dotnet/fundamentals/code-analysis/quality-rules/ca1848) [/home/runner/work/trading-bot-c-/trading-bot-c-/src/BotCore/BotCore.csproj]
/home/runner/work/trading-bot-c-/trading-bot-c-/src/BotCore/Services/OrderFillConfirmationSystem.cs(192,21): error CA1848: For improved performance, use the LoggerMessage delegates instead of calling 'LoggerExtensions.LogWarning(ILogger, string?, params object?[])' (https://learn.microsoft.com/dotnet/fundamentals/code-analysis/quality-rules/ca1848) [/home/runner/work/trading-bot-c-/trading-bot-c-/src/BotCore/BotCore.csproj]
/home/runner/work/trading-bot-c-/trading-bot-c-/src/BotCore/Services/OrderFillConfirmationSystem.cs(198,17): error CA1848: For improved performance, use the LoggerMessage delegates instead of calling 'LoggerExtensions.LogError(ILogger, Exception?, string?, params object?[])' (https://learn.microsoft.com/dotnet/fundamentals/code-analysis/quality-rules/ca1848) [/home/runner/work/trading-bot-c-/trading-bot-c-/src/BotCore/BotCore.csproj]
/home/runner/work/trading-bot-c-/trading-bot-c-/src/BotCore/Services/OrderFillConfirmationSystem.cs(203,17): error CA1848: For improved performance, use the LoggerMessage delegates instead of calling 'LoggerExtensions.LogError(ILogger, Exception?, string?, params object?[])' (https://learn.microsoft.com/dotnet/fundamentals/code-analysis/quality-rules/ca1848) [/home/runner/work/trading-bot-c-/trading-bot-c-/src/BotCore/BotCore.csproj]
/home/runner/work/trading-bot-c-/trading-bot-c-/src/BotCore/Services/OrderFillConfirmationSystem.cs(208,17): error CA1848: For improved performance, use the LoggerMessage delegates instead of calling 'LoggerExtensions.LogError(ILogger, Exception?, string?, params object?[])' (https://learn.microsoft.com/dotnet/fundamentals/code-analysis/quality-rules/ca1848) [/home/runner/work/trading-bot-c-/trading-bot-c-/src/BotCore/BotCore.csproj]
/home/runner/work/trading-bot-c-/trading-bot-c-/src/BotCore/Testing/ProductionGuardrailTester.cs(187,9): error CA1848: For improved performance, use the LoggerMessage delegates instead of calling 'LoggerExtensions.LogInformation(ILogger, string?, params object?[])' (https://learn.microsoft.com/dotnet/fundamentals/code-analysis/quality-rules/ca1848) [/home/runner/work/trading-bot-c-/trading-bot-c-/src/BotCore/BotCore.csproj]
/home/runner/work/trading-bot-c-/trading-bot-c-/src/BotCore/Testing/ProductionGuardrailTester.cs(200,17): error CA1848: For improved performance, use the LoggerMessage delegates instead of calling 'LoggerExtensions.LogInformation(ILogger, string?, params object?[])' (https://learn.microsoft.com/dotnet/fundamentals/code-analysis/quality-rules/ca1848) [/home/runner/work/trading-bot-c-/trading-bot-c-/src/BotCore/BotCore.csproj]
/home/runner/work/trading-bot-c-/trading-bot-c-/src/BotCore/Testing/ProductionGuardrailTester.cs(206,17): error CA1848: For improved performance, use the LoggerMessage delegates instead of calling 'LoggerExtensions.LogError(ILogger, string?, params object?[])' (https://learn.microsoft.com/dotnet/fundamentals/code-analysis/quality-rules/ca1848) [/home/runner/work/trading-bot-c-/trading-bot-c-/src/BotCore/BotCore.csproj]
/home/runner/work/trading-bot-c-/trading-bot-c-/src/BotCore/Testing/ProductionGuardrailTester.cs(213,13): error CA1848: For improved performance, use the LoggerMessage delegates instead of calling 'LoggerExtensions.LogError(ILogger, Exception?, string?, params object?[])' (https://learn.microsoft.com/dotnet/fundamentals/code-analysis/quality-rules/ca1848) [/home/runner/work/trading-bot-c-/trading-bot-c-/src/BotCore/BotCore.csproj]
/home/runner/work/trading-bot-c-/trading-bot-c-/src/BotCore/Testing/ProductionGuardrailTester.cs(218,13): error CA1848: For improved performance, use the LoggerMessage delegates instead of calling 'LoggerExtensions.LogError(ILogger, Exception?, string?, params object?[])' (https://learn.microsoft.com/dotnet/fundamentals/code-analysis/quality-rules/ca1848) [/home/runner/work/trading-bot-c-/trading-bot-c-/src/BotCore/BotCore.csproj]
/home/runner/work/trading-bot-c-/trading-bot-c-/src/BotCore/Testing/ProductionGuardrailTester.cs(223,13): error CA1848: For improved performance, use the LoggerMessage delegates instead of calling 'LoggerExtensions.LogError(ILogger, Exception?, string?, params object?[])' (https://learn.microsoft.com/dotnet/fundamentals/code-analysis/quality-rules/ca1848) [/home/runner/work/trading-bot-c-/trading-bot-c-/src/BotCore/BotCore.csproj]
/home/runner/work/trading-bot-c-/trading-bot-c-/src/BotCore/Testing/ProductionGuardrailTester.cs(228,18): error S1541: The Cyclomatic Complexity of this method is 16 which is greater than 10 authorized. (https://rules.sonarsource.com/csharp/RSPEC-1541) [/home/runner/work/trading-bot-c-/trading-bot-c-/src/BotCore/BotCore.csproj]
/home/runner/work/trading-bot-c-/trading-bot-c-/src/BotCore/Bandits/NeuralUcbExtended.cs(261,13): error CA1848: For improved performance, use the LoggerMessage delegates instead of calling 'LoggerExtensions.LogError(ILogger, Exception?, string?, params object?[])' (https://learn.microsoft.com/dotnet/fundamentals/code-analysis/quality-rules/ca1848) [/home/runner/work/trading-bot-c-/trading-bot-c-/src/BotCore/BotCore.csproj]
/home/runner/work/trading-bot-c-/trading-bot-c-/src/BotCore/Bandits/NeuralUcbExtended.cs(266,13): error CA1848: For improved performance, use the LoggerMessage delegates instead of calling 'LoggerExtensions.LogError(ILogger, Exception?, string?, params object?[])' (https://learn.microsoft.com/dotnet/fundamentals/code-analysis/quality-rules/ca1848) [/home/runner/work/trading-bot-c-/trading-bot-c-/src/BotCore/BotCore.csproj]
/home/runner/work/trading-bot-c-/trading-bot-c-/src/BotCore/Testing/ProductionGuardrailTester.cs(246,108): error S2583: Remove this unnecessary check for null. Some code paths are unreachable. (https://rules.sonarsource.com/csharp/RSPEC-2583) [/home/runner/work/trading-bot-c-/trading-bot-c-/src/BotCore/BotCore.csproj]
/home/runner/work/trading-bot-c-/trading-bot-c-/src/BotCore/Testing/ProductionGuardrailTester.cs(246,108): error S2589: Remove this unnecessary check for null. (https://rules.sonarsource.com/csharp/RSPEC-2589) [/home/runner/work/trading-bot-c-/trading-bot-c-/src/BotCore/BotCore.csproj]
/home/runner/work/trading-bot-c-/trading-bot-c-/src/BotCore/Testing/ProductionGuardrailTester.cs(246,197): error S2583: Remove this unnecessary check for null. Some code paths are unreachable. (https://rules.sonarsource.com/csharp/RSPEC-2583) [/home/runner/work/trading-bot-c-/trading-bot-c-/src/BotCore/BotCore.csproj]
/home/runner/work/trading-bot-c-/trading-bot-c-/src/BotCore/Testing/ProductionGuardrailTester.cs(246,197): error S2589: Remove this unnecessary check for null. (https://rules.sonarsource.com/csharp/RSPEC-2589) [/home/runner/work/trading-bot-c-/trading-bot-c-/src/BotCore/BotCore.csproj]
/home/runner/work/trading-bot-c-/trading-bot-c-/src/BotCore/Testing/ProductionGuardrailTester.cs(246,21): error S2589: Remove this unnecessary check for null. (https://rules.sonarsource.com/csharp/RSPEC-2589) [/home/runner/work/trading-bot-c-/trading-bot-c-/src/BotCore/BotCore.csproj]
/home/runner/work/trading-bot-c-/trading-bot-c-/src/BotCore/Testing/ProductionGuardrailTester.cs(230,9): error CA1848: For improved performance, use the LoggerMessage delegates instead of calling 'LoggerExtensions.LogInformation(ILogger, string?, params object?[])' (https://learn.microsoft.com/dotnet/fundamentals/code-analysis/quality-rules/ca1848) [/home/runner/work/trading-bot-c-/trading-bot-c-/src/BotCore/BotCore.csproj]
/home/runner/work/trading-bot-c-/trading-bot-c-/src/BotCore/Testing/ProductionGuardrailTester.cs(245,17): error CA1848: For improved performance, use the LoggerMessage delegates instead of calling 'LoggerExtensions.LogInformation(ILogger, string?, params object?[])' (https://learn.microsoft.com/dotnet/fundamentals/code-analysis/quality-rules/ca1848) [/home/runner/work/trading-bot-c-/trading-bot-c-/src/BotCore/BotCore.csproj]
/home/runner/work/trading-bot-c-/trading-bot-c-/src/BotCore/Testing/ProductionGuardrailTester.cs(251,17): error CA1848: For improved performance, use the LoggerMessage delegates instead of calling 'LoggerExtensions.LogError(ILogger, string?, params object?[])' (https://learn.microsoft.com/dotnet/fundamentals/code-analysis/quality-rules/ca1848) [/home/runner/work/trading-bot-c-/trading-bot-c-/src/BotCore/BotCore.csproj]
/home/runner/work/trading-bot-c-/trading-bot-c-/src/BotCore/Testing/ProductionGuardrailTester.cs(258,13): error CA1848: For improved performance, use the LoggerMessage delegates instead of calling 'LoggerExtensions.LogError(ILogger, Exception?, string?, params object?[])' (https://learn.microsoft.com/dotnet/fundamentals/code-analysis/quality-rules/ca1848) [/home/runner/work/trading-bot-c-/trading-bot-c-/src/BotCore/BotCore.csproj]
/home/runner/work/trading-bot-c-/trading-bot-c-/src/BotCore/Testing/ProductionGuardrailTester.cs(263,13): error CA1848: For improved performance, use the LoggerMessage delegates instead of calling 'LoggerExtensions.LogError(ILogger, Exception?, string?, params object?[])' (https://learn.microsoft.com/dotnet/fundamentals/code-analysis/quality-rules/ca1848) [/home/runner/work/trading-bot-c-/trading-bot-c-/src/BotCore/BotCore.csproj]
/home/runner/work/trading-bot-c-/trading-bot-c-/src/BotCore/Testing/ProductionGuardrailTester.cs(268,13): error CA1848: For improved performance, use the LoggerMessage delegates instead of calling 'LoggerExtensions.LogError(ILogger, Exception?, string?, params object?[])' (https://learn.microsoft.com/dotnet/fundamentals/code-analysis/quality-rules/ca1848) [/home/runner/work/trading-bot-c-/trading-bot-c-/src/BotCore/BotCore.csproj]
/home/runner/work/trading-bot-c-/trading-bot-c-/src/BotCore/Services/ErrorHandlingMonitoringSystem.cs(501,21): error CA1848: For improved performance, use the LoggerMessage delegates instead of calling 'LoggerExtensions.LogDebug(ILogger, string?, params object?[])' (https://learn.microsoft.com/dotnet/fundamentals/code-analysis/quality-rules/ca1848) [/home/runner/work/trading-bot-c-/trading-bot-c-/src/BotCore/BotCore.csproj]
/home/runner/work/trading-bot-c-/trading-bot-c-/src/BotCore/Services/ErrorHandlingMonitoringSystem.cs(506,17): error CA1848: For improved performance, use the LoggerMessage delegates instead of calling 'LoggerExtensions.LogWarning(ILogger, Exception?, string?, params object?[])' (https://learn.microsoft.com/dotnet/fundamentals/code-analysis/quality-rules/ca1848) [/home/runner/work/trading-bot-c-/trading-bot-c-/src/BotCore/BotCore.csproj]
/home/runner/work/trading-bot-c-/trading-bot-c-/src/BotCore/Services/ErrorHandlingMonitoringSystem.cs(510,17): error CA1848: For improved performance, use the LoggerMessage delegates instead of calling 'LoggerExtensions.LogWarning(ILogger, Exception?, string?, params object?[])' (https://learn.microsoft.com/dotnet/fundamentals/code-analysis/quality-rules/ca1848) [/home/runner/work/trading-bot-c-/trading-bot-c-/src/BotCore/BotCore.csproj]
/home/runner/work/trading-bot-c-/trading-bot-c-/src/BotCore/Testing/ProductionGuardrailTester.cs(275,9): error CA1848: For improved performance, use the LoggerMessage delegates instead of calling 'LoggerExtensions.LogInformation(ILogger, string?, params object?[])' (https://learn.microsoft.com/dotnet/fundamentals/code-analysis/quality-rules/ca1848) [/home/runner/work/trading-bot-c-/trading-bot-c-/src/BotCore/BotCore.csproj]
/home/runner/work/trading-bot-c-/trading-bot-c-/src/BotCore/Testing/ProductionGuardrailTester.cs(296,17): error CA1848: For improved performance, use the LoggerMessage delegates instead of calling 'LoggerExtensions.LogInformation(ILogger, string?, params object?[])' (https://learn.microsoft.com/dotnet/fundamentals/code-analysis/quality-rules/ca1848) [/home/runner/work/trading-bot-c-/trading-bot-c-/src/BotCore/BotCore.csproj]
/home/runner/work/trading-bot-c-/trading-bot-c-/src/BotCore/Testing/ProductionGuardrailTester.cs(302,17): error CA1848: For improved performance, use the LoggerMessage delegates instead of calling 'LoggerExtensions.LogError(ILogger, string?, params object?[])' (https://learn.microsoft.com/dotnet/fundamentals/code-analysis/quality-rules/ca1848) [/home/runner/work/trading-bot-c-/trading-bot-c-/src/BotCore/BotCore.csproj]
/home/runner/work/trading-bot-c-/trading-bot-c-/src/BotCore/Testing/ProductionGuardrailTester.cs(309,13): error CA1848: For improved performance, use the LoggerMessage delegates instead of calling 'LoggerExtensions.LogError(ILogger, Exception?, string?, params object?[])' (https://learn.microsoft.com/dotnet/fundamentals/code-analysis/quality-rules/ca1848) [/home/runner/work/trading-bot-c-/trading-bot-c-/src/BotCore/BotCore.csproj]
/home/runner/work/trading-bot-c-/trading-bot-c-/src/BotCore/Testing/ProductionGuardrailTester.cs(314,13): error CA1848: For improved performance, use the LoggerMessage delegates instead of calling 'LoggerExtensions.LogError(ILogger, Exception?, string?, params object?[])' (https://learn.microsoft.com/dotnet/fundamentals/code-analysis/quality-rules/ca1848) [/home/runner/work/trading-bot-c-/trading-bot-c-/src/BotCore/BotCore.csproj]
/home/runner/work/trading-bot-c-/trading-bot-c-/src/BotCore/Testing/ProductionGuardrailTester.cs(319,13): error CA1848: For improved performance, use the LoggerMessage delegates instead of calling 'LoggerExtensions.LogError(ILogger, Exception?, string?, params object?[])' (https://learn.microsoft.com/dotnet/fundamentals/code-analysis/quality-rules/ca1848) [/home/runner/work/trading-bot-c-/trading-bot-c-/src/BotCore/BotCore.csproj]
/home/runner/work/trading-bot-c-/trading-bot-c-/src/BotCore/Services/TradingSystemIntegrationService.cs(795,17): error CA1848: For improved performance, use the LoggerMessage delegates instead of calling 'LoggerExtensions.LogDebug(ILogger, string?, params object?[])' (https://learn.microsoft.com/dotnet/fundamentals/code-analysis/quality-rules/ca1848) [/home/runner/work/trading-bot-c-/trading-bot-c-/src/BotCore/BotCore.csproj]
/home/runner/work/trading-bot-c-/trading-bot-c-/src/BotCore/Services/TradingSystemIntegrationService.cs(802,17): error CA1848: For improved performance, use the LoggerMessage delegates instead of calling 'LoggerExtensions.LogError(ILogger, Exception?, string?, params object?[])' (https://learn.microsoft.com/dotnet/fundamentals/code-analysis/quality-rules/ca1848) [/home/runner/work/trading-bot-c-/trading-bot-c-/src/BotCore/BotCore.csproj]
/home/runner/work/trading-bot-c-/trading-bot-c-/src/BotCore/Services/TradingSystemIntegrationService.cs(807,17): error CA1848: For improved performance, use the LoggerMessage delegates instead of calling 'LoggerExtensions.LogError(ILogger, Exception?, string?, params object?[])' (https://learn.microsoft.com/dotnet/fundamentals/code-analysis/quality-rules/ca1848) [/home/runner/work/trading-bot-c-/trading-bot-c-/src/BotCore/BotCore.csproj]
/home/runner/work/trading-bot-c-/trading-bot-c-/src/BotCore/Services/TradingSystemIntegrationService.cs(812,17): error CA1848: For improved performance, use the LoggerMessage delegates instead of calling 'LoggerExtensions.LogWarning(ILogger, Exception?, string?, params object?[])' (https://learn.microsoft.com/dotnet/fundamentals/code-analysis/quality-rules/ca1848) [/home/runner/work/trading-bot-c-/trading-bot-c-/src/BotCore/BotCore.csproj]
/home/runner/work/trading-bot-c-/trading-bot-c-/src/BotCore/Bandits/NeuralUcbExtended.cs(284,13): error CA1848: For improved performance, use the LoggerMessage delegates instead of calling 'LoggerExtensions.LogError(ILogger, Exception?, string?, params object?[])' (https://learn.microsoft.com/dotnet/fundamentals/code-analysis/quality-rules/ca1848) [/home/runner/work/trading-bot-c-/trading-bot-c-/src/BotCore/BotCore.csproj]
/home/runner/work/trading-bot-c-/trading-bot-c-/src/BotCore/Services/OrderFillConfirmationSystem.cs(270,17): error CA1848: For improved performance, use the LoggerMessage delegates instead of calling 'LoggerExtensions.LogError(ILogger, Exception?, string?, params object?[])' (https://learn.microsoft.com/dotnet/fundamentals/code-analysis/quality-rules/ca1848) [/home/runner/work/trading-bot-c-/trading-bot-c-/src/BotCore/BotCore.csproj]
/home/runner/work/trading-bot-c-/trading-bot-c-/src/BotCore/Services/OrderFillConfirmationSystem.cs(274,17): error CA1848: For improved performance, use the LoggerMessage delegates instead of calling 'LoggerExtensions.LogError(ILogger, Exception?, string?, params object?[])' (https://learn.microsoft.com/dotnet/fundamentals/code-analysis/quality-rules/ca1848) [/home/runner/work/trading-bot-c-/trading-bot-c-/src/BotCore/BotCore.csproj]
/home/runner/work/trading-bot-c-/trading-bot-c-/src/BotCore/Services/OrderFillConfirmationSystem.cs(278,17): error CA1848: For improved performance, use the LoggerMessage delegates instead of calling 'LoggerExtensions.LogError(ILogger, Exception?, string?, params object?[])' (https://learn.microsoft.com/dotnet/fundamentals/code-analysis/quality-rules/ca1848) [/home/runner/work/trading-bot-c-/trading-bot-c-/src/BotCore/BotCore.csproj]
/home/runner/work/trading-bot-c-/trading-bot-c-/src/BotCore/Services/ErrorHandlingMonitoringSystem.cs(561,17): error CA1848: For improved performance, use the LoggerMessage delegates instead of calling 'LoggerExtensions.LogInformation(ILogger, string?, params object?[])' (https://learn.microsoft.com/dotnet/fundamentals/code-analysis/quality-rules/ca1848) [/home/runner/work/trading-bot-c-/trading-bot-c-/src/BotCore/BotCore.csproj]
/home/runner/work/trading-bot-c-/trading-bot-c-/src/BotCore/Services/TradingBotTuningRunner.cs(754,17): error CA1848: For improved performance, use the LoggerMessage delegates instead of calling 'LoggerExtensions.LogInformation(ILogger, string?, params object?[])' (https://learn.microsoft.com/dotnet/fundamentals/code-analysis/quality-rules/ca1848) [/home/runner/work/trading-bot-c-/trading-bot-c-/src/BotCore/BotCore.csproj]
/home/runner/work/trading-bot-c-/trading-bot-c-/src/BotCore/Services/TradingBotTuningRunner.cs(758,17): error CA1848: For improved performance, use the LoggerMessage delegates instead of calling 'LoggerExtensions.LogError(ILogger, Exception?, string?, params object?[])' (https://learn.microsoft.com/dotnet/fundamentals/code-analysis/quality-rules/ca1848) [/home/runner/work/trading-bot-c-/trading-bot-c-/src/BotCore/BotCore.csproj]
/home/runner/work/trading-bot-c-/trading-bot-c-/src/BotCore/Services/TradingBotTuningRunner.cs(762,17): error CA1848: For improved performance, use the LoggerMessage delegates instead of calling 'LoggerExtensions.LogError(ILogger, Exception?, string?, params object?[])' (https://learn.microsoft.com/dotnet/fundamentals/code-analysis/quality-rules/ca1848) [/home/runner/work/trading-bot-c-/trading-bot-c-/src/BotCore/BotCore.csproj]
/home/runner/work/trading-bot-c-/trading-bot-c-/src/BotCore/Services/TradingBotTuningRunner.cs(766,17): error CA1848: For improved performance, use the LoggerMessage delegates instead of calling 'LoggerExtensions.LogError(ILogger, Exception?, string?, params object?[])' (https://learn.microsoft.com/dotnet/fundamentals/code-analysis/quality-rules/ca1848) [/home/runner/work/trading-bot-c-/trading-bot-c-/src/BotCore/BotCore.csproj]
/home/runner/work/trading-bot-c-/trading-bot-c-/src/BotCore/Services/OrderFillConfirmationSystem.cs(300,25): error CA1848: For improved performance, use the LoggerMessage delegates instead of calling 'LoggerExtensions.LogDebug(ILogger, string?, params object?[])' (https://learn.microsoft.com/dotnet/fundamentals/code-analysis/quality-rules/ca1848) [/home/runner/work/trading-bot-c-/trading-bot-c-/src/BotCore/BotCore.csproj]
/home/runner/work/trading-bot-c-/trading-bot-c-/src/BotCore/Services/OrderFillConfirmationSystem.cs(307,17): error CA1848: For improved performance, use the LoggerMessage delegates instead of calling 'LoggerExtensions.LogWarning(ILogger, Exception?, string?, params object?[])' (https://learn.microsoft.com/dotnet/fundamentals/code-analysis/quality-rules/ca1848) [/home/runner/work/trading-bot-c-/trading-bot-c-/src/BotCore/BotCore.csproj]
/home/runner/work/trading-bot-c-/trading-bot-c-/src/BotCore/Services/OrderFillConfirmationSystem.cs(311,17): error CA1848: For improved performance, use the LoggerMessage delegates instead of calling 'LoggerExtensions.LogWarning(ILogger, Exception?, string?, params object?[])' (https://learn.microsoft.com/dotnet/fundamentals/code-analysis/quality-rules/ca1848) [/home/runner/work/trading-bot-c-/trading-bot-c-/src/BotCore/BotCore.csproj]
/home/runner/work/trading-bot-c-/trading-bot-c-/src/BotCore/Services/OrderFillConfirmationSystem.cs(315,17): error CA1848: For improved performance, use the LoggerMessage delegates instead of calling 'LoggerExtensions.LogWarning(ILogger, Exception?, string?, params object?[])' (https://learn.microsoft.com/dotnet/fundamentals/code-analysis/quality-rules/ca1848) [/home/runner/work/trading-bot-c-/trading-bot-c-/src/BotCore/BotCore.csproj]
/home/runner/work/trading-bot-c-/trading-bot-c-/src/BotCore/Services/OrderFillConfirmationSystem.cs(319,17): error CA1848: For improved performance, use the LoggerMessage delegates instead of calling 'LoggerExtensions.LogWarning(ILogger, Exception?, string?, params object?[])' (https://learn.microsoft.com/dotnet/fundamentals/code-analysis/quality-rules/ca1848) [/home/runner/work/trading-bot-c-/trading-bot-c-/src/BotCore/BotCore.csproj]
/home/runner/work/trading-bot-c-/trading-bot-c-/src/BotCore/Services/OrderFillConfirmationSystem.cs(348,25): error CA1848: For improved performance, use the LoggerMessage delegates instead of calling 'LoggerExtensions.LogInformation(ILogger, string?, params object?[])' (https://learn.microsoft.com/dotnet/fundamentals/code-analysis/quality-rules/ca1848) [/home/runner/work/trading-bot-c-/trading-bot-c-/src/BotCore/BotCore.csproj]
/home/runner/work/trading-bot-c-/trading-bot-c-/src/BotCore/Services/OrderFillConfirmationSystem.cs(357,17): error CA1848: For improved performance, use the LoggerMessage delegates instead of calling 'LoggerExtensions.LogError(ILogger, Exception?, string?, params object?[])' (https://learn.microsoft.com/dotnet/fundamentals/code-analysis/quality-rules/ca1848) [/home/runner/work/trading-bot-c-/trading-bot-c-/src/BotCore/BotCore.csproj]
/home/runner/work/trading-bot-c-/trading-bot-c-/src/BotCore/Services/OrderFillConfirmationSystem.cs(362,17): error CA1848: For improved performance, use the LoggerMessage delegates instead of calling 'LoggerExtensions.LogError(ILogger, Exception?, string?, params object?[])' (https://learn.microsoft.com/dotnet/fundamentals/code-analysis/quality-rules/ca1848) [/home/runner/work/trading-bot-c-/trading-bot-c-/src/BotCore/BotCore.csproj]
/home/runner/work/trading-bot-c-/trading-bot-c-/src/BotCore/Services/OrderFillConfirmationSystem.cs(367,17): error CA1848: For improved performance, use the LoggerMessage delegates instead of calling 'LoggerExtensions.LogError(ILogger, Exception?, string?, params object?[])' (https://learn.microsoft.com/dotnet/fundamentals/code-analysis/quality-rules/ca1848) [/home/runner/work/trading-bot-c-/trading-bot-c-/src/BotCore/BotCore.csproj]
/home/runner/work/trading-bot-c-/trading-bot-c-/src/BotCore/Services/OrderFillConfirmationSystem.cs(372,17): error CA1848: For improved performance, use the LoggerMessage delegates instead of calling 'LoggerExtensions.LogError(ILogger, Exception?, string?, params object?[])' (https://learn.microsoft.com/dotnet/fundamentals/code-analysis/quality-rules/ca1848) [/home/runner/work/trading-bot-c-/trading-bot-c-/src/BotCore/BotCore.csproj]
/home/runner/work/trading-bot-c-/trading-bot-c-/src/BotCore/Services/OrderFillConfirmationSystem.cs(377,17): error CA1848: For improved performance, use the LoggerMessage delegates instead of calling 'LoggerExtensions.LogError(ILogger, Exception?, string?, params object?[])' (https://learn.microsoft.com/dotnet/fundamentals/code-analysis/quality-rules/ca1848) [/home/runner/work/trading-bot-c-/trading-bot-c-/src/BotCore/BotCore.csproj]
/home/runner/work/trading-bot-c-/trading-bot-c-/src/BotCore/Bandits/NeuralUcbExtended.cs(332,13): error CA1848: For improved performance, use the LoggerMessage delegates instead of calling 'LoggerExtensions.LogWarning(ILogger, string?, params object?[])' (https://learn.microsoft.com/dotnet/fundamentals/code-analysis/quality-rules/ca1848) [/home/runner/work/trading-bot-c-/trading-bot-c-/src/BotCore/BotCore.csproj]
/home/runner/work/trading-bot-c-/trading-bot-c-/src/BotCore/Bandits/NeuralUcbExtended.cs(339,9): error CA1848: For improved performance, use the LoggerMessage delegates instead of calling 'LoggerExtensions.LogDebug(ILogger, string?, params object?[])' (https://learn.microsoft.com/dotnet/fundamentals/code-analysis/quality-rules/ca1848) [/home/runner/work/trading-bot-c-/trading-bot-c-/src/BotCore/BotCore.csproj]
/home/runner/work/trading-bot-c-/trading-bot-c-/src/BotCore/Bandits/NeuralUcbExtended.cs(348,35): error S1541: The Cyclomatic Complexity of this method is 14 which is greater than 10 authorized. (https://rules.sonarsource.com/csharp/RSPEC-1541) [/home/runner/work/trading-bot-c-/trading-bot-c-/src/BotCore/BotCore.csproj]
/home/runner/work/trading-bot-c-/trading-bot-c-/src/BotCore/Bandits/NeuralUcbExtended.cs(396,13): error CA1848: For improved performance, use the LoggerMessage delegates instead of calling 'LoggerExtensions.LogDebug(ILogger, string?, params object?[])' (https://learn.microsoft.com/dotnet/fundamentals/code-analysis/quality-rules/ca1848) [/home/runner/work/trading-bot-c-/trading-bot-c-/src/BotCore/BotCore.csproj]
/home/runner/work/trading-bot-c-/trading-bot-c-/src/BotCore/Services/TradingSystemIntegrationService.cs(907,17): error CA1848: For improved performance, use the LoggerMessage delegates instead of calling 'LoggerExtensions.LogInformation(ILogger, string?, params object?[])' (https://learn.microsoft.com/dotnet/fundamentals/code-analysis/quality-rules/ca1848) [/home/runner/work/trading-bot-c-/trading-bot-c-/src/BotCore/BotCore.csproj]
/home/runner/work/trading-bot-c-/trading-bot-c-/src/BotCore/Services/TradingSystemIntegrationService.cs(914,17): error CA1848: For improved performance, use the LoggerMessage delegates instead of calling 'LoggerExtensions.LogError(ILogger, Exception?, string?, params object?[])' (https://learn.microsoft.com/dotnet/fundamentals/code-analysis/quality-rules/ca1848) [/home/runner/work/trading-bot-c-/trading-bot-c-/src/BotCore/BotCore.csproj]
/home/runner/work/trading-bot-c-/trading-bot-c-/src/BotCore/Services/TradingSystemIntegrationService.cs(919,17): error CA1848: For improved performance, use the LoggerMessage delegates instead of calling 'LoggerExtensions.LogError(ILogger, Exception?, string?, params object?[])' (https://learn.microsoft.com/dotnet/fundamentals/code-analysis/quality-rules/ca1848) [/home/runner/work/trading-bot-c-/trading-bot-c-/src/BotCore/BotCore.csproj]
/home/runner/work/trading-bot-c-/trading-bot-c-/src/BotCore/Services/TradingSystemIntegrationService.cs(940,21): error CA1848: For improved performance, use the LoggerMessage delegates instead of calling 'LoggerExtensions.LogInformation(ILogger, string?, params object?[])' (https://learn.microsoft.com/dotnet/fundamentals/code-analysis/quality-rules/ca1848) [/home/runner/work/trading-bot-c-/trading-bot-c-/src/BotCore/BotCore.csproj]
/home/runner/work/trading-bot-c-/trading-bot-c-/src/BotCore/Services/TradingSystemIntegrationService.cs(967,17): error CA1848: For improved performance, use the LoggerMessage delegates instead of calling 'LoggerExtensions.LogInformation(ILogger, string?, params object?[])' (https://learn.microsoft.com/dotnet/fundamentals/code-analysis/quality-rules/ca1848) [/home/runner/work/trading-bot-c-/trading-bot-c-/src/BotCore/BotCore.csproj]
/home/runner/work/trading-bot-c-/trading-bot-c-/src/BotCore/Services/TradingSystemIntegrationService.cs(977,17): error CA1848: For improved performance, use the LoggerMessage delegates instead of calling 'LoggerExtensions.LogError(ILogger, Exception?, string?, params object?[])' (https://learn.microsoft.com/dotnet/fundamentals/code-analysis/quality-rules/ca1848) [/home/runner/work/trading-bot-c-/trading-bot-c-/src/BotCore/BotCore.csproj]
/home/runner/work/trading-bot-c-/trading-bot-c-/src/BotCore/Services/TradingSystemIntegrationService.cs(981,17): error CA1848: For improved performance, use the LoggerMessage delegates instead of calling 'LoggerExtensions.LogError(ILogger, Exception?, string?, params object?[])' (https://learn.microsoft.com/dotnet/fundamentals/code-analysis/quality-rules/ca1848) [/home/runner/work/trading-bot-c-/trading-bot-c-/src/BotCore/BotCore.csproj]
/home/runner/work/trading-bot-c-/trading-bot-c-/src/BotCore/Services/TradingSystemIntegrationService.cs(985,17): error CA1848: For improved performance, use the LoggerMessage delegates instead of calling 'LoggerExtensions.LogWarning(ILogger, Exception?, string?, params object?[])' (https://learn.microsoft.com/dotnet/fundamentals/code-analysis/quality-rules/ca1848) [/home/runner/work/trading-bot-c-/trading-bot-c-/src/BotCore/BotCore.csproj]
/home/runner/work/trading-bot-c-/trading-bot-c-/src/BotCore/Bandits/NeuralUcbExtended.cs(416,98): error S1905: Remove this unnecessary cast to 'decimal'. (https://rules.sonarsource.com/csharp/RSPEC-1905) [/home/runner/work/trading-bot-c-/trading-bot-c-/src/BotCore/BotCore.csproj]
/home/runner/work/trading-bot-c-/trading-bot-c-/src/BotCore/Bandits/NeuralUcbExtended.cs(422,13): error S2589: Change this condition so that it does not always evaluate to 'True'. (https://rules.sonarsource.com/csharp/RSPEC-2589) [/home/runner/work/trading-bot-c-/trading-bot-c-/src/BotCore/BotCore.csproj]
/home/runner/work/trading-bot-c-/trading-bot-c-/src/BotCore/Bandits/NeuralUcbExtended.cs(425,13): error S2589: Change this condition so that it does not always evaluate to 'True'. (https://rules.sonarsource.com/csharp/RSPEC-2589) [/home/runner/work/trading-bot-c-/trading-bot-c-/src/BotCore/BotCore.csproj]
/home/runner/work/trading-bot-c-/trading-bot-c-/src/BotCore/Bandits/NeuralUcbExtended.cs(428,13): error S2589: Change this condition so that it does not always evaluate to 'True'. (https://rules.sonarsource.com/csharp/RSPEC-2589) [/home/runner/work/trading-bot-c-/trading-bot-c-/src/BotCore/BotCore.csproj]
/home/runner/work/trading-bot-c-/trading-bot-c-/src/BotCore/Bandits/NeuralUcbExtended.cs(431,13): error S2589: Change this condition so that it does not always evaluate to 'True'. (https://rules.sonarsource.com/csharp/RSPEC-2589) [/home/runner/work/trading-bot-c-/trading-bot-c-/src/BotCore/BotCore.csproj]
/home/runner/work/trading-bot-c-/trading-bot-c-/src/BotCore/Bandits/NeuralUcbExtended.cs(434,13): error S2589: Change this condition so that it does not always evaluate to 'True'. (https://rules.sonarsource.com/csharp/RSPEC-2589) [/home/runner/work/trading-bot-c-/trading-bot-c-/src/BotCore/BotCore.csproj]
/home/runner/work/trading-bot-c-/trading-bot-c-/src/BotCore/Services/TradingSystemIntegrationService.cs(994,13): error CA1848: For improved performance, use the LoggerMessage delegates instead of calling 'LoggerExtensions.LogInformation(ILogger, string?, params object?[])' (https://learn.microsoft.com/dotnet/fundamentals/code-analysis/quality-rules/ca1848) [/home/runner/work/trading-bot-c-/trading-bot-c-/src/BotCore/BotCore.csproj]
/home/runner/work/trading-bot-c-/trading-bot-c-/src/BotCore/Services/TradingSystemIntegrationService.cs(995,13): error CA1848: For improved performance, use the LoggerMessage delegates instead of calling 'LoggerExtensions.LogInformation(ILogger, string?, params object?[])' (https://learn.microsoft.com/dotnet/fundamentals/code-analysis/quality-rules/ca1848) [/home/runner/work/trading-bot-c-/trading-bot-c-/src/BotCore/BotCore.csproj]
/home/runner/work/trading-bot-c-/trading-bot-c-/src/BotCore/Services/TradingSystemIntegrationService.cs(996,13): error CA1848: For improved performance, use the LoggerMessage delegates instead of calling 'LoggerExtensions.LogInformation(ILogger, string?, params object?[])' (https://learn.microsoft.com/dotnet/fundamentals/code-analysis/quality-rules/ca1848) [/home/runner/work/trading-bot-c-/trading-bot-c-/src/BotCore/BotCore.csproj]
/home/runner/work/trading-bot-c-/trading-bot-c-/src/BotCore/Services/TradingSystemIntegrationService.cs(997,13): error CA1848: For improved performance, use the LoggerMessage delegates instead of calling 'LoggerExtensions.LogInformation(ILogger, string?, params object?[])' (https://learn.microsoft.com/dotnet/fundamentals/code-analysis/quality-rules/ca1848) [/home/runner/work/trading-bot-c-/trading-bot-c-/src/BotCore/BotCore.csproj]
/home/runner/work/trading-bot-c-/trading-bot-c-/src/BotCore/Services/TradingSystemIntegrationService.cs(1014,17): error CA1848: For improved performance, use the LoggerMessage delegates instead of calling 'LoggerExtensions.LogWarning(ILogger, string?, params object?[])' (https://learn.microsoft.com/dotnet/fundamentals/code-analysis/quality-rules/ca1848) [/home/runner/work/trading-bot-c-/trading-bot-c-/src/BotCore/BotCore.csproj]
/home/runner/work/trading-bot-c-/trading-bot-c-/src/BotCore/Bandits/NeuralUcbExtended.cs(450,31): error S1905: Remove this unnecessary cast to 'decimal'. (https://rules.sonarsource.com/csharp/RSPEC-1905) [/home/runner/work/trading-bot-c-/trading-bot-c-/src/BotCore/BotCore.csproj]
/home/runner/work/trading-bot-c-/trading-bot-c-/src/BotCore/Services/TradingBotSymbolSessionManager.cs(67,9): error AsyncFixer01: The method 'InitializeAsync' does not need to use async/await. (https://github.com/semihokur/AsyncFixer) [/home/runner/work/trading-bot-c-/trading-bot-c-/src/BotCore/BotCore.csproj]
/home/runner/work/trading-bot-c-/trading-bot-c-/src/BotCore/Services/TradingBotSymbolSessionManager.cs(83,17): error CA1848: For improved performance, use the LoggerMessage delegates instead of calling 'LoggerExtensions.LogDebug(ILogger, string?, params object?[])' (https://learn.microsoft.com/dotnet/fundamentals/code-analysis/quality-rules/ca1848) [/home/runner/work/trading-bot-c-/trading-bot-c-/src/BotCore/BotCore.csproj]
/home/runner/work/trading-bot-c-/trading-bot-c-/src/BotCore/Services/TradingBotSymbolSessionManager.cs(91,13): error CA1848: For improved performance, use the LoggerMessage delegates instead of calling 'LoggerExtensions.LogWarning(ILogger, string?, params object?[])' (https://learn.microsoft.com/dotnet/fundamentals/code-analysis/quality-rules/ca1848) [/home/runner/work/trading-bot-c-/trading-bot-c-/src/BotCore/BotCore.csproj]
/home/runner/work/trading-bot-c-/trading-bot-c-/src/BotCore/Services/TradingSystemIntegrationService.cs(1081,22): error S1541: The Cyclomatic Complexity of this method is 11 which is greater than 10 authorized. (https://rules.sonarsource.com/csharp/RSPEC-1541) [/home/runner/work/trading-bot-c-/trading-bot-c-/src/BotCore/BotCore.csproj]
/home/runner/work/trading-bot-c-/trading-bot-c-/src/BotCore/Services/TradingSystemIntegrationService.cs(1095,17): error CA1848: For improved performance, use the LoggerMessage delegates instead of calling 'LoggerExtensions.LogWarning(ILogger, string?, params object?[])' (https://learn.microsoft.com/dotnet/fundamentals/code-analysis/quality-rules/ca1848) [/home/runner/work/trading-bot-c-/trading-bot-c-/src/BotCore/BotCore.csproj]
/home/runner/work/trading-bot-c-/trading-bot-c-/src/BotCore/Services/TradingSystemIntegrationService.cs(1107,21): error CA1848: For improved performance, use the LoggerMessage delegates instead of calling 'LoggerExtensions.LogWarning(ILogger, string?, params object?[])' (https://learn.microsoft.com/dotnet/fundamentals/code-analysis/quality-rules/ca1848) [/home/runner/work/trading-bot-c-/trading-bot-c-/src/BotCore/BotCore.csproj]
/home/runner/work/trading-bot-c-/trading-bot-c-/src/BotCore/Services/TradingBotSymbolSessionManager.cs(108,17): error CA1848: For improved performance, use the LoggerMessage delegates instead of calling 'LoggerExtensions.LogDebug(ILogger, string?, params object?[])' (https://learn.microsoft.com/dotnet/fundamentals/code-analysis/quality-rules/ca1848) [/home/runner/work/trading-bot-c-/trading-bot-c-/src/BotCore/BotCore.csproj]
/home/runner/work/trading-bot-c-/trading-bot-c-/src/BotCore/Services/TradingBotSymbolSessionManager.cs(117,9): error AsyncFixer01: The method 'UpdateConfigurationAsync' does not need to use async/await. (https://github.com/semihokur/AsyncFixer) [/home/runner/work/trading-bot-c-/trading-bot-c-/src/BotCore/BotCore.csproj]
/home/runner/work/trading-bot-c-/trading-bot-c-/src/BotCore/Services/TradingBotSymbolSessionManager.cs(148,13): error CA1848: For improved performance, use the LoggerMessage delegates instead of calling 'LoggerExtensions.LogDebug(ILogger, string?, params object?[])' (https://learn.microsoft.com/dotnet/fundamentals/code-analysis/quality-rules/ca1848) [/home/runner/work/trading-bot-c-/trading-bot-c-/src/BotCore/BotCore.csproj]
/home/runner/work/trading-bot-c-/trading-bot-c-/src/BotCore/Services/TradingBotSymbolSessionManager.cs(131,13): error CA1848: For improved performance, use the LoggerMessage delegates instead of calling 'LoggerExtensions.LogInformation(ILogger, string?, params object?[])' (https://learn.microsoft.com/dotnet/fundamentals/code-analysis/quality-rules/ca1848) [/home/runner/work/trading-bot-c-/trading-bot-c-/src/BotCore/BotCore.csproj]
/home/runner/work/trading-bot-c-/trading-bot-c-/src/BotCore/Services/TradingBotSymbolSessionManager.cs(173,17): error CA1848: For improved performance, use the LoggerMessage delegates instead of calling 'LoggerExtensions.LogDebug(ILogger, string?, params object?[])' (https://learn.microsoft.com/dotnet/fundamentals/code-analysis/quality-rules/ca1848) [/home/runner/work/trading-bot-c-/trading-bot-c-/src/BotCore/BotCore.csproj]
/home/runner/work/trading-bot-c-/trading-bot-c-/src/BotCore/Services/TradingSystemIntegrationService.cs(1148,17): error CA1848: For improved performance, use the LoggerMessage delegates instead of calling 'LoggerExtensions.LogDebug(ILogger, string?, params object?[])' (https://learn.microsoft.com/dotnet/fundamentals/code-analysis/quality-rules/ca1848) [/home/runner/work/trading-bot-c-/trading-bot-c-/src/BotCore/BotCore.csproj]
/home/runner/work/trading-bot-c-/trading-bot-c-/src/BotCore/Services/TradingSystemIntegrationService.cs(1151,13): error CA1848: For improved performance, use the LoggerMessage delegates instead of calling 'LoggerExtensions.LogInformation(ILogger, string?, params object?[])' (https://learn.microsoft.com/dotnet/fundamentals/code-analysis/quality-rules/ca1848) [/home/runner/work/trading-bot-c-/trading-bot-c-/src/BotCore/BotCore.csproj]
/home/runner/work/trading-bot-c-/trading-bot-c-/src/BotCore/Services/TradingBotSymbolSessionManager.cs(185,32): error S1541: The Cyclomatic Complexity of this method is 15 which is greater than 10 authorized. (https://rules.sonarsource.com/csharp/RSPEC-1541) [/home/runner/work/trading-bot-c-/trading-bot-c-/src/BotCore/BotCore.csproj]
/home/runner/work/trading-bot-c-/trading-bot-c-/src/BotCore/Services/TradingSystemIntegrationService.cs(1171,17): error CA1848: For improved performance, use the LoggerMessage delegates instead of calling 'LoggerExtensions.LogInformation(ILogger, string?, params object?[])' (https://learn.microsoft.com/dotnet/fundamentals/code-analysis/quality-rules/ca1848) [/home/runner/work/trading-bot-c-/trading-bot-c-/src/BotCore/BotCore.csproj]
/home/runner/work/trading-bot-c-/trading-bot-c-/src/BotCore/Services/TradingSystemIntegrationService.cs(1176,17): error CA1848: For improved performance, use the LoggerMessage delegates instead of calling 'LoggerExtensions.LogError(ILogger, Exception?, string?, params object?[])' (https://learn.microsoft.com/dotnet/fundamentals/code-analysis/quality-rules/ca1848) [/home/runner/work/trading-bot-c-/trading-bot-c-/src/BotCore/BotCore.csproj]
/home/runner/work/trading-bot-c-/trading-bot-c-/src/BotCore/Services/TradingSystemIntegrationService.cs(1181,17): error CA1848: For improved performance, use the LoggerMessage delegates instead of calling 'LoggerExtensions.LogError(ILogger, Exception?, string?, params object?[])' (https://learn.microsoft.com/dotnet/fundamentals/code-analysis/quality-rules/ca1848) [/home/runner/work/trading-bot-c-/trading-bot-c-/src/BotCore/BotCore.csproj]
/home/runner/work/trading-bot-c-/trading-bot-c-/src/BotCore/Services/TradingBotSymbolSessionManager.cs(234,13): error CA1848: For improved performance, use the LoggerMessage delegates instead of calling 'LoggerExtensions.LogInformation(ILogger, string?, params object?[])' (https://learn.microsoft.com/dotnet/fundamentals/code-analysis/quality-rules/ca1848) [/home/runner/work/trading-bot-c-/trading-bot-c-/src/BotCore/BotCore.csproj]
/home/runner/work/trading-bot-c-/trading-bot-c-/src/BotCore/Services/TradingSystemIntegrationService.cs(1198,17): error CA1848: For improved performance, use the LoggerMessage delegates instead of calling 'LoggerExtensions.LogDebug(ILogger, string?, params object?[])' (https://learn.microsoft.com/dotnet/fundamentals/code-analysis/quality-rules/ca1848) [/home/runner/work/trading-bot-c-/trading-bot-c-/src/BotCore/BotCore.csproj]
/home/runner/work/trading-bot-c-/trading-bot-c-/src/BotCore/Services/TradingSystemIntegrationService.cs(1205,17): error CA1848: For improved performance, use the LoggerMessage delegates instead of calling 'LoggerExtensions.LogDebug(ILogger, string?, params object?[])' (https://learn.microsoft.com/dotnet/fundamentals/code-analysis/quality-rules/ca1848) [/home/runner/work/trading-bot-c-/trading-bot-c-/src/BotCore/BotCore.csproj]
/home/runner/work/trading-bot-c-/trading-bot-c-/src/BotCore/Services/TradingSystemIntegrationService.cs(1215,17): error CA1848: For improved performance, use the LoggerMessage delegates instead of calling 'LoggerExtensions.LogDebug(ILogger, string?, params object?[])' (https://learn.microsoft.com/dotnet/fundamentals/code-analysis/quality-rules/ca1848) [/home/runner/work/trading-bot-c-/trading-bot-c-/src/BotCore/BotCore.csproj]
/home/runner/work/trading-bot-c-/trading-bot-c-/src/BotCore/Services/TradingSystemIntegrationService.cs(1225,17): error CA1848: For improved performance, use the LoggerMessage delegates instead of calling 'LoggerExtensions.LogDebug(ILogger, string?, params object?[])' (https://learn.microsoft.com/dotnet/fundamentals/code-analysis/quality-rules/ca1848) [/home/runner/work/trading-bot-c-/trading-bot-c-/src/BotCore/BotCore.csproj]
/home/runner/work/trading-bot-c-/trading-bot-c-/src/BotCore/Services/TradingSystemIntegrationService.cs(1233,17): error CA1848: For improved performance, use the LoggerMessage delegates instead of calling 'LoggerExtensions.LogDebug(ILogger, string?, params object?[])' (https://learn.microsoft.com/dotnet/fundamentals/code-analysis/quality-rules/ca1848) [/home/runner/work/trading-bot-c-/trading-bot-c-/src/BotCore/BotCore.csproj]
/home/runner/work/trading-bot-c-/trading-bot-c-/src/BotCore/Services/TradingSystemIntegrationService.cs(1253,21): error CA1848: For improved performance, use the LoggerMessage delegates instead of calling 'LoggerExtensions.LogError(ILogger, Exception?, string?, params object?[])' (https://learn.microsoft.com/dotnet/fundamentals/code-analysis/quality-rules/ca1848) [/home/runner/work/trading-bot-c-/trading-bot-c-/src/BotCore/BotCore.csproj]
/home/runner/work/trading-bot-c-/trading-bot-c-/src/BotCore/Services/TradingSystemIntegrationService.cs(1257,21): error CA1848: For improved performance, use the LoggerMessage delegates instead of calling 'LoggerExtensions.LogWarning(ILogger, Exception?, string?, params object?[])' (https://learn.microsoft.com/dotnet/fundamentals/code-analysis/quality-rules/ca1848) [/home/runner/work/trading-bot-c-/trading-bot-c-/src/BotCore/BotCore.csproj]
/home/runner/work/trading-bot-c-/trading-bot-c-/src/BotCore/Services/TradingBotSymbolSessionManager.cs(353,21): error CA1848: For improved performance, use the LoggerMessage delegates instead of calling 'LoggerExtensions.LogInformation(ILogger, string?, params object?[])' (https://learn.microsoft.com/dotnet/fundamentals/code-analysis/quality-rules/ca1848) [/home/runner/work/trading-bot-c-/trading-bot-c-/src/BotCore/BotCore.csproj]
/home/runner/work/trading-bot-c-/trading-bot-c-/src/BotCore/Services/TradingBotSymbolSessionManager.cs(367,21): error CA1848: For improved performance, use the LoggerMessage delegates instead of calling 'LoggerExtensions.LogInformation(ILogger, string?, params object?[])' (https://learn.microsoft.com/dotnet/fundamentals/code-analysis/quality-rules/ca1848) [/home/runner/work/trading-bot-c-/trading-bot-c-/src/BotCore/BotCore.csproj]
/home/runner/work/trading-bot-c-/trading-bot-c-/src/BotCore/Services/TradingBotSymbolSessionManager.cs(372,17): error CA1848: For improved performance, use the LoggerMessage delegates instead of calling 'LoggerExtensions.LogDebug(ILogger, Exception?, string?, params object?[])' (https://learn.microsoft.com/dotnet/fundamentals/code-analysis/quality-rules/ca1848) [/home/runner/work/trading-bot-c-/trading-bot-c-/src/BotCore/BotCore.csproj]
/home/runner/work/trading-bot-c-/trading-bot-c-/src/BotCore/Services/TradingBotSymbolSessionManager.cs(377,17): error CA1848: For improved performance, use the LoggerMessage delegates instead of calling 'LoggerExtensions.LogError(ILogger, Exception?, string?, params object?[])' (https://learn.microsoft.com/dotnet/fundamentals/code-analysis/quality-rules/ca1848) [/home/runner/work/trading-bot-c-/trading-bot-c-/src/BotCore/BotCore.csproj]
/home/runner/work/trading-bot-c-/trading-bot-c-/src/BotCore/Services/TradingBotSymbolSessionManager.cs(381,17): error CA1848: For improved performance, use the LoggerMessage delegates instead of calling 'LoggerExtensions.LogError(ILogger, Exception?, string?, params object?[])' (https://learn.microsoft.com/dotnet/fundamentals/code-analysis/quality-rules/ca1848) [/home/runner/work/trading-bot-c-/trading-bot-c-/src/BotCore/BotCore.csproj]
/home/runner/work/trading-bot-c-/trading-bot-c-/src/BotCore/Services/TradingBotSymbolSessionManager.cs(385,17): error CA1848: For improved performance, use the LoggerMessage delegates instead of calling 'LoggerExtensions.LogError(ILogger, Exception?, string?, params object?[])' (https://learn.microsoft.com/dotnet/fundamentals/code-analysis/quality-rules/ca1848) [/home/runner/work/trading-bot-c-/trading-bot-c-/src/BotCore/BotCore.csproj]
/home/runner/work/trading-bot-c-/trading-bot-c-/src/BotCore/Services/TradingBotSymbolSessionManager.cs(405,17): error CA1848: For improved performance, use the LoggerMessage delegates instead of calling 'LoggerExtensions.LogDebug(ILogger, string?, params object?[])' (https://learn.microsoft.com/dotnet/fundamentals/code-analysis/quality-rules/ca1848) [/home/runner/work/trading-bot-c-/trading-bot-c-/src/BotCore/BotCore.csproj]
/home/runner/work/trading-bot-c-/trading-bot-c-/src/BotCore/Services/TradingBotSymbolSessionManager.cs(409,17): error CA1848: For improved performance, use the LoggerMessage delegates instead of calling 'LoggerExtensions.LogError(ILogger, Exception?, string?, params object?[])' (https://learn.microsoft.com/dotnet/fundamentals/code-analysis/quality-rules/ca1848) [/home/runner/work/trading-bot-c-/trading-bot-c-/src/BotCore/BotCore.csproj]
/home/runner/work/trading-bot-c-/trading-bot-c-/src/BotCore/Services/TradingBotSymbolSessionManager.cs(413,17): error CA1848: For improved performance, use the LoggerMessage delegates instead of calling 'LoggerExtensions.LogError(ILogger, Exception?, string?, params object?[])' (https://learn.microsoft.com/dotnet/fundamentals/code-analysis/quality-rules/ca1848) [/home/runner/work/trading-bot-c-/trading-bot-c-/src/BotCore/BotCore.csproj]
/home/runner/work/trading-bot-c-/trading-bot-c-/src/BotCore/Services/TradingBotSymbolSessionManager.cs(417,17): error CA1848: For improved performance, use the LoggerMessage delegates instead of calling 'LoggerExtensions.LogError(ILogger, Exception?, string?, params object?[])' (https://learn.microsoft.com/dotnet/fundamentals/code-analysis/quality-rules/ca1848) [/home/runner/work/trading-bot-c-/trading-bot-c-/src/BotCore/BotCore.csproj]
/home/runner/work/trading-bot-c-/trading-bot-c-/src/BotCore/Bandits/NeuralUcbBandit.cs(516,17): error CA1848: For improved performance, use the LoggerMessage delegates instead of calling 'LoggerExtensions.LogInformation(ILogger, string?, params object?[])' (https://learn.microsoft.com/dotnet/fundamentals/code-analysis/quality-rules/ca1848) [/home/runner/work/trading-bot-c-/trading-bot-c-/src/BotCore/BotCore.csproj]
/home/runner/work/trading-bot-c-/trading-bot-c-/src/BotCore/Bandits/NeuralUcbBandit.cs(520,17): error CA1848: For improved performance, use the LoggerMessage delegates instead of calling 'LoggerExtensions.LogWarning(ILogger, string?, params object?[])' (https://learn.microsoft.com/dotnet/fundamentals/code-analysis/quality-rules/ca1848) [/home/runner/work/trading-bot-c-/trading-bot-c-/src/BotCore/BotCore.csproj]
/home/runner/work/trading-bot-c-/trading-bot-c-/src/BotCore/Bandits/NeuralUcbBandit.cs(525,13): error CA1848: For improved performance, use the LoggerMessage delegates instead of calling 'LoggerExtensions.LogError(ILogger, Exception?, string?, params object?[])' (https://learn.microsoft.com/dotnet/fundamentals/code-analysis/quality-rules/ca1848) [/home/runner/work/trading-bot-c-/trading-bot-c-/src/BotCore/BotCore.csproj]
/home/runner/work/trading-bot-c-/trading-bot-c-/src/BotCore/Bandits/NeuralUcbBandit.cs(529,13): error CA1848: For improved performance, use the LoggerMessage delegates instead of calling 'LoggerExtensions.LogError(ILogger, Exception?, string?, params object?[])' (https://learn.microsoft.com/dotnet/fundamentals/code-analysis/quality-rules/ca1848) [/home/runner/work/trading-bot-c-/trading-bot-c-/src/BotCore/BotCore.csproj]
/home/runner/work/trading-bot-c-/trading-bot-c-/src/BotCore/Bandits/NeuralUcbBandit.cs(533,13): error CA1848: For improved performance, use the LoggerMessage delegates instead of calling 'LoggerExtensions.LogError(ILogger, Exception?, string?, params object?[])' (https://learn.microsoft.com/dotnet/fundamentals/code-analysis/quality-rules/ca1848) [/home/runner/work/trading-bot-c-/trading-bot-c-/src/BotCore/BotCore.csproj]
/home/runner/work/trading-bot-c-/trading-bot-c-/src/BotCore/Services/TradingSystemIntegrationService.cs(1265,22): error S1541: The Cyclomatic Complexity of this method is 11 which is greater than 10 authorized. (https://rules.sonarsource.com/csharp/RSPEC-1541) [/home/runner/work/trading-bot-c-/trading-bot-c-/src/BotCore/BotCore.csproj]
/home/runner/work/trading-bot-c-/trading-bot-c-/src/BotCore/Services/TradingSystemIntegrationService.cs(1307,33): error CA1848: For improved performance, use the LoggerMessage delegates instead of calling 'LoggerExtensions.LogError(ILogger, Exception?, string?, params object?[])' (https://learn.microsoft.com/dotnet/fundamentals/code-analysis/quality-rules/ca1848) [/home/runner/work/trading-bot-c-/trading-bot-c-/src/BotCore/BotCore.csproj]
/home/runner/work/trading-bot-c-/trading-bot-c-/src/BotCore/Services/TradingSystemIntegrationService.cs(1311,33): error CA1848: For improved performance, use the LoggerMessage delegates instead of calling 'LoggerExtensions.LogError(ILogger, Exception?, string?, params object?[])' (https://learn.microsoft.com/dotnet/fundamentals/code-analysis/quality-rules/ca1848) [/home/runner/work/trading-bot-c-/trading-bot-c-/src/BotCore/BotCore.csproj]
/home/runner/work/trading-bot-c-/trading-bot-c-/src/BotCore/Services/TradingSystemIntegrationService.cs(1325,21): error CA1848: For improved performance, use the LoggerMessage delegates instead of calling 'LoggerExtensions.LogDebug(ILogger, string?, params object?[])' (https://learn.microsoft.com/dotnet/fundamentals/code-analysis/quality-rules/ca1848) [/home/runner/work/trading-bot-c-/trading-bot-c-/src/BotCore/BotCore.csproj]
/home/runner/work/trading-bot-c-/trading-bot-c-/src/BotCore/Services/TradingSystemIntegrationService.cs(1332,17): error CA1848: For improved performance, use the LoggerMessage delegates instead of calling 'LoggerExtensions.LogError(ILogger, Exception?, string?, params object?[])' (https://learn.microsoft.com/dotnet/fundamentals/code-analysis/quality-rules/ca1848) [/home/runner/work/trading-bot-c-/trading-bot-c-/src/BotCore/BotCore.csproj]
/home/runner/work/trading-bot-c-/trading-bot-c-/src/BotCore/Services/TradingSystemIntegrationService.cs(1336,17): error CA1848: For improved performance, use the LoggerMessage delegates instead of calling 'LoggerExtensions.LogError(ILogger, Exception?, string?, params object?[])' (https://learn.microsoft.com/dotnet/fundamentals/code-analysis/quality-rules/ca1848) [/home/runner/work/trading-bot-c-/trading-bot-c-/src/BotCore/BotCore.csproj]
/home/runner/work/trading-bot-c-/trading-bot-c-/src/BotCore/Bandits/NeuralUcbBandit.cs(552,30): error CA1826: Do not use Enumerable methods on indexable collections. Instead use the collection directly. (https://learn.microsoft.com/dotnet/fundamentals/code-analysis/quality-rules/ca1826) [/home/runner/work/trading-bot-c-/trading-bot-c-/src/BotCore/BotCore.csproj]
/home/runner/work/trading-bot-c-/trading-bot-c-/src/BotCore/Bandits/NeuralUcbBandit.cs(558,17): error CA1848: For improved performance, use the LoggerMessage delegates instead of calling 'LoggerExtensions.LogError(ILogger, Exception?, string?, params object?[])' (https://learn.microsoft.com/dotnet/fundamentals/code-analysis/quality-rules/ca1848) [/home/runner/work/trading-bot-c-/trading-bot-c-/src/BotCore/BotCore.csproj]
/home/runner/work/trading-bot-c-/trading-bot-c-/src/BotCore/Bandits/NeuralUcbBandit.cs(563,17): error CA1848: For improved performance, use the LoggerMessage delegates instead of calling 'LoggerExtensions.LogError(ILogger, Exception?, string?, params object?[])' (https://learn.microsoft.com/dotnet/fundamentals/code-analysis/quality-rules/ca1848) [/home/runner/work/trading-bot-c-/trading-bot-c-/src/BotCore/BotCore.csproj]
/home/runner/work/trading-bot-c-/trading-bot-c-/src/BotCore/Bandits/NeuralUcbBandit.cs(568,17): error CA1848: For improved performance, use the LoggerMessage delegates instead of calling 'LoggerExtensions.LogError(ILogger, Exception?, string?, params object?[])' (https://learn.microsoft.com/dotnet/fundamentals/code-analysis/quality-rules/ca1848) [/home/runner/work/trading-bot-c-/trading-bot-c-/src/BotCore/BotCore.csproj]
/home/runner/work/trading-bot-c-/trading-bot-c-/src/BotCore/Services/TradingSystemIntegrationService.cs(1381,17): error CA1848: For improved performance, use the LoggerMessage delegates instead of calling 'LoggerExtensions.LogDebug(ILogger, string?, params object?[])' (https://learn.microsoft.com/dotnet/fundamentals/code-analysis/quality-rules/ca1848) [/home/runner/work/trading-bot-c-/trading-bot-c-/src/BotCore/BotCore.csproj]
/home/runner/work/trading-bot-c-/trading-bot-c-/src/BotCore/Services/TradingSystemIntegrationService.cs(1387,21): error CA1848: For improved performance, use the LoggerMessage delegates instead of calling 'LoggerExtensions.LogInformation(ILogger, string?, params object?[])' (https://learn.microsoft.com/dotnet/fundamentals/code-analysis/quality-rules/ca1848) [/home/runner/work/trading-bot-c-/trading-bot-c-/src/BotCore/BotCore.csproj]
/home/runner/work/trading-bot-c-/trading-bot-c-/src/BotCore/Services/TradingSystemIntegrationService.cs(1395,17): error CA1848: For improved performance, use the LoggerMessage delegates instead of calling 'LoggerExtensions.LogError(ILogger, Exception?, string?, params object?[])' (https://learn.microsoft.com/dotnet/fundamentals/code-analysis/quality-rules/ca1848) [/home/runner/work/trading-bot-c-/trading-bot-c-/src/BotCore/BotCore.csproj]
/home/runner/work/trading-bot-c-/trading-bot-c-/src/BotCore/Services/TradingSystemIntegrationService.cs(1399,17): error CA1848: For improved performance, use the LoggerMessage delegates instead of calling 'LoggerExtensions.LogError(ILogger, Exception?, string?, params object?[])' (https://learn.microsoft.com/dotnet/fundamentals/code-analysis/quality-rules/ca1848) [/home/runner/work/trading-bot-c-/trading-bot-c-/src/BotCore/BotCore.csproj]
/home/runner/work/trading-bot-c-/trading-bot-c-/src/BotCore/Services/TradingSystemIntegrationService.cs(1424,17): error CA1848: For improved performance, use the LoggerMessage delegates instead of calling 'LoggerExtensions.LogError(ILogger, Exception?, string?, params object?[])' (https://learn.microsoft.com/dotnet/fundamentals/code-analysis/quality-rules/ca1848) [/home/runner/work/trading-bot-c-/trading-bot-c-/src/BotCore/BotCore.csproj]
/home/runner/work/trading-bot-c-/trading-bot-c-/src/BotCore/Bandits/NeuralUcbBandit.cs(580,64): error SCS0005: Weak random number generator. (https://security-code-scan.github.io/#SCS0005) [/home/runner/work/trading-bot-c-/trading-bot-c-/src/BotCore/BotCore.csproj]
/home/runner/work/trading-bot-c-/trading-bot-c-/src/BotCore/Bandits/NeuralUcbBandit.cs(580,64): error CA5394: Random is an insecure random number generator. Use cryptographically secure random number generators when randomness is required for security. (https://learn.microsoft.com/dotnet/fundamentals/code-analysis/quality-rules/ca5394) [/home/runner/work/trading-bot-c-/trading-bot-c-/src/BotCore/BotCore.csproj]
/home/runner/work/trading-bot-c-/trading-bot-c-/src/BotCore/Bandits/NeuralUcbBandit.cs(596,9): error CA1848: For improved performance, use the LoggerMessage delegates instead of calling 'LoggerExtensions.LogInformation(ILogger, string?, params object?[])' (https://learn.microsoft.com/dotnet/fundamentals/code-analysis/quality-rules/ca1848) [/home/runner/work/trading-bot-c-/trading-bot-c-/src/BotCore/BotCore.csproj]
/home/runner/work/trading-bot-c-/trading-bot-c-/src/BotCore/Bandits/NeuralUcbBandit.cs(613,36): error CA2016: Forward the 'ct' parameter to the 'PredictAsync' method or pass in 'CancellationToken.None' explicitly to indicate intentionally not propagating the token (https://learn.microsoft.com/dotnet/fundamentals/code-analysis/quality-rules/ca2016) [/home/runner/work/trading-bot-c-/trading-bot-c-/src/BotCore/BotCore.csproj]
/home/runner/work/trading-bot-c-/trading-bot-c-/src/BotCore/Bandits/NeuralUcbBandit.cs(619,45): error CA2016: Forward the 'ct' parameter to the 'PredictAsync' method or pass in 'CancellationToken.None' explicitly to indicate intentionally not propagating the token (https://learn.microsoft.com/dotnet/fundamentals/code-analysis/quality-rules/ca2016) [/home/runner/work/trading-bot-c-/trading-bot-c-/src/BotCore/BotCore.csproj]
/home/runner/work/trading-bot-c-/trading-bot-c-/src/BotCore/Services/TradingSystemIntegrationService.cs(1432,22): error S1541: The Cyclomatic Complexity of this method is 12 which is greater than 10 authorized. (https://rules.sonarsource.com/csharp/RSPEC-1541) [/home/runner/work/trading-bot-c-/trading-bot-c-/src/BotCore/BotCore.csproj]
/home/runner/work/trading-bot-c-/trading-bot-c-/src/BotCore/Services/TradingSystemIntegrationService.cs(1481,17): error CA1848: For improved performance, use the LoggerMessage delegates instead of calling 'LoggerExtensions.LogTrace(ILogger, string?, params object?[])' (https://learn.microsoft.com/dotnet/fundamentals/code-analysis/quality-rules/ca1848) [/home/runner/work/trading-bot-c-/trading-bot-c-/src/BotCore/BotCore.csproj]
/home/runner/work/trading-bot-c-/trading-bot-c-/src/BotCore/Services/TradingSystemIntegrationService.cs(1487,17): error CA1848: For improved performance, use the LoggerMessage delegates instead of calling 'LoggerExtensions.LogError(ILogger, Exception?, string?, params object?[])' (https://learn.microsoft.com/dotnet/fundamentals/code-analysis/quality-rules/ca1848) [/home/runner/work/trading-bot-c-/trading-bot-c-/src/BotCore/BotCore.csproj]
/home/runner/work/trading-bot-c-/trading-bot-c-/src/BotCore/Services/TradingSystemIntegrationService.cs(1491,17): error CA1848: For improved performance, use the LoggerMessage delegates instead of calling 'LoggerExtensions.LogError(ILogger, Exception?, string?, params object?[])' (https://learn.microsoft.com/dotnet/fundamentals/code-analysis/quality-rules/ca1848) [/home/runner/work/trading-bot-c-/trading-bot-c-/src/BotCore/BotCore.csproj]
/home/runner/work/trading-bot-c-/trading-bot-c-/src/BotCore/Services/TradingSystemIntegrationService.cs(1497,13): error CA1848: For improved performance, use the LoggerMessage delegates instead of calling 'LoggerExtensions.LogInformation(ILogger, string?, params object?[])' (https://learn.microsoft.com/dotnet/fundamentals/code-analysis/quality-rules/ca1848) [/home/runner/work/trading-bot-c-/trading-bot-c-/src/BotCore/BotCore.csproj]
/home/runner/work/trading-bot-c-/trading-bot-c-/src/BotCore/Services/TradingSystemIntegrationService.cs(1517,13): error CA1848: For improved performance, use the LoggerMessage delegates instead of calling 'LoggerExtensions.LogInformation(ILogger, string?, params object?[])' (https://learn.microsoft.com/dotnet/fundamentals/code-analysis/quality-rules/ca1848) [/home/runner/work/trading-bot-c-/trading-bot-c-/src/BotCore/BotCore.csproj]
/home/runner/work/trading-bot-c-/trading-bot-c-/src/BotCore/Services/TradingSystemIntegrationService.cs(1536,21): error CA1848: For improved performance, use the LoggerMessage delegates instead of calling 'LoggerExtensions.LogInformation(ILogger, string?, params object?[])' (https://learn.microsoft.com/dotnet/fundamentals/code-analysis/quality-rules/ca1848) [/home/runner/work/trading-bot-c-/trading-bot-c-/src/BotCore/BotCore.csproj]
/home/runner/work/trading-bot-c-/trading-bot-c-/src/BotCore/Services/TradingSystemIntegrationService.cs(1541,17): error CA1848: For improved performance, use the LoggerMessage delegates instead of calling 'LoggerExtensions.LogInformation(ILogger, string?, params object?[])' (https://learn.microsoft.com/dotnet/fundamentals/code-analysis/quality-rules/ca1848) [/home/runner/work/trading-bot-c-/trading-bot-c-/src/BotCore/BotCore.csproj]
/home/runner/work/trading-bot-c-/trading-bot-c-/src/BotCore/Services/TradingSystemIntegrationService.cs(1545,17): error CA1848: For improved performance, use the LoggerMessage delegates instead of calling 'LoggerExtensions.LogInformation(ILogger, string?, params object?[])' (https://learn.microsoft.com/dotnet/fundamentals/code-analysis/quality-rules/ca1848) [/home/runner/work/trading-bot-c-/trading-bot-c-/src/BotCore/BotCore.csproj]
/home/runner/work/trading-bot-c-/trading-bot-c-/src/BotCore/Services/TradingSystemIntegrationService.cs(1549,17): error CA1848: For improved performance, use the LoggerMessage delegates instead of calling 'LoggerExtensions.LogError(ILogger, Exception?, string?, params object?[])' (https://learn.microsoft.com/dotnet/fundamentals/code-analysis/quality-rules/ca1848) [/home/runner/work/trading-bot-c-/trading-bot-c-/src/BotCore/BotCore.csproj]
/home/runner/work/trading-bot-c-/trading-bot-c-/src/BotCore/Services/TradingSystemIntegrationService.cs(1555,17): error CA1848: For improved performance, use the LoggerMessage delegates instead of calling 'LoggerExtensions.LogError(ILogger, Exception?, string?, params object?[])' (https://learn.microsoft.com/dotnet/fundamentals/code-analysis/quality-rules/ca1848) [/home/runner/work/trading-bot-c-/trading-bot-c-/src/BotCore/BotCore.csproj]
/home/runner/work/trading-bot-c-/trading-bot-c-/src/BotCore/Services/TradingSystemIntegrationService.cs(1618,36): error S2589: Change this condition so that it does not always evaluate to 'False'. (https://rules.sonarsource.com/csharp/RSPEC-2589) [/home/runner/work/trading-bot-c-/trading-bot-c-/src/BotCore/BotCore.csproj]
/home/runner/work/trading-bot-c-/trading-bot-c-/src/BotCore/Services/TradingSystemIntegrationService.cs(1605,21): error CA1848: For improved performance, use the LoggerMessage delegates instead of calling 'LoggerExtensions.LogDebug(ILogger, string?, params object?[])' (https://learn.microsoft.com/dotnet/fundamentals/code-analysis/quality-rules/ca1848) [/home/runner/work/trading-bot-c-/trading-bot-c-/src/BotCore/BotCore.csproj]
/home/runner/work/trading-bot-c-/trading-bot-c-/src/BotCore/Services/TradingSystemIntegrationService.cs(1620,21): error CA1848: For improved performance, use the LoggerMessage delegates instead of calling 'LoggerExtensions.LogWarning(ILogger, string?, params object?[])' (https://learn.microsoft.com/dotnet/fundamentals/code-analysis/quality-rules/ca1848) [/home/runner/work/trading-bot-c-/trading-bot-c-/src/BotCore/BotCore.csproj]
/home/runner/work/trading-bot-c-/trading-bot-c-/src/BotCore/Services/TradingSystemIntegrationService.cs(1639,17): error CA1848: For improved performance, use the LoggerMessage delegates instead of calling 'LoggerExtensions.LogDebug(ILogger, string?, params object?[])' (https://learn.microsoft.com/dotnet/fundamentals/code-analysis/quality-rules/ca1848) [/home/runner/work/trading-bot-c-/trading-bot-c-/src/BotCore/BotCore.csproj]
/home/runner/work/trading-bot-c-/trading-bot-c-/src/BotCore/Services/TradingSystemIntegrationService.cs(1646,17): error CA1848: For improved performance, use the LoggerMessage delegates instead of calling 'LoggerExtensions.LogWarning(ILogger, Exception?, string?, params object?[])' (https://learn.microsoft.com/dotnet/fundamentals/code-analysis/quality-rules/ca1848) [/home/runner/work/trading-bot-c-/trading-bot-c-/src/BotCore/BotCore.csproj]
/home/runner/work/trading-bot-c-/trading-bot-c-/src/BotCore/Services/TradingSystemIntegrationService.cs(1651,17): error CA1848: For improved performance, use the LoggerMessage delegates instead of calling 'LoggerExtensions.LogWarning(ILogger, Exception?, string?, params object?[])' (https://learn.microsoft.com/dotnet/fundamentals/code-analysis/quality-rules/ca1848) [/home/runner/work/trading-bot-c-/trading-bot-c-/src/BotCore/BotCore.csproj]
/home/runner/work/trading-bot-c-/trading-bot-c-/src/BotCore/Services/TradingSystemIntegrationService.cs(1656,17): error CA1848: For improved performance, use the LoggerMessage delegates instead of calling 'LoggerExtensions.LogWarning(ILogger, Exception?, string?, params object?[])' (https://learn.microsoft.com/dotnet/fundamentals/code-analysis/quality-rules/ca1848) [/home/runner/work/trading-bot-c-/trading-bot-c-/src/BotCore/BotCore.csproj]
/home/runner/work/trading-bot-c-/trading-bot-c-/src/BotCore/Bandits/NeuralUcbBandit.cs(676,13): error CA1848: For improved performance, use the LoggerMessage delegates instead of calling 'LoggerExtensions.LogDebug(ILogger, string?, params object?[])' (https://learn.microsoft.com/dotnet/fundamentals/code-analysis/quality-rules/ca1848) [/home/runner/work/trading-bot-c-/trading-bot-c-/src/BotCore/BotCore.csproj]
/home/runner/work/trading-bot-c-/trading-bot-c-/src/BotCore/Bandits/NeuralUcbBandit.cs(680,13): error CA1848: For improved performance, use the LoggerMessage delegates instead of calling 'LoggerExtensions.LogError(ILogger, Exception?, string?, params object?[])' (https://learn.microsoft.com/dotnet/fundamentals/code-analysis/quality-rules/ca1848) [/home/runner/work/trading-bot-c-/trading-bot-c-/src/BotCore/BotCore.csproj]
/home/runner/work/trading-bot-c-/trading-bot-c-/src/BotCore/Bandits/NeuralUcbBandit.cs(684,13): error CA1848: For improved performance, use the LoggerMessage delegates instead of calling 'LoggerExtensions.LogError(ILogger, Exception?, string?, params object?[])' (https://learn.microsoft.com/dotnet/fundamentals/code-analysis/quality-rules/ca1848) [/home/runner/work/trading-bot-c-/trading-bot-c-/src/BotCore/BotCore.csproj]
/home/runner/work/trading-bot-c-/trading-bot-c-/src/BotCore/Bandits/NeuralUcbBandit.cs(688,13): error CA1848: For improved performance, use the LoggerMessage delegates instead of calling 'LoggerExtensions.LogError(ILogger, Exception?, string?, params object?[])' (https://learn.microsoft.com/dotnet/fundamentals/code-analysis/quality-rules/ca1848) [/home/runner/work/trading-bot-c-/trading-bot-c-/src/BotCore/BotCore.csproj]
/home/runner/work/trading-bot-c-/trading-bot-c-/src/BotCore/Bandits/NeuralUcbBandit.cs(692,13): error CA1848: For improved performance, use the LoggerMessage delegates instead of calling 'LoggerExtensions.LogError(ILogger, Exception?, string?, params object?[])' (https://learn.microsoft.com/dotnet/fundamentals/code-analysis/quality-rules/ca1848) [/home/runner/work/trading-bot-c-/trading-bot-c-/src/BotCore/BotCore.csproj]
/home/runner/work/trading-bot-c-/trading-bot-c-/src/BotCore/Bandits/NeuralUcbBandit.cs(474,10): error S2368: Make this method private or simplify its parameters to not use multidimensional/jagged arrays. (https://rules.sonarsource.com/csharp/RSPEC-2368) [/home/runner/work/trading-bot-c-/trading-bot-c-/src/BotCore/BotCore.csproj]
/home/runner/work/trading-bot-c-/trading-bot-c-/src/BotCore/Services/TradingSystemIntegrationService.cs(1663,13): error CA1848: For improved performance, use the LoggerMessage delegates instead of calling 'LoggerExtensions.LogInformation(ILogger, string?, params object?[])' (https://learn.microsoft.com/dotnet/fundamentals/code-analysis/quality-rules/ca1848) [/home/runner/work/trading-bot-c-/trading-bot-c-/src/BotCore/BotCore.csproj]
/home/runner/work/trading-bot-c-/trading-bot-c-/src/BotCore/Services/TradingSystemIntegrationService.cs(1670,17): error CA1848: For improved performance, use the LoggerMessage delegates instead of calling 'LoggerExtensions.LogInformation(ILogger, string?, params object?[])' (https://learn.microsoft.com/dotnet/fundamentals/code-analysis/quality-rules/ca1848) [/home/runner/work/trading-bot-c-/trading-bot-c-/src/BotCore/BotCore.csproj]
/home/runner/work/trading-bot-c-/trading-bot-c-/src/BotCore/Services/TradingSystemIntegrationService.cs(1674,17): error CA1848: For improved performance, use the LoggerMessage delegates instead of calling 'LoggerExtensions.LogInformation(ILogger, string?, params object?[])' (https://learn.microsoft.com/dotnet/fundamentals/code-analysis/quality-rules/ca1848) [/home/runner/work/trading-bot-c-/trading-bot-c-/src/BotCore/BotCore.csproj]
/home/runner/work/trading-bot-c-/trading-bot-c-/src/BotCore/Services/TradingSystemIntegrationService.cs(1678,17): error CA1848: For improved performance, use the LoggerMessage delegates instead of calling 'LoggerExtensions.LogError(ILogger, Exception?, string?, params object?[])' (https://learn.microsoft.com/dotnet/fundamentals/code-analysis/quality-rules/ca1848) [/home/runner/work/trading-bot-c-/trading-bot-c-/src/BotCore/BotCore.csproj]
/home/runner/work/trading-bot-c-/trading-bot-c-/src/BotCore/Services/TradingSystemIntegrationService.cs(1683,17): error CA1848: For improved performance, use the LoggerMessage delegates instead of calling 'LoggerExtensions.LogError(ILogger, Exception?, string?, params object?[])' (https://learn.microsoft.com/dotnet/fundamentals/code-analysis/quality-rules/ca1848) [/home/runner/work/trading-bot-c-/trading-bot-c-/src/BotCore/BotCore.csproj]
/home/runner/work/trading-bot-c-/trading-bot-c-/src/BotCore/Services/TradingSystemIntegrationService.cs(1688,17): error CA1848: For improved performance, use the LoggerMessage delegates instead of calling 'LoggerExtensions.LogError(ILogger, Exception?, string?, params object?[])' (https://learn.microsoft.com/dotnet/fundamentals/code-analysis/quality-rules/ca1848) [/home/runner/work/trading-bot-c-/trading-bot-c-/src/BotCore/BotCore.csproj]
/home/runner/work/trading-bot-c-/trading-bot-c-/src/BotCore/Services/TradingSystemIntegrationService.cs(1693,17): error CA1848: For improved performance, use the LoggerMessage delegates instead of calling 'LoggerExtensions.LogError(ILogger, Exception?, string?, params object?[])' (https://learn.microsoft.com/dotnet/fundamentals/code-analysis/quality-rules/ca1848) [/home/runner/work/trading-bot-c-/trading-bot-c-/src/BotCore/BotCore.csproj]
/home/runner/work/trading-bot-c-/trading-bot-c-/src/BotCore/Services/TradingSystemIntegrationService.cs(1702,13): error CA1848: For improved performance, use the LoggerMessage delegates instead of calling 'LoggerExtensions.LogInformation(ILogger, string?, params object?[])' (https://learn.microsoft.com/dotnet/fundamentals/code-analysis/quality-rules/ca1848) [/home/runner/work/trading-bot-c-/trading-bot-c-/src/BotCore/BotCore.csproj]
/home/runner/work/trading-bot-c-/trading-bot-c-/src/BotCore/Services/TradingSystemIntegrationService.cs(1707,13): error CA1848: For improved performance, use the LoggerMessage delegates instead of calling 'LoggerExtensions.LogInformation(ILogger, string?, params object?[])' (https://learn.microsoft.com/dotnet/fundamentals/code-analysis/quality-rules/ca1848) [/home/runner/work/trading-bot-c-/trading-bot-c-/src/BotCore/BotCore.csproj]
/home/runner/work/trading-bot-c-/trading-bot-c-/src/BotCore/Services/TradingSystemIntegrationService.cs(1713,13): error CA1848: For improved performance, use the LoggerMessage delegates instead of calling 'LoggerExtensions.LogInformation(ILogger, string?, params object?[])' (https://learn.microsoft.com/dotnet/fundamentals/code-analysis/quality-rules/ca1848) [/home/runner/work/trading-bot-c-/trading-bot-c-/src/BotCore/BotCore.csproj]
/home/runner/work/trading-bot-c-/trading-bot-c-/src/BotCore/Services/TradingSystemIntegrationService.cs(1726,17): error CA1848: For improved performance, use the LoggerMessage delegates instead of calling 'LoggerExtensions.LogWarning(ILogger, string?, params object?[])' (https://learn.microsoft.com/dotnet/fundamentals/code-analysis/quality-rules/ca1848) [/home/runner/work/trading-bot-c-/trading-bot-c-/src/BotCore/BotCore.csproj]
/home/runner/work/trading-bot-c-/trading-bot-c-/src/BotCore/Services/TradingSystemIntegrationService.cs(1752,13): error CA1848: For improved performance, use the LoggerMessage delegates instead of calling 'LoggerExtensions.LogCritical(ILogger, string?, params object?[])' (https://learn.microsoft.com/dotnet/fundamentals/code-analysis/quality-rules/ca1848) [/home/runner/work/trading-bot-c-/trading-bot-c-/src/BotCore/BotCore.csproj]
/home/runner/work/trading-bot-c-/trading-bot-c-/src/BotCore/Services/TradingSystemIntegrationService.cs(1758,13): error CA1848: For improved performance, use the LoggerMessage delegates instead of calling 'LoggerExtensions.LogInformation(ILogger, string?, params object?[])' (https://learn.microsoft.com/dotnet/fundamentals/code-analysis/quality-rules/ca1848) [/home/runner/work/trading-bot-c-/trading-bot-c-/src/BotCore/BotCore.csproj]
/home/runner/work/trading-bot-c-/trading-bot-c-/src/BotCore/Services/TradingSystemIntegrationService.cs(1766,13): error CA1848: For improved performance, use the LoggerMessage delegates instead of calling 'LoggerExtensions.LogInformation(ILogger, string?, params object?[])' (https://learn.microsoft.com/dotnet/fundamentals/code-analysis/quality-rules/ca1848) [/home/runner/work/trading-bot-c-/trading-bot-c-/src/BotCore/BotCore.csproj]
/home/runner/work/trading-bot-c-/trading-bot-c-/src/BotCore/Services/TradingSystemIntegrationService.cs(1760,37): error CA1849: 'Timer.Dispose()' synchronously blocks. Await 'Timer.DisposeAsync()' instead. (https://learn.microsoft.com/dotnet/fundamentals/code-analysis/quality-rules/ca1849) [/home/runner/work/trading-bot-c-/trading-bot-c-/src/BotCore/BotCore.csproj]
/home/runner/work/trading-bot-c-/trading-bot-c-/src/BotCore/Services/TradingSystemIntegrationService.cs(1779,17): error CA1848: For improved performance, use the LoggerMessage delegates instead of calling 'LoggerExtensions.LogInformation(ILogger, string?, params object?[])' (https://learn.microsoft.com/dotnet/fundamentals/code-analysis/quality-rules/ca1848) [/home/runner/work/trading-bot-c-/trading-bot-c-/src/BotCore/BotCore.csproj]
/home/runner/work/trading-bot-c-/trading-bot-c-/src/BotCore/Services/TradingSystemIntegrationService.cs(1785,21): error CA1848: For improved performance, use the LoggerMessage delegates instead of calling 'LoggerExtensions.LogInformation(ILogger, string?, params object?[])' (https://learn.microsoft.com/dotnet/fundamentals/code-analysis/quality-rules/ca1848) [/home/runner/work/trading-bot-c-/trading-bot-c-/src/BotCore/BotCore.csproj]
/home/runner/work/trading-bot-c-/trading-bot-c-/src/BotCore/Services/TradingSystemIntegrationService.cs(1789,21): error CA1848: For improved performance, use the LoggerMessage delegates instead of calling 'LoggerExtensions.LogWarning(ILogger, string?, params object?[])' (https://learn.microsoft.com/dotnet/fundamentals/code-analysis/quality-rules/ca1848) [/home/runner/work/trading-bot-c-/trading-bot-c-/src/BotCore/BotCore.csproj]
/home/runner/work/trading-bot-c-/trading-bot-c-/src/BotCore/Services/TradingSystemIntegrationService.cs(1797,21): error CA1848: For improved performance, use the LoggerMessage delegates instead of calling 'LoggerExtensions.LogInformation(ILogger, string?, params object?[])' (https://learn.microsoft.com/dotnet/fundamentals/code-analysis/quality-rules/ca1848) [/home/runner/work/trading-bot-c-/trading-bot-c-/src/BotCore/BotCore.csproj]
/home/runner/work/trading-bot-c-/trading-bot-c-/src/BotCore/Services/TradingSystemIntegrationService.cs(1802,21): error CA1848: For improved performance, use the LoggerMessage delegates instead of calling 'LoggerExtensions.LogWarning(ILogger, string?, params object?[])' (https://learn.microsoft.com/dotnet/fundamentals/code-analysis/quality-rules/ca1848) [/home/runner/work/trading-bot-c-/trading-bot-c-/src/BotCore/BotCore.csproj]
/home/runner/work/trading-bot-c-/trading-bot-c-/src/BotCore/Services/TradingSystemIntegrationService.cs(1808,17): error CA1848: For improved performance, use the LoggerMessage delegates instead of calling 'LoggerExtensions.LogInformation(ILogger, string?, params object?[])' (https://learn.microsoft.com/dotnet/fundamentals/code-analysis/quality-rules/ca1848) [/home/runner/work/trading-bot-c-/trading-bot-c-/src/BotCore/BotCore.csproj]
/home/runner/work/trading-bot-c-/trading-bot-c-/src/BotCore/Services/TradingSystemIntegrationService.cs(1812,17): error CA1848: For improved performance, use the LoggerMessage delegates instead of calling 'LoggerExtensions.LogError(ILogger, Exception?, string?, params object?[])' (https://learn.microsoft.com/dotnet/fundamentals/code-analysis/quality-rules/ca1848) [/home/runner/work/trading-bot-c-/trading-bot-c-/src/BotCore/BotCore.csproj]
/home/runner/work/trading-bot-c-/trading-bot-c-/src/BotCore/Services/TradingSystemIntegrationService.cs(1817,17): error CA1848: For improved performance, use the LoggerMessage delegates instead of calling 'LoggerExtensions.LogError(ILogger, Exception?, string?, params object?[])' (https://learn.microsoft.com/dotnet/fundamentals/code-analysis/quality-rules/ca1848) [/home/runner/work/trading-bot-c-/trading-bot-c-/src/BotCore/BotCore.csproj]
/home/runner/work/trading-bot-c-/trading-bot-c-/src/BotCore/Services/TradingSystemIntegrationService.cs(1822,17): error CA1848: For improved performance, use the LoggerMessage delegates instead of calling 'LoggerExtensions.LogError(ILogger, Exception?, string?, params object?[])' (https://learn.microsoft.com/dotnet/fundamentals/code-analysis/quality-rules/ca1848) [/home/runner/work/trading-bot-c-/trading-bot-c-/src/BotCore/BotCore.csproj]
/home/runner/work/trading-bot-c-/trading-bot-c-/src/BotCore/Services/TradingSystemIntegrationService.cs(1841,21): error CA1848: For improved performance, use the LoggerMessage delegates instead of calling 'LoggerExtensions.LogInformation(ILogger, string?, params object?[])' (https://learn.microsoft.com/dotnet/fundamentals/code-analysis/quality-rules/ca1848) [/home/runner/work/trading-bot-c-/trading-bot-c-/src/BotCore/BotCore.csproj]
/home/runner/work/trading-bot-c-/trading-bot-c-/src/BotCore/Services/TradingSystemIntegrationService.cs(1850,21): error CA1848: For improved performance, use the LoggerMessage delegates instead of calling 'LoggerExtensions.LogInformation(ILogger, string?, params object?[])' (https://learn.microsoft.com/dotnet/fundamentals/code-analysis/quality-rules/ca1848) [/home/runner/work/trading-bot-c-/trading-bot-c-/src/BotCore/BotCore.csproj]
/home/runner/work/trading-bot-c-/trading-bot-c-/src/BotCore/Services/TradingSystemIntegrationService.cs(1858,21): error CA1848: For improved performance, use the LoggerMessage delegates instead of calling 'LoggerExtensions.LogDebug(ILogger, string?, params object?[])' (https://learn.microsoft.com/dotnet/fundamentals/code-analysis/quality-rules/ca1848) [/home/runner/work/trading-bot-c-/trading-bot-c-/src/BotCore/BotCore.csproj]
/home/runner/work/trading-bot-c-/trading-bot-c-/src/BotCore/Services/TradingSystemIntegrationService.cs(1864,25): error CA1848: For improved performance, use the LoggerMessage delegates instead of calling 'LoggerExtensions.LogInformation(ILogger, string?, params object?[])' (https://learn.microsoft.com/dotnet/fundamentals/code-analysis/quality-rules/ca1848) [/home/runner/work/trading-bot-c-/trading-bot-c-/src/BotCore/BotCore.csproj]
/home/runner/work/trading-bot-c-/trading-bot-c-/src/BotCore/Services/TradingSystemIntegrationService.cs(1877,13): error CA1848: For improved performance, use the LoggerMessage delegates instead of calling 'LoggerExtensions.LogTrace(ILogger, string?, params object?[])' (https://learn.microsoft.com/dotnet/fundamentals/code-analysis/quality-rules/ca1848) [/home/runner/work/trading-bot-c-/trading-bot-c-/src/BotCore/BotCore.csproj]
/home/runner/work/trading-bot-c-/trading-bot-c-/src/BotCore/Services/TradingSystemIntegrationService.cs(1896,30): error CA1826: Do not use Enumerable methods on indexable collections. Instead use the collection directly. (https://learn.microsoft.com/dotnet/fundamentals/code-analysis/quality-rules/ca1826) [/home/runner/work/trading-bot-c-/trading-bot-c-/src/BotCore/BotCore.csproj]
/home/runner/work/trading-bot-c-/trading-bot-c-/src/BotCore/Services/SuppressionLedgerService.cs(285,21): error CA1848: For improved performance, use the LoggerMessage delegates instead of calling 'LoggerExtensions.LogInformation(ILogger, string?, params object?[])' (https://learn.microsoft.com/dotnet/fundamentals/code-analysis/quality-rules/ca1848) [/home/runner/work/trading-bot-c-/trading-bot-c-/src/BotCore/BotCore.csproj]
/home/runner/work/trading-bot-c-/trading-bot-c-/src/BotCore/Services/SuppressionLedgerService.cs(289,21): error CA1848: For improved performance, use the LoggerMessage delegates instead of calling 'LoggerExtensions.LogWarning(ILogger, string?, params object?[])' (https://learn.microsoft.com/dotnet/fundamentals/code-analysis/quality-rules/ca1848) [/home/runner/work/trading-bot-c-/trading-bot-c-/src/BotCore/BotCore.csproj]
/home/runner/work/trading-bot-c-/trading-bot-c-/src/BotCore/Services/SuppressionLedgerService.cs(295,17): error CA1848: For improved performance, use the LoggerMessage delegates instead of calling 'LoggerExtensions.LogError(ILogger, Exception?, string?, params object?[])' (https://learn.microsoft.com/dotnet/fundamentals/code-analysis/quality-rules/ca1848) [/home/runner/work/trading-bot-c-/trading-bot-c-/src/BotCore/BotCore.csproj]
/home/runner/work/trading-bot-c-/trading-bot-c-/src/BotCore/Services/SuppressionLedgerService.cs(301,17): error CA1848: For improved performance, use the LoggerMessage delegates instead of calling 'LoggerExtensions.LogError(ILogger, Exception?, string?, params object?[])' (https://learn.microsoft.com/dotnet/fundamentals/code-analysis/quality-rules/ca1848) [/home/runner/work/trading-bot-c-/trading-bot-c-/src/BotCore/BotCore.csproj]
/home/runner/work/trading-bot-c-/trading-bot-c-/src/BotCore/Services/SuppressionLedgerService.cs(307,17): error CA1848: For improved performance, use the LoggerMessage delegates instead of calling 'LoggerExtensions.LogError(ILogger, Exception?, string?, params object?[])' (https://learn.microsoft.com/dotnet/fundamentals/code-analysis/quality-rules/ca1848) [/home/runner/work/trading-bot-c-/trading-bot-c-/src/BotCore/BotCore.csproj]
/home/runner/work/trading-bot-c-/trading-bot-c-/src/BotCore/Services/SuppressionLedgerService.cs(336,25): error CA1307: 'string.IndexOf(char)' has a method overload that takes a 'StringComparison' parameter. Replace this call in 'TradingBot.BotCore.Services.SuppressionLedgerService.ExtractRuleFromSuppressMessage(string)' with a call to 'string.IndexOf(char, System.StringComparison)' for clarity of intent. (https://learn.microsoft.com/dotnet/fundamentals/code-analysis/quality-rules/ca1307) [/home/runner/work/trading-bot-c-/trading-bot-c-/src/BotCore/BotCore.csproj]
/home/runner/work/trading-bot-c-/trading-bot-c-/src/BotCore/Services/SuppressionLedgerService.cs(366,17): error CA1848: For improved performance, use the LoggerMessage delegates instead of calling 'LoggerExtensions.LogError(ILogger, Exception?, string?, params object?[])' (https://learn.microsoft.com/dotnet/fundamentals/code-analysis/quality-rules/ca1848) [/home/runner/work/trading-bot-c-/trading-bot-c-/src/BotCore/BotCore.csproj]
/home/runner/work/trading-bot-c-/trading-bot-c-/src/BotCore/Services/SuppressionLedgerService.cs(370,17): error CA1848: For improved performance, use the LoggerMessage delegates instead of calling 'LoggerExtensions.LogError(ILogger, Exception?, string?, params object?[])' (https://learn.microsoft.com/dotnet/fundamentals/code-analysis/quality-rules/ca1848) [/home/runner/work/trading-bot-c-/trading-bot-c-/src/BotCore/BotCore.csproj]
/home/runner/work/trading-bot-c-/trading-bot-c-/src/BotCore/Services/SuppressionLedgerService.cs(374,17): error CA1848: For improved performance, use the LoggerMessage delegates instead of calling 'LoggerExtensions.LogError(ILogger, Exception?, string?, params object?[])' (https://learn.microsoft.com/dotnet/fundamentals/code-analysis/quality-rules/ca1848) [/home/runner/work/trading-bot-c-/trading-bot-c-/src/BotCore/BotCore.csproj]
/home/runner/work/trading-bot-c-/trading-bot-c-/src/BotCore/Services/SuppressionLedgerService.cs(388,17): error CA1848: For improved performance, use the LoggerMessage delegates instead of calling 'LoggerExtensions.LogError(ILogger, Exception?, string?, params object?[])' (https://learn.microsoft.com/dotnet/fundamentals/code-analysis/quality-rules/ca1848) [/home/runner/work/trading-bot-c-/trading-bot-c-/src/BotCore/BotCore.csproj]
/home/runner/work/trading-bot-c-/trading-bot-c-/src/BotCore/Services/SuppressionLedgerService.cs(392,17): error CA1848: For improved performance, use the LoggerMessage delegates instead of calling 'LoggerExtensions.LogError(ILogger, Exception?, string?, params object?[])' (https://learn.microsoft.com/dotnet/fundamentals/code-analysis/quality-rules/ca1848) [/home/runner/work/trading-bot-c-/trading-bot-c-/src/BotCore/BotCore.csproj]
/home/runner/work/trading-bot-c-/trading-bot-c-/src/BotCore/Services/SuppressionLedgerService.cs(396,17): error CA1848: For improved performance, use the LoggerMessage delegates instead of calling 'LoggerExtensions.LogError(ILogger, Exception?, string?, params object?[])' (https://learn.microsoft.com/dotnet/fundamentals/code-analysis/quality-rules/ca1848) [/home/runner/work/trading-bot-c-/trading-bot-c-/src/BotCore/BotCore.csproj]
/home/runner/work/trading-bot-c-/trading-bot-c-/src/BotCore/Services/TradingSystemIntegrationService.cs(1904,43): error S1541: The Cyclomatic Complexity of this method is 15 which is greater than 10 authorized. (https://rules.sonarsource.com/csharp/RSPEC-1541) [/home/runner/work/trading-bot-c-/trading-bot-c-/src/BotCore/BotCore.csproj]
/home/runner/work/trading-bot-c-/trading-bot-c-/src/BotCore/Services/TradingSystemIntegrationService.cs(1904,43): error S138: This method 'ValidateProgressiveReadiness' has 84 lines, which is greater than the 80 lines authorized. Split it into smaller methods. (https://rules.sonarsource.com/csharp/RSPEC-138) [/home/runner/work/trading-bot-c-/trading-bot-c-/src/BotCore/BotCore.csproj]
/home/runner/work/trading-bot-c-/trading-bot-c-/src/BotCore/Services/SuppressionLedgerService.cs(421,17): error CA1848: For improved performance, use the LoggerMessage delegates instead of calling 'LoggerExtensions.LogWarning(ILogger, string?, params object?[])' (https://learn.microsoft.com/dotnet/fundamentals/code-analysis/quality-rules/ca1848) [/home/runner/work/trading-bot-c-/trading-bot-c-/src/BotCore/BotCore.csproj]
/home/runner/work/trading-bot-c-/trading-bot-c-/src/BotCore/Services/SuppressionLedgerService.cs(425,17): error CA1848: For improved performance, use the LoggerMessage delegates instead of calling 'LoggerExtensions.LogError(ILogger, Exception?, string?, params object?[])' (https://learn.microsoft.com/dotnet/fundamentals/code-analysis/quality-rules/ca1848) [/home/runner/work/trading-bot-c-/trading-bot-c-/src/BotCore/BotCore.csproj]
/home/runner/work/trading-bot-c-/trading-bot-c-/src/BotCore/Services/SuppressionLedgerService.cs(429,17): error CA1848: For improved performance, use the LoggerMessage delegates instead of calling 'LoggerExtensions.LogError(ILogger, Exception?, string?, params object?[])' (https://learn.microsoft.com/dotnet/fundamentals/code-analysis/quality-rules/ca1848) [/home/runner/work/trading-bot-c-/trading-bot-c-/src/BotCore/BotCore.csproj]
/home/runner/work/trading-bot-c-/trading-bot-c-/src/BotCore/Services/SuppressionLedgerService.cs(433,17): error CA1848: For improved performance, use the LoggerMessage delegates instead of calling 'LoggerExtensions.LogError(ILogger, Exception?, string?, params object?[])' (https://learn.microsoft.com/dotnet/fundamentals/code-analysis/quality-rules/ca1848) [/home/runner/work/trading-bot-c-/trading-bot-c-/src/BotCore/BotCore.csproj]
/home/runner/work/trading-bot-c-/trading-bot-c-/src/BotCore/Services/SuppressionLedgerService.cs(437,17): error CA1848: For improved performance, use the LoggerMessage delegates instead of calling 'LoggerExtensions.LogError(ILogger, Exception?, string?, params object?[])' (https://learn.microsoft.com/dotnet/fundamentals/code-analysis/quality-rules/ca1848) [/home/runner/work/trading-bot-c-/trading-bot-c-/src/BotCore/BotCore.csproj]
/home/runner/work/trading-bot-c-/trading-bot-c-/src/BotCore/Bandits/NeuralUcbBandit.cs(398,31): error CA1303: Method 'Task NeuralUcbArm.RetrainNetworkAsync(CancellationToken ct)' passes a literal string as parameter 'value' of a call to 'void Console.WriteLine(string? value)'. Retrieve the following string(s) from a resource table instead: "[NEURAL-UCB] Retraining completed". (https://learn.microsoft.com/dotnet/fundamentals/code-analysis/quality-rules/ca1303) [/home/runner/work/trading-bot-c-/trading-bot-c-/src/BotCore/BotCore.csproj]
/home/runner/work/trading-bot-c-/trading-bot-c-/src/BotCore/Services/StateDurabilityService.cs(32,13): error CA1848: For improved performance, use the LoggerMessage delegates instead of calling 'LoggerExtensions.LogInformation(ILogger, string?, params object?[])' (https://learn.microsoft.com/dotnet/fundamentals/code-analysis/quality-rules/ca1848) [/home/runner/work/trading-bot-c-/trading-bot-c-/src/BotCore/BotCore.csproj]
/home/runner/work/trading-bot-c-/trading-bot-c-/src/BotCore/Services/StateDurabilityService.cs(51,21): error CA1848: For improved performance, use the LoggerMessage delegates instead of calling 'LoggerExtensions.LogError(ILogger, Exception?, string?, params object?[])' (https://learn.microsoft.com/dotnet/fundamentals/code-analysis/quality-rules/ca1848) [/home/runner/work/trading-bot-c-/trading-bot-c-/src/BotCore/BotCore.csproj]
/home/runner/work/trading-bot-c-/trading-bot-c-/src/BotCore/Services/StateDurabilityService.cs(56,21): error CA1848: For improved performance, use the LoggerMessage delegates instead of calling 'LoggerExtensions.LogError(ILogger, Exception?, string?, params object?[])' (https://learn.microsoft.com/dotnet/fundamentals/code-analysis/quality-rules/ca1848) [/home/runner/work/trading-bot-c-/trading-bot-c-/src/BotCore/BotCore.csproj]
/home/runner/work/trading-bot-c-/trading-bot-c-/src/BotCore/Services/StateDurabilityService.cs(61,21): error CA1848: For improved performance, use the LoggerMessage delegates instead of calling 'LoggerExtensions.LogError(ILogger, Exception?, string?, params object?[])' (https://learn.microsoft.com/dotnet/fundamentals/code-analysis/quality-rules/ca1848) [/home/runner/work/trading-bot-c-/trading-bot-c-/src/BotCore/BotCore.csproj]
/home/runner/work/trading-bot-c-/trading-bot-c-/src/BotCore/Services/StateDurabilityService.cs(66,21): error CA1848: For improved performance, use the LoggerMessage delegates instead of calling 'LoggerExtensions.LogError(ILogger, Exception?, string?, params object?[])' (https://learn.microsoft.com/dotnet/fundamentals/code-analysis/quality-rules/ca1848) [/home/runner/work/trading-bot-c-/trading-bot-c-/src/BotCore/BotCore.csproj]
/home/runner/work/trading-bot-c-/trading-bot-c-/src/BotCore/Services/StateDurabilityService.cs(72,13): error CA1848: For improved performance, use the LoggerMessage delegates instead of calling 'LoggerExtensions.LogInformation(ILogger, string?, params object?[])' (https://learn.microsoft.com/dotnet/fundamentals/code-analysis/quality-rules/ca1848) [/home/runner/work/trading-bot-c-/trading-bot-c-/src/BotCore/BotCore.csproj]
/home/runner/work/trading-bot-c-/trading-bot-c-/src/BotCore/Services/PositionTrackingSystem.cs(39,13): error CA1848: For improved performance, use the LoggerMessage delegates instead of calling 'LoggerExtensions.LogInformation(ILogger, string?, params object?[])' (https://learn.microsoft.com/dotnet/fundamentals/code-analysis/quality-rules/ca1848) [/home/runner/work/trading-bot-c-/trading-bot-c-/src/BotCore/BotCore.csproj]
/home/runner/work/trading-bot-c-/trading-bot-c-/src/BotCore/Services/StateDurabilityService.cs(85,17): error CA1848: For improved performance, use the LoggerMessage delegates instead of calling 'LoggerExtensions.LogInformation(ILogger, string?, params object?[])' (https://learn.microsoft.com/dotnet/fundamentals/code-analysis/quality-rules/ca1848) [/home/runner/work/trading-bot-c-/trading-bot-c-/src/BotCore/BotCore.csproj]
/home/runner/work/trading-bot-c-/trading-bot-c-/src/BotCore/Services/StateDurabilityService.cs(101,17): error CA1848: For improved performance, use the LoggerMessage delegates instead of calling 'LoggerExtensions.LogInformation(ILogger, string?, params object?[])' (https://learn.microsoft.com/dotnet/fundamentals/code-analysis/quality-rules/ca1848) [/home/runner/work/trading-bot-c-/trading-bot-c-/src/BotCore/BotCore.csproj]
/home/runner/work/trading-bot-c-/trading-bot-c-/src/BotCore/Services/StateDurabilityService.cs(107,17): error CA1848: For improved performance, use the LoggerMessage delegates instead of calling 'LoggerExtensions.LogError(ILogger, Exception?, string?, params object?[])' (https://learn.microsoft.com/dotnet/fundamentals/code-analysis/quality-rules/ca1848) [/home/runner/work/trading-bot-c-/trading-bot-c-/src/BotCore/BotCore.csproj]
/home/runner/work/trading-bot-c-/trading-bot-c-/src/BotCore/Services/StateDurabilityService.cs(112,17): error CA1848: For improved performance, use the LoggerMessage delegates instead of calling 'LoggerExtensions.LogError(ILogger, Exception?, string?, params object?[])' (https://learn.microsoft.com/dotnet/fundamentals/code-analysis/quality-rules/ca1848) [/home/runner/work/trading-bot-c-/trading-bot-c-/src/BotCore/BotCore.csproj]
/home/runner/work/trading-bot-c-/trading-bot-c-/src/BotCore/Services/StateDurabilityService.cs(117,17): error CA1848: For improved performance, use the LoggerMessage delegates instead of calling 'LoggerExtensions.LogError(ILogger, Exception?, string?, params object?[])' (https://learn.microsoft.com/dotnet/fundamentals/code-analysis/quality-rules/ca1848) [/home/runner/work/trading-bot-c-/trading-bot-c-/src/BotCore/BotCore.csproj]
/home/runner/work/trading-bot-c-/trading-bot-c-/src/BotCore/Services/StateDurabilityService.cs(122,17): error CA1848: For improved performance, use the LoggerMessage delegates instead of calling 'LoggerExtensions.LogError(ILogger, Exception?, string?, params object?[])' (https://learn.microsoft.com/dotnet/fundamentals/code-analysis/quality-rules/ca1848) [/home/runner/work/trading-bot-c-/trading-bot-c-/src/BotCore/BotCore.csproj]
/home/runner/work/trading-bot-c-/trading-bot-c-/src/BotCore/Services/PositionTrackingSystem.cs(83,17): error CA1848: For improved performance, use the LoggerMessage delegates instead of calling 'LoggerExtensions.LogInformation(ILogger, string?, params object?[])' (https://learn.microsoft.com/dotnet/fundamentals/code-analysis/quality-rules/ca1848) [/home/runner/work/trading-bot-c-/trading-bot-c-/src/BotCore/BotCore.csproj]
/home/runner/work/trading-bot-c-/trading-bot-c-/src/BotCore/Services/PositionTrackingSystem.cs(101,17): error CA1848: For improved performance, use the LoggerMessage delegates instead of calling 'LoggerExtensions.LogError(ILogger, Exception?, string?, params object?[])' (https://learn.microsoft.com/dotnet/fundamentals/code-analysis/quality-rules/ca1848) [/home/runner/work/trading-bot-c-/trading-bot-c-/src/BotCore/BotCore.csproj]
/home/runner/work/trading-bot-c-/trading-bot-c-/src/BotCore/Services/PositionTrackingSystem.cs(105,17): error CA1848: For improved performance, use the LoggerMessage delegates instead of calling 'LoggerExtensions.LogError(ILogger, Exception?, string?, params object?[])' (https://learn.microsoft.com/dotnet/fundamentals/code-analysis/quality-rules/ca1848) [/home/runner/work/trading-bot-c-/trading-bot-c-/src/BotCore/BotCore.csproj]
/home/runner/work/trading-bot-c-/trading-bot-c-/src/BotCore/Services/PositionTrackingSystem.cs(109,17): error CA1848: For improved performance, use the LoggerMessage delegates instead of calling 'LoggerExtensions.LogError(ILogger, Exception?, string?, params object?[])' (https://learn.microsoft.com/dotnet/fundamentals/code-analysis/quality-rules/ca1848) [/home/runner/work/trading-bot-c-/trading-bot-c-/src/BotCore/BotCore.csproj]
/home/runner/work/trading-bot-c-/trading-bot-c-/src/BotCore/Services/StateDurabilityService.cs(136,21): error CA1848: For improved performance, use the LoggerMessage delegates instead of calling 'LoggerExtensions.LogWarning(ILogger, string?, params object?[])' (https://learn.microsoft.com/dotnet/fundamentals/code-analysis/quality-rules/ca1848) [/home/runner/work/trading-bot-c-/trading-bot-c-/src/BotCore/BotCore.csproj]
/home/runner/work/trading-bot-c-/trading-bot-c-/src/BotCore/Services/StateDurabilityService.cs(159,25): error CA1848: For improved performance, use the LoggerMessage delegates instead of calling 'LoggerExtensions.LogInformation(ILogger, string?, params object?[])' (https://learn.microsoft.com/dotnet/fundamentals/code-analysis/quality-rules/ca1848) [/home/runner/work/trading-bot-c-/trading-bot-c-/src/BotCore/BotCore.csproj]
/home/runner/work/trading-bot-c-/trading-bot-c-/src/BotCore/Services/StateDurabilityService.cs(165,21): error CA1848: For improved performance, use the LoggerMessage delegates instead of calling 'LoggerExtensions.LogInformation(ILogger, string?, params object?[])' (https://learn.microsoft.com/dotnet/fundamentals/code-analysis/quality-rules/ca1848) [/home/runner/work/trading-bot-c-/trading-bot-c-/src/BotCore/BotCore.csproj]
/home/runner/work/trading-bot-c-/trading-bot-c-/src/BotCore/Services/StateDurabilityService.cs(169,21): error CA1848: For improved performance, use the LoggerMessage delegates instead of calling 'LoggerExtensions.LogError(ILogger, Exception?, string?, params object?[])' (https://learn.microsoft.com/dotnet/fundamentals/code-analysis/quality-rules/ca1848) [/home/runner/work/trading-bot-c-/trading-bot-c-/src/BotCore/BotCore.csproj]
/home/runner/work/trading-bot-c-/trading-bot-c-/src/BotCore/Services/PositionTrackingSystem.cs(149,13): error CA1848: For improved performance, use the LoggerMessage delegates instead of calling 'LoggerExtensions.LogDebug(ILogger, string?, params object?[])' (https://learn.microsoft.com/dotnet/fundamentals/code-analysis/quality-rules/ca1848) [/home/runner/work/trading-bot-c-/trading-bot-c-/src/BotCore/BotCore.csproj]
/home/runner/work/trading-bot-c-/trading-bot-c-/src/BotCore/Services/StateDurabilityService.cs(194,17): error CA1848: For improved performance, use the LoggerMessage delegates instead of calling 'LoggerExtensions.LogWarning(ILogger, Exception?, string?, params object?[])' (https://learn.microsoft.com/dotnet/fundamentals/code-analysis/quality-rules/ca1848) [/home/runner/work/trading-bot-c-/trading-bot-c-/src/BotCore/BotCore.csproj]
/home/runner/work/trading-bot-c-/trading-bot-c-/src/BotCore/Services/StateDurabilityService.cs(199,17): error CA1848: For improved performance, use the LoggerMessage delegates instead of calling 'LoggerExtensions.LogError(ILogger, Exception?, string?, params object?[])' (https://learn.microsoft.com/dotnet/fundamentals/code-analysis/quality-rules/ca1848) [/home/runner/work/trading-bot-c-/trading-bot-c-/src/BotCore/BotCore.csproj]
/home/runner/work/trading-bot-c-/trading-bot-c-/src/BotCore/Services/StateDurabilityService.cs(204,17): error CA1848: For improved performance, use the LoggerMessage delegates instead of calling 'LoggerExtensions.LogError(ILogger, Exception?, string?, params object?[])' (https://learn.microsoft.com/dotnet/fundamentals/code-analysis/quality-rules/ca1848) [/home/runner/work/trading-bot-c-/trading-bot-c-/src/BotCore/BotCore.csproj]
/home/runner/work/trading-bot-c-/trading-bot-c-/src/BotCore/Services/StateDurabilityService.cs(209,17): error CA1848: For improved performance, use the LoggerMessage delegates instead of calling 'LoggerExtensions.LogError(ILogger, Exception?, string?, params object?[])' (https://learn.microsoft.com/dotnet/fundamentals/code-analysis/quality-rules/ca1848) [/home/runner/work/trading-bot-c-/trading-bot-c-/src/BotCore/BotCore.csproj]
/home/runner/work/trading-bot-c-/trading-bot-c-/src/BotCore/Services/PositionTrackingSystem.cs(207,17): error CA1848: For improved performance, use the LoggerMessage delegates instead of calling 'LoggerExtensions.LogCritical(ILogger, string?, params object?[])' (https://learn.microsoft.com/dotnet/fundamentals/code-analysis/quality-rules/ca1848) [/home/runner/work/trading-bot-c-/trading-bot-c-/src/BotCore/BotCore.csproj]
/home/runner/work/trading-bot-c-/trading-bot-c-/src/BotCore/Services/StateDurabilityService.cs(218,17): error CA1848: For improved performance, use the LoggerMessage delegates instead of calling 'LoggerExtensions.LogWarning(ILogger, string?, params object?[])' (https://learn.microsoft.com/dotnet/fundamentals/code-analysis/quality-rules/ca1848) [/home/runner/work/trading-bot-c-/trading-bot-c-/src/BotCore/BotCore.csproj]
/home/runner/work/trading-bot-c-/trading-bot-c-/src/BotCore/Services/StateDurabilityService.cs(230,13): error CA1848: For improved performance, use the LoggerMessage delegates instead of calling 'LoggerExtensions.LogInformation(ILogger, string?, params object?[])' (https://learn.microsoft.com/dotnet/fundamentals/code-analysis/quality-rules/ca1848) [/home/runner/work/trading-bot-c-/trading-bot-c-/src/BotCore/BotCore.csproj]
/home/runner/work/trading-bot-c-/trading-bot-c-/src/BotCore/Services/StateDurabilityService.cs(236,17): error CA1848: For improved performance, use the LoggerMessage delegates instead of calling 'LoggerExtensions.LogInformation(ILogger, string?, params object?[])' (https://learn.microsoft.com/dotnet/fundamentals/code-analysis/quality-rules/ca1848) [/home/runner/work/trading-bot-c-/trading-bot-c-/src/BotCore/BotCore.csproj]
/home/runner/work/trading-bot-c-/trading-bot-c-/src/BotCore/Services/StateDurabilityService.cs(240,17): error CA1848: For improved performance, use the LoggerMessage delegates instead of calling 'LoggerExtensions.LogError(ILogger, Exception?, string?, params object?[])' (https://learn.microsoft.com/dotnet/fundamentals/code-analysis/quality-rules/ca1848) [/home/runner/work/trading-bot-c-/trading-bot-c-/src/BotCore/BotCore.csproj]
/home/runner/work/trading-bot-c-/trading-bot-c-/src/BotCore/Services/StateDurabilityService.cs(259,25): error CA1848: For improved performance, use the LoggerMessage delegates instead of calling 'LoggerExtensions.LogInformation(ILogger, string?, params object?[])' (https://learn.microsoft.com/dotnet/fundamentals/code-analysis/quality-rules/ca1848) [/home/runner/work/trading-bot-c-/trading-bot-c-/src/BotCore/BotCore.csproj]
/home/runner/work/trading-bot-c-/trading-bot-c-/src/BotCore/Services/StateDurabilityService.cs(265,17): error CA1848: For improved performance, use the LoggerMessage delegates instead of calling 'LoggerExtensions.LogError(ILogger, Exception?, string?, params object?[])' (https://learn.microsoft.com/dotnet/fundamentals/code-analysis/quality-rules/ca1848) [/home/runner/work/trading-bot-c-/trading-bot-c-/src/BotCore/BotCore.csproj]
/home/runner/work/trading-bot-c-/trading-bot-c-/src/BotCore/Services/StateDurabilityService.cs(269,17): error CA1848: For improved performance, use the LoggerMessage delegates instead of calling 'LoggerExtensions.LogError(ILogger, Exception?, string?, params object?[])' (https://learn.microsoft.com/dotnet/fundamentals/code-analysis/quality-rules/ca1848) [/home/runner/work/trading-bot-c-/trading-bot-c-/src/BotCore/BotCore.csproj]
/home/runner/work/trading-bot-c-/trading-bot-c-/src/BotCore/Services/StateDurabilityService.cs(273,17): error CA1848: For improved performance, use the LoggerMessage delegates instead of calling 'LoggerExtensions.LogError(ILogger, Exception?, string?, params object?[])' (https://learn.microsoft.com/dotnet/fundamentals/code-analysis/quality-rules/ca1848) [/home/runner/work/trading-bot-c-/trading-bot-c-/src/BotCore/BotCore.csproj]
/home/runner/work/trading-bot-c-/trading-bot-c-/src/BotCore/Services/StateDurabilityService.cs(285,17): error CA1848: For improved performance, use the LoggerMessage delegates instead of calling 'LoggerExtensions.LogCritical(ILogger, string?, params object?[])' (https://learn.microsoft.com/dotnet/fundamentals/code-analysis/quality-rules/ca1848) [/home/runner/work/trading-bot-c-/trading-bot-c-/src/BotCore/BotCore.csproj]
/home/runner/work/trading-bot-c-/trading-bot-c-/src/BotCore/Services/StateDurabilityService.cs(289,17): error CA1848: For improved performance, use the LoggerMessage delegates instead of calling 'LoggerExtensions.LogError(ILogger, Exception?, string?, params object?[])' (https://learn.microsoft.com/dotnet/fundamentals/code-analysis/quality-rules/ca1848) [/home/runner/work/trading-bot-c-/trading-bot-c-/src/BotCore/BotCore.csproj]
/home/runner/work/trading-bot-c-/trading-bot-c-/src/BotCore/Services/StateDurabilityService.cs(293,17): error CA1848: For improved performance, use the LoggerMessage delegates instead of calling 'LoggerExtensions.LogError(ILogger, Exception?, string?, params object?[])' (https://learn.microsoft.com/dotnet/fundamentals/code-analysis/quality-rules/ca1848) [/home/runner/work/trading-bot-c-/trading-bot-c-/src/BotCore/BotCore.csproj]
/home/runner/work/trading-bot-c-/trading-bot-c-/src/BotCore/Bandits/LinUcbBandit.cs(569,22): error CA1002: Change 'List<string>' in 'IFunctionApproximationBandit.SelectArmAsync(List<string>, ContextVector, [CancellationToken])' to use 'Collection<T>', 'ReadOnlyCollection<T>' or 'KeyedCollection<K,V>' (https://learn.microsoft.com/dotnet/fundamentals/code-analysis/quality-rules/ca1002) [/home/runner/work/trading-bot-c-/trading-bot-c-/src/BotCore/BotCore.csproj]
/home/runner/work/trading-bot-c-/trading-bot-c-/src/BotCore/Services/PositionTrackingSystem.cs(248,17): error CA1848: For improved performance, use the LoggerMessage delegates instead of calling 'LoggerExtensions.LogCritical(ILogger, string?, params object?[])' (https://learn.microsoft.com/dotnet/fundamentals/code-analysis/quality-rules/ca1848) [/home/runner/work/trading-bot-c-/trading-bot-c-/src/BotCore/BotCore.csproj]
/home/runner/work/trading-bot-c-/trading-bot-c-/src/BotCore/Services/TradingSystemIntegrationService.cs(106,37): error CA2213: 'TradingSystemIntegrationService' contains field '_riskEngine' that is of IDisposable type 'RiskEngine', but it is never disposed. Change the Dispose method on 'TradingSystemIntegrationService' to call Close or Dispose on this field. (https://learn.microsoft.com/dotnet/fundamentals/code-analysis/quality-rules/ca2213) [/home/runner/work/trading-bot-c-/trading-bot-c-/src/BotCore/BotCore.csproj]
/home/runner/work/trading-bot-c-/trading-bot-c-/src/BotCore/Services/TradingSystemIntegrationService.cs(40,46): error CA2213: 'TradingSystemIntegrationService' contains field '_orderConfirmation' that is of IDisposable type 'OrderFillConfirmationSystem?', but it is never disposed. Change the Dispose method on 'TradingSystemIntegrationService' to call Close or Dispose on this field. (https://learn.microsoft.com/dotnet/fundamentals/code-analysis/quality-rules/ca2213) [/home/runner/work/trading-bot-c-/trading-bot-c-/src/BotCore/BotCore.csproj]
/home/runner/work/trading-bot-c-/trading-bot-c-/src/BotCore/Services/TradingSystemIntegrationService.cs(109,32): error CA2213: 'TradingSystemIntegrationService' contains field '_tradingEvaluationTimer' that is of IDisposable type 'Timer', but it is never disposed. Change the Dispose method on 'TradingSystemIntegrationService' to call Close or Dispose on this field. (https://learn.microsoft.com/dotnet/fundamentals/code-analysis/quality-rules/ca2213) [/home/runner/work/trading-bot-c-/trading-bot-c-/src/BotCore/BotCore.csproj]
/home/runner/work/trading-bot-c-/trading-bot-c-/src/BotCore/Services/PositionTrackingSystem.cs(259,17): error CA1848: For improved performance, use the LoggerMessage delegates instead of calling 'LoggerExtensions.LogDebug(ILogger, string?, params object?[])' (https://learn.microsoft.com/dotnet/fundamentals/code-analysis/quality-rules/ca1848) [/home/runner/work/trading-bot-c-/trading-bot-c-/src/BotCore/BotCore.csproj]
/home/runner/work/trading-bot-c-/trading-bot-c-/src/BotCore/Services/PositionTrackingSystem.cs(268,21): error CA1848: For improved performance, use the LoggerMessage delegates instead of calling 'LoggerExtensions.LogWarning(ILogger, string?, params object?[])' (https://learn.microsoft.com/dotnet/fundamentals/code-analysis/quality-rules/ca1848) [/home/runner/work/trading-bot-c-/trading-bot-c-/src/BotCore/BotCore.csproj]
/home/runner/work/trading-bot-c-/trading-bot-c-/src/BotCore/Services/PositionTrackingSystem.cs(274,21): error CA1848: For improved performance, use the LoggerMessage delegates instead of calling 'LoggerExtensions.LogInformation(ILogger, string?, params object?[])' (https://learn.microsoft.com/dotnet/fundamentals/code-analysis/quality-rules/ca1848) [/home/runner/work/trading-bot-c-/trading-bot-c-/src/BotCore/BotCore.csproj]
/home/runner/work/trading-bot-c-/trading-bot-c-/src/BotCore/Services/PositionTrackingSystem.cs(280,17): error CA1848: For improved performance, use the LoggerMessage delegates instead of calling 'LoggerExtensions.LogError(ILogger, Exception?, string?, params object?[])' (https://learn.microsoft.com/dotnet/fundamentals/code-analysis/quality-rules/ca1848) [/home/runner/work/trading-bot-c-/trading-bot-c-/src/BotCore/BotCore.csproj]
/home/runner/work/trading-bot-c-/trading-bot-c-/src/BotCore/Services/PositionTrackingSystem.cs(284,17): error CA1848: For improved performance, use the LoggerMessage delegates instead of calling 'LoggerExtensions.LogError(ILogger, Exception?, string?, params object?[])' (https://learn.microsoft.com/dotnet/fundamentals/code-analysis/quality-rules/ca1848) [/home/runner/work/trading-bot-c-/trading-bot-c-/src/BotCore/BotCore.csproj]
/home/runner/work/trading-bot-c-/trading-bot-c-/src/BotCore/Services/PositionTrackingSystem.cs(288,17): error CA1848: For improved performance, use the LoggerMessage delegates instead of calling 'LoggerExtensions.LogError(ILogger, Exception?, string?, params object?[])' (https://learn.microsoft.com/dotnet/fundamentals/code-analysis/quality-rules/ca1848) [/home/runner/work/trading-bot-c-/trading-bot-c-/src/BotCore/BotCore.csproj]
/home/runner/work/trading-bot-c-/trading-bot-c-/src/BotCore/Services/SecretsValidationService.cs(48,13): error CA1848: For improved performance, use the LoggerMessage delegates instead of calling 'LoggerExtensions.LogInformation(ILogger, string?, params object?[])' (https://learn.microsoft.com/dotnet/fundamentals/code-analysis/quality-rules/ca1848) [/home/runner/work/trading-bot-c-/trading-bot-c-/src/BotCore/BotCore.csproj]
/home/runner/work/trading-bot-c-/trading-bot-c-/src/BotCore/Services/SecretsValidationService.cs(71,21): error CA1848: For improved performance, use the LoggerMessage delegates instead of calling 'LoggerExtensions.LogInformation(ILogger, string?, params object?[])' (https://learn.microsoft.com/dotnet/fundamentals/code-analysis/quality-rules/ca1848) [/home/runner/work/trading-bot-c-/trading-bot-c-/src/BotCore/BotCore.csproj]
/home/runner/work/trading-bot-c-/trading-bot-c-/src/BotCore/Services/SecretsValidationService.cs(75,21): error CA1848: For improved performance, use the LoggerMessage delegates instead of calling 'LoggerExtensions.LogError(ILogger, string?, params object?[])' (https://learn.microsoft.com/dotnet/fundamentals/code-analysis/quality-rules/ca1848) [/home/runner/work/trading-bot-c-/trading-bot-c-/src/BotCore/BotCore.csproj]
/home/runner/work/trading-bot-c-/trading-bot-c-/src/BotCore/Services/SecretsValidationService.cs(81,17): error CA1848: For improved performance, use the LoggerMessage delegates instead of calling 'LoggerExtensions.LogError(ILogger, Exception?, string?, params object?[])' (https://learn.microsoft.com/dotnet/fundamentals/code-analysis/quality-rules/ca1848) [/home/runner/work/trading-bot-c-/trading-bot-c-/src/BotCore/BotCore.csproj]
/home/runner/work/trading-bot-c-/trading-bot-c-/src/BotCore/Services/SecretsValidationService.cs(87,17): error CA1848: For improved performance, use the LoggerMessage delegates instead of calling 'LoggerExtensions.LogError(ILogger, Exception?, string?, params object?[])' (https://learn.microsoft.com/dotnet/fundamentals/code-analysis/quality-rules/ca1848) [/home/runner/work/trading-bot-c-/trading-bot-c-/src/BotCore/BotCore.csproj]
/home/runner/work/trading-bot-c-/trading-bot-c-/src/BotCore/Services/SecretsValidationService.cs(93,17): error CA1848: For improved performance, use the LoggerMessage delegates instead of calling 'LoggerExtensions.LogError(ILogger, Exception?, string?, params object?[])' (https://learn.microsoft.com/dotnet/fundamentals/code-analysis/quality-rules/ca1848) [/home/runner/work/trading-bot-c-/trading-bot-c-/src/BotCore/BotCore.csproj]
/home/runner/work/trading-bot-c-/trading-bot-c-/src/BotCore/Services/SecretsValidationService.cs(121,21): error CA1848: For improved performance, use the LoggerMessage delegates instead of calling 'LoggerExtensions.LogError(ILogger, string?, params object?[])' (https://learn.microsoft.com/dotnet/fundamentals/code-analysis/quality-rules/ca1848) [/home/runner/work/trading-bot-c-/trading-bot-c-/src/BotCore/BotCore.csproj]
/home/runner/work/trading-bot-c-/trading-bot-c-/src/BotCore/Services/SecretsValidationService.cs(129,25): error CA1848: For improved performance, use the LoggerMessage delegates instead of calling 'LoggerExtensions.LogDebug(ILogger, string?, params object?[])' (https://learn.microsoft.com/dotnet/fundamentals/code-analysis/quality-rules/ca1848) [/home/runner/work/trading-bot-c-/trading-bot-c-/src/BotCore/BotCore.csproj]
/home/runner/work/trading-bot-c-/trading-bot-c-/src/BotCore/Services/SecretsValidationService.cs(134,25): error CA1848: For improved performance, use the LoggerMessage delegates instead of calling 'LoggerExtensions.LogError(ILogger, string?, params object?[])' (https://learn.microsoft.com/dotnet/fundamentals/code-analysis/quality-rules/ca1848) [/home/runner/work/trading-bot-c-/trading-bot-c-/src/BotCore/BotCore.csproj]
/home/runner/work/trading-bot-c-/trading-bot-c-/src/BotCore/Bandits/LinUcbBandit.cs(204,14): error CA1814: .ctor uses a multidimensional array of decimal[*,*]. Replace it with a jagged array if possible. (https://learn.microsoft.com/dotnet/fundamentals/code-analysis/quality-rules/ca1814) [/home/runner/work/trading-bot-c-/trading-bot-c-/src/BotCore/BotCore.csproj]
/home/runner/work/trading-bot-c-/trading-bot-c-/src/BotCore/Services/SecretsValidationService.cs(159,21): error CA1848: For improved performance, use the LoggerMessage delegates instead of calling 'LoggerExtensions.LogError(ILogger, string?, params object?[])' (https://learn.microsoft.com/dotnet/fundamentals/code-analysis/quality-rules/ca1848) [/home/runner/work/trading-bot-c-/trading-bot-c-/src/BotCore/BotCore.csproj]
/home/runner/work/trading-bot-c-/trading-bot-c-/src/BotCore/Services/SecretsValidationService.cs(164,21): error CA1848: For improved performance, use the LoggerMessage delegates instead of calling 'LoggerExtensions.LogError(ILogger, string?, params object?[])' (https://learn.microsoft.com/dotnet/fundamentals/code-analysis/quality-rules/ca1848) [/home/runner/work/trading-bot-c-/trading-bot-c-/src/BotCore/BotCore.csproj]
/home/runner/work/trading-bot-c-/trading-bot-c-/src/BotCore/Services/SecretsValidationService.cs(169,21): error CA1848: For improved performance, use the LoggerMessage delegates instead of calling 'LoggerExtensions.LogDebug(ILogger, string?, params object?[])' (https://learn.microsoft.com/dotnet/fundamentals/code-analysis/quality-rules/ca1848) [/home/runner/work/trading-bot-c-/trading-bot-c-/src/BotCore/BotCore.csproj]
/home/runner/work/trading-bot-c-/trading-bot-c-/src/BotCore/Services/SecretsValidationService.cs(192,21): error CA1848: For improved performance, use the LoggerMessage delegates instead of calling 'LoggerExtensions.LogWarning(ILogger, string?, params object?[])' (https://learn.microsoft.com/dotnet/fundamentals/code-analysis/quality-rules/ca1848) [/home/runner/work/trading-bot-c-/trading-bot-c-/src/BotCore/BotCore.csproj]
/home/runner/work/trading-bot-c-/trading-bot-c-/src/BotCore/Services/SecretsValidationService.cs(197,21): error CA1848: For improved performance, use the LoggerMessage delegates instead of calling 'LoggerExtensions.LogError(ILogger, string?, params object?[])' (https://learn.microsoft.com/dotnet/fundamentals/code-analysis/quality-rules/ca1848) [/home/runner/work/trading-bot-c-/trading-bot-c-/src/BotCore/BotCore.csproj]
/home/runner/work/trading-bot-c-/trading-bot-c-/src/BotCore/Services/SecretsValidationService.cs(202,21): error CA1848: For improved performance, use the LoggerMessage delegates instead of calling 'LoggerExtensions.LogDebug(ILogger, string?, params object?[])' (https://learn.microsoft.com/dotnet/fundamentals/code-analysis/quality-rules/ca1848) [/home/runner/work/trading-bot-c-/trading-bot-c-/src/BotCore/BotCore.csproj]
/home/runner/work/trading-bot-c-/trading-bot-c-/src/BotCore/Services/SecretsValidationService.cs(218,38): error S3267: Loop should be simplified by calling Select(rule => rule.Name)) (https://rules.sonarsource.com/csharp/RSPEC-3267) [/home/runner/work/trading-bot-c-/trading-bot-c-/src/BotCore/BotCore.csproj]
/home/runner/work/trading-bot-c-/trading-bot-c-/src/BotCore/Services/SecretsValidationService.cs(221,21): error CA1848: For improved performance, use the LoggerMessage delegates instead of calling 'LoggerExtensions.LogError(ILogger, string?, params object?[])' (https://learn.microsoft.com/dotnet/fundamentals/code-analysis/quality-rules/ca1848) [/home/runner/work/trading-bot-c-/trading-bot-c-/src/BotCore/BotCore.csproj]
/home/runner/work/trading-bot-c-/trading-bot-c-/src/BotCore/Services/EnhancedTrainingDataService.cs(69,13): error CA1848: For improved performance, use the LoggerMessage delegates instead of calling 'LoggerExtensions.LogInformation(ILogger, string?, params object?[])' (https://learn.microsoft.com/dotnet/fundamentals/code-analysis/quality-rules/ca1848) [/home/runner/work/trading-bot-c-/trading-bot-c-/src/BotCore/BotCore.csproj]
/home/runner/work/trading-bot-c-/trading-bot-c-/src/BotCore/TestApp/Program.cs(39,13): error CA1848: For improved performance, use the LoggerMessage delegates instead of calling 'LoggerExtensions.LogInformation(ILogger, string?, params object?[])' (https://learn.microsoft.com/dotnet/fundamentals/code-analysis/quality-rules/ca1848) [/home/runner/work/trading-bot-c-/trading-bot-c-/src/BotCore/BotCore.csproj]
/home/runner/work/trading-bot-c-/trading-bot-c-/src/BotCore/TestApp/Program.cs(45,17): error CA1848: For improved performance, use the LoggerMessage delegates instead of calling 'LoggerExtensions.LogInformation(ILogger, string?, params object?[])' (https://learn.microsoft.com/dotnet/fundamentals/code-analysis/quality-rules/ca1848) [/home/runner/work/trading-bot-c-/trading-bot-c-/src/BotCore/BotCore.csproj]
/home/runner/work/trading-bot-c-/trading-bot-c-/src/BotCore/TestApp/Program.cs(50,17): error CA1848: For improved performance, use the LoggerMessage delegates instead of calling 'LoggerExtensions.LogCritical(ILogger, string?, params object?[])' (https://learn.microsoft.com/dotnet/fundamentals/code-analysis/quality-rules/ca1848) [/home/runner/work/trading-bot-c-/trading-bot-c-/src/BotCore/BotCore.csproj]
/home/runner/work/trading-bot-c-/trading-bot-c-/src/BotCore/StrategyDsl/StrategyKnowledgeGraphNew.cs(621,17): error CA1848: For improved performance, use the LoggerMessage delegates instead of calling 'LoggerExtensions.LogTrace(ILogger, string?, params object?[])' (https://learn.microsoft.com/dotnet/fundamentals/code-analysis/quality-rules/ca1848) [/home/runner/work/trading-bot-c-/trading-bot-c-/src/BotCore/BotCore.csproj]
/home/runner/work/trading-bot-c-/trading-bot-c-/src/BotCore/StrategyDsl/StrategyKnowledgeGraphNew.cs(629,17): error CA1848: For improved performance, use the LoggerMessage delegates instead of calling 'LoggerExtensions.LogError(ILogger, Exception?, string?, params object?[])' (https://learn.microsoft.com/dotnet/fundamentals/code-analysis/quality-rules/ca1848) [/home/runner/work/trading-bot-c-/trading-bot-c-/src/BotCore/BotCore.csproj]
/home/runner/work/trading-bot-c-/trading-bot-c-/src/BotCore/StrategyDsl/StrategyKnowledgeGraphNew.cs(634,17): error CA1848: For improved performance, use the LoggerMessage delegates instead of calling 'LoggerExtensions.LogError(ILogger, Exception?, string?, params object?[])' (https://learn.microsoft.com/dotnet/fundamentals/code-analysis/quality-rules/ca1848) [/home/runner/work/trading-bot-c-/trading-bot-c-/src/BotCore/BotCore.csproj]
/home/runner/work/trading-bot-c-/trading-bot-c-/src/BotCore/StrategyDsl/StrategyKnowledgeGraphNew.cs(639,17): error CA1848: For improved performance, use the LoggerMessage delegates instead of calling 'LoggerExtensions.LogError(ILogger, Exception?, string?, params object?[])' (https://learn.microsoft.com/dotnet/fundamentals/code-analysis/quality-rules/ca1848) [/home/runner/work/trading-bot-c-/trading-bot-c-/src/BotCore/BotCore.csproj]
/home/runner/work/trading-bot-c-/trading-bot-c-/src/BotCore/Services/SecretsValidationService.cs(249,25): error CA1848: For improved performance, use the LoggerMessage delegates instead of calling 'LoggerExtensions.LogDebug(ILogger, string?, params object?[])' (https://learn.microsoft.com/dotnet/fundamentals/code-analysis/quality-rules/ca1848) [/home/runner/work/trading-bot-c-/trading-bot-c-/src/BotCore/BotCore.csproj]
/home/runner/work/trading-bot-c-/trading-bot-c-/src/BotCore/Services/SecretsValidationService.cs(253,25): error CA1848: For improved performance, use the LoggerMessage delegates instead of calling 'LoggerExtensions.LogError(ILogger, string?, params object?[])' (https://learn.microsoft.com/dotnet/fundamentals/code-analysis/quality-rules/ca1848) [/home/runner/work/trading-bot-c-/trading-bot-c-/src/BotCore/BotCore.csproj]
/home/runner/work/trading-bot-c-/trading-bot-c-/src/BotCore/Services/SecretsValidationService.cs(260,17): error CA1848: For improved performance, use the LoggerMessage delegates instead of calling 'LoggerExtensions.LogError(ILogger, Exception?, string?, params object?[])' (https://learn.microsoft.com/dotnet/fundamentals/code-analysis/quality-rules/ca1848) [/home/runner/work/trading-bot-c-/trading-bot-c-/src/BotCore/BotCore.csproj]
/home/runner/work/trading-bot-c-/trading-bot-c-/src/BotCore/Services/SecretsValidationService.cs(265,17): error CA1848: For improved performance, use the LoggerMessage delegates instead of calling 'LoggerExtensions.LogError(ILogger, Exception?, string?, params object?[])' (https://learn.microsoft.com/dotnet/fundamentals/code-analysis/quality-rules/ca1848) [/home/runner/work/trading-bot-c-/trading-bot-c-/src/BotCore/BotCore.csproj]
/home/runner/work/trading-bot-c-/trading-bot-c-/src/BotCore/Services/SecretsValidationService.cs(270,17): error CA1848: For improved performance, use the LoggerMessage delegates instead of calling 'LoggerExtensions.LogError(ILogger, Exception?, string?, params object?[])' (https://learn.microsoft.com/dotnet/fundamentals/code-analysis/quality-rules/ca1848) [/home/runner/work/trading-bot-c-/trading-bot-c-/src/BotCore/BotCore.csproj]
/home/runner/work/trading-bot-c-/trading-bot-c-/src/BotCore/TestApp/Program.cs(23,27): error CA1303: Method 'Task<int> Program.Main(string[] args)' passes a literal string as parameter 'value' of a call to 'void Console.WriteLine(string? value)'. Retrieve the following string(s) from a resource table instead: "🛡️ Production Guardrail Test App". (https://learn.microsoft.com/dotnet/fundamentals/code-analysis/quality-rules/ca1303) [/home/runner/work/trading-bot-c-/trading-bot-c-/src/BotCore/BotCore.csproj]
/home/runner/work/trading-bot-c-/trading-bot-c-/src/BotCore/TestApp/Program.cs(24,27): error CA1303: Method 'Task<int> Program.Main(string[] args)' passes a literal string as parameter 'value' of a call to 'void Console.WriteLine(string? value)'. Retrieve the following string(s) from a resource table instead: "================================". (https://learn.microsoft.com/dotnet/fundamentals/code-analysis/quality-rules/ca1303) [/home/runner/work/trading-bot-c-/trading-bot-c-/src/BotCore/BotCore.csproj]
/home/runner/work/trading-bot-c-/trading-bot-c-/src/BotCore/Services/SecretsValidationService.cs(284,17): error CA1848: For improved performance, use the LoggerMessage delegates instead of calling 'LoggerExtensions.LogDebug(ILogger, string?, params object?[])' (https://learn.microsoft.com/dotnet/fundamentals/code-analysis/quality-rules/ca1848) [/home/runner/work/trading-bot-c-/trading-bot-c-/src/BotCore/BotCore.csproj]
/home/runner/work/trading-bot-c-/trading-bot-c-/src/BotCore/Strategy/StrategyMlIntegration.cs(106,17): error CA1848: For improved performance, use the LoggerMessage delegates instead of calling 'LoggerExtensions.LogDebug(ILogger, string?, params object?[])' (https://learn.microsoft.com/dotnet/fundamentals/code-analysis/quality-rules/ca1848) [/home/runner/work/trading-bot-c-/trading-bot-c-/src/BotCore/BotCore.csproj]
/home/runner/work/trading-bot-c-/trading-bot-c-/src/BotCore/Strategy/StrategyMlIntegration.cs(111,17): error CA1848: For improved performance, use the LoggerMessage delegates instead of calling 'LoggerExtensions.LogError(ILogger, Exception?, string?, params object?[])' (https://learn.microsoft.com/dotnet/fundamentals/code-analysis/quality-rules/ca1848) [/home/runner/work/trading-bot-c-/trading-bot-c-/src/BotCore/BotCore.csproj]
/home/runner/work/trading-bot-c-/trading-bot-c-/src/BotCore/Strategy/StrategyMlIntegration.cs(115,17): error CA1848: For improved performance, use the LoggerMessage delegates instead of calling 'LoggerExtensions.LogError(ILogger, Exception?, string?, params object?[])' (https://learn.microsoft.com/dotnet/fundamentals/code-analysis/quality-rules/ca1848) [/home/runner/work/trading-bot-c-/trading-bot-c-/src/BotCore/BotCore.csproj]
/home/runner/work/trading-bot-c-/trading-bot-c-/src/BotCore/Strategy/StrategyMlIntegration.cs(119,17): error CA1848: For improved performance, use the LoggerMessage delegates instead of calling 'LoggerExtensions.LogError(ILogger, Exception?, string?, params object?[])' (https://learn.microsoft.com/dotnet/fundamentals/code-analysis/quality-rules/ca1848) [/home/runner/work/trading-bot-c-/trading-bot-c-/src/BotCore/BotCore.csproj]
/home/runner/work/trading-bot-c-/trading-bot-c-/src/BotCore/Strategy/StrategyMlIntegration.cs(157,17): error CA1848: For improved performance, use the LoggerMessage delegates instead of calling 'LoggerExtensions.LogDebug(ILogger, string?, params object?[])' (https://learn.microsoft.com/dotnet/fundamentals/code-analysis/quality-rules/ca1848) [/home/runner/work/trading-bot-c-/trading-bot-c-/src/BotCore/BotCore.csproj]
/home/runner/work/trading-bot-c-/trading-bot-c-/src/BotCore/Strategy/StrategyMlIntegration.cs(162,17): error CA1848: For improved performance, use the LoggerMessage delegates instead of calling 'LoggerExtensions.LogError(ILogger, Exception?, string?, params object?[])' (https://learn.microsoft.com/dotnet/fundamentals/code-analysis/quality-rules/ca1848) [/home/runner/work/trading-bot-c-/trading-bot-c-/src/BotCore/BotCore.csproj]
/home/runner/work/trading-bot-c-/trading-bot-c-/src/BotCore/Strategy/StrategyMlIntegration.cs(166,17): error CA1848: For improved performance, use the LoggerMessage delegates instead of calling 'LoggerExtensions.LogError(ILogger, Exception?, string?, params object?[])' (https://learn.microsoft.com/dotnet/fundamentals/code-analysis/quality-rules/ca1848) [/home/runner/work/trading-bot-c-/trading-bot-c-/src/BotCore/BotCore.csproj]
/home/runner/work/trading-bot-c-/trading-bot-c-/src/BotCore/Services/SecretsValidationService.cs(301,17): error CA1848: For improved performance, use the LoggerMessage delegates instead of calling 'LoggerExtensions.LogDebug(ILogger, string?, params object?[])' (https://learn.microsoft.com/dotnet/fundamentals/code-analysis/quality-rules/ca1848) [/home/runner/work/trading-bot-c-/trading-bot-c-/src/BotCore/BotCore.csproj]
/home/runner/work/trading-bot-c-/trading-bot-c-/src/BotCore/Supervisor/StrategyDiagnostics.cs(12,30): error S1541: The Cyclomatic Complexity of this method is 11 which is greater than 10 authorized. (https://rules.sonarsource.com/csharp/RSPEC-1541) [/home/runner/work/trading-bot-c-/trading-bot-c-/src/BotCore/BotCore.csproj]
/home/runner/work/trading-bot-c-/trading-bot-c-/src/BotCore/Supervisor/StrategyDiagnostics.cs(35,34): error S6603: The collection-specific "TrueForAll" method should be used instead of the "All" extension (https://rules.sonarsource.com/csharp/RSPEC-6603) [/home/runner/work/trading-bot-c-/trading-bot-c-/src/BotCore/BotCore.csproj]
/home/runner/work/trading-bot-c-/trading-bot-c-/src/BotCore/Services/EnhancedAutoRlTrainer.cs(64,21): error CA1848: For improved performance, use the LoggerMessage delegates instead of calling 'LoggerExtensions.LogDebug(ILogger, string?, params object?[])' (https://learn.microsoft.com/dotnet/fundamentals/code-analysis/quality-rules/ca1848) [/home/runner/work/trading-bot-c-/trading-bot-c-/src/BotCore/BotCore.csproj]
/home/runner/work/trading-bot-c-/trading-bot-c-/src/BotCore/Services/EnhancedAutoRlTrainer.cs(68,17): error CA1848: For improved performance, use the LoggerMessage delegates instead of calling 'LoggerExtensions.LogInformation(ILogger, string?, params object?[])' (https://learn.microsoft.com/dotnet/fundamentals/code-analysis/quality-rules/ca1848) [/home/runner/work/trading-bot-c-/trading-bot-c-/src/BotCore/BotCore.csproj]
/home/runner/work/trading-bot-c-/trading-bot-c-/src/BotCore/Services/EnhancedAutoRlTrainer.cs(74,21): error CA1848: For improved performance, use the LoggerMessage delegates instead of calling 'LoggerExtensions.LogWarning(ILogger, string?, params object?[])' (https://learn.microsoft.com/dotnet/fundamentals/code-analysis/quality-rules/ca1848) [/home/runner/work/trading-bot-c-/trading-bot-c-/src/BotCore/BotCore.csproj]
/home/runner/work/trading-bot-c-/trading-bot-c-/src/BotCore/Services/EnhancedAutoRlTrainer.cs(83,21): error CA1848: For improved performance, use the LoggerMessage delegates instead of calling 'LoggerExtensions.LogInformation(ILogger, string?, params object?[])' (https://learn.microsoft.com/dotnet/fundamentals/code-analysis/quality-rules/ca1848) [/home/runner/work/trading-bot-c-/trading-bot-c-/src/BotCore/BotCore.csproj]
/home/runner/work/trading-bot-c-/trading-bot-c-/src/BotCore/Services/EnhancedAutoRlTrainer.cs(90,21): error CA1848: For improved performance, use the LoggerMessage delegates instead of calling 'LoggerExtensions.LogError(ILogger, string?, params object?[])' (https://learn.microsoft.com/dotnet/fundamentals/code-analysis/quality-rules/ca1848) [/home/runner/work/trading-bot-c-/trading-bot-c-/src/BotCore/BotCore.csproj]
/home/runner/work/trading-bot-c-/trading-bot-c-/src/BotCore/Services/EnhancedAutoRlTrainer.cs(95,17): error CA1848: For improved performance, use the LoggerMessage delegates instead of calling 'LoggerExtensions.LogError(ILogger, Exception?, string?, params object?[])' (https://learn.microsoft.com/dotnet/fundamentals/code-analysis/quality-rules/ca1848) [/home/runner/work/trading-bot-c-/trading-bot-c-/src/BotCore/BotCore.csproj]
/home/runner/work/trading-bot-c-/trading-bot-c-/src/BotCore/Services/EnhancedAutoRlTrainer.cs(99,17): error CA1848: For improved performance, use the LoggerMessage delegates instead of calling 'LoggerExtensions.LogError(ILogger, Exception?, string?, params object?[])' (https://learn.microsoft.com/dotnet/fundamentals/code-analysis/quality-rules/ca1848) [/home/runner/work/trading-bot-c-/trading-bot-c-/src/BotCore/BotCore.csproj]
/home/runner/work/trading-bot-c-/trading-bot-c-/src/BotCore/Services/EnhancedAutoRlTrainer.cs(103,17): error CA1848: For improved performance, use the LoggerMessage delegates instead of calling 'LoggerExtensions.LogError(ILogger, Exception?, string?, params object?[])' (https://learn.microsoft.com/dotnet/fundamentals/code-analysis/quality-rules/ca1848) [/home/runner/work/trading-bot-c-/trading-bot-c-/src/BotCore/BotCore.csproj]
/home/runner/work/trading-bot-c-/trading-bot-c-/src/BotCore/Services/EnhancedTrainingDataService.cs(108,13): error CA1848: For improved performance, use the LoggerMessage delegates instead of calling 'LoggerExtensions.LogInformation(ILogger, string?, params object?[])' (https://learn.microsoft.com/dotnet/fundamentals/code-analysis/quality-rules/ca1848) [/home/runner/work/trading-bot-c-/trading-bot-c-/src/BotCore/BotCore.csproj]
/home/runner/work/trading-bot-c-/trading-bot-c-/src/BotCore/RlTrainingDataCollector.cs(149,85): error S2589: Remove this unnecessary check for null. (https://rules.sonarsource.com/csharp/RSPEC-2589) [/home/runner/work/trading-bot-c-/trading-bot-c-/src/BotCore/BotCore.csproj]
/home/runner/work/trading-bot-c-/trading-bot-c-/src/BotCore/RlTrainingDataCollector.cs(153,90): error S2589: Remove this unnecessary check for null. (https://rules.sonarsource.com/csharp/RSPEC-2589) [/home/runner/work/trading-bot-c-/trading-bot-c-/src/BotCore/BotCore.csproj]
/home/runner/work/trading-bot-c-/trading-bot-c-/src/BotCore/RlTrainingDataCollector.cs(157,101): error S2589: Remove this unnecessary check for null. (https://rules.sonarsource.com/csharp/RSPEC-2589) [/home/runner/work/trading-bot-c-/trading-bot-c-/src/BotCore/BotCore.csproj]
/home/runner/work/trading-bot-c-/trading-bot-c-/src/BotCore/RlTrainingDataCollector.cs(130,63): error CA1869: Avoid creating a new 'JsonSerializerOptions' instance for every serialization operation. Cache and reuse instances instead. (https://learn.microsoft.com/dotnet/fundamentals/code-analysis/quality-rules/ca1869) [/home/runner/work/trading-bot-c-/trading-bot-c-/src/BotCore/BotCore.csproj]
/home/runner/work/trading-bot-c-/trading-bot-c-/src/BotCore/RlTrainingDataCollector.cs(144,17): error CA1848: For improved performance, use the LoggerMessage delegates instead of calling 'LoggerExtensions.LogDebug(ILogger, string?, params object?[])' (https://learn.microsoft.com/dotnet/fundamentals/code-analysis/quality-rules/ca1848) [/home/runner/work/trading-bot-c-/trading-bot-c-/src/BotCore/BotCore.csproj]
/home/runner/work/trading-bot-c-/trading-bot-c-/src/BotCore/RlTrainingDataCollector.cs(149,17): error CA1848: For improved performance, use the LoggerMessage delegates instead of calling 'LoggerExtensions.LogError(ILogger, Exception?, string?, params object?[])' (https://learn.microsoft.com/dotnet/fundamentals/code-analysis/quality-rules/ca1848) [/home/runner/work/trading-bot-c-/trading-bot-c-/src/BotCore/BotCore.csproj]
/home/runner/work/trading-bot-c-/trading-bot-c-/src/BotCore/RlTrainingDataCollector.cs(153,17): error CA1848: For improved performance, use the LoggerMessage delegates instead of calling 'LoggerExtensions.LogError(ILogger, Exception?, string?, params object?[])' (https://learn.microsoft.com/dotnet/fundamentals/code-analysis/quality-rules/ca1848) [/home/runner/work/trading-bot-c-/trading-bot-c-/src/BotCore/BotCore.csproj]
/home/runner/work/trading-bot-c-/trading-bot-c-/src/BotCore/RlTrainingDataCollector.cs(157,17): error CA1848: For improved performance, use the LoggerMessage delegates instead of calling 'LoggerExtensions.LogError(ILogger, Exception?, string?, params object?[])' (https://learn.microsoft.com/dotnet/fundamentals/code-analysis/quality-rules/ca1848) [/home/runner/work/trading-bot-c-/trading-bot-c-/src/BotCore/BotCore.csproj]
/home/runner/work/trading-bot-c-/trading-bot-c-/src/BotCore/Services/ZoneTelemetryService.cs(81,17): error CA1848: For improved performance, use the LoggerMessage delegates instead of calling 'LoggerExtensions.LogTrace(ILogger, string?, params object?[])' (https://learn.microsoft.com/dotnet/fundamentals/code-analysis/quality-rules/ca1848) [/home/runner/work/trading-bot-c-/trading-bot-c-/src/BotCore/BotCore.csproj]
/home/runner/work/trading-bot-c-/trading-bot-c-/src/BotCore/Services/ZoneTelemetryService.cs(86,17): error CA1848: For improved performance, use the LoggerMessage delegates instead of calling 'LoggerExtensions.LogError(ILogger, Exception?, string?, params object?[])' (https://learn.microsoft.com/dotnet/fundamentals/code-analysis/quality-rules/ca1848) [/home/runner/work/trading-bot-c-/trading-bot-c-/src/BotCore/BotCore.csproj]
/home/runner/work/trading-bot-c-/trading-bot-c-/src/BotCore/Services/ZoneTelemetryService.cs(90,17): error CA1848: For improved performance, use the LoggerMessage delegates instead of calling 'LoggerExtensions.LogError(ILogger, Exception?, string?, params object?[])' (https://learn.microsoft.com/dotnet/fundamentals/code-analysis/quality-rules/ca1848) [/home/runner/work/trading-bot-c-/trading-bot-c-/src/BotCore/BotCore.csproj]
/home/runner/work/trading-bot-c-/trading-bot-c-/src/BotCore/Services/ZoneTelemetryService.cs(107,17): error CA1848: For improved performance, use the LoggerMessage delegates instead of calling 'LoggerExtensions.LogInformation(ILogger, string?, params object?[])' (https://learn.microsoft.com/dotnet/fundamentals/code-analysis/quality-rules/ca1848) [/home/runner/work/trading-bot-c-/trading-bot-c-/src/BotCore/BotCore.csproj]
/home/runner/work/trading-bot-c-/trading-bot-c-/src/BotCore/Services/ZoneTelemetryService.cs(112,17): error CA1848: For improved performance, use the LoggerMessage delegates instead of calling 'LoggerExtensions.LogError(ILogger, Exception?, string?, params object?[])' (https://learn.microsoft.com/dotnet/fundamentals/code-analysis/quality-rules/ca1848) [/home/runner/work/trading-bot-c-/trading-bot-c-/src/BotCore/BotCore.csproj]
/home/runner/work/trading-bot-c-/trading-bot-c-/src/BotCore/Services/ZoneTelemetryService.cs(116,17): error CA1848: For improved performance, use the LoggerMessage delegates instead of calling 'LoggerExtensions.LogError(ILogger, Exception?, string?, params object?[])' (https://learn.microsoft.com/dotnet/fundamentals/code-analysis/quality-rules/ca1848) [/home/runner/work/trading-bot-c-/trading-bot-c-/src/BotCore/BotCore.csproj]
/home/runner/work/trading-bot-c-/trading-bot-c-/src/BotCore/Bandits/LinUcbBandit.cs(327,25): error CA1814: UpdateInverse uses a multidimensional array of decimal[*,*]. Replace it with a jagged array if possible. (https://learn.microsoft.com/dotnet/fundamentals/code-analysis/quality-rules/ca1814) [/home/runner/work/trading-bot-c-/trading-bot-c-/src/BotCore/BotCore.csproj]
/home/runner/work/trading-bot-c-/trading-bot-c-/src/BotCore/Bandits/LinUcbBandit.cs(336,25): error CA1814: UpdateInverse uses a multidimensional array of decimal[*,*]. Replace it with a jagged array if possible. (https://learn.microsoft.com/dotnet/fundamentals/code-analysis/quality-rules/ca1814) [/home/runner/work/trading-bot-c-/trading-bot-c-/src/BotCore/BotCore.csproj]
/home/runner/work/trading-bot-c-/trading-bot-c-/src/BotCore/Services/EnhancedAutoRlTrainer.cs(129,17): error CA1848: For improved performance, use the LoggerMessage delegates instead of calling 'LoggerExtensions.LogDebug(ILogger, Exception?, string?, params object?[])' (https://learn.microsoft.com/dotnet/fundamentals/code-analysis/quality-rules/ca1848) [/home/runner/work/trading-bot-c-/trading-bot-c-/src/BotCore/BotCore.csproj]
/home/runner/work/trading-bot-c-/trading-bot-c-/src/BotCore/Services/EnhancedAutoRlTrainer.cs(133,17): error CA1848: For improved performance, use the LoggerMessage delegates instead of calling 'LoggerExtensions.LogDebug(ILogger, Exception?, string?, params object?[])' (https://learn.microsoft.com/dotnet/fundamentals/code-analysis/quality-rules/ca1848) [/home/runner/work/trading-bot-c-/trading-bot-c-/src/BotCore/BotCore.csproj]
/home/runner/work/trading-bot-c-/trading-bot-c-/src/BotCore/Services/EnhancedAutoRlTrainer.cs(137,17): error CA1848: For improved performance, use the LoggerMessage delegates instead of calling 'LoggerExtensions.LogDebug(ILogger, Exception?, string?, params object?[])' (https://learn.microsoft.com/dotnet/fundamentals/code-analysis/quality-rules/ca1848) [/home/runner/work/trading-bot-c-/trading-bot-c-/src/BotCore/BotCore.csproj]
/home/runner/work/trading-bot-c-/trading-bot-c-/src/BotCore/Services/ZoneTelemetryService.cs(137,17): error CA1848: For improved performance, use the LoggerMessage delegates instead of calling 'LoggerExtensions.LogTrace(ILogger, string?, params object?[])' (https://learn.microsoft.com/dotnet/fundamentals/code-analysis/quality-rules/ca1848) [/home/runner/work/trading-bot-c-/trading-bot-c-/src/BotCore/BotCore.csproj]
/home/runner/work/trading-bot-c-/trading-bot-c-/src/BotCore/Services/ZoneTelemetryService.cs(142,17): error CA1848: For improved performance, use the LoggerMessage delegates instead of calling 'LoggerExtensions.LogError(ILogger, Exception?, string?, params object?[])' (https://learn.microsoft.com/dotnet/fundamentals/code-analysis/quality-rules/ca1848) [/home/runner/work/trading-bot-c-/trading-bot-c-/src/BotCore/BotCore.csproj]
/home/runner/work/trading-bot-c-/trading-bot-c-/src/BotCore/Services/ZoneTelemetryService.cs(146,17): error CA1848: For improved performance, use the LoggerMessage delegates instead of calling 'LoggerExtensions.LogError(ILogger, Exception?, string?, params object?[])' (https://learn.microsoft.com/dotnet/fundamentals/code-analysis/quality-rules/ca1848) [/home/runner/work/trading-bot-c-/trading-bot-c-/src/BotCore/BotCore.csproj]
/home/runner/work/trading-bot-c-/trading-bot-c-/src/BotCore/Services/EnhancedTrainingDataService.cs(133,17): error CA1848: For improved performance, use the LoggerMessage delegates instead of calling 'LoggerExtensions.LogInformation(ILogger, string?, params object?[])' (https://learn.microsoft.com/dotnet/fundamentals/code-analysis/quality-rules/ca1848) [/home/runner/work/trading-bot-c-/trading-bot-c-/src/BotCore/BotCore.csproj]
/home/runner/work/trading-bot-c-/trading-bot-c-/src/BotCore/Services/EnhancedTrainingDataService.cs(138,17): error CA1848: For improved performance, use the LoggerMessage delegates instead of calling 'LoggerExtensions.LogWarning(ILogger, string?, params object?[])' (https://learn.microsoft.com/dotnet/fundamentals/code-analysis/quality-rules/ca1848) [/home/runner/work/trading-bot-c-/trading-bot-c-/src/BotCore/BotCore.csproj]
/home/runner/work/trading-bot-c-/trading-bot-c-/src/BotCore/Services/ZoneTelemetryService.cs(163,17): error CA1848: For improved performance, use the LoggerMessage delegates instead of calling 'LoggerExtensions.LogInformation(ILogger, string?, params object?[])' (https://learn.microsoft.com/dotnet/fundamentals/code-analysis/quality-rules/ca1848) [/home/runner/work/trading-bot-c-/trading-bot-c-/src/BotCore/BotCore.csproj]
/home/runner/work/trading-bot-c-/trading-bot-c-/src/BotCore/Services/ZoneTelemetryService.cs(168,17): error CA1848: For improved performance, use the LoggerMessage delegates instead of calling 'LoggerExtensions.LogError(ILogger, Exception?, string?, params object?[])' (https://learn.microsoft.com/dotnet/fundamentals/code-analysis/quality-rules/ca1848) [/home/runner/work/trading-bot-c-/trading-bot-c-/src/BotCore/BotCore.csproj]
/home/runner/work/trading-bot-c-/trading-bot-c-/src/BotCore/Services/ZoneTelemetryService.cs(172,17): error CA1848: For improved performance, use the LoggerMessage delegates instead of calling 'LoggerExtensions.LogError(ILogger, Exception?, string?, params object?[])' (https://learn.microsoft.com/dotnet/fundamentals/code-analysis/quality-rules/ca1848) [/home/runner/work/trading-bot-c-/trading-bot-c-/src/BotCore/BotCore.csproj]
/home/runner/work/trading-bot-c-/trading-bot-c-/src/BotCore/Bandits/LinUcbBandit.cs(344,24): error CA1814: InvertMatrix returns a multidimensional array of decimal[*,*]. Replace it with a jagged array if possible. (https://learn.microsoft.com/dotnet/fundamentals/code-analysis/quality-rules/ca1814) [/home/runner/work/trading-bot-c-/trading-bot-c-/src/BotCore/BotCore.csproj]
/home/runner/work/trading-bot-c-/trading-bot-c-/src/BotCore/Bandits/LinUcbBandit.cs(344,48): error CA1814: matrix is a multidimensional array. Replace it with a jagged array if possible. (https://learn.microsoft.com/dotnet/fundamentals/code-analysis/quality-rules/ca1814) [/home/runner/work/trading-bot-c-/trading-bot-c-/src/BotCore/BotCore.csproj]
/home/runner/work/trading-bot-c-/trading-bot-c-/src/BotCore/RlTrainingDataCollector.cs(170,62): error CA1869: Avoid creating a new 'JsonSerializerOptions' instance for every serialization operation. Cache and reuse instances instead. (https://learn.microsoft.com/dotnet/fundamentals/code-analysis/quality-rules/ca1869) [/home/runner/work/trading-bot-c-/trading-bot-c-/src/BotCore/BotCore.csproj]
/home/runner/work/trading-bot-c-/trading-bot-c-/src/BotCore/RlTrainingDataCollector.cs(185,17): error CA1848: For improved performance, use the LoggerMessage delegates instead of calling 'LoggerExtensions.LogDebug(ILogger, string?, params object?[])' (https://learn.microsoft.com/dotnet/fundamentals/code-analysis/quality-rules/ca1848) [/home/runner/work/trading-bot-c-/trading-bot-c-/src/BotCore/BotCore.csproj]
/home/runner/work/trading-bot-c-/trading-bot-c-/src/BotCore/RlTrainingDataCollector.cs(190,17): error CA1848: For improved performance, use the LoggerMessage delegates instead of calling 'LoggerExtensions.LogError(ILogger, Exception?, string?, params object?[])' (https://learn.microsoft.com/dotnet/fundamentals/code-analysis/quality-rules/ca1848) [/home/runner/work/trading-bot-c-/trading-bot-c-/src/BotCore/BotCore.csproj]
/home/runner/work/trading-bot-c-/trading-bot-c-/src/BotCore/RlTrainingDataCollector.cs(194,17): error CA1848: For improved performance, use the LoggerMessage delegates instead of calling 'LoggerExtensions.LogError(ILogger, Exception?, string?, params object?[])' (https://learn.microsoft.com/dotnet/fundamentals/code-analysis/quality-rules/ca1848) [/home/runner/work/trading-bot-c-/trading-bot-c-/src/BotCore/BotCore.csproj]
/home/runner/work/trading-bot-c-/trading-bot-c-/src/BotCore/RlTrainingDataCollector.cs(198,17): error CA1848: For improved performance, use the LoggerMessage delegates instead of calling 'LoggerExtensions.LogError(ILogger, Exception?, string?, params object?[])' (https://learn.microsoft.com/dotnet/fundamentals/code-analysis/quality-rules/ca1848) [/home/runner/work/trading-bot-c-/trading-bot-c-/src/BotCore/BotCore.csproj]
/home/runner/work/trading-bot-c-/trading-bot-c-/src/BotCore/Bandits/LinUcbBandit.cs(421,62): error CA1814: matrix is a multidimensional array. Replace it with a jagged array if possible. (https://learn.microsoft.com/dotnet/fundamentals/code-analysis/quality-rules/ca1814) [/home/runner/work/trading-bot-c-/trading-bot-c-/src/BotCore/BotCore.csproj]
/home/runner/work/trading-bot-c-/trading-bot-c-/src/BotCore/Bandits/LinUcbBandit.cs(344,24): error S1541: The Cyclomatic Complexity of this method is 16 which is greater than 10 authorized. (https://rules.sonarsource.com/csharp/RSPEC-1541) [/home/runner/work/trading-bot-c-/trading-bot-c-/src/BotCore/BotCore.csproj]
/home/runner/work/trading-bot-c-/trading-bot-c-/src/BotCore/Resilience/EnhancedProductionResilienceService.cs(358,13): error S6667: Logging in a catch clause should pass the caught exception as a parameter. (https://rules.sonarsource.com/csharp/RSPEC-6667) [/home/runner/work/trading-bot-c-/trading-bot-c-/src/BotCore/BotCore.csproj]
/home/runner/work/trading-bot-c-/trading-bot-c-/src/BotCore/Services/ZoneTelemetryService.cs(213,13): error CA1848: For improved performance, use the LoggerMessage delegates instead of calling 'LoggerExtensions.LogTrace(ILogger, string?, params object?[])' (https://learn.microsoft.com/dotnet/fundamentals/code-analysis/quality-rules/ca1848) [/home/runner/work/trading-bot-c-/trading-bot-c-/src/BotCore/BotCore.csproj]
/home/runner/work/trading-bot-c-/trading-bot-c-/src/BotCore/Bandits/LinUcbBandit.cs(347,25): error CA1814: InvertMatrix uses a multidimensional array of decimal[*,*]. Replace it with a jagged array if possible. (https://learn.microsoft.com/dotnet/fundamentals/code-analysis/quality-rules/ca1814) [/home/runner/work/trading-bot-c-/trading-bot-c-/src/BotCore/BotCore.csproj]
/home/runner/work/trading-bot-c-/trading-bot-c-/src/BotCore/Bandits/LinUcbBandit.cs(409,23): error CA1814: InvertMatrix uses a multidimensional array of decimal[*,*]. Replace it with a jagged array if possible. (https://learn.microsoft.com/dotnet/fundamentals/code-analysis/quality-rules/ca1814) [/home/runner/work/trading-bot-c-/trading-bot-c-/src/BotCore/BotCore.csproj]
/home/runner/work/trading-bot-c-/trading-bot-c-/src/BotCore/Resilience/EnhancedProductionResilienceService.cs(349,9): error CA1848: For improved performance, use the LoggerMessage delegates instead of calling 'LoggerExtensions.LogInformation(ILogger, string?, params object?[])' (https://learn.microsoft.com/dotnet/fundamentals/code-analysis/quality-rules/ca1848) [/home/runner/work/trading-bot-c-/trading-bot-c-/src/BotCore/BotCore.csproj]
/home/runner/work/trading-bot-c-/trading-bot-c-/src/BotCore/Resilience/EnhancedProductionResilienceService.cs(358,13): error CA1848: For improved performance, use the LoggerMessage delegates instead of calling 'LoggerExtensions.LogInformation(ILogger, string?, params object?[])' (https://learn.microsoft.com/dotnet/fundamentals/code-analysis/quality-rules/ca1848) [/home/runner/work/trading-bot-c-/trading-bot-c-/src/BotCore/BotCore.csproj]
/home/runner/work/trading-bot-c-/trading-bot-c-/src/BotCore/Resilience/EnhancedProductionResilienceService.cs(362,13): error CA1848: For improved performance, use the LoggerMessage delegates instead of calling 'LoggerExtensions.LogError(ILogger, Exception?, string?, params object?[])' (https://learn.microsoft.com/dotnet/fundamentals/code-analysis/quality-rules/ca1848) [/home/runner/work/trading-bot-c-/trading-bot-c-/src/BotCore/BotCore.csproj]
/home/runner/work/trading-bot-c-/trading-bot-c-/src/BotCore/Resilience/EnhancedProductionResilienceService.cs(367,13): error CA1848: For improved performance, use the LoggerMessage delegates instead of calling 'LoggerExtensions.LogInformation(ILogger, string?, params object?[])' (https://learn.microsoft.com/dotnet/fundamentals/code-analysis/quality-rules/ca1848) [/home/runner/work/trading-bot-c-/trading-bot-c-/src/BotCore/BotCore.csproj]
/home/runner/work/trading-bot-c-/trading-bot-c-/src/BotCore/StrategyDsl/StrategyKnowledgeGraphNew.cs(321,9): error CA1848: For improved performance, use the LoggerMessage delegates instead of calling 'LoggerExtensions.LogDebug(ILogger, string?, params object?[])' (https://learn.microsoft.com/dotnet/fundamentals/code-analysis/quality-rules/ca1848) [/home/runner/work/trading-bot-c-/trading-bot-c-/src/BotCore/BotCore.csproj]
/home/runner/work/trading-bot-c-/trading-bot-c-/src/BotCore/StrategyDsl/StrategyKnowledgeGraphNew.cs(331,21): error CA1848: For improved performance, use the LoggerMessage delegates instead of calling 'LoggerExtensions.LogTrace(ILogger, string?, params object?[])' (https://learn.microsoft.com/dotnet/fundamentals/code-analysis/quality-rules/ca1848) [/home/runner/work/trading-bot-c-/trading-bot-c-/src/BotCore/BotCore.csproj]
/home/runner/work/trading-bot-c-/trading-bot-c-/src/BotCore/StrategyDsl/StrategyKnowledgeGraphNew.cs(338,21): error CA1848: For improved performance, use the LoggerMessage delegates instead of calling 'LoggerExtensions.LogTrace(ILogger, string?, params object?[])' (https://learn.microsoft.com/dotnet/fundamentals/code-analysis/quality-rules/ca1848) [/home/runner/work/trading-bot-c-/trading-bot-c-/src/BotCore/BotCore.csproj]
/home/runner/work/trading-bot-c-/trading-bot-c-/src/BotCore/StrategyDsl/StrategyKnowledgeGraphNew.cs(345,21): error CA1848: For improved performance, use the LoggerMessage delegates instead of calling 'LoggerExtensions.LogTrace(ILogger, string?, params object?[])' (https://learn.microsoft.com/dotnet/fundamentals/code-analysis/quality-rules/ca1848) [/home/runner/work/trading-bot-c-/trading-bot-c-/src/BotCore/BotCore.csproj]
/home/runner/work/trading-bot-c-/trading-bot-c-/src/BotCore/StrategyDsl/StrategyKnowledgeGraphNew.cs(353,21): error CA1848: For improved performance, use the LoggerMessage delegates instead of calling 'LoggerExtensions.LogTrace(ILogger, string?, params object?[])' (https://learn.microsoft.com/dotnet/fundamentals/code-analysis/quality-rules/ca1848) [/home/runner/work/trading-bot-c-/trading-bot-c-/src/BotCore/BotCore.csproj]
/home/runner/work/trading-bot-c-/trading-bot-c-/src/BotCore/StrategyDsl/StrategyKnowledgeGraphNew.cs(382,17): error CA1848: For improved performance, use the LoggerMessage delegates instead of calling 'LoggerExtensions.LogTrace(ILogger, string?, params object?[])' (https://learn.microsoft.com/dotnet/fundamentals/code-analysis/quality-rules/ca1848) [/home/runner/work/trading-bot-c-/trading-bot-c-/src/BotCore/BotCore.csproj]
/home/runner/work/trading-bot-c-/trading-bot-c-/src/BotCore/StrategyDsl/StrategyKnowledgeGraphNew.cs(387,17): error CA1848: For improved performance, use the LoggerMessage delegates instead of calling 'LoggerExtensions.LogError(ILogger, Exception?, string?, params object?[])' (https://learn.microsoft.com/dotnet/fundamentals/code-analysis/quality-rules/ca1848) [/home/runner/work/trading-bot-c-/trading-bot-c-/src/BotCore/BotCore.csproj]
/home/runner/work/trading-bot-c-/trading-bot-c-/src/BotCore/StrategyDsl/StrategyKnowledgeGraphNew.cs(391,17): error CA1848: For improved performance, use the LoggerMessage delegates instead of calling 'LoggerExtensions.LogError(ILogger, Exception?, string?, params object?[])' (https://learn.microsoft.com/dotnet/fundamentals/code-analysis/quality-rules/ca1848) [/home/runner/work/trading-bot-c-/trading-bot-c-/src/BotCore/BotCore.csproj]
/home/runner/work/trading-bot-c-/trading-bot-c-/src/BotCore/StrategyDsl/StrategyKnowledgeGraphNew.cs(395,17): error CA1848: For improved performance, use the LoggerMessage delegates instead of calling 'LoggerExtensions.LogError(ILogger, Exception?, string?, params object?[])' (https://learn.microsoft.com/dotnet/fundamentals/code-analysis/quality-rules/ca1848) [/home/runner/work/trading-bot-c-/trading-bot-c-/src/BotCore/BotCore.csproj]
/home/runner/work/trading-bot-c-/trading-bot-c-/src/BotCore/StrategyDsl/StrategyKnowledgeGraphNew.cs(402,9): error CA1848: For improved performance, use the LoggerMessage delegates instead of calling 'LoggerExtensions.LogDebug(ILogger, string?, params object?[])' (https://learn.microsoft.com/dotnet/fundamentals/code-analysis/quality-rules/ca1848) [/home/runner/work/trading-bot-c-/trading-bot-c-/src/BotCore/BotCore.csproj]
/home/runner/work/trading-bot-c-/trading-bot-c-/src/BotCore/Resilience/EnhancedProductionResilienceService.cs(392,13): error S6667: Logging in a catch clause should pass the caught exception as a parameter. (https://rules.sonarsource.com/csharp/RSPEC-6667) [/home/runner/work/trading-bot-c-/trading-bot-c-/src/BotCore/BotCore.csproj]
/home/runner/work/trading-bot-c-/trading-bot-c-/src/BotCore/Resilience/EnhancedProductionResilienceService.cs(392,13): error CA1848: For improved performance, use the LoggerMessage delegates instead of calling 'LoggerExtensions.LogInformation(ILogger, string?, params object?[])' (https://learn.microsoft.com/dotnet/fundamentals/code-analysis/quality-rules/ca1848) [/home/runner/work/trading-bot-c-/trading-bot-c-/src/BotCore/BotCore.csproj]
/home/runner/work/trading-bot-c-/trading-bot-c-/src/BotCore/Resilience/EnhancedProductionResilienceService.cs(397,13): error CA1848: For improved performance, use the LoggerMessage delegates instead of calling 'LoggerExtensions.LogError(ILogger, Exception?, string?, params object?[])' (https://learn.microsoft.com/dotnet/fundamentals/code-analysis/quality-rules/ca1848) [/home/runner/work/trading-bot-c-/trading-bot-c-/src/BotCore/BotCore.csproj]
/home/runner/work/trading-bot-c-/trading-bot-c-/src/BotCore/Supervisor/StatusService.cs(37,17): error S1066: Merge this if statement with the enclosing one. (https://rules.sonarsource.com/csharp/RSPEC-1066) [/home/runner/work/trading-bot-c-/trading-bot-c-/src/BotCore/BotCore.csproj]
/home/runner/work/trading-bot-c-/trading-bot-c-/src/BotCore/Supervisor/StatusService.cs(78,21): error CA1848: For improved performance, use the LoggerMessage delegates instead of calling 'LoggerExtensions.LogInformation(ILogger, string?, params object?[])' (https://learn.microsoft.com/dotnet/fundamentals/code-analysis/quality-rules/ca1848) [/home/runner/work/trading-bot-c-/trading-bot-c-/src/BotCore/BotCore.csproj]
/home/runner/work/trading-bot-c-/trading-bot-c-/src/BotCore/Supervisor/StatusService.cs(83,13): error CA1848: For improved performance, use the LoggerMessage delegates instead of calling 'LoggerExtensions.LogInformation(ILogger, string?, params object?[])' (https://learn.microsoft.com/dotnet/fundamentals/code-analysis/quality-rules/ca1848) [/home/runner/work/trading-bot-c-/trading-bot-c-/src/BotCore/BotCore.csproj]
/home/runner/work/trading-bot-c-/trading-bot-c-/src/BotCore/Services/EnhancedAutoRlTrainer.cs(143,34): error S138: This method 'TrainModelAsync' has 92 lines, which is greater than the 80 lines authorized. Split it into smaller methods. (https://rules.sonarsource.com/csharp/RSPEC-138) [/home/runner/work/trading-bot-c-/trading-bot-c-/src/BotCore/BotCore.csproj]
/home/runner/work/trading-bot-c-/trading-bot-c-/src/BotCore/Services/EnhancedAutoRlTrainer.cs(152,21): error CA1848: For improved performance, use the LoggerMessage delegates instead of calling 'LoggerExtensions.LogError(ILogger, string?, params object?[])' (https://learn.microsoft.com/dotnet/fundamentals/code-analysis/quality-rules/ca1848) [/home/runner/work/trading-bot-c-/trading-bot-c-/src/BotCore/BotCore.csproj]
/home/runner/work/trading-bot-c-/trading-bot-c-/src/BotCore/Services/EnhancedAutoRlTrainer.cs(162,17): error CA1848: For improved performance, use the LoggerMessage delegates instead of calling 'LoggerExtensions.LogInformation(ILogger, string?, params object?[])' (https://learn.microsoft.com/dotnet/fundamentals/code-analysis/quality-rules/ca1848) [/home/runner/work/trading-bot-c-/trading-bot-c-/src/BotCore/BotCore.csproj]
/home/runner/work/trading-bot-c-/trading-bot-c-/src/BotCore/Services/EnhancedAutoRlTrainer.cs(186,25): error CA1848: For improved performance, use the LoggerMessage delegates instead of calling 'LoggerExtensions.LogDebug(ILogger, string?, params object?[])' (https://learn.microsoft.com/dotnet/fundamentals/code-analysis/quality-rules/ca1848) [/home/runner/work/trading-bot-c-/trading-bot-c-/src/BotCore/BotCore.csproj]
/home/runner/work/trading-bot-c-/trading-bot-c-/src/BotCore/Services/EnhancedAutoRlTrainer.cs(195,25): error CA1848: For improved performance, use the LoggerMessage delegates instead of calling 'LoggerExtensions.LogWarning(ILogger, string?, params object?[])' (https://learn.microsoft.com/dotnet/fundamentals/code-analysis/quality-rules/ca1848) [/home/runner/work/trading-bot-c-/trading-bot-c-/src/BotCore/BotCore.csproj]
/home/runner/work/trading-bot-c-/trading-bot-c-/src/BotCore/Services/EnhancedAutoRlTrainer.cs(208,21): error CA1848: For improved performance, use the LoggerMessage delegates instead of calling 'LoggerExtensions.LogError(ILogger, string?, params object?[])' (https://learn.microsoft.com/dotnet/fundamentals/code-analysis/quality-rules/ca1848) [/home/runner/work/trading-bot-c-/trading-bot-c-/src/BotCore/BotCore.csproj]
/home/runner/work/trading-bot-c-/trading-bot-c-/src/BotCore/Services/EnhancedAutoRlTrainer.cs(220,25): error CA1848: For improved performance, use the LoggerMessage delegates instead of calling 'LoggerExtensions.LogInformation(ILogger, string?, params object?[])' (https://learn.microsoft.com/dotnet/fundamentals/code-analysis/quality-rules/ca1848) [/home/runner/work/trading-bot-c-/trading-bot-c-/src/BotCore/BotCore.csproj]
/home/runner/work/trading-bot-c-/trading-bot-c-/src/BotCore/Services/EnhancedAutoRlTrainer.cs(225,21): error CA1848: For improved performance, use the LoggerMessage delegates instead of calling 'LoggerExtensions.LogInformation(ILogger, string?, params object?[])' (https://learn.microsoft.com/dotnet/fundamentals/code-analysis/quality-rules/ca1848) [/home/runner/work/trading-bot-c-/trading-bot-c-/src/BotCore/BotCore.csproj]
/home/runner/work/trading-bot-c-/trading-bot-c-/src/BotCore/Services/EnhancedAutoRlTrainer.cs(234,21): error CA1848: For improved performance, use the LoggerMessage delegates instead of calling 'LoggerExtensions.LogError(ILogger, string?, params object?[])' (https://learn.microsoft.com/dotnet/fundamentals/code-analysis/quality-rules/ca1848) [/home/runner/work/trading-bot-c-/trading-bot-c-/src/BotCore/BotCore.csproj]
/home/runner/work/trading-bot-c-/trading-bot-c-/src/BotCore/Services/EnhancedAutoRlTrainer.cs(237,25): error CA1848: For improved performance, use the LoggerMessage delegates instead of calling 'LoggerExtensions.LogError(ILogger, string?, params object?[])' (https://learn.microsoft.com/dotnet/fundamentals/code-analysis/quality-rules/ca1848) [/home/runner/work/trading-bot-c-/trading-bot-c-/src/BotCore/BotCore.csproj]
/home/runner/work/trading-bot-c-/trading-bot-c-/src/BotCore/Services/EnhancedAutoRlTrainer.cs(244,17): error CA1848: For improved performance, use the LoggerMessage delegates instead of calling 'LoggerExtensions.LogError(ILogger, Exception?, string?, params object?[])' (https://learn.microsoft.com/dotnet/fundamentals/code-analysis/quality-rules/ca1848) [/home/runner/work/trading-bot-c-/trading-bot-c-/src/BotCore/BotCore.csproj]
/home/runner/work/trading-bot-c-/trading-bot-c-/src/BotCore/Services/EnhancedAutoRlTrainer.cs(249,17): error CA1848: For improved performance, use the LoggerMessage delegates instead of calling 'LoggerExtensions.LogError(ILogger, Exception?, string?, params object?[])' (https://learn.microsoft.com/dotnet/fundamentals/code-analysis/quality-rules/ca1848) [/home/runner/work/trading-bot-c-/trading-bot-c-/src/BotCore/BotCore.csproj]
/home/runner/work/trading-bot-c-/trading-bot-c-/src/BotCore/Services/EnhancedAutoRlTrainer.cs(254,17): error CA1848: For improved performance, use the LoggerMessage delegates instead of calling 'LoggerExtensions.LogError(ILogger, Exception?, string?, params object?[])' (https://learn.microsoft.com/dotnet/fundamentals/code-analysis/quality-rules/ca1848) [/home/runner/work/trading-bot-c-/trading-bot-c-/src/BotCore/BotCore.csproj]
/home/runner/work/trading-bot-c-/trading-bot-c-/src/BotCore/PositionAgent.cs(22,33): error S2629: Don't use string interpolation in logging message templates. (https://rules.sonarsource.com/csharp/RSPEC-2629) [/home/runner/work/trading-bot-c-/trading-bot-c-/src/BotCore/BotCore.csproj]
/home/runner/work/trading-bot-c-/trading-bot-c-/src/BotCore/PositionAgent.cs(22,13): error CA1848: For improved performance, use the LoggerMessage delegates instead of calling 'LoggerExtensions.LogInformation(ILogger, string?, params object?[])' (https://learn.microsoft.com/dotnet/fundamentals/code-analysis/quality-rules/ca1848) [/home/runner/work/trading-bot-c-/trading-bot-c-/src/BotCore/BotCore.csproj]
/home/runner/work/trading-bot-c-/trading-bot-c-/src/BotCore/PositionAgent.cs(22,33): error CA2254: The logging message template should not vary between calls to 'LoggerExtensions.LogInformation(ILogger, string?, params object?[])' (https://learn.microsoft.com/dotnet/fundamentals/code-analysis/quality-rules/ca2254) [/home/runner/work/trading-bot-c-/trading-bot-c-/src/BotCore/BotCore.csproj]
/home/runner/work/trading-bot-c-/trading-bot-c-/src/BotCore/PositionAgent.cs(28,33): error S2629: Don't use string interpolation in logging message templates. (https://rules.sonarsource.com/csharp/RSPEC-2629) [/home/runner/work/trading-bot-c-/trading-bot-c-/src/BotCore/BotCore.csproj]
/home/runner/work/trading-bot-c-/trading-bot-c-/src/BotCore/PositionAgent.cs(28,13): error CA1848: For improved performance, use the LoggerMessage delegates instead of calling 'LoggerExtensions.LogInformation(ILogger, string?, params object?[])' (https://learn.microsoft.com/dotnet/fundamentals/code-analysis/quality-rules/ca1848) [/home/runner/work/trading-bot-c-/trading-bot-c-/src/BotCore/BotCore.csproj]
/home/runner/work/trading-bot-c-/trading-bot-c-/src/BotCore/PositionAgent.cs(28,33): error CA2254: The logging message template should not vary between calls to 'LoggerExtensions.LogInformation(ILogger, string?, params object?[])' (https://learn.microsoft.com/dotnet/fundamentals/code-analysis/quality-rules/ca2254) [/home/runner/work/trading-bot-c-/trading-bot-c-/src/BotCore/BotCore.csproj]
/home/runner/work/trading-bot-c-/trading-bot-c-/src/BotCore/PositionAgent.cs(31,33): error CA1024: Use properties where appropriate (https://learn.microsoft.com/dotnet/fundamentals/code-analysis/quality-rules/ca1024) [/home/runner/work/trading-bot-c-/trading-bot-c-/src/BotCore/BotCore.csproj]
/home/runner/work/trading-bot-c-/trading-bot-c-/src/BotCore/PositionAgent.cs(33,24): error CA1024: Use properties where appropriate (https://learn.microsoft.com/dotnet/fundamentals/code-analysis/quality-rules/ca1024) [/home/runner/work/trading-bot-c-/trading-bot-c-/src/BotCore/BotCore.csproj]
/home/runner/work/trading-bot-c-/trading-bot-c-/src/BotCore/Services/EnhancedTrainingDataService.cs(158,17): error CA1848: For improved performance, use the LoggerMessage delegates instead of calling 'LoggerExtensions.LogWarning(ILogger, string?, params object?[])' (https://learn.microsoft.com/dotnet/fundamentals/code-analysis/quality-rules/ca1848) [/home/runner/work/trading-bot-c-/trading-bot-c-/src/BotCore/BotCore.csproj]
/home/runner/work/trading-bot-c-/trading-bot-c-/src/BotCore/Services/EnhancedTrainingDataService.cs(166,17): error CA1848: For improved performance, use the LoggerMessage delegates instead of calling 'LoggerExtensions.LogInformation(ILogger, string?, params object?[])' (https://learn.microsoft.com/dotnet/fundamentals/code-analysis/quality-rules/ca1848) [/home/runner/work/trading-bot-c-/trading-bot-c-/src/BotCore/BotCore.csproj]
/home/runner/work/trading-bot-c-/trading-bot-c-/src/BotCore/Services/EnhancedTrainingDataService.cs(188,21): error CA1848: For improved performance, use the LoggerMessage delegates instead of calling 'LoggerExtensions.LogWarning(ILogger, Exception?, string?, params object?[])' (https://learn.microsoft.com/dotnet/fundamentals/code-analysis/quality-rules/ca1848) [/home/runner/work/trading-bot-c-/trading-bot-c-/src/BotCore/BotCore.csproj]
/home/runner/work/trading-bot-c-/trading-bot-c-/src/BotCore/Services/EnhancedTrainingDataService.cs(192,21): error CA1848: For improved performance, use the LoggerMessage delegates instead of calling 'LoggerExtensions.LogWarning(ILogger, Exception?, string?, params object?[])' (https://learn.microsoft.com/dotnet/fundamentals/code-analysis/quality-rules/ca1848) [/home/runner/work/trading-bot-c-/trading-bot-c-/src/BotCore/BotCore.csproj]
/home/runner/work/trading-bot-c-/trading-bot-c-/src/BotCore/Services/EnhancedTrainingDataService.cs(201,17): error CA1848: For improved performance, use the LoggerMessage delegates instead of calling 'LoggerExtensions.LogInformation(ILogger, string?, params object?[])' (https://learn.microsoft.com/dotnet/fundamentals/code-analysis/quality-rules/ca1848) [/home/runner/work/trading-bot-c-/trading-bot-c-/src/BotCore/BotCore.csproj]
/home/runner/work/trading-bot-c-/trading-bot-c-/src/BotCore/Services/ProductionBreadthFeedService.cs(40,13): error CA1848: For improved performance, use the LoggerMessage delegates instead of calling 'LoggerExtensions.LogInformation(ILogger, string?, params object?[])' (https://learn.microsoft.com/dotnet/fundamentals/code-analysis/quality-rules/ca1848) [/home/runner/work/trading-bot-c-/trading-bot-c-/src/BotCore/BotCore.csproj]
/home/runner/work/trading-bot-c-/trading-bot-c-/src/BotCore/Services/EnhancedAutoRlTrainer.cs(268,21): error CA1848: For improved performance, use the LoggerMessage delegates instead of calling 'LoggerExtensions.LogInformation(ILogger, string?, params object?[])' (https://learn.microsoft.com/dotnet/fundamentals/code-analysis/quality-rules/ca1848) [/home/runner/work/trading-bot-c-/trading-bot-c-/src/BotCore/BotCore.csproj]
/home/runner/work/trading-bot-c-/trading-bot-c-/src/BotCore/Services/ProductionBreadthFeedService.cs(75,20): error S1696: Do not catch NullReferenceException; test for null instead. (https://rules.sonarsource.com/csharp/RSPEC-1696) [/home/runner/work/trading-bot-c-/trading-bot-c-/src/BotCore/BotCore.csproj]
/home/runner/work/trading-bot-c-/trading-bot-c-/src/BotCore/Services/ProductionBreadthFeedService.cs(66,21): error S2589: Remove this unnecessary check for null. (https://rules.sonarsource.com/csharp/RSPEC-2589) [/home/runner/work/trading-bot-c-/trading-bot-c-/src/BotCore/BotCore.csproj]
/home/runner/work/trading-bot-c-/trading-bot-c-/src/BotCore/Services/ProductionBreadthFeedService.cs(66,122): error S2589: Remove this unnecessary check for null. (https://rules.sonarsource.com/csharp/RSPEC-2589) [/home/runner/work/trading-bot-c-/trading-bot-c-/src/BotCore/BotCore.csproj]
/home/runner/work/trading-bot-c-/trading-bot-c-/src/BotCore/Services/ProductionBreadthFeedService.cs(52,17): error CA1848: For improved performance, use the LoggerMessage delegates instead of calling 'LoggerExtensions.LogDebug(ILogger, string?, params object?[])' (https://learn.microsoft.com/dotnet/fundamentals/code-analysis/quality-rules/ca1848) [/home/runner/work/trading-bot-c-/trading-bot-c-/src/BotCore/BotCore.csproj]
/home/runner/work/trading-bot-c-/trading-bot-c-/src/BotCore/Services/ProductionBreadthFeedService.cs(66,29): error CA1848: For improved performance, use the LoggerMessage delegates instead of calling 'LoggerExtensions.LogDebug(ILogger, string?, params object?[])' (https://learn.microsoft.com/dotnet/fundamentals/code-analysis/quality-rules/ca1848) [/home/runner/work/trading-bot-c-/trading-bot-c-/src/BotCore/BotCore.csproj]
/home/runner/work/trading-bot-c-/trading-bot-c-/src/BotCore/Services/ProductionBreadthFeedService.cs(71,29): error CA1848: For improved performance, use the LoggerMessage delegates instead of calling 'LoggerExtensions.LogError(ILogger, string?, params object?[])' (https://learn.microsoft.com/dotnet/fundamentals/code-analysis/quality-rules/ca1848) [/home/runner/work/trading-bot-c-/trading-bot-c-/src/BotCore/BotCore.csproj]
/home/runner/work/trading-bot-c-/trading-bot-c-/src/BotCore/Services/ProductionBreadthFeedService.cs(77,17): error CA1848: For improved performance, use the LoggerMessage delegates instead of calling 'LoggerExtensions.LogError(ILogger, Exception?, string?, params object?[])' (https://learn.microsoft.com/dotnet/fundamentals/code-analysis/quality-rules/ca1848) [/home/runner/work/trading-bot-c-/trading-bot-c-/src/BotCore/BotCore.csproj]
/home/runner/work/trading-bot-c-/trading-bot-c-/src/BotCore/Services/ProductionBreadthFeedService.cs(82,17): error CA1848: For improved performance, use the LoggerMessage delegates instead of calling 'LoggerExtensions.LogError(ILogger, Exception?, string?, params object?[])' (https://learn.microsoft.com/dotnet/fundamentals/code-analysis/quality-rules/ca1848) [/home/runner/work/trading-bot-c-/trading-bot-c-/src/BotCore/BotCore.csproj]
/home/runner/work/trading-bot-c-/trading-bot-c-/src/BotCore/Services/EnhancedAutoRlTrainer.cs(282,17): error S1075: Refactor your code not to use hardcoded absolute paths or URIs. (https://rules.sonarsource.com/csharp/RSPEC-1075) [/home/runner/work/trading-bot-c-/trading-bot-c-/src/BotCore/BotCore.csproj]
/home/runner/work/trading-bot-c-/trading-bot-c-/src/BotCore/Services/EnhancedAutoRlTrainer.cs(283,17): error S1075: Refactor your code not to use hardcoded absolute paths or URIs. (https://rules.sonarsource.com/csharp/RSPEC-1075) [/home/runner/work/trading-bot-c-/trading-bot-c-/src/BotCore/BotCore.csproj]
/home/runner/work/trading-bot-c-/trading-bot-c-/src/BotCore/Services/EnhancedAutoRlTrainer.cs(284,17): error S1075: Refactor your code not to use hardcoded absolute paths or URIs. (https://rules.sonarsource.com/csharp/RSPEC-1075) [/home/runner/work/trading-bot-c-/trading-bot-c-/src/BotCore/BotCore.csproj]
/home/runner/work/trading-bot-c-/trading-bot-c-/src/BotCore/Services/EnhancedAutoRlTrainer.cs(285,17): error S1075: Refactor your code not to use hardcoded absolute paths or URIs. (https://rules.sonarsource.com/csharp/RSPEC-1075) [/home/runner/work/trading-bot-c-/trading-bot-c-/src/BotCore/BotCore.csproj]
/home/runner/work/trading-bot-c-/trading-bot-c-/src/BotCore/RlTrainingDataCollector.cs(250,52): error CA1307: 'string.GetHashCode()' has a method overload that takes a 'StringComparison' parameter. Replace this call in 'BotCore.RlTrainingDataCollector.CreateFeatureSnapshot(string, string, string, decimal, decimal)' with a call to 'string.GetHashCode(System.StringComparison)' for clarity of intent. (https://learn.microsoft.com/dotnet/fundamentals/code-analysis/quality-rules/ca1307) [/home/runner/work/trading-bot-c-/trading-bot-c-/src/BotCore/BotCore.csproj]
/home/runner/work/trading-bot-c-/trading-bot-c-/src/BotCore/RlTrainingDataCollector.cs(253,56): error CA1307: 'string.GetHashCode()' has a method overload that takes a 'StringComparison' parameter. Replace this call in 'BotCore.RlTrainingDataCollector.CreateFeatureSnapshot(string, string, string, decimal, decimal)' with a call to 'string.GetHashCode(System.StringComparison)' for clarity of intent. (https://learn.microsoft.com/dotnet/fundamentals/code-analysis/quality-rules/ca1307) [/home/runner/work/trading-bot-c-/trading-bot-c-/src/BotCore/BotCore.csproj]
/home/runner/work/trading-bot-c-/trading-bot-c-/src/BotCore/RlTrainingDataCollector.cs(256,54): error CA1307: 'string.GetHashCode()' has a method overload that takes a 'StringComparison' parameter. Replace this call in 'BotCore.RlTrainingDataCollector.CreateFeatureSnapshot(string, string, string, decimal, decimal)' with a call to 'string.GetHashCode(System.StringComparison)' for clarity of intent. (https://learn.microsoft.com/dotnet/fundamentals/code-analysis/quality-rules/ca1307) [/home/runner/work/trading-bot-c-/trading-bot-c-/src/BotCore/BotCore.csproj]
/home/runner/work/trading-bot-c-/trading-bot-c-/src/BotCore/RlTrainingDataCollector.cs(257,57): error CA1307: 'string.GetHashCode()' has a method overload that takes a 'StringComparison' parameter. Replace this call in 'BotCore.RlTrainingDataCollector.CreateFeatureSnapshot(string, string, string, decimal, decimal)' with a call to 'string.GetHashCode(System.StringComparison)' for clarity of intent. (https://learn.microsoft.com/dotnet/fundamentals/code-analysis/quality-rules/ca1307) [/home/runner/work/trading-bot-c-/trading-bot-c-/src/BotCore/BotCore.csproj]
/home/runner/work/trading-bot-c-/trading-bot-c-/src/BotCore/Services/EnhancedTrainingDataService.cs(223,21): error CA1848: For improved performance, use the LoggerMessage delegates instead of calling 'LoggerExtensions.LogInformation(ILogger, string?, params object?[])' (https://learn.microsoft.com/dotnet/fundamentals/code-analysis/quality-rules/ca1848) [/home/runner/work/trading-bot-c-/trading-bot-c-/src/BotCore/BotCore.csproj]
/home/runner/work/trading-bot-c-/trading-bot-c-/src/BotCore/Services/EnhancedAutoRlTrainer.cs(325,13): error CA1848: For improved performance, use the LoggerMessage delegates instead of calling 'LoggerExtensions.LogInformation(ILogger, string?, params object?[])' (https://learn.microsoft.com/dotnet/fundamentals/code-analysis/quality-rules/ca1848) [/home/runner/work/trading-bot-c-/trading-bot-c-/src/BotCore/BotCore.csproj]
/home/runner/work/trading-bot-c-/trading-bot-c-/src/BotCore/Services/ProductionBreadthFeedService.cs(99,21): error CA1848: For improved performance, use the LoggerMessage delegates instead of calling 'LoggerExtensions.LogError(ILogger, string?, params object?[])' (https://learn.microsoft.com/dotnet/fundamentals/code-analysis/quality-rules/ca1848) [/home/runner/work/trading-bot-c-/trading-bot-c-/src/BotCore/BotCore.csproj]
/home/runner/work/trading-bot-c-/trading-bot-c-/src/BotCore/Services/ProductionBreadthFeedService.cs(103,17): error CA1848: For improved performance, use the LoggerMessage delegates instead of calling 'LoggerExtensions.LogError(ILogger, string?, params object?[])' (https://learn.microsoft.com/dotnet/fundamentals/code-analysis/quality-rules/ca1848) [/home/runner/work/trading-bot-c-/trading-bot-c-/src/BotCore/BotCore.csproj]
/home/runner/work/trading-bot-c-/trading-bot-c-/src/BotCore/Services/ProductionBreadthFeedService.cs(112,17): error CA1848: For improved performance, use the LoggerMessage delegates instead of calling 'LoggerExtensions.LogDebug(ILogger, string?, params object?[])' (https://learn.microsoft.com/dotnet/fundamentals/code-analysis/quality-rules/ca1848) [/home/runner/work/trading-bot-c-/trading-bot-c-/src/BotCore/BotCore.csproj]
/home/runner/work/trading-bot-c-/trading-bot-c-/src/BotCore/Services/ProductionBreadthFeedService.cs(122,17): error CA1848: For improved performance, use the LoggerMessage delegates instead of calling 'LoggerExtensions.LogError(ILogger, Exception?, string?, params object?[])' (https://learn.microsoft.com/dotnet/fundamentals/code-analysis/quality-rules/ca1848) [/home/runner/work/trading-bot-c-/trading-bot-c-/src/BotCore/BotCore.csproj]
/home/runner/work/trading-bot-c-/trading-bot-c-/src/BotCore/Services/ProductionBreadthFeedService.cs(127,17): error CA1848: For improved performance, use the LoggerMessage delegates instead of calling 'LoggerExtensions.LogError(ILogger, Exception?, string?, params object?[])' (https://learn.microsoft.com/dotnet/fundamentals/code-analysis/quality-rules/ca1848) [/home/runner/work/trading-bot-c-/trading-bot-c-/src/BotCore/BotCore.csproj]
/home/runner/work/trading-bot-c-/trading-bot-c-/src/BotCore/Services/ProductionBreadthFeedService.cs(132,17): error CA1848: For improved performance, use the LoggerMessage delegates instead of calling 'LoggerExtensions.LogError(ILogger, Exception?, string?, params object?[])' (https://learn.microsoft.com/dotnet/fundamentals/code-analysis/quality-rules/ca1848) [/home/runner/work/trading-bot-c-/trading-bot-c-/src/BotCore/BotCore.csproj]
/home/runner/work/trading-bot-c-/trading-bot-c-/src/BotCore/Services/ZoneMarketDataBridge.cs(43,21): error CA1848: For improved performance, use the LoggerMessage delegates instead of calling 'LoggerExtensions.LogWarning(ILogger, string?, params object?[])' (https://learn.microsoft.com/dotnet/fundamentals/code-analysis/quality-rules/ca1848) [/home/runner/work/trading-bot-c-/trading-bot-c-/src/BotCore/BotCore.csproj]
/home/runner/work/trading-bot-c-/trading-bot-c-/src/BotCore/Services/ZoneMarketDataBridge.cs(49,21): error CA1848: For improved performance, use the LoggerMessage delegates instead of calling 'LoggerExtensions.LogWarning(ILogger, string?, params object?[])' (https://learn.microsoft.com/dotnet/fundamentals/code-analysis/quality-rules/ca1848) [/home/runner/work/trading-bot-c-/trading-bot-c-/src/BotCore/BotCore.csproj]
/home/runner/work/trading-bot-c-/trading-bot-c-/src/BotCore/Services/ZoneMarketDataBridge.cs(56,17): error CA1848: For improved performance, use the LoggerMessage delegates instead of calling 'LoggerExtensions.LogInformation(ILogger, string?, params object?[])' (https://learn.microsoft.com/dotnet/fundamentals/code-analysis/quality-rules/ca1848) [/home/runner/work/trading-bot-c-/trading-bot-c-/src/BotCore/BotCore.csproj]
/home/runner/work/trading-bot-c-/trading-bot-c-/src/BotCore/Services/ZoneMarketDataBridge.cs(61,17): error CA1848: For improved performance, use the LoggerMessage delegates instead of calling 'LoggerExtensions.LogError(ILogger, Exception?, string?, params object?[])' (https://learn.microsoft.com/dotnet/fundamentals/code-analysis/quality-rules/ca1848) [/home/runner/work/trading-bot-c-/trading-bot-c-/src/BotCore/BotCore.csproj]
/home/runner/work/trading-bot-c-/trading-bot-c-/src/BotCore/Services/ZoneMarketDataBridge.cs(66,17): error CA1848: For improved performance, use the LoggerMessage delegates instead of calling 'LoggerExtensions.LogError(ILogger, Exception?, string?, params object?[])' (https://learn.microsoft.com/dotnet/fundamentals/code-analysis/quality-rules/ca1848) [/home/runner/work/trading-bot-c-/trading-bot-c-/src/BotCore/BotCore.csproj]
/home/runner/work/trading-bot-c-/trading-bot-c-/src/BotCore/Services/ZoneMarketDataBridge.cs(71,17): error CA1848: For improved performance, use the LoggerMessage delegates instead of calling 'LoggerExtensions.LogError(ILogger, Exception?, string?, params object?[])' (https://learn.microsoft.com/dotnet/fundamentals/code-analysis/quality-rules/ca1848) [/home/runner/work/trading-bot-c-/trading-bot-c-/src/BotCore/BotCore.csproj]
/home/runner/work/trading-bot-c-/trading-bot-c-/src/BotCore/Services/ZoneMarketDataBridge.cs(83,13): error CA1848: For improved performance, use the LoggerMessage delegates instead of calling 'LoggerExtensions.LogInformation(ILogger, string?, params object?[])' (https://learn.microsoft.com/dotnet/fundamentals/code-analysis/quality-rules/ca1848) [/home/runner/work/trading-bot-c-/trading-bot-c-/src/BotCore/BotCore.csproj]
/home/runner/work/trading-bot-c-/trading-bot-c-/src/BotCore/Services/EnhancedTrainingDataService.cs(251,13): error CA1848: For improved performance, use the LoggerMessage delegates instead of calling 'LoggerExtensions.LogDebug(ILogger, string?, params object?[])' (https://learn.microsoft.com/dotnet/fundamentals/code-analysis/quality-rules/ca1848) [/home/runner/work/trading-bot-c-/trading-bot-c-/src/BotCore/BotCore.csproj]
/home/runner/work/trading-bot-c-/trading-bot-c-/src/BotCore/Patterns/PatternEngine.cs(86,17): error CA1848: For improved performance, use the LoggerMessage delegates instead of calling 'LoggerExtensions.LogWarning(ILogger, Exception?, string?, params object?[])' (https://learn.microsoft.com/dotnet/fundamentals/code-analysis/quality-rules/ca1848) [/home/runner/work/trading-bot-c-/trading-bot-c-/src/BotCore/BotCore.csproj]
/home/runner/work/trading-bot-c-/trading-bot-c-/src/BotCore/Patterns/PatternEngine.cs(90,17): error CA1848: For improved performance, use the LoggerMessage delegates instead of calling 'LoggerExtensions.LogWarning(ILogger, Exception?, string?, params object?[])' (https://learn.microsoft.com/dotnet/fundamentals/code-analysis/quality-rules/ca1848) [/home/runner/work/trading-bot-c-/trading-bot-c-/src/BotCore/BotCore.csproj]
/home/runner/work/trading-bot-c-/trading-bot-c-/src/BotCore/Patterns/PatternEngine.cs(102,9): error CA1848: For improved performance, use the LoggerMessage delegates instead of calling 'LoggerExtensions.LogDebug(ILogger, string?, params object?[])' (https://learn.microsoft.com/dotnet/fundamentals/code-analysis/quality-rules/ca1848) [/home/runner/work/trading-bot-c-/trading-bot-c-/src/BotCore/BotCore.csproj]
/home/runner/work/trading-bot-c-/trading-bot-c-/src/BotCore/Services/ZoneMarketDataBridge.cs(118,20): error S1696: Do not catch NullReferenceException; test for null instead. (https://rules.sonarsource.com/csharp/RSPEC-1696) [/home/runner/work/trading-bot-c-/trading-bot-c-/src/BotCore/BotCore.csproj]
/home/runner/work/trading-bot-c-/trading-bot-c-/src/BotCore/Services/ProductionBreadthFeedService.cs(149,21): error CA1848: For improved performance, use the LoggerMessage delegates instead of calling 'LoggerExtensions.LogError(ILogger, string?, params object?[])' (https://learn.microsoft.com/dotnet/fundamentals/code-analysis/quality-rules/ca1848) [/home/runner/work/trading-bot-c-/trading-bot-c-/src/BotCore/BotCore.csproj]
/home/runner/work/trading-bot-c-/trading-bot-c-/src/BotCore/Services/ProductionBreadthFeedService.cs(153,17): error CA1848: For improved performance, use the LoggerMessage delegates instead of calling 'LoggerExtensions.LogError(ILogger, string?, params object?[])' (https://learn.microsoft.com/dotnet/fundamentals/code-analysis/quality-rules/ca1848) [/home/runner/work/trading-bot-c-/trading-bot-c-/src/BotCore/BotCore.csproj]
/home/runner/work/trading-bot-c-/trading-bot-c-/src/BotCore/Services/ProductionBreadthFeedService.cs(162,17): error CA1848: For improved performance, use the LoggerMessage delegates instead of calling 'LoggerExtensions.LogDebug(ILogger, string?, params object?[])' (https://learn.microsoft.com/dotnet/fundamentals/code-analysis/quality-rules/ca1848) [/home/runner/work/trading-bot-c-/trading-bot-c-/src/BotCore/BotCore.csproj]
/home/runner/work/trading-bot-c-/trading-bot-c-/src/BotCore/Services/ProductionBreadthFeedService.cs(172,17): error CA1848: For improved performance, use the LoggerMessage delegates instead of calling 'LoggerExtensions.LogError(ILogger, Exception?, string?, params object?[])' (https://learn.microsoft.com/dotnet/fundamentals/code-analysis/quality-rules/ca1848) [/home/runner/work/trading-bot-c-/trading-bot-c-/src/BotCore/BotCore.csproj]
/home/runner/work/trading-bot-c-/trading-bot-c-/src/BotCore/Services/ProductionBreadthFeedService.cs(177,17): error CA1848: For improved performance, use the LoggerMessage delegates instead of calling 'LoggerExtensions.LogError(ILogger, Exception?, string?, params object?[])' (https://learn.microsoft.com/dotnet/fundamentals/code-analysis/quality-rules/ca1848) [/home/runner/work/trading-bot-c-/trading-bot-c-/src/BotCore/BotCore.csproj]
/home/runner/work/trading-bot-c-/trading-bot-c-/src/BotCore/Services/ProductionBreadthFeedService.cs(182,17): error CA1848: For improved performance, use the LoggerMessage delegates instead of calling 'LoggerExtensions.LogError(ILogger, Exception?, string?, params object?[])' (https://learn.microsoft.com/dotnet/fundamentals/code-analysis/quality-rules/ca1848) [/home/runner/work/trading-bot-c-/trading-bot-c-/src/BotCore/BotCore.csproj]
/home/runner/work/trading-bot-c-/trading-bot-c-/src/BotCore/Supervisor/SignalJournal.cs(41,41): error S3878: Remove this array creation and simply pass the elements. (https://rules.sonarsource.com/csharp/RSPEC-3878) [/home/runner/work/trading-bot-c-/trading-bot-c-/src/BotCore/BotCore.csproj]
/home/runner/work/trading-bot-c-/trading-bot-c-/src/BotCore/Services/ZoneMarketDataBridge.cs(106,25): error CA1848: For improved performance, use the LoggerMessage delegates instead of calling 'LoggerExtensions.LogTrace(ILogger, string?, params object?[])' (https://learn.microsoft.com/dotnet/fundamentals/code-analysis/quality-rules/ca1848) [/home/runner/work/trading-bot-c-/trading-bot-c-/src/BotCore/BotCore.csproj]
/home/runner/work/trading-bot-c-/trading-bot-c-/src/BotCore/Services/ZoneMarketDataBridge.cs(112,17): error CA1848: For improved performance, use the LoggerMessage delegates instead of calling 'LoggerExtensions.LogError(ILogger, Exception?, string?, params object?[])' (https://learn.microsoft.com/dotnet/fundamentals/code-analysis/quality-rules/ca1848) [/home/runner/work/trading-bot-c-/trading-bot-c-/src/BotCore/BotCore.csproj]
/home/runner/work/trading-bot-c-/trading-bot-c-/src/BotCore/Services/ZoneMarketDataBridge.cs(116,17): error CA1848: For improved performance, use the LoggerMessage delegates instead of calling 'LoggerExtensions.LogError(ILogger, Exception?, string?, params object?[])' (https://learn.microsoft.com/dotnet/fundamentals/code-analysis/quality-rules/ca1848) [/home/runner/work/trading-bot-c-/trading-bot-c-/src/BotCore/BotCore.csproj]
/home/runner/work/trading-bot-c-/trading-bot-c-/src/BotCore/Services/ZoneMarketDataBridge.cs(120,17): error CA1848: For improved performance, use the LoggerMessage delegates instead of calling 'LoggerExtensions.LogError(ILogger, Exception?, string?, params object?[])' (https://learn.microsoft.com/dotnet/fundamentals/code-analysis/quality-rules/ca1848) [/home/runner/work/trading-bot-c-/trading-bot-c-/src/BotCore/BotCore.csproj]
/home/runner/work/trading-bot-c-/trading-bot-c-/src/BotCore/Resilience/EnhancedProductionResilienceService.cs(302,153): error SCS0005: Weak random number generator. (https://security-code-scan.github.io/#SCS0005) [/home/runner/work/trading-bot-c-/trading-bot-c-/src/BotCore/BotCore.csproj]
/home/runner/work/trading-bot-c-/trading-bot-c-/src/BotCore/Resilience/EnhancedProductionResilienceService.cs(302,153): error CA5394: Random is an insecure random number generator. Use cryptographically secure random number generators when randomness is required for security. (https://learn.microsoft.com/dotnet/fundamentals/code-analysis/quality-rules/ca5394) [/home/runner/work/trading-bot-c-/trading-bot-c-/src/BotCore/BotCore.csproj]
/home/runner/work/trading-bot-c-/trading-bot-c-/src/BotCore/Risk/RiskEngine.cs(425,24): error CA1024: Use properties where appropriate (https://learn.microsoft.com/dotnet/fundamentals/code-analysis/quality-rules/ca1024) [/home/runner/work/trading-bot-c-/trading-bot-c-/src/BotCore/BotCore.csproj]
/home/runner/work/trading-bot-c-/trading-bot-c-/src/BotCore/RlTrainingDataCollector.cs(330,25): error S6667: Logging in a catch clause should pass the caught exception as a parameter. (https://rules.sonarsource.com/csharp/RSPEC-6667) [/home/runner/work/trading-bot-c-/trading-bot-c-/src/BotCore/BotCore.csproj]
/home/runner/work/trading-bot-c-/trading-bot-c-/src/BotCore/RlTrainingDataCollector.cs(334,25): error S6667: Logging in a catch clause should pass the caught exception as a parameter. (https://rules.sonarsource.com/csharp/RSPEC-6667) [/home/runner/work/trading-bot-c-/trading-bot-c-/src/BotCore/BotCore.csproj]
/home/runner/work/trading-bot-c-/trading-bot-c-/src/BotCore/RlTrainingDataCollector.cs(338,25): error S6667: Logging in a catch clause should pass the caught exception as a parameter. (https://rules.sonarsource.com/csharp/RSPEC-6667) [/home/runner/work/trading-bot-c-/trading-bot-c-/src/BotCore/BotCore.csproj]
/home/runner/work/trading-bot-c-/trading-bot-c-/src/BotCore/RlTrainingDataCollector.cs(281,30): error S1541: The Cyclomatic Complexity of this method is 11 which is greater than 10 authorized. (https://rules.sonarsource.com/csharp/RSPEC-1541) [/home/runner/work/trading-bot-c-/trading-bot-c-/src/BotCore/BotCore.csproj]
/home/runner/work/trading-bot-c-/trading-bot-c-/src/BotCore/RlTrainingDataCollector.cs(330,25): error CA1848: For improved performance, use the LoggerMessage delegates instead of calling 'LoggerExtensions.LogWarning(ILogger, string?, params object?[])' (https://learn.microsoft.com/dotnet/fundamentals/code-analysis/quality-rules/ca1848) [/home/runner/work/trading-bot-c-/trading-bot-c-/src/BotCore/BotCore.csproj]
/home/runner/work/trading-bot-c-/trading-bot-c-/src/BotCore/RlTrainingDataCollector.cs(334,25): error CA1848: For improved performance, use the LoggerMessage delegates instead of calling 'LoggerExtensions.LogWarning(ILogger, string?, params object?[])' (https://learn.microsoft.com/dotnet/fundamentals/code-analysis/quality-rules/ca1848) [/home/runner/work/trading-bot-c-/trading-bot-c-/src/BotCore/BotCore.csproj]
/home/runner/work/trading-bot-c-/trading-bot-c-/src/BotCore/RlTrainingDataCollector.cs(338,25): error CA1848: For improved performance, use the LoggerMessage delegates instead of calling 'LoggerExtensions.LogWarning(ILogger, string?, params object?[])' (https://learn.microsoft.com/dotnet/fundamentals/code-analysis/quality-rules/ca1848) [/home/runner/work/trading-bot-c-/trading-bot-c-/src/BotCore/BotCore.csproj]
/home/runner/work/trading-bot-c-/trading-bot-c-/src/BotCore/RlTrainingDataCollector.cs(346,17): error CA1848: For improved performance, use the LoggerMessage delegates instead of calling 'LoggerExtensions.LogInformation(ILogger, string?, params object?[])' (https://learn.microsoft.com/dotnet/fundamentals/code-analysis/quality-rules/ca1848) [/home/runner/work/trading-bot-c-/trading-bot-c-/src/BotCore/BotCore.csproj]
/home/runner/work/trading-bot-c-/trading-bot-c-/src/BotCore/RlTrainingDataCollector.cs(351,17): error CA1848: For improved performance, use the LoggerMessage delegates instead of calling 'LoggerExtensions.LogError(ILogger, Exception?, string?, params object?[])' (https://learn.microsoft.com/dotnet/fundamentals/code-analysis/quality-rules/ca1848) [/home/runner/work/trading-bot-c-/trading-bot-c-/src/BotCore/BotCore.csproj]
/home/runner/work/trading-bot-c-/trading-bot-c-/src/BotCore/RlTrainingDataCollector.cs(356,17): error CA1848: For improved performance, use the LoggerMessage delegates instead of calling 'LoggerExtensions.LogError(ILogger, Exception?, string?, params object?[])' (https://learn.microsoft.com/dotnet/fundamentals/code-analysis/quality-rules/ca1848) [/home/runner/work/trading-bot-c-/trading-bot-c-/src/BotCore/BotCore.csproj]
/home/runner/work/trading-bot-c-/trading-bot-c-/src/BotCore/RlTrainingDataCollector.cs(361,17): error CA1848: For improved performance, use the LoggerMessage delegates instead of calling 'LoggerExtensions.LogError(ILogger, Exception?, string?, params object?[])' (https://learn.microsoft.com/dotnet/fundamentals/code-analysis/quality-rules/ca1848) [/home/runner/work/trading-bot-c-/trading-bot-c-/src/BotCore/BotCore.csproj]
/home/runner/work/trading-bot-c-/trading-bot-c-/src/BotCore/RlTrainingDataCollector.cs(303,26): error CA1310: The behavior of 'string.StartsWith(string)' could vary based on the current user's locale settings. Replace this call in 'BotCore.RlTrainingDataCollector.ExportToCsv(Microsoft.Extensions.Logging.ILogger, System.DateTime?, System.DateTime?)' with a call to 'string.StartsWith(string, System.StringComparison)'. (https://learn.microsoft.com/dotnet/fundamentals/code-analysis/quality-rules/ca1310) [/home/runner/work/trading-bot-c-/trading-bot-c-/src/BotCore/BotCore.csproj]
/home/runner/work/trading-bot-c-/trading-bot-c-/src/BotCore/RlTrainingDataCollector.cs(303,72): error CA1310: The behavior of 'string.StartsWith(string)' could vary based on the current user's locale settings. Replace this call in 'BotCore.RlTrainingDataCollector.ExportToCsv(Microsoft.Extensions.Logging.ILogger, System.DateTime?, System.DateTime?)' with a call to 'string.StartsWith(string, System.StringComparison)'. (https://learn.microsoft.com/dotnet/fundamentals/code-analysis/quality-rules/ca1310) [/home/runner/work/trading-bot-c-/trading-bot-c-/src/BotCore/BotCore.csproj]
/home/runner/work/trading-bot-c-/trading-bot-c-/src/BotCore/Patterns/PatternEngine.cs(120,17): error CA1848: For improved performance, use the LoggerMessage delegates instead of calling 'LoggerExtensions.LogWarning(ILogger, string?, params object?[])' (https://learn.microsoft.com/dotnet/fundamentals/code-analysis/quality-rules/ca1848) [/home/runner/work/trading-bot-c-/trading-bot-c-/src/BotCore/BotCore.csproj]
/home/runner/work/trading-bot-c-/trading-bot-c-/src/BotCore/Patterns/PatternEngine.cs(153,13): error CA1848: For improved performance, use the LoggerMessage delegates instead of calling 'LoggerExtensions.LogError(ILogger, Exception?, string?, params object?[])' (https://learn.microsoft.com/dotnet/fundamentals/code-analysis/quality-rules/ca1848) [/home/runner/work/trading-bot-c-/trading-bot-c-/src/BotCore/BotCore.csproj]
/home/runner/work/trading-bot-c-/trading-bot-c-/src/BotCore/Services/ProductionBreadthFeedService.cs(199,21): error CA1848: For improved performance, use the LoggerMessage delegates instead of calling 'LoggerExtensions.LogError(ILogger, string?, params object?[])' (https://learn.microsoft.com/dotnet/fundamentals/code-analysis/quality-rules/ca1848) [/home/runner/work/trading-bot-c-/trading-bot-c-/src/BotCore/BotCore.csproj]
/home/runner/work/trading-bot-c-/trading-bot-c-/src/BotCore/Services/ProductionBreadthFeedService.cs(203,17): error CA1848: For improved performance, use the LoggerMessage delegates instead of calling 'LoggerExtensions.LogError(ILogger, string?, params object?[])' (https://learn.microsoft.com/dotnet/fundamentals/code-analysis/quality-rules/ca1848) [/home/runner/work/trading-bot-c-/trading-bot-c-/src/BotCore/BotCore.csproj]
/home/runner/work/trading-bot-c-/trading-bot-c-/src/BotCore/Services/ProductionBreadthFeedService.cs(212,17): error CA1848: For improved performance, use the LoggerMessage delegates instead of calling 'LoggerExtensions.LogDebug(ILogger, string?, params object?[])' (https://learn.microsoft.com/dotnet/fundamentals/code-analysis/quality-rules/ca1848) [/home/runner/work/trading-bot-c-/trading-bot-c-/src/BotCore/BotCore.csproj]
/home/runner/work/trading-bot-c-/trading-bot-c-/src/BotCore/Services/ProductionBreadthFeedService.cs(219,17): error CA1848: For improved performance, use the LoggerMessage delegates instead of calling 'LoggerExtensions.LogError(ILogger, Exception?, string?, params object?[])' (https://learn.microsoft.com/dotnet/fundamentals/code-analysis/quality-rules/ca1848) [/home/runner/work/trading-bot-c-/trading-bot-c-/src/BotCore/BotCore.csproj]
/home/runner/work/trading-bot-c-/trading-bot-c-/src/BotCore/Services/ProductionBreadthFeedService.cs(224,17): error CA1848: For improved performance, use the LoggerMessage delegates instead of calling 'LoggerExtensions.LogError(ILogger, Exception?, string?, params object?[])' (https://learn.microsoft.com/dotnet/fundamentals/code-analysis/quality-rules/ca1848) [/home/runner/work/trading-bot-c-/trading-bot-c-/src/BotCore/BotCore.csproj]
/home/runner/work/trading-bot-c-/trading-bot-c-/src/BotCore/Services/ProductionBreadthFeedService.cs(229,17): error CA1848: For improved performance, use the LoggerMessage delegates instead of calling 'LoggerExtensions.LogError(ILogger, Exception?, string?, params object?[])' (https://learn.microsoft.com/dotnet/fundamentals/code-analysis/quality-rules/ca1848) [/home/runner/work/trading-bot-c-/trading-bot-c-/src/BotCore/BotCore.csproj]
/home/runner/work/trading-bot-c-/trading-bot-c-/src/BotCore/Services/ZoneMarketDataBridge.cs(129,33): error S1244: Do not check floating point inequality with exact values, use a range instead. (https://rules.sonarsource.com/csharp/RSPEC-1244) [/home/runner/work/trading-bot-c-/trading-bot-c-/src/BotCore/BotCore.csproj]
/home/runner/work/trading-bot-c-/trading-bot-c-/src/BotCore/Services/ZoneMarketDataBridge.cs(129,57): error S1244: Do not check floating point inequality with exact values, use a range instead. (https://rules.sonarsource.com/csharp/RSPEC-1244) [/home/runner/work/trading-bot-c-/trading-bot-c-/src/BotCore/BotCore.csproj]
/home/runner/work/trading-bot-c-/trading-bot-c-/src/BotCore/Services/ZoneMarketDataBridge.cs(130,32): error S1244: Do not check floating point inequality with exact values, use a range instead. (https://rules.sonarsource.com/csharp/RSPEC-1244) [/home/runner/work/trading-bot-c-/trading-bot-c-/src/BotCore/BotCore.csproj]
/home/runner/work/trading-bot-c-/trading-bot-c-/src/BotCore/Services/ZoneMarketDataBridge.cs(130,57): error S1244: Do not check floating point inequality with exact values, use a range instead. (https://rules.sonarsource.com/csharp/RSPEC-1244) [/home/runner/work/trading-bot-c-/trading-bot-c-/src/BotCore/BotCore.csproj]
/home/runner/work/trading-bot-c-/trading-bot-c-/src/BotCore/Services/ZoneMarketDataBridge.cs(144,37): error S1244: Do not check floating point inequality with exact values, use a range instead. (https://rules.sonarsource.com/csharp/RSPEC-1244) [/home/runner/work/trading-bot-c-/trading-bot-c-/src/BotCore/BotCore.csproj]
/home/runner/work/trading-bot-c-/trading-bot-c-/src/BotCore/Services/ZoneMarketDataBridge.cs(144,60): error S1244: Do not check floating point inequality with exact values, use a range instead. (https://rules.sonarsource.com/csharp/RSPEC-1244) [/home/runner/work/trading-bot-c-/trading-bot-c-/src/BotCore/BotCore.csproj]
/home/runner/work/trading-bot-c-/trading-bot-c-/src/BotCore/Services/ZoneMarketDataBridge.cs(141,17): error CA1848: For improved performance, use the LoggerMessage delegates instead of calling 'LoggerExtensions.LogTrace(ILogger, string?, params object?[])' (https://learn.microsoft.com/dotnet/fundamentals/code-analysis/quality-rules/ca1848) [/home/runner/work/trading-bot-c-/trading-bot-c-/src/BotCore/BotCore.csproj]
/home/runner/work/trading-bot-c-/trading-bot-c-/src/BotCore/Services/ZoneMarketDataBridge.cs(152,17): error CA1848: For improved performance, use the LoggerMessage delegates instead of calling 'LoggerExtensions.LogTrace(ILogger, string?, params object?[])' (https://learn.microsoft.com/dotnet/fundamentals/code-analysis/quality-rules/ca1848) [/home/runner/work/trading-bot-c-/trading-bot-c-/src/BotCore/BotCore.csproj]
/home/runner/work/trading-bot-c-/trading-bot-c-/src/BotCore/Services/ZoneMarketDataBridge.cs(161,13): error CA1848: For improved performance, use the LoggerMessage delegates instead of calling 'LoggerExtensions.LogTrace(ILogger, string?, params object?[])' (https://learn.microsoft.com/dotnet/fundamentals/code-analysis/quality-rules/ca1848) [/home/runner/work/trading-bot-c-/trading-bot-c-/src/BotCore/BotCore.csproj]
/home/runner/work/trading-bot-c-/trading-bot-c-/src/BotCore/Services/ProductionBreadthFeedService.cs(245,21): error S1854: Remove this useless assignment to local variable 'baseRatio'. (https://rules.sonarsource.com/csharp/RSPEC-1854) [/home/runner/work/trading-bot-c-/trading-bot-c-/src/BotCore/BotCore.csproj]
/home/runner/work/trading-bot-c-/trading-bot-c-/src/BotCore/ModelUpdaterService.cs(75,13): error CA1848: For improved performance, use the LoggerMessage delegates instead of calling 'LoggerExtensions.LogInformation(ILogger, string?, params object?[])' (https://learn.microsoft.com/dotnet/fundamentals/code-analysis/quality-rules/ca1848) [/home/runner/work/trading-bot-c-/trading-bot-c-/src/BotCore/BotCore.csproj]
/home/runner/work/trading-bot-c-/trading-bot-c-/src/BotCore/ModelUpdaterService.cs(85,13): error CA1848: For improved performance, use the LoggerMessage delegates instead of calling 'LoggerExtensions.LogInformation(ILogger, string?, params object?[])' (https://learn.microsoft.com/dotnet/fundamentals/code-analysis/quality-rules/ca1848) [/home/runner/work/trading-bot-c-/trading-bot-c-/src/BotCore/BotCore.csproj]
/home/runner/work/trading-bot-c-/trading-bot-c-/src/BotCore/MultiStrategyRlCollector.cs(254,73): error CA1311: Specify a culture or use an invariant version to avoid implicit dependency on current culture (https://learn.microsoft.com/dotnet/fundamentals/code-analysis/quality-rules/ca1311) [/home/runner/work/trading-bot-c-/trading-bot-c-/src/BotCore/BotCore.csproj]
/home/runner/work/trading-bot-c-/trading-bot-c-/src/BotCore/MultiStrategyRlCollector.cs(248,63): error CA1869: Avoid creating a new 'JsonSerializerOptions' instance for every serialization operation. Cache and reuse instances instead. (https://learn.microsoft.com/dotnet/fundamentals/code-analysis/quality-rules/ca1869) [/home/runner/work/trading-bot-c-/trading-bot-c-/src/BotCore/BotCore.csproj]
/home/runner/work/trading-bot-c-/trading-bot-c-/src/BotCore/Resilience/EnhancedProductionResilienceService.cs(327,54): error CA1859: Change return type of method 'GetTimeoutPolicy' from 'Polly.IAsyncPolicy<System.Net.Http.HttpResponseMessage>' to 'Polly.Timeout.AsyncTimeoutPolicy<System.Net.Http.HttpResponseMessage>' for improved performance (https://learn.microsoft.com/dotnet/fundamentals/code-analysis/quality-rules/ca1859) [/home/runner/work/trading-bot-c-/trading-bot-c-/src/BotCore/BotCore.csproj]
/home/runner/work/trading-bot-c-/trading-bot-c-/src/BotCore/Resilience/EnhancedProductionResilienceService.cs(310,54): error CA1859: Change return type of method 'GetCircuitBreakerPolicy' from 'Polly.IAsyncPolicy<System.Net.Http.HttpResponseMessage>' to 'Polly.CircuitBreaker.AsyncCircuitBreakerPolicy<System.Net.Http.HttpResponseMessage>' for improved performance (https://learn.microsoft.com/dotnet/fundamentals/code-analysis/quality-rules/ca1859) [/home/runner/work/trading-bot-c-/trading-bot-c-/src/BotCore/BotCore.csproj]
/home/runner/work/trading-bot-c-/trading-bot-c-/src/BotCore/Resilience/EnhancedProductionResilienceService.cs(296,54): error CA1859: Change return type of method 'GetRetryPolicy' from 'Polly.IAsyncPolicy<System.Net.Http.HttpResponseMessage>' to 'Polly.Retry.AsyncRetryPolicy<System.Net.Http.HttpResponseMessage>' for improved performance (https://learn.microsoft.com/dotnet/fundamentals/code-analysis/quality-rules/ca1859) [/home/runner/work/trading-bot-c-/trading-bot-c-/src/BotCore/BotCore.csproj]
/home/runner/work/trading-bot-c-/trading-bot-c-/src/BotCore/MultiStrategyRlCollector.cs(262,17): error CA1848: For improved performance, use the LoggerMessage delegates instead of calling 'LoggerExtensions.LogDebug(ILogger, string?, params object?[])' (https://learn.microsoft.com/dotnet/fundamentals/code-analysis/quality-rules/ca1848) [/home/runner/work/trading-bot-c-/trading-bot-c-/src/BotCore/BotCore.csproj]
/home/runner/work/trading-bot-c-/trading-bot-c-/src/BotCore/MultiStrategyRlCollector.cs(267,17): error CA1848: For improved performance, use the LoggerMessage delegates instead of calling 'LoggerExtensions.LogError(ILogger, Exception?, string?, params object?[])' (https://learn.microsoft.com/dotnet/fundamentals/code-analysis/quality-rules/ca1848) [/home/runner/work/trading-bot-c-/trading-bot-c-/src/BotCore/BotCore.csproj]
/home/runner/work/trading-bot-c-/trading-bot-c-/src/BotCore/MultiStrategyRlCollector.cs(271,17): error CA1848: For improved performance, use the LoggerMessage delegates instead of calling 'LoggerExtensions.LogError(ILogger, Exception?, string?, params object?[])' (https://learn.microsoft.com/dotnet/fundamentals/code-analysis/quality-rules/ca1848) [/home/runner/work/trading-bot-c-/trading-bot-c-/src/BotCore/BotCore.csproj]
/home/runner/work/trading-bot-c-/trading-bot-c-/src/BotCore/MultiStrategyRlCollector.cs(275,17): error CA1848: For improved performance, use the LoggerMessage delegates instead of calling 'LoggerExtensions.LogError(ILogger, Exception?, string?, params object?[])' (https://learn.microsoft.com/dotnet/fundamentals/code-analysis/quality-rules/ca1848) [/home/runner/work/trading-bot-c-/trading-bot-c-/src/BotCore/BotCore.csproj]
/home/runner/work/trading-bot-c-/trading-bot-c-/src/BotCore/MultiStrategyRlCollector.cs(254,44): error CA1304: The behavior of 'string.ToLower()' could vary based on the current user's locale settings. Replace this call in 'MultiStrategyRlCollector.LogComprehensiveFeatures(ILogger, MultiStrategyRlCollector.ComprehensiveFeatures)' with a call to 'string.ToLower(CultureInfo)'. (https://learn.microsoft.com/dotnet/fundamentals/code-analysis/quality-rules/ca1304) [/home/runner/work/trading-bot-c-/trading-bot-c-/src/BotCore/BotCore.csproj]
/home/runner/work/trading-bot-c-/trading-bot-c-/src/BotCore/Services/ZoneBreakMonitoringService.cs(58,13): error CA1848: For improved performance, use the LoggerMessage delegates instead of calling 'LoggerExtensions.LogInformation(ILogger, string?, params object?[])' (https://learn.microsoft.com/dotnet/fundamentals/code-analysis/quality-rules/ca1848) [/home/runner/work/trading-bot-c-/trading-bot-c-/src/BotCore/BotCore.csproj]
/home/runner/work/trading-bot-c-/trading-bot-c-/src/BotCore/Services/ZoneBreakMonitoringService.cs(73,21): error CA1848: For improved performance, use the LoggerMessage delegates instead of calling 'LoggerExtensions.LogError(ILogger, Exception?, string?, params object?[])' (https://learn.microsoft.com/dotnet/fundamentals/code-analysis/quality-rules/ca1848) [/home/runner/work/trading-bot-c-/trading-bot-c-/src/BotCore/BotCore.csproj]
/home/runner/work/trading-bot-c-/trading-bot-c-/src/BotCore/Services/ZoneBreakMonitoringService.cs(77,21): error CA1848: For improved performance, use the LoggerMessage delegates instead of calling 'LoggerExtensions.LogError(ILogger, Exception?, string?, params object?[])' (https://learn.microsoft.com/dotnet/fundamentals/code-analysis/quality-rules/ca1848) [/home/runner/work/trading-bot-c-/trading-bot-c-/src/BotCore/BotCore.csproj]
/home/runner/work/trading-bot-c-/trading-bot-c-/src/BotCore/Services/ZoneBreakMonitoringService.cs(83,13): error CA1848: For improved performance, use the LoggerMessage delegates instead of calling 'LoggerExtensions.LogInformation(ILogger, string?, params object?[])' (https://learn.microsoft.com/dotnet/fundamentals/code-analysis/quality-rules/ca1848) [/home/runner/work/trading-bot-c-/trading-bot-c-/src/BotCore/BotCore.csproj]
/home/runner/work/trading-bot-c-/trading-bot-c-/src/BotCore/StrategyDsl/StrategyKnowledgeGraphNew.cs(460,30): error S1541: The Cyclomatic Complexity of this method is 14 which is greater than 10 authorized. (https://rules.sonarsource.com/csharp/RSPEC-1541) [/home/runner/work/trading-bot-c-/trading-bot-c-/src/BotCore/BotCore.csproj]
/home/runner/work/trading-bot-c-/trading-bot-c-/src/BotCore/Services/ZoneBreakMonitoringService.cs(119,24): error S1696: Do not catch NullReferenceException; test for null instead. (https://rules.sonarsource.com/csharp/RSPEC-1696) [/home/runner/work/trading-bot-c-/trading-bot-c-/src/BotCore/BotCore.csproj]
/home/runner/work/trading-bot-c-/trading-bot-c-/src/BotCore/StrategyDsl/StrategyKnowledgeGraphNew.cs(523,13): error CA1848: For improved performance, use the LoggerMessage delegates instead of calling 'LoggerExtensions.LogWarning(ILogger, Exception?, string?, params object?[])' (https://learn.microsoft.com/dotnet/fundamentals/code-analysis/quality-rules/ca1848) [/home/runner/work/trading-bot-c-/trading-bot-c-/src/BotCore/BotCore.csproj]
/home/runner/work/trading-bot-c-/trading-bot-c-/src/BotCore/StrategyDsl/StrategyKnowledgeGraphNew.cs(528,13): error CA1848: For improved performance, use the LoggerMessage delegates instead of calling 'LoggerExtensions.LogWarning(ILogger, Exception?, string?, params object?[])' (https://learn.microsoft.com/dotnet/fundamentals/code-analysis/quality-rules/ca1848) [/home/runner/work/trading-bot-c-/trading-bot-c-/src/BotCore/BotCore.csproj]
/home/runner/work/trading-bot-c-/trading-bot-c-/src/BotCore/StrategyDsl/StrategyKnowledgeGraphNew.cs(533,13): error CA1848: For improved performance, use the LoggerMessage delegates instead of calling 'LoggerExtensions.LogWarning(ILogger, Exception?, string?, params object?[])' (https://learn.microsoft.com/dotnet/fundamentals/code-analysis/quality-rules/ca1848) [/home/runner/work/trading-bot-c-/trading-bot-c-/src/BotCore/BotCore.csproj]
/home/runner/work/trading-bot-c-/trading-bot-c-/src/BotCore/MultiStrategyRlCollector.cs(294,72): error CA1311: Specify a culture or use an invariant version to avoid implicit dependency on current culture (https://learn.microsoft.com/dotnet/fundamentals/code-analysis/quality-rules/ca1311) [/home/runner/work/trading-bot-c-/trading-bot-c-/src/BotCore/BotCore.csproj]
/home/runner/work/trading-bot-c-/trading-bot-c-/src/BotCore/MultiStrategyRlCollector.cs(288,62): error CA1869: Avoid creating a new 'JsonSerializerOptions' instance for every serialization operation. Cache and reuse instances instead. (https://learn.microsoft.com/dotnet/fundamentals/code-analysis/quality-rules/ca1869) [/home/runner/work/trading-bot-c-/trading-bot-c-/src/BotCore/BotCore.csproj]
/home/runner/work/trading-bot-c-/trading-bot-c-/src/BotCore/MultiStrategyRlCollector.cs(305,17): error CA1848: For improved performance, use the LoggerMessage delegates instead of calling 'LoggerExtensions.LogDebug(ILogger, string?, params object?[])' (https://learn.microsoft.com/dotnet/fundamentals/code-analysis/quality-rules/ca1848) [/home/runner/work/trading-bot-c-/trading-bot-c-/src/BotCore/BotCore.csproj]
/home/runner/work/trading-bot-c-/trading-bot-c-/src/BotCore/MultiStrategyRlCollector.cs(310,17): error CA1848: For improved performance, use the LoggerMessage delegates instead of calling 'LoggerExtensions.LogError(ILogger, Exception?, string?, params object?[])' (https://learn.microsoft.com/dotnet/fundamentals/code-analysis/quality-rules/ca1848) [/home/runner/work/trading-bot-c-/trading-bot-c-/src/BotCore/BotCore.csproj]
/home/runner/work/trading-bot-c-/trading-bot-c-/src/BotCore/MultiStrategyRlCollector.cs(314,17): error CA1848: For improved performance, use the LoggerMessage delegates instead of calling 'LoggerExtensions.LogError(ILogger, Exception?, string?, params object?[])' (https://learn.microsoft.com/dotnet/fundamentals/code-analysis/quality-rules/ca1848) [/home/runner/work/trading-bot-c-/trading-bot-c-/src/BotCore/BotCore.csproj]
/home/runner/work/trading-bot-c-/trading-bot-c-/src/BotCore/MultiStrategyRlCollector.cs(318,17): error CA1848: For improved performance, use the LoggerMessage delegates instead of calling 'LoggerExtensions.LogError(ILogger, Exception?, string?, params object?[])' (https://learn.microsoft.com/dotnet/fundamentals/code-analysis/quality-rules/ca1848) [/home/runner/work/trading-bot-c-/trading-bot-c-/src/BotCore/BotCore.csproj]
/home/runner/work/trading-bot-c-/trading-bot-c-/src/BotCore/MultiStrategyRlCollector.cs(294,44): error CA1304: The behavior of 'string.ToLower()' could vary based on the current user's locale settings. Replace this call in 'MultiStrategyRlCollector.LogEnhancedOutcome(ILogger, MultiStrategyRlCollector.EnhancedTradeOutcome)' with a call to 'string.ToLower(CultureInfo)'. (https://learn.microsoft.com/dotnet/fundamentals/code-analysis/quality-rules/ca1304) [/home/runner/work/trading-bot-c-/trading-bot-c-/src/BotCore/BotCore.csproj]
/home/runner/work/trading-bot-c-/trading-bot-c-/src/BotCore/Services/ZoneBreakMonitoringService.cs(113,21): error CA1848: For improved performance, use the LoggerMessage delegates instead of calling 'LoggerExtensions.LogWarning(ILogger, Exception?, string?, params object?[])' (https://learn.microsoft.com/dotnet/fundamentals/code-analysis/quality-rules/ca1848) [/home/runner/work/trading-bot-c-/trading-bot-c-/src/BotCore/BotCore.csproj]
/home/runner/work/trading-bot-c-/trading-bot-c-/src/BotCore/Services/ZoneBreakMonitoringService.cs(117,21): error CA1848: For improved performance, use the LoggerMessage delegates instead of calling 'LoggerExtensions.LogWarning(ILogger, Exception?, string?, params object?[])' (https://learn.microsoft.com/dotnet/fundamentals/code-analysis/quality-rules/ca1848) [/home/runner/work/trading-bot-c-/trading-bot-c-/src/BotCore/BotCore.csproj]
/home/runner/work/trading-bot-c-/trading-bot-c-/src/BotCore/Services/ZoneBreakMonitoringService.cs(121,21): error CA1848: For improved performance, use the LoggerMessage delegates instead of calling 'LoggerExtensions.LogWarning(ILogger, Exception?, string?, params object?[])' (https://learn.microsoft.com/dotnet/fundamentals/code-analysis/quality-rules/ca1848) [/home/runner/work/trading-bot-c-/trading-bot-c-/src/BotCore/BotCore.csproj]
/home/runner/work/trading-bot-c-/trading-bot-c-/src/BotCore/ModelUpdaterService.cs(117,21): error S3626: Remove this redundant jump. (https://rules.sonarsource.com/csharp/RSPEC-3626) [/home/runner/work/trading-bot-c-/trading-bot-c-/src/BotCore/BotCore.csproj]
/home/runner/work/trading-bot-c-/trading-bot-c-/src/BotCore/ModelUpdaterService.cs(133,21): error S3626: Remove this redundant jump. (https://rules.sonarsource.com/csharp/RSPEC-3626) [/home/runner/work/trading-bot-c-/trading-bot-c-/src/BotCore/BotCore.csproj]
/home/runner/work/trading-bot-c-/trading-bot-c-/src/BotCore/ModelUpdaterService.cs(149,21): error S3626: Remove this redundant jump. (https://rules.sonarsource.com/csharp/RSPEC-3626) [/home/runner/work/trading-bot-c-/trading-bot-c-/src/BotCore/BotCore.csproj]
/home/runner/work/trading-bot-c-/trading-bot-c-/src/BotCore/ModelUpdaterService.cs(107,17): error CA1848: For improved performance, use the LoggerMessage delegates instead of calling 'LoggerExtensions.LogError(ILogger, Exception?, string?, params object?[])' (https://learn.microsoft.com/dotnet/fundamentals/code-analysis/quality-rules/ca1848) [/home/runner/work/trading-bot-c-/trading-bot-c-/src/BotCore/BotCore.csproj]
/home/runner/work/trading-bot-c-/trading-bot-c-/src/BotCore/ModelUpdaterService.cs(113,21): error CA1848: For improved performance, use the LoggerMessage delegates instead of calling 'LoggerExtensions.LogWarning(ILogger, string?, params object?[])' (https://learn.microsoft.com/dotnet/fundamentals/code-analysis/quality-rules/ca1848) [/home/runner/work/trading-bot-c-/trading-bot-c-/src/BotCore/BotCore.csproj]
/home/runner/work/trading-bot-c-/trading-bot-c-/src/BotCore/ModelUpdaterService.cs(123,17): error CA1848: For improved performance, use the LoggerMessage delegates instead of calling 'LoggerExtensions.LogError(ILogger, Exception?, string?, params object?[])' (https://learn.microsoft.com/dotnet/fundamentals/code-analysis/quality-rules/ca1848) [/home/runner/work/trading-bot-c-/trading-bot-c-/src/BotCore/BotCore.csproj]
/home/runner/work/trading-bot-c-/trading-bot-c-/src/BotCore/ModelUpdaterService.cs(129,21): error CA1848: For improved performance, use the LoggerMessage delegates instead of calling 'LoggerExtensions.LogWarning(ILogger, string?, params object?[])' (https://learn.microsoft.com/dotnet/fundamentals/code-analysis/quality-rules/ca1848) [/home/runner/work/trading-bot-c-/trading-bot-c-/src/BotCore/BotCore.csproj]
/home/runner/work/trading-bot-c-/trading-bot-c-/src/BotCore/ModelUpdaterService.cs(139,17): error CA1848: For improved performance, use the LoggerMessage delegates instead of calling 'LoggerExtensions.LogError(ILogger, Exception?, string?, params object?[])' (https://learn.microsoft.com/dotnet/fundamentals/code-analysis/quality-rules/ca1848) [/home/runner/work/trading-bot-c-/trading-bot-c-/src/BotCore/BotCore.csproj]
/home/runner/work/trading-bot-c-/trading-bot-c-/src/BotCore/ModelUpdaterService.cs(145,21): error CA1848: For improved performance, use the LoggerMessage delegates instead of calling 'LoggerExtensions.LogWarning(ILogger, string?, params object?[])' (https://learn.microsoft.com/dotnet/fundamentals/code-analysis/quality-rules/ca1848) [/home/runner/work/trading-bot-c-/trading-bot-c-/src/BotCore/BotCore.csproj]
/home/runner/work/trading-bot-c-/trading-bot-c-/src/BotCore/Patterns/PatternEngine.cs(201,90): error S1172: Remove this unused method parameter 'cancellationToken'. (https://rules.sonarsource.com/csharp/RSPEC-1172) [/home/runner/work/trading-bot-c-/trading-bot-c-/src/BotCore/BotCore.csproj]
/home/runner/work/trading-bot-c-/trading-bot-c-/src/BotCore/Patterns/PatternEngine.cs(225,21): error CA1848: For improved performance, use the LoggerMessage delegates instead of calling 'LoggerExtensions.LogDebug(ILogger, string?, params object?[])' (https://learn.microsoft.com/dotnet/fundamentals/code-analysis/quality-rules/ca1848) [/home/runner/work/trading-bot-c-/trading-bot-c-/src/BotCore/BotCore.csproj]
/home/runner/work/trading-bot-c-/trading-bot-c-/src/BotCore/Patterns/PatternEngine.cs(237,17): error CA1848: For improved performance, use the LoggerMessage delegates instead of calling 'LoggerExtensions.LogDebug(ILogger, string?, params object?[])' (https://learn.microsoft.com/dotnet/fundamentals/code-analysis/quality-rules/ca1848) [/home/runner/work/trading-bot-c-/trading-bot-c-/src/BotCore/BotCore.csproj]
/home/runner/work/trading-bot-c-/trading-bot-c-/src/BotCore/Patterns/PatternEngine.cs(241,13): error CA1848: For improved performance, use the LoggerMessage delegates instead of calling 'LoggerExtensions.LogWarning(ILogger, string?, params object?[])' (https://learn.microsoft.com/dotnet/fundamentals/code-analysis/quality-rules/ca1848) [/home/runner/work/trading-bot-c-/trading-bot-c-/src/BotCore/BotCore.csproj]
/home/runner/work/trading-bot-c-/trading-bot-c-/src/BotCore/Patterns/PatternEngine.cs(246,13): error CA1848: For improved performance, use the LoggerMessage delegates instead of calling 'LoggerExtensions.LogError(ILogger, Exception?, string?, params object?[])' (https://learn.microsoft.com/dotnet/fundamentals/code-analysis/quality-rules/ca1848) [/home/runner/work/trading-bot-c-/trading-bot-c-/src/BotCore/BotCore.csproj]
/home/runner/work/trading-bot-c-/trading-bot-c-/src/BotCore/Patterns/PatternEngine.cs(251,13): error CA1848: For improved performance, use the LoggerMessage delegates instead of calling 'LoggerExtensions.LogError(ILogger, Exception?, string?, params object?[])' (https://learn.microsoft.com/dotnet/fundamentals/code-analysis/quality-rules/ca1848) [/home/runner/work/trading-bot-c-/trading-bot-c-/src/BotCore/BotCore.csproj]
/home/runner/work/trading-bot-c-/trading-bot-c-/src/BotCore/Patterns/PatternEngine.cs(256,13): error CA1848: For improved performance, use the LoggerMessage delegates instead of calling 'LoggerExtensions.LogError(ILogger, Exception?, string?, params object?[])' (https://learn.microsoft.com/dotnet/fundamentals/code-analysis/quality-rules/ca1848) [/home/runner/work/trading-bot-c-/trading-bot-c-/src/BotCore/BotCore.csproj]
/home/runner/work/trading-bot-c-/trading-bot-c-/src/BotCore/ModelUpdaterService.cs(156,13): error CA1848: For improved performance, use the LoggerMessage delegates instead of calling 'LoggerExtensions.LogDebug(ILogger, string?, params object?[])' (https://learn.microsoft.com/dotnet/fundamentals/code-analysis/quality-rules/ca1848) [/home/runner/work/trading-bot-c-/trading-bot-c-/src/BotCore/BotCore.csproj]
/home/runner/work/trading-bot-c-/trading-bot-c-/src/BotCore/ModelUpdaterService.cs(162,17): error CA1848: For improved performance, use the LoggerMessage delegates instead of calling 'LoggerExtensions.LogWarning(ILogger, string?, params object?[])' (https://learn.microsoft.com/dotnet/fundamentals/code-analysis/quality-rules/ca1848) [/home/runner/work/trading-bot-c-/trading-bot-c-/src/BotCore/BotCore.csproj]
/home/runner/work/trading-bot-c-/trading-bot-c-/src/BotCore/ModelUpdaterService.cs(170,17): error CA1848: For improved performance, use the LoggerMessage delegates instead of calling 'LoggerExtensions.LogDebug(ILogger, string?, params object?[])' (https://learn.microsoft.com/dotnet/fundamentals/code-analysis/quality-rules/ca1848) [/home/runner/work/trading-bot-c-/trading-bot-c-/src/BotCore/BotCore.csproj]
/home/runner/work/trading-bot-c-/trading-bot-c-/src/BotCore/ModelUpdaterService.cs(177,17): error CA1848: For improved performance, use the LoggerMessage delegates instead of calling 'LoggerExtensions.LogError(ILogger, string?, params object?[])' (https://learn.microsoft.com/dotnet/fundamentals/code-analysis/quality-rules/ca1848) [/home/runner/work/trading-bot-c-/trading-bot-c-/src/BotCore/BotCore.csproj]
/home/runner/work/trading-bot-c-/trading-bot-c-/src/BotCore/ModelUpdaterService.cs(185,17): error CA1848: For improved performance, use the LoggerMessage delegates instead of calling 'LoggerExtensions.LogError(ILogger, string?, params object?[])' (https://learn.microsoft.com/dotnet/fundamentals/code-analysis/quality-rules/ca1848) [/home/runner/work/trading-bot-c-/trading-bot-c-/src/BotCore/BotCore.csproj]
/home/runner/work/trading-bot-c-/trading-bot-c-/src/BotCore/ModelUpdaterService.cs(192,17): error CA1848: For improved performance, use the LoggerMessage delegates instead of calling 'LoggerExtensions.LogInformation(ILogger, string?, params object?[])' (https://learn.microsoft.com/dotnet/fundamentals/code-analysis/quality-rules/ca1848) [/home/runner/work/trading-bot-c-/trading-bot-c-/src/BotCore/BotCore.csproj]
/home/runner/work/trading-bot-c-/trading-bot-c-/src/BotCore/ModelUpdaterService.cs(201,17): error CA1848: For improved performance, use the LoggerMessage delegates instead of calling 'LoggerExtensions.LogInformation(ILogger, string?, params object?[])' (https://learn.microsoft.com/dotnet/fundamentals/code-analysis/quality-rules/ca1848) [/home/runner/work/trading-bot-c-/trading-bot-c-/src/BotCore/BotCore.csproj]
/home/runner/work/trading-bot-c-/trading-bot-c-/src/BotCore/Services/ZoneBreakMonitoringService.cs(132,13): error S1172: Remove this unused method parameter 'cancellationToken'. (https://rules.sonarsource.com/csharp/RSPEC-1172) [/home/runner/work/trading-bot-c-/trading-bot-c-/src/BotCore/BotCore.csproj]
/home/runner/work/trading-bot-c-/trading-bot-c-/src/BotCore/ModelUpdaterService.cs(210,44): error CA2234: Modify 'ModelUpdaterService.DownloadManifestAsync(CancellationToken)' to call 'HttpClient.GetAsync(Uri, CancellationToken)' instead of 'HttpClient.GetAsync(string, CancellationToken)' (https://learn.microsoft.com/dotnet/fundamentals/code-analysis/quality-rules/ca2234) [/home/runner/work/trading-bot-c-/trading-bot-c-/src/BotCore/BotCore.csproj]
/home/runner/work/trading-bot-c-/trading-bot-c-/src/BotCore/ModelUpdaterService.cs(214,17): error CA1848: For improved performance, use the LoggerMessage delegates instead of calling 'LoggerExtensions.LogDebug(ILogger, string?, params object?[])' (https://learn.microsoft.com/dotnet/fundamentals/code-analysis/quality-rules/ca1848) [/home/runner/work/trading-bot-c-/trading-bot-c-/src/BotCore/BotCore.csproj]
/home/runner/work/trading-bot-c-/trading-bot-c-/src/BotCore/ModelUpdaterService.cs(220,17): error CA1848: For improved performance, use the LoggerMessage delegates instead of calling 'LoggerExtensions.LogError(ILogger, Exception?, string?, params object?[])' (https://learn.microsoft.com/dotnet/fundamentals/code-analysis/quality-rules/ca1848) [/home/runner/work/trading-bot-c-/trading-bot-c-/src/BotCore/BotCore.csproj]
/home/runner/work/trading-bot-c-/trading-bot-c-/src/BotCore/ModelUpdaterService.cs(233,21): error CA1848: For improved performance, use the LoggerMessage delegates instead of calling 'LoggerExtensions.LogError(ILogger, string?, params object?[])' (https://learn.microsoft.com/dotnet/fundamentals/code-analysis/quality-rules/ca1848) [/home/runner/work/trading-bot-c-/trading-bot-c-/src/BotCore/BotCore.csproj]
/home/runner/work/trading-bot-c-/trading-bot-c-/src/BotCore/ModelUpdaterService.cs(242,21): error CA1848: For improved performance, use the LoggerMessage delegates instead of calling 'LoggerExtensions.LogError(ILogger, string?, params object?[])' (https://learn.microsoft.com/dotnet/fundamentals/code-analysis/quality-rules/ca1848) [/home/runner/work/trading-bot-c-/trading-bot-c-/src/BotCore/BotCore.csproj]
/home/runner/work/trading-bot-c-/trading-bot-c-/src/BotCore/ModelUpdaterService.cs(246,21): error CA1848: For improved performance, use the LoggerMessage delegates instead of calling 'LoggerExtensions.LogDebug(ILogger, string?, params object?[])' (https://learn.microsoft.com/dotnet/fundamentals/code-analysis/quality-rules/ca1848) [/home/runner/work/trading-bot-c-/trading-bot-c-/src/BotCore/BotCore.csproj]
/home/runner/work/trading-bot-c-/trading-bot-c-/src/BotCore/ModelUpdaterService.cs(253,17): error CA1848: For improved performance, use the LoggerMessage delegates instead of calling 'LoggerExtensions.LogError(ILogger, Exception?, string?, params object?[])' (https://learn.microsoft.com/dotnet/fundamentals/code-analysis/quality-rules/ca1848) [/home/runner/work/trading-bot-c-/trading-bot-c-/src/BotCore/BotCore.csproj]
/home/runner/work/trading-bot-c-/trading-bot-c-/src/BotCore/ModelUpdaterService.cs(258,17): error CA1848: For improved performance, use the LoggerMessage delegates instead of calling 'LoggerExtensions.LogError(ILogger, Exception?, string?, params object?[])' (https://learn.microsoft.com/dotnet/fundamentals/code-analysis/quality-rules/ca1848) [/home/runner/work/trading-bot-c-/trading-bot-c-/src/BotCore/BotCore.csproj]
/home/runner/work/trading-bot-c-/trading-bot-c-/src/BotCore/ModelUpdaterService.cs(263,17): error CA1848: For improved performance, use the LoggerMessage delegates instead of calling 'LoggerExtensions.LogError(ILogger, Exception?, string?, params object?[])' (https://learn.microsoft.com/dotnet/fundamentals/code-analysis/quality-rules/ca1848) [/home/runner/work/trading-bot-c-/trading-bot-c-/src/BotCore/BotCore.csproj]
/home/runner/work/trading-bot-c-/trading-bot-c-/src/BotCore/RlTrainingDataCollector.cs(369,31): error S1541: The Cyclomatic Complexity of this method is 23 which is greater than 10 authorized. (https://rules.sonarsource.com/csharp/RSPEC-1541) [/home/runner/work/trading-bot-c-/trading-bot-c-/src/BotCore/BotCore.csproj]
/home/runner/work/trading-bot-c-/trading-bot-c-/src/BotCore/Resilience/EnhancedProductionResilienceService.cs(53,21): error CA1848: For improved performance, use the LoggerMessage delegates instead of calling 'LoggerExtensions.LogWarning(ILogger, string?, params object?[])' (https://learn.microsoft.com/dotnet/fundamentals/code-analysis/quality-rules/ca1848) [/home/runner/work/trading-bot-c-/trading-bot-c-/src/BotCore/BotCore.csproj]
/home/runner/work/trading-bot-c-/trading-bot-c-/src/BotCore/Resilience/EnhancedProductionResilienceService.cs(67,21): error CA1848: For improved performance, use the LoggerMessage delegates instead of calling 'LoggerExtensions.LogError(ILogger, string?, params object?[])' (https://learn.microsoft.com/dotnet/fundamentals/code-analysis/quality-rules/ca1848) [/home/runner/work/trading-bot-c-/trading-bot-c-/src/BotCore/BotCore.csproj]
/home/runner/work/trading-bot-c-/trading-bot-c-/src/BotCore/Resilience/EnhancedProductionResilienceService.cs(72,21): error CA1848: For improved performance, use the LoggerMessage delegates instead of calling 'LoggerExtensions.LogInformation(ILogger, string?, params object?[])' (https://learn.microsoft.com/dotnet/fundamentals/code-analysis/quality-rules/ca1848) [/home/runner/work/trading-bot-c-/trading-bot-c-/src/BotCore/BotCore.csproj]
/home/runner/work/trading-bot-c-/trading-bot-c-/src/BotCore/Resilience/EnhancedProductionResilienceService.cs(76,21): error CA1848: For improved performance, use the LoggerMessage delegates instead of calling 'LoggerExtensions.LogInformation(ILogger, string?, params object?[])' (https://learn.microsoft.com/dotnet/fundamentals/code-analysis/quality-rules/ca1848) [/home/runner/work/trading-bot-c-/trading-bot-c-/src/BotCore/BotCore.csproj]
/home/runner/work/trading-bot-c-/trading-bot-c-/src/BotCore/Resilience/EnhancedProductionResilienceService.cs(85,17): error CA1848: For improved performance, use the LoggerMessage delegates instead of calling 'LoggerExtensions.LogWarning(ILogger, string?, params object?[])' (https://learn.microsoft.com/dotnet/fundamentals/code-analysis/quality-rules/ca1848) [/home/runner/work/trading-bot-c-/trading-bot-c-/src/BotCore/BotCore.csproj]
/home/runner/work/trading-bot-c-/trading-bot-c-/src/BotCore/Resilience/EnhancedProductionResilienceService.cs(96,17): error CA1848: For improved performance, use the LoggerMessage delegates instead of calling 'LoggerExtensions.LogWarning(ILogger, string?, params object?[])' (https://learn.microsoft.com/dotnet/fundamentals/code-analysis/quality-rules/ca1848) [/home/runner/work/trading-bot-c-/trading-bot-c-/src/BotCore/BotCore.csproj]
/home/runner/work/trading-bot-c-/trading-bot-c-/src/BotCore/Strategy/SessionHelper.cs(80,43): error S1541: The Cyclomatic Complexity of this method is 17 which is greater than 10 authorized. (https://rules.sonarsource.com/csharp/RSPEC-1541) [/home/runner/work/trading-bot-c-/trading-bot-c-/src/BotCore/BotCore.csproj]
/home/runner/work/trading-bot-c-/trading-bot-c-/src/BotCore/ModelUpdaterService.cs(272,88): error CA1869: Avoid creating a new 'JsonSerializerOptions' instance for every serialization operation. Cache and reuse instances instead. (https://learn.microsoft.com/dotnet/fundamentals/code-analysis/quality-rules/ca1869) [/home/runner/work/trading-bot-c-/trading-bot-c-/src/BotCore/BotCore.csproj]
/home/runner/work/trading-bot-c-/trading-bot-c-/src/BotCore/ModelUpdaterService.cs(288,17): error CA1848: For improved performance, use the LoggerMessage delegates instead of calling 'LoggerExtensions.LogError(ILogger, Exception?, string?, params object?[])' (https://learn.microsoft.com/dotnet/fundamentals/code-analysis/quality-rules/ca1848) [/home/runner/work/trading-bot-c-/trading-bot-c-/src/BotCore/BotCore.csproj]
/home/runner/work/trading-bot-c-/trading-bot-c-/src/BotCore/ModelUpdaterService.cs(304,17): error CA1848: For improved performance, use the LoggerMessage delegates instead of calling 'LoggerExtensions.LogError(ILogger, Exception?, string?, params object?[])' (https://learn.microsoft.com/dotnet/fundamentals/code-analysis/quality-rules/ca1848) [/home/runner/work/trading-bot-c-/trading-bot-c-/src/BotCore/BotCore.csproj]
/home/runner/work/trading-bot-c-/trading-bot-c-/src/BotCore/ModelUpdaterService.cs(321,25): error CA1848: For improved performance, use the LoggerMessage delegates instead of calling 'LoggerExtensions.LogError(ILogger, string?, params object?[])' (https://learn.microsoft.com/dotnet/fundamentals/code-analysis/quality-rules/ca1848) [/home/runner/work/trading-bot-c-/trading-bot-c-/src/BotCore/BotCore.csproj]
/home/runner/work/trading-bot-c-/trading-bot-c-/src/BotCore/ModelUpdaterService.cs(325,25): error CA1848: For improved performance, use the LoggerMessage delegates instead of calling 'LoggerExtensions.LogInformation(ILogger, string?, params object?[])' (https://learn.microsoft.com/dotnet/fundamentals/code-analysis/quality-rules/ca1848) [/home/runner/work/trading-bot-c-/trading-bot-c-/src/BotCore/BotCore.csproj]
/home/runner/work/trading-bot-c-/trading-bot-c-/src/BotCore/ModelUpdaterService.cs(331,21): error CA1848: For improved performance, use the LoggerMessage delegates instead of calling 'LoggerExtensions.LogError(ILogger, Exception?, string?, params object?[])' (https://learn.microsoft.com/dotnet/fundamentals/code-analysis/quality-rules/ca1848) [/home/runner/work/trading-bot-c-/trading-bot-c-/src/BotCore/BotCore.csproj]
/home/runner/work/trading-bot-c-/trading-bot-c-/src/BotCore/ModelUpdaterService.cs(336,21): error CA1848: For improved performance, use the LoggerMessage delegates instead of calling 'LoggerExtensions.LogError(ILogger, Exception?, string?, params object?[])' (https://learn.microsoft.com/dotnet/fundamentals/code-analysis/quality-rules/ca1848) [/home/runner/work/trading-bot-c-/trading-bot-c-/src/BotCore/BotCore.csproj]
/home/runner/work/trading-bot-c-/trading-bot-c-/src/BotCore/ModelUpdaterService.cs(341,21): error CA1848: For improved performance, use the LoggerMessage delegates instead of calling 'LoggerExtensions.LogError(ILogger, Exception?, string?, params object?[])' (https://learn.microsoft.com/dotnet/fundamentals/code-analysis/quality-rules/ca1848) [/home/runner/work/trading-bot-c-/trading-bot-c-/src/BotCore/BotCore.csproj]
/home/runner/work/trading-bot-c-/trading-bot-c-/src/BotCore/Resilience/EnhancedProductionResilienceService.cs(138,13): error CA1848: For improved performance, use the LoggerMessage delegates instead of calling 'LoggerExtensions.LogDebug(ILogger, string?, params object?[])' (https://learn.microsoft.com/dotnet/fundamentals/code-analysis/quality-rules/ca1848) [/home/runner/work/trading-bot-c-/trading-bot-c-/src/BotCore/BotCore.csproj]
/home/runner/work/trading-bot-c-/trading-bot-c-/src/BotCore/StrategyDsl/StrategyKnowledgeGraphNew.cs(92,13): error CA1848: For improved performance, use the LoggerMessage delegates instead of calling 'LoggerExtensions.LogWarning(ILogger, Exception?, string?, params object?[])' (https://learn.microsoft.com/dotnet/fundamentals/code-analysis/quality-rules/ca1848) [/home/runner/work/trading-bot-c-/trading-bot-c-/src/BotCore/BotCore.csproj]
/home/runner/work/trading-bot-c-/trading-bot-c-/src/BotCore/StrategyDsl/StrategyKnowledgeGraphNew.cs(97,13): error CA1848: For improved performance, use the LoggerMessage delegates instead of calling 'LoggerExtensions.LogWarning(ILogger, Exception?, string?, params object?[])' (https://learn.microsoft.com/dotnet/fundamentals/code-analysis/quality-rules/ca1848) [/home/runner/work/trading-bot-c-/trading-bot-c-/src/BotCore/BotCore.csproj]
/home/runner/work/trading-bot-c-/trading-bot-c-/src/BotCore/StrategyDsl/StrategyKnowledgeGraphNew.cs(102,13): error CA1848: For improved performance, use the LoggerMessage delegates instead of calling 'LoggerExtensions.LogError(ILogger, Exception?, string?, params object?[])' (https://learn.microsoft.com/dotnet/fundamentals/code-analysis/quality-rules/ca1848) [/home/runner/work/trading-bot-c-/trading-bot-c-/src/BotCore/BotCore.csproj]
/home/runner/work/trading-bot-c-/trading-bot-c-/src/BotCore/Resilience/EnhancedProductionResilienceService.cs(155,13): error CA1848: For improved performance, use the LoggerMessage delegates instead of calling 'LoggerExtensions.LogDebug(ILogger, string?, params object?[])' (https://learn.microsoft.com/dotnet/fundamentals/code-analysis/quality-rules/ca1848) [/home/runner/work/trading-bot-c-/trading-bot-c-/src/BotCore/BotCore.csproj]
/home/runner/work/trading-bot-c-/trading-bot-c-/src/BotCore/Risk/RiskEngine.cs(40,31): error CA1707: Remove the underscores from member name BotCore.Risk.RiskEngine.size_for(decimal, decimal, decimal) (https://learn.microsoft.com/dotnet/fundamentals/code-analysis/quality-rules/ca1707) [/home/runner/work/trading-bot-c-/trading-bot-c-/src/BotCore/BotCore.csproj]
/home/runner/work/trading-bot-c-/trading-bot-c-/src/BotCore/ModelUpdaterService.cs(410,82): error S108: Either remove or fill this block of code. (https://rules.sonarsource.com/csharp/RSPEC-108) [/home/runner/work/trading-bot-c-/trading-bot-c-/src/BotCore/BotCore.csproj]
/home/runner/work/trading-bot-c-/trading-bot-c-/src/BotCore/ModelUpdaterService.cs(422,82): error S108: Either remove or fill this block of code. (https://rules.sonarsource.com/csharp/RSPEC-108) [/home/runner/work/trading-bot-c-/trading-bot-c-/src/BotCore/BotCore.csproj]
/home/runner/work/trading-bot-c-/trading-bot-c-/src/BotCore/ModelUpdaterService.cs(434,82): error S108: Either remove or fill this block of code. (https://rules.sonarsource.com/csharp/RSPEC-108) [/home/runner/work/trading-bot-c-/trading-bot-c-/src/BotCore/BotCore.csproj]
/home/runner/work/trading-bot-c-/trading-bot-c-/src/BotCore/Strategy/S6_S11_Bridge.cs(684,48): error S1541: The Cyclomatic Complexity of this method is 17 which is greater than 10 authorized. (https://rules.sonarsource.com/csharp/RSPEC-1541) [/home/runner/work/trading-bot-c-/trading-bot-c-/src/BotCore/BotCore.csproj]
/home/runner/work/trading-bot-c-/trading-bot-c-/src/BotCore/Strategy/S6_S11_Bridge.cs(684,48): error S138: This method 'GetS6Candidates' has 81 lines, which is greater than the 80 lines authorized. Split it into smaller methods. (https://rules.sonarsource.com/csharp/RSPEC-138) [/home/runner/work/trading-bot-c-/trading-bot-c-/src/BotCore/BotCore.csproj]
/home/runner/work/trading-bot-c-/trading-bot-c-/src/BotCore/ModelUpdaterService.cs(357,44): error CA2234: Modify 'ModelUpdaterService.UpdateSingleModelAsync(string, ModelUpdaterService.ModelInfo, CancellationToken)' to call 'HttpClient.GetAsync(Uri, CancellationToken)' instead of 'HttpClient.GetAsync(string, CancellationToken)' (https://learn.microsoft.com/dotnet/fundamentals/code-analysis/quality-rules/ca2234) [/home/runner/work/trading-bot-c-/trading-bot-c-/src/BotCore/BotCore.csproj]
/home/runner/work/trading-bot-c-/trading-bot-c-/src/BotCore/ModelUpdaterService.cs(369,21): error CA1848: For improved performance, use the LoggerMessage delegates instead of calling 'LoggerExtensions.LogError(ILogger, string?, params object?[])' (https://learn.microsoft.com/dotnet/fundamentals/code-analysis/quality-rules/ca1848) [/home/runner/work/trading-bot-c-/trading-bot-c-/src/BotCore/BotCore.csproj]
/home/runner/work/trading-bot-c-/trading-bot-c-/src/BotCore/ModelUpdaterService.cs(405,17): error CA1848: For improved performance, use the LoggerMessage delegates instead of calling 'LoggerExtensions.LogError(ILogger, Exception?, string?, params object?[])' (https://learn.microsoft.com/dotnet/fundamentals/code-analysis/quality-rules/ca1848) [/home/runner/work/trading-bot-c-/trading-bot-c-/src/BotCore/BotCore.csproj]
/home/runner/work/trading-bot-c-/trading-bot-c-/src/BotCore/ModelUpdaterService.cs(417,17): error CA1848: For improved performance, use the LoggerMessage delegates instead of calling 'LoggerExtensions.LogError(ILogger, Exception?, string?, params object?[])' (https://learn.microsoft.com/dotnet/fundamentals/code-analysis/quality-rules/ca1848) [/home/runner/work/trading-bot-c-/trading-bot-c-/src/BotCore/BotCore.csproj]
/home/runner/work/trading-bot-c-/trading-bot-c-/src/BotCore/ModelUpdaterService.cs(429,17): error CA1848: For improved performance, use the LoggerMessage delegates instead of calling 'LoggerExtensions.LogError(ILogger, Exception?, string?, params object?[])' (https://learn.microsoft.com/dotnet/fundamentals/code-analysis/quality-rules/ca1848) [/home/runner/work/trading-bot-c-/trading-bot-c-/src/BotCore/BotCore.csproj]
/home/runner/work/trading-bot-c-/trading-bot-c-/src/BotCore/ModelUpdaterService.cs(360,46): error CA2007: Consider calling ConfigureAwait on the awaited task (https://learn.microsoft.com/dotnet/fundamentals/code-analysis/quality-rules/ca2007) [/home/runner/work/trading-bot-c-/trading-bot-c-/src/BotCore/BotCore.csproj]
/home/runner/work/trading-bot-c-/trading-bot-c-/src/BotCore/Resilience/EnhancedProductionResilienceService.cs(184,22): error SCS0005: Weak random number generator. (https://security-code-scan.github.io/#SCS0005) [/home/runner/work/trading-bot-c-/trading-bot-c-/src/BotCore/BotCore.csproj]
/home/runner/work/trading-bot-c-/trading-bot-c-/src/BotCore/Strategy/S6_S11_Bridge.cs(781,24): error CA1848: For improved performance, use the LoggerMessage delegates instead of calling 'LoggerExtensions.LogError(ILogger, Exception?, string?, params object?[])' (https://learn.microsoft.com/dotnet/fundamentals/code-analysis/quality-rules/ca1848) [/home/runner/work/trading-bot-c-/trading-bot-c-/src/BotCore/BotCore.csproj]
/home/runner/work/trading-bot-c-/trading-bot-c-/src/BotCore/Strategy/S6_S11_Bridge.cs(785,24): error CA1848: For improved performance, use the LoggerMessage delegates instead of calling 'LoggerExtensions.LogError(ILogger, Exception?, string?, params object?[])' (https://learn.microsoft.com/dotnet/fundamentals/code-analysis/quality-rules/ca1848) [/home/runner/work/trading-bot-c-/trading-bot-c-/src/BotCore/BotCore.csproj]
/home/runner/work/trading-bot-c-/trading-bot-c-/src/BotCore/StrategyDsl/StrategyKnowledgeGraphNew.cs(137,20): error S1541: The Cyclomatic Complexity of this method is 18 which is greater than 10 authorized. (https://rules.sonarsource.com/csharp/RSPEC-1541) [/home/runner/work/trading-bot-c-/trading-bot-c-/src/BotCore/BotCore.csproj]
/home/runner/work/trading-bot-c-/trading-bot-c-/src/BotCore/MultiStrategyRlCollector.cs(457,30): error S2139: Either log this exception and handle it, or rethrow it with some contextual information. (https://rules.sonarsource.com/csharp/RSPEC-2139) [/home/runner/work/trading-bot-c-/trading-bot-c-/src/BotCore/BotCore.csproj]
/home/runner/work/trading-bot-c-/trading-bot-c-/src/BotCore/Resilience/EnhancedProductionResilienceService.cs(184,22): error CA5394: Random is an insecure random number generator. Use cryptographically secure random number generators when randomness is required for security. (https://learn.microsoft.com/dotnet/fundamentals/code-analysis/quality-rules/ca5394) [/home/runner/work/trading-bot-c-/trading-bot-c-/src/BotCore/BotCore.csproj]
/home/runner/work/trading-bot-c-/trading-bot-c-/src/BotCore/MultiStrategyRlCollector.cs(447,76): error CA1311: Specify a culture or use an invariant version to avoid implicit dependency on current culture (https://learn.microsoft.com/dotnet/fundamentals/code-analysis/quality-rules/ca1311) [/home/runner/work/trading-bot-c-/trading-bot-c-/src/BotCore/BotCore.csproj]
/home/runner/work/trading-bot-c-/trading-bot-c-/src/BotCore/MultiStrategyRlCollector.cs(454,17): error CA1848: For improved performance, use the LoggerMessage delegates instead of calling 'LoggerExtensions.LogInformation(ILogger, string?, params object?[])' (https://learn.microsoft.com/dotnet/fundamentals/code-analysis/quality-rules/ca1848) [/home/runner/work/trading-bot-c-/trading-bot-c-/src/BotCore/BotCore.csproj]
/home/runner/work/trading-bot-c-/trading-bot-c-/src/BotCore/MultiStrategyRlCollector.cs(459,17): error CA1848: For improved performance, use the LoggerMessage delegates instead of calling 'LoggerExtensions.LogError(ILogger, Exception?, string?, params object?[])' (https://learn.microsoft.com/dotnet/fundamentals/code-analysis/quality-rules/ca1848) [/home/runner/work/trading-bot-c-/trading-bot-c-/src/BotCore/BotCore.csproj]
/home/runner/work/trading-bot-c-/trading-bot-c-/src/BotCore/MultiStrategyRlCollector.cs(447,56): error CA1304: The behavior of 'string.ToLower()' could vary based on the current user's locale settings. Replace this call in 'MultiStrategyRlCollector.ExportStrategyData(ILogger, MultiStrategyRlCollector.StrategyType, [DateTime?])' with a call to 'string.ToLower(CultureInfo)'. (https://learn.microsoft.com/dotnet/fundamentals/code-analysis/quality-rules/ca1304) [/home/runner/work/trading-bot-c-/trading-bot-c-/src/BotCore/BotCore.csproj]
/home/runner/work/trading-bot-c-/trading-bot-c-/src/BotCore/Services/ZoneBreakMonitoringService.cs(173,22): error S1541: The Cyclomatic Complexity of this method is 18 which is greater than 10 authorized. (https://rules.sonarsource.com/csharp/RSPEC-1541) [/home/runner/work/trading-bot-c-/trading-bot-c-/src/BotCore/BotCore.csproj]
/home/runner/work/trading-bot-c-/trading-bot-c-/src/BotCore/ModelUpdaterService.cs(444,29): error CA1850: Prefer static 'System.Security.Cryptography.SHA256.HashData' method over 'ComputeHash' (https://learn.microsoft.com/dotnet/fundamentals/code-analysis/quality-rules/ca1850) [/home/runner/work/trading-bot-c-/trading-bot-c-/src/BotCore/BotCore.csproj]
/home/runner/work/trading-bot-c-/trading-bot-c-/src/BotCore/Services/ZoneBreakMonitoringService.cs(173,22): error S138: This method 'CheckZoneForBreak' has 94 lines, which is greater than the 80 lines authorized. Split it into smaller methods. (https://rules.sonarsource.com/csharp/RSPEC-138) [/home/runner/work/trading-bot-c-/trading-bot-c-/src/BotCore/BotCore.csproj]
/home/runner/work/trading-bot-c-/trading-bot-c-/src/BotCore/ModelUpdaterService.cs(451,42): error CA2007: Consider calling ConfigureAwait on the awaited task (https://learn.microsoft.com/dotnet/fundamentals/code-analysis/quality-rules/ca2007) [/home/runner/work/trading-bot-c-/trading-bot-c-/src/BotCore/BotCore.csproj]
/home/runner/work/trading-bot-c-/trading-bot-c-/src/BotCore/Services/ZoneBreakMonitoringService.cs(216,21): error CA1848: For improved performance, use the LoggerMessage delegates instead of calling 'LoggerExtensions.LogWarning(ILogger, string?, params object?[])' (https://learn.microsoft.com/dotnet/fundamentals/code-analysis/quality-rules/ca1848) [/home/runner/work/trading-bot-c-/trading-bot-c-/src/BotCore/BotCore.csproj]
/home/runner/work/trading-bot-c-/trading-bot-c-/src/BotCore/Services/ZoneBreakMonitoringService.cs(242,17): error CA1848: For improved performance, use the LoggerMessage delegates instead of calling 'LoggerExtensions.LogWarning(ILogger, string?, params object?[])' (https://learn.microsoft.com/dotnet/fundamentals/code-analysis/quality-rules/ca1848) [/home/runner/work/trading-bot-c-/trading-bot-c-/src/BotCore/BotCore.csproj]
/home/runner/work/trading-bot-c-/trading-bot-c-/src/BotCore/Services/ZoneBreakMonitoringService.cs(269,21): error CA1848: For improved performance, use the LoggerMessage delegates instead of calling 'LoggerExtensions.LogInformation(ILogger, string?, params object?[])' (https://learn.microsoft.com/dotnet/fundamentals/code-analysis/quality-rules/ca1848) [/home/runner/work/trading-bot-c-/trading-bot-c-/src/BotCore/BotCore.csproj]
/home/runner/work/trading-bot-c-/trading-bot-c-/src/BotCore/Services/ZoneBreakMonitoringService.cs(293,17): error CA1848: For improved performance, use the LoggerMessage delegates instead of calling 'LoggerExtensions.LogInformation(ILogger, string?, params object?[])' (https://learn.microsoft.com/dotnet/fundamentals/code-analysis/quality-rules/ca1848) [/home/runner/work/trading-bot-c-/trading-bot-c-/src/BotCore/BotCore.csproj]
/home/runner/work/trading-bot-c-/trading-bot-c-/src/BotCore/Patterns/Detectors/StructuralPatternDetector.cs(35,12): error S1541: The Cyclomatic Complexity of this constructor is 15 which is greater than 10 authorized. (https://rules.sonarsource.com/csharp/RSPEC-1541) [/home/runner/work/trading-bot-c-/trading-bot-c-/src/BotCore/BotCore.csproj]
/home/runner/work/trading-bot-c-/trading-bot-c-/src/BotCore/StrategyDsl/StrategyKnowledgeGraphNew.cs(171,13): error CA1848: For improved performance, use the LoggerMessage delegates instead of calling 'LoggerExtensions.LogWarning(ILogger, Exception?, string?, params object?[])' (https://learn.microsoft.com/dotnet/fundamentals/code-analysis/quality-rules/ca1848) [/home/runner/work/trading-bot-c-/trading-bot-c-/src/BotCore/BotCore.csproj]
/home/runner/work/trading-bot-c-/trading-bot-c-/src/BotCore/StrategyDsl/StrategyKnowledgeGraphNew.cs(176,13): error CA1848: For improved performance, use the LoggerMessage delegates instead of calling 'LoggerExtensions.LogWarning(ILogger, Exception?, string?, params object?[])' (https://learn.microsoft.com/dotnet/fundamentals/code-analysis/quality-rules/ca1848) [/home/runner/work/trading-bot-c-/trading-bot-c-/src/BotCore/BotCore.csproj]
/home/runner/work/trading-bot-c-/trading-bot-c-/src/BotCore/StrategyDsl/StrategyKnowledgeGraphNew.cs(181,13): error CA1848: For improved performance, use the LoggerMessage delegates instead of calling 'LoggerExtensions.LogWarning(ILogger, Exception?, string?, params object?[])' (https://learn.microsoft.com/dotnet/fundamentals/code-analysis/quality-rules/ca1848) [/home/runner/work/trading-bot-c-/trading-bot-c-/src/BotCore/BotCore.csproj]
/home/runner/work/trading-bot-c-/trading-bot-c-/src/BotCore/Patterns/Detectors/StructuralPatternDetector.cs(57,26): error S1541: The Cyclomatic Complexity of this method is 16 which is greater than 10 authorized. (https://rules.sonarsource.com/csharp/RSPEC-1541) [/home/runner/work/trading-bot-c-/trading-bot-c-/src/BotCore/BotCore.csproj]
/home/runner/work/trading-bot-c-/trading-bot-c-/src/BotCore/MultiStrategyRlCollector.cs(506,30): error S2139: Either log this exception and handle it, or rethrow it with some contextual information. (https://rules.sonarsource.com/csharp/RSPEC-2139) [/home/runner/work/trading-bot-c-/trading-bot-c-/src/BotCore/BotCore.csproj]
/home/runner/work/trading-bot-c-/trading-bot-c-/src/BotCore/MultiStrategyRlCollector.cs(469,82): error CA1311: Specify a culture or use an invariant version to avoid implicit dependency on current culture (https://learn.microsoft.com/dotnet/fundamentals/code-analysis/quality-rules/ca1311) [/home/runner/work/trading-bot-c-/trading-bot-c-/src/BotCore/BotCore.csproj]
/home/runner/work/trading-bot-c-/trading-bot-c-/src/BotCore/MultiStrategyRlCollector.cs(502,70): error CA1869: Avoid creating a new 'JsonSerializerOptions' instance for every serialization operation. Cache and reuse instances instead. (https://learn.microsoft.com/dotnet/fundamentals/code-analysis/quality-rules/ca1869) [/home/runner/work/trading-bot-c-/trading-bot-c-/src/BotCore/BotCore.csproj]
/home/runner/work/trading-bot-c-/trading-bot-c-/src/BotCore/MultiStrategyRlCollector.cs(508,17): error CA1848: For improved performance, use the LoggerMessage delegates instead of calling 'LoggerExtensions.LogError(ILogger, Exception?, string?, params object?[])' (https://learn.microsoft.com/dotnet/fundamentals/code-analysis/quality-rules/ca1848) [/home/runner/work/trading-bot-c-/trading-bot-c-/src/BotCore/BotCore.csproj]
/home/runner/work/trading-bot-c-/trading-bot-c-/src/BotCore/MultiStrategyRlCollector.cs(469,62): error CA1304: The behavior of 'string.ToLower()' could vary based on the current user's locale settings. Replace this call in 'MultiStrategyRlCollector.ExportStrategySpecificFeaturesAsync(MultiStrategyRlCollector.StrategyType, DateTime, string, ILogger)' with a call to 'string.ToLower(CultureInfo)'. (https://learn.microsoft.com/dotnet/fundamentals/code-analysis/quality-rules/ca1304) [/home/runner/work/trading-bot-c-/trading-bot-c-/src/BotCore/BotCore.csproj]
/home/runner/work/trading-bot-c-/trading-bot-c-/src/BotCore/MultiStrategyRlCollector.cs(503,50): error CA1307: 'string.Replace(string, string?)' has a method overload that takes a 'StringComparison' parameter. Replace this call in 'BotCore.MultiStrategyRlCollector.ExportStrategySpecificFeaturesAsync(BotCore.MultiStrategyRlCollector.StrategyType, System.DateTime, string, Microsoft.Extensions.Logging.ILogger)' with a call to 'string.Replace(string, string?, System.StringComparison)' for clarity of intent. (https://learn.microsoft.com/dotnet/fundamentals/code-analysis/quality-rules/ca1307) [/home/runner/work/trading-bot-c-/trading-bot-c-/src/BotCore/BotCore.csproj]
/home/runner/work/trading-bot-c-/trading-bot-c-/src/BotCore/StrategyDsl/StrategyKnowledgeGraphNew.cs(197,13): error CA1848: For improved performance, use the LoggerMessage delegates instead of calling 'LoggerExtensions.LogTrace(ILogger, string?, params object?[])' (https://learn.microsoft.com/dotnet/fundamentals/code-analysis/quality-rules/ca1848) [/home/runner/work/trading-bot-c-/trading-bot-c-/src/BotCore/BotCore.csproj]
/home/runner/work/trading-bot-c-/trading-bot-c-/src/BotCore/StrategyDsl/StrategyKnowledgeGraphNew.cs(204,13): error CA1848: For improved performance, use the LoggerMessage delegates instead of calling 'LoggerExtensions.LogWarning(ILogger, Exception?, string?, params object?[])' (https://learn.microsoft.com/dotnet/fundamentals/code-analysis/quality-rules/ca1848) [/home/runner/work/trading-bot-c-/trading-bot-c-/src/BotCore/BotCore.csproj]
/home/runner/work/trading-bot-c-/trading-bot-c-/src/BotCore/StrategyDsl/StrategyKnowledgeGraphNew.cs(221,13): error CA1848: For improved performance, use the LoggerMessage delegates instead of calling 'LoggerExtensions.LogWarning(ILogger, Exception?, string?, params object?[])' (https://learn.microsoft.com/dotnet/fundamentals/code-analysis/quality-rules/ca1848) [/home/runner/work/trading-bot-c-/trading-bot-c-/src/BotCore/BotCore.csproj]
/home/runner/work/trading-bot-c-/trading-bot-c-/src/BotCore/StrategyDsl/StrategyKnowledgeGraphNew.cs(238,13): error CA1848: For improved performance, use the LoggerMessage delegates instead of calling 'LoggerExtensions.LogWarning(ILogger, Exception?, string?, params object?[])' (https://learn.microsoft.com/dotnet/fundamentals/code-analysis/quality-rules/ca1848) [/home/runner/work/trading-bot-c-/trading-bot-c-/src/BotCore/BotCore.csproj]
/home/runner/work/trading-bot-c-/trading-bot-c-/src/BotCore/Services/ZoneBreakMonitoringService.cs(319,56): error S1172: Remove this unused method parameter 'cancellationToken'. (https://rules.sonarsource.com/csharp/RSPEC-1172) [/home/runner/work/trading-bot-c-/trading-bot-c-/src/BotCore/BotCore.csproj]
/home/runner/work/trading-bot-c-/trading-bot-c-/src/BotCore/StrategyDsl/StrategyKnowledgeGraphNew.cs(254,9): error CA1848: For improved performance, use the LoggerMessage delegates instead of calling 'LoggerExtensions.LogTrace(ILogger, string?, params object?[])' (https://learn.microsoft.com/dotnet/fundamentals/code-analysis/quality-rules/ca1848) [/home/runner/work/trading-bot-c-/trading-bot-c-/src/BotCore/BotCore.csproj]
/home/runner/work/trading-bot-c-/trading-bot-c-/src/BotCore/Services/ZoneBreakMonitoringService.cs(334,21): error CA1848: For improved performance, use the LoggerMessage delegates instead of calling 'LoggerExtensions.LogInformation(ILogger, string?, params object?[])' (https://learn.microsoft.com/dotnet/fundamentals/code-analysis/quality-rules/ca1848) [/home/runner/work/trading-bot-c-/trading-bot-c-/src/BotCore/BotCore.csproj]
/home/runner/work/trading-bot-c-/trading-bot-c-/src/BotCore/Services/ZoneBreakMonitoringService.cs(339,21): error CA1848: For improved performance, use the LoggerMessage delegates instead of calling 'LoggerExtensions.LogError(ILogger, Exception?, string?, params object?[])' (https://learn.microsoft.com/dotnet/fundamentals/code-analysis/quality-rules/ca1848) [/home/runner/work/trading-bot-c-/trading-bot-c-/src/BotCore/BotCore.csproj]
/home/runner/work/trading-bot-c-/trading-bot-c-/src/BotCore/Services/ZoneBreakMonitoringService.cs(343,21): error CA1848: For improved performance, use the LoggerMessage delegates instead of calling 'LoggerExtensions.LogError(ILogger, Exception?, string?, params object?[])' (https://learn.microsoft.com/dotnet/fundamentals/code-analysis/quality-rules/ca1848) [/home/runner/work/trading-bot-c-/trading-bot-c-/src/BotCore/BotCore.csproj]
/home/runner/work/trading-bot-c-/trading-bot-c-/src/BotCore/Strategy/S6_S11_Bridge.cs(794,48): error S1541: The Cyclomatic Complexity of this method is 17 which is greater than 10 authorized. (https://rules.sonarsource.com/csharp/RSPEC-1541) [/home/runner/work/trading-bot-c-/trading-bot-c-/src/BotCore/BotCore.csproj]
/home/runner/work/trading-bot-c-/trading-bot-c-/src/BotCore/Strategy/S6_S11_Bridge.cs(794,48): error S138: This method 'GetS11Candidates' has 81 lines, which is greater than the 80 lines authorized. Split it into smaller methods. (https://rules.sonarsource.com/csharp/RSPEC-138) [/home/runner/work/trading-bot-c-/trading-bot-c-/src/BotCore/BotCore.csproj]
/home/runner/work/trading-bot-c-/trading-bot-c-/src/BotCore/Strategy/S6_S11_Bridge.cs(891,24): error CA1848: For improved performance, use the LoggerMessage delegates instead of calling 'LoggerExtensions.LogError(ILogger, Exception?, string?, params object?[])' (https://learn.microsoft.com/dotnet/fundamentals/code-analysis/quality-rules/ca1848) [/home/runner/work/trading-bot-c-/trading-bot-c-/src/BotCore/BotCore.csproj]
/home/runner/work/trading-bot-c-/trading-bot-c-/src/BotCore/Strategy/S6_S11_Bridge.cs(895,24): error CA1848: For improved performance, use the LoggerMessage delegates instead of calling 'LoggerExtensions.LogError(ILogger, Exception?, string?, params object?[])' (https://learn.microsoft.com/dotnet/fundamentals/code-analysis/quality-rules/ca1848) [/home/runner/work/trading-bot-c-/trading-bot-c-/src/BotCore/BotCore.csproj]
/home/runner/work/trading-bot-c-/trading-bot-c-/src/BotCore/MultiStrategyRlCollector.cs(613,20): error S2583: Change this condition so that it does not always evaluate to 'True'. Some code paths are unreachable. (https://rules.sonarsource.com/csharp/RSPEC-2583) [/home/runner/work/trading-bot-c-/trading-bot-c-/src/BotCore/BotCore.csproj]
/home/runner/work/trading-bot-c-/trading-bot-c-/src/BotCore/MultiStrategyRlCollector.cs(709,17): error CA1848: For improved performance, use the LoggerMessage delegates instead of calling 'LoggerExtensions.LogDebug(ILogger, string?, params object?[])' (https://learn.microsoft.com/dotnet/fundamentals/code-analysis/quality-rules/ca1848) [/home/runner/work/trading-bot-c-/trading-bot-c-/src/BotCore/BotCore.csproj]
/home/runner/work/trading-bot-c-/trading-bot-c-/src/BotCore/MultiStrategyRlCollector.cs(714,17): error CA1848: For improved performance, use the LoggerMessage delegates instead of calling 'LoggerExtensions.LogError(ILogger, Exception?, string?, params object?[])' (https://learn.microsoft.com/dotnet/fundamentals/code-analysis/quality-rules/ca1848) [/home/runner/work/trading-bot-c-/trading-bot-c-/src/BotCore/BotCore.csproj]
/home/runner/work/trading-bot-c-/trading-bot-c-/src/BotCore/MultiStrategyRlCollector.cs(718,17): error CA1848: For improved performance, use the LoggerMessage delegates instead of calling 'LoggerExtensions.LogError(ILogger, Exception?, string?, params object?[])' (https://learn.microsoft.com/dotnet/fundamentals/code-analysis/quality-rules/ca1848) [/home/runner/work/trading-bot-c-/trading-bot-c-/src/BotCore/BotCore.csproj]
/home/runner/work/trading-bot-c-/trading-bot-c-/src/BotCore/MultiStrategyRlCollector.cs(722,17): error CA1848: For improved performance, use the LoggerMessage delegates instead of calling 'LoggerExtensions.LogError(ILogger, Exception?, string?, params object?[])' (https://learn.microsoft.com/dotnet/fundamentals/code-analysis/quality-rules/ca1848) [/home/runner/work/trading-bot-c-/trading-bot-c-/src/BotCore/BotCore.csproj]
/home/runner/work/trading-bot-c-/trading-bot-c-/src/BotCore/Patterns/Detectors/StructuralPatternDetector.cs(271,55): error S1172: Remove this unused method parameter 'bars'. (https://rules.sonarsource.com/csharp/RSPEC-1172) [/home/runner/work/trading-bot-c-/trading-bot-c-/src/BotCore/BotCore.csproj]
/home/runner/work/trading-bot-c-/trading-bot-c-/src/BotCore/Patterns/Detectors/StructuralPatternDetector.cs(253,56): error S1172: Remove this unused method parameter 'bars'. (https://rules.sonarsource.com/csharp/RSPEC-1172) [/home/runner/work/trading-bot-c-/trading-bot-c-/src/BotCore/BotCore.csproj]
/home/runner/work/trading-bot-c-/trading-bot-c-/src/BotCore/Strategy/S6_S11_Bridge.cs(79,21): error CA1848: For improved performance, use the LoggerMessage delegates instead of calling 'LoggerExtensions.LogError(ILogger, string?, params object?[])' (https://learn.microsoft.com/dotnet/fundamentals/code-analysis/quality-rules/ca1848) [/home/runner/work/trading-bot-c-/trading-bot-c-/src/BotCore/BotCore.csproj]
/home/runner/work/trading-bot-c-/trading-bot-c-/src/BotCore/Strategy/S6_S11_Bridge.cs(86,17): error CA1848: For improved performance, use the LoggerMessage delegates instead of calling 'LoggerExtensions.LogError(ILogger, Exception?, string?, params object?[])' (https://learn.microsoft.com/dotnet/fundamentals/code-analysis/quality-rules/ca1848) [/home/runner/work/trading-bot-c-/trading-bot-c-/src/BotCore/BotCore.csproj]
/home/runner/work/trading-bot-c-/trading-bot-c-/src/BotCore/Strategy/S6_S11_Bridge.cs(99,107): error S1541: The Cyclomatic Complexity of this method is 12 which is greater than 10 authorized. (https://rules.sonarsource.com/csharp/RSPEC-1541) [/home/runner/work/trading-bot-c-/trading-bot-c-/src/BotCore/BotCore.csproj]
/home/runner/work/trading-bot-c-/trading-bot-c-/src/BotCore/Strategy/S6_S11_Bridge.cs(108,21): error CA1848: For improved performance, use the LoggerMessage delegates instead of calling 'LoggerExtensions.LogWarning(ILogger, string?, params object?[])' (https://learn.microsoft.com/dotnet/fundamentals/code-analysis/quality-rules/ca1848) [/home/runner/work/trading-bot-c-/trading-bot-c-/src/BotCore/BotCore.csproj]
/home/runner/work/trading-bot-c-/trading-bot-c-/src/BotCore/Strategy/S6_S11_Bridge.cs(117,17): error CA1848: For improved performance, use the LoggerMessage delegates instead of calling 'LoggerExtensions.LogWarning(ILogger, Exception?, string?, params object?[])' (https://learn.microsoft.com/dotnet/fundamentals/code-analysis/quality-rules/ca1848) [/home/runner/work/trading-bot-c-/trading-bot-c-/src/BotCore/BotCore.csproj]
/home/runner/work/trading-bot-c-/trading-bot-c-/src/BotCore/Strategy/S6_S11_Bridge.cs(155,21): error CA1848: For improved performance, use the LoggerMessage delegates instead of calling 'LoggerExtensions.LogError(ILogger, string?, params object?[])' (https://learn.microsoft.com/dotnet/fundamentals/code-analysis/quality-rules/ca1848) [/home/runner/work/trading-bot-c-/trading-bot-c-/src/BotCore/BotCore.csproj]
/home/runner/work/trading-bot-c-/trading-bot-c-/src/BotCore/Strategy/S6_S11_Bridge.cs(162,17): error CA1848: For improved performance, use the LoggerMessage delegates instead of calling 'LoggerExtensions.LogError(ILogger, Exception?, string?, params object?[])' (https://learn.microsoft.com/dotnet/fundamentals/code-analysis/quality-rules/ca1848) [/home/runner/work/trading-bot-c-/trading-bot-c-/src/BotCore/BotCore.csproj]
/home/runner/work/trading-bot-c-/trading-bot-c-/src/BotCore/Patterns/Detectors/StructuralPatternDetector.cs(313,56): error S1172: Remove this unused method parameter 'bars'. (https://rules.sonarsource.com/csharp/RSPEC-1172) [/home/runner/work/trading-bot-c-/trading-bot-c-/src/BotCore/BotCore.csproj]
/home/runner/work/trading-bot-c-/trading-bot-c-/src/BotCore/Patterns/Detectors/StructuralPatternDetector.cs(325,56): error S1172: Remove this unused method parameter 'bars'. (https://rules.sonarsource.com/csharp/RSPEC-1172) [/home/runner/work/trading-bot-c-/trading-bot-c-/src/BotCore/BotCore.csproj]
/home/runner/work/trading-bot-c-/trading-bot-c-/src/BotCore/Strategy/S6_S11_Bridge.cs(175,108): error S1541: The Cyclomatic Complexity of this method is 12 which is greater than 10 authorized. (https://rules.sonarsource.com/csharp/RSPEC-1541) [/home/runner/work/trading-bot-c-/trading-bot-c-/src/BotCore/BotCore.csproj]
/home/runner/work/trading-bot-c-/trading-bot-c-/src/BotCore/Strategy/S6_S11_Bridge.cs(184,21): error CA1848: For improved performance, use the LoggerMessage delegates instead of calling 'LoggerExtensions.LogWarning(ILogger, string?, params object?[])' (https://learn.microsoft.com/dotnet/fundamentals/code-analysis/quality-rules/ca1848) [/home/runner/work/trading-bot-c-/trading-bot-c-/src/BotCore/BotCore.csproj]
/home/runner/work/trading-bot-c-/trading-bot-c-/src/BotCore/Strategy/S6_S11_Bridge.cs(193,17): error CA1848: For improved performance, use the LoggerMessage delegates instead of calling 'LoggerExtensions.LogWarning(ILogger, Exception?, string?, params object?[])' (https://learn.microsoft.com/dotnet/fundamentals/code-analysis/quality-rules/ca1848) [/home/runner/work/trading-bot-c-/trading-bot-c-/src/BotCore/BotCore.csproj]
/home/runner/work/trading-bot-c-/trading-bot-c-/src/BotCore/Patterns/Detectors/ReversalPatternDetector.cs(69,12): error S1541: The Cyclomatic Complexity of this constructor is 12 which is greater than 10 authorized. (https://rules.sonarsource.com/csharp/RSPEC-1541) [/home/runner/work/trading-bot-c-/trading-bot-c-/src/BotCore/BotCore.csproj]
/home/runner/work/trading-bot-c-/trading-bot-c-/src/BotCore/Patterns/Detectors/ReversalPatternDetector.cs(88,26): error S1541: The Cyclomatic Complexity of this method is 13 which is greater than 10 authorized. (https://rules.sonarsource.com/csharp/RSPEC-1541) [/home/runner/work/trading-bot-c-/trading-bot-c-/src/BotCore/BotCore.csproj]
/home/runner/work/trading-bot-c-/trading-bot-c-/src/BotCore/Strategy/S6_S11_Bridge.cs(289,17): error CA1848: For improved performance, use the LoggerMessage delegates instead of calling 'LoggerExtensions.LogInformation(ILogger, string?, params object?[])' (https://learn.microsoft.com/dotnet/fundamentals/code-analysis/quality-rules/ca1848) [/home/runner/work/trading-bot-c-/trading-bot-c-/src/BotCore/BotCore.csproj]
/home/runner/work/trading-bot-c-/trading-bot-c-/src/BotCore/Strategy/S6_S11_Bridge.cs(296,17): error CA1848: For improved performance, use the LoggerMessage delegates instead of calling 'LoggerExtensions.LogInformation(ILogger, string?, params object?[])' (https://learn.microsoft.com/dotnet/fundamentals/code-analysis/quality-rules/ca1848) [/home/runner/work/trading-bot-c-/trading-bot-c-/src/BotCore/BotCore.csproj]
/home/runner/work/trading-bot-c-/trading-bot-c-/src/BotCore/Strategy/S6_S11_Bridge.cs(306,17): error CA1848: For improved performance, use the LoggerMessage delegates instead of calling 'LoggerExtensions.LogError(ILogger, Exception?, string?, params object?[])' (https://learn.microsoft.com/dotnet/fundamentals/code-analysis/quality-rules/ca1848) [/home/runner/work/trading-bot-c-/trading-bot-c-/src/BotCore/BotCore.csproj]
/home/runner/work/trading-bot-c-/trading-bot-c-/src/BotCore/Strategy/S6_S11_Bridge.cs(331,21): error CA1848: For improved performance, use the LoggerMessage delegates instead of calling 'LoggerExtensions.LogError(ILogger, string?, params object?[])' (https://learn.microsoft.com/dotnet/fundamentals/code-analysis/quality-rules/ca1848) [/home/runner/work/trading-bot-c-/trading-bot-c-/src/BotCore/BotCore.csproj]
/home/runner/work/trading-bot-c-/trading-bot-c-/src/BotCore/Strategy/S6_S11_Bridge.cs(337,17): error CA1848: For improved performance, use the LoggerMessage delegates instead of calling 'LoggerExtensions.LogError(ILogger, Exception?, string?, params object?[])' (https://learn.microsoft.com/dotnet/fundamentals/code-analysis/quality-rules/ca1848) [/home/runner/work/trading-bot-c-/trading-bot-c-/src/BotCore/BotCore.csproj]
/home/runner/work/trading-bot-c-/trading-bot-c-/src/BotCore/Patterns/Detectors/ReversalPatternDetector.cs(113,34): error S1541: The Cyclomatic Complexity of this method is 11 which is greater than 10 authorized. (https://rules.sonarsource.com/csharp/RSPEC-1541) [/home/runner/work/trading-bot-c-/trading-bot-c-/src/BotCore/BotCore.csproj]
/home/runner/work/trading-bot-c-/trading-bot-c-/src/BotCore/Strategy/S6_S11_Bridge.cs(346,17): error CA1848: For improved performance, use the LoggerMessage delegates instead of calling 'LoggerExtensions.LogInformation(ILogger, string?, params object?[])' (https://learn.microsoft.com/dotnet/fundamentals/code-analysis/quality-rules/ca1848) [/home/runner/work/trading-bot-c-/trading-bot-c-/src/BotCore/BotCore.csproj]
/home/runner/work/trading-bot-c-/trading-bot-c-/src/BotCore/Strategy/S6_S11_Bridge.cs(363,17): error CA1848: For improved performance, use the LoggerMessage delegates instead of calling 'LoggerExtensions.LogInformation(ILogger, string?, params object?[])' (https://learn.microsoft.com/dotnet/fundamentals/code-analysis/quality-rules/ca1848) [/home/runner/work/trading-bot-c-/trading-bot-c-/src/BotCore/BotCore.csproj]
/home/runner/work/trading-bot-c-/trading-bot-c-/src/BotCore/Strategy/S6_S11_Bridge.cs(368,17): error CA1848: For improved performance, use the LoggerMessage delegates instead of calling 'LoggerExtensions.LogError(ILogger, Exception?, string?, params object?[])' (https://learn.microsoft.com/dotnet/fundamentals/code-analysis/quality-rules/ca1848) [/home/runner/work/trading-bot-c-/trading-bot-c-/src/BotCore/BotCore.csproj]
/home/runner/work/trading-bot-c-/trading-bot-c-/src/BotCore/Strategy/S6_S11_Bridge.cs(391,21): error CA1848: For improved performance, use the LoggerMessage delegates instead of calling 'LoggerExtensions.LogError(ILogger, string?, params object?[])' (https://learn.microsoft.com/dotnet/fundamentals/code-analysis/quality-rules/ca1848) [/home/runner/work/trading-bot-c-/trading-bot-c-/src/BotCore/BotCore.csproj]
/home/runner/work/trading-bot-c-/trading-bot-c-/src/BotCore/Strategy/S6_S11_Bridge.cs(397,17): error CA1848: For improved performance, use the LoggerMessage delegates instead of calling 'LoggerExtensions.LogError(ILogger, Exception?, string?, params object?[])' (https://learn.microsoft.com/dotnet/fundamentals/code-analysis/quality-rules/ca1848) [/home/runner/work/trading-bot-c-/trading-bot-c-/src/BotCore/BotCore.csproj]
/home/runner/work/trading-bot-c-/trading-bot-c-/src/BotCore/Strategy/S6_S11_Bridge.cs(406,17): error CA1848: For improved performance, use the LoggerMessage delegates instead of calling 'LoggerExtensions.LogInformation(ILogger, string?, params object?[])' (https://learn.microsoft.com/dotnet/fundamentals/code-analysis/quality-rules/ca1848) [/home/runner/work/trading-bot-c-/trading-bot-c-/src/BotCore/BotCore.csproj]
/home/runner/work/trading-bot-c-/trading-bot-c-/src/BotCore/Strategy/S6_S11_Bridge.cs(427,17): error CA1848: For improved performance, use the LoggerMessage delegates instead of calling 'LoggerExtensions.LogInformation(ILogger, string?, params object?[])' (https://learn.microsoft.com/dotnet/fundamentals/code-analysis/quality-rules/ca1848) [/home/runner/work/trading-bot-c-/trading-bot-c-/src/BotCore/BotCore.csproj]
/home/runner/work/trading-bot-c-/trading-bot-c-/src/BotCore/Strategy/S6_S11_Bridge.cs(432,17): error CA1848: For improved performance, use the LoggerMessage delegates instead of calling 'LoggerExtensions.LogError(ILogger, Exception?, string?, params object?[])' (https://learn.microsoft.com/dotnet/fundamentals/code-analysis/quality-rules/ca1848) [/home/runner/work/trading-bot-c-/trading-bot-c-/src/BotCore/BotCore.csproj]
/home/runner/work/trading-bot-c-/trading-bot-c-/src/BotCore/Strategy/S6_S11_Bridge.cs(455,21): error CA1848: For improved performance, use the LoggerMessage delegates instead of calling 'LoggerExtensions.LogWarning(ILogger, string?, params object?[])' (https://learn.microsoft.com/dotnet/fundamentals/code-analysis/quality-rules/ca1848) [/home/runner/work/trading-bot-c-/trading-bot-c-/src/BotCore/BotCore.csproj]
/home/runner/work/trading-bot-c-/trading-bot-c-/src/BotCore/Strategy/S6_S11_Bridge.cs(462,17): error CA1848: For improved performance, use the LoggerMessage delegates instead of calling 'LoggerExtensions.LogWarning(ILogger, Exception?, string?, params object?[])' (https://learn.microsoft.com/dotnet/fundamentals/code-analysis/quality-rules/ca1848) [/home/runner/work/trading-bot-c-/trading-bot-c-/src/BotCore/BotCore.csproj]
/home/runner/work/trading-bot-c-/trading-bot-c-/src/BotCore/Strategy/S6_S11_Bridge.cs(471,17): error CA1848: For improved performance, use the LoggerMessage delegates instead of calling 'LoggerExtensions.LogDebug(ILogger, string?, params object?[])' (https://learn.microsoft.com/dotnet/fundamentals/code-analysis/quality-rules/ca1848) [/home/runner/work/trading-bot-c-/trading-bot-c-/src/BotCore/BotCore.csproj]
/home/runner/work/trading-bot-c-/trading-bot-c-/src/BotCore/Strategy/S6_S11_Bridge.cs(483,17): error CA1848: For improved performance, use the LoggerMessage delegates instead of calling 'LoggerExtensions.LogDebug(ILogger, string?, params object?[])' (https://learn.microsoft.com/dotnet/fundamentals/code-analysis/quality-rules/ca1848) [/home/runner/work/trading-bot-c-/trading-bot-c-/src/BotCore/BotCore.csproj]
/home/runner/work/trading-bot-c-/trading-bot-c-/src/BotCore/Strategy/S6_S11_Bridge.cs(490,17): error CA1848: For improved performance, use the LoggerMessage delegates instead of calling 'LoggerExtensions.LogError(ILogger, Exception?, string?, params object?[])' (https://learn.microsoft.com/dotnet/fundamentals/code-analysis/quality-rules/ca1848) [/home/runner/work/trading-bot-c-/trading-bot-c-/src/BotCore/BotCore.csproj]
/home/runner/work/trading-bot-c-/trading-bot-c-/src/BotCore/Patterns/Detectors/ReversalPatternDetector.cs(202,34): error S1541: The Cyclomatic Complexity of this method is 17 which is greater than 10 authorized. (https://rules.sonarsource.com/csharp/RSPEC-1541) [/home/runner/work/trading-bot-c-/trading-bot-c-/src/BotCore/BotCore.csproj]
/home/runner/work/trading-bot-c-/trading-bot-c-/src/BotCore/Strategy/S6_S11_Bridge.cs(499,17): error CA1848: For improved performance, use the LoggerMessage delegates instead of calling 'LoggerExtensions.LogDebug(ILogger, string?, params object?[])' (https://learn.microsoft.com/dotnet/fundamentals/code-analysis/quality-rules/ca1848) [/home/runner/work/trading-bot-c-/trading-bot-c-/src/BotCore/BotCore.csproj]
/home/runner/work/trading-bot-c-/trading-bot-c-/src/BotCore/Strategy/S6_S11_Bridge.cs(509,21): error CA1848: For improved performance, use the LoggerMessage delegates instead of calling 'LoggerExtensions.LogDebug(ILogger, string?, params object?[])' (https://learn.microsoft.com/dotnet/fundamentals/code-analysis/quality-rules/ca1848) [/home/runner/work/trading-bot-c-/trading-bot-c-/src/BotCore/BotCore.csproj]
/home/runner/work/trading-bot-c-/trading-bot-c-/src/BotCore/Strategy/S6_S11_Bridge.cs(517,17): error CA1848: For improved performance, use the LoggerMessage delegates instead of calling 'LoggerExtensions.LogError(ILogger, Exception?, string?, params object?[])' (https://learn.microsoft.com/dotnet/fundamentals/code-analysis/quality-rules/ca1848) [/home/runner/work/trading-bot-c-/trading-bot-c-/src/BotCore/BotCore.csproj]
/home/runner/work/trading-bot-c-/trading-bot-c-/src/BotCore/Strategy/S6_S11_Bridge.cs(574,21): error CA1848: For improved performance, use the LoggerMessage delegates instead of calling 'LoggerExtensions.LogWarning(ILogger, string?, params object?[])' (https://learn.microsoft.com/dotnet/fundamentals/code-analysis/quality-rules/ca1848) [/home/runner/work/trading-bot-c-/trading-bot-c-/src/BotCore/BotCore.csproj]
/home/runner/work/trading-bot-c-/trading-bot-c-/src/BotCore/Strategy/S6_S11_Bridge.cs(580,21): error CA1848: For improved performance, use the LoggerMessage delegates instead of calling 'LoggerExtensions.LogWarning(ILogger, string?, params object?[])' (https://learn.microsoft.com/dotnet/fundamentals/code-analysis/quality-rules/ca1848) [/home/runner/work/trading-bot-c-/trading-bot-c-/src/BotCore/BotCore.csproj]
/home/runner/work/trading-bot-c-/trading-bot-c-/src/BotCore/Strategy/S6_S11_Bridge.cs(594,17): error CA1848: For improved performance, use the LoggerMessage delegates instead of calling 'LoggerExtensions.LogError(ILogger, Exception?, string?, params object?[])' (https://learn.microsoft.com/dotnet/fundamentals/code-analysis/quality-rules/ca1848) [/home/runner/work/trading-bot-c-/trading-bot-c-/src/BotCore/BotCore.csproj]
/home/runner/work/trading-bot-c-/trading-bot-c-/src/BotCore/Strategy/S6_S11_Bridge.cs(599,17): error CA1848: For improved performance, use the LoggerMessage delegates instead of calling 'LoggerExtensions.LogError(ILogger, Exception?, string?, params object?[])' (https://learn.microsoft.com/dotnet/fundamentals/code-analysis/quality-rules/ca1848) [/home/runner/work/trading-bot-c-/trading-bot-c-/src/BotCore/BotCore.csproj]
/home/runner/work/trading-bot-c-/trading-bot-c-/src/BotCore/Strategy/S6_S11_Bridge.cs(604,17): error CA1848: For improved performance, use the LoggerMessage delegates instead of calling 'LoggerExtensions.LogError(ILogger, Exception?, string?, params object?[])' (https://learn.microsoft.com/dotnet/fundamentals/code-analysis/quality-rules/ca1848) [/home/runner/work/trading-bot-c-/trading-bot-c-/src/BotCore/BotCore.csproj]
/home/runner/work/trading-bot-c-/trading-bot-c-/src/BotCore/Strategy/S6_S11_Bridge.cs(627,17): error CA1848: For improved performance, use the LoggerMessage delegates instead of calling 'LoggerExtensions.LogDebug(ILogger, string?, params object?[])' (https://learn.microsoft.com/dotnet/fundamentals/code-analysis/quality-rules/ca1848) [/home/runner/work/trading-bot-c-/trading-bot-c-/src/BotCore/BotCore.csproj]
/home/runner/work/trading-bot-c-/trading-bot-c-/src/BotCore/MetaLabeler/WalkForwardTrainer.cs(229,58): error CA1825: Avoid unnecessary zero-length array allocations.  Use Array.Empty<byte>() instead. (https://learn.microsoft.com/dotnet/fundamentals/code-analysis/quality-rules/ca1825) [/home/runner/work/trading-bot-c-/trading-bot-c-/src/BotCore/BotCore.csproj]
/home/runner/work/trading-bot-c-/trading-bot-c-/src/BotCore/MetaLabeler/WalkForwardTrainer.cs(210,68): error CA1869: Avoid creating a new 'JsonSerializerOptions' instance for every serialization operation. Cache and reuse instances instead. (https://learn.microsoft.com/dotnet/fundamentals/code-analysis/quality-rules/ca1869) [/home/runner/work/trading-bot-c-/trading-bot-c-/src/BotCore/BotCore.csproj]
/home/runner/work/trading-bot-c-/trading-bot-c-/src/BotCore/Patterns/Detectors/ReversalPatternDetector.cs(310,34): error S1541: The Cyclomatic Complexity of this method is 14 which is greater than 10 authorized. (https://rules.sonarsource.com/csharp/RSPEC-1541) [/home/runner/work/trading-bot-c-/trading-bot-c-/src/BotCore/BotCore.csproj]
/home/runner/work/trading-bot-c-/trading-bot-c-/src/BotCore/Strategy/S3Strategy.cs(73,56): error CA1024: Use properties where appropriate (https://learn.microsoft.com/dotnet/fundamentals/code-analysis/quality-rules/ca1024) [/home/runner/work/trading-bot-c-/trading-bot-c-/src/BotCore/BotCore.csproj]
/home/runner/work/trading-bot-c-/trading-bot-c-/src/BotCore/Patterns/Detectors/ReversalPatternDetector.cs(413,34): error S1541: The Cyclomatic Complexity of this method is 11 which is greater than 10 authorized. (https://rules.sonarsource.com/csharp/RSPEC-1541) [/home/runner/work/trading-bot-c-/trading-bot-c-/src/BotCore/BotCore.csproj]
/home/runner/work/trading-bot-c-/trading-bot-c-/src/BotCore/Patterns/Detectors/ReversalPatternDetector.cs(446,56): error S1172: Remove this unused method parameter 'bars'. (https://rules.sonarsource.com/csharp/RSPEC-1172) [/home/runner/work/trading-bot-c-/trading-bot-c-/src/BotCore/BotCore.csproj]
/home/runner/work/trading-bot-c-/trading-bot-c-/src/BotCore/Patterns/Detectors/ContinuationPatternDetector.cs(76,12): error S1541: The Cyclomatic Complexity of this constructor is 13 which is greater than 10 authorized. (https://rules.sonarsource.com/csharp/RSPEC-1541) [/home/runner/work/trading-bot-c-/trading-bot-c-/src/BotCore/BotCore.csproj]
/home/runner/work/trading-bot-c-/trading-bot-c-/src/BotCore/Patterns/Detectors/ContinuationPatternDetector.cs(96,26): error S1541: The Cyclomatic Complexity of this method is 14 which is greater than 10 authorized. (https://rules.sonarsource.com/csharp/RSPEC-1541) [/home/runner/work/trading-bot-c-/trading-bot-c-/src/BotCore/BotCore.csproj]
/home/runner/work/trading-bot-c-/trading-bot-c-/src/BotCore/MetaLabeler/WalkForwardTrainer.cs(318,26): error CA1826: Do not use Enumerable methods on indexable collections. Instead use the collection directly. (https://learn.microsoft.com/dotnet/fundamentals/code-analysis/quality-rules/ca1826) [/home/runner/work/trading-bot-c-/trading-bot-c-/src/BotCore/BotCore.csproj]
/home/runner/work/trading-bot-c-/trading-bot-c-/src/BotCore/MetaLabeler/WalkForwardTrainer.cs(250,35): error CA1303: Method 'Task<ValidationMetrics> WalkForwardTrainer.EvaluateModelAsync(string modelPath, List<LabeledTradeData> testData)' passes a literal string as parameter 'value' of a call to 'void Console.WriteLine(string? value)'. Retrieve the following string(s) from a resource table instead: "[WALK-FORWARD] Cannot evaluate: model missing or no test data". (https://learn.microsoft.com/dotnet/fundamentals/code-analysis/quality-rules/ca1303) [/home/runner/work/trading-bot-c-/trading-bot-c-/src/BotCore/BotCore.csproj]
/home/runner/work/trading-bot-c-/trading-bot-c-/src/BotCore/MetaLabeler/WalkForwardTrainer.cs(260,35): error CA1303: Method 'Task<ValidationMetrics> WalkForwardTrainer.EvaluateModelAsync(string modelPath, List<LabeledTradeData> testData)' passes a literal string as parameter 'value' of a call to 'void Console.WriteLine(string? value)'. Retrieve the following string(s) from a resource table instead: "[WALK-FORWARD] Failed to load ONNX model, falling back to feature-based prediction". (https://learn.microsoft.com/dotnet/fundamentals/code-analysis/quality-rules/ca1303) [/home/runner/work/trading-bot-c-/trading-bot-c-/src/BotCore/BotCore.csproj]
/home/runner/work/trading-bot-c-/trading-bot-c-/src/BotCore/Patterns/Detectors/ContinuationPatternDetector.cs(216,34): error S1541: The Cyclomatic Complexity of this method is 11 which is greater than 10 authorized. (https://rules.sonarsource.com/csharp/RSPEC-1541) [/home/runner/work/trading-bot-c-/trading-bot-c-/src/BotCore/BotCore.csproj]
/home/runner/work/trading-bot-c-/trading-bot-c-/src/BotCore/MetaLabeler/WalkForwardTrainer.cs(446,54): error CA1869: Avoid creating a new 'JsonSerializerOptions' instance for every serialization operation. Cache and reuse instances instead. (https://learn.microsoft.com/dotnet/fundamentals/code-analysis/quality-rules/ca1869) [/home/runner/work/trading-bot-c-/trading-bot-c-/src/BotCore/BotCore.csproj]
/home/runner/work/trading-bot-c-/trading-bot-c-/src/BotCore/MetaLabeler/TripleBarrierLabeler.cs(299,18): error CA1716: In virtual/interface member IHistoricalDataProvider.GetPriceDataAsync(string, DateTime, DateTime, CancellationToken), rename parameter end so that it no longer conflicts with the reserved language keyword 'End'. Using a reserved keyword as the name of a parameter on a virtual/interface member makes it harder for consumers in other languages to override/implement the member. (https://learn.microsoft.com/dotnet/fundamentals/code-analysis/quality-rules/ca1716) [/home/runner/work/trading-bot-c-/trading-bot-c-/src/BotCore/BotCore.csproj]
/home/runner/work/trading-bot-c-/trading-bot-c-/src/BotCore/Strategy/S3Strategy.cs(75,48): error S1541: The Cyclomatic Complexity of this method is 107 which is greater than 10 authorized. (https://rules.sonarsource.com/csharp/RSPEC-1541) [/home/runner/work/trading-bot-c-/trading-bot-c-/src/BotCore/BotCore.csproj]
/home/runner/work/trading-bot-c-/trading-bot-c-/src/BotCore/Strategy/S3Strategy.cs(75,48): error S138: This method 'S3' has 244 lines, which is greater than the 80 lines authorized. Split it into smaller methods. (https://rules.sonarsource.com/csharp/RSPEC-138) [/home/runner/work/trading-bot-c-/trading-bot-c-/src/BotCore/BotCore.csproj]
/home/runner/work/trading-bot-c-/trading-bot-c-/src/BotCore/Patterns/Detectors/ContinuationPatternDetector.cs(362,53): error S1172: Remove this unused method parameter 'bars'. (https://rules.sonarsource.com/csharp/RSPEC-1172) [/home/runner/work/trading-bot-c-/trading-bot-c-/src/BotCore/BotCore.csproj]
/home/runner/work/trading-bot-c-/trading-bot-c-/src/BotCore/MetaLabeler/TripleBarrierLabeler.cs(47,37): error CA1002: Change 'List<HistoricalTradeSignal>' in 'TripleBarrierLabeler.LabelSignalsAsync(List<HistoricalTradeSignal>, [CancellationToken])' to use 'Collection<T>', 'ReadOnlyCollection<T>' or 'KeyedCollection<K,V>' (https://learn.microsoft.com/dotnet/fundamentals/code-analysis/quality-rules/ca1002) [/home/runner/work/trading-bot-c-/trading-bot-c-/src/BotCore/BotCore.csproj]
/home/runner/work/trading-bot-c-/trading-bot-c-/src/BotCore/Patterns/Detectors/CandlestickPatternDetector.cs(67,12): error S1541: The Cyclomatic Complexity of this constructor is 17 which is greater than 10 authorized. (https://rules.sonarsource.com/csharp/RSPEC-1541) [/home/runner/work/trading-bot-c-/trading-bot-c-/src/BotCore/BotCore.csproj]
/home/runner/work/trading-bot-c-/trading-bot-c-/src/BotCore/MetaLabeler/TripleBarrierLabeler.cs(115,9): error CA1031: Modify 'ComputeTripleBarrierLabelAsync' to catch a more specific allowed exception type, or rethrow the exception (https://learn.microsoft.com/dotnet/fundamentals/code-analysis/quality-rules/ca1031) [/home/runner/work/trading-bot-c-/trading-bot-c-/src/BotCore/BotCore.csproj]
/home/runner/work/trading-bot-c-/trading-bot-c-/src/BotCore/Patterns/Detectors/CandlestickPatternDetector.cs(91,26): error S1541: The Cyclomatic Complexity of this method is 18 which is greater than 10 authorized. (https://rules.sonarsource.com/csharp/RSPEC-1541) [/home/runner/work/trading-bot-c-/trading-bot-c-/src/BotCore/BotCore.csproj]
/home/runner/work/trading-bot-c-/trading-bot-c-/src/BotCore/MetaLabeler/TripleBarrierLabeler.cs(128,29): error CA1851: Possible multiple enumerations of 'IEnumerable' collection. Consider using an implementation that avoids multiple enumerations. (https://learn.microsoft.com/dotnet/fundamentals/code-analysis/quality-rules/ca1851) [/home/runner/work/trading-bot-c-/trading-bot-c-/src/BotCore/BotCore.csproj]
/home/runner/work/trading-bot-c-/trading-bot-c-/src/BotCore/MetaLabeler/TripleBarrierLabeler.cs(181,23): error CA1851: Possible multiple enumerations of 'IEnumerable' collection. Consider using an implementation that avoids multiple enumerations. (https://learn.microsoft.com/dotnet/fundamentals/code-analysis/quality-rules/ca1851) [/home/runner/work/trading-bot-c-/trading-bot-c-/src/BotCore/BotCore.csproj]
/home/runner/work/trading-bot-c-/trading-bot-c-/src/BotCore/Patterns/Detectors/CandlestickPatternDetector.cs(247,34): error S1541: The Cyclomatic Complexity of this method is 12 which is greater than 10 authorized. (https://rules.sonarsource.com/csharp/RSPEC-1541) [/home/runner/work/trading-bot-c-/trading-bot-c-/src/BotCore/BotCore.csproj]
/home/runner/work/trading-bot-c-/trading-bot-c-/src/BotCore/Patterns/Detectors/CandlestickPatternDetector.cs(313,54): error S1172: Remove this unused method parameter 'bars'. (https://rules.sonarsource.com/csharp/RSPEC-1172) [/home/runner/work/trading-bot-c-/trading-bot-c-/src/BotCore/BotCore.csproj]
/home/runner/work/trading-bot-c-/trading-bot-c-/src/BotCore/Patterns/Detectors/CandlestickPatternDetector.cs(381,27): error S1541: The Cyclomatic Complexity of this method is 12 which is greater than 10 authorized. (https://rules.sonarsource.com/csharp/RSPEC-1541) [/home/runner/work/trading-bot-c-/trading-bot-c-/src/BotCore/BotCore.csproj]
/home/runner/work/trading-bot-c-/trading-bot-c-/src/BotCore/Market/RedundantDataFeedManager.cs(868,43): error SCS0005: Weak random number generator. (https://security-code-scan.github.io/#SCS0005) [/home/runner/work/trading-bot-c-/trading-bot-c-/src/BotCore/BotCore.csproj]
/home/runner/work/trading-bot-c-/trading-bot-c-/src/BotCore/Market/RedundantDataFeedManager.cs(868,43): error CA5394: Random is an insecure random number generator. Use cryptographically secure random number generators when randomness is required for security. (https://learn.microsoft.com/dotnet/fundamentals/code-analysis/quality-rules/ca5394) [/home/runner/work/trading-bot-c-/trading-bot-c-/src/BotCore/BotCore.csproj]
/home/runner/work/trading-bot-c-/trading-bot-c-/src/BotCore/MetaLabeler/OnnxMetaLabeler.cs(42,30): error CA2000: Call System.IDisposable.Dispose on object created by 'new SessionOptions' before all references to it are out of scope (https://learn.microsoft.com/dotnet/fundamentals/code-analysis/quality-rules/ca2000) [/home/runner/work/trading-bot-c-/trading-bot-c-/src/BotCore/BotCore.csproj]
/home/runner/work/trading-bot-c-/trading-bot-c-/src/BotCore/Logging/TradingLogger.cs(18,32): error S2629: Don't use string interpolation in logging message templates. (https://rules.sonarsource.com/csharp/RSPEC-2629) [/home/runner/work/trading-bot-c-/trading-bot-c-/src/BotCore/BotCore.csproj]
/home/runner/work/trading-bot-c-/trading-bot-c-/src/BotCore/MetaLabeler/OnnxMetaLabeler.cs(78,34): error S6608: Indexing at 0 should be used instead of the "Enumerable" extension method "First" (https://rules.sonarsource.com/csharp/RSPEC-6608) [/home/runner/work/trading-bot-c-/trading-bot-c-/src/BotCore/BotCore.csproj]
/home/runner/work/trading-bot-c-/trading-bot-c-/src/BotCore/Logging/TradingLogger.cs(18,9): error CA1848: For improved performance, use the LoggerMessage delegates instead of calling 'LoggerExtensions.LogInformation(ILogger, string?, params object?[])' (https://learn.microsoft.com/dotnet/fundamentals/code-analysis/quality-rules/ca1848) [/home/runner/work/trading-bot-c-/trading-bot-c-/src/BotCore/BotCore.csproj]
/home/runner/work/trading-bot-c-/trading-bot-c-/src/BotCore/Logging/TradingLogger.cs(18,32): error CA2254: The logging message template should not vary between calls to 'LoggerExtensions.LogInformation(ILogger, string?, params object?[])' (https://learn.microsoft.com/dotnet/fundamentals/code-analysis/quality-rules/ca2254) [/home/runner/work/trading-bot-c-/trading-bot-c-/src/BotCore/BotCore.csproj]
/home/runner/work/trading-bot-c-/trading-bot-c-/src/BotCore/MetaLabeler/OnnxMetaLabeler.cs(78,26): error CA1826: Do not use Enumerable methods on indexable collections. Instead use the collection directly. (https://learn.microsoft.com/dotnet/fundamentals/code-analysis/quality-rules/ca1826) [/home/runner/work/trading-bot-c-/trading-bot-c-/src/BotCore/BotCore.csproj]
/home/runner/work/trading-bot-c-/trading-bot-c-/src/BotCore/MetaLabeler/OnnxMetaLabeler.cs(88,9): error CA1031: Modify 'EstimateWinProbabilityAsync' to catch a more specific allowed exception type, or rethrow the exception (https://learn.microsoft.com/dotnet/fundamentals/code-analysis/quality-rules/ca1031) [/home/runner/work/trading-bot-c-/trading-bot-c-/src/BotCore/BotCore.csproj]
/home/runner/work/trading-bot-c-/trading-bot-c-/src/BotCore/Logging/TradingLogger.cs(24,32): error S2629: Don't use string interpolation in logging message templates. (https://rules.sonarsource.com/csharp/RSPEC-2629) [/home/runner/work/trading-bot-c-/trading-bot-c-/src/BotCore/BotCore.csproj]
/home/runner/work/trading-bot-c-/trading-bot-c-/src/BotCore/Logging/TradingLogger.cs(24,9): error CA1848: For improved performance, use the LoggerMessage delegates instead of calling 'LoggerExtensions.LogInformation(ILogger, string?, params object?[])' (https://learn.microsoft.com/dotnet/fundamentals/code-analysis/quality-rules/ca1848) [/home/runner/work/trading-bot-c-/trading-bot-c-/src/BotCore/BotCore.csproj]
/home/runner/work/trading-bot-c-/trading-bot-c-/src/BotCore/Logging/TradingLogger.cs(24,32): error CA2254: The logging message template should not vary between calls to 'LoggerExtensions.LogInformation(ILogger, string?, params object?[])' (https://learn.microsoft.com/dotnet/fundamentals/code-analysis/quality-rules/ca2254) [/home/runner/work/trading-bot-c-/trading-bot-c-/src/BotCore/BotCore.csproj]
/home/runner/work/trading-bot-c-/trading-bot-c-/src/BotCore/Market/RedundantDataFeedManager.cs(807,47): error SCS0005: Weak random number generator. (https://security-code-scan.github.io/#SCS0005) [/home/runner/work/trading-bot-c-/trading-bot-c-/src/BotCore/BotCore.csproj]
/home/runner/work/trading-bot-c-/trading-bot-c-/src/BotCore/Logging/TradingLogger.cs(31,34): error S2629: Don't use string interpolation in logging message templates. (https://rules.sonarsource.com/csharp/RSPEC-2629) [/home/runner/work/trading-bot-c-/trading-bot-c-/src/BotCore/BotCore.csproj]
/home/runner/work/trading-bot-c-/trading-bot-c-/src/BotCore/Logging/TradingLogger.cs(35,30): error S2629: Don't use string interpolation in logging message templates. (https://rules.sonarsource.com/csharp/RSPEC-2629) [/home/runner/work/trading-bot-c-/trading-bot-c-/src/BotCore/BotCore.csproj]
/home/runner/work/trading-bot-c-/trading-bot-c-/src/BotCore/Logging/TradingLogger.cs(31,13): error CA1848: For improved performance, use the LoggerMessage delegates instead of calling 'LoggerExtensions.LogError(ILogger, Exception?, string?, params object?[])' (https://learn.microsoft.com/dotnet/fundamentals/code-analysis/quality-rules/ca1848) [/home/runner/work/trading-bot-c-/trading-bot-c-/src/BotCore/BotCore.csproj]
/home/runner/work/trading-bot-c-/trading-bot-c-/src/BotCore/Logging/TradingLogger.cs(31,34): error CA2254: The logging message template should not vary between calls to 'LoggerExtensions.LogError(ILogger, Exception?, string?, params object?[])' (https://learn.microsoft.com/dotnet/fundamentals/code-analysis/quality-rules/ca2254) [/home/runner/work/trading-bot-c-/trading-bot-c-/src/BotCore/BotCore.csproj]
/home/runner/work/trading-bot-c-/trading-bot-c-/src/BotCore/Logging/TradingLogger.cs(35,13): error CA1848: For improved performance, use the LoggerMessage delegates instead of calling 'LoggerExtensions.LogError(ILogger, string?, params object?[])' (https://learn.microsoft.com/dotnet/fundamentals/code-analysis/quality-rules/ca1848) [/home/runner/work/trading-bot-c-/trading-bot-c-/src/BotCore/BotCore.csproj]
/home/runner/work/trading-bot-c-/trading-bot-c-/src/BotCore/Logging/TradingLogger.cs(35,30): error CA2254: The logging message template should not vary between calls to 'LoggerExtensions.LogError(ILogger, string?, params object?[])' (https://learn.microsoft.com/dotnet/fundamentals/code-analysis/quality-rules/ca2254) [/home/runner/work/trading-bot-c-/trading-bot-c-/src/BotCore/BotCore.csproj]
/home/runner/work/trading-bot-c-/trading-bot-c-/src/BotCore/Market/RedundantDataFeedManager.cs(807,47): error CA5394: Random is an insecure random number generator. Use cryptographically secure random number generators when randomness is required for security. (https://learn.microsoft.com/dotnet/fundamentals/code-analysis/quality-rules/ca5394) [/home/runner/work/trading-bot-c-/trading-bot-c-/src/BotCore/BotCore.csproj]
/home/runner/work/trading-bot-c-/trading-bot-c-/src/BotCore/Logging/TradingLogger.cs(41,28): error S2629: Don't use string interpolation in logging message templates. (https://rules.sonarsource.com/csharp/RSPEC-2629) [/home/runner/work/trading-bot-c-/trading-bot-c-/src/BotCore/BotCore.csproj]
/home/runner/work/trading-bot-c-/trading-bot-c-/src/BotCore/Logging/TradingLogger.cs(41,9): error CA1848: For improved performance, use the LoggerMessage delegates instead of calling 'LoggerExtensions.LogWarning(ILogger, string?, params object?[])' (https://learn.microsoft.com/dotnet/fundamentals/code-analysis/quality-rules/ca1848) [/home/runner/work/trading-bot-c-/trading-bot-c-/src/BotCore/BotCore.csproj]
/home/runner/work/trading-bot-c-/trading-bot-c-/src/BotCore/Logging/TradingLogger.cs(41,28): error CA2254: The logging message template should not vary between calls to 'LoggerExtensions.LogWarning(ILogger, string?, params object?[])' (https://learn.microsoft.com/dotnet/fundamentals/code-analysis/quality-rules/ca2254) [/home/runner/work/trading-bot-c-/trading-bot-c-/src/BotCore/BotCore.csproj]
/home/runner/work/trading-bot-c-/trading-bot-c-/src/BotCore/Logging/TradingLogger.cs(47,9): error CA1848: For improved performance, use the LoggerMessage delegates instead of calling 'LoggerExtensions.LogDebug(ILogger, string?, params object?[])' (https://learn.microsoft.com/dotnet/fundamentals/code-analysis/quality-rules/ca1848) [/home/runner/work/trading-bot-c-/trading-bot-c-/src/BotCore/BotCore.csproj]
/home/runner/work/trading-bot-c-/trading-bot-c-/src/BotCore/Logging/TradingLogger.cs(47,26): error CA2254: The logging message template should not vary between calls to 'LoggerExtensions.LogDebug(ILogger, string?, params object?[])' (https://learn.microsoft.com/dotnet/fundamentals/code-analysis/quality-rules/ca2254) [/home/runner/work/trading-bot-c-/trading-bot-c-/src/BotCore/BotCore.csproj]
/home/runner/work/trading-bot-c-/trading-bot-c-/src/BotCore/Infra/Persistence.cs(18,58): error CA1869: Avoid creating a new 'JsonSerializerOptions' instance for every serialization operation. Cache and reuse instances instead. (https://learn.microsoft.com/dotnet/fundamentals/code-analysis/quality-rules/ca1869) [/home/runner/work/trading-bot-c-/trading-bot-c-/src/BotCore/BotCore.csproj]
/home/runner/work/trading-bot-c-/trading-bot-c-/src/BotCore/Integrations/EnhancedStrategyIntegration.cs(46,17): error CA1848: For improved performance, use the LoggerMessage delegates instead of calling 'LoggerExtensions.LogDebug(ILogger, string?, params object?[])' (https://learn.microsoft.com/dotnet/fundamentals/code-analysis/quality-rules/ca1848) [/home/runner/work/trading-bot-c-/trading-bot-c-/src/BotCore/BotCore.csproj]
/home/runner/work/trading-bot-c-/trading-bot-c-/src/BotCore/Integrations/EnhancedStrategyIntegration.cs(53,17): error CA1848: For improved performance, use the LoggerMessage delegates instead of calling 'LoggerExtensions.LogError(ILogger, Exception?, string?, params object?[])' (https://learn.microsoft.com/dotnet/fundamentals/code-analysis/quality-rules/ca1848) [/home/runner/work/trading-bot-c-/trading-bot-c-/src/BotCore/BotCore.csproj]
/home/runner/work/trading-bot-c-/trading-bot-c-/src/BotCore/Integrations/EnhancedStrategyIntegration.cs(59,17): error CA1848: For improved performance, use the LoggerMessage delegates instead of calling 'LoggerExtensions.LogError(ILogger, Exception?, string?, params object?[])' (https://learn.microsoft.com/dotnet/fundamentals/code-analysis/quality-rules/ca1848) [/home/runner/work/trading-bot-c-/trading-bot-c-/src/BotCore/BotCore.csproj]
/home/runner/work/trading-bot-c-/trading-bot-c-/src/BotCore/Integrations/EnhancedStrategyIntegration.cs(65,17): error CA1848: For improved performance, use the LoggerMessage delegates instead of calling 'LoggerExtensions.LogError(ILogger, Exception?, string?, params object?[])' (https://learn.microsoft.com/dotnet/fundamentals/code-analysis/quality-rules/ca1848) [/home/runner/work/trading-bot-c-/trading-bot-c-/src/BotCore/BotCore.csproj]
/home/runner/work/trading-bot-c-/trading-bot-c-/src/BotCore/Infrastructure/HttpClientConfiguration.cs(203,17): error CA1848: For improved performance, use the LoggerMessage delegates instead of calling 'LoggerExtensions.LogDebug(ILogger, string?, params object?[])' (https://learn.microsoft.com/dotnet/fundamentals/code-analysis/quality-rules/ca1848) [/home/runner/work/trading-bot-c-/trading-bot-c-/src/BotCore/BotCore.csproj]
/home/runner/work/trading-bot-c-/trading-bot-c-/src/BotCore/Infrastructure/HttpClientConfiguration.cs(207,17): error CA1848: For improved performance, use the LoggerMessage delegates instead of calling 'LoggerExtensions.LogWarning(ILogger, string?, params object?[])' (https://learn.microsoft.com/dotnet/fundamentals/code-analysis/quality-rules/ca1848) [/home/runner/work/trading-bot-c-/trading-bot-c-/src/BotCore/BotCore.csproj]
/home/runner/work/trading-bot-c-/trading-bot-c-/src/BotCore/Integration/ZoneFeatureResolvers.cs(147,13): error CA1848: For improved performance, use the LoggerMessage delegates instead of calling 'LoggerExtensions.LogTrace(ILogger, string?, params object?[])' (https://learn.microsoft.com/dotnet/fundamentals/code-analysis/quality-rules/ca1848) [/home/runner/work/trading-bot-c-/trading-bot-c-/src/BotCore/BotCore.csproj]
/home/runner/work/trading-bot-c-/trading-bot-c-/src/BotCore/Integration/ZoneFeatureResolvers.cs(154,13): error CA1848: For improved performance, use the LoggerMessage delegates instead of calling 'LoggerExtensions.LogError(ILogger, Exception?, string?, params object?[])' (https://learn.microsoft.com/dotnet/fundamentals/code-analysis/quality-rules/ca1848) [/home/runner/work/trading-bot-c-/trading-bot-c-/src/BotCore/BotCore.csproj]
/home/runner/work/trading-bot-c-/trading-bot-c-/src/BotCore/Market/RedundantDataFeedManager.cs(121,9): error CA1848: For improved performance, use the LoggerMessage delegates instead of calling 'LoggerExtensions.LogInformation(ILogger, string?, params object?[])' (https://learn.microsoft.com/dotnet/fundamentals/code-analysis/quality-rules/ca1848) [/home/runner/work/trading-bot-c-/trading-bot-c-/src/BotCore/BotCore.csproj]
/home/runner/work/trading-bot-c-/trading-bot-c-/src/BotCore/Infra/MlPipelineHealthMonitor.cs(74,17): error CA1848: For improved performance, use the LoggerMessage delegates instead of calling 'LoggerExtensions.LogError(ILogger, Exception?, string?, params object?[])' (https://learn.microsoft.com/dotnet/fundamentals/code-analysis/quality-rules/ca1848) [/home/runner/work/trading-bot-c-/trading-bot-c-/src/BotCore/BotCore.csproj]
/home/runner/work/trading-bot-c-/trading-bot-c-/src/BotCore/Infra/MlPipelineHealthMonitor.cs(72,13): error CA1031: Modify 'CheckHealthAsync' to catch a more specific allowed exception type, or rethrow the exception (https://learn.microsoft.com/dotnet/fundamentals/code-analysis/quality-rules/ca1031) [/home/runner/work/trading-bot-c-/trading-bot-c-/src/BotCore/BotCore.csproj]
/home/runner/work/trading-bot-c-/trading-bot-c-/src/BotCore/Market/RedundantDataFeedManager.cs(129,9): error CA1848: For improved performance, use the LoggerMessage delegates instead of calling 'LoggerExtensions.LogInformation(ILogger, string?, params object?[])' (https://learn.microsoft.com/dotnet/fundamentals/code-analysis/quality-rules/ca1848) [/home/runner/work/trading-bot-c-/trading-bot-c-/src/BotCore/BotCore.csproj]
/home/runner/work/trading-bot-c-/trading-bot-c-/src/BotCore/Market/RedundantDataFeedManager.cs(158,21): error CA1848: For improved performance, use the LoggerMessage delegates instead of calling 'LoggerExtensions.LogInformation(ILogger, string?, params object?[])' (https://learn.microsoft.com/dotnet/fundamentals/code-analysis/quality-rules/ca1848) [/home/runner/work/trading-bot-c-/trading-bot-c-/src/BotCore/BotCore.csproj]
/home/runner/work/trading-bot-c-/trading-bot-c-/src/BotCore/Market/RedundantDataFeedManager.cs(163,17): error CA1848: For improved performance, use the LoggerMessage delegates instead of calling 'LoggerExtensions.LogError(ILogger, Exception?, string?, params object?[])' (https://learn.microsoft.com/dotnet/fundamentals/code-analysis/quality-rules/ca1848) [/home/runner/work/trading-bot-c-/trading-bot-c-/src/BotCore/BotCore.csproj]
/home/runner/work/trading-bot-c-/trading-bot-c-/src/BotCore/Market/RedundantDataFeedManager.cs(167,17): error CA1848: For improved performance, use the LoggerMessage delegates instead of calling 'LoggerExtensions.LogError(ILogger, Exception?, string?, params object?[])' (https://learn.microsoft.com/dotnet/fundamentals/code-analysis/quality-rules/ca1848) [/home/runner/work/trading-bot-c-/trading-bot-c-/src/BotCore/BotCore.csproj]
/home/runner/work/trading-bot-c-/trading-bot-c-/src/BotCore/Integrations/EnhancedStrategyIntegration.cs(103,17): error CA1848: For improved performance, use the LoggerMessage delegates instead of calling 'LoggerExtensions.LogDebug(ILogger, string?, params object?[])' (https://learn.microsoft.com/dotnet/fundamentals/code-analysis/quality-rules/ca1848) [/home/runner/work/trading-bot-c-/trading-bot-c-/src/BotCore/BotCore.csproj]
/home/runner/work/trading-bot-c-/trading-bot-c-/src/BotCore/Integrations/EnhancedStrategyIntegration.cs(108,17): error CA1848: For improved performance, use the LoggerMessage delegates instead of calling 'LoggerExtensions.LogError(ILogger, Exception?, string?, params object?[])' (https://learn.microsoft.com/dotnet/fundamentals/code-analysis/quality-rules/ca1848) [/home/runner/work/trading-bot-c-/trading-bot-c-/src/BotCore/BotCore.csproj]
/home/runner/work/trading-bot-c-/trading-bot-c-/src/BotCore/Integrations/EnhancedStrategyIntegration.cs(112,17): error CA1848: For improved performance, use the LoggerMessage delegates instead of calling 'LoggerExtensions.LogError(ILogger, Exception?, string?, params object?[])' (https://learn.microsoft.com/dotnet/fundamentals/code-analysis/quality-rules/ca1848) [/home/runner/work/trading-bot-c-/trading-bot-c-/src/BotCore/BotCore.csproj]
/home/runner/work/trading-bot-c-/trading-bot-c-/src/BotCore/Integrations/EnhancedStrategyIntegration.cs(116,17): error CA1848: For improved performance, use the LoggerMessage delegates instead of calling 'LoggerExtensions.LogError(ILogger, Exception?, string?, params object?[])' (https://learn.microsoft.com/dotnet/fundamentals/code-analysis/quality-rules/ca1848) [/home/runner/work/trading-bot-c-/trading-bot-c-/src/BotCore/BotCore.csproj]
/home/runner/work/trading-bot-c-/trading-bot-c-/src/BotCore/Extensions/ProductionGuardrailExtensions.cs(38,24): error S1541: The Cyclomatic Complexity of this method is 15 which is greater than 10 authorized. (https://rules.sonarsource.com/csharp/RSPEC-1541) [/home/runner/work/trading-bot-c-/trading-bot-c-/src/BotCore/BotCore.csproj]
/home/runner/work/trading-bot-c-/trading-bot-c-/src/BotCore/Market/RedundantDataFeedManager.cs(183,9): error CA1848: For improved performance, use the LoggerMessage delegates instead of calling 'LoggerExtensions.LogDebug(ILogger, string?, params object?[])' (https://learn.microsoft.com/dotnet/fundamentals/code-analysis/quality-rules/ca1848) [/home/runner/work/trading-bot-c-/trading-bot-c-/src/BotCore/BotCore.csproj]
/home/runner/work/trading-bot-c-/trading-bot-c-/src/BotCore/Extensions/ProductionGuardrailExtensions.cs(40,16): error CA1848: For improved performance, use the LoggerMessage delegates instead of calling 'LoggerExtensions.LogInformation(ILogger, string?, params object?[])' (https://learn.microsoft.com/dotnet/fundamentals/code-analysis/quality-rules/ca1848) [/home/runner/work/trading-bot-c-/trading-bot-c-/src/BotCore/BotCore.csproj]
/home/runner/work/trading-bot-c-/trading-bot-c-/src/BotCore/Extensions/ProductionGuardrailExtensions.cs(69,20): error CA1848: For improved performance, use the LoggerMessage delegates instead of calling 'LoggerExtensions.LogInformation(ILogger, string?, params object?[])' (https://learn.microsoft.com/dotnet/fundamentals/code-analysis/quality-rules/ca1848) [/home/runner/work/trading-bot-c-/trading-bot-c-/src/BotCore/BotCore.csproj]
/home/runner/work/trading-bot-c-/trading-bot-c-/src/BotCore/Extensions/ProductionGuardrailExtensions.cs(70,20): error CA1848: For improved performance, use the LoggerMessage delegates instead of calling 'LoggerExtensions.LogInformation(ILogger, string?, params object?[])' (https://learn.microsoft.com/dotnet/fundamentals/code-analysis/quality-rules/ca1848) [/home/runner/work/trading-bot-c-/trading-bot-c-/src/BotCore/BotCore.csproj]
/home/runner/work/trading-bot-c-/trading-bot-c-/src/BotCore/Extensions/ProductionGuardrailExtensions.cs(71,20): error CA1848: For improved performance, use the LoggerMessage delegates instead of calling 'LoggerExtensions.LogInformation(ILogger, string?, params object?[])' (https://learn.microsoft.com/dotnet/fundamentals/code-analysis/quality-rules/ca1848) [/home/runner/work/trading-bot-c-/trading-bot-c-/src/BotCore/BotCore.csproj]
/home/runner/work/trading-bot-c-/trading-bot-c-/src/BotCore/Extensions/ProductionGuardrailExtensions.cs(72,20): error CA1848: For improved performance, use the LoggerMessage delegates instead of calling 'LoggerExtensions.LogInformation(ILogger, string?, params object?[])' (https://learn.microsoft.com/dotnet/fundamentals/code-analysis/quality-rules/ca1848) [/home/runner/work/trading-bot-c-/trading-bot-c-/src/BotCore/BotCore.csproj]
/home/runner/work/trading-bot-c-/trading-bot-c-/src/BotCore/Extensions/ProductionGuardrailExtensions.cs(73,20): error CA1848: For improved performance, use the LoggerMessage delegates instead of calling 'LoggerExtensions.LogInformation(ILogger, string?, params object?[])' (https://learn.microsoft.com/dotnet/fundamentals/code-analysis/quality-rules/ca1848) [/home/runner/work/trading-bot-c-/trading-bot-c-/src/BotCore/BotCore.csproj]
/home/runner/work/trading-bot-c-/trading-bot-c-/src/BotCore/Extensions/ProductionGuardrailExtensions.cs(74,20): error CA1848: For improved performance, use the LoggerMessage delegates instead of calling 'LoggerExtensions.LogInformation(ILogger, string?, params object?[])' (https://learn.microsoft.com/dotnet/fundamentals/code-analysis/quality-rules/ca1848) [/home/runner/work/trading-bot-c-/trading-bot-c-/src/BotCore/BotCore.csproj]
/home/runner/work/trading-bot-c-/trading-bot-c-/src/BotCore/Extensions/ProductionGuardrailExtensions.cs(78,24): error CA1848: For improved performance, use the LoggerMessage delegates instead of calling 'LoggerExtensions.LogCritical(ILogger, string?, params object?[])' (https://learn.microsoft.com/dotnet/fundamentals/code-analysis/quality-rules/ca1848) [/home/runner/work/trading-bot-c-/trading-bot-c-/src/BotCore/BotCore.csproj]
/home/runner/work/trading-bot-c-/trading-bot-c-/src/BotCore/Extensions/ProductionGuardrailExtensions.cs(83,20): error CA1848: For improved performance, use the LoggerMessage delegates instead of calling 'LoggerExtensions.LogCritical(ILogger, Exception?, string?, params object?[])' (https://learn.microsoft.com/dotnet/fundamentals/code-analysis/quality-rules/ca1848) [/home/runner/work/trading-bot-c-/trading-bot-c-/src/BotCore/BotCore.csproj]
/home/runner/work/trading-bot-c-/trading-bot-c-/src/BotCore/Infra/MlPipelineHealthMonitor.cs(102,17): error CA1848: For improved performance, use the LoggerMessage delegates instead of calling 'LoggerExtensions.LogError(ILogger, string?, params object?[])' (https://learn.microsoft.com/dotnet/fundamentals/code-analysis/quality-rules/ca1848) [/home/runner/work/trading-bot-c-/trading-bot-c-/src/BotCore/BotCore.csproj]
/home/runner/work/trading-bot-c-/trading-bot-c-/src/BotCore/Infra/MlPipelineHealthMonitor.cs(111,17): error CA1848: For improved performance, use the LoggerMessage delegates instead of calling 'LoggerExtensions.LogWarning(ILogger, string?, params object?[])' (https://learn.microsoft.com/dotnet/fundamentals/code-analysis/quality-rules/ca1848) [/home/runner/work/trading-bot-c-/trading-bot-c-/src/BotCore/BotCore.csproj]
/home/runner/work/trading-bot-c-/trading-bot-c-/src/BotCore/Infra/MlPipelineHealthMonitor.cs(117,17): error CA1848: For improved performance, use the LoggerMessage delegates instead of calling 'LoggerExtensions.LogInformation(ILogger, string?, params object?[])' (https://learn.microsoft.com/dotnet/fundamentals/code-analysis/quality-rules/ca1848) [/home/runner/work/trading-bot-c-/trading-bot-c-/src/BotCore/BotCore.csproj]
/home/runner/work/trading-bot-c-/trading-bot-c-/src/BotCore/HealthChecks/ProductionHealthChecks.cs(773,17): error CA1848: For improved performance, use the LoggerMessage delegates instead of calling 'LoggerExtensions.LogInformation(ILogger, string?, params object?[])' (https://learn.microsoft.com/dotnet/fundamentals/code-analysis/quality-rules/ca1848) [/home/runner/work/trading-bot-c-/trading-bot-c-/src/BotCore/BotCore.csproj]
/home/runner/work/trading-bot-c-/trading-bot-c-/src/BotCore/HealthChecks/ProductionHealthChecks.cs(788,25): error CA1848: For improved performance, use the LoggerMessage delegates instead of calling 'LoggerExtensions.LogWarning(ILogger, string?, params object?[])' (https://learn.microsoft.com/dotnet/fundamentals/code-analysis/quality-rules/ca1848) [/home/runner/work/trading-bot-c-/trading-bot-c-/src/BotCore/BotCore.csproj]
/home/runner/work/trading-bot-c-/trading-bot-c-/src/BotCore/HealthChecks/ProductionHealthChecks.cs(802,17): error CA1848: For improved performance, use the LoggerMessage delegates instead of calling 'LoggerExtensions.LogError(ILogger, Exception?, string?, params object?[])' (https://learn.microsoft.com/dotnet/fundamentals/code-analysis/quality-rules/ca1848) [/home/runner/work/trading-bot-c-/trading-bot-c-/src/BotCore/BotCore.csproj]
/home/runner/work/trading-bot-c-/trading-bot-c-/src/BotCore/Integrations/EnhancedStrategyIntegration.cs(146,17): error CA1848: For improved performance, use the LoggerMessage delegates instead of calling 'LoggerExtensions.LogInformation(ILogger, string?, params object?[])' (https://learn.microsoft.com/dotnet/fundamentals/code-analysis/quality-rules/ca1848) [/home/runner/work/trading-bot-c-/trading-bot-c-/src/BotCore/BotCore.csproj]
/home/runner/work/trading-bot-c-/trading-bot-c-/src/BotCore/Integrations/EnhancedStrategyIntegration.cs(153,17): error CA1848: For improved performance, use the LoggerMessage delegates instead of calling 'LoggerExtensions.LogError(ILogger, Exception?, string?, params object?[])' (https://learn.microsoft.com/dotnet/fundamentals/code-analysis/quality-rules/ca1848) [/home/runner/work/trading-bot-c-/trading-bot-c-/src/BotCore/BotCore.csproj]
/home/runner/work/trading-bot-c-/trading-bot-c-/src/BotCore/Integrations/EnhancedStrategyIntegration.cs(158,17): error CA1848: For improved performance, use the LoggerMessage delegates instead of calling 'LoggerExtensions.LogError(ILogger, Exception?, string?, params object?[])' (https://learn.microsoft.com/dotnet/fundamentals/code-analysis/quality-rules/ca1848) [/home/runner/work/trading-bot-c-/trading-bot-c-/src/BotCore/BotCore.csproj]
/home/runner/work/trading-bot-c-/trading-bot-c-/src/BotCore/Integrations/EnhancedStrategyIntegration.cs(163,17): error CA1848: For improved performance, use the LoggerMessage delegates instead of calling 'LoggerExtensions.LogError(ILogger, Exception?, string?, params object?[])' (https://learn.microsoft.com/dotnet/fundamentals/code-analysis/quality-rules/ca1848) [/home/runner/work/trading-bot-c-/trading-bot-c-/src/BotCore/BotCore.csproj]
/home/runner/work/trading-bot-c-/trading-bot-c-/src/BotCore/HealthChecks/ProductionHealthChecks.cs(800,13): error CA1031: Modify 'ExecuteAsync' to catch a more specific allowed exception type, or rethrow the exception (https://learn.microsoft.com/dotnet/fundamentals/code-analysis/quality-rules/ca1031) [/home/runner/work/trading-bot-c-/trading-bot-c-/src/BotCore/BotCore.csproj]
/home/runner/work/trading-bot-c-/trading-bot-c-/src/BotCore/Fusion/RiskManagement.cs(55,25): error S1541: The Cyclomatic Complexity of this method is 11 which is greater than 10 authorized. (https://rules.sonarsource.com/csharp/RSPEC-1541) [/home/runner/work/trading-bot-c-/trading-bot-c-/src/BotCore/BotCore.csproj]
/home/runner/work/trading-bot-c-/trading-bot-c-/src/BotCore/Fusion/RiskManagement.cs(55,25): error S138: This method 'GetCurrentRiskAsync' has 87 lines, which is greater than the 80 lines authorized. Split it into smaller methods. (https://rules.sonarsource.com/csharp/RSPEC-138) [/home/runner/work/trading-bot-c-/trading-bot-c-/src/BotCore/BotCore.csproj]
/home/runner/work/trading-bot-c-/trading-bot-c-/src/BotCore/Integration/ZoneFeatureResolvers.cs(110,13): error CA1848: For improved performance, use the LoggerMessage delegates instead of calling 'LoggerExtensions.LogTrace(ILogger, string?, params object?[])' (https://learn.microsoft.com/dotnet/fundamentals/code-analysis/quality-rules/ca1848) [/home/runner/work/trading-bot-c-/trading-bot-c-/src/BotCore/BotCore.csproj]
/home/runner/work/trading-bot-c-/trading-bot-c-/src/BotCore/Integration/ZoneFeatureResolvers.cs(117,13): error CA1848: For improved performance, use the LoggerMessage delegates instead of calling 'LoggerExtensions.LogError(ILogger, Exception?, string?, params object?[])' (https://learn.microsoft.com/dotnet/fundamentals/code-analysis/quality-rules/ca1848) [/home/runner/work/trading-bot-c-/trading-bot-c-/src/BotCore/BotCore.csproj]
/home/runner/work/trading-bot-c-/trading-bot-c-/src/BotCore/Fusion/RiskManagement.cs(63,13): error CA1848: For improved performance, use the LoggerMessage delegates instead of calling 'LoggerExtensions.LogDebug(ILogger, string?, params object?[])' (https://learn.microsoft.com/dotnet/fundamentals/code-analysis/quality-rules/ca1848) [/home/runner/work/trading-bot-c-/trading-bot-c-/src/BotCore/BotCore.csproj]
/home/runner/work/trading-bot-c-/trading-bot-c-/src/BotCore/Fusion/RiskManagement.cs(81,29): error CA1848: For improved performance, use the LoggerMessage delegates instead of calling 'LoggerExtensions.LogError(ILogger, string?, params object?[])' (https://learn.microsoft.com/dotnet/fundamentals/code-analysis/quality-rules/ca1848) [/home/runner/work/trading-bot-c-/trading-bot-c-/src/BotCore/BotCore.csproj]
/home/runner/work/trading-bot-c-/trading-bot-c-/src/BotCore/Fusion/RiskManagement.cs(85,25): error CA1848: For improved performance, use the LoggerMessage delegates instead of calling 'LoggerExtensions.LogWarning(ILogger, string?, params object?[])' (https://learn.microsoft.com/dotnet/fundamentals/code-analysis/quality-rules/ca1848) [/home/runner/work/trading-bot-c-/trading-bot-c-/src/BotCore/BotCore.csproj]
/home/runner/work/trading-bot-c-/trading-bot-c-/src/BotCore/Fusion/RiskManagement.cs(93,25): error CA1848: For improved performance, use the LoggerMessage delegates instead of calling 'LoggerExtensions.LogError(ILogger, string?, params object?[])' (https://learn.microsoft.com/dotnet/fundamentals/code-analysis/quality-rules/ca1848) [/home/runner/work/trading-bot-c-/trading-bot-c-/src/BotCore/BotCore.csproj]
/home/runner/work/trading-bot-c-/trading-bot-c-/src/BotCore/Fusion/RiskManagement.cs(102,25): error CA1848: For improved performance, use the LoggerMessage delegates instead of calling 'LoggerExtensions.LogError(ILogger, string?, params object?[])' (https://learn.microsoft.com/dotnet/fundamentals/code-analysis/quality-rules/ca1848) [/home/runner/work/trading-bot-c-/trading-bot-c-/src/BotCore/BotCore.csproj]
/home/runner/work/trading-bot-c-/trading-bot-c-/src/BotCore/Fusion/RiskManagement.cs(113,25): error CA1848: For improved performance, use the LoggerMessage delegates instead of calling 'LoggerExtensions.LogError(ILogger, string?, params object?[])' (https://learn.microsoft.com/dotnet/fundamentals/code-analysis/quality-rules/ca1848) [/home/runner/work/trading-bot-c-/trading-bot-c-/src/BotCore/BotCore.csproj]
/home/runner/work/trading-bot-c-/trading-bot-c-/src/BotCore/Fusion/RiskManagement.cs(119,21): error CA1848: For improved performance, use the LoggerMessage delegates instead of calling 'LoggerExtensions.LogDebug(ILogger, string?, params object?[])' (https://learn.microsoft.com/dotnet/fundamentals/code-analysis/quality-rules/ca1848) [/home/runner/work/trading-bot-c-/trading-bot-c-/src/BotCore/BotCore.csproj]
/home/runner/work/trading-bot-c-/trading-bot-c-/src/BotCore/Fusion/RiskManagement.cs(125,21): error CA1848: For improved performance, use the LoggerMessage delegates instead of calling 'LoggerExtensions.LogError(ILogger, Exception?, string?, params object?[])' (https://learn.microsoft.com/dotnet/fundamentals/code-analysis/quality-rules/ca1848) [/home/runner/work/trading-bot-c-/trading-bot-c-/src/BotCore/BotCore.csproj]
/home/runner/work/trading-bot-c-/trading-bot-c-/src/BotCore/Fusion/RiskManagement.cs(131,21): error CA1848: For improved performance, use the LoggerMessage delegates instead of calling 'LoggerExtensions.LogError(ILogger, Exception?, string?, params object?[])' (https://learn.microsoft.com/dotnet/fundamentals/code-analysis/quality-rules/ca1848) [/home/runner/work/trading-bot-c-/trading-bot-c-/src/BotCore/BotCore.csproj]
/home/runner/work/trading-bot-c-/trading-bot-c-/src/BotCore/Fusion/RiskManagement.cs(138,13): error CA1848: For improved performance, use the LoggerMessage delegates instead of calling 'LoggerExtensions.LogError(ILogger, string?, params object?[])' (https://learn.microsoft.com/dotnet/fundamentals/code-analysis/quality-rules/ca1848) [/home/runner/work/trading-bot-c-/trading-bot-c-/src/BotCore/BotCore.csproj]
/home/runner/work/trading-bot-c-/trading-bot-c-/src/BotCore/Fusion/RiskManagement.cs(144,13): error CA1848: For improved performance, use the LoggerMessage delegates instead of calling 'LoggerExtensions.LogError(ILogger, Exception?, string?, params object?[])' (https://learn.microsoft.com/dotnet/fundamentals/code-analysis/quality-rules/ca1848) [/home/runner/work/trading-bot-c-/trading-bot-c-/src/BotCore/BotCore.csproj]
/home/runner/work/trading-bot-c-/trading-bot-c-/src/BotCore/Fusion/RiskManagement.cs(151,13): error CA1848: For improved performance, use the LoggerMessage delegates instead of calling 'LoggerExtensions.LogError(ILogger, Exception?, string?, params object?[])' (https://learn.microsoft.com/dotnet/fundamentals/code-analysis/quality-rules/ca1848) [/home/runner/work/trading-bot-c-/trading-bot-c-/src/BotCore/BotCore.csproj]
/home/runner/work/trading-bot-c-/trading-bot-c-/src/BotCore/Fusion/RiskManagement.cs(158,13): error CA1848: For improved performance, use the LoggerMessage delegates instead of calling 'LoggerExtensions.LogError(ILogger, Exception?, string?, params object?[])' (https://learn.microsoft.com/dotnet/fundamentals/code-analysis/quality-rules/ca1848) [/home/runner/work/trading-bot-c-/trading-bot-c-/src/BotCore/BotCore.csproj]
/home/runner/work/trading-bot-c-/trading-bot-c-/src/BotCore/Integrations/EnhancedStrategyIntegration.cs(168,107): error S1172: Remove this unused method parameter 'snapshot'. (https://rules.sonarsource.com/csharp/RSPEC-1172) [/home/runner/work/trading-bot-c-/trading-bot-c-/src/BotCore/BotCore.csproj]
/home/runner/work/trading-bot-c-/trading-bot-c-/src/BotCore/Market/RedundantDataFeedManager.cs(225,21): error CA1848: For improved performance, use the LoggerMessage delegates instead of calling 'LoggerExtensions.LogWarning(ILogger, string?, params object?[])' (https://learn.microsoft.com/dotnet/fundamentals/code-analysis/quality-rules/ca1848) [/home/runner/work/trading-bot-c-/trading-bot-c-/src/BotCore/BotCore.csproj]
/home/runner/work/trading-bot-c-/trading-bot-c-/src/BotCore/Market/RedundantDataFeedManager.cs(233,25): error CA1848: For improved performance, use the LoggerMessage delegates instead of calling 'LoggerExtensions.LogWarning(ILogger, string?, params object?[])' (https://learn.microsoft.com/dotnet/fundamentals/code-analysis/quality-rules/ca1848) [/home/runner/work/trading-bot-c-/trading-bot-c-/src/BotCore/BotCore.csproj]
/home/runner/work/trading-bot-c-/trading-bot-c-/src/BotCore/Market/RedundantDataFeedManager.cs(252,9): error CA1848: For improved performance, use the LoggerMessage delegates instead of calling 'LoggerExtensions.LogCritical(ILogger, string?, params object?[])' (https://learn.microsoft.com/dotnet/fundamentals/code-analysis/quality-rules/ca1848) [/home/runner/work/trading-bot-c-/trading-bot-c-/src/BotCore/BotCore.csproj]
/home/runner/work/trading-bot-c-/trading-bot-c-/src/BotCore/Infrastructure/HttpClientConfiguration.cs(98,17): error CA1848: For improved performance, use the LoggerMessage delegates instead of calling 'LoggerExtensions.LogInformation(ILogger, string?, params object?[])' (https://learn.microsoft.com/dotnet/fundamentals/code-analysis/quality-rules/ca1848) [/home/runner/work/trading-bot-c-/trading-bot-c-/src/BotCore/BotCore.csproj]
/home/runner/work/trading-bot-c-/trading-bot-c-/src/BotCore/Infrastructure/HttpClientConfiguration.cs(105,21): error CA1848: For improved performance, use the LoggerMessage delegates instead of calling 'LoggerExtensions.LogError(ILogger, string?, params object?[])' (https://learn.microsoft.com/dotnet/fundamentals/code-analysis/quality-rules/ca1848) [/home/runner/work/trading-bot-c-/trading-bot-c-/src/BotCore/BotCore.csproj]
/home/runner/work/trading-bot-c-/trading-bot-c-/src/BotCore/Infrastructure/HttpClientConfiguration.cs(132,25): error CA1848: For improved performance, use the LoggerMessage delegates instead of calling 'LoggerExtensions.LogInformation(ILogger, string?, params object?[])' (https://learn.microsoft.com/dotnet/fundamentals/code-analysis/quality-rules/ca1848) [/home/runner/work/trading-bot-c-/trading-bot-c-/src/BotCore/BotCore.csproj]
/home/runner/work/trading-bot-c-/trading-bot-c-/src/BotCore/Infrastructure/HttpClientConfiguration.cs(136,25): error CA1848: For improved performance, use the LoggerMessage delegates instead of calling 'LoggerExtensions.LogError(ILogger, string?, params object?[])' (https://learn.microsoft.com/dotnet/fundamentals/code-analysis/quality-rules/ca1848) [/home/runner/work/trading-bot-c-/trading-bot-c-/src/BotCore/BotCore.csproj]
/home/runner/work/trading-bot-c-/trading-bot-c-/src/BotCore/Infrastructure/HttpClientConfiguration.cs(143,21): error CA1848: For improved performance, use the LoggerMessage delegates instead of calling 'LoggerExtensions.LogError(ILogger, string?, params object?[])' (https://learn.microsoft.com/dotnet/fundamentals/code-analysis/quality-rules/ca1848) [/home/runner/work/trading-bot-c-/trading-bot-c-/src/BotCore/BotCore.csproj]
/home/runner/work/trading-bot-c-/trading-bot-c-/src/BotCore/Infrastructure/HttpClientConfiguration.cs(158,13): error CA1848: For improved performance, use the LoggerMessage delegates instead of calling 'LoggerExtensions.LogInformation(ILogger, string?, params object?[])' (https://learn.microsoft.com/dotnet/fundamentals/code-analysis/quality-rules/ca1848) [/home/runner/work/trading-bot-c-/trading-bot-c-/src/BotCore/BotCore.csproj]
/home/runner/work/trading-bot-c-/trading-bot-c-/src/BotCore/Infrastructure/HttpClientConfiguration.cs(57,18): error CA1001: Type 'TopstepXTokenHandler' owns disposable field(s) '_refreshSemaphore' but is not disposable (https://learn.microsoft.com/dotnet/fundamentals/code-analysis/quality-rules/ca1001) [/home/runner/work/trading-bot-c-/trading-bot-c-/src/BotCore/BotCore.csproj]
/home/runner/work/trading-bot-c-/trading-bot-c-/src/BotCore/Integration/ZoneFeatureResolvers.cs(43,13): error CA1848: For improved performance, use the LoggerMessage delegates instead of calling 'LoggerExtensions.LogTrace(ILogger, string?, params object?[])' (https://learn.microsoft.com/dotnet/fundamentals/code-analysis/quality-rules/ca1848) [/home/runner/work/trading-bot-c-/trading-bot-c-/src/BotCore/BotCore.csproj]
/home/runner/work/trading-bot-c-/trading-bot-c-/src/BotCore/Integration/ZoneFeatureResolvers.cs(48,13): error CA1848: For improved performance, use the LoggerMessage delegates instead of calling 'LoggerExtensions.LogError(ILogger, Exception?, string?, params object?[])' (https://learn.microsoft.com/dotnet/fundamentals/code-analysis/quality-rules/ca1848) [/home/runner/work/trading-bot-c-/trading-bot-c-/src/BotCore/BotCore.csproj]
/home/runner/work/trading-bot-c-/trading-bot-c-/src/BotCore/Execution/S7OrderTypeSelector.cs(68,17): error CA1848: For improved performance, use the LoggerMessage delegates instead of calling 'LoggerExtensions.LogInformation(ILogger, string?, params object?[])' (https://learn.microsoft.com/dotnet/fundamentals/code-analysis/quality-rules/ca1848) [/home/runner/work/trading-bot-c-/trading-bot-c-/src/BotCore/BotCore.csproj]
/home/runner/work/trading-bot-c-/trading-bot-c-/src/BotCore/Execution/S7OrderTypeSelector.cs(76,17): error CA1848: For improved performance, use the LoggerMessage delegates instead of calling 'LoggerExtensions.LogError(ILogger, Exception?, string?, params object?[])' (https://learn.microsoft.com/dotnet/fundamentals/code-analysis/quality-rules/ca1848) [/home/runner/work/trading-bot-c-/trading-bot-c-/src/BotCore/BotCore.csproj]
/home/runner/work/trading-bot-c-/trading-bot-c-/src/BotCore/Market/RedundantDataFeedManager.cs(273,13): error CA1848: For improved performance, use the LoggerMessage delegates instead of calling 'LoggerExtensions.LogError(ILogger, Exception?, string?, params object?[])' (https://learn.microsoft.com/dotnet/fundamentals/code-analysis/quality-rules/ca1848) [/home/runner/work/trading-bot-c-/trading-bot-c-/src/BotCore/BotCore.csproj]
/home/runner/work/trading-bot-c-/trading-bot-c-/src/BotCore/Features/OfiProxyResolver.cs(41,27): error S1541: The Cyclomatic Complexity of this method is 19 which is greater than 10 authorized. (https://rules.sonarsource.com/csharp/RSPEC-1541) [/home/runner/work/trading-bot-c-/trading-bot-c-/src/BotCore/BotCore.csproj]
/home/runner/work/trading-bot-c-/trading-bot-c-/src/BotCore/Features/OfiProxyResolver.cs(45,17): error CA1848: For improved performance, use the LoggerMessage delegates instead of calling 'LoggerExtensions.LogError(ILogger, string?, params object?[])' (https://learn.microsoft.com/dotnet/fundamentals/code-analysis/quality-rules/ca1848) [/home/runner/work/trading-bot-c-/trading-bot-c-/src/BotCore/BotCore.csproj]
/home/runner/work/trading-bot-c-/trading-bot-c-/src/BotCore/Features/OfiProxyResolver.cs(51,17): error CA1848: For improved performance, use the LoggerMessage delegates instead of calling 'LoggerExtensions.LogError(ILogger, string?, params object?[])' (https://learn.microsoft.com/dotnet/fundamentals/code-analysis/quality-rules/ca1848) [/home/runner/work/trading-bot-c-/trading-bot-c-/src/BotCore/BotCore.csproj]
/home/runner/work/trading-bot-c-/trading-bot-c-/src/BotCore/Features/OfiProxyResolver.cs(73,21): error CA1848: For improved performance, use the LoggerMessage delegates instead of calling 'LoggerExtensions.LogError(ILogger, string?, params object?[])' (https://learn.microsoft.com/dotnet/fundamentals/code-analysis/quality-rules/ca1848) [/home/runner/work/trading-bot-c-/trading-bot-c-/src/BotCore/BotCore.csproj]
/home/runner/work/trading-bot-c-/trading-bot-c-/src/BotCore/Features/OfiProxyResolver.cs(90,21): error CA1848: For improved performance, use the LoggerMessage delegates instead of calling 'LoggerExtensions.LogWarning(ILogger, string?, params object?[])' (https://learn.microsoft.com/dotnet/fundamentals/code-analysis/quality-rules/ca1848) [/home/runner/work/trading-bot-c-/trading-bot-c-/src/BotCore/BotCore.csproj]
/home/runner/work/trading-bot-c-/trading-bot-c-/src/BotCore/Features/OfiProxyResolver.cs(124,21): error CA1848: For improved performance, use the LoggerMessage delegates instead of calling 'LoggerExtensions.LogTrace(ILogger, string?, params object?[])' (https://learn.microsoft.com/dotnet/fundamentals/code-analysis/quality-rules/ca1848) [/home/runner/work/trading-bot-c-/trading-bot-c-/src/BotCore/BotCore.csproj]
/home/runner/work/trading-bot-c-/trading-bot-c-/src/BotCore/Features/OfiProxyResolver.cs(129,21): error CA1848: For improved performance, use the LoggerMessage delegates instead of calling 'LoggerExtensions.LogTrace(ILogger, string?, params object?[])' (https://learn.microsoft.com/dotnet/fundamentals/code-analysis/quality-rules/ca1848) [/home/runner/work/trading-bot-c-/trading-bot-c-/src/BotCore/BotCore.csproj]
/home/runner/work/trading-bot-c-/trading-bot-c-/src/BotCore/Features/OfiProxyResolver.cs(135,17): error CA1848: For improved performance, use the LoggerMessage delegates instead of calling 'LoggerExtensions.LogError(ILogger, Exception?, string?, params object?[])' (https://learn.microsoft.com/dotnet/fundamentals/code-analysis/quality-rules/ca1848) [/home/runner/work/trading-bot-c-/trading-bot-c-/src/BotCore/BotCore.csproj]
/home/runner/work/trading-bot-c-/trading-bot-c-/src/BotCore/Fusion/RiskManagement.cs(206,13): error CA1848: For improved performance, use the LoggerMessage delegates instead of calling 'LoggerExtensions.LogDebug(ILogger, string?, params object?[])' (https://learn.microsoft.com/dotnet/fundamentals/code-analysis/quality-rules/ca1848) [/home/runner/work/trading-bot-c-/trading-bot-c-/src/BotCore/BotCore.csproj]
/home/runner/work/trading-bot-c-/trading-bot-c-/src/BotCore/Fusion/RiskManagement.cs(212,17): error CA1848: For improved performance, use the LoggerMessage delegates instead of calling 'LoggerExtensions.LogError(ILogger, string?, params object?[])' (https://learn.microsoft.com/dotnet/fundamentals/code-analysis/quality-rules/ca1848) [/home/runner/work/trading-bot-c-/trading-bot-c-/src/BotCore/BotCore.csproj]
/home/runner/work/trading-bot-c-/trading-bot-c-/src/BotCore/Fusion/RiskManagement.cs(220,17): error CA1848: For improved performance, use the LoggerMessage delegates instead of calling 'LoggerExtensions.LogError(ILogger, string?, params object?[])' (https://learn.microsoft.com/dotnet/fundamentals/code-analysis/quality-rules/ca1848) [/home/runner/work/trading-bot-c-/trading-bot-c-/src/BotCore/BotCore.csproj]
/home/runner/work/trading-bot-c-/trading-bot-c-/src/BotCore/Fusion/RiskManagement.cs(230,17): error CA1848: For improved performance, use the LoggerMessage delegates instead of calling 'LoggerExtensions.LogError(ILogger, string?, params object?[])' (https://learn.microsoft.com/dotnet/fundamentals/code-analysis/quality-rules/ca1848) [/home/runner/work/trading-bot-c-/trading-bot-c-/src/BotCore/BotCore.csproj]
/home/runner/work/trading-bot-c-/trading-bot-c-/src/BotCore/Fusion/RiskManagement.cs(235,13): error CA1848: For improved performance, use the LoggerMessage delegates instead of calling 'LoggerExtensions.LogDebug(ILogger, string?, params object?[])' (https://learn.microsoft.com/dotnet/fundamentals/code-analysis/quality-rules/ca1848) [/home/runner/work/trading-bot-c-/trading-bot-c-/src/BotCore/BotCore.csproj]
/home/runner/work/trading-bot-c-/trading-bot-c-/src/BotCore/Fusion/RiskManagement.cs(241,13): error CA1848: For improved performance, use the LoggerMessage delegates instead of calling 'LoggerExtensions.LogError(ILogger, Exception?, string?, params object?[])' (https://learn.microsoft.com/dotnet/fundamentals/code-analysis/quality-rules/ca1848) [/home/runner/work/trading-bot-c-/trading-bot-c-/src/BotCore/BotCore.csproj]
/home/runner/work/trading-bot-c-/trading-bot-c-/src/BotCore/Integrations/EnhancedStrategyIntegration.cs(208,71): error S1172: Remove this unused method parameter 'exitPrice'. (https://rules.sonarsource.com/csharp/RSPEC-1172) [/home/runner/work/trading-bot-c-/trading-bot-c-/src/BotCore/BotCore.csproj]
/home/runner/work/trading-bot-c-/trading-bot-c-/src/BotCore/Execution/S7OrderTypeSelector.cs(116,21): error CA1848: For improved performance, use the LoggerMessage delegates instead of calling 'LoggerExtensions.LogWarning(ILogger, string?, params object?[])' (https://learn.microsoft.com/dotnet/fundamentals/code-analysis/quality-rules/ca1848) [/home/runner/work/trading-bot-c-/trading-bot-c-/src/BotCore/BotCore.csproj]
/home/runner/work/trading-bot-c-/trading-bot-c-/src/BotCore/Infra/MlPipelineHealthMonitor.cs(156,13): error CA1031: Modify 'CheckDataCollection' to catch a more specific allowed exception type, or rethrow the exception (https://learn.microsoft.com/dotnet/fundamentals/code-analysis/quality-rules/ca1031) [/home/runner/work/trading-bot-c-/trading-bot-c-/src/BotCore/BotCore.csproj]
/home/runner/work/trading-bot-c-/trading-bot-c-/src/BotCore/Market/RedundantDataFeedManager.cs(300,13): error CA1848: For improved performance, use the LoggerMessage delegates instead of calling 'LoggerExtensions.LogError(ILogger, Exception?, string?, params object?[])' (https://learn.microsoft.com/dotnet/fundamentals/code-analysis/quality-rules/ca1848) [/home/runner/work/trading-bot-c-/trading-bot-c-/src/BotCore/BotCore.csproj]
/home/runner/work/trading-bot-c-/trading-bot-c-/src/BotCore/Market/RedundantDataFeedManager.cs(304,13): error CA1848: For improved performance, use the LoggerMessage delegates instead of calling 'LoggerExtensions.LogError(ILogger, Exception?, string?, params object?[])' (https://learn.microsoft.com/dotnet/fundamentals/code-analysis/quality-rules/ca1848) [/home/runner/work/trading-bot-c-/trading-bot-c-/src/BotCore/BotCore.csproj]
/home/runner/work/trading-bot-c-/trading-bot-c-/src/BotCore/Execution/S7OrderTypeSelector.cs(128,17): error S1066: Merge this if statement with the enclosing one. (https://rules.sonarsource.com/csharp/RSPEC-1066) [/home/runner/work/trading-bot-c-/trading-bot-c-/src/BotCore/BotCore.csproj]
/home/runner/work/trading-bot-c-/trading-bot-c-/src/BotCore/HealthChecks/ProductionHealthChecks.cs(680,36): error S1541: The Cyclomatic Complexity of this method is 12 which is greater than 10 authorized. (https://rules.sonarsource.com/csharp/RSPEC-1541) [/home/runner/work/trading-bot-c-/trading-bot-c-/src/BotCore/BotCore.csproj]
/home/runner/work/trading-bot-c-/trading-bot-c-/src/BotCore/Configuration/ProductionEnhancementConfiguration.cs(309,20): error SCS0005: Weak random number generator. (https://security-code-scan.github.io/#SCS0005) [/home/runner/work/trading-bot-c-/trading-bot-c-/src/BotCore/BotCore.csproj]
/home/runner/work/trading-bot-c-/trading-bot-c-/src/BotCore/Configuration/ProductionEnhancementConfiguration.cs(309,20): error CA5394: Random is an insecure random number generator. Use cryptographically secure random number generators when randomness is required for security. (https://learn.microsoft.com/dotnet/fundamentals/code-analysis/quality-rules/ca5394) [/home/runner/work/trading-bot-c-/trading-bot-c-/src/BotCore/BotCore.csproj]
/home/runner/work/trading-bot-c-/trading-bot-c-/src/BotCore/HealthChecks/ProductionHealthChecks.cs(729,13): error CA1848: For improved performance, use the LoggerMessage delegates instead of calling 'LoggerExtensions.LogWarning(ILogger, Exception?, string?, params object?[])' (https://learn.microsoft.com/dotnet/fundamentals/code-analysis/quality-rules/ca1848) [/home/runner/work/trading-bot-c-/trading-bot-c-/src/BotCore/BotCore.csproj]
/home/runner/work/trading-bot-c-/trading-bot-c-/src/BotCore/Infra/MlPipelineHealthMonitor.cs(174,32): error S6561: Avoid using "DateTime.Now" for benchmarking or timespan calculation operations. (https://rules.sonarsource.com/csharp/RSPEC-6561) [/home/runner/work/trading-bot-c-/trading-bot-c-/src/BotCore/BotCore.csproj]
/home/runner/work/trading-bot-c-/trading-bot-c-/src/BotCore/HealthChecks/ProductionHealthChecks.cs(727,9): error CA1031: Modify 'CheckHealthAsync' to catch a more specific allowed exception type, or rethrow the exception (https://learn.microsoft.com/dotnet/fundamentals/code-analysis/quality-rules/ca1031) [/home/runner/work/trading-bot-c-/trading-bot-c-/src/BotCore/BotCore.csproj]
/home/runner/work/trading-bot-c-/trading-bot-c-/src/BotCore/Infra/MlPipelineHealthMonitor.cs(189,13): error CA1031: Modify 'CheckModelFreshness' to catch a more specific allowed exception type, or rethrow the exception (https://learn.microsoft.com/dotnet/fundamentals/code-analysis/quality-rules/ca1031) [/home/runner/work/trading-bot-c-/trading-bot-c-/src/BotCore/BotCore.csproj]
/home/runner/work/trading-bot-c-/trading-bot-c-/src/BotCore/Fusion/MLConfiguration.cs(345,17): error CA1848: For improved performance, use the LoggerMessage delegates instead of calling 'LoggerExtensions.LogDebug(ILogger, string?, params object?[])' (https://learn.microsoft.com/dotnet/fundamentals/code-analysis/quality-rules/ca1848) [/home/runner/work/trading-bot-c-/trading-bot-c-/src/BotCore/BotCore.csproj]
/home/runner/work/trading-bot-c-/trading-bot-c-/src/BotCore/Fusion/MLConfiguration.cs(350,21): error CA1848: For improved performance, use the LoggerMessage delegates instead of calling 'LoggerExtensions.LogError(ILogger, string?, params object?[])' (https://learn.microsoft.com/dotnet/fundamentals/code-analysis/quality-rules/ca1848) [/home/runner/work/trading-bot-c-/trading-bot-c-/src/BotCore/BotCore.csproj]
/home/runner/work/trading-bot-c-/trading-bot-c-/src/BotCore/Fusion/MLConfiguration.cs(355,17): error CA1848: For improved performance, use the LoggerMessage delegates instead of calling 'LoggerExtensions.LogError(ILogger, string?, params object?[])' (https://learn.microsoft.com/dotnet/fundamentals/code-analysis/quality-rules/ca1848) [/home/runner/work/trading-bot-c-/trading-bot-c-/src/BotCore/BotCore.csproj]
/home/runner/work/trading-bot-c-/trading-bot-c-/src/BotCore/Fusion/MLConfiguration.cs(369,17): error CA1848: For improved performance, use the LoggerMessage delegates instead of calling 'LoggerExtensions.LogWarning(ILogger, string?, params object?[])' (https://learn.microsoft.com/dotnet/fundamentals/code-analysis/quality-rules/ca1848) [/home/runner/work/trading-bot-c-/trading-bot-c-/src/BotCore/BotCore.csproj]
/home/runner/work/trading-bot-c-/trading-bot-c-/src/BotCore/Fusion/MLConfiguration.cs(377,13): error CA1848: For improved performance, use the LoggerMessage delegates instead of calling 'LoggerExtensions.LogError(ILogger, Exception?, string?, params object?[])' (https://learn.microsoft.com/dotnet/fundamentals/code-analysis/quality-rules/ca1848) [/home/runner/work/trading-bot-c-/trading-bot-c-/src/BotCore/BotCore.csproj]
/home/runner/work/trading-bot-c-/trading-bot-c-/src/BotCore/Execution/S7OrderTypeSelector.cs(154,71): error S1172: Remove this unused method parameter 'microstructure'. (https://rules.sonarsource.com/csharp/RSPEC-1172) [/home/runner/work/trading-bot-c-/trading-bot-c-/src/BotCore/BotCore.csproj]
/home/runner/work/trading-bot-c-/trading-bot-c-/src/BotCore/Fusion/MLConfiguration.cs(375,9): error CA1031: Modify 'PredictSizeAsync' to catch a more specific allowed exception type, or rethrow the exception (https://learn.microsoft.com/dotnet/fundamentals/code-analysis/quality-rules/ca1031) [/home/runner/work/trading-bot-c-/trading-bot-c-/src/BotCore/BotCore.csproj]
/home/runner/work/trading-bot-c-/trading-bot-c-/src/BotCore/Fusion/MLConfiguration.cs(387,59): error S1172: Remove this unused method parameter 'rlSystem'. (https://rules.sonarsource.com/csharp/RSPEC-1172) [/home/runner/work/trading-bot-c-/trading-bot-c-/src/BotCore/BotCore.csproj]
/home/runner/work/trading-bot-c-/trading-bot-c-/src/BotCore/CloudRlTrainerEnhanced.cs(60,13): error CA1848: For improved performance, use the LoggerMessage delegates instead of calling 'LoggerExtensions.LogInformation(ILogger, string?, params object?[])' (https://learn.microsoft.com/dotnet/fundamentals/code-analysis/quality-rules/ca1848) [/home/runner/work/trading-bot-c-/trading-bot-c-/src/BotCore/BotCore.csproj]
/home/runner/work/trading-bot-c-/trading-bot-c-/src/BotCore/Execution/S7OrderTypeSelector.cs(178,47): error S1172: Remove this unused method parameter 'intent'. (https://rules.sonarsource.com/csharp/RSPEC-1172) [/home/runner/work/trading-bot-c-/trading-bot-c-/src/BotCore/BotCore.csproj]
/home/runner/work/trading-bot-c-/trading-bot-c-/src/BotCore/CloudRlTrainer.cs(44,13): error CA1848: For improved performance, use the LoggerMessage delegates instead of calling 'LoggerExtensions.LogInformation(ILogger, string?, params object?[])' (https://learn.microsoft.com/dotnet/fundamentals/code-analysis/quality-rules/ca1848) [/home/runner/work/trading-bot-c-/trading-bot-c-/src/BotCore/BotCore.csproj]
/home/runner/work/trading-bot-c-/trading-bot-c-/src/BotCore/HealthChecks/ProductionHealthChecks.cs(662,13): error CA1848: For improved performance, use the LoggerMessage delegates instead of calling 'LoggerExtensions.LogWarning(ILogger, Exception?, string?, params object?[])' (https://learn.microsoft.com/dotnet/fundamentals/code-analysis/quality-rules/ca1848) [/home/runner/work/trading-bot-c-/trading-bot-c-/src/BotCore/BotCore.csproj]
/home/runner/work/trading-bot-c-/trading-bot-c-/src/BotCore/Infra/MlPipelineHealthMonitor.cs(207,45): error S6561: Avoid using "DateTime.Now" for benchmarking or timespan calculation operations. (https://rules.sonarsource.com/csharp/RSPEC-6561) [/home/runner/work/trading-bot-c-/trading-bot-c-/src/BotCore/BotCore.csproj]
/home/runner/work/trading-bot-c-/trading-bot-c-/src/BotCore/Features/OfiProxyResolver.cs(145,17): error CA1848: For improved performance, use the LoggerMessage delegates instead of calling 'LoggerExtensions.LogError(ILogger, string?, params object?[])' (https://learn.microsoft.com/dotnet/fundamentals/code-analysis/quality-rules/ca1848) [/home/runner/work/trading-bot-c-/trading-bot-c-/src/BotCore/BotCore.csproj]
/home/runner/work/trading-bot-c-/trading-bot-c-/src/BotCore/Features/OfiProxyResolver.cs(153,17): error CA1848: For improved performance, use the LoggerMessage delegates instead of calling 'LoggerExtensions.LogWarning(ILogger, string?, params object?[])' (https://learn.microsoft.com/dotnet/fundamentals/code-analysis/quality-rules/ca1848) [/home/runner/work/trading-bot-c-/trading-bot-c-/src/BotCore/BotCore.csproj]
/home/runner/work/trading-bot-c-/trading-bot-c-/src/BotCore/Features/OfiProxyResolver.cs(159,17): error CA1848: For improved performance, use the LoggerMessage delegates instead of calling 'LoggerExtensions.LogWarning(ILogger, string?, params object?[])' (https://learn.microsoft.com/dotnet/fundamentals/code-analysis/quality-rules/ca1848) [/home/runner/work/trading-bot-c-/trading-bot-c-/src/BotCore/BotCore.csproj]
/home/runner/work/trading-bot-c-/trading-bot-c-/src/BotCore/HealthChecks/ProductionHealthChecks.cs(660,9): error CA1031: Modify 'CheckHealthAsync' to catch a more specific allowed exception type, or rethrow the exception (https://learn.microsoft.com/dotnet/fundamentals/code-analysis/quality-rules/ca1031) [/home/runner/work/trading-bot-c-/trading-bot-c-/src/BotCore/BotCore.csproj]
/home/runner/work/trading-bot-c-/trading-bot-c-/src/BotCore/Infra/MlPipelineHealthMonitor.cs(224,13): error CA1031: Modify 'CheckTrainingActivity' to catch a more specific allowed exception type, or rethrow the exception (https://learn.microsoft.com/dotnet/fundamentals/code-analysis/quality-rules/ca1031) [/home/runner/work/trading-bot-c-/trading-bot-c-/src/BotCore/BotCore.csproj]
/home/runner/work/trading-bot-c-/trading-bot-c-/src/BotCore/Integration/YamlSchemaValidator.cs(48,18): error S1541: The Cyclomatic Complexity of this method is 14 which is greater than 10 authorized. (https://rules.sonarsource.com/csharp/RSPEC-1541) [/home/runner/work/trading-bot-c-/trading-bot-c-/src/BotCore/BotCore.csproj]
/home/runner/work/trading-bot-c-/trading-bot-c-/src/BotCore/Infra/MlPipelineHealthMonitor.cs(246,13): error CA1031: Modify 'CheckGitHubPipelineAsync' to catch a more specific allowed exception type, or rethrow the exception (https://learn.microsoft.com/dotnet/fundamentals/code-analysis/quality-rules/ca1031) [/home/runner/work/trading-bot-c-/trading-bot-c-/src/BotCore/BotCore.csproj]
/home/runner/work/trading-bot-c-/trading-bot-c-/src/BotCore/Integration/YamlSchemaValidator.cs(98,9): error CA1848: For improved performance, use the LoggerMessage delegates instead of calling 'LoggerExtensions.LogInformation(ILogger, string?, params object?[])' (https://learn.microsoft.com/dotnet/fundamentals/code-analysis/quality-rules/ca1848) [/home/runner/work/trading-bot-c-/trading-bot-c-/src/BotCore/BotCore.csproj]
/home/runner/work/trading-bot-c-/trading-bot-c-/src/BotCore/Configuration/ProductionConfigurationValidation.cs(687,9): error CA1848: For improved performance, use the LoggerMessage delegates instead of calling 'LoggerExtensions.LogInformation(ILogger, string?, params object?[])' (https://learn.microsoft.com/dotnet/fundamentals/code-analysis/quality-rules/ca1848) [/home/runner/work/trading-bot-c-/trading-bot-c-/src/BotCore/BotCore.csproj]
/home/runner/work/trading-bot-c-/trading-bot-c-/src/BotCore/Configuration/ProductionConfigurationValidation.cs(699,13): error CA1848: For improved performance, use the LoggerMessage delegates instead of calling 'LoggerExtensions.LogInformation(ILogger, string?, params object?[])' (https://learn.microsoft.com/dotnet/fundamentals/code-analysis/quality-rules/ca1848) [/home/runner/work/trading-bot-c-/trading-bot-c-/src/BotCore/BotCore.csproj]
/home/runner/work/trading-bot-c-/trading-bot-c-/src/BotCore/Configuration/ProductionConfigurationValidation.cs(704,13): error CA1848: For improved performance, use the LoggerMessage delegates instead of calling 'LoggerExtensions.LogCritical(ILogger, Exception?, string?, params object?[])' (https://learn.microsoft.com/dotnet/fundamentals/code-analysis/quality-rules/ca1848) [/home/runner/work/trading-bot-c-/trading-bot-c-/src/BotCore/BotCore.csproj]
/home/runner/work/trading-bot-c-/trading-bot-c-/src/BotCore/Infra/MlPipelineHealthMonitor.cs(268,17): error CA1848: For improved performance, use the LoggerMessage delegates instead of calling 'LoggerExtensions.LogDebug(ILogger, string?, params object?[])' (https://learn.microsoft.com/dotnet/fundamentals/code-analysis/quality-rules/ca1848) [/home/runner/work/trading-bot-c-/trading-bot-c-/src/BotCore/BotCore.csproj]
/home/runner/work/trading-bot-c-/trading-bot-c-/src/BotCore/Fusion/MLConfiguration.cs(394,20): error S1541: The Cyclomatic Complexity of this method is 11 which is greater than 10 authorized. (https://rules.sonarsource.com/csharp/RSPEC-1541) [/home/runner/work/trading-bot-c-/trading-bot-c-/src/BotCore/BotCore.csproj]
/home/runner/work/trading-bot-c-/trading-bot-c-/src/BotCore/Infra/MlPipelineHealthMonitor.cs(270,13): error CA1031: Modify 'CheckGitHubActionsStatus' to catch a more specific allowed exception type, or rethrow the exception (https://learn.microsoft.com/dotnet/fundamentals/code-analysis/quality-rules/ca1031) [/home/runner/work/trading-bot-c-/trading-bot-c-/src/BotCore/BotCore.csproj]
/home/runner/work/trading-bot-c-/trading-bot-c-/src/BotCore/Configuration/ProductionConfigurationValidation.cs(722,43): error S2139: Either log this exception and handle it, or rethrow it with some contextual information. (https://rules.sonarsource.com/csharp/RSPEC-2139) [/home/runner/work/trading-bot-c-/trading-bot-c-/src/BotCore/BotCore.csproj]
/home/runner/work/trading-bot-c-/trading-bot-c-/src/BotCore/Fusion/MLConfiguration.cs(408,17): error CA1848: For improved performance, use the LoggerMessage delegates instead of calling 'LoggerExtensions.LogError(ILogger, string?, params object?[])' (https://learn.microsoft.com/dotnet/fundamentals/code-analysis/quality-rules/ca1848) [/home/runner/work/trading-bot-c-/trading-bot-c-/src/BotCore/BotCore.csproj]
/home/runner/work/trading-bot-c-/trading-bot-c-/src/BotCore/Configuration/ProductionConfigurationValidation.cs(720,13): error CA1848: For improved performance, use the LoggerMessage delegates instead of calling 'LoggerExtensions.LogInformation(ILogger, string?, params object?[])' (https://learn.microsoft.com/dotnet/fundamentals/code-analysis/quality-rules/ca1848) [/home/runner/work/trading-bot-c-/trading-bot-c-/src/BotCore/BotCore.csproj]
/home/runner/work/trading-bot-c-/trading-bot-c-/src/BotCore/Configuration/ProductionConfigurationValidation.cs(724,13): error CA1848: For improved performance, use the LoggerMessage delegates instead of calling 'LoggerExtensions.LogError(ILogger, Exception?, string?, params object?[])' (https://learn.microsoft.com/dotnet/fundamentals/code-analysis/quality-rules/ca1848) [/home/runner/work/trading-bot-c-/trading-bot-c-/src/BotCore/BotCore.csproj]
/home/runner/work/trading-bot-c-/trading-bot-c-/src/BotCore/CloudRlTrainerEnhanced.cs(67,17): error CA1848: For improved performance, use the LoggerMessage delegates instead of calling 'LoggerExtensions.LogDebug(ILogger, string?, params object?[])' (https://learn.microsoft.com/dotnet/fundamentals/code-analysis/quality-rules/ca1848) [/home/runner/work/trading-bot-c-/trading-bot-c-/src/BotCore/BotCore.csproj]
/home/runner/work/trading-bot-c-/trading-bot-c-/src/BotCore/CloudRlTrainerEnhanced.cs(84,21): error CA1848: For improved performance, use the LoggerMessage delegates instead of calling 'LoggerExtensions.LogDebug(ILogger, string?, params object?[])' (https://learn.microsoft.com/dotnet/fundamentals/code-analysis/quality-rules/ca1848) [/home/runner/work/trading-bot-c-/trading-bot-c-/src/BotCore/BotCore.csproj]
/home/runner/work/trading-bot-c-/trading-bot-c-/src/BotCore/CloudRlTrainerEnhanced.cs(88,17): error CA1848: For improved performance, use the LoggerMessage delegates instead of calling 'LoggerExtensions.LogInformation(ILogger, string?, params object?[])' (https://learn.microsoft.com/dotnet/fundamentals/code-analysis/quality-rules/ca1848) [/home/runner/work/trading-bot-c-/trading-bot-c-/src/BotCore/BotCore.csproj]
/home/runner/work/trading-bot-c-/trading-bot-c-/src/BotCore/CloudRlTrainerEnhanced.cs(96,17): error CA1848: For improved performance, use the LoggerMessage delegates instead of calling 'LoggerExtensions.LogInformation(ILogger, string?, params object?[])' (https://learn.microsoft.com/dotnet/fundamentals/code-analysis/quality-rules/ca1848) [/home/runner/work/trading-bot-c-/trading-bot-c-/src/BotCore/BotCore.csproj]
/home/runner/work/trading-bot-c-/trading-bot-c-/src/BotCore/CloudRlTrainerEnhanced.cs(101,17): error CA1848: For improved performance, use the LoggerMessage delegates instead of calling 'LoggerExtensions.LogError(ILogger, Exception?, string?, params object?[])' (https://learn.microsoft.com/dotnet/fundamentals/code-analysis/quality-rules/ca1848) [/home/runner/work/trading-bot-c-/trading-bot-c-/src/BotCore/BotCore.csproj]
/home/runner/work/trading-bot-c-/trading-bot-c-/src/BotCore/CloudRlTrainerEnhanced.cs(105,17): error CA1848: For improved performance, use the LoggerMessage delegates instead of calling 'LoggerExtensions.LogError(ILogger, Exception?, string?, params object?[])' (https://learn.microsoft.com/dotnet/fundamentals/code-analysis/quality-rules/ca1848) [/home/runner/work/trading-bot-c-/trading-bot-c-/src/BotCore/BotCore.csproj]
/home/runner/work/trading-bot-c-/trading-bot-c-/src/BotCore/CloudRlTrainerEnhanced.cs(109,17): error CA1848: For improved performance, use the LoggerMessage delegates instead of calling 'LoggerExtensions.LogError(ILogger, Exception?, string?, params object?[])' (https://learn.microsoft.com/dotnet/fundamentals/code-analysis/quality-rules/ca1848) [/home/runner/work/trading-bot-c-/trading-bot-c-/src/BotCore/BotCore.csproj]
/home/runner/work/trading-bot-c-/trading-bot-c-/src/BotCore/CloudRlTrainerEnhanced.cs(113,17): error CA1848: For improved performance, use the LoggerMessage delegates instead of calling 'LoggerExtensions.LogError(ILogger, Exception?, string?, params object?[])' (https://learn.microsoft.com/dotnet/fundamentals/code-analysis/quality-rules/ca1848) [/home/runner/work/trading-bot-c-/trading-bot-c-/src/BotCore/BotCore.csproj]
/home/runner/work/trading-bot-c-/trading-bot-c-/src/BotCore/CloudRlTrainerEnhanced.cs(117,17): error CA1848: For improved performance, use the LoggerMessage delegates instead of calling 'LoggerExtensions.LogError(ILogger, Exception?, string?, params object?[])' (https://learn.microsoft.com/dotnet/fundamentals/code-analysis/quality-rules/ca1848) [/home/runner/work/trading-bot-c-/trading-bot-c-/src/BotCore/BotCore.csproj]
/home/runner/work/trading-bot-c-/trading-bot-c-/src/BotCore/HealthChecks/ProductionHealthChecks.cs(588,13): error CA1848: For improved performance, use the LoggerMessage delegates instead of calling 'LoggerExtensions.LogWarning(ILogger, Exception?, string?, params object?[])' (https://learn.microsoft.com/dotnet/fundamentals/code-analysis/quality-rules/ca1848) [/home/runner/work/trading-bot-c-/trading-bot-c-/src/BotCore/BotCore.csproj]
/home/runner/work/trading-bot-c-/trading-bot-c-/src/BotCore/HealthChecks/ProductionHealthChecks.cs(563,21): error CA1031: Modify 'CheckHealthAsync' to catch a more specific allowed exception type, or rethrow the exception (https://learn.microsoft.com/dotnet/fundamentals/code-analysis/quality-rules/ca1031) [/home/runner/work/trading-bot-c-/trading-bot-c-/src/BotCore/BotCore.csproj]
/home/runner/work/trading-bot-c-/trading-bot-c-/src/BotCore/HealthChecks/ProductionHealthChecks.cs(586,9): error CA1031: Modify 'CheckHealthAsync' to catch a more specific allowed exception type, or rethrow the exception (https://learn.microsoft.com/dotnet/fundamentals/code-analysis/quality-rules/ca1031) [/home/runner/work/trading-bot-c-/trading-bot-c-/src/BotCore/BotCore.csproj]
/home/runner/work/trading-bot-c-/trading-bot-c-/src/BotCore/CloudRlTrainer.cs(66,26): error S1075: Refactor your code not to use hardcoded absolute paths or URIs. (https://rules.sonarsource.com/csharp/RSPEC-1075) [/home/runner/work/trading-bot-c-/trading-bot-c-/src/BotCore/BotCore.csproj]
/home/runner/work/trading-bot-c-/trading-bot-c-/src/BotCore/CloudRlTrainer.cs(69,34): error CA2234: Modify 'CloudRlTrainer.CheckGitHubReleasesAsync()' to call 'HttpClient.GetStringAsync(Uri)' instead of 'HttpClient.GetStringAsync(string)' (https://learn.microsoft.com/dotnet/fundamentals/code-analysis/quality-rules/ca2234) [/home/runner/work/trading-bot-c-/trading-bot-c-/src/BotCore/BotCore.csproj]
/home/runner/work/trading-bot-c-/trading-bot-c-/src/BotCore/CloudRlTrainer.cs(85,21): error CA1848: For improved performance, use the LoggerMessage delegates instead of calling 'LoggerExtensions.LogInformation(ILogger, string?, params object?[])' (https://learn.microsoft.com/dotnet/fundamentals/code-analysis/quality-rules/ca1848) [/home/runner/work/trading-bot-c-/trading-bot-c-/src/BotCore/BotCore.csproj]
/home/runner/work/trading-bot-c-/trading-bot-c-/src/BotCore/CloudRlTrainer.cs(91,21): error CA1848: For improved performance, use the LoggerMessage delegates instead of calling 'LoggerExtensions.LogDebug(ILogger, string?, params object?[])' (https://learn.microsoft.com/dotnet/fundamentals/code-analysis/quality-rules/ca1848) [/home/runner/work/trading-bot-c-/trading-bot-c-/src/BotCore/BotCore.csproj]
/home/runner/work/trading-bot-c-/trading-bot-c-/src/BotCore/CloudRlTrainer.cs(97,13): error CA1848: For improved performance, use the LoggerMessage delegates instead of calling 'LoggerExtensions.LogWarning(ILogger, Exception?, string?, params object?[])' (https://learn.microsoft.com/dotnet/fundamentals/code-analysis/quality-rules/ca1848) [/home/runner/work/trading-bot-c-/trading-bot-c-/src/BotCore/BotCore.csproj]
/home/runner/work/trading-bot-c-/trading-bot-c-/src/BotCore/CloudRlTrainer.cs(101,13): error CA1848: For improved performance, use the LoggerMessage delegates instead of calling 'LoggerExtensions.LogWarning(ILogger, Exception?, string?, params object?[])' (https://learn.microsoft.com/dotnet/fundamentals/code-analysis/quality-rules/ca1848) [/home/runner/work/trading-bot-c-/trading-bot-c-/src/BotCore/BotCore.csproj]
/home/runner/work/trading-bot-c-/trading-bot-c-/src/BotCore/CloudRlTrainer.cs(105,13): error CA1848: For improved performance, use the LoggerMessage delegates instead of calling 'LoggerExtensions.LogWarning(ILogger, Exception?, string?, params object?[])' (https://learn.microsoft.com/dotnet/fundamentals/code-analysis/quality-rules/ca1848) [/home/runner/work/trading-bot-c-/trading-bot-c-/src/BotCore/BotCore.csproj]
/home/runner/work/trading-bot-c-/trading-bot-c-/src/BotCore/CloudRlTrainer.cs(109,13): error CA1848: For improved performance, use the LoggerMessage delegates instead of calling 'LoggerExtensions.LogWarning(ILogger, Exception?, string?, params object?[])' (https://learn.microsoft.com/dotnet/fundamentals/code-analysis/quality-rules/ca1848) [/home/runner/work/trading-bot-c-/trading-bot-c-/src/BotCore/BotCore.csproj]
/home/runner/work/trading-bot-c-/trading-bot-c-/src/BotCore/Fusion/MLConfiguration.cs(466,13): error CA1848: For improved performance, use the LoggerMessage delegates instead of calling 'LoggerExtensions.LogError(ILogger, string?, params object?[])' (https://learn.microsoft.com/dotnet/fundamentals/code-analysis/quality-rules/ca1848) [/home/runner/work/trading-bot-c-/trading-bot-c-/src/BotCore/BotCore.csproj]
/home/runner/work/trading-bot-c-/trading-bot-c-/src/BotCore/Market/RedundantDataFeedManager.cs(342,29): error CA1848: For improved performance, use the LoggerMessage delegates instead of calling 'LoggerExtensions.LogWarning(ILogger, string?, params object?[])' (https://learn.microsoft.com/dotnet/fundamentals/code-analysis/quality-rules/ca1848) [/home/runner/work/trading-bot-c-/trading-bot-c-/src/BotCore/BotCore.csproj]
/home/runner/work/trading-bot-c-/trading-bot-c-/src/BotCore/Market/RedundantDataFeedManager.cs(353,25): error CA1848: For improved performance, use the LoggerMessage delegates instead of calling 'LoggerExtensions.LogDebug(ILogger, Exception?, string?, params object?[])' (https://learn.microsoft.com/dotnet/fundamentals/code-analysis/quality-rules/ca1848) [/home/runner/work/trading-bot-c-/trading-bot-c-/src/BotCore/BotCore.csproj]
/home/runner/work/trading-bot-c-/trading-bot-c-/src/BotCore/Market/RedundantDataFeedManager.cs(360,21): error CA1848: For improved performance, use the LoggerMessage delegates instead of calling 'LoggerExtensions.LogCritical(ILogger, string?, params object?[])' (https://learn.microsoft.com/dotnet/fundamentals/code-analysis/quality-rules/ca1848) [/home/runner/work/trading-bot-c-/trading-bot-c-/src/BotCore/BotCore.csproj]
/home/runner/work/trading-bot-c-/trading-bot-c-/src/BotCore/Market/RedundantDataFeedManager.cs(365,17): error CA1848: For improved performance, use the LoggerMessage delegates instead of calling 'LoggerExtensions.LogError(ILogger, Exception?, string?, params object?[])' (https://learn.microsoft.com/dotnet/fundamentals/code-analysis/quality-rules/ca1848) [/home/runner/work/trading-bot-c-/trading-bot-c-/src/BotCore/BotCore.csproj]
/home/runner/work/trading-bot-c-/trading-bot-c-/src/BotCore/Infra/MlPipelineHealthMonitor.cs(309,13): error CA1031: Modify 'CheckFileSystemHealth' to catch a more specific allowed exception type, or rethrow the exception (https://learn.microsoft.com/dotnet/fundamentals/code-analysis/quality-rules/ca1031) [/home/runner/work/trading-bot-c-/trading-bot-c-/src/BotCore/BotCore.csproj]
/home/runner/work/trading-bot-c-/trading-bot-c-/src/BotCore/Market/RedundantDataFeedManager.cs(345,21): error CA1031: Modify 'CheckFeedHealth' to catch a more specific allowed exception type, or rethrow the exception (https://learn.microsoft.com/dotnet/fundamentals/code-analysis/quality-rules/ca1031) [/home/runner/work/trading-bot-c-/trading-bot-c-/src/BotCore/BotCore.csproj]
/home/runner/work/trading-bot-c-/trading-bot-c-/src/BotCore/Market/RedundantDataFeedManager.cs(363,13): error CA1031: Modify 'CheckFeedHealth' to catch a more specific allowed exception type, or rethrow the exception (https://learn.microsoft.com/dotnet/fundamentals/code-analysis/quality-rules/ca1031) [/home/runner/work/trading-bot-c-/trading-bot-c-/src/BotCore/BotCore.csproj]
/home/runner/work/trading-bot-c-/trading-bot-c-/src/BotCore/Market/RedundantDataFeedManager.cs(383,17): error CA1848: For improved performance, use the LoggerMessage delegates instead of calling 'LoggerExtensions.LogError(ILogger, Exception?, string?, params object?[])' (https://learn.microsoft.com/dotnet/fundamentals/code-analysis/quality-rules/ca1848) [/home/runner/work/trading-bot-c-/trading-bot-c-/src/BotCore/BotCore.csproj]
/home/runner/work/trading-bot-c-/trading-bot-c-/src/BotCore/Market/RedundantDataFeedManager.cs(381,13): error CA1031: Modify 'CheckDataConsistency' to catch a more specific allowed exception type, or rethrow the exception (https://learn.microsoft.com/dotnet/fundamentals/code-analysis/quality-rules/ca1031) [/home/runner/work/trading-bot-c-/trading-bot-c-/src/BotCore/BotCore.csproj]
/home/runner/work/trading-bot-c-/trading-bot-c-/src/BotCore/CloudRlTrainerEnhanced.cs(126,42): error CA2234: Modify 'CloudRlTrainerEnhanced.DownloadManifestAsync()' to call 'HttpClient.GetStringAsync(Uri)' instead of 'HttpClient.GetStringAsync(string)' (https://learn.microsoft.com/dotnet/fundamentals/code-analysis/quality-rules/ca2234) [/home/runner/work/trading-bot-c-/trading-bot-c-/src/BotCore/BotCore.csproj]
/home/runner/work/trading-bot-c-/trading-bot-c-/src/BotCore/CloudRlTrainerEnhanced.cs(127,96): error CA1869: Avoid creating a new 'JsonSerializerOptions' instance for every serialization operation. Cache and reuse instances instead. (https://learn.microsoft.com/dotnet/fundamentals/code-analysis/quality-rules/ca1869) [/home/runner/work/trading-bot-c-/trading-bot-c-/src/BotCore/BotCore.csproj]
/home/runner/work/trading-bot-c-/trading-bot-c-/src/BotCore/CloudRlTrainerEnhanced.cs(134,21): error CA1848: For improved performance, use the LoggerMessage delegates instead of calling 'LoggerExtensions.LogWarning(ILogger, string?, params object?[])' (https://learn.microsoft.com/dotnet/fundamentals/code-analysis/quality-rules/ca1848) [/home/runner/work/trading-bot-c-/trading-bot-c-/src/BotCore/BotCore.csproj]
/home/runner/work/trading-bot-c-/trading-bot-c-/src/BotCore/CloudRlTrainerEnhanced.cs(144,25): error CA1848: For improved performance, use the LoggerMessage delegates instead of calling 'LoggerExtensions.LogError(ILogger, string?, params object?[])' (https://learn.microsoft.com/dotnet/fundamentals/code-analysis/quality-rules/ca1848) [/home/runner/work/trading-bot-c-/trading-bot-c-/src/BotCore/BotCore.csproj]
/home/runner/work/trading-bot-c-/trading-bot-c-/src/BotCore/CloudRlTrainerEnhanced.cs(150,25): error CA1848: For improved performance, use the LoggerMessage delegates instead of calling 'LoggerExtensions.LogError(ILogger, string?, params object?[])' (https://learn.microsoft.com/dotnet/fundamentals/code-analysis/quality-rules/ca1848) [/home/runner/work/trading-bot-c-/trading-bot-c-/src/BotCore/BotCore.csproj]
/home/runner/work/trading-bot-c-/trading-bot-c-/src/BotCore/CloudRlTrainerEnhanced.cs(157,25): error CA1848: For improved performance, use the LoggerMessage delegates instead of calling 'LoggerExtensions.LogError(ILogger, string?, params object?[])' (https://learn.microsoft.com/dotnet/fundamentals/code-analysis/quality-rules/ca1848) [/home/runner/work/trading-bot-c-/trading-bot-c-/src/BotCore/BotCore.csproj]
/home/runner/work/trading-bot-c-/trading-bot-c-/src/BotCore/CloudRlTrainerEnhanced.cs(161,21): error CA1848: For improved performance, use the LoggerMessage delegates instead of calling 'LoggerExtensions.LogDebug(ILogger, string?, params object?[])' (https://learn.microsoft.com/dotnet/fundamentals/code-analysis/quality-rules/ca1848) [/home/runner/work/trading-bot-c-/trading-bot-c-/src/BotCore/BotCore.csproj]
/home/runner/work/trading-bot-c-/trading-bot-c-/src/BotCore/CloudRlTrainerEnhanced.cs(168,17): error CA1848: For improved performance, use the LoggerMessage delegates instead of calling 'LoggerExtensions.LogError(ILogger, Exception?, string?, params object?[])' (https://learn.microsoft.com/dotnet/fundamentals/code-analysis/quality-rules/ca1848) [/home/runner/work/trading-bot-c-/trading-bot-c-/src/BotCore/BotCore.csproj]
/home/runner/work/trading-bot-c-/trading-bot-c-/src/BotCore/CloudRlTrainerEnhanced.cs(173,17): error CA1848: For improved performance, use the LoggerMessage delegates instead of calling 'LoggerExtensions.LogError(ILogger, Exception?, string?, params object?[])' (https://learn.microsoft.com/dotnet/fundamentals/code-analysis/quality-rules/ca1848) [/home/runner/work/trading-bot-c-/trading-bot-c-/src/BotCore/BotCore.csproj]
/home/runner/work/trading-bot-c-/trading-bot-c-/src/BotCore/CloudRlTrainerEnhanced.cs(178,17): error CA1848: For improved performance, use the LoggerMessage delegates instead of calling 'LoggerExtensions.LogError(ILogger, Exception?, string?, params object?[])' (https://learn.microsoft.com/dotnet/fundamentals/code-analysis/quality-rules/ca1848) [/home/runner/work/trading-bot-c-/trading-bot-c-/src/BotCore/BotCore.csproj]
/home/runner/work/trading-bot-c-/trading-bot-c-/src/BotCore/Config/StrategyGates.cs(88,27): error S1541: The Cyclomatic Complexity of this method is 21 which is greater than 10 authorized. (https://rules.sonarsource.com/csharp/RSPEC-1541) [/home/runner/work/trading-bot-c-/trading-bot-c-/src/BotCore/BotCore.csproj]
/home/runner/work/trading-bot-c-/trading-bot-c-/src/BotCore/Infra/MlPipelineHealthMonitor.cs(323,25): error CA1848: For improved performance, use the LoggerMessage delegates instead of calling 'LoggerExtensions.LogInformation(ILogger, string?, params object?[])' (https://learn.microsoft.com/dotnet/fundamentals/code-analysis/quality-rules/ca1848) [/home/runner/work/trading-bot-c-/trading-bot-c-/src/BotCore/BotCore.csproj]
/home/runner/work/trading-bot-c-/trading-bot-c-/src/BotCore/Infra/MlPipelineHealthMonitor.cs(329,25): error CA1848: For improved performance, use the LoggerMessage delegates instead of calling 'LoggerExtensions.LogInformation(ILogger, string?, params object?[])' (https://learn.microsoft.com/dotnet/fundamentals/code-analysis/quality-rules/ca1848) [/home/runner/work/trading-bot-c-/trading-bot-c-/src/BotCore/BotCore.csproj]
/home/runner/work/trading-bot-c-/trading-bot-c-/src/BotCore/Infra/MlPipelineHealthMonitor.cs(335,21): error CA1848: For improved performance, use the LoggerMessage delegates instead of calling 'LoggerExtensions.LogError(ILogger, Exception?, string?, params object?[])' (https://learn.microsoft.com/dotnet/fundamentals/code-analysis/quality-rules/ca1848) [/home/runner/work/trading-bot-c-/trading-bot-c-/src/BotCore/BotCore.csproj]
/home/runner/work/trading-bot-c-/trading-bot-c-/src/BotCore/Infra/MlPipelineHealthMonitor.cs(321,25): error CA1307: 'string.Contains(string)' has a method overload that takes a 'StringComparison' parameter. Replace this call in 'BotCore.Infra.MlPipelineHealthMonitor.AttemptAutomaticRecoveryAsync(System.Collections.Generic.List<string>)' with a call to 'string.Contains(string, System.StringComparison)' for clarity of intent. (https://learn.microsoft.com/dotnet/fundamentals/code-analysis/quality-rules/ca1307) [/home/runner/work/trading-bot-c-/trading-bot-c-/src/BotCore/BotCore.csproj]
/home/runner/work/trading-bot-c-/trading-bot-c-/src/BotCore/Infra/MlPipelineHealthMonitor.cs(327,30): error CA1307: 'string.Contains(string)' has a method overload that takes a 'StringComparison' parameter. Replace this call in 'BotCore.Infra.MlPipelineHealthMonitor.AttemptAutomaticRecoveryAsync(System.Collections.Generic.List<string>)' with a call to 'string.Contains(string, System.StringComparison)' for clarity of intent. (https://learn.microsoft.com/dotnet/fundamentals/code-analysis/quality-rules/ca1307) [/home/runner/work/trading-bot-c-/trading-bot-c-/src/BotCore/BotCore.csproj]
/home/runner/work/trading-bot-c-/trading-bot-c-/src/BotCore/Infra/MlPipelineHealthMonitor.cs(333,17): error CA1031: Modify 'AttemptAutomaticRecoveryAsync' to catch a more specific allowed exception type, or rethrow the exception (https://learn.microsoft.com/dotnet/fundamentals/code-analysis/quality-rules/ca1031) [/home/runner/work/trading-bot-c-/trading-bot-c-/src/BotCore/BotCore.csproj]
/home/runner/work/trading-bot-c-/trading-bot-c-/src/BotCore/Infra/MlPipelineHealthMonitor.cs(350,52): error S6608: Indexing at 0 should be used instead of the "Enumerable" extension method "First" (https://rules.sonarsource.com/csharp/RSPEC-6608) [/home/runner/work/trading-bot-c-/trading-bot-c-/src/BotCore/BotCore.csproj]
/home/runner/work/trading-bot-c-/trading-bot-c-/src/BotCore/Infra/MlPipelineHealthMonitor.cs(354,21): error CA1848: For improved performance, use the LoggerMessage delegates instead of calling 'LoggerExtensions.LogInformation(ILogger, string?, params object?[])' (https://learn.microsoft.com/dotnet/fundamentals/code-analysis/quality-rules/ca1848) [/home/runner/work/trading-bot-c-/trading-bot-c-/src/BotCore/BotCore.csproj]
/home/runner/work/trading-bot-c-/trading-bot-c-/src/BotCore/Infra/MlPipelineHealthMonitor.cs(358,21): error CA1848: For improved performance, use the LoggerMessage delegates instead of calling 'LoggerExtensions.LogWarning(ILogger, string?, params object?[])' (https://learn.microsoft.com/dotnet/fundamentals/code-analysis/quality-rules/ca1848) [/home/runner/work/trading-bot-c-/trading-bot-c-/src/BotCore/BotCore.csproj]
/home/runner/work/trading-bot-c-/trading-bot-c-/src/BotCore/Infra/MlPipelineHealthMonitor.cs(363,17): error CA1848: For improved performance, use the LoggerMessage delegates instead of calling 'LoggerExtensions.LogError(ILogger, Exception?, string?, params object?[])' (https://learn.microsoft.com/dotnet/fundamentals/code-analysis/quality-rules/ca1848) [/home/runner/work/trading-bot-c-/trading-bot-c-/src/BotCore/BotCore.csproj]
/home/runner/work/trading-bot-c-/trading-bot-c-/src/BotCore/Integration/YamlSchemaValidator.cs(104,45): error S138: This method 'ValidateYamlFileAsync' has 82 lines, which is greater than the 80 lines authorized. Split it into smaller methods. (https://rules.sonarsource.com/csharp/RSPEC-138) [/home/runner/work/trading-bot-c-/trading-bot-c-/src/BotCore/BotCore.csproj]
/home/runner/work/trading-bot-c-/trading-bot-c-/src/BotCore/Infra/MlPipelineHealthMonitor.cs(361,13): error CA1031: Modify 'RestoreModelFromBackupAsync' to catch a more specific allowed exception type, or rethrow the exception (https://learn.microsoft.com/dotnet/fundamentals/code-analysis/quality-rules/ca1031) [/home/runner/work/trading-bot-c-/trading-bot-c-/src/BotCore/BotCore.csproj]
/home/runner/work/trading-bot-c-/trading-bot-c-/src/BotCore/Integration/YamlSchemaValidator.cs(175,17): error CA1848: For improved performance, use the LoggerMessage delegates instead of calling 'LoggerExtensions.LogDebug(ILogger, string?, params object?[])' (https://learn.microsoft.com/dotnet/fundamentals/code-analysis/quality-rules/ca1848) [/home/runner/work/trading-bot-c-/trading-bot-c-/src/BotCore/BotCore.csproj]
/home/runner/work/trading-bot-c-/trading-bot-c-/src/BotCore/Integration/YamlSchemaValidator.cs(179,17): error CA1848: For improved performance, use the LoggerMessage delegates instead of calling 'LoggerExtensions.LogError(ILogger, string?, params object?[])' (https://learn.microsoft.com/dotnet/fundamentals/code-analysis/quality-rules/ca1848) [/home/runner/work/trading-bot-c-/trading-bot-c-/src/BotCore/BotCore.csproj]
/home/runner/work/trading-bot-c-/trading-bot-c-/src/BotCore/Integration/YamlSchemaValidator.cs(191,13): error CA1848: For improved performance, use the LoggerMessage delegates instead of calling 'LoggerExtensions.LogError(ILogger, Exception?, string?, params object?[])' (https://learn.microsoft.com/dotnet/fundamentals/code-analysis/quality-rules/ca1848) [/home/runner/work/trading-bot-c-/trading-bot-c-/src/BotCore/BotCore.csproj]
/home/runner/work/trading-bot-c-/trading-bot-c-/src/BotCore/Integration/YamlSchemaValidator.cs(200,13): error CA1848: For improved performance, use the LoggerMessage delegates instead of calling 'LoggerExtensions.LogError(ILogger, Exception?, string?, params object?[])' (https://learn.microsoft.com/dotnet/fundamentals/code-analysis/quality-rules/ca1848) [/home/runner/work/trading-bot-c-/trading-bot-c-/src/BotCore/BotCore.csproj]
/home/runner/work/trading-bot-c-/trading-bot-c-/src/BotCore/CloudRlTrainer.cs(131,44): error CA2234: Modify 'CloudRlTrainer.DownloadLatestModelsAsync(JsonElement)' to call 'HttpClient.GetByteArrayAsync(Uri)' instead of 'HttpClient.GetByteArrayAsync(string)' (https://learn.microsoft.com/dotnet/fundamentals/code-analysis/quality-rules/ca2234) [/home/runner/work/trading-bot-c-/trading-bot-c-/src/BotCore/BotCore.csproj]
/home/runner/work/trading-bot-c-/trading-bot-c-/src/BotCore/CloudRlTrainer.cs(129,21): error CA1848: For improved performance, use the LoggerMessage delegates instead of calling 'LoggerExtensions.LogInformation(ILogger, string?, params object?[])' (https://learn.microsoft.com/dotnet/fundamentals/code-analysis/quality-rules/ca1848) [/home/runner/work/trading-bot-c-/trading-bot-c-/src/BotCore/BotCore.csproj]
/home/runner/work/trading-bot-c-/trading-bot-c-/src/BotCore/CloudRlTrainer.cs(136,21): error CA1848: For improved performance, use the LoggerMessage delegates instead of calling 'LoggerExtensions.LogInformation(ILogger, string?, params object?[])' (https://learn.microsoft.com/dotnet/fundamentals/code-analysis/quality-rules/ca1848) [/home/runner/work/trading-bot-c-/trading-bot-c-/src/BotCore/BotCore.csproj]
/home/runner/work/trading-bot-c-/trading-bot-c-/src/BotCore/CloudRlTrainer.cs(143,13): error CA1848: For improved performance, use the LoggerMessage delegates instead of calling 'LoggerExtensions.LogError(ILogger, Exception?, string?, params object?[])' (https://learn.microsoft.com/dotnet/fundamentals/code-analysis/quality-rules/ca1848) [/home/runner/work/trading-bot-c-/trading-bot-c-/src/BotCore/BotCore.csproj]
/home/runner/work/trading-bot-c-/trading-bot-c-/src/BotCore/CloudRlTrainer.cs(147,13): error CA1848: For improved performance, use the LoggerMessage delegates instead of calling 'LoggerExtensions.LogError(ILogger, Exception?, string?, params object?[])' (https://learn.microsoft.com/dotnet/fundamentals/code-analysis/quality-rules/ca1848) [/home/runner/work/trading-bot-c-/trading-bot-c-/src/BotCore/BotCore.csproj]
/home/runner/work/trading-bot-c-/trading-bot-c-/src/BotCore/CloudRlTrainer.cs(151,13): error CA1848: For improved performance, use the LoggerMessage delegates instead of calling 'LoggerExtensions.LogError(ILogger, Exception?, string?, params object?[])' (https://learn.microsoft.com/dotnet/fundamentals/code-analysis/quality-rules/ca1848) [/home/runner/work/trading-bot-c-/trading-bot-c-/src/BotCore/BotCore.csproj]
/home/runner/work/trading-bot-c-/trading-bot-c-/src/BotCore/CloudRlTrainer.cs(155,13): error CA1848: For improved performance, use the LoggerMessage delegates instead of calling 'LoggerExtensions.LogError(ILogger, Exception?, string?, params object?[])' (https://learn.microsoft.com/dotnet/fundamentals/code-analysis/quality-rules/ca1848) [/home/runner/work/trading-bot-c-/trading-bot-c-/src/BotCore/BotCore.csproj]
/home/runner/work/trading-bot-c-/trading-bot-c-/src/BotCore/CloudRlTrainer.cs(124,31): error CA1310: The behavior of 'string.EndsWith(string)' could vary based on the current user's locale settings. Replace this call in 'BotCore.CloudRlTrainer.DownloadLatestModelsAsync(System.Text.Json.JsonElement)' with a call to 'string.EndsWith(string, System.StringComparison)'. (https://learn.microsoft.com/dotnet/fundamentals/code-analysis/quality-rules/ca1310) [/home/runner/work/trading-bot-c-/trading-bot-c-/src/BotCore/BotCore.csproj]
/home/runner/work/trading-bot-c-/trading-bot-c-/src/BotCore/HealthChecks/ProductionHealthChecks.cs(511,13): error CA1848: For improved performance, use the LoggerMessage delegates instead of calling 'LoggerExtensions.LogWarning(ILogger, Exception?, string?, params object?[])' (https://learn.microsoft.com/dotnet/fundamentals/code-analysis/quality-rules/ca1848) [/home/runner/work/trading-bot-c-/trading-bot-c-/src/BotCore/BotCore.csproj]
/home/runner/work/trading-bot-c-/trading-bot-c-/src/BotCore/HealthChecks/ProductionHealthChecks.cs(509,9): error CA1031: Modify 'CheckHealthAsync' to catch a more specific allowed exception type, or rethrow the exception (https://learn.microsoft.com/dotnet/fundamentals/code-analysis/quality-rules/ca1031) [/home/runner/work/trading-bot-c-/trading-bot-c-/src/BotCore/BotCore.csproj]
/home/runner/work/trading-bot-c-/trading-bot-c-/src/BotCore/CloudRlTrainer.cs(166,9): error CA1848: For improved performance, use the LoggerMessage delegates instead of calling 'LoggerExtensions.LogInformation(ILogger, string?, params object?[])' (https://learn.microsoft.com/dotnet/fundamentals/code-analysis/quality-rules/ca1848) [/home/runner/work/trading-bot-c-/trading-bot-c-/src/BotCore/BotCore.csproj]
/home/runner/work/trading-bot-c-/trading-bot-c-/src/BotCore/Infra/MlPipelineHealthMonitor.cs(399,17): error CA1848: For improved performance, use the LoggerMessage delegates instead of calling 'LoggerExtensions.LogError(ILogger, Exception?, string?, params object?[])' (https://learn.microsoft.com/dotnet/fundamentals/code-analysis/quality-rules/ca1848) [/home/runner/work/trading-bot-c-/trading-bot-c-/src/BotCore/BotCore.csproj]
/home/runner/work/trading-bot-c-/trading-bot-c-/src/BotCore/Infra/MlPipelineHealthMonitor.cs(409,13): error CA1848: For improved performance, use the LoggerMessage delegates instead of calling 'LoggerExtensions.LogInformation(ILogger, string?, params object?[])' (https://learn.microsoft.com/dotnet/fundamentals/code-analysis/quality-rules/ca1848) [/home/runner/work/trading-bot-c-/trading-bot-c-/src/BotCore/BotCore.csproj]
/home/runner/work/trading-bot-c-/trading-bot-c-/src/BotCore/Infra/MlPipelineHealthMonitor.cs(397,13): error CA1031: Modify 'LogHealthMetrics' to catch a more specific allowed exception type, or rethrow the exception (https://learn.microsoft.com/dotnet/fundamentals/code-analysis/quality-rules/ca1031) [/home/runner/work/trading-bot-c-/trading-bot-c-/src/BotCore/BotCore.csproj]
/home/runner/work/trading-bot-c-/trading-bot-c-/src/BotCore/Config/StrategyGates.cs(141,24): error S1541: The Cyclomatic Complexity of this method is 34 which is greater than 10 authorized. (https://rules.sonarsource.com/csharp/RSPEC-1541) [/home/runner/work/trading-bot-c-/trading-bot-c-/src/BotCore/BotCore.csproj]
/home/runner/work/trading-bot-c-/trading-bot-c-/src/BotCore/Config/StrategyGates.cs(193,17): error S1066: Merge this if statement with the enclosing one. (https://rules.sonarsource.com/csharp/RSPEC-1066) [/home/runner/work/trading-bot-c-/trading-bot-c-/src/BotCore/BotCore.csproj]
/home/runner/work/trading-bot-c-/trading-bot-c-/src/BotCore/Fusion/MLConfiguration.cs(155,43): error SCS0005: Weak random number generator. (https://security-code-scan.github.io/#SCS0005) [/home/runner/work/trading-bot-c-/trading-bot-c-/src/BotCore/BotCore.csproj]
/home/runner/work/trading-bot-c-/trading-bot-c-/src/BotCore/Fusion/MLConfiguration.cs(124,84): error S1541: The Cyclomatic Complexity of this method is 14 which is greater than 10 authorized. (https://rules.sonarsource.com/csharp/RSPEC-1541) [/home/runner/work/trading-bot-c-/trading-bot-c-/src/BotCore/BotCore.csproj]
/home/runner/work/trading-bot-c-/trading-bot-c-/src/BotCore/Config/StrategyGates.cs(149,20): error CA1308: In method 'PassesGlobalFilters', replace the call to 'ToLowerInvariant' with 'ToUpperInvariant' (https://learn.microsoft.com/dotnet/fundamentals/code-analysis/quality-rules/ca1308) [/home/runner/work/trading-bot-c-/trading-bot-c-/src/BotCore/BotCore.csproj]
/home/runner/work/trading-bot-c-/trading-bot-c-/src/BotCore/Fusion/MLConfiguration.cs(156,17): error CA1848: For improved performance, use the LoggerMessage delegates instead of calling 'LoggerExtensions.LogTrace(ILogger, string?, params object?[])' (https://learn.microsoft.com/dotnet/fundamentals/code-analysis/quality-rules/ca1848) [/home/runner/work/trading-bot-c-/trading-bot-c-/src/BotCore/BotCore.csproj]
/home/runner/work/trading-bot-c-/trading-bot-c-/src/BotCore/Fusion/MLConfiguration.cs(195,13): error CA1848: For improved performance, use the LoggerMessage delegates instead of calling 'LoggerExtensions.LogTrace(ILogger, string?, params object?[])' (https://learn.microsoft.com/dotnet/fundamentals/code-analysis/quality-rules/ca1848) [/home/runner/work/trading-bot-c-/trading-bot-c-/src/BotCore/BotCore.csproj]
/home/runner/work/trading-bot-c-/trading-bot-c-/src/BotCore/Fusion/MLConfiguration.cs(203,13): error CA1848: For improved performance, use the LoggerMessage delegates instead of calling 'LoggerExtensions.LogError(ILogger, Exception?, string?, params object?[])' (https://learn.microsoft.com/dotnet/fundamentals/code-analysis/quality-rules/ca1848) [/home/runner/work/trading-bot-c-/trading-bot-c-/src/BotCore/BotCore.csproj]
/home/runner/work/trading-bot-c-/trading-bot-c-/src/BotCore/Fusion/MLConfiguration.cs(155,43): error CA5394: Random is an insecure random number generator. Use cryptographically secure random number generators when randomness is required for security. (https://learn.microsoft.com/dotnet/fundamentals/code-analysis/quality-rules/ca5394) [/home/runner/work/trading-bot-c-/trading-bot-c-/src/BotCore/BotCore.csproj]
/home/runner/work/trading-bot-c-/trading-bot-c-/src/BotCore/CloudRlTrainerEnhanced.cs(205,44): error CA2234: Modify 'CloudRlTrainerEnhanced.DownloadModelAsync(string, CloudRlTrainerEnhanced.EnhancedModelInfo)' to call 'HttpClient.GetAsync(Uri)' instead of 'HttpClient.GetAsync(string)' (https://learn.microsoft.com/dotnet/fundamentals/code-analysis/quality-rules/ca2234) [/home/runner/work/trading-bot-c-/trading-bot-c-/src/BotCore/BotCore.csproj]
/home/runner/work/trading-bot-c-/trading-bot-c-/src/BotCore/CloudRlTrainerEnhanced.cs(202,17): error CA1848: For improved performance, use the LoggerMessage delegates instead of calling 'LoggerExtensions.LogDebug(ILogger, string?, params object?[])' (https://learn.microsoft.com/dotnet/fundamentals/code-analysis/quality-rules/ca1848) [/home/runner/work/trading-bot-c-/trading-bot-c-/src/BotCore/BotCore.csproj]
/home/runner/work/trading-bot-c-/trading-bot-c-/src/BotCore/CloudRlTrainerEnhanced.cs(216,21): error CA1848: For improved performance, use the LoggerMessage delegates instead of calling 'LoggerExtensions.LogError(ILogger, string?, params object?[])' (https://learn.microsoft.com/dotnet/fundamentals/code-analysis/quality-rules/ca1848) [/home/runner/work/trading-bot-c-/trading-bot-c-/src/BotCore/BotCore.csproj]
/home/runner/work/trading-bot-c-/trading-bot-c-/src/BotCore/CloudRlTrainerEnhanced.cs(232,17): error CA1848: For improved performance, use the LoggerMessage delegates instead of calling 'LoggerExtensions.LogInformation(ILogger, string?, params object?[])' (https://learn.microsoft.com/dotnet/fundamentals/code-analysis/quality-rules/ca1848) [/home/runner/work/trading-bot-c-/trading-bot-c-/src/BotCore/BotCore.csproj]
/home/runner/work/trading-bot-c-/trading-bot-c-/src/BotCore/CloudRlTrainerEnhanced.cs(237,17): error CA1848: For improved performance, use the LoggerMessage delegates instead of calling 'LoggerExtensions.LogError(ILogger, Exception?, string?, params object?[])' (https://learn.microsoft.com/dotnet/fundamentals/code-analysis/quality-rules/ca1848) [/home/runner/work/trading-bot-c-/trading-bot-c-/src/BotCore/BotCore.csproj]
/home/runner/work/trading-bot-c-/trading-bot-c-/src/BotCore/CloudRlTrainerEnhanced.cs(258,17): error CA1848: For improved performance, use the LoggerMessage delegates instead of calling 'LoggerExtensions.LogError(ILogger, Exception?, string?, params object?[])' (https://learn.microsoft.com/dotnet/fundamentals/code-analysis/quality-rules/ca1848) [/home/runner/work/trading-bot-c-/trading-bot-c-/src/BotCore/BotCore.csproj]
/home/runner/work/trading-bot-c-/trading-bot-c-/src/BotCore/CloudRlTrainerEnhanced.cs(208,46): error CA2007: Consider calling ConfigureAwait on the awaited task (https://learn.microsoft.com/dotnet/fundamentals/code-analysis/quality-rules/ca2007) [/home/runner/work/trading-bot-c-/trading-bot-c-/src/BotCore/BotCore.csproj]
/home/runner/work/trading-bot-c-/trading-bot-c-/src/BotCore/Fusion/MLConfiguration.cs(201,9): error CA1031: Modify 'Predict' to catch a more specific allowed exception type, or rethrow the exception (https://learn.microsoft.com/dotnet/fundamentals/code-analysis/quality-rules/ca1031) [/home/runner/work/trading-bot-c-/trading-bot-c-/src/BotCore/BotCore.csproj]
/home/runner/work/trading-bot-c-/trading-bot-c-/src/BotCore/CloudDataUploader.cs(52,17): error CA1848: For improved performance, use the LoggerMessage delegates instead of calling 'LoggerExtensions.LogInformation(ILogger, string?, params object?[])' (https://learn.microsoft.com/dotnet/fundamentals/code-analysis/quality-rules/ca1848) [/home/runner/work/trading-bot-c-/trading-bot-c-/src/BotCore/BotCore.csproj]
/home/runner/work/trading-bot-c-/trading-bot-c-/src/BotCore/CloudDataUploader.cs(62,13): error CA1848: For improved performance, use the LoggerMessage delegates instead of calling 'LoggerExtensions.LogInformation(ILogger, string?, params object?[])' (https://learn.microsoft.com/dotnet/fundamentals/code-analysis/quality-rules/ca1848) [/home/runner/work/trading-bot-c-/trading-bot-c-/src/BotCore/BotCore.csproj]
/home/runner/work/trading-bot-c-/trading-bot-c-/src/BotCore/Market/RedundantDataFeedManager.cs(404,17): error CA1848: For improved performance, use the LoggerMessage delegates instead of calling 'LoggerExtensions.LogDebug(ILogger, string?, params object?[])' (https://learn.microsoft.com/dotnet/fundamentals/code-analysis/quality-rules/ca1848) [/home/runner/work/trading-bot-c-/trading-bot-c-/src/BotCore/BotCore.csproj]
/home/runner/work/trading-bot-c-/trading-bot-c-/src/BotCore/Market/RedundantDataFeedManager.cs(434,21): error CA1848: For improved performance, use the LoggerMessage delegates instead of calling 'LoggerExtensions.LogDebug(ILogger, Exception?, string?, params object?[])' (https://learn.microsoft.com/dotnet/fundamentals/code-analysis/quality-rules/ca1848) [/home/runner/work/trading-bot-c-/trading-bot-c-/src/BotCore/BotCore.csproj]
/home/runner/work/trading-bot-c-/trading-bot-c-/src/BotCore/Market/RedundantDataFeedManager.cs(461,13): error CA1848: For improved performance, use the LoggerMessage delegates instead of calling 'LoggerExtensions.LogError(ILogger, Exception?, string?, params object?[])' (https://learn.microsoft.com/dotnet/fundamentals/code-analysis/quality-rules/ca1848) [/home/runner/work/trading-bot-c-/trading-bot-c-/src/BotCore/BotCore.csproj]
/home/runner/work/trading-bot-c-/trading-bot-c-/src/BotCore/Market/RedundantDataFeedManager.cs(432,17): error CA1031: Modify 'CheckSymbolConsistencyAsync' to catch a more specific allowed exception type, or rethrow the exception (https://learn.microsoft.com/dotnet/fundamentals/code-analysis/quality-rules/ca1031) [/home/runner/work/trading-bot-c-/trading-bot-c-/src/BotCore/BotCore.csproj]
/home/runner/work/trading-bot-c-/trading-bot-c-/src/BotCore/Market/RedundantDataFeedManager.cs(459,9): error CA1031: Modify 'CheckSymbolConsistencyAsync' to catch a more specific allowed exception type, or rethrow the exception (https://learn.microsoft.com/dotnet/fundamentals/code-analysis/quality-rules/ca1031) [/home/runner/work/trading-bot-c-/trading-bot-c-/src/BotCore/BotCore.csproj]
/home/runner/work/trading-bot-c-/trading-bot-c-/src/BotCore/Features/MtfStructureResolver.cs(72,17): error CA1848: For improved performance, use the LoggerMessage delegates instead of calling 'LoggerExtensions.LogError(ILogger, string?, params object?[])' (https://learn.microsoft.com/dotnet/fundamentals/code-analysis/quality-rules/ca1848) [/home/runner/work/trading-bot-c-/trading-bot-c-/src/BotCore/BotCore.csproj]
/home/runner/work/trading-bot-c-/trading-bot-c-/src/BotCore/Features/MtfStructureResolver.cs(78,17): error CA1848: For improved performance, use the LoggerMessage delegates instead of calling 'LoggerExtensions.LogError(ILogger, string?, params object?[])' (https://learn.microsoft.com/dotnet/fundamentals/code-analysis/quality-rules/ca1848) [/home/runner/work/trading-bot-c-/trading-bot-c-/src/BotCore/BotCore.csproj]
/home/runner/work/trading-bot-c-/trading-bot-c-/src/BotCore/Features/MtfStructureResolver.cs(98,21): error CA1848: For improved performance, use the LoggerMessage delegates instead of calling 'LoggerExtensions.LogError(ILogger, string?, params object?[])' (https://learn.microsoft.com/dotnet/fundamentals/code-analysis/quality-rules/ca1848) [/home/runner/work/trading-bot-c-/trading-bot-c-/src/BotCore/BotCore.csproj]
/home/runner/work/trading-bot-c-/trading-bot-c-/src/BotCore/Features/MtfStructureResolver.cs(132,21): error CA1848: For improved performance, use the LoggerMessage delegates instead of calling 'LoggerExtensions.LogTrace(ILogger, string?, params object?[])' (https://learn.microsoft.com/dotnet/fundamentals/code-analysis/quality-rules/ca1848) [/home/runner/work/trading-bot-c-/trading-bot-c-/src/BotCore/BotCore.csproj]
/home/runner/work/trading-bot-c-/trading-bot-c-/src/BotCore/Features/MtfStructureResolver.cs(137,21): error CA1848: For improved performance, use the LoggerMessage delegates instead of calling 'LoggerExtensions.LogTrace(ILogger, string?, params object?[])' (https://learn.microsoft.com/dotnet/fundamentals/code-analysis/quality-rules/ca1848) [/home/runner/work/trading-bot-c-/trading-bot-c-/src/BotCore/BotCore.csproj]
/home/runner/work/trading-bot-c-/trading-bot-c-/src/BotCore/Features/MtfStructureResolver.cs(143,17): error CA1848: For improved performance, use the LoggerMessage delegates instead of calling 'LoggerExtensions.LogError(ILogger, Exception?, string?, params object?[])' (https://learn.microsoft.com/dotnet/fundamentals/code-analysis/quality-rules/ca1848) [/home/runner/work/trading-bot-c-/trading-bot-c-/src/BotCore/BotCore.csproj]
/home/runner/work/trading-bot-c-/trading-bot-c-/src/BotCore/CloudDataUploader.cs(75,17): error CA1848: For improved performance, use the LoggerMessage delegates instead of calling 'LoggerExtensions.LogError(ILogger, Exception?, string?, params object?[])' (https://learn.microsoft.com/dotnet/fundamentals/code-analysis/quality-rules/ca1848) [/home/runner/work/trading-bot-c-/trading-bot-c-/src/BotCore/BotCore.csproj]
/home/runner/work/trading-bot-c-/trading-bot-c-/src/BotCore/CloudDataUploader.cs(79,17): error CA1848: For improved performance, use the LoggerMessage delegates instead of calling 'LoggerExtensions.LogError(ILogger, Exception?, string?, params object?[])' (https://learn.microsoft.com/dotnet/fundamentals/code-analysis/quality-rules/ca1848) [/home/runner/work/trading-bot-c-/trading-bot-c-/src/BotCore/BotCore.csproj]
/home/runner/work/trading-bot-c-/trading-bot-c-/src/BotCore/CloudDataUploader.cs(83,17): error CA1848: For improved performance, use the LoggerMessage delegates instead of calling 'LoggerExtensions.LogError(ILogger, Exception?, string?, params object?[])' (https://learn.microsoft.com/dotnet/fundamentals/code-analysis/quality-rules/ca1848) [/home/runner/work/trading-bot-c-/trading-bot-c-/src/BotCore/BotCore.csproj]
/home/runner/work/trading-bot-c-/trading-bot-c-/src/BotCore/CloudDataUploader.cs(87,17): error CA1848: For improved performance, use the LoggerMessage delegates instead of calling 'LoggerExtensions.LogError(ILogger, Exception?, string?, params object?[])' (https://learn.microsoft.com/dotnet/fundamentals/code-analysis/quality-rules/ca1848) [/home/runner/work/trading-bot-c-/trading-bot-c-/src/BotCore/BotCore.csproj]
/home/runner/work/trading-bot-c-/trading-bot-c-/src/BotCore/HealthChecks/ProductionHealthChecks.cs(445,13): error CA1848: For improved performance, use the LoggerMessage delegates instead of calling 'LoggerExtensions.LogWarning(ILogger, Exception?, string?, params object?[])' (https://learn.microsoft.com/dotnet/fundamentals/code-analysis/quality-rules/ca1848) [/home/runner/work/trading-bot-c-/trading-bot-c-/src/BotCore/BotCore.csproj]
/home/runner/work/trading-bot-c-/trading-bot-c-/src/BotCore/HealthChecks/ProductionHealthChecks.cs(450,13): error CA1848: For improved performance, use the LoggerMessage delegates instead of calling 'LoggerExtensions.LogWarning(ILogger, Exception?, string?, params object?[])' (https://learn.microsoft.com/dotnet/fundamentals/code-analysis/quality-rules/ca1848) [/home/runner/work/trading-bot-c-/trading-bot-c-/src/BotCore/BotCore.csproj]
/home/runner/work/trading-bot-c-/trading-bot-c-/src/BotCore/Configuration/ProductionConfigurationValidation.cs(382,34): error S1541: The Cyclomatic Complexity of this method is 11 which is greater than 10 authorized. (https://rules.sonarsource.com/csharp/RSPEC-1541) [/home/runner/work/trading-bot-c-/trading-bot-c-/src/BotCore/BotCore.csproj]
/home/runner/work/trading-bot-c-/trading-bot-c-/src/BotCore/Integration/YamlSchemaValidator.cs(226,17): error CA1848: For improved performance, use the LoggerMessage delegates instead of calling 'LoggerExtensions.LogInformation(ILogger, string?, params object?[])' (https://learn.microsoft.com/dotnet/fundamentals/code-analysis/quality-rules/ca1848) [/home/runner/work/trading-bot-c-/trading-bot-c-/src/BotCore/BotCore.csproj]
/home/runner/work/trading-bot-c-/trading-bot-c-/src/BotCore/Integration/YamlSchemaValidator.cs(242,13): error CA1848: For improved performance, use the LoggerMessage delegates instead of calling 'LoggerExtensions.LogInformation(ILogger, string?, params object?[])' (https://learn.microsoft.com/dotnet/fundamentals/code-analysis/quality-rules/ca1848) [/home/runner/work/trading-bot-c-/trading-bot-c-/src/BotCore/BotCore.csproj]
/home/runner/work/trading-bot-c-/trading-bot-c-/src/BotCore/Integration/YamlSchemaValidator.cs(265,13): error CA1848: For improved performance, use the LoggerMessage delegates instead of calling 'LoggerExtensions.LogError(ILogger, Exception?, string?, params object?[])' (https://learn.microsoft.com/dotnet/fundamentals/code-analysis/quality-rules/ca1848) [/home/runner/work/trading-bot-c-/trading-bot-c-/src/BotCore/BotCore.csproj]
/home/runner/work/trading-bot-c-/trading-bot-c-/src/BotCore/Integration/YamlSchemaValidator.cs(283,13): error CA1848: For improved performance, use the LoggerMessage delegates instead of calling 'LoggerExtensions.LogError(ILogger, Exception?, string?, params object?[])' (https://learn.microsoft.com/dotnet/fundamentals/code-analysis/quality-rules/ca1848) [/home/runner/work/trading-bot-c-/trading-bot-c-/src/BotCore/BotCore.csproj]
/home/runner/work/trading-bot-c-/trading-bot-c-/src/BotCore/CloudRlTrainerEnhanced.cs(282,42): error CA2007: Consider calling ConfigureAwait on the awaited task (https://learn.microsoft.com/dotnet/fundamentals/code-analysis/quality-rules/ca2007) [/home/runner/work/trading-bot-c-/trading-bot-c-/src/BotCore/BotCore.csproj]
/home/runner/work/trading-bot-c-/trading-bot-c-/src/BotCore/HealthChecks/ProductionHealthChecks.cs(388,13): error CA1848: For improved performance, use the LoggerMessage delegates instead of calling 'LoggerExtensions.LogWarning(ILogger, Exception?, string?, params object?[])' (https://learn.microsoft.com/dotnet/fundamentals/code-analysis/quality-rules/ca1848) [/home/runner/work/trading-bot-c-/trading-bot-c-/src/BotCore/BotCore.csproj]
/home/runner/work/trading-bot-c-/trading-bot-c-/src/BotCore/HealthChecks/ProductionHealthChecks.cs(386,9): error CA1031: Modify 'CheckHealthAsync' to catch a more specific allowed exception type, or rethrow the exception (https://learn.microsoft.com/dotnet/fundamentals/code-analysis/quality-rules/ca1031) [/home/runner/work/trading-bot-c-/trading-bot-c-/src/BotCore/BotCore.csproj]
/home/runner/work/trading-bot-c-/trading-bot-c-/src/BotCore/Infra/AdvancedSystemConfiguration.cs(56,9): error CA1848: For improved performance, use the LoggerMessage delegates instead of calling 'LoggerExtensions.LogInformation(ILogger, string?, params object?[])' (https://learn.microsoft.com/dotnet/fundamentals/code-analysis/quality-rules/ca1848) [/home/runner/work/trading-bot-c-/trading-bot-c-/src/BotCore/BotCore.csproj]
/home/runner/work/trading-bot-c-/trading-bot-c-/src/BotCore/Infra/AdvancedSystemConfiguration.cs(63,13): error CA1848: For improved performance, use the LoggerMessage delegates instead of calling 'LoggerExtensions.LogInformation(ILogger, string?, params object?[])' (https://learn.microsoft.com/dotnet/fundamentals/code-analysis/quality-rules/ca1848) [/home/runner/work/trading-bot-c-/trading-bot-c-/src/BotCore/BotCore.csproj]
/home/runner/work/trading-bot-c-/trading-bot-c-/src/BotCore/Infra/AdvancedSystemConfiguration.cs(71,13): error CA1848: For improved performance, use the LoggerMessage delegates instead of calling 'LoggerExtensions.LogInformation(ILogger, string?, params object?[])' (https://learn.microsoft.com/dotnet/fundamentals/code-analysis/quality-rules/ca1848) [/home/runner/work/trading-bot-c-/trading-bot-c-/src/BotCore/BotCore.csproj]
/home/runner/work/trading-bot-c-/trading-bot-c-/src/BotCore/Infra/AdvancedSystemConfiguration.cs(79,13): error CA1848: For improved performance, use the LoggerMessage delegates instead of calling 'LoggerExtensions.LogInformation(ILogger, string?, params object?[])' (https://learn.microsoft.com/dotnet/fundamentals/code-analysis/quality-rules/ca1848) [/home/runner/work/trading-bot-c-/trading-bot-c-/src/BotCore/BotCore.csproj]
/home/runner/work/trading-bot-c-/trading-bot-c-/src/BotCore/Infra/AdvancedSystemConfiguration.cs(82,9): error CA1848: For improved performance, use the LoggerMessage delegates instead of calling 'LoggerExtensions.LogInformation(ILogger, string?, params object?[])' (https://learn.microsoft.com/dotnet/fundamentals/code-analysis/quality-rules/ca1848) [/home/runner/work/trading-bot-c-/trading-bot-c-/src/BotCore/BotCore.csproj]
/home/runner/work/trading-bot-c-/trading-bot-c-/src/BotCore/Features/MtfStructureResolver.cs(153,17): error CA1848: For improved performance, use the LoggerMessage delegates instead of calling 'LoggerExtensions.LogError(ILogger, string?, params object?[])' (https://learn.microsoft.com/dotnet/fundamentals/code-analysis/quality-rules/ca1848) [/home/runner/work/trading-bot-c-/trading-bot-c-/src/BotCore/BotCore.csproj]
/home/runner/work/trading-bot-c-/trading-bot-c-/src/BotCore/Features/MtfStructureResolver.cs(164,17): error CA1848: For improved performance, use the LoggerMessage delegates instead of calling 'LoggerExtensions.LogWarning(ILogger, string?, params object?[])' (https://learn.microsoft.com/dotnet/fundamentals/code-analysis/quality-rules/ca1848) [/home/runner/work/trading-bot-c-/trading-bot-c-/src/BotCore/BotCore.csproj]
/home/runner/work/trading-bot-c-/trading-bot-c-/src/BotCore/Features/MtfStructureResolver.cs(175,21): error CA1848: For improved performance, use the LoggerMessage delegates instead of calling 'LoggerExtensions.LogWarning(ILogger, string?, params object?[])' (https://learn.microsoft.com/dotnet/fundamentals/code-analysis/quality-rules/ca1848) [/home/runner/work/trading-bot-c-/trading-bot-c-/src/BotCore/BotCore.csproj]
/home/runner/work/trading-bot-c-/trading-bot-c-/src/BotCore/Features/MtfStructureResolver.cs(180,21): error CA1848: For improved performance, use the LoggerMessage delegates instead of calling 'LoggerExtensions.LogWarning(ILogger, string?, params object?[])' (https://learn.microsoft.com/dotnet/fundamentals/code-analysis/quality-rules/ca1848) [/home/runner/work/trading-bot-c-/trading-bot-c-/src/BotCore/BotCore.csproj]
/home/runner/work/trading-bot-c-/trading-bot-c-/src/BotCore/HealthChecks/ProductionHealthChecks.cs(307,13): error CA1848: For improved performance, use the LoggerMessage delegates instead of calling 'LoggerExtensions.LogWarning(ILogger, Exception?, string?, params object?[])' (https://learn.microsoft.com/dotnet/fundamentals/code-analysis/quality-rules/ca1848) [/home/runner/work/trading-bot-c-/trading-bot-c-/src/BotCore/BotCore.csproj]
/home/runner/work/trading-bot-c-/trading-bot-c-/src/BotCore/HealthChecks/ProductionHealthChecks.cs(312,13): error CA1848: For improved performance, use the LoggerMessage delegates instead of calling 'LoggerExtensions.LogWarning(ILogger, Exception?, string?, params object?[])' (https://learn.microsoft.com/dotnet/fundamentals/code-analysis/quality-rules/ca1848) [/home/runner/work/trading-bot-c-/trading-bot-c-/src/BotCore/BotCore.csproj]
/home/runner/work/trading-bot-c-/trading-bot-c-/src/BotCore/CloudDataUploader.cs(98,17): error CA1848: For improved performance, use the LoggerMessage delegates instead of calling 'LoggerExtensions.LogDebug(ILogger, string?, params object?[])' (https://learn.microsoft.com/dotnet/fundamentals/code-analysis/quality-rules/ca1848) [/home/runner/work/trading-bot-c-/trading-bot-c-/src/BotCore/BotCore.csproj]
/home/runner/work/trading-bot-c-/trading-bot-c-/src/BotCore/CloudDataUploader.cs(106,21): error CA1848: For improved performance, use the LoggerMessage delegates instead of calling 'LoggerExtensions.LogDebug(ILogger, string?, params object?[])' (https://learn.microsoft.com/dotnet/fundamentals/code-analysis/quality-rules/ca1848) [/home/runner/work/trading-bot-c-/trading-bot-c-/src/BotCore/BotCore.csproj]
/home/runner/work/trading-bot-c-/trading-bot-c-/src/BotCore/CloudDataUploader.cs(113,21): error CA1848: For improved performance, use the LoggerMessage delegates instead of calling 'LoggerExtensions.LogDebug(ILogger, string?, params object?[])' (https://learn.microsoft.com/dotnet/fundamentals/code-analysis/quality-rules/ca1848) [/home/runner/work/trading-bot-c-/trading-bot-c-/src/BotCore/BotCore.csproj]
/home/runner/work/trading-bot-c-/trading-bot-c-/src/BotCore/CloudDataUploader.cs(121,17): error CA1848: For improved performance, use the LoggerMessage delegates instead of calling 'LoggerExtensions.LogInformation(ILogger, string?, params object?[])' (https://learn.microsoft.com/dotnet/fundamentals/code-analysis/quality-rules/ca1848) [/home/runner/work/trading-bot-c-/trading-bot-c-/src/BotCore/BotCore.csproj]
/home/runner/work/trading-bot-c-/trading-bot-c-/src/BotCore/CloudDataUploader.cs(141,17): error CA1848: For improved performance, use the LoggerMessage delegates instead of calling 'LoggerExtensions.LogError(ILogger, Exception?, string?, params object?[])' (https://learn.microsoft.com/dotnet/fundamentals/code-analysis/quality-rules/ca1848) [/home/runner/work/trading-bot-c-/trading-bot-c-/src/BotCore/BotCore.csproj]
/home/runner/work/trading-bot-c-/trading-bot-c-/src/BotCore/CloudDataUploader.cs(118,58): error CA1310: The behavior of 'string.StartsWith(string)' could vary based on the current user's locale settings. Replace this call in 'BotCore.CloudDataUploader.UploadTrainingDataToCloudAsync()' with a call to 'string.StartsWith(string, System.StringComparison)'. (https://learn.microsoft.com/dotnet/fundamentals/code-analysis/quality-rules/ca1310) [/home/runner/work/trading-bot-c-/trading-bot-c-/src/BotCore/BotCore.csproj]
/home/runner/work/trading-bot-c-/trading-bot-c-/src/BotCore/CloudDataUploader.cs(119,58): error CA1310: The behavior of 'string.StartsWith(string)' could vary based on the current user's locale settings. Replace this call in 'BotCore.CloudDataUploader.UploadTrainingDataToCloudAsync()' with a call to 'string.StartsWith(string, System.StringComparison)'. (https://learn.microsoft.com/dotnet/fundamentals/code-analysis/quality-rules/ca1310) [/home/runner/work/trading-bot-c-/trading-bot-c-/src/BotCore/BotCore.csproj]
/home/runner/work/trading-bot-c-/trading-bot-c-/src/BotCore/Fusion/MLConfiguration.cs(210,85): error S1541: The Cyclomatic Complexity of this method is 12 which is greater than 10 authorized. (https://rules.sonarsource.com/csharp/RSPEC-1541) [/home/runner/work/trading-bot-c-/trading-bot-c-/src/BotCore/BotCore.csproj]
/home/runner/work/trading-bot-c-/trading-bot-c-/src/BotCore/Fusion/MLConfiguration.cs(221,17): error CA1848: For improved performance, use the LoggerMessage delegates instead of calling 'LoggerExtensions.LogError(ILogger, string?, params object?[])' (https://learn.microsoft.com/dotnet/fundamentals/code-analysis/quality-rules/ca1848) [/home/runner/work/trading-bot-c-/trading-bot-c-/src/BotCore/BotCore.csproj]
/home/runner/work/trading-bot-c-/trading-bot-c-/src/BotCore/Fusion/MLConfiguration.cs(279,13): error CA1848: For improved performance, use the LoggerMessage delegates instead of calling 'LoggerExtensions.LogError(ILogger, Exception?, string?, params object?[])' (https://learn.microsoft.com/dotnet/fundamentals/code-analysis/quality-rules/ca1848) [/home/runner/work/trading-bot-c-/trading-bot-c-/src/BotCore/BotCore.csproj]
/home/runner/work/trading-bot-c-/trading-bot-c-/src/BotCore/Features/MtfStructureResolver.cs(202,17): error CA1848: For improved performance, use the LoggerMessage delegates instead of calling 'LoggerExtensions.LogWarning(ILogger, string?, params object?[])' (https://learn.microsoft.com/dotnet/fundamentals/code-analysis/quality-rules/ca1848) [/home/runner/work/trading-bot-c-/trading-bot-c-/src/BotCore/BotCore.csproj]
/home/runner/work/trading-bot-c-/trading-bot-c-/src/BotCore/Features/MtfStructureResolver.cs(209,17): error CA1848: For improved performance, use the LoggerMessage delegates instead of calling 'LoggerExtensions.LogTrace(ILogger, string?, params object?[])' (https://learn.microsoft.com/dotnet/fundamentals/code-analysis/quality-rules/ca1848) [/home/runner/work/trading-bot-c-/trading-bot-c-/src/BotCore/BotCore.csproj]
/home/runner/work/trading-bot-c-/trading-bot-c-/src/BotCore/Features/MtfStructureResolver.cs(216,17): error CA1848: For improved performance, use the LoggerMessage delegates instead of calling 'LoggerExtensions.LogTrace(ILogger, string?, params object?[])' (https://learn.microsoft.com/dotnet/fundamentals/code-analysis/quality-rules/ca1848) [/home/runner/work/trading-bot-c-/trading-bot-c-/src/BotCore/BotCore.csproj]
/home/runner/work/trading-bot-c-/trading-bot-c-/src/BotCore/Features/MtfStructureResolver.cs(224,17): error CA1848: For improved performance, use the LoggerMessage delegates instead of calling 'LoggerExtensions.LogTrace(ILogger, string?, params object?[])' (https://learn.microsoft.com/dotnet/fundamentals/code-analysis/quality-rules/ca1848) [/home/runner/work/trading-bot-c-/trading-bot-c-/src/BotCore/BotCore.csproj]
/home/runner/work/trading-bot-c-/trading-bot-c-/src/BotCore/Features/MtfStructureResolver.cs(230,13): error CA1848: For improved performance, use the LoggerMessage delegates instead of calling 'LoggerExtensions.LogWarning(ILogger, string?, params object?[])' (https://learn.microsoft.com/dotnet/fundamentals/code-analysis/quality-rules/ca1848) [/home/runner/work/trading-bot-c-/trading-bot-c-/src/BotCore/BotCore.csproj]
/home/runner/work/trading-bot-c-/trading-bot-c-/src/BotCore/CloudDataUploader.cs(169,21): error CA1848: For improved performance, use the LoggerMessage delegates instead of calling 'LoggerExtensions.LogInformation(ILogger, string?, params object?[])' (https://learn.microsoft.com/dotnet/fundamentals/code-analysis/quality-rules/ca1848) [/home/runner/work/trading-bot-c-/trading-bot-c-/src/BotCore/BotCore.csproj]
/home/runner/work/trading-bot-c-/trading-bot-c-/src/BotCore/CloudDataUploader.cs(181,21): error CA1848: For improved performance, use the LoggerMessage delegates instead of calling 'LoggerExtensions.LogWarning(ILogger, string?, params object?[])' (https://learn.microsoft.com/dotnet/fundamentals/code-analysis/quality-rules/ca1848) [/home/runner/work/trading-bot-c-/trading-bot-c-/src/BotCore/BotCore.csproj]
/home/runner/work/trading-bot-c-/trading-bot-c-/src/BotCore/CloudDataUploader.cs(192,17): error CA1848: For improved performance, use the LoggerMessage delegates instead of calling 'LoggerExtensions.LogError(ILogger, Exception?, string?, params object?[])' (https://learn.microsoft.com/dotnet/fundamentals/code-analysis/quality-rules/ca1848) [/home/runner/work/trading-bot-c-/trading-bot-c-/src/BotCore/BotCore.csproj]
/home/runner/work/trading-bot-c-/trading-bot-c-/src/BotCore/CloudDataUploader.cs(196,17): error CA1848: For improved performance, use the LoggerMessage delegates instead of calling 'LoggerExtensions.LogError(ILogger, Exception?, string?, params object?[])' (https://learn.microsoft.com/dotnet/fundamentals/code-analysis/quality-rules/ca1848) [/home/runner/work/trading-bot-c-/trading-bot-c-/src/BotCore/BotCore.csproj]
/home/runner/work/trading-bot-c-/trading-bot-c-/src/BotCore/CloudDataUploader.cs(200,17): error CA1848: For improved performance, use the LoggerMessage delegates instead of calling 'LoggerExtensions.LogError(ILogger, Exception?, string?, params object?[])' (https://learn.microsoft.com/dotnet/fundamentals/code-analysis/quality-rules/ca1848) [/home/runner/work/trading-bot-c-/trading-bot-c-/src/BotCore/BotCore.csproj]
/home/runner/work/trading-bot-c-/trading-bot-c-/src/BotCore/CloudDataUploader.cs(204,17): error CA1848: For improved performance, use the LoggerMessage delegates instead of calling 'LoggerExtensions.LogError(ILogger, Exception?, string?, params object?[])' (https://learn.microsoft.com/dotnet/fundamentals/code-analysis/quality-rules/ca1848) [/home/runner/work/trading-bot-c-/trading-bot-c-/src/BotCore/BotCore.csproj]
/home/runner/work/trading-bot-c-/trading-bot-c-/src/BotCore/Fusion/MLConfiguration.cs(305,13): error CA1848: For improved performance, use the LoggerMessage delegates instead of calling 'LoggerExtensions.LogTrace(ILogger, string?, params object?[])' (https://learn.microsoft.com/dotnet/fundamentals/code-analysis/quality-rules/ca1848) [/home/runner/work/trading-bot-c-/trading-bot-c-/src/BotCore/BotCore.csproj]
/home/runner/work/trading-bot-c-/trading-bot-c-/src/BotCore/Fusion/MLConfiguration.cs(309,13): error CA1848: For improved performance, use the LoggerMessage delegates instead of calling 'LoggerExtensions.LogError(ILogger, Exception?, string?, params object?[])' (https://learn.microsoft.com/dotnet/fundamentals/code-analysis/quality-rules/ca1848) [/home/runner/work/trading-bot-c-/trading-bot-c-/src/BotCore/BotCore.csproj]
/home/runner/work/trading-bot-c-/trading-bot-c-/src/BotCore/Fusion/MLConfiguration.cs(307,9): error CA1031: Modify 'UpdateStrategyReward' to catch a more specific allowed exception type, or rethrow the exception (https://learn.microsoft.com/dotnet/fundamentals/code-analysis/quality-rules/ca1031) [/home/runner/work/trading-bot-c-/trading-bot-c-/src/BotCore/BotCore.csproj]
/home/runner/work/trading-bot-c-/trading-bot-c-/src/BotCore/Configuration/BacktestEnhancementConfiguration.cs(154,26): error SCS0005: Weak random number generator. (https://security-code-scan.github.io/#SCS0005) [/home/runner/work/trading-bot-c-/trading-bot-c-/src/BotCore/BotCore.csproj]
/home/runner/work/trading-bot-c-/trading-bot-c-/src/BotCore/Configuration/BacktestEnhancementConfiguration.cs(154,26): error CA5394: Random is an insecure random number generator. Use cryptographically secure random number generators when randomness is required for security. (https://learn.microsoft.com/dotnet/fundamentals/code-analysis/quality-rules/ca5394) [/home/runner/work/trading-bot-c-/trading-bot-c-/src/BotCore/BotCore.csproj]
/home/runner/work/trading-bot-c-/trading-bot-c-/src/BotCore/Calibration/IsotonicCalibrationService.cs(63,25): error CA1848: For improved performance, use the LoggerMessage delegates instead of calling 'LoggerExtensions.LogError(ILogger, string?, params object?[])' (https://learn.microsoft.com/dotnet/fundamentals/code-analysis/quality-rules/ca1848) [/home/runner/work/trading-bot-c-/trading-bot-c-/src/BotCore/BotCore.csproj]
/home/runner/work/trading-bot-c-/trading-bot-c-/src/BotCore/Calibration/IsotonicCalibrationService.cs(72,21): error CA1848: For improved performance, use the LoggerMessage delegates instead of calling 'LoggerExtensions.LogTrace(ILogger, string?, params object?[])' (https://learn.microsoft.com/dotnet/fundamentals/code-analysis/quality-rules/ca1848) [/home/runner/work/trading-bot-c-/trading-bot-c-/src/BotCore/BotCore.csproj]
/home/runner/work/trading-bot-c-/trading-bot-c-/src/BotCore/Calibration/IsotonicCalibrationService.cs(80,17): error CA1848: For improved performance, use the LoggerMessage delegates instead of calling 'LoggerExtensions.LogError(ILogger, Exception?, string?, params object?[])' (https://learn.microsoft.com/dotnet/fundamentals/code-analysis/quality-rules/ca1848) [/home/runner/work/trading-bot-c-/trading-bot-c-/src/BotCore/BotCore.csproj]
/home/runner/work/trading-bot-c-/trading-bot-c-/src/BotCore/Config/ParamStore.cs(101,58): error CA1869: Avoid creating a new 'JsonSerializerOptions' instance for every serialization operation. Cache and reuse instances instead. (https://learn.microsoft.com/dotnet/fundamentals/code-analysis/quality-rules/ca1869) [/home/runner/work/trading-bot-c-/trading-bot-c-/src/BotCore/BotCore.csproj]
/home/runner/work/trading-bot-c-/trading-bot-c-/src/BotCore/Integration/YamlSchemaValidator.cs(322,31): error S1541: The Cyclomatic Complexity of this method is 11 which is greater than 10 authorized. (https://rules.sonarsource.com/csharp/RSPEC-1541) [/home/runner/work/trading-bot-c-/trading-bot-c-/src/BotCore/BotCore.csproj]
/home/runner/work/trading-bot-c-/trading-bot-c-/src/BotCore/Calibration/IsotonicCalibrationService.cs(90,32): error CA1308: In method 'CreateTableKey', replace the call to 'ToLowerInvariant' with 'ToUpperInvariant' (https://learn.microsoft.com/dotnet/fundamentals/code-analysis/quality-rules/ca1308) [/home/runner/work/trading-bot-c-/trading-bot-c-/src/BotCore/BotCore.csproj]
/home/runner/work/trading-bot-c-/trading-bot-c-/src/BotCore/Calibration/IsotonicCalibrationService.cs(90,60): error CA1308: In method 'CreateTableKey', replace the call to 'ToLowerInvariant' with 'ToUpperInvariant' (https://learn.microsoft.com/dotnet/fundamentals/code-analysis/quality-rules/ca1308) [/home/runner/work/trading-bot-c-/trading-bot-c-/src/BotCore/BotCore.csproj]
/home/runner/work/trading-bot-c-/trading-bot-c-/src/BotCore/HealthChecks/ProductionHealthChecks.cs(249,13): error CA1848: For improved performance, use the LoggerMessage delegates instead of calling 'LoggerExtensions.LogWarning(ILogger, Exception?, string?, params object?[])' (https://learn.microsoft.com/dotnet/fundamentals/code-analysis/quality-rules/ca1848) [/home/runner/work/trading-bot-c-/trading-bot-c-/src/BotCore/BotCore.csproj]
/home/runner/work/trading-bot-c-/trading-bot-c-/src/BotCore/HealthChecks/ProductionHealthChecks.cs(247,9): error CA1031: Modify 'CheckHealthAsync' to catch a more specific allowed exception type, or rethrow the exception (https://learn.microsoft.com/dotnet/fundamentals/code-analysis/quality-rules/ca1031) [/home/runner/work/trading-bot-c-/trading-bot-c-/src/BotCore/BotCore.csproj]
/home/runner/work/trading-bot-c-/trading-bot-c-/src/BotCore/Fusion/MLConfiguration.cs(80,13): error CA1848: For improved performance, use the LoggerMessage delegates instead of calling 'LoggerExtensions.LogTrace(ILogger, string?, params object?[])' (https://learn.microsoft.com/dotnet/fundamentals/code-analysis/quality-rules/ca1848) [/home/runner/work/trading-bot-c-/trading-bot-c-/src/BotCore/BotCore.csproj]
/home/runner/work/trading-bot-c-/trading-bot-c-/src/BotCore/Fusion/MLConfiguration.cs(85,13): error CA1848: For improved performance, use the LoggerMessage delegates instead of calling 'LoggerExtensions.LogError(ILogger, Exception?, string?, params object?[])' (https://learn.microsoft.com/dotnet/fundamentals/code-analysis/quality-rules/ca1848) [/home/runner/work/trading-bot-c-/trading-bot-c-/src/BotCore/BotCore.csproj]
/home/runner/work/trading-bot-c-/trading-bot-c-/src/BotCore/Config/ParamStore.cs(151,17): error CA1848: For improved performance, use the LoggerMessage delegates instead of calling 'LoggerExtensions.LogInformation(ILogger, string?, params object?[])' (https://learn.microsoft.com/dotnet/fundamentals/code-analysis/quality-rules/ca1848) [/home/runner/work/trading-bot-c-/trading-bot-c-/src/BotCore/BotCore.csproj]
/home/runner/work/trading-bot-c-/trading-bot-c-/src/BotCore/Services/OnnxModelCompatibilityService.cs(46,17): error CA1848: For improved performance, use the LoggerMessage delegates instead of calling 'LoggerExtensions.LogInformation(ILogger, string?, params object?[])' (https://learn.microsoft.com/dotnet/fundamentals/code-analysis/quality-rules/ca1848) [/home/runner/work/trading-bot-c-/trading-bot-c-/src/BotCore/BotCore.csproj]
/home/runner/work/trading-bot-c-/trading-bot-c-/src/BotCore/Services/OnnxModelCompatibilityService.cs(55,13): error CA1848: For improved performance, use the LoggerMessage delegates instead of calling 'LoggerExtensions.LogInformation(ILogger, string?, params object?[])' (https://learn.microsoft.com/dotnet/fundamentals/code-analysis/quality-rules/ca1848) [/home/runner/work/trading-bot-c-/trading-bot-c-/src/BotCore/BotCore.csproj]
/home/runner/work/trading-bot-c-/trading-bot-c-/src/BotCore/Market/RedundantDataFeedManager.cs(465,25): error S1541: The Cyclomatic Complexity of this method is 14 which is greater than 10 authorized. (https://rules.sonarsource.com/csharp/RSPEC-1541) [/home/runner/work/trading-bot-c-/trading-bot-c-/src/BotCore/BotCore.csproj]
/home/runner/work/trading-bot-c-/trading-bot-c-/src/BotCore/CloudDataUploader.cs(223,28): error S1541: The Cyclomatic Complexity of this method is 12 which is greater than 10 authorized. (https://rules.sonarsource.com/csharp/RSPEC-1541) [/home/runner/work/trading-bot-c-/trading-bot-c-/src/BotCore/BotCore.csproj]
/home/runner/work/trading-bot-c-/trading-bot-c-/src/BotCore/Config/ParamStore.cs(177,68): error S2589: Remove this unnecessary check for null. (https://rules.sonarsource.com/csharp/RSPEC-2589) [/home/runner/work/trading-bot-c-/trading-bot-c-/src/BotCore/BotCore.csproj]
/home/runner/work/trading-bot-c-/trading-bot-c-/src/BotCore/Config/ParamStore.cs(177,68): error S2583: Remove this unnecessary check for null. Some code paths are unreachable. (https://rules.sonarsource.com/csharp/RSPEC-2583) [/home/runner/work/trading-bot-c-/trading-bot-c-/src/BotCore/BotCore.csproj]
/home/runner/work/trading-bot-c-/trading-bot-c-/src/BotCore/Config/ParamStore.cs(175,58): error CA1869: Avoid creating a new 'JsonSerializerOptions' instance for every serialization operation. Cache and reuse instances instead. (https://learn.microsoft.com/dotnet/fundamentals/code-analysis/quality-rules/ca1869) [/home/runner/work/trading-bot-c-/trading-bot-c-/src/BotCore/BotCore.csproj]
/home/runner/work/trading-bot-c-/trading-bot-c-/src/BotCore/CloudDataUploader.cs(266,21): error CA1848: For improved performance, use the LoggerMessage delegates instead of calling 'LoggerExtensions.LogWarning(ILogger, Exception?, string?, params object?[])' (https://learn.microsoft.com/dotnet/fundamentals/code-analysis/quality-rules/ca1848) [/home/runner/work/trading-bot-c-/trading-bot-c-/src/BotCore/BotCore.csproj]
/home/runner/work/trading-bot-c-/trading-bot-c-/src/BotCore/CloudDataUploader.cs(270,21): error CA1848: For improved performance, use the LoggerMessage delegates instead of calling 'LoggerExtensions.LogWarning(ILogger, Exception?, string?, params object?[])' (https://learn.microsoft.com/dotnet/fundamentals/code-analysis/quality-rules/ca1848) [/home/runner/work/trading-bot-c-/trading-bot-c-/src/BotCore/BotCore.csproj]
/home/runner/work/trading-bot-c-/trading-bot-c-/src/BotCore/CloudDataUploader.cs(280,13): error CA1848: For improved performance, use the LoggerMessage delegates instead of calling 'LoggerExtensions.LogDebug(ILogger, string?, params object?[])' (https://learn.microsoft.com/dotnet/fundamentals/code-analysis/quality-rules/ca1848) [/home/runner/work/trading-bot-c-/trading-bot-c-/src/BotCore/BotCore.csproj]
/home/runner/work/trading-bot-c-/trading-bot-c-/src/BotCore/Services/OnnxModelCompatibilityService.cs(70,21): error CA1848: For improved performance, use the LoggerMessage delegates instead of calling 'LoggerExtensions.LogError(ILogger, string?, params object?[])' (https://learn.microsoft.com/dotnet/fundamentals/code-analysis/quality-rules/ca1848) [/home/runner/work/trading-bot-c-/trading-bot-c-/src/BotCore/BotCore.csproj]
/home/runner/work/trading-bot-c-/trading-bot-c-/src/BotCore/Services/OnnxModelCompatibilityService.cs(80,21): error CA1848: For improved performance, use the LoggerMessage delegates instead of calling 'LoggerExtensions.LogError(ILogger, string?, params object?[])' (https://learn.microsoft.com/dotnet/fundamentals/code-analysis/quality-rules/ca1848) [/home/runner/work/trading-bot-c-/trading-bot-c-/src/BotCore/BotCore.csproj]
/home/runner/work/trading-bot-c-/trading-bot-c-/src/BotCore/Services/OnnxModelCompatibilityService.cs(88,21): error CA1848: For improved performance, use the LoggerMessage delegates instead of calling 'LoggerExtensions.LogError(ILogger, string?, params object?[])' (https://learn.microsoft.com/dotnet/fundamentals/code-analysis/quality-rules/ca1848) [/home/runner/work/trading-bot-c-/trading-bot-c-/src/BotCore/BotCore.csproj]
/home/runner/work/trading-bot-c-/trading-bot-c-/src/BotCore/Services/OnnxModelCompatibilityService.cs(97,21): error CA1848: For improved performance, use the LoggerMessage delegates instead of calling 'LoggerExtensions.LogError(ILogger, string?, params object?[])' (https://learn.microsoft.com/dotnet/fundamentals/code-analysis/quality-rules/ca1848) [/home/runner/work/trading-bot-c-/trading-bot-c-/src/BotCore/BotCore.csproj]
/home/runner/work/trading-bot-c-/trading-bot-c-/src/BotCore/Services/OnnxModelCompatibilityService.cs(104,21): error CA1848: For improved performance, use the LoggerMessage delegates instead of calling 'LoggerExtensions.LogError(ILogger, string?, params object?[])' (https://learn.microsoft.com/dotnet/fundamentals/code-analysis/quality-rules/ca1848) [/home/runner/work/trading-bot-c-/trading-bot-c-/src/BotCore/BotCore.csproj]
/home/runner/work/trading-bot-c-/trading-bot-c-/src/BotCore/Services/OnnxModelCompatibilityService.cs(114,17): error CA1848: For improved performance, use the LoggerMessage delegates instead of calling 'LoggerExtensions.LogInformation(ILogger, string?, params object?[])' (https://learn.microsoft.com/dotnet/fundamentals/code-analysis/quality-rules/ca1848) [/home/runner/work/trading-bot-c-/trading-bot-c-/src/BotCore/BotCore.csproj]
/home/runner/work/trading-bot-c-/trading-bot-c-/src/BotCore/Services/OnnxModelCompatibilityService.cs(119,17): error CA1848: For improved performance, use the LoggerMessage delegates instead of calling 'LoggerExtensions.LogError(ILogger, Exception?, string?, params object?[])' (https://learn.microsoft.com/dotnet/fundamentals/code-analysis/quality-rules/ca1848) [/home/runner/work/trading-bot-c-/trading-bot-c-/src/BotCore/BotCore.csproj]
/home/runner/work/trading-bot-c-/trading-bot-c-/src/BotCore/Services/OnnxModelCompatibilityService.cs(124,17): error CA1848: For improved performance, use the LoggerMessage delegates instead of calling 'LoggerExtensions.LogError(ILogger, Exception?, string?, params object?[])' (https://learn.microsoft.com/dotnet/fundamentals/code-analysis/quality-rules/ca1848) [/home/runner/work/trading-bot-c-/trading-bot-c-/src/BotCore/BotCore.csproj]
/home/runner/work/trading-bot-c-/trading-bot-c-/src/BotCore/Services/OnnxModelCompatibilityService.cs(129,17): error CA1848: For improved performance, use the LoggerMessage delegates instead of calling 'LoggerExtensions.LogError(ILogger, Exception?, string?, params object?[])' (https://learn.microsoft.com/dotnet/fundamentals/code-analysis/quality-rules/ca1848) [/home/runner/work/trading-bot-c-/trading-bot-c-/src/BotCore/BotCore.csproj]
/home/runner/work/trading-bot-c-/trading-bot-c-/src/BotCore/Services/OnnxModelCompatibilityService.cs(134,17): error CA1848: For improved performance, use the LoggerMessage delegates instead of calling 'LoggerExtensions.LogError(ILogger, Exception?, string?, params object?[])' (https://learn.microsoft.com/dotnet/fundamentals/code-analysis/quality-rules/ca1848) [/home/runner/work/trading-bot-c-/trading-bot-c-/src/BotCore/BotCore.csproj]
/home/runner/work/trading-bot-c-/trading-bot-c-/src/BotCore/Services/OnnxModelCompatibilityService.cs(149,21): error CA1848: For improved performance, use the LoggerMessage delegates instead of calling 'LoggerExtensions.LogWarning(ILogger, string?, params object?[])' (https://learn.microsoft.com/dotnet/fundamentals/code-analysis/quality-rules/ca1848) [/home/runner/work/trading-bot-c-/trading-bot-c-/src/BotCore/BotCore.csproj]
/home/runner/work/trading-bot-c-/trading-bot-c-/src/BotCore/Services/OnnxModelCompatibilityService.cs(158,21): error CA1848: For improved performance, use the LoggerMessage delegates instead of calling 'LoggerExtensions.LogWarning(ILogger, string?, params object?[])' (https://learn.microsoft.com/dotnet/fundamentals/code-analysis/quality-rules/ca1848) [/home/runner/work/trading-bot-c-/trading-bot-c-/src/BotCore/BotCore.csproj]
/home/runner/work/trading-bot-c-/trading-bot-c-/src/BotCore/Services/OnnxModelCompatibilityService.cs(164,17): error CA1848: For improved performance, use the LoggerMessage delegates instead of calling 'LoggerExtensions.LogInformation(ILogger, string?, params object?[])' (https://learn.microsoft.com/dotnet/fundamentals/code-analysis/quality-rules/ca1848) [/home/runner/work/trading-bot-c-/trading-bot-c-/src/BotCore/BotCore.csproj]
/home/runner/work/trading-bot-c-/trading-bot-c-/src/BotCore/HealthChecks/ProductionHealthChecks.cs(145,13): error CA1848: For improved performance, use the LoggerMessage delegates instead of calling 'LoggerExtensions.LogError(ILogger, Exception?, string?, params object?[])' (https://learn.microsoft.com/dotnet/fundamentals/code-analysis/quality-rules/ca1848) [/home/runner/work/trading-bot-c-/trading-bot-c-/src/BotCore/BotCore.csproj]
/home/runner/work/trading-bot-c-/trading-bot-c-/src/BotCore/HealthChecks/ProductionHealthChecks.cs(143,9): error CA1031: Modify 'GetHealthAsync' to catch a more specific allowed exception type, or rethrow the exception (https://learn.microsoft.com/dotnet/fundamentals/code-analysis/quality-rules/ca1031) [/home/runner/work/trading-bot-c-/trading-bot-c-/src/BotCore/BotCore.csproj]
/home/runner/work/trading-bot-c-/trading-bot-c-/src/BotCore/Services/OnnxModelCompatibilityService.cs(178,17): error CA1848: For improved performance, use the LoggerMessage delegates instead of calling 'LoggerExtensions.LogWarning(ILogger, Exception?, string?, params object?[])' (https://learn.microsoft.com/dotnet/fundamentals/code-analysis/quality-rules/ca1848) [/home/runner/work/trading-bot-c-/trading-bot-c-/src/BotCore/BotCore.csproj]
/home/runner/work/trading-bot-c-/trading-bot-c-/src/BotCore/Services/OnnxModelCompatibilityService.cs(183,17): error CA1848: For improved performance, use the LoggerMessage delegates instead of calling 'LoggerExtensions.LogWarning(ILogger, Exception?, string?, params object?[])' (https://learn.microsoft.com/dotnet/fundamentals/code-analysis/quality-rules/ca1848) [/home/runner/work/trading-bot-c-/trading-bot-c-/src/BotCore/BotCore.csproj]
/home/runner/work/trading-bot-c-/trading-bot-c-/src/BotCore/Fusion/MetricsServices.cs(213,26): error S2139: Either log this exception and handle it, or rethrow it with some contextual information. (https://rules.sonarsource.com/csharp/RSPEC-2139) [/home/runner/work/trading-bot-c-/trading-bot-c-/src/BotCore/BotCore.csproj]
/home/runner/work/trading-bot-c-/trading-bot-c-/src/BotCore/Fusion/MetricsServices.cs(184,13): error CA1848: For improved performance, use the LoggerMessage delegates instead of calling 'LoggerExtensions.LogCritical(ILogger, string?, params object?[])' (https://learn.microsoft.com/dotnet/fundamentals/code-analysis/quality-rules/ca1848) [/home/runner/work/trading-bot-c-/trading-bot-c-/src/BotCore/BotCore.csproj]
/home/runner/work/trading-bot-c-/trading-bot-c-/src/BotCore/Fusion/MetricsServices.cs(211,13): error CA1848: For improved performance, use the LoggerMessage delegates instead of calling 'LoggerExtensions.LogTrace(ILogger, string?, params object?[])' (https://learn.microsoft.com/dotnet/fundamentals/code-analysis/quality-rules/ca1848) [/home/runner/work/trading-bot-c-/trading-bot-c-/src/BotCore/BotCore.csproj]
/home/runner/work/trading-bot-c-/trading-bot-c-/src/BotCore/Fusion/MetricsServices.cs(216,13): error CA1848: For improved performance, use the LoggerMessage delegates instead of calling 'LoggerExtensions.LogCritical(ILogger, Exception?, string?, params object?[])' (https://learn.microsoft.com/dotnet/fundamentals/code-analysis/quality-rules/ca1848) [/home/runner/work/trading-bot-c-/trading-bot-c-/src/BotCore/BotCore.csproj]
/home/runner/work/trading-bot-c-/trading-bot-c-/src/BotCore/Config/ParamStore.cs(207,17): error CA1848: For improved performance, use the LoggerMessage delegates instead of calling 'LoggerExtensions.LogInformation(ILogger, string?, params object?[])' (https://learn.microsoft.com/dotnet/fundamentals/code-analysis/quality-rules/ca1848) [/home/runner/work/trading-bot-c-/trading-bot-c-/src/BotCore/BotCore.csproj]
/home/runner/work/trading-bot-c-/trading-bot-c-/src/BotCore/Services/OnnxModelCompatibilityService.cs(199,17): error CA1848: For improved performance, use the LoggerMessage delegates instead of calling 'LoggerExtensions.LogError(ILogger, Exception?, string?, params object?[])' (https://learn.microsoft.com/dotnet/fundamentals/code-analysis/quality-rules/ca1848) [/home/runner/work/trading-bot-c-/trading-bot-c-/src/BotCore/BotCore.csproj]
/home/runner/work/trading-bot-c-/trading-bot-c-/src/BotCore/Services/OnnxModelCompatibilityService.cs(204,17): error CA1848: For improved performance, use the LoggerMessage delegates instead of calling 'LoggerExtensions.LogError(ILogger, Exception?, string?, params object?[])' (https://learn.microsoft.com/dotnet/fundamentals/code-analysis/quality-rules/ca1848) [/home/runner/work/trading-bot-c-/trading-bot-c-/src/BotCore/BotCore.csproj]
/home/runner/work/trading-bot-c-/trading-bot-c-/src/BotCore/Services/OnnxModelCompatibilityService.cs(209,17): error CA1848: For improved performance, use the LoggerMessage delegates instead of calling 'LoggerExtensions.LogError(ILogger, Exception?, string?, params object?[])' (https://learn.microsoft.com/dotnet/fundamentals/code-analysis/quality-rules/ca1848) [/home/runner/work/trading-bot-c-/trading-bot-c-/src/BotCore/BotCore.csproj]
/home/runner/work/trading-bot-c-/trading-bot-c-/src/BotCore/Config/ParamStore.cs(208,80): error CA1508: 'obj.JsonConfig' is never 'null'. Remove or refactor the condition(s) to avoid dead code. (https://learn.microsoft.com/dotnet/fundamentals/code-analysis/quality-rules/ca1508) [/home/runner/work/trading-bot-c-/trading-bot-c-/src/BotCore/BotCore.csproj]
/home/runner/work/trading-bot-c-/trading-bot-c-/src/BotCore/Config/ParamStore.cs(208,80): error CA1508: 'obj.JsonConfig?.Length' is never 'null'. Remove or refactor the condition(s) to avoid dead code. (https://learn.microsoft.com/dotnet/fundamentals/code-analysis/quality-rules/ca1508) [/home/runner/work/trading-bot-c-/trading-bot-c-/src/BotCore/BotCore.csproj]
/home/runner/work/trading-bot-c-/trading-bot-c-/src/BotCore/Fusion/MetricsServices.cs(257,26): error S2139: Either log this exception and handle it, or rethrow it with some contextual information. (https://rules.sonarsource.com/csharp/RSPEC-2139) [/home/runner/work/trading-bot-c-/trading-bot-c-/src/BotCore/BotCore.csproj]
/home/runner/work/trading-bot-c-/trading-bot-c-/src/BotCore/Market/RedundantDataFeedManager.cs(538,13): error CA1848: For improved performance, use the LoggerMessage delegates instead of calling 'LoggerExtensions.LogWarning(ILogger, string?, params object?[])' (https://learn.microsoft.com/dotnet/fundamentals/code-analysis/quality-rules/ca1848) [/home/runner/work/trading-bot-c-/trading-bot-c-/src/BotCore/BotCore.csproj]
/home/runner/work/trading-bot-c-/trading-bot-c-/src/BotCore/Market/RedundantDataFeedManager.cs(547,21): error CA1848: For improved performance, use the LoggerMessage delegates instead of calling 'LoggerExtensions.LogWarning(ILogger, string?, params object?[])' (https://learn.microsoft.com/dotnet/fundamentals/code-analysis/quality-rules/ca1848) [/home/runner/work/trading-bot-c-/trading-bot-c-/src/BotCore/BotCore.csproj]
/home/runner/work/trading-bot-c-/trading-bot-c-/src/BotCore/Market/RedundantDataFeedManager.cs(571,17): error CA1848: For improved performance, use the LoggerMessage delegates instead of calling 'LoggerExtensions.LogError(ILogger, string?, params object?[])' (https://learn.microsoft.com/dotnet/fundamentals/code-analysis/quality-rules/ca1848) [/home/runner/work/trading-bot-c-/trading-bot-c-/src/BotCore/BotCore.csproj]
/home/runner/work/trading-bot-c-/trading-bot-c-/src/BotCore/Market/RedundantDataFeedManager.cs(580,13): error CA1848: For improved performance, use the LoggerMessage delegates instead of calling 'LoggerExtensions.LogError(ILogger, Exception?, string?, params object?[])' (https://learn.microsoft.com/dotnet/fundamentals/code-analysis/quality-rules/ca1848) [/home/runner/work/trading-bot-c-/trading-bot-c-/src/BotCore/BotCore.csproj]
/home/runner/work/trading-bot-c-/trading-bot-c-/src/BotCore/Config/ParamStore.cs(239,58): error CA1869: Avoid creating a new 'JsonSerializerOptions' instance for every serialization operation. Cache and reuse instances instead. (https://learn.microsoft.com/dotnet/fundamentals/code-analysis/quality-rules/ca1869) [/home/runner/work/trading-bot-c-/trading-bot-c-/src/BotCore/BotCore.csproj]
/home/runner/work/trading-bot-c-/trading-bot-c-/src/BotCore/Market/RedundantDataFeedManager.cs(578,9): error CA1031: Modify 'HandleDataInconsistencyAsync' to catch a more specific allowed exception type, or rethrow the exception (https://learn.microsoft.com/dotnet/fundamentals/code-analysis/quality-rules/ca1031) [/home/runner/work/trading-bot-c-/trading-bot-c-/src/BotCore/BotCore.csproj]
/home/runner/work/trading-bot-c-/trading-bot-c-/src/BotCore/Brain/UnifiedTradingBrain.cs(546,17): error S2583: Remove this unnecessary check for null. Some code paths are unreachable. (https://rules.sonarsource.com/csharp/RSPEC-2583) [/home/runner/work/trading-bot-c-/trading-bot-c-/src/BotCore/BotCore.csproj]
/home/runner/work/trading-bot-c-/trading-bot-c-/src/BotCore/Fusion/MetricsServices.cs(228,13): error CA1848: For improved performance, use the LoggerMessage delegates instead of calling 'LoggerExtensions.LogCritical(ILogger, string?, params object?[])' (https://learn.microsoft.com/dotnet/fundamentals/code-analysis/quality-rules/ca1848) [/home/runner/work/trading-bot-c-/trading-bot-c-/src/BotCore/BotCore.csproj]
/home/runner/work/trading-bot-c-/trading-bot-c-/src/BotCore/Fusion/MetricsServices.cs(255,13): error CA1848: For improved performance, use the LoggerMessage delegates instead of calling 'LoggerExtensions.LogTrace(ILogger, string?, params object?[])' (https://learn.microsoft.com/dotnet/fundamentals/code-analysis/quality-rules/ca1848) [/home/runner/work/trading-bot-c-/trading-bot-c-/src/BotCore/BotCore.csproj]
/home/runner/work/trading-bot-c-/trading-bot-c-/src/BotCore/Fusion/MetricsServices.cs(260,13): error CA1848: For improved performance, use the LoggerMessage delegates instead of calling 'LoggerExtensions.LogCritical(ILogger, Exception?, string?, params object?[])' (https://learn.microsoft.com/dotnet/fundamentals/code-analysis/quality-rules/ca1848) [/home/runner/work/trading-bot-c-/trading-bot-c-/src/BotCore/BotCore.csproj]
/home/runner/work/trading-bot-c-/trading-bot-c-/src/BotCore/Features/LiquidityAbsorptionResolver.cs(34,27): error S1541: The Cyclomatic Complexity of this method is 16 which is greater than 10 authorized. (https://rules.sonarsource.com/csharp/RSPEC-1541) [/home/runner/work/trading-bot-c-/trading-bot-c-/src/BotCore/BotCore.csproj]
/home/runner/work/trading-bot-c-/trading-bot-c-/src/BotCore/Brain/UnifiedTradingBrain.cs(534,37): error CA2000: Call System.IDisposable.Dispose on object created by 'new OnnxNeuralNetwork(onnxLoader, neuralNetworkLogger, runtimeMode, "models/strategy_selection.onnx")' before all references to it are out of scope (https://learn.microsoft.com/dotnet/fundamentals/code-analysis/quality-rules/ca2000) [/home/runner/work/trading-bot-c-/trading-bot-c-/src/BotCore/BotCore.csproj]
/home/runner/work/trading-bot-c-/trading-bot-c-/src/BotCore/Features/LiquidityAbsorptionResolver.cs(38,17): error CA1848: For improved performance, use the LoggerMessage delegates instead of calling 'LoggerExtensions.LogError(ILogger, string?, params object?[])' (https://learn.microsoft.com/dotnet/fundamentals/code-analysis/quality-rules/ca1848) [/home/runner/work/trading-bot-c-/trading-bot-c-/src/BotCore/BotCore.csproj]
/home/runner/work/trading-bot-c-/trading-bot-c-/src/BotCore/Features/LiquidityAbsorptionResolver.cs(44,17): error CA1848: For improved performance, use the LoggerMessage delegates instead of calling 'LoggerExtensions.LogError(ILogger, string?, params object?[])' (https://learn.microsoft.com/dotnet/fundamentals/code-analysis/quality-rules/ca1848) [/home/runner/work/trading-bot-c-/trading-bot-c-/src/BotCore/BotCore.csproj]
/home/runner/work/trading-bot-c-/trading-bot-c-/src/BotCore/Features/LiquidityAbsorptionResolver.cs(65,21): error CA1848: For improved performance, use the LoggerMessage delegates instead of calling 'LoggerExtensions.LogError(ILogger, string?, params object?[])' (https://learn.microsoft.com/dotnet/fundamentals/code-analysis/quality-rules/ca1848) [/home/runner/work/trading-bot-c-/trading-bot-c-/src/BotCore/BotCore.csproj]
/home/runner/work/trading-bot-c-/trading-bot-c-/src/BotCore/Features/LiquidityAbsorptionResolver.cs(81,21): error CA1848: For improved performance, use the LoggerMessage delegates instead of calling 'LoggerExtensions.LogWarning(ILogger, string?, params object?[])' (https://learn.microsoft.com/dotnet/fundamentals/code-analysis/quality-rules/ca1848) [/home/runner/work/trading-bot-c-/trading-bot-c-/src/BotCore/BotCore.csproj]
/home/runner/work/trading-bot-c-/trading-bot-c-/src/BotCore/Features/LiquidityAbsorptionResolver.cs(103,17): error CA1848: For improved performance, use the LoggerMessage delegates instead of calling 'LoggerExtensions.LogTrace(ILogger, string?, params object?[])' (https://learn.microsoft.com/dotnet/fundamentals/code-analysis/quality-rules/ca1848) [/home/runner/work/trading-bot-c-/trading-bot-c-/src/BotCore/BotCore.csproj]
/home/runner/work/trading-bot-c-/trading-bot-c-/src/BotCore/Features/LiquidityAbsorptionResolver.cs(108,17): error CA1848: For improved performance, use the LoggerMessage delegates instead of calling 'LoggerExtensions.LogError(ILogger, Exception?, string?, params object?[])' (https://learn.microsoft.com/dotnet/fundamentals/code-analysis/quality-rules/ca1848) [/home/runner/work/trading-bot-c-/trading-bot-c-/src/BotCore/BotCore.csproj]
/home/runner/work/trading-bot-c-/trading-bot-c-/src/BotCore/Fusion/MetricsServices.cs(272,13): error CA1848: For improved performance, use the LoggerMessage delegates instead of calling 'LoggerExtensions.LogTrace(ILogger, string?, params object?[])' (https://learn.microsoft.com/dotnet/fundamentals/code-analysis/quality-rules/ca1848) [/home/runner/work/trading-bot-c-/trading-bot-c-/src/BotCore/BotCore.csproj]
/home/runner/work/trading-bot-c-/trading-bot-c-/src/BotCore/Fusion/MetricsServices.cs(276,13): error CA1848: For improved performance, use the LoggerMessage delegates instead of calling 'LoggerExtensions.LogError(ILogger, Exception?, string?, params object?[])' (https://learn.microsoft.com/dotnet/fundamentals/code-analysis/quality-rules/ca1848) [/home/runner/work/trading-bot-c-/trading-bot-c-/src/BotCore/BotCore.csproj]
/home/runner/work/trading-bot-c-/trading-bot-c-/src/BotCore/CloudDataUploader.cs(309,21): error CA1848: For improved performance, use the LoggerMessage delegates instead of calling 'LoggerExtensions.LogDebug(ILogger, string?, params object?[])' (https://learn.microsoft.com/dotnet/fundamentals/code-analysis/quality-rules/ca1848) [/home/runner/work/trading-bot-c-/trading-bot-c-/src/BotCore/BotCore.csproj]
/home/runner/work/trading-bot-c-/trading-bot-c-/src/BotCore/CloudDataUploader.cs(314,21): error CA1848: For improved performance, use the LoggerMessage delegates instead of calling 'LoggerExtensions.LogWarning(ILogger, string?, params object?[])' (https://learn.microsoft.com/dotnet/fundamentals/code-analysis/quality-rules/ca1848) [/home/runner/work/trading-bot-c-/trading-bot-c-/src/BotCore/BotCore.csproj]
/home/runner/work/trading-bot-c-/trading-bot-c-/src/BotCore/CloudDataUploader.cs(320,17): error CA1848: For improved performance, use the LoggerMessage delegates instead of calling 'LoggerExtensions.LogError(ILogger, Exception?, string?, params object?[])' (https://learn.microsoft.com/dotnet/fundamentals/code-analysis/quality-rules/ca1848) [/home/runner/work/trading-bot-c-/trading-bot-c-/src/BotCore/BotCore.csproj]
/home/runner/work/trading-bot-c-/trading-bot-c-/src/BotCore/CloudDataUploader.cs(325,17): error CA1848: For improved performance, use the LoggerMessage delegates instead of calling 'LoggerExtensions.LogError(ILogger, Exception?, string?, params object?[])' (https://learn.microsoft.com/dotnet/fundamentals/code-analysis/quality-rules/ca1848) [/home/runner/work/trading-bot-c-/trading-bot-c-/src/BotCore/BotCore.csproj]
/home/runner/work/trading-bot-c-/trading-bot-c-/src/BotCore/CloudDataUploader.cs(330,17): error CA1848: For improved performance, use the LoggerMessage delegates instead of calling 'LoggerExtensions.LogError(ILogger, Exception?, string?, params object?[])' (https://learn.microsoft.com/dotnet/fundamentals/code-analysis/quality-rules/ca1848) [/home/runner/work/trading-bot-c-/trading-bot-c-/src/BotCore/BotCore.csproj]
/home/runner/work/trading-bot-c-/trading-bot-c-/src/BotCore/Fusion/MetricsServices.cs(274,9): error CA1031: Modify 'FlushMetricsAsync' to catch a more specific allowed exception type, or rethrow the exception (https://learn.microsoft.com/dotnet/fundamentals/code-analysis/quality-rules/ca1031) [/home/runner/work/trading-bot-c-/trading-bot-c-/src/BotCore/BotCore.csproj]
/home/runner/work/trading-bot-c-/trading-bot-c-/src/BotCore/Market/RedundantDataFeedManager.cs(590,13): error CA1848: For improved performance, use the LoggerMessage delegates instead of calling 'LoggerExtensions.LogDebug(ILogger, string?, params object?[])' (https://learn.microsoft.com/dotnet/fundamentals/code-analysis/quality-rules/ca1848) [/home/runner/work/trading-bot-c-/trading-bot-c-/src/BotCore/BotCore.csproj]
/home/runner/work/trading-bot-c-/trading-bot-c-/src/BotCore/Market/RedundantDataFeedManager.cs(595,13): error CA1848: For improved performance, use the LoggerMessage delegates instead of calling 'LoggerExtensions.LogInformation(ILogger, string?, params object?[])' (https://learn.microsoft.com/dotnet/fundamentals/code-analysis/quality-rules/ca1848) [/home/runner/work/trading-bot-c-/trading-bot-c-/src/BotCore/BotCore.csproj]
/home/runner/work/trading-bot-c-/trading-bot-c-/src/BotCore/HealthChecks/ProductionHealthChecks.cs(176,13): error CA1848: For improved performance, use the LoggerMessage delegates instead of calling 'LoggerExtensions.LogError(ILogger, Exception?, string?, params object?[])' (https://learn.microsoft.com/dotnet/fundamentals/code-analysis/quality-rules/ca1848) [/home/runner/work/trading-bot-c-/trading-bot-c-/src/BotCore/BotCore.csproj]
/home/runner/work/trading-bot-c-/trading-bot-c-/src/BotCore/HealthChecks/ProductionHealthChecks.cs(174,9): error CA1031: Modify 'GetHealthReportAsync' to catch a more specific allowed exception type, or rethrow the exception (https://learn.microsoft.com/dotnet/fundamentals/code-analysis/quality-rules/ca1031) [/home/runner/work/trading-bot-c-/trading-bot-c-/src/BotCore/BotCore.csproj]
/home/runner/work/trading-bot-c-/trading-bot-c-/src/BotCore/Market/RedundantDataFeedManager.cs(615,13): error CA1848: For improved performance, use the LoggerMessage delegates instead of calling 'LoggerExtensions.LogWarning(ILogger, string?, params object?[])' (https://learn.microsoft.com/dotnet/fundamentals/code-analysis/quality-rules/ca1848) [/home/runner/work/trading-bot-c-/trading-bot-c-/src/BotCore/BotCore.csproj]
/home/runner/work/trading-bot-c-/trading-bot-c-/src/BotCore/Market/RedundantDataFeedManager.cs(622,13): error CA1848: For improved performance, use the LoggerMessage delegates instead of calling 'LoggerExtensions.LogError(ILogger, Exception?, string?, params object?[])' (https://learn.microsoft.com/dotnet/fundamentals/code-analysis/quality-rules/ca1848) [/home/runner/work/trading-bot-c-/trading-bot-c-/src/BotCore/BotCore.csproj]
/home/runner/work/trading-bot-c-/trading-bot-c-/src/BotCore/Market/RedundantDataFeedManager.cs(620,9): error CA1031: Modify 'StoreConsistencyAlertAsync' to catch a more specific allowed exception type, or rethrow the exception (https://learn.microsoft.com/dotnet/fundamentals/code-analysis/quality-rules/ca1031) [/home/runner/work/trading-bot-c-/trading-bot-c-/src/BotCore/BotCore.csproj]
/home/runner/work/trading-bot-c-/trading-bot-c-/src/BotCore/Market/RedundantDataFeedManager.cs(638,13): error CA1848: For improved performance, use the LoggerMessage delegates instead of calling 'LoggerExtensions.LogDebug(ILogger, string?, params object?[])' (https://learn.microsoft.com/dotnet/fundamentals/code-analysis/quality-rules/ca1848) [/home/runner/work/trading-bot-c-/trading-bot-c-/src/BotCore/BotCore.csproj]
/home/runner/work/trading-bot-c-/trading-bot-c-/src/BotCore/Market/RedundantDataFeedManager.cs(642,13): error CA1848: For improved performance, use the LoggerMessage delegates instead of calling 'LoggerExtensions.LogError(ILogger, Exception?, string?, params object?[])' (https://learn.microsoft.com/dotnet/fundamentals/code-analysis/quality-rules/ca1848) [/home/runner/work/trading-bot-c-/trading-bot-c-/src/BotCore/BotCore.csproj]
/home/runner/work/trading-bot-c-/trading-bot-c-/src/BotCore/Market/RedundantDataFeedManager.cs(640,9): error CA1031: Modify 'StoreConsistencyAlert' to catch a more specific allowed exception type, or rethrow the exception (https://learn.microsoft.com/dotnet/fundamentals/code-analysis/quality-rules/ca1031) [/home/runner/work/trading-bot-c-/trading-bot-c-/src/BotCore/BotCore.csproj]
/home/runner/work/trading-bot-c-/trading-bot-c-/src/BotCore/Features/LiquidityAbsorptionResolver.cs(118,17): error CA1848: For improved performance, use the LoggerMessage delegates instead of calling 'LoggerExtensions.LogError(ILogger, string?, params object?[])' (https://learn.microsoft.com/dotnet/fundamentals/code-analysis/quality-rules/ca1848) [/home/runner/work/trading-bot-c-/trading-bot-c-/src/BotCore/BotCore.csproj]
/home/runner/work/trading-bot-c-/trading-bot-c-/src/BotCore/Features/LiquidityAbsorptionResolver.cs(126,17): error CA1848: For improved performance, use the LoggerMessage delegates instead of calling 'LoggerExtensions.LogWarning(ILogger, string?, params object?[])' (https://learn.microsoft.com/dotnet/fundamentals/code-analysis/quality-rules/ca1848) [/home/runner/work/trading-bot-c-/trading-bot-c-/src/BotCore/BotCore.csproj]
/home/runner/work/trading-bot-c-/trading-bot-c-/src/BotCore/Config/ParamStore.cs(273,17): error CA1848: For improved performance, use the LoggerMessage delegates instead of calling 'LoggerExtensions.LogInformation(ILogger, string?, params object?[])' (https://learn.microsoft.com/dotnet/fundamentals/code-analysis/quality-rules/ca1848) [/home/runner/work/trading-bot-c-/trading-bot-c-/src/BotCore/BotCore.csproj]
/home/runner/work/trading-bot-c-/trading-bot-c-/src/BotCore/CloudDataUploader.cs(348,25): error CA1848: For improved performance, use the LoggerMessage delegates instead of calling 'LoggerExtensions.LogDebug(ILogger, string?, params object?[])' (https://learn.microsoft.com/dotnet/fundamentals/code-analysis/quality-rules/ca1848) [/home/runner/work/trading-bot-c-/trading-bot-c-/src/BotCore/BotCore.csproj]
/home/runner/work/trading-bot-c-/trading-bot-c-/src/BotCore/CloudDataUploader.cs(354,17): error CA1848: For improved performance, use the LoggerMessage delegates instead of calling 'LoggerExtensions.LogWarning(ILogger, Exception?, string?, params object?[])' (https://learn.microsoft.com/dotnet/fundamentals/code-analysis/quality-rules/ca1848) [/home/runner/work/trading-bot-c-/trading-bot-c-/src/BotCore/BotCore.csproj]
/home/runner/work/trading-bot-c-/trading-bot-c-/src/BotCore/CloudDataUploader.cs(358,17): error CA1848: For improved performance, use the LoggerMessage delegates instead of calling 'LoggerExtensions.LogWarning(ILogger, Exception?, string?, params object?[])' (https://learn.microsoft.com/dotnet/fundamentals/code-analysis/quality-rules/ca1848) [/home/runner/work/trading-bot-c-/trading-bot-c-/src/BotCore/BotCore.csproj]
/home/runner/work/trading-bot-c-/trading-bot-c-/src/BotCore/Market/RedundantDataFeedManager.cs(662,21): error CA1848: For improved performance, use the LoggerMessage delegates instead of calling 'LoggerExtensions.LogWarning(ILogger, string?, params object?[])' (https://learn.microsoft.com/dotnet/fundamentals/code-analysis/quality-rules/ca1848) [/home/runner/work/trading-bot-c-/trading-bot-c-/src/BotCore/BotCore.csproj]
/home/runner/work/trading-bot-c-/trading-bot-c-/src/BotCore/Market/RedundantDataFeedManager.cs(674,13): error CA1848: For improved performance, use the LoggerMessage delegates instead of calling 'LoggerExtensions.LogError(ILogger, Exception?, string?, params object?[])' (https://learn.microsoft.com/dotnet/fundamentals/code-analysis/quality-rules/ca1848) [/home/runner/work/trading-bot-c-/trading-bot-c-/src/BotCore/BotCore.csproj]
/home/runner/work/trading-bot-c-/trading-bot-c-/src/BotCore/Market/RedundantDataFeedManager.cs(672,9): error CA1031: Modify 'ConsiderFeedFailoverAsync' to catch a more specific allowed exception type, or rethrow the exception (https://learn.microsoft.com/dotnet/fundamentals/code-analysis/quality-rules/ca1031) [/home/runner/work/trading-bot-c-/trading-bot-c-/src/BotCore/BotCore.csproj]
/home/runner/work/trading-bot-c-/trading-bot-c-/src/BotCore/Market/RedundantDataFeedManager.cs(733,13): error CA1848: For improved performance, use the LoggerMessage delegates instead of calling 'LoggerExtensions.LogInformation(ILogger, string?, params object?[])' (https://learn.microsoft.com/dotnet/fundamentals/code-analysis/quality-rules/ca1848) [/home/runner/work/trading-bot-c-/trading-bot-c-/src/BotCore/BotCore.csproj]
/home/runner/work/trading-bot-c-/trading-bot-c-/src/BotCore/Market/RedundantDataFeedManager.cs(754,17): error CA1848: For improved performance, use the LoggerMessage delegates instead of calling 'LoggerExtensions.LogError(ILogger, Exception?, string?, params object?[])' (https://learn.microsoft.com/dotnet/fundamentals/code-analysis/quality-rules/ca1848) [/home/runner/work/trading-bot-c-/trading-bot-c-/src/BotCore/BotCore.csproj]
/home/runner/work/trading-bot-c-/trading-bot-c-/src/BotCore/Config/ParamStore.cs(305,58): error CA1869: Avoid creating a new 'JsonSerializerOptions' instance for every serialization operation. Cache and reuse instances instead. (https://learn.microsoft.com/dotnet/fundamentals/code-analysis/quality-rules/ca1869) [/home/runner/work/trading-bot-c-/trading-bot-c-/src/BotCore/BotCore.csproj]
/home/runner/work/trading-bot-c-/trading-bot-c-/src/BotCore/Market/RedundantDataFeedManager.cs(752,13): error CA1031: Modify 'Dispose' to catch a more specific allowed exception type, or rethrow the exception (https://learn.microsoft.com/dotnet/fundamentals/code-analysis/quality-rules/ca1031) [/home/runner/work/trading-bot-c-/trading-bot-c-/src/BotCore/BotCore.csproj]
/home/runner/work/trading-bot-c-/trading-bot-c-/src/BotCore/Config/ParamStore.cs(339,17): error CA1848: For improved performance, use the LoggerMessage delegates instead of calling 'LoggerExtensions.LogInformation(ILogger, string?, params object?[])' (https://learn.microsoft.com/dotnet/fundamentals/code-analysis/quality-rules/ca1848) [/home/runner/work/trading-bot-c-/trading-bot-c-/src/BotCore/BotCore.csproj]
/home/runner/work/trading-bot-c-/trading-bot-c-/src/BotCore/Market/EconomicEventManager.cs(53,9): error CA1848: For improved performance, use the LoggerMessage delegates instead of calling 'LoggerExtensions.LogInformation(ILogger, string?, params object?[])' (https://learn.microsoft.com/dotnet/fundamentals/code-analysis/quality-rules/ca1848) [/home/runner/work/trading-bot-c-/trading-bot-c-/src/BotCore/BotCore.csproj]
/home/runner/work/trading-bot-c-/trading-bot-c-/src/BotCore/Market/EconomicEventManager.cs(106,13): error CA1848: For improved performance, use the LoggerMessage delegates instead of calling 'LoggerExtensions.LogDebug(ILogger, string?, params object?[])' (https://learn.microsoft.com/dotnet/fundamentals/code-analysis/quality-rules/ca1848) [/home/runner/work/trading-bot-c-/trading-bot-c-/src/BotCore/BotCore.csproj]
/home/runner/work/trading-bot-c-/trading-bot-c-/src/BotCore/Market/EconomicEventManager.cs(60,13): error CA1848: For improved performance, use the LoggerMessage delegates instead of calling 'LoggerExtensions.LogWarning(ILogger, string?, params object?[])' (https://learn.microsoft.com/dotnet/fundamentals/code-analysis/quality-rules/ca1848) [/home/runner/work/trading-bot-c-/trading-bot-c-/src/BotCore/BotCore.csproj]
/home/runner/work/trading-bot-c-/trading-bot-c-/src/BotCore/Market/EconomicEventManager.cs(66,13): error CA1848: For improved performance, use the LoggerMessage delegates instead of calling 'LoggerExtensions.LogInformation(ILogger, string?, params object?[])' (https://learn.microsoft.com/dotnet/fundamentals/code-analysis/quality-rules/ca1848) [/home/runner/work/trading-bot-c-/trading-bot-c-/src/BotCore/BotCore.csproj]
/home/runner/work/trading-bot-c-/trading-bot-c-/src/BotCore/Market/EconomicEventManager.cs(76,13): error CA1848: For improved performance, use the LoggerMessage delegates instead of calling 'LoggerExtensions.LogInformation(ILogger, string?, params object?[])' (https://learn.microsoft.com/dotnet/fundamentals/code-analysis/quality-rules/ca1848) [/home/runner/work/trading-bot-c-/trading-bot-c-/src/BotCore/BotCore.csproj]
/home/runner/work/trading-bot-c-/trading-bot-c-/src/BotCore/Market/EconomicEventManager.cs(80,13): error CA1848: For improved performance, use the LoggerMessage delegates instead of calling 'LoggerExtensions.LogError(ILogger, Exception?, string?, params object?[])' (https://learn.microsoft.com/dotnet/fundamentals/code-analysis/quality-rules/ca1848) [/home/runner/work/trading-bot-c-/trading-bot-c-/src/BotCore/BotCore.csproj]
/home/runner/work/trading-bot-c-/trading-bot-c-/src/BotCore/Market/EconomicEventManager.cs(85,13): error CA1848: For improved performance, use the LoggerMessage delegates instead of calling 'LoggerExtensions.LogError(ILogger, Exception?, string?, params object?[])' (https://learn.microsoft.com/dotnet/fundamentals/code-analysis/quality-rules/ca1848) [/home/runner/work/trading-bot-c-/trading-bot-c-/src/BotCore/BotCore.csproj]
/home/runner/work/trading-bot-c-/trading-bot-c-/src/BotCore/Market/EconomicEventManager.cs(90,13): error CA1848: For improved performance, use the LoggerMessage delegates instead of calling 'LoggerExtensions.LogError(ILogger, Exception?, string?, params object?[])' (https://learn.microsoft.com/dotnet/fundamentals/code-analysis/quality-rules/ca1848) [/home/runner/work/trading-bot-c-/trading-bot-c-/src/BotCore/BotCore.csproj]
/home/runner/work/trading-bot-c-/trading-bot-c-/src/BotCore/Market/EconomicEventManager.cs(122,13): error CA1848: For improved performance, use the LoggerMessage delegates instead of calling 'LoggerExtensions.LogDebug(ILogger, string?, params object?[])' (https://learn.microsoft.com/dotnet/fundamentals/code-analysis/quality-rules/ca1848) [/home/runner/work/trading-bot-c-/trading-bot-c-/src/BotCore/BotCore.csproj]
/home/runner/work/trading-bot-c-/trading-bot-c-/src/BotCore/Brain/UnifiedTradingBrain.cs(619,42): error S1541: The Cyclomatic Complexity of this method is 30 which is greater than 10 authorized. (https://rules.sonarsource.com/csharp/RSPEC-1541) [/home/runner/work/trading-bot-c-/trading-bot-c-/src/BotCore/BotCore.csproj]
/home/runner/work/trading-bot-c-/trading-bot-c-/src/BotCore/Market/EconomicEventManager.cs(135,13): error CA1848: For improved performance, use the LoggerMessage delegates instead of calling 'LoggerExtensions.LogInformation(ILogger, string?, params object?[])' (https://learn.microsoft.com/dotnet/fundamentals/code-analysis/quality-rules/ca1848) [/home/runner/work/trading-bot-c-/trading-bot-c-/src/BotCore/BotCore.csproj]
/home/runner/work/trading-bot-c-/trading-bot-c-/src/BotCore/Market/EconomicEventManager.cs(149,13): error CA1848: For improved performance, use the LoggerMessage delegates instead of calling 'LoggerExtensions.LogWarning(ILogger, string?, params object?[])' (https://learn.microsoft.com/dotnet/fundamentals/code-analysis/quality-rules/ca1848) [/home/runner/work/trading-bot-c-/trading-bot-c-/src/BotCore/BotCore.csproj]
/home/runner/work/trading-bot-c-/trading-bot-c-/src/BotCore/Brain/UnifiedTradingBrain.cs(619,42): error S138: This method 'MakeIntelligentDecisionAsync' has 196 lines, which is greater than the 80 lines authorized. Split it into smaller methods. (https://rules.sonarsource.com/csharp/RSPEC-138) [/home/runner/work/trading-bot-c-/trading-bot-c-/src/BotCore/BotCore.csproj]
/home/runner/work/trading-bot-c-/trading-bot-c-/src/BotCore/Market/EconomicEventManager.cs(165,17): error CA1848: For improved performance, use the LoggerMessage delegates instead of calling 'LoggerExtensions.LogInformation(ILogger, string?, params object?[])' (https://learn.microsoft.com/dotnet/fundamentals/code-analysis/quality-rules/ca1848) [/home/runner/work/trading-bot-c-/trading-bot-c-/src/BotCore/BotCore.csproj]
/home/runner/work/trading-bot-c-/trading-bot-c-/src/BotCore/Brain/UnifiedTradingBrain.cs(876,27): error S1541: The Cyclomatic Complexity of this method is 25 which is greater than 10 authorized. (https://rules.sonarsource.com/csharp/RSPEC-1541) [/home/runner/work/trading-bot-c-/trading-bot-c-/src/BotCore/BotCore.csproj]
/home/runner/work/trading-bot-c-/trading-bot-c-/src/BotCore/Brain/UnifiedTradingBrain.cs(835,25): error CA1848: For improved performance, use the LoggerMessage delegates instead of calling 'LoggerExtensions.LogTrace(ILogger, string?, params object?[])' (https://learn.microsoft.com/dotnet/fundamentals/code-analysis/quality-rules/ca1848) [/home/runner/work/trading-bot-c-/trading-bot-c-/src/BotCore/BotCore.csproj]
/home/runner/work/trading-bot-c-/trading-bot-c-/src/BotCore/Market/EconomicEventManager.cs(188,13): error CA1848: For improved performance, use the LoggerMessage delegates instead of calling 'LoggerExtensions.LogInformation(ILogger, string?, params object?[])' (https://learn.microsoft.com/dotnet/fundamentals/code-analysis/quality-rules/ca1848) [/home/runner/work/trading-bot-c-/trading-bot-c-/src/BotCore/BotCore.csproj]
/home/runner/work/trading-bot-c-/trading-bot-c-/src/BotCore/Market/EconomicEventManager.cs(194,13): error CA1848: For improved performance, use the LoggerMessage delegates instead of calling 'LoggerExtensions.LogInformation(ILogger, string?, params object?[])' (https://learn.microsoft.com/dotnet/fundamentals/code-analysis/quality-rules/ca1848) [/home/runner/work/trading-bot-c-/trading-bot-c-/src/BotCore/BotCore.csproj]
/home/runner/work/trading-bot-c-/trading-bot-c-/src/BotCore/Market/EconomicEventManager.cs(198,13): error CA1848: For improved performance, use the LoggerMessage delegates instead of calling 'LoggerExtensions.LogError(ILogger, Exception?, string?, params object?[])' (https://learn.microsoft.com/dotnet/fundamentals/code-analysis/quality-rules/ca1848) [/home/runner/work/trading-bot-c-/trading-bot-c-/src/BotCore/BotCore.csproj]
/home/runner/work/trading-bot-c-/trading-bot-c-/src/BotCore/Market/EconomicEventManager.cs(202,13): error CA1848: For improved performance, use the LoggerMessage delegates instead of calling 'LoggerExtensions.LogError(ILogger, Exception?, string?, params object?[])' (https://learn.microsoft.com/dotnet/fundamentals/code-analysis/quality-rules/ca1848) [/home/runner/work/trading-bot-c-/trading-bot-c-/src/BotCore/BotCore.csproj]
/home/runner/work/trading-bot-c-/trading-bot-c-/src/BotCore/Market/EconomicEventManager.cs(219,13): error CA1848: For improved performance, use the LoggerMessage delegates instead of calling 'LoggerExtensions.LogInformation(ILogger, string?, params object?[])' (https://learn.microsoft.com/dotnet/fundamentals/code-analysis/quality-rules/ca1848) [/home/runner/work/trading-bot-c-/trading-bot-c-/src/BotCore/BotCore.csproj]
/home/runner/work/trading-bot-c-/trading-bot-c-/src/BotCore/Market/EconomicEventManager.cs(223,13): error CA1848: For improved performance, use the LoggerMessage delegates instead of calling 'LoggerExtensions.LogError(ILogger, Exception?, string?, params object?[])' (https://learn.microsoft.com/dotnet/fundamentals/code-analysis/quality-rules/ca1848) [/home/runner/work/trading-bot-c-/trading-bot-c-/src/BotCore/BotCore.csproj]
/home/runner/work/trading-bot-c-/trading-bot-c-/src/BotCore/Market/EconomicEventManager.cs(227,13): error CA1848: For improved performance, use the LoggerMessage delegates instead of calling 'LoggerExtensions.LogError(ILogger, Exception?, string?, params object?[])' (https://learn.microsoft.com/dotnet/fundamentals/code-analysis/quality-rules/ca1848) [/home/runner/work/trading-bot-c-/trading-bot-c-/src/BotCore/BotCore.csproj]
/home/runner/work/trading-bot-c-/trading-bot-c-/src/BotCore/Market/EconomicEventManager.cs(231,13): error CA1848: For improved performance, use the LoggerMessage delegates instead of calling 'LoggerExtensions.LogError(ILogger, Exception?, string?, params object?[])' (https://learn.microsoft.com/dotnet/fundamentals/code-analysis/quality-rules/ca1848) [/home/runner/work/trading-bot-c-/trading-bot-c-/src/BotCore/BotCore.csproj]
/home/runner/work/trading-bot-c-/trading-bot-c-/src/BotCore/Market/EconomicEventManager.cs(250,21): error CA1848: For improved performance, use the LoggerMessage delegates instead of calling 'LoggerExtensions.LogInformation(ILogger, string?, params object?[])' (https://learn.microsoft.com/dotnet/fundamentals/code-analysis/quality-rules/ca1848) [/home/runner/work/trading-bot-c-/trading-bot-c-/src/BotCore/BotCore.csproj]
/home/runner/work/trading-bot-c-/trading-bot-c-/src/BotCore/Market/EconomicEventManager.cs(278,13): error CA1848: For improved performance, use the LoggerMessage delegates instead of calling 'LoggerExtensions.LogInformation(ILogger, string?, params object?[])' (https://learn.microsoft.com/dotnet/fundamentals/code-analysis/quality-rules/ca1848) [/home/runner/work/trading-bot-c-/trading-bot-c-/src/BotCore/BotCore.csproj]
/home/runner/work/trading-bot-c-/trading-bot-c-/src/BotCore/Market/EconomicEventManager.cs(282,13): error CA1848: For improved performance, use the LoggerMessage delegates instead of calling 'LoggerExtensions.LogWarning(ILogger, Exception?, string?, params object?[])' (https://learn.microsoft.com/dotnet/fundamentals/code-analysis/quality-rules/ca1848) [/home/runner/work/trading-bot-c-/trading-bot-c-/src/BotCore/BotCore.csproj]
/home/runner/work/trading-bot-c-/trading-bot-c-/src/BotCore/Market/EconomicEventManager.cs(287,13): error CA1848: For improved performance, use the LoggerMessage delegates instead of calling 'LoggerExtensions.LogWarning(ILogger, Exception?, string?, params object?[])' (https://learn.microsoft.com/dotnet/fundamentals/code-analysis/quality-rules/ca1848) [/home/runner/work/trading-bot-c-/trading-bot-c-/src/BotCore/BotCore.csproj]
/home/runner/work/trading-bot-c-/trading-bot-c-/src/BotCore/Market/EconomicEventManager.cs(292,13): error CA1848: For improved performance, use the LoggerMessage delegates instead of calling 'LoggerExtensions.LogWarning(ILogger, Exception?, string?, params object?[])' (https://learn.microsoft.com/dotnet/fundamentals/code-analysis/quality-rules/ca1848) [/home/runner/work/trading-bot-c-/trading-bot-c-/src/BotCore/BotCore.csproj]
/home/runner/work/trading-bot-c-/trading-bot-c-/src/BotCore/Market/EconomicEventManager.cs(303,9): error CA1848: For improved performance, use the LoggerMessage delegates instead of calling 'LoggerExtensions.LogInformation(ILogger, string?, params object?[])' (https://learn.microsoft.com/dotnet/fundamentals/code-analysis/quality-rules/ca1848) [/home/runner/work/trading-bot-c-/trading-bot-c-/src/BotCore/BotCore.csproj]
/home/runner/work/trading-bot-c-/trading-bot-c-/src/BotCore/Brain/UnifiedTradingBrain.cs(1037,29): error CA1848: For improved performance, use the LoggerMessage delegates instead of calling 'LoggerExtensions.LogTrace(ILogger, string?, params object?[])' (https://learn.microsoft.com/dotnet/fundamentals/code-analysis/quality-rules/ca1848) [/home/runner/work/trading-bot-c-/trading-bot-c-/src/BotCore/BotCore.csproj]
/home/runner/work/trading-bot-c-/trading-bot-c-/src/BotCore/Brain/UnifiedTradingBrain.cs(1042,29): error CA1848: For improved performance, use the LoggerMessage delegates instead of calling 'LoggerExtensions.LogWarning(ILogger, Exception?, string?, params object?[])' (https://learn.microsoft.com/dotnet/fundamentals/code-analysis/quality-rules/ca1848) [/home/runner/work/trading-bot-c-/trading-bot-c-/src/BotCore/BotCore.csproj]
/home/runner/work/trading-bot-c-/trading-bot-c-/src/BotCore/Brain/UnifiedTradingBrain.cs(1046,29): error CA1848: For improved performance, use the LoggerMessage delegates instead of calling 'LoggerExtensions.LogWarning(ILogger, Exception?, string?, params object?[])' (https://learn.microsoft.com/dotnet/fundamentals/code-analysis/quality-rules/ca1848) [/home/runner/work/trading-bot-c-/trading-bot-c-/src/BotCore/BotCore.csproj]
/home/runner/work/trading-bot-c-/trading-bot-c-/src/BotCore/Brain/UnifiedTradingBrain.cs(1050,29): error CA1848: For improved performance, use the LoggerMessage delegates instead of calling 'LoggerExtensions.LogWarning(ILogger, Exception?, string?, params object?[])' (https://learn.microsoft.com/dotnet/fundamentals/code-analysis/quality-rules/ca1848) [/home/runner/work/trading-bot-c-/trading-bot-c-/src/BotCore/BotCore.csproj]
/home/runner/work/trading-bot-c-/trading-bot-c-/src/BotCore/Market/EconomicEventManager.cs(314,13): error CA1848: For improved performance, use the LoggerMessage delegates instead of calling 'LoggerExtensions.LogInformation(ILogger, string?, params object?[])' (https://learn.microsoft.com/dotnet/fundamentals/code-analysis/quality-rules/ca1848) [/home/runner/work/trading-bot-c-/trading-bot-c-/src/BotCore/BotCore.csproj]
/home/runner/work/trading-bot-c-/trading-bot-c-/src/BotCore/Market/EconomicEventManager.cs(319,13): error CA1848: For improved performance, use the LoggerMessage delegates instead of calling 'LoggerExtensions.LogError(ILogger, Exception?, string?, params object?[])' (https://learn.microsoft.com/dotnet/fundamentals/code-analysis/quality-rules/ca1848) [/home/runner/work/trading-bot-c-/trading-bot-c-/src/BotCore/BotCore.csproj]
/home/runner/work/trading-bot-c-/trading-bot-c-/src/BotCore/Market/EconomicEventManager.cs(324,13): error CA1848: For improved performance, use the LoggerMessage delegates instead of calling 'LoggerExtensions.LogError(ILogger, Exception?, string?, params object?[])' (https://learn.microsoft.com/dotnet/fundamentals/code-analysis/quality-rules/ca1848) [/home/runner/work/trading-bot-c-/trading-bot-c-/src/BotCore/BotCore.csproj]
/home/runner/work/trading-bot-c-/trading-bot-c-/src/BotCore/Market/EconomicEventManager.cs(329,45): error S1541: The Cyclomatic Complexity of this method is 15 which is greater than 10 authorized. (https://rules.sonarsource.com/csharp/RSPEC-1541) [/home/runner/work/trading-bot-c-/trading-bot-c-/src/BotCore/BotCore.csproj]
/home/runner/work/trading-bot-c-/trading-bot-c-/src/BotCore/Strategy/S3Strategy.cs(905,44): error S1541: The Cyclomatic Complexity of this method is 163 which is greater than 10 authorized. (https://rules.sonarsource.com/csharp/RSPEC-1541) [/home/runner/work/trading-bot-c-/trading-bot-c-/src/BotCore/BotCore.csproj]
/home/runner/work/trading-bot-c-/trading-bot-c-/src/BotCore/Strategy/S3Strategy.cs(905,44): error S138: This method 'Load' has 148 lines, which is greater than the 80 lines authorized. Split it into smaller methods. (https://rules.sonarsource.com/csharp/RSPEC-138) [/home/runner/work/trading-bot-c-/trading-bot-c-/src/BotCore/BotCore.csproj]
/home/runner/work/trading-bot-c-/trading-bot-c-/src/BotCore/Market/EconomicEventManager.cs(396,21): error CA1848: For improved performance, use the LoggerMessage delegates instead of calling 'LoggerExtensions.LogWarning(ILogger, Exception?, string?, params object?[])' (https://learn.microsoft.com/dotnet/fundamentals/code-analysis/quality-rules/ca1848) [/home/runner/work/trading-bot-c-/trading-bot-c-/src/BotCore/BotCore.csproj]
/home/runner/work/trading-bot-c-/trading-bot-c-/src/BotCore/Market/EconomicEventManager.cs(400,13): error CA1848: For improved performance, use the LoggerMessage delegates instead of calling 'LoggerExtensions.LogInformation(ILogger, string?, params object?[])' (https://learn.microsoft.com/dotnet/fundamentals/code-analysis/quality-rules/ca1848) [/home/runner/work/trading-bot-c-/trading-bot-c-/src/BotCore/BotCore.csproj]
/home/runner/work/trading-bot-c-/trading-bot-c-/src/BotCore/Market/EconomicEventManager.cs(405,13): error CA1848: For improved performance, use the LoggerMessage delegates instead of calling 'LoggerExtensions.LogError(ILogger, Exception?, string?, params object?[])' (https://learn.microsoft.com/dotnet/fundamentals/code-analysis/quality-rules/ca1848) [/home/runner/work/trading-bot-c-/trading-bot-c-/src/BotCore/BotCore.csproj]
/home/runner/work/trading-bot-c-/trading-bot-c-/src/BotCore/Market/EconomicEventManager.cs(410,13): error CA1848: For improved performance, use the LoggerMessage delegates instead of calling 'LoggerExtensions.LogError(ILogger, Exception?, string?, params object?[])' (https://learn.microsoft.com/dotnet/fundamentals/code-analysis/quality-rules/ca1848) [/home/runner/work/trading-bot-c-/trading-bot-c-/src/BotCore/BotCore.csproj]
/home/runner/work/trading-bot-c-/trading-bot-c-/src/BotCore/Market/EconomicEventManager.cs(394,17): error CA1031: Modify 'LoadFromForexFactoryAsync' to catch a more specific allowed exception type, or rethrow the exception (https://learn.microsoft.com/dotnet/fundamentals/code-analysis/quality-rules/ca1031) [/home/runner/work/trading-bot-c-/trading-bot-c-/src/BotCore/BotCore.csproj]
/home/runner/work/trading-bot-c-/trading-bot-c-/src/BotCore/Brain/UnifiedTradingBrain.cs(1137,36): error S1541: The Cyclomatic Complexity of this method is 35 which is greater than 10 authorized. (https://rules.sonarsource.com/csharp/RSPEC-1541) [/home/runner/work/trading-bot-c-/trading-bot-c-/src/BotCore/BotCore.csproj]
/home/runner/work/trading-bot-c-/trading-bot-c-/src/BotCore/Brain/UnifiedTradingBrain.cs(1137,36): error S138: This method 'ThinkAboutDecisionAsync' has 174 lines, which is greater than the 80 lines authorized. Split it into smaller methods. (https://rules.sonarsource.com/csharp/RSPEC-138) [/home/runner/work/trading-bot-c-/trading-bot-c-/src/BotCore/BotCore.csproj]
/home/runner/work/trading-bot-c-/trading-bot-c-/src/BotCore/Brain/UnifiedTradingBrain.cs(1166,33): error CA1848: For improved performance, use the LoggerMessage delegates instead of calling 'LoggerExtensions.LogTrace(ILogger, string?, params object?[])' (https://learn.microsoft.com/dotnet/fundamentals/code-analysis/quality-rules/ca1848) [/home/runner/work/trading-bot-c-/trading-bot-c-/src/BotCore/BotCore.csproj]
/home/runner/work/trading-bot-c-/trading-bot-c-/src/BotCore/Brain/UnifiedTradingBrain.cs(1182,29): error CA1848: For improved performance, use the LoggerMessage delegates instead of calling 'LoggerExtensions.LogWarning(ILogger, string?, params object?[])' (https://learn.microsoft.com/dotnet/fundamentals/code-analysis/quality-rules/ca1848) [/home/runner/work/trading-bot-c-/trading-bot-c-/src/BotCore/BotCore.csproj]
/home/runner/work/trading-bot-c-/trading-bot-c-/src/BotCore/Brain/UnifiedTradingBrain.cs(1187,25): error CA1848: For improved performance, use the LoggerMessage delegates instead of calling 'LoggerExtensions.LogWarning(ILogger, Exception?, string?, params object?[])' (https://learn.microsoft.com/dotnet/fundamentals/code-analysis/quality-rules/ca1848) [/home/runner/work/trading-bot-c-/trading-bot-c-/src/BotCore/BotCore.csproj]
/home/runner/work/trading-bot-c-/trading-bot-c-/src/BotCore/Brain/UnifiedTradingBrain.cs(1191,25): error CA1848: For improved performance, use the LoggerMessage delegates instead of calling 'LoggerExtensions.LogWarning(ILogger, Exception?, string?, params object?[])' (https://learn.microsoft.com/dotnet/fundamentals/code-analysis/quality-rules/ca1848) [/home/runner/work/trading-bot-c-/trading-bot-c-/src/BotCore/BotCore.csproj]
/home/runner/work/trading-bot-c-/trading-bot-c-/src/BotCore/Brain/UnifiedTradingBrain.cs(1195,25): error CA1848: For improved performance, use the LoggerMessage delegates instead of calling 'LoggerExtensions.LogWarning(ILogger, Exception?, string?, params object?[])' (https://learn.microsoft.com/dotnet/fundamentals/code-analysis/quality-rules/ca1848) [/home/runner/work/trading-bot-c-/trading-bot-c-/src/BotCore/BotCore.csproj]
/home/runner/work/trading-bot-c-/trading-bot-c-/src/BotCore/Brain/UnifiedTradingBrain.cs(1290,25): error CA1848: For improved performance, use the LoggerMessage delegates instead of calling 'LoggerExtensions.LogWarning(ILogger, Exception?, string?, params object?[])' (https://learn.microsoft.com/dotnet/fundamentals/code-analysis/quality-rules/ca1848) [/home/runner/work/trading-bot-c-/trading-bot-c-/src/BotCore/BotCore.csproj]
/home/runner/work/trading-bot-c-/trading-bot-c-/src/BotCore/Brain/UnifiedTradingBrain.cs(1294,25): error CA1848: For improved performance, use the LoggerMessage delegates instead of calling 'LoggerExtensions.LogWarning(ILogger, Exception?, string?, params object?[])' (https://learn.microsoft.com/dotnet/fundamentals/code-analysis/quality-rules/ca1848) [/home/runner/work/trading-bot-c-/trading-bot-c-/src/BotCore/BotCore.csproj]
/home/runner/work/trading-bot-c-/trading-bot-c-/src/BotCore/Brain/UnifiedTradingBrain.cs(1298,25): error CA1848: For improved performance, use the LoggerMessage delegates instead of calling 'LoggerExtensions.LogWarning(ILogger, Exception?, string?, params object?[])' (https://learn.microsoft.com/dotnet/fundamentals/code-analysis/quality-rules/ca1848) [/home/runner/work/trading-bot-c-/trading-bot-c-/src/BotCore/BotCore.csproj]
/home/runner/work/trading-bot-c-/trading-bot-c-/src/BotCore/Market/EconomicEventManager.cs(527,21): error CA1848: For improved performance, use the LoggerMessage delegates instead of calling 'LoggerExtensions.LogWarning(ILogger, string?, params object?[])' (https://learn.microsoft.com/dotnet/fundamentals/code-analysis/quality-rules/ca1848) [/home/runner/work/trading-bot-c-/trading-bot-c-/src/BotCore/BotCore.csproj]
/home/runner/work/trading-bot-c-/trading-bot-c-/src/BotCore/Market/EconomicEventManager.cs(543,13): error CA1848: For improved performance, use the LoggerMessage delegates instead of calling 'LoggerExtensions.LogError(ILogger, Exception?, string?, params object?[])' (https://learn.microsoft.com/dotnet/fundamentals/code-analysis/quality-rules/ca1848) [/home/runner/work/trading-bot-c-/trading-bot-c-/src/BotCore/BotCore.csproj]
/home/runner/work/trading-bot-c-/trading-bot-c-/src/BotCore/Market/EconomicEventManager.cs(547,13): error CA1848: For improved performance, use the LoggerMessage delegates instead of calling 'LoggerExtensions.LogError(ILogger, Exception?, string?, params object?[])' (https://learn.microsoft.com/dotnet/fundamentals/code-analysis/quality-rules/ca1848) [/home/runner/work/trading-bot-c-/trading-bot-c-/src/BotCore/BotCore.csproj]
/home/runner/work/trading-bot-c-/trading-bot-c-/src/BotCore/Brain/UnifiedTradingBrain.cs(1343,36): error S1541: The Cyclomatic Complexity of this method is 11 which is greater than 10 authorized. (https://rules.sonarsource.com/csharp/RSPEC-1541) [/home/runner/work/trading-bot-c-/trading-bot-c-/src/BotCore/BotCore.csproj]
/home/runner/work/trading-bot-c-/trading-bot-c-/src/BotCore/Brain/UnifiedTradingBrain.cs(1343,36): error S138: This method 'ReflectOnOutcomeAsync' has 86 lines, which is greater than the 80 lines authorized. Split it into smaller methods. (https://rules.sonarsource.com/csharp/RSPEC-138) [/home/runner/work/trading-bot-c-/trading-bot-c-/src/BotCore/BotCore.csproj]
/home/runner/work/trading-bot-c-/trading-bot-c-/src/BotCore/Market/EconomicEventManager.cs(605,21): error CA1848: For improved performance, use the LoggerMessage delegates instead of calling 'LoggerExtensions.LogInformation(ILogger, string?, params object?[])' (https://learn.microsoft.com/dotnet/fundamentals/code-analysis/quality-rules/ca1848) [/home/runner/work/trading-bot-c-/trading-bot-c-/src/BotCore/BotCore.csproj]
/home/runner/work/trading-bot-c-/trading-bot-c-/src/BotCore/Market/EconomicEventManager.cs(620,13): error CA1848: For improved performance, use the LoggerMessage delegates instead of calling 'LoggerExtensions.LogError(ILogger, Exception?, string?, params object?[])' (https://learn.microsoft.com/dotnet/fundamentals/code-analysis/quality-rules/ca1848) [/home/runner/work/trading-bot-c-/trading-bot-c-/src/BotCore/BotCore.csproj]
/home/runner/work/trading-bot-c-/trading-bot-c-/src/BotCore/Market/EconomicEventManager.cs(624,13): error CA1848: For improved performance, use the LoggerMessage delegates instead of calling 'LoggerExtensions.LogError(ILogger, Exception?, string?, params object?[])' (https://learn.microsoft.com/dotnet/fundamentals/code-analysis/quality-rules/ca1848) [/home/runner/work/trading-bot-c-/trading-bot-c-/src/BotCore/BotCore.csproj]
/home/runner/work/trading-bot-c-/trading-bot-c-/src/BotCore/Brain/UnifiedTradingBrain.cs(1387,29): error CA1848: For improved performance, use the LoggerMessage delegates instead of calling 'LoggerExtensions.LogTrace(ILogger, string?, params object?[])' (https://learn.microsoft.com/dotnet/fundamentals/code-analysis/quality-rules/ca1848) [/home/runner/work/trading-bot-c-/trading-bot-c-/src/BotCore/BotCore.csproj]
/home/runner/work/trading-bot-c-/trading-bot-c-/src/BotCore/Brain/UnifiedTradingBrain.cs(1402,25): error CA1848: For improved performance, use the LoggerMessage delegates instead of calling 'LoggerExtensions.LogWarning(ILogger, Exception?, string?, params object?[])' (https://learn.microsoft.com/dotnet/fundamentals/code-analysis/quality-rules/ca1848) [/home/runner/work/trading-bot-c-/trading-bot-c-/src/BotCore/BotCore.csproj]
/home/runner/work/trading-bot-c-/trading-bot-c-/src/BotCore/Brain/UnifiedTradingBrain.cs(1406,25): error CA1848: For improved performance, use the LoggerMessage delegates instead of calling 'LoggerExtensions.LogWarning(ILogger, Exception?, string?, params object?[])' (https://learn.microsoft.com/dotnet/fundamentals/code-analysis/quality-rules/ca1848) [/home/runner/work/trading-bot-c-/trading-bot-c-/src/BotCore/BotCore.csproj]
/home/runner/work/trading-bot-c-/trading-bot-c-/src/BotCore/Brain/UnifiedTradingBrain.cs(1410,25): error CA1848: For improved performance, use the LoggerMessage delegates instead of calling 'LoggerExtensions.LogWarning(ILogger, Exception?, string?, params object?[])' (https://learn.microsoft.com/dotnet/fundamentals/code-analysis/quality-rules/ca1848) [/home/runner/work/trading-bot-c-/trading-bot-c-/src/BotCore/BotCore.csproj]
/home/runner/work/trading-bot-c-/trading-bot-c-/src/BotCore/Market/EconomicEventManager.cs(659,13): error CA1848: For improved performance, use the LoggerMessage delegates instead of calling 'LoggerExtensions.LogWarning(ILogger, string?, params object?[])' (https://learn.microsoft.com/dotnet/fundamentals/code-analysis/quality-rules/ca1848) [/home/runner/work/trading-bot-c-/trading-bot-c-/src/BotCore/BotCore.csproj]
/home/runner/work/trading-bot-c-/trading-bot-c-/src/BotCore/Brain/UnifiedTradingBrain.cs(1491,33): error S1541: The Cyclomatic Complexity of this method is 14 which is greater than 10 authorized. (https://rules.sonarsource.com/csharp/RSPEC-1541) [/home/runner/work/trading-bot-c-/trading-bot-c-/src/BotCore/BotCore.csproj]
/home/runner/work/trading-bot-c-/trading-bot-c-/src/BotCore/Market/EconomicEventManager.cs(696,29): error CA1848: For improved performance, use the LoggerMessage delegates instead of calling 'LoggerExtensions.LogWarning(ILogger, Exception?, string?, params object?[])' (https://learn.microsoft.com/dotnet/fundamentals/code-analysis/quality-rules/ca1848) [/home/runner/work/trading-bot-c-/trading-bot-c-/src/BotCore/BotCore.csproj]
/home/runner/work/trading-bot-c-/trading-bot-c-/src/BotCore/Brain/UnifiedTradingBrain.cs(1515,36): error S1541: The Cyclomatic Complexity of this method is 13 which is greater than 10 authorized. (https://rules.sonarsource.com/csharp/RSPEC-1541) [/home/runner/work/trading-bot-c-/trading-bot-c-/src/BotCore/BotCore.csproj]
/home/runner/work/trading-bot-c-/trading-bot-c-/src/BotCore/Strategy/S3Strategy.cs(1069,32): error S1541: The Cyclomatic Complexity of this method is 144 which is greater than 10 authorized. (https://rules.sonarsource.com/csharp/RSPEC-1541) [/home/runner/work/trading-bot-c-/trading-bot-c-/src/BotCore/BotCore.csproj]
/home/runner/work/trading-bot-c-/trading-bot-c-/src/BotCore/Strategy/S3Strategy.cs(1069,32): error S138: This method 'OverrideFromJson' has 84 lines, which is greater than the 80 lines authorized. Split it into smaller methods. (https://rules.sonarsource.com/csharp/RSPEC-138) [/home/runner/work/trading-bot-c-/trading-bot-c-/src/BotCore/BotCore.csproj]
/home/runner/work/trading-bot-c-/trading-bot-c-/src/BotCore/Brain/UnifiedTradingBrain.cs(1582,47): error S1541: The Cyclomatic Complexity of this method is 17 which is greater than 10 authorized. (https://rules.sonarsource.com/csharp/RSPEC-1541) [/home/runner/work/trading-bot-c-/trading-bot-c-/src/BotCore/BotCore.csproj]
/home/runner/work/trading-bot-c-/trading-bot-c-/src/BotCore/Brain/UnifiedTradingBrain.cs(1663,39): error S1541: The Cyclomatic Complexity of this method is 12 which is greater than 10 authorized. (https://rules.sonarsource.com/csharp/RSPEC-1541) [/home/runner/work/trading-bot-c-/trading-bot-c-/src/BotCore/BotCore.csproj]
/home/runner/work/trading-bot-c-/trading-bot-c-/src/BotCore/Brain/UnifiedTradingBrain.cs(1663,39): error S138: This method 'PredictPriceDirectionAsync' has 83 lines, which is greater than the 80 lines authorized. Split it into smaller methods. (https://rules.sonarsource.com/csharp/RSPEC-138) [/home/runner/work/trading-bot-c-/trading-bot-c-/src/BotCore/BotCore.csproj]
/home/runner/work/trading-bot-c-/trading-bot-c-/src/BotCore/Strategy/S2Upg.cs(146,49): error S1541: The Cyclomatic Complexity of this method is 12 which is greater than 10 authorized. (https://rules.sonarsource.com/csharp/RSPEC-1541) [/home/runner/work/trading-bot-c-/trading-bot-c-/src/BotCore/BotCore.csproj]
/home/runner/work/trading-bot-c-/trading-bot-c-/src/BotCore/Services/IntegritySigningService.cs(35,13): error CA1848: For improved performance, use the LoggerMessage delegates instead of calling 'LoggerExtensions.LogInformation(ILogger, string?, params object?[])' (https://learn.microsoft.com/dotnet/fundamentals/code-analysis/quality-rules/ca1848) [/home/runner/work/trading-bot-c-/trading-bot-c-/src/BotCore/BotCore.csproj]
/home/runner/work/trading-bot-c-/trading-bot-c-/src/BotCore/Brain/UnifiedTradingBrain.cs(1762,37): error S1541: The Cyclomatic Complexity of this method is 18 which is greater than 10 authorized. (https://rules.sonarsource.com/csharp/RSPEC-1541) [/home/runner/work/trading-bot-c-/trading-bot-c-/src/BotCore/BotCore.csproj]
/home/runner/work/trading-bot-c-/trading-bot-c-/src/BotCore/Brain/UnifiedTradingBrain.cs(1762,37): error S138: This method 'OptimizePositionSizeAsync' has 105 lines, which is greater than the 80 lines authorized. Split it into smaller methods. (https://rules.sonarsource.com/csharp/RSPEC-138) [/home/runner/work/trading-bot-c-/trading-bot-c-/src/BotCore/BotCore.csproj]
/home/runner/work/trading-bot-c-/trading-bot-c-/src/BotCore/Brain/UnifiedTradingBrain.cs(1772,17): error CA1848: For improved performance, use the LoggerMessage delegates instead of calling 'LoggerExtensions.LogWarning(ILogger, string?, params object?[])' (https://learn.microsoft.com/dotnet/fundamentals/code-analysis/quality-rules/ca1848) [/home/runner/work/trading-bot-c-/trading-bot-c-/src/BotCore/BotCore.csproj]
/home/runner/work/trading-bot-c-/trading-bot-c-/src/BotCore/Brain/UnifiedTradingBrain.cs(1793,17): error CA1848: For improved performance, use the LoggerMessage delegates instead of calling 'LoggerExtensions.LogDebug(ILogger, string?, params object?[])' (https://learn.microsoft.com/dotnet/fundamentals/code-analysis/quality-rules/ca1848) [/home/runner/work/trading-bot-c-/trading-bot-c-/src/BotCore/BotCore.csproj]
/home/runner/work/trading-bot-c-/trading-bot-c-/src/BotCore/Brain/UnifiedTradingBrain.cs(1871,21): error CA1848: For improved performance, use the LoggerMessage delegates instead of calling 'LoggerExtensions.LogInformation(ILogger, string?, params object?[])' (https://learn.microsoft.com/dotnet/fundamentals/code-analysis/quality-rules/ca1848) [/home/runner/work/trading-bot-c-/trading-bot-c-/src/BotCore/BotCore.csproj]
/home/runner/work/trading-bot-c-/trading-bot-c-/src/BotCore/Services/IntegritySigningService.cs(47,54): error AsyncFixer02: ComputeHashAsync should be used instead of sha256.ComputeHash. (https://github.com/semihokur/AsyncFixer) [/home/runner/work/trading-bot-c-/trading-bot-c-/src/BotCore/BotCore.csproj]
/home/runner/work/trading-bot-c-/trading-bot-c-/src/BotCore/Brain/UnifiedTradingBrain.cs(1876,21): error CA1848: For improved performance, use the LoggerMessage delegates instead of calling 'LoggerExtensions.LogError(ILogger, Exception?, string?, params object?[])' (https://learn.microsoft.com/dotnet/fundamentals/code-analysis/quality-rules/ca1848) [/home/runner/work/trading-bot-c-/trading-bot-c-/src/BotCore/BotCore.csproj]
/home/runner/work/trading-bot-c-/trading-bot-c-/src/BotCore/Brain/UnifiedTradingBrain.cs(1881,21): error CA1848: For improved performance, use the LoggerMessage delegates instead of calling 'LoggerExtensions.LogError(ILogger, Exception?, string?, params object?[])' (https://learn.microsoft.com/dotnet/fundamentals/code-analysis/quality-rules/ca1848) [/home/runner/work/trading-bot-c-/trading-bot-c-/src/BotCore/BotCore.csproj]
/home/runner/work/trading-bot-c-/trading-bot-c-/src/BotCore/Brain/UnifiedTradingBrain.cs(1886,21): error CA1848: For improved performance, use the LoggerMessage delegates instead of calling 'LoggerExtensions.LogError(ILogger, Exception?, string?, params object?[])' (https://learn.microsoft.com/dotnet/fundamentals/code-analysis/quality-rules/ca1848) [/home/runner/work/trading-bot-c-/trading-bot-c-/src/BotCore/BotCore.csproj]
/home/runner/work/trading-bot-c-/trading-bot-c-/src/BotCore/Brain/UnifiedTradingBrain.cs(1904,17): error CA1848: For improved performance, use the LoggerMessage delegates instead of calling 'LoggerExtensions.LogDebug(ILogger, string?, params object?[])' (https://learn.microsoft.com/dotnet/fundamentals/code-analysis/quality-rules/ca1848) [/home/runner/work/trading-bot-c-/trading-bot-c-/src/BotCore/BotCore.csproj]
/home/runner/work/trading-bot-c-/trading-bot-c-/src/BotCore/Brain/UnifiedTradingBrain.cs(1907,13): error CA1848: For improved performance, use the LoggerMessage delegates instead of calling 'LoggerExtensions.LogDebug(ILogger, string?, params object?[])' (https://learn.microsoft.com/dotnet/fundamentals/code-analysis/quality-rules/ca1848) [/home/runner/work/trading-bot-c-/trading-bot-c-/src/BotCore/BotCore.csproj]
/home/runner/work/trading-bot-c-/trading-bot-c-/src/BotCore/Services/IntegritySigningService.cs(50,17): error CA1848: For improved performance, use the LoggerMessage delegates instead of calling 'LoggerExtensions.LogDebug(ILogger, string?, params object?[])' (https://learn.microsoft.com/dotnet/fundamentals/code-analysis/quality-rules/ca1848) [/home/runner/work/trading-bot-c-/trading-bot-c-/src/BotCore/BotCore.csproj]
/home/runner/work/trading-bot-c-/trading-bot-c-/src/BotCore/Services/IntegritySigningService.cs(57,17): error CA1848: For improved performance, use the LoggerMessage delegates instead of calling 'LoggerExtensions.LogError(ILogger, Exception?, string?, params object?[])' (https://learn.microsoft.com/dotnet/fundamentals/code-analysis/quality-rules/ca1848) [/home/runner/work/trading-bot-c-/trading-bot-c-/src/BotCore/BotCore.csproj]
/home/runner/work/trading-bot-c-/trading-bot-c-/src/BotCore/Services/IntegritySigningService.cs(75,17): error CA1848: For improved performance, use the LoggerMessage delegates instead of calling 'LoggerExtensions.LogError(ILogger, Exception?, string?, params object?[])' (https://learn.microsoft.com/dotnet/fundamentals/code-analysis/quality-rules/ca1848) [/home/runner/work/trading-bot-c-/trading-bot-c-/src/BotCore/BotCore.csproj]
/home/runner/work/trading-bot-c-/trading-bot-c-/src/BotCore/Services/IntegritySigningService.cs(117,25): error CA1848: For improved performance, use the LoggerMessage delegates instead of calling 'LoggerExtensions.LogWarning(ILogger, string?, params object?[])' (https://learn.microsoft.com/dotnet/fundamentals/code-analysis/quality-rules/ca1848) [/home/runner/work/trading-bot-c-/trading-bot-c-/src/BotCore/BotCore.csproj]
/home/runner/work/trading-bot-c-/trading-bot-c-/src/BotCore/Services/IntegritySigningService.cs(129,17): error CA1848: For improved performance, use the LoggerMessage delegates instead of calling 'LoggerExtensions.LogInformation(ILogger, string?, params object?[])' (https://learn.microsoft.com/dotnet/fundamentals/code-analysis/quality-rules/ca1848) [/home/runner/work/trading-bot-c-/trading-bot-c-/src/BotCore/BotCore.csproj]
/home/runner/work/trading-bot-c-/trading-bot-c-/src/BotCore/Services/IntegritySigningService.cs(136,17): error CA1848: For improved performance, use the LoggerMessage delegates instead of calling 'LoggerExtensions.LogError(ILogger, Exception?, string?, params object?[])' (https://learn.microsoft.com/dotnet/fundamentals/code-analysis/quality-rules/ca1848) [/home/runner/work/trading-bot-c-/trading-bot-c-/src/BotCore/BotCore.csproj]
/home/runner/work/trading-bot-c-/trading-bot-c-/src/BotCore/Brain/UnifiedTradingBrain.cs(1954,13): error CA1848: For improved performance, use the LoggerMessage delegates instead of calling 'LoggerExtensions.LogInformation(ILogger, string?, params object?[])' (https://learn.microsoft.com/dotnet/fundamentals/code-analysis/quality-rules/ca1848) [/home/runner/work/trading-bot-c-/trading-bot-c-/src/BotCore/BotCore.csproj]
/home/runner/work/trading-bot-c-/trading-bot-c-/src/BotCore/Brain/UnifiedTradingBrain.cs(1968,13): error CA1848: For improved performance, use the LoggerMessage delegates instead of calling 'LoggerExtensions.LogInformation(ILogger, string?, params object?[])' (https://learn.microsoft.com/dotnet/fundamentals/code-analysis/quality-rules/ca1848) [/home/runner/work/trading-bot-c-/trading-bot-c-/src/BotCore/BotCore.csproj]
/home/runner/work/trading-bot-c-/trading-bot-c-/src/BotCore/Services/IntegritySigningService.cs(144,55): error S138: This method 'VerifySignedManifestAsync' has 92 lines, which is greater than the 80 lines authorized. Split it into smaller methods. (https://rules.sonarsource.com/csharp/RSPEC-138) [/home/runner/work/trading-bot-c-/trading-bot-c-/src/BotCore/BotCore.csproj]
/home/runner/work/trading-bot-c-/trading-bot-c-/src/BotCore/Strategy/S2RuntimeConfig.cs(77,24): error S1541: The Cyclomatic Complexity of this method is 42 which is greater than 10 authorized. (https://rules.sonarsource.com/csharp/RSPEC-1541) [/home/runner/work/trading-bot-c-/trading-bot-c-/src/BotCore/BotCore.csproj]
/home/runner/work/trading-bot-c-/trading-bot-c-/src/BotCore/Services/IntegritySigningService.cs(174,21): error CA1848: For improved performance, use the LoggerMessage delegates instead of calling 'LoggerExtensions.LogError(ILogger, string?, params object?[])' (https://learn.microsoft.com/dotnet/fundamentals/code-analysis/quality-rules/ca1848) [/home/runner/work/trading-bot-c-/trading-bot-c-/src/BotCore/BotCore.csproj]
/home/runner/work/trading-bot-c-/trading-bot-c-/src/BotCore/Services/IntegritySigningService.cs(183,21): error CA1848: For improved performance, use the LoggerMessage delegates instead of calling 'LoggerExtensions.LogError(ILogger, string?, params object?[])' (https://learn.microsoft.com/dotnet/fundamentals/code-analysis/quality-rules/ca1848) [/home/runner/work/trading-bot-c-/trading-bot-c-/src/BotCore/BotCore.csproj]
/home/runner/work/trading-bot-c-/trading-bot-c-/src/BotCore/Services/IntegritySigningService.cs(208,25): error CA1848: For improved performance, use the LoggerMessage delegates instead of calling 'LoggerExtensions.LogError(ILogger, string?, params object?[])' (https://learn.microsoft.com/dotnet/fundamentals/code-analysis/quality-rules/ca1848) [/home/runner/work/trading-bot-c-/trading-bot-c-/src/BotCore/BotCore.csproj]
/home/runner/work/trading-bot-c-/trading-bot-c-/src/BotCore/Services/IntegritySigningService.cs(222,21): error CA1848: For improved performance, use the LoggerMessage delegates instead of calling 'LoggerExtensions.LogInformation(ILogger, string?, params object?[])' (https://learn.microsoft.com/dotnet/fundamentals/code-analysis/quality-rules/ca1848) [/home/runner/work/trading-bot-c-/trading-bot-c-/src/BotCore/BotCore.csproj]
/home/runner/work/trading-bot-c-/trading-bot-c-/src/BotCore/Services/IntegritySigningService.cs(227,21): error CA1848: For improved performance, use the LoggerMessage delegates instead of calling 'LoggerExtensions.LogError(ILogger, string?, params object?[])' (https://learn.microsoft.com/dotnet/fundamentals/code-analysis/quality-rules/ca1848) [/home/runner/work/trading-bot-c-/trading-bot-c-/src/BotCore/BotCore.csproj]
/home/runner/work/trading-bot-c-/trading-bot-c-/src/BotCore/Services/IntegritySigningService.cs(236,17): error CA1848: For improved performance, use the LoggerMessage delegates instead of calling 'LoggerExtensions.LogError(ILogger, Exception?, string?, params object?[])' (https://learn.microsoft.com/dotnet/fundamentals/code-analysis/quality-rules/ca1848) [/home/runner/work/trading-bot-c-/trading-bot-c-/src/BotCore/BotCore.csproj]
/home/runner/work/trading-bot-c-/trading-bot-c-/src/BotCore/Services/IntegritySigningService.cs(242,17): error CA1848: For improved performance, use the LoggerMessage delegates instead of calling 'LoggerExtensions.LogError(ILogger, Exception?, string?, params object?[])' (https://learn.microsoft.com/dotnet/fundamentals/code-analysis/quality-rules/ca1848) [/home/runner/work/trading-bot-c-/trading-bot-c-/src/BotCore/BotCore.csproj]
/home/runner/work/trading-bot-c-/trading-bot-c-/src/BotCore/Services/IntegritySigningService.cs(248,17): error CA1848: For improved performance, use the LoggerMessage delegates instead of calling 'LoggerExtensions.LogError(ILogger, Exception?, string?, params object?[])' (https://learn.microsoft.com/dotnet/fundamentals/code-analysis/quality-rules/ca1848) [/home/runner/work/trading-bot-c-/trading-bot-c-/src/BotCore/BotCore.csproj]
/home/runner/work/trading-bot-c-/trading-bot-c-/src/BotCore/Services/IntegritySigningService.cs(254,17): error CA1848: For improved performance, use the LoggerMessage delegates instead of calling 'LoggerExtensions.LogError(ILogger, Exception?, string?, params object?[])' (https://learn.microsoft.com/dotnet/fundamentals/code-analysis/quality-rules/ca1848) [/home/runner/work/trading-bot-c-/trading-bot-c-/src/BotCore/BotCore.csproj]
/home/runner/work/trading-bot-c-/trading-bot-c-/src/BotCore/Brain/UnifiedTradingBrain.cs(2039,17): error CA1848: For improved performance, use the LoggerMessage delegates instead of calling 'LoggerExtensions.LogDebug(ILogger, string?, params object?[])' (https://learn.microsoft.com/dotnet/fundamentals/code-analysis/quality-rules/ca1848) [/home/runner/work/trading-bot-c-/trading-bot-c-/src/BotCore/BotCore.csproj]
/home/runner/work/trading-bot-c-/trading-bot-c-/src/BotCore/Brain/UnifiedTradingBrain.cs(2046,17): error CA1848: For improved performance, use the LoggerMessage delegates instead of calling 'LoggerExtensions.LogError(ILogger, Exception?, string?, params object?[])' (https://learn.microsoft.com/dotnet/fundamentals/code-analysis/quality-rules/ca1848) [/home/runner/work/trading-bot-c-/trading-bot-c-/src/BotCore/BotCore.csproj]
/home/runner/work/trading-bot-c-/trading-bot-c-/src/BotCore/Brain/UnifiedTradingBrain.cs(2053,17): error CA1848: For improved performance, use the LoggerMessage delegates instead of calling 'LoggerExtensions.LogError(ILogger, Exception?, string?, params object?[])' (https://learn.microsoft.com/dotnet/fundamentals/code-analysis/quality-rules/ca1848) [/home/runner/work/trading-bot-c-/trading-bot-c-/src/BotCore/BotCore.csproj]
/home/runner/work/trading-bot-c-/trading-bot-c-/src/BotCore/Brain/UnifiedTradingBrain.cs(2060,17): error CA1848: For improved performance, use the LoggerMessage delegates instead of calling 'LoggerExtensions.LogError(ILogger, Exception?, string?, params object?[])' (https://learn.microsoft.com/dotnet/fundamentals/code-analysis/quality-rules/ca1848) [/home/runner/work/trading-bot-c-/trading-bot-c-/src/BotCore/BotCore.csproj]
/home/runner/work/trading-bot-c-/trading-bot-c-/src/BotCore/Services/IntegritySigningService.cs(278,17): error CA1848: For improved performance, use the LoggerMessage delegates instead of calling 'LoggerExtensions.LogDebug(ILogger, string?, params object?[])' (https://learn.microsoft.com/dotnet/fundamentals/code-analysis/quality-rules/ca1848) [/home/runner/work/trading-bot-c-/trading-bot-c-/src/BotCore/BotCore.csproj]
/home/runner/work/trading-bot-c-/trading-bot-c-/src/BotCore/Services/IntegritySigningService.cs(283,17): error CA1848: For improved performance, use the LoggerMessage delegates instead of calling 'LoggerExtensions.LogError(ILogger, Exception?, string?, params object?[])' (https://learn.microsoft.com/dotnet/fundamentals/code-analysis/quality-rules/ca1848) [/home/runner/work/trading-bot-c-/trading-bot-c-/src/BotCore/BotCore.csproj]
/home/runner/work/trading-bot-c-/trading-bot-c-/src/BotCore/Services/IntegritySigningService.cs(311,21): error CA1848: For improved performance, use the LoggerMessage delegates instead of calling 'LoggerExtensions.LogError(ILogger, string?, params object?[])' (https://learn.microsoft.com/dotnet/fundamentals/code-analysis/quality-rules/ca1848) [/home/runner/work/trading-bot-c-/trading-bot-c-/src/BotCore/BotCore.csproj]
/home/runner/work/trading-bot-c-/trading-bot-c-/src/BotCore/Services/IntegritySigningService.cs(320,17): error CA1848: For improved performance, use the LoggerMessage delegates instead of calling 'LoggerExtensions.LogError(ILogger, Exception?, string?, params object?[])' (https://learn.microsoft.com/dotnet/fundamentals/code-analysis/quality-rules/ca1848) [/home/runner/work/trading-bot-c-/trading-bot-c-/src/BotCore/BotCore.csproj]
/home/runner/work/trading-bot-c-/trading-bot-c-/src/BotCore/Services/IntegritySigningService.cs(325,17): error CA1848: For improved performance, use the LoggerMessage delegates instead of calling 'LoggerExtensions.LogError(ILogger, Exception?, string?, params object?[])' (https://learn.microsoft.com/dotnet/fundamentals/code-analysis/quality-rules/ca1848) [/home/runner/work/trading-bot-c-/trading-bot-c-/src/BotCore/BotCore.csproj]
/home/runner/work/trading-bot-c-/trading-bot-c-/src/BotCore/Services/IntegritySigningService.cs(330,17): error CA1848: For improved performance, use the LoggerMessage delegates instead of calling 'LoggerExtensions.LogError(ILogger, Exception?, string?, params object?[])' (https://learn.microsoft.com/dotnet/fundamentals/code-analysis/quality-rules/ca1848) [/home/runner/work/trading-bot-c-/trading-bot-c-/src/BotCore/BotCore.csproj]
/home/runner/work/trading-bot-c-/trading-bot-c-/src/BotCore/Services/IntegritySigningService.cs(362,17): error CA1848: For improved performance, use the LoggerMessage delegates instead of calling 'LoggerExtensions.LogInformation(ILogger, string?, params object?[])' (https://learn.microsoft.com/dotnet/fundamentals/code-analysis/quality-rules/ca1848) [/home/runner/work/trading-bot-c-/trading-bot-c-/src/BotCore/BotCore.csproj]
/home/runner/work/trading-bot-c-/trading-bot-c-/src/BotCore/Services/IntegritySigningService.cs(367,17): error CA1848: For improved performance, use the LoggerMessage delegates instead of calling 'LoggerExtensions.LogError(ILogger, Exception?, string?, params object?[])' (https://learn.microsoft.com/dotnet/fundamentals/code-analysis/quality-rules/ca1848) [/home/runner/work/trading-bot-c-/trading-bot-c-/src/BotCore/BotCore.csproj]
/home/runner/work/trading-bot-c-/trading-bot-c-/src/BotCore/Brain/UnifiedTradingBrain.cs(2151,30): error S1541: The Cyclomatic Complexity of this method is 24 which is greater than 10 authorized. (https://rules.sonarsource.com/csharp/RSPEC-1541) [/home/runner/work/trading-bot-c-/trading-bot-c-/src/BotCore/BotCore.csproj]
/home/runner/work/trading-bot-c-/trading-bot-c-/src/BotCore/Services/IntegritySigningService.cs(400,17): error CA1848: For improved performance, use the LoggerMessage delegates instead of calling 'LoggerExtensions.LogError(ILogger, Exception?, string?, params object?[])' (https://learn.microsoft.com/dotnet/fundamentals/code-analysis/quality-rules/ca1848) [/home/runner/work/trading-bot-c-/trading-bot-c-/src/BotCore/BotCore.csproj]
/home/runner/work/trading-bot-c-/trading-bot-c-/src/BotCore/Services/IntegritySigningService.cs(405,17): error CA1848: For improved performance, use the LoggerMessage delegates instead of calling 'LoggerExtensions.LogError(ILogger, Exception?, string?, params object?[])' (https://learn.microsoft.com/dotnet/fundamentals/code-analysis/quality-rules/ca1848) [/home/runner/work/trading-bot-c-/trading-bot-c-/src/BotCore/BotCore.csproj]
/home/runner/work/trading-bot-c-/trading-bot-c-/src/BotCore/Services/IntegritySigningService.cs(410,17): error CA1848: For improved performance, use the LoggerMessage delegates instead of calling 'LoggerExtensions.LogError(ILogger, Exception?, string?, params object?[])' (https://learn.microsoft.com/dotnet/fundamentals/code-analysis/quality-rules/ca1848) [/home/runner/work/trading-bot-c-/trading-bot-c-/src/BotCore/BotCore.csproj]
/home/runner/work/trading-bot-c-/trading-bot-c-/src/BotCore/Brain/UnifiedTradingBrain.cs(2191,13): error CA1848: For improved performance, use the LoggerMessage delegates instead of calling 'LoggerExtensions.LogDebug(ILogger, string?, params object?[])' (https://learn.microsoft.com/dotnet/fundamentals/code-analysis/quality-rules/ca1848) [/home/runner/work/trading-bot-c-/trading-bot-c-/src/BotCore/BotCore.csproj]
/home/runner/work/trading-bot-c-/trading-bot-c-/src/BotCore/Strategy/S15_RlStrategy.cs(52,44): error S1541: The Cyclomatic Complexity of this method is 15 which is greater than 10 authorized. (https://rules.sonarsource.com/csharp/RSPEC-1541) [/home/runner/work/trading-bot-c-/trading-bot-c-/src/BotCore/BotCore.csproj]
/home/runner/work/trading-bot-c-/trading-bot-c-/src/BotCore/Strategy/S15_RlStrategy.cs(52,44): error S138: This method 'GenerateCandidates' has 127 lines, which is greater than the 80 lines authorized. Split it into smaller methods. (https://rules.sonarsource.com/csharp/RSPEC-138) [/home/runner/work/trading-bot-c-/trading-bot-c-/src/BotCore/BotCore.csproj]
/home/runner/work/trading-bot-c-/trading-bot-c-/src/BotCore/Brain/UnifiedTradingBrain.cs(2323,17): error CA1848: For improved performance, use the LoggerMessage delegates instead of calling 'LoggerExtensions.LogInformation(ILogger, string?, params object?[])' (https://learn.microsoft.com/dotnet/fundamentals/code-analysis/quality-rules/ca1848) [/home/runner/work/trading-bot-c-/trading-bot-c-/src/BotCore/BotCore.csproj]
/home/runner/work/trading-bot-c-/trading-bot-c-/src/BotCore/Brain/UnifiedTradingBrain.cs(2334,17): error CA1848: For improved performance, use the LoggerMessage delegates instead of calling 'LoggerExtensions.LogInformation(ILogger, string?, params object?[])' (https://learn.microsoft.com/dotnet/fundamentals/code-analysis/quality-rules/ca1848) [/home/runner/work/trading-bot-c-/trading-bot-c-/src/BotCore/BotCore.csproj]
/home/runner/work/trading-bot-c-/trading-bot-c-/src/BotCore/Brain/UnifiedTradingBrain.cs(2338,17): error CA1848: For improved performance, use the LoggerMessage delegates instead of calling 'LoggerExtensions.LogError(ILogger, Exception?, string?, params object?[])' (https://learn.microsoft.com/dotnet/fundamentals/code-analysis/quality-rules/ca1848) [/home/runner/work/trading-bot-c-/trading-bot-c-/src/BotCore/BotCore.csproj]
/home/runner/work/trading-bot-c-/trading-bot-c-/src/BotCore/Brain/UnifiedTradingBrain.cs(2342,17): error CA1848: For improved performance, use the LoggerMessage delegates instead of calling 'LoggerExtensions.LogError(ILogger, Exception?, string?, params object?[])' (https://learn.microsoft.com/dotnet/fundamentals/code-analysis/quality-rules/ca1848) [/home/runner/work/trading-bot-c-/trading-bot-c-/src/BotCore/BotCore.csproj]
/home/runner/work/trading-bot-c-/trading-bot-c-/src/BotCore/Brain/UnifiedTradingBrain.cs(2346,17): error CA1848: For improved performance, use the LoggerMessage delegates instead of calling 'LoggerExtensions.LogError(ILogger, Exception?, string?, params object?[])' (https://learn.microsoft.com/dotnet/fundamentals/code-analysis/quality-rules/ca1848) [/home/runner/work/trading-bot-c-/trading-bot-c-/src/BotCore/BotCore.csproj]
/home/runner/work/trading-bot-c-/trading-bot-c-/src/BotCore/Brain/UnifiedTradingBrain.cs(2350,17): error CA1848: For improved performance, use the LoggerMessage delegates instead of calling 'LoggerExtensions.LogError(ILogger, Exception?, string?, params object?[])' (https://learn.microsoft.com/dotnet/fundamentals/code-analysis/quality-rules/ca1848) [/home/runner/work/trading-bot-c-/trading-bot-c-/src/BotCore/BotCore.csproj]
/home/runner/work/trading-bot-c-/trading-bot-c-/src/BotCore/Services/Helpers/ParameterSerializationHelper.cs(17,28): error S1541: The Cyclomatic Complexity of this method is 11 which is greater than 10 authorized. (https://rules.sonarsource.com/csharp/RSPEC-1541) [/home/runner/work/trading-bot-c-/trading-bot-c-/src/BotCore/BotCore.csproj]
/home/runner/work/trading-bot-c-/trading-bot-c-/src/BotCore/Strategy/AllStrategies.cs(57,48): error CA1707: Remove the underscores from member name BotCore.Strategy.AllStrategies.generate_candidates(string, BotCore.Models.Env, BotCore.Models.Levels, System.Collections.Generic.IList<BotCore.Models.Bar>, BotCore.Risk.RiskEngine) (https://learn.microsoft.com/dotnet/fundamentals/code-analysis/quality-rules/ca1707) [/home/runner/work/trading-bot-c-/trading-bot-c-/src/BotCore/BotCore.csproj]
/home/runner/work/trading-bot-c-/trading-bot-c-/src/BotCore/Strategy/AllStrategies.cs(62,48): error CA1707: Remove the underscores from member name BotCore.Strategy.AllStrategies.generate_candidates(string, BotCore.Models.Env, BotCore.Models.Levels, System.Collections.Generic.IList<BotCore.Models.Bar>, BotCore.Risk.RiskEngine, TradingBot.Abstractions.IS7Service?) (https://learn.microsoft.com/dotnet/fundamentals/code-analysis/quality-rules/ca1707) [/home/runner/work/trading-bot-c-/trading-bot-c-/src/BotCore/BotCore.csproj]
/home/runner/work/trading-bot-c-/trading-bot-c-/src/BotCore/Brain/UnifiedTradingBrain.cs(2398,25): error CA1848: For improved performance, use the LoggerMessage delegates instead of calling 'LoggerExtensions.LogDebug(ILogger, string?, params object?[])' (https://learn.microsoft.com/dotnet/fundamentals/code-analysis/quality-rules/ca1848) [/home/runner/work/trading-bot-c-/trading-bot-c-/src/BotCore/BotCore.csproj]
/home/runner/work/trading-bot-c-/trading-bot-c-/src/BotCore/Strategy/AllStrategies.cs(67,48): error CA1707: Remove the underscores from member name BotCore.Strategy.AllStrategies.generate_candidates_with_time_filter(string, BotCore.Models.Env, BotCore.Models.Levels, System.Collections.Generic.IList<BotCore.Models.Bar>, BotCore.Risk.RiskEngine, System.DateTime, TradingBot.Abstractions.IS7Service?, BotCore.Strategy.IRlPolicy?, BotCore.Features.FeatureBuilder?) (https://learn.microsoft.com/dotnet/fundamentals/code-analysis/quality-rules/ca1707) [/home/runner/work/trading-bot-c-/trading-bot-c-/src/BotCore/BotCore.csproj]
/home/runner/work/trading-bot-c-/trading-bot-c-/src/BotCore/Brain/UnifiedTradingBrain.cs(2445,13): error CA1848: For improved performance, use the LoggerMessage delegates instead of calling 'LoggerExtensions.LogInformation(ILogger, string?, params object?[])' (https://learn.microsoft.com/dotnet/fundamentals/code-analysis/quality-rules/ca1848) [/home/runner/work/trading-bot-c-/trading-bot-c-/src/BotCore/BotCore.csproj]
/home/runner/work/trading-bot-c-/trading-bot-c-/src/BotCore/Strategy/AllStrategies.cs(67,48): error S1541: The Cyclomatic Complexity of this method is 33 which is greater than 10 authorized. (https://rules.sonarsource.com/csharp/RSPEC-1541) [/home/runner/work/trading-bot-c-/trading-bot-c-/src/BotCore/BotCore.csproj]
/home/runner/work/trading-bot-c-/trading-bot-c-/src/BotCore/Strategy/AllStrategies.cs(196,45): error CA1707: Remove the underscores from member name BotCore.Strategy.AllStrategies.generate_candidates(string, BotCore.Config.TradingProfileConfig, BotCore.Config.StrategyDef, System.Collections.Generic.IList<BotCore.Models.Bar>, object, BotCore.Models.MarketSnapshot, TradingBot.Abstractions.IS7Service?) (https://learn.microsoft.com/dotnet/fundamentals/code-analysis/quality-rules/ca1707) [/home/runner/work/trading-bot-c-/trading-bot-c-/src/BotCore/BotCore.csproj]
/home/runner/work/trading-bot-c-/trading-bot-c-/src/BotCore/Strategy/AllStrategies.cs(240,37): error S1541: The Cyclomatic Complexity of this method is 13 which is greater than 10 authorized. (https://rules.sonarsource.com/csharp/RSPEC-1541) [/home/runner/work/trading-bot-c-/trading-bot-c-/src/BotCore/BotCore.csproj]
/home/runner/work/trading-bot-c-/trading-bot-c-/src/BotCore/Services/DeterminismService.cs(63,17): error CA1848: For improved performance, use the LoggerMessage delegates instead of calling 'LoggerExtensions.LogInformation(ILogger, string?, params object?[])' (https://learn.microsoft.com/dotnet/fundamentals/code-analysis/quality-rules/ca1848) [/home/runner/work/trading-bot-c-/trading-bot-c-/src/BotCore/BotCore.csproj]
/home/runner/work/trading-bot-c-/trading-bot-c-/src/BotCore/Services/DeterminismService.cs(119,17): error CA1848: For improved performance, use the LoggerMessage delegates instead of calling 'LoggerExtensions.LogInformation(ILogger, string?, params object?[])' (https://learn.microsoft.com/dotnet/fundamentals/code-analysis/quality-rules/ca1848) [/home/runner/work/trading-bot-c-/trading-bot-c-/src/BotCore/BotCore.csproj]
/home/runner/work/trading-bot-c-/trading-bot-c-/src/BotCore/Services/DeterminismService.cs(136,17): error CA1848: For improved performance, use the LoggerMessage delegates instead of calling 'LoggerExtensions.LogInformation(ILogger, string?, params object?[])' (https://learn.microsoft.com/dotnet/fundamentals/code-analysis/quality-rules/ca1848) [/home/runner/work/trading-bot-c-/trading-bot-c-/src/BotCore/BotCore.csproj]
/home/runner/work/trading-bot-c-/trading-bot-c-/src/BotCore/Services/DeterminismService.cs(164,13): error CA1848: For improved performance, use the LoggerMessage delegates instead of calling 'LoggerExtensions.LogInformation(ILogger, string?, params object?[])' (https://learn.microsoft.com/dotnet/fundamentals/code-analysis/quality-rules/ca1848) [/home/runner/work/trading-bot-c-/trading-bot-c-/src/BotCore/BotCore.csproj]
/home/runner/work/trading-bot-c-/trading-bot-c-/src/BotCore/Strategy/AllStrategies.cs(316,45): error CA1707: Remove the underscores from member name BotCore.Strategy.AllStrategies.generate_candidates(string, BotCore.Models.Env, BotCore.Models.Levels, System.Collections.Generic.IList<BotCore.Models.Bar>, System.Collections.Generic.IList<BotCore.Config.StrategyDef>, BotCore.Risk.RiskEngine, BotCore.Config.TradingProfileConfig, BotCore.Models.MarketSnapshot, TradingBot.Abstractions.IS7Service?, int) (https://learn.microsoft.com/dotnet/fundamentals/code-analysis/quality-rules/ca1707) [/home/runner/work/trading-bot-c-/trading-bot-c-/src/BotCore/BotCore.csproj]
/home/runner/work/trading-bot-c-/trading-bot-c-/src/BotCore/Strategy/AllStrategies.cs(316,45): error S1541: The Cyclomatic Complexity of this method is 14 which is greater than 10 authorized. (https://rules.sonarsource.com/csharp/RSPEC-1541) [/home/runner/work/trading-bot-c-/trading-bot-c-/src/BotCore/BotCore.csproj]
/home/runner/work/trading-bot-c-/trading-bot-c-/src/BotCore/Strategy/AllStrategies.cs(402,45): error CA1707: Remove the underscores from member name BotCore.Strategy.AllStrategies.generate_signals(string, BotCore.Models.Env, BotCore.Models.Levels, System.Collections.Generic.IList<BotCore.Models.Bar>, BotCore.Risk.RiskEngine, long, string) (https://learn.microsoft.com/dotnet/fundamentals/code-analysis/quality-rules/ca1707) [/home/runner/work/trading-bot-c-/trading-bot-c-/src/BotCore/BotCore.csproj]
/home/runner/work/trading-bot-c-/trading-bot-c-/src/BotCore/Services/DeterminismService.cs(246,17): error CA1848: For improved performance, use the LoggerMessage delegates instead of calling 'LoggerExtensions.LogInformation(ILogger, string?, params object?[])' (https://learn.microsoft.com/dotnet/fundamentals/code-analysis/quality-rules/ca1848) [/home/runner/work/trading-bot-c-/trading-bot-c-/src/BotCore/BotCore.csproj]
/home/runner/work/trading-bot-c-/trading-bot-c-/src/BotCore/Services/DeterminismService.cs(250,17): error CA1848: For improved performance, use the LoggerMessage delegates instead of calling 'LoggerExtensions.LogWarning(ILogger, string?, params object?[])' (https://learn.microsoft.com/dotnet/fundamentals/code-analysis/quality-rules/ca1848) [/home/runner/work/trading-bot-c-/trading-bot-c-/src/BotCore/BotCore.csproj]
/home/runner/work/trading-bot-c-/trading-bot-c-/src/BotCore/Brain/UnifiedTradingBrain.cs(2647,58): error S138: This method 'ValidateModelForReloadAsync' has 83 lines, which is greater than the 80 lines authorized. Split it into smaller methods. (https://rules.sonarsource.com/csharp/RSPEC-138) [/home/runner/work/trading-bot-c-/trading-bot-c-/src/BotCore/BotCore.csproj]
/home/runner/work/trading-bot-c-/trading-bot-c-/src/BotCore/Brain/UnifiedTradingBrain.cs(2654,17): error CA1848: For improved performance, use the LoggerMessage delegates instead of calling 'LoggerExtensions.LogInformation(ILogger, string?, params object?[])' (https://learn.microsoft.com/dotnet/fundamentals/code-analysis/quality-rules/ca1848) [/home/runner/work/trading-bot-c-/trading-bot-c-/src/BotCore/BotCore.csproj]
/home/runner/work/trading-bot-c-/trading-bot-c-/src/BotCore/Brain/UnifiedTradingBrain.cs(2655,17): error CA1848: For improved performance, use the LoggerMessage delegates instead of calling 'LoggerExtensions.LogInformation(ILogger, string?, params object?[])' (https://learn.microsoft.com/dotnet/fundamentals/code-analysis/quality-rules/ca1848) [/home/runner/work/trading-bot-c-/trading-bot-c-/src/BotCore/BotCore.csproj]
/home/runner/work/trading-bot-c-/trading-bot-c-/src/BotCore/Brain/UnifiedTradingBrain.cs(2656,17): error CA1848: For improved performance, use the LoggerMessage delegates instead of calling 'LoggerExtensions.LogInformation(ILogger, string?, params object?[])' (https://learn.microsoft.com/dotnet/fundamentals/code-analysis/quality-rules/ca1848) [/home/runner/work/trading-bot-c-/trading-bot-c-/src/BotCore/BotCore.csproj]
/home/runner/work/trading-bot-c-/trading-bot-c-/src/BotCore/Brain/UnifiedTradingBrain.cs(2659,17): error CA1848: For improved performance, use the LoggerMessage delegates instead of calling 'LoggerExtensions.LogInformation(ILogger, string?, params object?[])' (https://learn.microsoft.com/dotnet/fundamentals/code-analysis/quality-rules/ca1848) [/home/runner/work/trading-bot-c-/trading-bot-c-/src/BotCore/BotCore.csproj]
/home/runner/work/trading-bot-c-/trading-bot-c-/src/BotCore/Brain/UnifiedTradingBrain.cs(2664,21): error CA1848: For improved performance, use the LoggerMessage delegates instead of calling 'LoggerExtensions.LogError(ILogger, string?, params object?[])' (https://learn.microsoft.com/dotnet/fundamentals/code-analysis/quality-rules/ca1848) [/home/runner/work/trading-bot-c-/trading-bot-c-/src/BotCore/BotCore.csproj]
/home/runner/work/trading-bot-c-/trading-bot-c-/src/BotCore/Brain/UnifiedTradingBrain.cs(2667,17): error CA1848: For improved performance, use the LoggerMessage delegates instead of calling 'LoggerExtensions.LogInformation(ILogger, string?, params object?[])' (https://learn.microsoft.com/dotnet/fundamentals/code-analysis/quality-rules/ca1848) [/home/runner/work/trading-bot-c-/trading-bot-c-/src/BotCore/BotCore.csproj]
/home/runner/work/trading-bot-c-/trading-bot-c-/src/BotCore/Brain/UnifiedTradingBrain.cs(2670,17): error CA1848: For improved performance, use the LoggerMessage delegates instead of calling 'LoggerExtensions.LogInformation(ILogger, string?, params object?[])' (https://learn.microsoft.com/dotnet/fundamentals/code-analysis/quality-rules/ca1848) [/home/runner/work/trading-bot-c-/trading-bot-c-/src/BotCore/BotCore.csproj]
/home/runner/work/trading-bot-c-/trading-bot-c-/src/BotCore/Brain/UnifiedTradingBrain.cs(2672,17): error CA1848: For improved performance, use the LoggerMessage delegates instead of calling 'LoggerExtensions.LogInformation(ILogger, string?, params object?[])' (https://learn.microsoft.com/dotnet/fundamentals/code-analysis/quality-rules/ca1848) [/home/runner/work/trading-bot-c-/trading-bot-c-/src/BotCore/BotCore.csproj]
/home/runner/work/trading-bot-c-/trading-bot-c-/src/BotCore/Brain/UnifiedTradingBrain.cs(2675,17): error CA1848: For improved performance, use the LoggerMessage delegates instead of calling 'LoggerExtensions.LogInformation(ILogger, string?, params object?[])' (https://learn.microsoft.com/dotnet/fundamentals/code-analysis/quality-rules/ca1848) [/home/runner/work/trading-bot-c-/trading-bot-c-/src/BotCore/BotCore.csproj]
/home/runner/work/trading-bot-c-/trading-bot-c-/src/BotCore/Brain/UnifiedTradingBrain.cs(2684,25): error CA1848: For improved performance, use the LoggerMessage delegates instead of calling 'LoggerExtensions.LogError(ILogger, string?, params object?[])' (https://learn.microsoft.com/dotnet/fundamentals/code-analysis/quality-rules/ca1848) [/home/runner/work/trading-bot-c-/trading-bot-c-/src/BotCore/BotCore.csproj]
/home/runner/work/trading-bot-c-/trading-bot-c-/src/BotCore/Brain/UnifiedTradingBrain.cs(2687,21): error CA1848: For improved performance, use the LoggerMessage delegates instead of calling 'LoggerExtensions.LogInformation(ILogger, string?, params object?[])' (https://learn.microsoft.com/dotnet/fundamentals/code-analysis/quality-rules/ca1848) [/home/runner/work/trading-bot-c-/trading-bot-c-/src/BotCore/BotCore.csproj]
/home/runner/work/trading-bot-c-/trading-bot-c-/src/BotCore/Brain/UnifiedTradingBrain.cs(2691,21): error CA1848: For improved performance, use the LoggerMessage delegates instead of calling 'LoggerExtensions.LogWarning(ILogger, string?, params object?[])' (https://learn.microsoft.com/dotnet/fundamentals/code-analysis/quality-rules/ca1848) [/home/runner/work/trading-bot-c-/trading-bot-c-/src/BotCore/BotCore.csproj]
/home/runner/work/trading-bot-c-/trading-bot-c-/src/BotCore/Brain/UnifiedTradingBrain.cs(2695,17): error CA1848: For improved performance, use the LoggerMessage delegates instead of calling 'LoggerExtensions.LogInformation(ILogger, string?, params object?[])' (https://learn.microsoft.com/dotnet/fundamentals/code-analysis/quality-rules/ca1848) [/home/runner/work/trading-bot-c-/trading-bot-c-/src/BotCore/BotCore.csproj]
/home/runner/work/trading-bot-c-/trading-bot-c-/src/BotCore/Brain/UnifiedTradingBrain.cs(2700,21): error CA1848: For improved performance, use the LoggerMessage delegates instead of calling 'LoggerExtensions.LogError(ILogger, string?, params object?[])' (https://learn.microsoft.com/dotnet/fundamentals/code-analysis/quality-rules/ca1848) [/home/runner/work/trading-bot-c-/trading-bot-c-/src/BotCore/BotCore.csproj]
/home/runner/work/trading-bot-c-/trading-bot-c-/src/BotCore/Brain/UnifiedTradingBrain.cs(2703,17): error CA1848: For improved performance, use the LoggerMessage delegates instead of calling 'LoggerExtensions.LogInformation(ILogger, string?, params object?[])' (https://learn.microsoft.com/dotnet/fundamentals/code-analysis/quality-rules/ca1848) [/home/runner/work/trading-bot-c-/trading-bot-c-/src/BotCore/BotCore.csproj]
/home/runner/work/trading-bot-c-/trading-bot-c-/src/BotCore/Brain/UnifiedTradingBrain.cs(2708,21): error CA1848: For improved performance, use the LoggerMessage delegates instead of calling 'LoggerExtensions.LogInformation(ILogger, string?, params object?[])' (https://learn.microsoft.com/dotnet/fundamentals/code-analysis/quality-rules/ca1848) [/home/runner/work/trading-bot-c-/trading-bot-c-/src/BotCore/BotCore.csproj]
/home/runner/work/trading-bot-c-/trading-bot-c-/src/BotCore/Brain/UnifiedTradingBrain.cs(2715,25): error CA1848: For improved performance, use the LoggerMessage delegates instead of calling 'LoggerExtensions.LogError(ILogger, string?, params object?[])' (https://learn.microsoft.com/dotnet/fundamentals/code-analysis/quality-rules/ca1848) [/home/runner/work/trading-bot-c-/trading-bot-c-/src/BotCore/BotCore.csproj]
/home/runner/work/trading-bot-c-/trading-bot-c-/src/BotCore/Brain/UnifiedTradingBrain.cs(2718,21): error CA1848: For improved performance, use the LoggerMessage delegates instead of calling 'LoggerExtensions.LogInformation(ILogger, string?, params object?[])' (https://learn.microsoft.com/dotnet/fundamentals/code-analysis/quality-rules/ca1848) [/home/runner/work/trading-bot-c-/trading-bot-c-/src/BotCore/BotCore.csproj]
/home/runner/work/trading-bot-c-/trading-bot-c-/src/BotCore/Brain/UnifiedTradingBrain.cs(2722,21): error CA1848: For improved performance, use the LoggerMessage delegates instead of calling 'LoggerExtensions.LogWarning(ILogger, string?, params object?[])' (https://learn.microsoft.com/dotnet/fundamentals/code-analysis/quality-rules/ca1848) [/home/runner/work/trading-bot-c-/trading-bot-c-/src/BotCore/BotCore.csproj]
/home/runner/work/trading-bot-c-/trading-bot-c-/src/BotCore/Brain/UnifiedTradingBrain.cs(2725,17): error CA1848: For improved performance, use the LoggerMessage delegates instead of calling 'LoggerExtensions.LogInformation(ILogger, string?, params object?[])' (https://learn.microsoft.com/dotnet/fundamentals/code-analysis/quality-rules/ca1848) [/home/runner/work/trading-bot-c-/trading-bot-c-/src/BotCore/BotCore.csproj]
/home/runner/work/trading-bot-c-/trading-bot-c-/src/BotCore/Brain/UnifiedTradingBrain.cs(2730,17): error CA1848: For improved performance, use the LoggerMessage delegates instead of calling 'LoggerExtensions.LogError(ILogger, Exception?, string?, params object?[])' (https://learn.microsoft.com/dotnet/fundamentals/code-analysis/quality-rules/ca1848) [/home/runner/work/trading-bot-c-/trading-bot-c-/src/BotCore/BotCore.csproj]
/home/runner/work/trading-bot-c-/trading-bot-c-/src/BotCore/Brain/UnifiedTradingBrain.cs(2735,17): error CA1848: For improved performance, use the LoggerMessage delegates instead of calling 'LoggerExtensions.LogError(ILogger, Exception?, string?, params object?[])' (https://learn.microsoft.com/dotnet/fundamentals/code-analysis/quality-rules/ca1848) [/home/runner/work/trading-bot-c-/trading-bot-c-/src/BotCore/BotCore.csproj]
/home/runner/work/trading-bot-c-/trading-bot-c-/src/BotCore/Brain/UnifiedTradingBrain.cs(2740,17): error CA1848: For improved performance, use the LoggerMessage delegates instead of calling 'LoggerExtensions.LogError(ILogger, Exception?, string?, params object?[])' (https://learn.microsoft.com/dotnet/fundamentals/code-analysis/quality-rules/ca1848) [/home/runner/work/trading-bot-c-/trading-bot-c-/src/BotCore/BotCore.csproj]
/home/runner/work/trading-bot-c-/trading-bot-c-/src/BotCore/Brain/UnifiedTradingBrain.cs(2745,17): error CA1848: For improved performance, use the LoggerMessage delegates instead of calling 'LoggerExtensions.LogError(ILogger, Exception?, string?, params object?[])' (https://learn.microsoft.com/dotnet/fundamentals/code-analysis/quality-rules/ca1848) [/home/runner/work/trading-bot-c-/trading-bot-c-/src/BotCore/BotCore.csproj]
/home/runner/work/trading-bot-c-/trading-bot-c-/src/BotCore/Brain/UnifiedTradingBrain.cs(2758,21): error CA1848: For improved performance, use the LoggerMessage delegates instead of calling 'LoggerExtensions.LogWarning(ILogger, string?, params object?[])' (https://learn.microsoft.com/dotnet/fundamentals/code-analysis/quality-rules/ca1848) [/home/runner/work/trading-bot-c-/trading-bot-c-/src/BotCore/BotCore.csproj]
/home/runner/work/trading-bot-c-/trading-bot-c-/src/BotCore/Brain/UnifiedTradingBrain.cs(2769,21): error CA1848: For improved performance, use the LoggerMessage delegates instead of calling 'LoggerExtensions.LogError(ILogger, string?, params object?[])' (https://learn.microsoft.com/dotnet/fundamentals/code-analysis/quality-rules/ca1848) [/home/runner/work/trading-bot-c-/trading-bot-c-/src/BotCore/BotCore.csproj]
/home/runner/work/trading-bot-c-/trading-bot-c-/src/BotCore/Brain/UnifiedTradingBrain.cs(2776,21): error CA1848: For improved performance, use the LoggerMessage delegates instead of calling 'LoggerExtensions.LogError(ILogger, string?, params object?[])' (https://learn.microsoft.com/dotnet/fundamentals/code-analysis/quality-rules/ca1848) [/home/runner/work/trading-bot-c-/trading-bot-c-/src/BotCore/BotCore.csproj]
/home/runner/work/trading-bot-c-/trading-bot-c-/src/BotCore/Brain/UnifiedTradingBrain.cs(2780,17): error CA1848: For improved performance, use the LoggerMessage delegates instead of calling 'LoggerExtensions.LogInformation(ILogger, string?, params object?[])' (https://learn.microsoft.com/dotnet/fundamentals/code-analysis/quality-rules/ca1848) [/home/runner/work/trading-bot-c-/trading-bot-c-/src/BotCore/BotCore.csproj]
/home/runner/work/trading-bot-c-/trading-bot-c-/src/BotCore/Brain/UnifiedTradingBrain.cs(2785,17): error CA1848: For improved performance, use the LoggerMessage delegates instead of calling 'LoggerExtensions.LogError(ILogger, Exception?, string?, params object?[])' (https://learn.microsoft.com/dotnet/fundamentals/code-analysis/quality-rules/ca1848) [/home/runner/work/trading-bot-c-/trading-bot-c-/src/BotCore/BotCore.csproj]
/home/runner/work/trading-bot-c-/trading-bot-c-/src/BotCore/Brain/UnifiedTradingBrain.cs(2790,17): error CA1848: For improved performance, use the LoggerMessage delegates instead of calling 'LoggerExtensions.LogError(ILogger, Exception?, string?, params object?[])' (https://learn.microsoft.com/dotnet/fundamentals/code-analysis/quality-rules/ca1848) [/home/runner/work/trading-bot-c-/trading-bot-c-/src/BotCore/BotCore.csproj]
/home/runner/work/trading-bot-c-/trading-bot-c-/src/BotCore/Brain/UnifiedTradingBrain.cs(2795,17): error CA1848: For improved performance, use the LoggerMessage delegates instead of calling 'LoggerExtensions.LogError(ILogger, Exception?, string?, params object?[])' (https://learn.microsoft.com/dotnet/fundamentals/code-analysis/quality-rules/ca1848) [/home/runner/work/trading-bot-c-/trading-bot-c-/src/BotCore/BotCore.csproj]
/home/runner/work/trading-bot-c-/trading-bot-c-/src/BotCore/Brain/UnifiedTradingBrain.cs(2800,17): error CA1848: For improved performance, use the LoggerMessage delegates instead of calling 'LoggerExtensions.LogError(ILogger, Exception?, string?, params object?[])' (https://learn.microsoft.com/dotnet/fundamentals/code-analysis/quality-rules/ca1848) [/home/runner/work/trading-bot-c-/trading-bot-c-/src/BotCore/BotCore.csproj]
/home/runner/work/trading-bot-c-/trading-bot-c-/src/BotCore/Services/ConfigurationSnapshotService.cs(46,17): error CA1848: For improved performance, use the LoggerMessage delegates instead of calling 'LoggerExtensions.LogInformation(ILogger, string?, params object?[])' (https://learn.microsoft.com/dotnet/fundamentals/code-analysis/quality-rules/ca1848) [/home/runner/work/trading-bot-c-/trading-bot-c-/src/BotCore/BotCore.csproj]
/home/runner/work/trading-bot-c-/trading-bot-c-/src/BotCore/Services/ConfigurationSnapshotService.cs(75,21): error CA1848: For improved performance, use the LoggerMessage delegates instead of calling 'LoggerExtensions.LogInformation(ILogger, string?, params object?[])' (https://learn.microsoft.com/dotnet/fundamentals/code-analysis/quality-rules/ca1848) [/home/runner/work/trading-bot-c-/trading-bot-c-/src/BotCore/BotCore.csproj]
/home/runner/work/trading-bot-c-/trading-bot-c-/src/BotCore/Services/ConfigurationSchemaService.cs(292,13): error CA1848: For improved performance, use the LoggerMessage delegates instead of calling 'LoggerExtensions.LogInformation(ILogger, string?, params object?[])' (https://learn.microsoft.com/dotnet/fundamentals/code-analysis/quality-rules/ca1848) [/home/runner/work/trading-bot-c-/trading-bot-c-/src/BotCore/BotCore.csproj]
/home/runner/work/trading-bot-c-/trading-bot-c-/src/BotCore/Services/ConfigurationSchemaService.cs(257,13): error CA1848: For improved performance, use the LoggerMessage delegates instead of calling 'LoggerExtensions.LogInformation(ILogger, string?, params object?[])' (https://learn.microsoft.com/dotnet/fundamentals/code-analysis/quality-rules/ca1848) [/home/runner/work/trading-bot-c-/trading-bot-c-/src/BotCore/BotCore.csproj]
/home/runner/work/trading-bot-c-/trading-bot-c-/src/BotCore/Brain/UnifiedTradingBrain.cs(2819,25): error CA1848: For improved performance, use the LoggerMessage delegates instead of calling 'LoggerExtensions.LogInformation(ILogger, string?, params object?[])' (https://learn.microsoft.com/dotnet/fundamentals/code-analysis/quality-rules/ca1848) [/home/runner/work/trading-bot-c-/trading-bot-c-/src/BotCore/BotCore.csproj]
/home/runner/work/trading-bot-c-/trading-bot-c-/src/BotCore/Brain/UnifiedTradingBrain.cs(2826,17): error CA1848: For improved performance, use the LoggerMessage delegates instead of calling 'LoggerExtensions.LogWarning(ILogger, Exception?, string?, params object?[])' (https://learn.microsoft.com/dotnet/fundamentals/code-analysis/quality-rules/ca1848) [/home/runner/work/trading-bot-c-/trading-bot-c-/src/BotCore/BotCore.csproj]
/home/runner/work/trading-bot-c-/trading-bot-c-/src/BotCore/Brain/UnifiedTradingBrain.cs(2830,17): error CA1848: For improved performance, use the LoggerMessage delegates instead of calling 'LoggerExtensions.LogWarning(ILogger, Exception?, string?, params object?[])' (https://learn.microsoft.com/dotnet/fundamentals/code-analysis/quality-rules/ca1848) [/home/runner/work/trading-bot-c-/trading-bot-c-/src/BotCore/BotCore.csproj]
/home/runner/work/trading-bot-c-/trading-bot-c-/src/BotCore/Brain/UnifiedTradingBrain.cs(2834,17): error CA1848: For improved performance, use the LoggerMessage delegates instead of calling 'LoggerExtensions.LogWarning(ILogger, Exception?, string?, params object?[])' (https://learn.microsoft.com/dotnet/fundamentals/code-analysis/quality-rules/ca1848) [/home/runner/work/trading-bot-c-/trading-bot-c-/src/BotCore/BotCore.csproj]
/home/runner/work/trading-bot-c-/trading-bot-c-/src/BotCore/Brain/UnifiedTradingBrain.cs(2866,17): error CA1848: For improved performance, use the LoggerMessage delegates instead of calling 'LoggerExtensions.LogInformation(ILogger, string?, params object?[])' (https://learn.microsoft.com/dotnet/fundamentals/code-analysis/quality-rules/ca1848) [/home/runner/work/trading-bot-c-/trading-bot-c-/src/BotCore/BotCore.csproj]
/home/runner/work/trading-bot-c-/trading-bot-c-/src/BotCore/Brain/UnifiedTradingBrain.cs(2870,17): error CA1848: For improved performance, use the LoggerMessage delegates instead of calling 'LoggerExtensions.LogWarning(ILogger, Exception?, string?, params object?[])' (https://learn.microsoft.com/dotnet/fundamentals/code-analysis/quality-rules/ca1848) [/home/runner/work/trading-bot-c-/trading-bot-c-/src/BotCore/BotCore.csproj]
/home/runner/work/trading-bot-c-/trading-bot-c-/src/BotCore/Brain/UnifiedTradingBrain.cs(2874,17): error CA1848: For improved performance, use the LoggerMessage delegates instead of calling 'LoggerExtensions.LogWarning(ILogger, Exception?, string?, params object?[])' (https://learn.microsoft.com/dotnet/fundamentals/code-analysis/quality-rules/ca1848) [/home/runner/work/trading-bot-c-/trading-bot-c-/src/BotCore/BotCore.csproj]
/home/runner/work/trading-bot-c-/trading-bot-c-/src/BotCore/Brain/UnifiedTradingBrain.cs(2878,17): error CA1848: For improved performance, use the LoggerMessage delegates instead of calling 'LoggerExtensions.LogWarning(ILogger, Exception?, string?, params object?[])' (https://learn.microsoft.com/dotnet/fundamentals/code-analysis/quality-rules/ca1848) [/home/runner/work/trading-bot-c-/trading-bot-c-/src/BotCore/BotCore.csproj]
/home/runner/work/trading-bot-c-/trading-bot-c-/src/BotCore/Services/ConfigurationSnapshotService.cs(133,17): error CA1848: For improved performance, use the LoggerMessage delegates instead of calling 'LoggerExtensions.LogError(ILogger, Exception?, string?, params object?[])' (https://learn.microsoft.com/dotnet/fundamentals/code-analysis/quality-rules/ca1848) [/home/runner/work/trading-bot-c-/trading-bot-c-/src/BotCore/BotCore.csproj]
/home/runner/work/trading-bot-c-/trading-bot-c-/src/BotCore/Services/ConfigurationSnapshotService.cs(138,17): error CA1848: For improved performance, use the LoggerMessage delegates instead of calling 'LoggerExtensions.LogError(ILogger, Exception?, string?, params object?[])' (https://learn.microsoft.com/dotnet/fundamentals/code-analysis/quality-rules/ca1848) [/home/runner/work/trading-bot-c-/trading-bot-c-/src/BotCore/BotCore.csproj]
/home/runner/work/trading-bot-c-/trading-bot-c-/src/BotCore/Services/ConfigurationSchemaService.cs(208,13): error CA1848: For improved performance, use the LoggerMessage delegates instead of calling 'LoggerExtensions.LogInformation(ILogger, string?, params object?[])' (https://learn.microsoft.com/dotnet/fundamentals/code-analysis/quality-rules/ca1848) [/home/runner/work/trading-bot-c-/trading-bot-c-/src/BotCore/BotCore.csproj]
/home/runner/work/trading-bot-c-/trading-bot-c-/src/BotCore/Services/ConfigurationSchemaService.cs(228,25): error CA1848: For improved performance, use the LoggerMessage delegates instead of calling 'LoggerExtensions.LogInformation(ILogger, string?, params object?[])' (https://learn.microsoft.com/dotnet/fundamentals/code-analysis/quality-rules/ca1848) [/home/runner/work/trading-bot-c-/trading-bot-c-/src/BotCore/BotCore.csproj]
/home/runner/work/trading-bot-c-/trading-bot-c-/src/BotCore/Services/ConfigurationSnapshotService.cs(147,13): error CA1848: For improved performance, use the LoggerMessage delegates instead of calling 'LoggerExtensions.LogInformation(ILogger, string?, params object?[])' (https://learn.microsoft.com/dotnet/fundamentals/code-analysis/quality-rules/ca1848) [/home/runner/work/trading-bot-c-/trading-bot-c-/src/BotCore/BotCore.csproj]
/home/runner/work/trading-bot-c-/trading-bot-c-/src/BotCore/Services/ConfigurationSnapshotService.cs(151,17): error CA1848: For improved performance, use the LoggerMessage delegates instead of calling 'LoggerExtensions.LogInformation(ILogger, string?, params object?[])' (https://learn.microsoft.com/dotnet/fundamentals/code-analysis/quality-rules/ca1848) [/home/runner/work/trading-bot-c-/trading-bot-c-/src/BotCore/BotCore.csproj]
/home/runner/work/trading-bot-c-/trading-bot-c-/src/BotCore/Services/ConfigurationSnapshotService.cs(156,13): error CA1848: For improved performance, use the LoggerMessage delegates instead of calling 'LoggerExtensions.LogInformation(ILogger, string?, params object?[])' (https://learn.microsoft.com/dotnet/fundamentals/code-analysis/quality-rules/ca1848) [/home/runner/work/trading-bot-c-/trading-bot-c-/src/BotCore/BotCore.csproj]
/home/runner/work/trading-bot-c-/trading-bot-c-/src/BotCore/Services/ConfigurationFailureSafetyService.cs(37,21): error CA1848: For improved performance, use the LoggerMessage delegates instead of calling 'LoggerExtensions.LogWarning(ILogger, string?, params object?[])' (https://learn.microsoft.com/dotnet/fundamentals/code-analysis/quality-rules/ca1848) [/home/runner/work/trading-bot-c-/trading-bot-c-/src/BotCore/BotCore.csproj]
/home/runner/work/trading-bot-c-/trading-bot-c-/src/BotCore/Services/ConfigurationFailureSafetyService.cs(48,21): error CA1848: For improved performance, use the LoggerMessage delegates instead of calling 'LoggerExtensions.LogInformation(ILogger, string?, params object?[])' (https://learn.microsoft.com/dotnet/fundamentals/code-analysis/quality-rules/ca1848) [/home/runner/work/trading-bot-c-/trading-bot-c-/src/BotCore/BotCore.csproj]
/home/runner/work/trading-bot-c-/trading-bot-c-/src/BotCore/Services/ConfigurationFailureSafetyService.cs(56,17): error CA1848: For improved performance, use the LoggerMessage delegates instead of calling 'LoggerExtensions.LogError(ILogger, Exception?, string?, params object?[])' (https://learn.microsoft.com/dotnet/fundamentals/code-analysis/quality-rules/ca1848) [/home/runner/work/trading-bot-c-/trading-bot-c-/src/BotCore/BotCore.csproj]
/home/runner/work/trading-bot-c-/trading-bot-c-/src/BotCore/Services/ConfigurationFailureSafetyService.cs(62,17): error CA1848: For improved performance, use the LoggerMessage delegates instead of calling 'LoggerExtensions.LogWarning(ILogger, string?, params object?[])' (https://learn.microsoft.com/dotnet/fundamentals/code-analysis/quality-rules/ca1848) [/home/runner/work/trading-bot-c-/trading-bot-c-/src/BotCore/BotCore.csproj]
/home/runner/work/trading-bot-c-/trading-bot-c-/src/BotCore/Services/ConfigurationSchemaService.cs(43,17): error CA1848: For improved performance, use the LoggerMessage delegates instead of calling 'LoggerExtensions.LogInformation(ILogger, string?, params object?[])' (https://learn.microsoft.com/dotnet/fundamentals/code-analysis/quality-rules/ca1848) [/home/runner/work/trading-bot-c-/trading-bot-c-/src/BotCore/BotCore.csproj]
/home/runner/work/trading-bot-c-/trading-bot-c-/src/BotCore/Services/ConfigurationSchemaService.cs(57,21): error CA1848: For improved performance, use the LoggerMessage delegates instead of calling 'LoggerExtensions.LogInformation(ILogger, string?, params object?[])' (https://learn.microsoft.com/dotnet/fundamentals/code-analysis/quality-rules/ca1848) [/home/runner/work/trading-bot-c-/trading-bot-c-/src/BotCore/BotCore.csproj]
/home/runner/work/trading-bot-c-/trading-bot-c-/src/BotCore/Services/ConfigurationSchemaService.cs(62,17): error CA1848: For improved performance, use the LoggerMessage delegates instead of calling 'LoggerExtensions.LogInformation(ILogger, string?, params object?[])' (https://learn.microsoft.com/dotnet/fundamentals/code-analysis/quality-rules/ca1848) [/home/runner/work/trading-bot-c-/trading-bot-c-/src/BotCore/BotCore.csproj]
/home/runner/work/trading-bot-c-/trading-bot-c-/src/BotCore/Services/ConfigurationSchemaService.cs(71,17): error CA1848: For improved performance, use the LoggerMessage delegates instead of calling 'LoggerExtensions.LogInformation(ILogger, string?, params object?[])' (https://learn.microsoft.com/dotnet/fundamentals/code-analysis/quality-rules/ca1848) [/home/runner/work/trading-bot-c-/trading-bot-c-/src/BotCore/BotCore.csproj]
/home/runner/work/trading-bot-c-/trading-bot-c-/src/BotCore/Services/ConfigurationSchemaService.cs(76,17): error CA1848: For improved performance, use the LoggerMessage delegates instead of calling 'LoggerExtensions.LogError(ILogger, Exception?, string?, params object?[])' (https://learn.microsoft.com/dotnet/fundamentals/code-analysis/quality-rules/ca1848) [/home/runner/work/trading-bot-c-/trading-bot-c-/src/BotCore/BotCore.csproj]
/home/runner/work/trading-bot-c-/trading-bot-c-/src/BotCore/Brain/UnifiedTradingBrain.cs(2917,17): error CA1848: For improved performance, use the LoggerMessage delegates instead of calling 'LoggerExtensions.LogInformation(ILogger, string?, params object?[])' (https://learn.microsoft.com/dotnet/fundamentals/code-analysis/quality-rules/ca1848) [/home/runner/work/trading-bot-c-/trading-bot-c-/src/BotCore/BotCore.csproj]
/home/runner/work/trading-bot-c-/trading-bot-c-/src/BotCore/Brain/UnifiedTradingBrain.cs(2921,21): error CA1848: For improved performance, use the LoggerMessage delegates instead of calling 'LoggerExtensions.LogWarning(ILogger, string?, params object?[])' (https://learn.microsoft.com/dotnet/fundamentals/code-analysis/quality-rules/ca1848) [/home/runner/work/trading-bot-c-/trading-bot-c-/src/BotCore/BotCore.csproj]
/home/runner/work/trading-bot-c-/trading-bot-c-/src/BotCore/Brain/UnifiedTradingBrain.cs(2928,21): error CA1848: For improved performance, use the LoggerMessage delegates instead of calling 'LoggerExtensions.LogWarning(ILogger, string?, params object?[])' (https://learn.microsoft.com/dotnet/fundamentals/code-analysis/quality-rules/ca1848) [/home/runner/work/trading-bot-c-/trading-bot-c-/src/BotCore/BotCore.csproj]
/home/runner/work/trading-bot-c-/trading-bot-c-/src/BotCore/Brain/UnifiedTradingBrain.cs(2937,17): error CA1848: For improved performance, use the LoggerMessage delegates instead of calling 'LoggerExtensions.LogError(ILogger, Exception?, string?, params object?[])' (https://learn.microsoft.com/dotnet/fundamentals/code-analysis/quality-rules/ca1848) [/home/runner/work/trading-bot-c-/trading-bot-c-/src/BotCore/BotCore.csproj]
/home/runner/work/trading-bot-c-/trading-bot-c-/src/BotCore/Brain/UnifiedTradingBrain.cs(2942,17): error CA1848: For improved performance, use the LoggerMessage delegates instead of calling 'LoggerExtensions.LogError(ILogger, Exception?, string?, params object?[])' (https://learn.microsoft.com/dotnet/fundamentals/code-analysis/quality-rules/ca1848) [/home/runner/work/trading-bot-c-/trading-bot-c-/src/BotCore/BotCore.csproj]
/home/runner/work/trading-bot-c-/trading-bot-c-/src/BotCore/Brain/UnifiedTradingBrain.cs(2947,17): error CA1848: For improved performance, use the LoggerMessage delegates instead of calling 'LoggerExtensions.LogError(ILogger, Exception?, string?, params object?[])' (https://learn.microsoft.com/dotnet/fundamentals/code-analysis/quality-rules/ca1848) [/home/runner/work/trading-bot-c-/trading-bot-c-/src/BotCore/BotCore.csproj]
/home/runner/work/trading-bot-c-/trading-bot-c-/src/BotCore/Services/ClockHygieneService.cs(187,10): error S1133: Do not forget to remove this deprecated code someday. (https://rules.sonarsource.com/csharp/RSPEC-1133) [/home/runner/work/trading-bot-c-/trading-bot-c-/src/BotCore/BotCore.csproj]
/home/runner/work/trading-bot-c-/trading-bot-c-/src/BotCore/Services/ConfigurationFailureSafetyService.cs(87,17): error CA1848: For improved performance, use the LoggerMessage delegates instead of calling 'LoggerExtensions.LogCritical(ILogger, string?, params object?[])' (https://learn.microsoft.com/dotnet/fundamentals/code-analysis/quality-rules/ca1848) [/home/runner/work/trading-bot-c-/trading-bot-c-/src/BotCore/BotCore.csproj]
/home/runner/work/trading-bot-c-/trading-bot-c-/src/BotCore/Services/ConfigurationFailureSafetyService.cs(91,17): error CA1848: For improved performance, use the LoggerMessage delegates instead of calling 'LoggerExtensions.LogError(ILogger, Exception?, string?, params object?[])' (https://learn.microsoft.com/dotnet/fundamentals/code-analysis/quality-rules/ca1848) [/home/runner/work/trading-bot-c-/trading-bot-c-/src/BotCore/BotCore.csproj]
/home/runner/work/trading-bot-c-/trading-bot-c-/src/BotCore/Services/ConfigurationFailureSafetyService.cs(95,17): error CA1848: For improved performance, use the LoggerMessage delegates instead of calling 'LoggerExtensions.LogError(ILogger, Exception?, string?, params object?[])' (https://learn.microsoft.com/dotnet/fundamentals/code-analysis/quality-rules/ca1848) [/home/runner/work/trading-bot-c-/trading-bot-c-/src/BotCore/BotCore.csproj]
/home/runner/work/trading-bot-c-/trading-bot-c-/src/BotCore/Services/ClockHygieneService.cs(188,32): error CA1024: Use properties where appropriate (https://learn.microsoft.com/dotnet/fundamentals/code-analysis/quality-rules/ca1024) [/home/runner/work/trading-bot-c-/trading-bot-c-/src/BotCore/BotCore.csproj]
/home/runner/work/trading-bot-c-/trading-bot-c-/src/BotCore/Services/ConfigurationSchemaService.cs(105,17): error CA1848: For improved performance, use the LoggerMessage delegates instead of calling 'LoggerExtensions.LogInformation(ILogger, string?, params object?[])' (https://learn.microsoft.com/dotnet/fundamentals/code-analysis/quality-rules/ca1848) [/home/runner/work/trading-bot-c-/trading-bot-c-/src/BotCore/BotCore.csproj]
/home/runner/work/trading-bot-c-/trading-bot-c-/src/BotCore/Services/ConfigurationSchemaService.cs(110,17): error CA1848: For improved performance, use the LoggerMessage delegates instead of calling 'LoggerExtensions.LogError(ILogger, Exception?, string?, params object?[])' (https://learn.microsoft.com/dotnet/fundamentals/code-analysis/quality-rules/ca1848) [/home/runner/work/trading-bot-c-/trading-bot-c-/src/BotCore/BotCore.csproj]
/home/runner/work/trading-bot-c-/trading-bot-c-/src/BotCore/Services/ClockHygieneService.cs(24,13): error CA1848: For improved performance, use the LoggerMessage delegates instead of calling 'LoggerExtensions.LogInformation(ILogger, string?, params object?[])' (https://learn.microsoft.com/dotnet/fundamentals/code-analysis/quality-rules/ca1848) [/home/runner/work/trading-bot-c-/trading-bot-c-/src/BotCore/BotCore.csproj]
/home/runner/work/trading-bot-c-/trading-bot-c-/src/BotCore/Services/ClockHygieneService.cs(94,17): error CA1848: For improved performance, use the LoggerMessage delegates instead of calling 'LoggerExtensions.LogWarning(ILogger, string?, params object?[])' (https://learn.microsoft.com/dotnet/fundamentals/code-analysis/quality-rules/ca1848) [/home/runner/work/trading-bot-c-/trading-bot-c-/src/BotCore/BotCore.csproj]
/home/runner/work/trading-bot-c-/trading-bot-c-/src/BotCore/Services/ClockHygieneService.cs(107,13): error CA1848: For improved performance, use the LoggerMessage delegates instead of calling 'LoggerExtensions.LogInformation(ILogger, string?, params object?[])' (https://learn.microsoft.com/dotnet/fundamentals/code-analysis/quality-rules/ca1848) [/home/runner/work/trading-bot-c-/trading-bot-c-/src/BotCore/BotCore.csproj]
/home/runner/work/trading-bot-c-/trading-bot-c-/src/BotCore/CriticalSystemComponents.cs(2027,13): error CA1848: For improved performance, use the LoggerMessage delegates instead of calling 'LoggerExtensions.LogInformation(ILogger, string?, params object?[])' (https://learn.microsoft.com/dotnet/fundamentals/code-analysis/quality-rules/ca1848) [/home/runner/work/trading-bot-c-/trading-bot-c-/src/BotCore/BotCore.csproj]
/home/runner/work/trading-bot-c-/trading-bot-c-/src/BotCore/Brain/UnifiedTradingBrain.cs(3025,21): error CA1848: For improved performance, use the LoggerMessage delegates instead of calling 'LoggerExtensions.LogError(ILogger, string?, params object?[])' (https://learn.microsoft.com/dotnet/fundamentals/code-analysis/quality-rules/ca1848) [/home/runner/work/trading-bot-c-/trading-bot-c-/src/BotCore/BotCore.csproj]
/home/runner/work/trading-bot-c-/trading-bot-c-/src/BotCore/Brain/UnifiedTradingBrain.cs(3032,21): error CA1848: For improved performance, use the LoggerMessage delegates instead of calling 'LoggerExtensions.LogError(ILogger, string?, params object?[])' (https://learn.microsoft.com/dotnet/fundamentals/code-analysis/quality-rules/ca1848) [/home/runner/work/trading-bot-c-/trading-bot-c-/src/BotCore/BotCore.csproj]
/home/runner/work/trading-bot-c-/trading-bot-c-/src/BotCore/Brain/UnifiedTradingBrain.cs(3046,29): error CA1848: For improved performance, use the LoggerMessage delegates instead of calling 'LoggerExtensions.LogError(ILogger, string?, params object?[])' (https://learn.microsoft.com/dotnet/fundamentals/code-analysis/quality-rules/ca1848) [/home/runner/work/trading-bot-c-/trading-bot-c-/src/BotCore/BotCore.csproj]
/home/runner/work/trading-bot-c-/trading-bot-c-/src/BotCore/Brain/UnifiedTradingBrain.cs(3052,17): error CA1848: For improved performance, use the LoggerMessage delegates instead of calling 'LoggerExtensions.LogInformation(ILogger, string?, params object?[])' (https://learn.microsoft.com/dotnet/fundamentals/code-analysis/quality-rules/ca1848) [/home/runner/work/trading-bot-c-/trading-bot-c-/src/BotCore/BotCore.csproj]
/home/runner/work/trading-bot-c-/trading-bot-c-/src/BotCore/Brain/UnifiedTradingBrain.cs(3057,17): error CA1848: For improved performance, use the LoggerMessage delegates instead of calling 'LoggerExtensions.LogError(ILogger, Exception?, string?, params object?[])' (https://learn.microsoft.com/dotnet/fundamentals/code-analysis/quality-rules/ca1848) [/home/runner/work/trading-bot-c-/trading-bot-c-/src/BotCore/BotCore.csproj]
/home/runner/work/trading-bot-c-/trading-bot-c-/src/BotCore/Brain/UnifiedTradingBrain.cs(3062,17): error CA1848: For improved performance, use the LoggerMessage delegates instead of calling 'LoggerExtensions.LogError(ILogger, Exception?, string?, params object?[])' (https://learn.microsoft.com/dotnet/fundamentals/code-analysis/quality-rules/ca1848) [/home/runner/work/trading-bot-c-/trading-bot-c-/src/BotCore/BotCore.csproj]
/home/runner/work/trading-bot-c-/trading-bot-c-/src/BotCore/Brain/UnifiedTradingBrain.cs(3067,17): error CA1848: For improved performance, use the LoggerMessage delegates instead of calling 'LoggerExtensions.LogError(ILogger, Exception?, string?, params object?[])' (https://learn.microsoft.com/dotnet/fundamentals/code-analysis/quality-rules/ca1848) [/home/runner/work/trading-bot-c-/trading-bot-c-/src/BotCore/BotCore.csproj]
/home/runner/work/trading-bot-c-/trading-bot-c-/src/BotCore/CriticalSystemComponents.cs(2058,28): error CA1311: Specify a culture or use an invariant version to avoid implicit dependency on current culture (https://learn.microsoft.com/dotnet/fundamentals/code-analysis/quality-rules/ca1311) [/home/runner/work/trading-bot-c-/trading-bot-c-/src/BotCore/BotCore.csproj]
/home/runner/work/trading-bot-c-/trading-bot-c-/src/BotCore/CriticalSystemComponents.cs(2058,24): error CA1304: The behavior of 'string.ToUpper()' could vary based on the current user's locale settings. Replace this call in 'EnhancedCredentialManager.GetFromAzureKeyVault(string)' with a call to 'string.ToUpper(CultureInfo)'. (https://learn.microsoft.com/dotnet/fundamentals/code-analysis/quality-rules/ca1304) [/home/runner/work/trading-bot-c-/trading-bot-c-/src/BotCore/BotCore.csproj]
/home/runner/work/trading-bot-c-/trading-bot-c-/src/BotCore/CriticalSystemComponents.cs(2107,28): error CA1311: Specify a culture or use an invariant version to avoid implicit dependency on current culture (https://learn.microsoft.com/dotnet/fundamentals/code-analysis/quality-rules/ca1311) [/home/runner/work/trading-bot-c-/trading-bot-c-/src/BotCore/BotCore.csproj]
/home/runner/work/trading-bot-c-/trading-bot-c-/src/BotCore/CriticalSystemComponents.cs(2107,24): error CA1304: The behavior of 'string.ToUpper()' could vary based on the current user's locale settings. Replace this call in 'EnhancedCredentialManager.GetFromAWSSecretsManager(string)' with a call to 'string.ToUpper(CultureInfo)'. (https://learn.microsoft.com/dotnet/fundamentals/code-analysis/quality-rules/ca1304) [/home/runner/work/trading-bot-c-/trading-bot-c-/src/BotCore/BotCore.csproj]
/home/runner/work/trading-bot-c-/trading-bot-c-/src/BotCore/CriticalSystemComponents.cs(1635,13): error CA1848: For improved performance, use the LoggerMessage delegates instead of calling 'LoggerExtensions.LogInformation(ILogger, string?, params object?[])' (https://learn.microsoft.com/dotnet/fundamentals/code-analysis/quality-rules/ca1848) [/home/runner/work/trading-bot-c-/trading-bot-c-/src/BotCore/BotCore.csproj]
/home/runner/work/trading-bot-c-/trading-bot-c-/src/BotCore/Brain/UnifiedTradingBrain.cs(3092,21): error CA1848: For improved performance, use the LoggerMessage delegates instead of calling 'LoggerExtensions.LogWarning(ILogger, string?, params object?[])' (https://learn.microsoft.com/dotnet/fundamentals/code-analysis/quality-rules/ca1848) [/home/runner/work/trading-bot-c-/trading-bot-c-/src/BotCore/BotCore.csproj]
/home/runner/work/trading-bot-c-/trading-bot-c-/src/BotCore/Brain/UnifiedTradingBrain.cs(3103,17): error CA1848: For improved performance, use the LoggerMessage delegates instead of calling 'LoggerExtensions.LogInformation(ILogger, string?, params object?[])' (https://learn.microsoft.com/dotnet/fundamentals/code-analysis/quality-rules/ca1848) [/home/runner/work/trading-bot-c-/trading-bot-c-/src/BotCore/BotCore.csproj]
/home/runner/work/trading-bot-c-/trading-bot-c-/src/BotCore/Brain/UnifiedTradingBrain.cs(3110,17): error CA1848: For improved performance, use the LoggerMessage delegates instead of calling 'LoggerExtensions.LogError(ILogger, Exception?, string?, params object?[])' (https://learn.microsoft.com/dotnet/fundamentals/code-analysis/quality-rules/ca1848) [/home/runner/work/trading-bot-c-/trading-bot-c-/src/BotCore/BotCore.csproj]
/home/runner/work/trading-bot-c-/trading-bot-c-/src/BotCore/Brain/UnifiedTradingBrain.cs(3115,17): error CA1848: For improved performance, use the LoggerMessage delegates instead of calling 'LoggerExtensions.LogError(ILogger, Exception?, string?, params object?[])' (https://learn.microsoft.com/dotnet/fundamentals/code-analysis/quality-rules/ca1848) [/home/runner/work/trading-bot-c-/trading-bot-c-/src/BotCore/BotCore.csproj]
/home/runner/work/trading-bot-c-/trading-bot-c-/src/BotCore/Brain/UnifiedTradingBrain.cs(3120,17): error CA1848: For improved performance, use the LoggerMessage delegates instead of calling 'LoggerExtensions.LogError(ILogger, Exception?, string?, params object?[])' (https://learn.microsoft.com/dotnet/fundamentals/code-analysis/quality-rules/ca1848) [/home/runner/work/trading-bot-c-/trading-bot-c-/src/BotCore/BotCore.csproj]
/home/runner/work/trading-bot-c-/trading-bot-c-/src/BotCore/Models/InstrumentMeta.cs(17,20): error S3358: Extract this nested ternary operation into an independent statement. (https://rules.sonarsource.com/csharp/RSPEC-3358) [/home/runner/work/trading-bot-c-/trading-bot-c-/src/BotCore/BotCore.csproj]
/home/runner/work/trading-bot-c-/trading-bot-c-/src/BotCore/Models/InstrumentMeta.cs(51,17): error CA1307: 'string.Contains(string)' has a method overload that takes a 'StringComparison' parameter. Replace this call in 'BotCore.Models.InstrumentMeta.RootFromName(string)' with a call to 'string.Contains(string, System.StringComparison)' for clarity of intent. (https://learn.microsoft.com/dotnet/fundamentals/code-analysis/quality-rules/ca1307) [/home/runner/work/trading-bot-c-/trading-bot-c-/src/BotCore/BotCore.csproj]
/home/runner/work/trading-bot-c-/trading-bot-c-/src/BotCore/Models/InstrumentMeta.cs(51,40): error CA1310: The behavior of 'string.StartsWith(string)' could vary based on the current user's locale settings. Replace this call in 'BotCore.Models.InstrumentMeta.RootFromName(string)' with a call to 'string.StartsWith(string, System.StringComparison)'. (https://learn.microsoft.com/dotnet/fundamentals/code-analysis/quality-rules/ca1310) [/home/runner/work/trading-bot-c-/trading-bot-c-/src/BotCore/BotCore.csproj]
/home/runner/work/trading-bot-c-/trading-bot-c-/src/BotCore/Models/InstrumentMeta.cs(52,17): error CA1307: 'string.Contains(string)' has a method overload that takes a 'StringComparison' parameter. Replace this call in 'BotCore.Models.InstrumentMeta.RootFromName(string)' with a call to 'string.Contains(string, System.StringComparison)' for clarity of intent. (https://learn.microsoft.com/dotnet/fundamentals/code-analysis/quality-rules/ca1307) [/home/runner/work/trading-bot-c-/trading-bot-c-/src/BotCore/BotCore.csproj]
/home/runner/work/trading-bot-c-/trading-bot-c-/src/BotCore/Models/InstrumentMeta.cs(52,39): error CA1310: The behavior of 'string.StartsWith(string)' could vary based on the current user's locale settings. Replace this call in 'BotCore.Models.InstrumentMeta.RootFromName(string)' with a call to 'string.StartsWith(string, System.StringComparison)'. (https://learn.microsoft.com/dotnet/fundamentals/code-analysis/quality-rules/ca1310) [/home/runner/work/trading-bot-c-/trading-bot-c-/src/BotCore/BotCore.csproj]
/home/runner/work/trading-bot-c-/trading-bot-c-/src/BotCore/CriticalSystemComponents.cs(1659,17): error S1066: Merge this if statement with the enclosing one. (https://rules.sonarsource.com/csharp/RSPEC-1066) [/home/runner/work/trading-bot-c-/trading-bot-c-/src/BotCore/BotCore.csproj]
/home/runner/work/trading-bot-c-/trading-bot-c-/src/BotCore/CriticalSystemComponents.cs(1675,54): error CA1861: Prefer 'static readonly' fields over constant array arguments if the called method is called repeatedly and is not mutating the passed array (https://learn.microsoft.com/dotnet/fundamentals/code-analysis/quality-rules/ca1861) [/home/runner/work/trading-bot-c-/trading-bot-c-/src/BotCore/BotCore.csproj]
/home/runner/work/trading-bot-c-/trading-bot-c-/src/BotCore/Brain/UnifiedTradingBrain.cs(3149,17): error CA1848: For improved performance, use the LoggerMessage delegates instead of calling 'LoggerExtensions.LogWarning(ILogger, Exception?, string?, params object?[])' (https://learn.microsoft.com/dotnet/fundamentals/code-analysis/quality-rules/ca1848) [/home/runner/work/trading-bot-c-/trading-bot-c-/src/BotCore/BotCore.csproj]
/home/runner/work/trading-bot-c-/trading-bot-c-/src/BotCore/Brain/UnifiedTradingBrain.cs(3153,17): error CA1848: For improved performance, use the LoggerMessage delegates instead of calling 'LoggerExtensions.LogWarning(ILogger, Exception?, string?, params object?[])' (https://learn.microsoft.com/dotnet/fundamentals/code-analysis/quality-rules/ca1848) [/home/runner/work/trading-bot-c-/trading-bot-c-/src/BotCore/BotCore.csproj]
/home/runner/work/trading-bot-c-/trading-bot-c-/src/BotCore/Brain/UnifiedTradingBrain.cs(3157,17): error CA1848: For improved performance, use the LoggerMessage delegates instead of calling 'LoggerExtensions.LogWarning(ILogger, Exception?, string?, params object?[])' (https://learn.microsoft.com/dotnet/fundamentals/code-analysis/quality-rules/ca1848) [/home/runner/work/trading-bot-c-/trading-bot-c-/src/BotCore/BotCore.csproj]
/home/runner/work/trading-bot-c-/trading-bot-c-/src/BotCore/Brain/UnifiedTradingBrain.cs(3181,17): error CA1848: For improved performance, use the LoggerMessage delegates instead of calling 'LoggerExtensions.LogWarning(ILogger, Exception?, string?, params object?[])' (https://learn.microsoft.com/dotnet/fundamentals/code-analysis/quality-rules/ca1848) [/home/runner/work/trading-bot-c-/trading-bot-c-/src/BotCore/BotCore.csproj]
/home/runner/work/trading-bot-c-/trading-bot-c-/src/BotCore/Brain/UnifiedTradingBrain.cs(3185,17): error CA1848: For improved performance, use the LoggerMessage delegates instead of calling 'LoggerExtensions.LogWarning(ILogger, Exception?, string?, params object?[])' (https://learn.microsoft.com/dotnet/fundamentals/code-analysis/quality-rules/ca1848) [/home/runner/work/trading-bot-c-/trading-bot-c-/src/BotCore/BotCore.csproj]
/home/runner/work/trading-bot-c-/trading-bot-c-/src/BotCore/Brain/UnifiedTradingBrain.cs(3189,17): error CA1848: For improved performance, use the LoggerMessage delegates instead of calling 'LoggerExtensions.LogWarning(ILogger, Exception?, string?, params object?[])' (https://learn.microsoft.com/dotnet/fundamentals/code-analysis/quality-rules/ca1848) [/home/runner/work/trading-bot-c-/trading-bot-c-/src/BotCore/BotCore.csproj]
/home/runner/work/trading-bot-c-/trading-bot-c-/src/BotCore/CriticalSystemComponents.cs(1747,17): error CA1848: For improved performance, use the LoggerMessage delegates instead of calling 'LoggerExtensions.LogError(ILogger, Exception?, string?, params object?[])' (https://learn.microsoft.com/dotnet/fundamentals/code-analysis/quality-rules/ca1848) [/home/runner/work/trading-bot-c-/trading-bot-c-/src/BotCore/BotCore.csproj]
/home/runner/work/trading-bot-c-/trading-bot-c-/src/BotCore/CriticalSystemComponents.cs(1751,17): error CA1848: For improved performance, use the LoggerMessage delegates instead of calling 'LoggerExtensions.LogError(ILogger, Exception?, string?, params object?[])' (https://learn.microsoft.com/dotnet/fundamentals/code-analysis/quality-rules/ca1848) [/home/runner/work/trading-bot-c-/trading-bot-c-/src/BotCore/BotCore.csproj]
/home/runner/work/trading-bot-c-/trading-bot-c-/src/BotCore/Brain/UnifiedTradingBrain.cs(3251,13): error CA1848: For improved performance, use the LoggerMessage delegates instead of calling 'LoggerExtensions.LogInformation(ILogger, string?, params object?[])' (https://learn.microsoft.com/dotnet/fundamentals/code-analysis/quality-rules/ca1848) [/home/runner/work/trading-bot-c-/trading-bot-c-/src/BotCore/BotCore.csproj]
/home/runner/work/trading-bot-c-/trading-bot-c-/src/BotCore/CriticalSystemComponents.cs(1756,28): error S1541: The Cyclomatic Complexity of this method is 11 which is greater than 10 authorized. (https://rules.sonarsource.com/csharp/RSPEC-1541) [/home/runner/work/trading-bot-c-/trading-bot-c-/src/BotCore/BotCore.csproj]
/home/runner/work/trading-bot-c-/trading-bot-c-/src/BotCore/CriticalSystemComponents.cs(1760,25): error CA1848: For improved performance, use the LoggerMessage delegates instead of calling 'LoggerExtensions.LogInformation(ILogger, string?, params object?[])' (https://learn.microsoft.com/dotnet/fundamentals/code-analysis/quality-rules/ca1848) [/home/runner/work/trading-bot-c-/trading-bot-c-/src/BotCore/BotCore.csproj]
/home/runner/work/trading-bot-c-/trading-bot-c-/src/BotCore/CriticalSystemComponents.cs(1778,33): error CA1848: For improved performance, use the LoggerMessage delegates instead of calling 'LoggerExtensions.LogInformation(ILogger, string?, params object?[])' (https://learn.microsoft.com/dotnet/fundamentals/code-analysis/quality-rules/ca1848) [/home/runner/work/trading-bot-c-/trading-bot-c-/src/BotCore/BotCore.csproj]
/home/runner/work/trading-bot-c-/trading-bot-c-/src/BotCore/CriticalSystemComponents.cs(1787,29): error CA1848: For improved performance, use the LoggerMessage delegates instead of calling 'LoggerExtensions.LogInformation(ILogger, string?, params object?[])' (https://learn.microsoft.com/dotnet/fundamentals/code-analysis/quality-rules/ca1848) [/home/runner/work/trading-bot-c-/trading-bot-c-/src/BotCore/BotCore.csproj]
/home/runner/work/trading-bot-c-/trading-bot-c-/src/BotCore/CriticalSystemComponents.cs(1794,25): error CA1848: For improved performance, use the LoggerMessage delegates instead of calling 'LoggerExtensions.LogWarning(ILogger, Exception?, string?, params object?[])' (https://learn.microsoft.com/dotnet/fundamentals/code-analysis/quality-rules/ca1848) [/home/runner/work/trading-bot-c-/trading-bot-c-/src/BotCore/BotCore.csproj]
/home/runner/work/trading-bot-c-/trading-bot-c-/src/BotCore/CriticalSystemComponents.cs(1802,25): error CA1848: For improved performance, use the LoggerMessage delegates instead of calling 'LoggerExtensions.LogError(ILogger, Exception?, string?, params object?[])' (https://learn.microsoft.com/dotnet/fundamentals/code-analysis/quality-rules/ca1848) [/home/runner/work/trading-bot-c-/trading-bot-c-/src/BotCore/BotCore.csproj]
/home/runner/work/trading-bot-c-/trading-bot-c-/src/BotCore/CriticalSystemComponents.cs(1810,25): error CA1848: For improved performance, use the LoggerMessage delegates instead of calling 'LoggerExtensions.LogError(ILogger, Exception?, string?, params object?[])' (https://learn.microsoft.com/dotnet/fundamentals/code-analysis/quality-rules/ca1848) [/home/runner/work/trading-bot-c-/trading-bot-c-/src/BotCore/BotCore.csproj]
/home/runner/work/trading-bot-c-/trading-bot-c-/src/BotCore/CriticalSystemComponents.cs(1818,25): error CA1848: For improved performance, use the LoggerMessage delegates instead of calling 'LoggerExtensions.LogError(ILogger, Exception?, string?, params object?[])' (https://learn.microsoft.com/dotnet/fundamentals/code-analysis/quality-rules/ca1848) [/home/runner/work/trading-bot-c-/trading-bot-c-/src/BotCore/BotCore.csproj]
/home/runner/work/trading-bot-c-/trading-bot-c-/src/BotCore/CriticalSystemComponents.cs(1827,54): error CA1848: For improved performance, use the LoggerMessage delegates instead of calling 'LoggerExtensions.LogWarning(ILogger, string?, params object?[])' (https://learn.microsoft.com/dotnet/fundamentals/code-analysis/quality-rules/ca1848) [/home/runner/work/trading-bot-c-/trading-bot-c-/src/BotCore/BotCore.csproj]
/home/runner/work/trading-bot-c-/trading-bot-c-/src/BotCore/Brain/UnifiedTradingBrain.cs(3265,17): error CA1848: For improved performance, use the LoggerMessage delegates instead of calling 'LoggerExtensions.LogInformation(ILogger, string?, params object?[])' (https://learn.microsoft.com/dotnet/fundamentals/code-analysis/quality-rules/ca1848) [/home/runner/work/trading-bot-c-/trading-bot-c-/src/BotCore/BotCore.csproj]
/home/runner/work/trading-bot-c-/trading-bot-c-/src/BotCore/Brain/UnifiedTradingBrain.cs(3272,21): error CA1848: For improved performance, use the LoggerMessage delegates instead of calling 'LoggerExtensions.LogError(ILogger, string?, params object?[])' (https://learn.microsoft.com/dotnet/fundamentals/code-analysis/quality-rules/ca1848) [/home/runner/work/trading-bot-c-/trading-bot-c-/src/BotCore/BotCore.csproj]
/home/runner/work/trading-bot-c-/trading-bot-c-/src/BotCore/Brain/UnifiedTradingBrain.cs(3277,17): error CA1848: For improved performance, use the LoggerMessage delegates instead of calling 'LoggerExtensions.LogInformation(ILogger, string?, params object?[])' (https://learn.microsoft.com/dotnet/fundamentals/code-analysis/quality-rules/ca1848) [/home/runner/work/trading-bot-c-/trading-bot-c-/src/BotCore/BotCore.csproj]
/home/runner/work/trading-bot-c-/trading-bot-c-/src/BotCore/Brain/UnifiedTradingBrain.cs(3284,21): error CA1848: For improved performance, use the LoggerMessage delegates instead of calling 'LoggerExtensions.LogError(ILogger, string?, params object?[])' (https://learn.microsoft.com/dotnet/fundamentals/code-analysis/quality-rules/ca1848) [/home/runner/work/trading-bot-c-/trading-bot-c-/src/BotCore/BotCore.csproj]
/home/runner/work/trading-bot-c-/trading-bot-c-/src/BotCore/Brain/UnifiedTradingBrain.cs(3289,17): error CA1848: For improved performance, use the LoggerMessage delegates instead of calling 'LoggerExtensions.LogInformation(ILogger, string?, params object?[])' (https://learn.microsoft.com/dotnet/fundamentals/code-analysis/quality-rules/ca1848) [/home/runner/work/trading-bot-c-/trading-bot-c-/src/BotCore/BotCore.csproj]
/home/runner/work/trading-bot-c-/trading-bot-c-/src/BotCore/Brain/UnifiedTradingBrain.cs(3290,17): error CA1848: For improved performance, use the LoggerMessage delegates instead of calling 'LoggerExtensions.LogInformation(ILogger, string?, params object?[])' (https://learn.microsoft.com/dotnet/fundamentals/code-analysis/quality-rules/ca1848) [/home/runner/work/trading-bot-c-/trading-bot-c-/src/BotCore/BotCore.csproj]
/home/runner/work/trading-bot-c-/trading-bot-c-/src/BotCore/Brain/UnifiedTradingBrain.cs(3291,17): error CA1848: For improved performance, use the LoggerMessage delegates instead of calling 'LoggerExtensions.LogInformation(ILogger, string?, params object?[])' (https://learn.microsoft.com/dotnet/fundamentals/code-analysis/quality-rules/ca1848) [/home/runner/work/trading-bot-c-/trading-bot-c-/src/BotCore/BotCore.csproj]
/home/runner/work/trading-bot-c-/trading-bot-c-/src/BotCore/Brain/UnifiedTradingBrain.cs(3297,17): error CA1848: For improved performance, use the LoggerMessage delegates instead of calling 'LoggerExtensions.LogError(ILogger, Exception?, string?, params object?[])' (https://learn.microsoft.com/dotnet/fundamentals/code-analysis/quality-rules/ca1848) [/home/runner/work/trading-bot-c-/trading-bot-c-/src/BotCore/BotCore.csproj]
/home/runner/work/trading-bot-c-/trading-bot-c-/src/BotCore/Brain/UnifiedTradingBrain.cs(3302,17): error CA1848: For improved performance, use the LoggerMessage delegates instead of calling 'LoggerExtensions.LogError(ILogger, Exception?, string?, params object?[])' (https://learn.microsoft.com/dotnet/fundamentals/code-analysis/quality-rules/ca1848) [/home/runner/work/trading-bot-c-/trading-bot-c-/src/BotCore/BotCore.csproj]
/home/runner/work/trading-bot-c-/trading-bot-c-/src/BotCore/Brain/UnifiedTradingBrain.cs(3307,17): error CA1848: For improved performance, use the LoggerMessage delegates instead of calling 'LoggerExtensions.LogError(ILogger, Exception?, string?, params object?[])' (https://learn.microsoft.com/dotnet/fundamentals/code-analysis/quality-rules/ca1848) [/home/runner/work/trading-bot-c-/trading-bot-c-/src/BotCore/BotCore.csproj]
/home/runner/work/trading-bot-c-/trading-bot-c-/src/BotCore/Brain/UnifiedTradingBrain.cs(3312,17): error CA1848: For improved performance, use the LoggerMessage delegates instead of calling 'LoggerExtensions.LogError(ILogger, Exception?, string?, params object?[])' (https://learn.microsoft.com/dotnet/fundamentals/code-analysis/quality-rules/ca1848) [/home/runner/work/trading-bot-c-/trading-bot-c-/src/BotCore/BotCore.csproj]
/home/runner/work/trading-bot-c-/trading-bot-c-/src/BotCore/CriticalSystemComponents.cs(1833,35): error CA1848: For improved performance, use the LoggerMessage delegates instead of calling 'LoggerExtensions.LogWarning(ILogger, string?, params object?[])' (https://learn.microsoft.com/dotnet/fundamentals/code-analysis/quality-rules/ca1848) [/home/runner/work/trading-bot-c-/trading-bot-c-/src/BotCore/BotCore.csproj]
/home/runner/work/trading-bot-c-/trading-bot-c-/src/BotCore/Brain/UnifiedTradingBrain.cs(3336,17): error CA1848: For improved performance, use the LoggerMessage delegates instead of calling 'LoggerExtensions.LogInformation(ILogger, string?, params object?[])' (https://learn.microsoft.com/dotnet/fundamentals/code-analysis/quality-rules/ca1848) [/home/runner/work/trading-bot-c-/trading-bot-c-/src/BotCore/BotCore.csproj]
/home/runner/work/trading-bot-c-/trading-bot-c-/src/BotCore/Brain/UnifiedTradingBrain.cs(3347,17): error CA1848: For improved performance, use the LoggerMessage delegates instead of calling 'LoggerExtensions.LogInformation(ILogger, string?, params object?[])' (https://learn.microsoft.com/dotnet/fundamentals/code-analysis/quality-rules/ca1848) [/home/runner/work/trading-bot-c-/trading-bot-c-/src/BotCore/BotCore.csproj]
/home/runner/work/trading-bot-c-/trading-bot-c-/src/BotCore/Brain/UnifiedTradingBrain.cs(3374,17): error CA1848: For improved performance, use the LoggerMessage delegates instead of calling 'LoggerExtensions.LogInformation(ILogger, string?, params object?[])' (https://learn.microsoft.com/dotnet/fundamentals/code-analysis/quality-rules/ca1848) [/home/runner/work/trading-bot-c-/trading-bot-c-/src/BotCore/BotCore.csproj]
/home/runner/work/trading-bot-c-/trading-bot-c-/src/BotCore/Brain/UnifiedTradingBrain.cs(3380,17): error CA1848: For improved performance, use the LoggerMessage delegates instead of calling 'LoggerExtensions.LogError(ILogger, Exception?, string?, params object?[])' (https://learn.microsoft.com/dotnet/fundamentals/code-analysis/quality-rules/ca1848) [/home/runner/work/trading-bot-c-/trading-bot-c-/src/BotCore/BotCore.csproj]
/home/runner/work/trading-bot-c-/trading-bot-c-/src/BotCore/Brain/UnifiedTradingBrain.cs(3385,17): error CA1848: For improved performance, use the LoggerMessage delegates instead of calling 'LoggerExtensions.LogError(ILogger, Exception?, string?, params object?[])' (https://learn.microsoft.com/dotnet/fundamentals/code-analysis/quality-rules/ca1848) [/home/runner/work/trading-bot-c-/trading-bot-c-/src/BotCore/BotCore.csproj]
/home/runner/work/trading-bot-c-/trading-bot-c-/src/BotCore/Brain/UnifiedTradingBrain.cs(3390,17): error CA1848: For improved performance, use the LoggerMessage delegates instead of calling 'LoggerExtensions.LogError(ILogger, Exception?, string?, params object?[])' (https://learn.microsoft.com/dotnet/fundamentals/code-analysis/quality-rules/ca1848) [/home/runner/work/trading-bot-c-/trading-bot-c-/src/BotCore/BotCore.csproj]
/home/runner/work/trading-bot-c-/trading-bot-c-/src/BotCore/CriticalSystemComponents.cs(719,13): error CA1848: For improved performance, use the LoggerMessage delegates instead of calling 'LoggerExtensions.LogInformation(ILogger, string?, params object?[])' (https://learn.microsoft.com/dotnet/fundamentals/code-analysis/quality-rules/ca1848) [/home/runner/work/trading-bot-c-/trading-bot-c-/src/BotCore/BotCore.csproj]
/home/runner/work/trading-bot-c-/trading-bot-c-/src/BotCore/CriticalSystemComponents.cs(739,21): error S1066: Merge this if statement with the enclosing one. (https://rules.sonarsource.com/csharp/RSPEC-1066) [/home/runner/work/trading-bot-c-/trading-bot-c-/src/BotCore/BotCore.csproj]
/home/runner/work/trading-bot-c-/trading-bot-c-/src/BotCore/CriticalSystemComponents.cs(731,21): error CA1848: For improved performance, use the LoggerMessage delegates instead of calling 'LoggerExtensions.LogError(ILogger, string?, params object?[])' (https://learn.microsoft.com/dotnet/fundamentals/code-analysis/quality-rules/ca1848) [/home/runner/work/trading-bot-c-/trading-bot-c-/src/BotCore/BotCore.csproj]
/home/runner/work/trading-bot-c-/trading-bot-c-/src/BotCore/CriticalSystemComponents.cs(748,21): error CA1848: For improved performance, use the LoggerMessage delegates instead of calling 'LoggerExtensions.LogError(ILogger, string?, params object?[])' (https://learn.microsoft.com/dotnet/fundamentals/code-analysis/quality-rules/ca1848) [/home/runner/work/trading-bot-c-/trading-bot-c-/src/BotCore/BotCore.csproj]
/home/runner/work/trading-bot-c-/trading-bot-c-/src/BotCore/Brain/UnifiedTradingBrain.cs(3413,17): error CA1848: For improved performance, use the LoggerMessage delegates instead of calling 'LoggerExtensions.LogInformation(ILogger, string?, params object?[])' (https://learn.microsoft.com/dotnet/fundamentals/code-analysis/quality-rules/ca1848) [/home/runner/work/trading-bot-c-/trading-bot-c-/src/BotCore/BotCore.csproj]
/home/runner/work/trading-bot-c-/trading-bot-c-/src/BotCore/Brain/UnifiedTradingBrain.cs(3451,17): error CA1848: For improved performance, use the LoggerMessage delegates instead of calling 'LoggerExtensions.LogInformation(ILogger, string?, params object?[])' (https://learn.microsoft.com/dotnet/fundamentals/code-analysis/quality-rules/ca1848) [/home/runner/work/trading-bot-c-/trading-bot-c-/src/BotCore/BotCore.csproj]
/home/runner/work/trading-bot-c-/trading-bot-c-/src/BotCore/Brain/UnifiedTradingBrain.cs(3458,17): error CA1848: For improved performance, use the LoggerMessage delegates instead of calling 'LoggerExtensions.LogError(ILogger, Exception?, string?, params object?[])' (https://learn.microsoft.com/dotnet/fundamentals/code-analysis/quality-rules/ca1848) [/home/runner/work/trading-bot-c-/trading-bot-c-/src/BotCore/BotCore.csproj]
/home/runner/work/trading-bot-c-/trading-bot-c-/src/BotCore/Brain/UnifiedTradingBrain.cs(3462,17): error CA1848: For improved performance, use the LoggerMessage delegates instead of calling 'LoggerExtensions.LogError(ILogger, Exception?, string?, params object?[])' (https://learn.microsoft.com/dotnet/fundamentals/code-analysis/quality-rules/ca1848) [/home/runner/work/trading-bot-c-/trading-bot-c-/src/BotCore/BotCore.csproj]
/home/runner/work/trading-bot-c-/trading-bot-c-/src/BotCore/Brain/UnifiedTradingBrain.cs(3466,17): error CA1848: For improved performance, use the LoggerMessage delegates instead of calling 'LoggerExtensions.LogError(ILogger, Exception?, string?, params object?[])' (https://learn.microsoft.com/dotnet/fundamentals/code-analysis/quality-rules/ca1848) [/home/runner/work/trading-bot-c-/trading-bot-c-/src/BotCore/BotCore.csproj]
/home/runner/work/trading-bot-c-/trading-bot-c-/src/BotCore/Brain/UnifiedTradingBrain.cs(3470,17): error CA1848: For improved performance, use the LoggerMessage delegates instead of calling 'LoggerExtensions.LogError(ILogger, Exception?, string?, params object?[])' (https://learn.microsoft.com/dotnet/fundamentals/code-analysis/quality-rules/ca1848) [/home/runner/work/trading-bot-c-/trading-bot-c-/src/BotCore/BotCore.csproj]
/home/runner/work/trading-bot-c-/trading-bot-c-/src/BotCore/CriticalSystemComponents.cs(822,71): error CA1869: Avoid creating a new 'JsonSerializerOptions' instance for every serialization operation. Cache and reuse instances instead. (https://learn.microsoft.com/dotnet/fundamentals/code-analysis/quality-rules/ca1869) [/home/runner/work/trading-bot-c-/trading-bot-c-/src/BotCore/BotCore.csproj]
/home/runner/work/trading-bot-c-/trading-bot-c-/src/BotCore/CriticalSystemComponents.cs(856,17): error CA1848: For improved performance, use the LoggerMessage delegates instead of calling 'LoggerExtensions.LogError(ILogger, string?, params object?[])' (https://learn.microsoft.com/dotnet/fundamentals/code-analysis/quality-rules/ca1848) [/home/runner/work/trading-bot-c-/trading-bot-c-/src/BotCore/BotCore.csproj]
/home/runner/work/trading-bot-c-/trading-bot-c-/src/BotCore/CriticalSystemComponents.cs(862,17): error CA1848: For improved performance, use the LoggerMessage delegates instead of calling 'LoggerExtensions.LogError(ILogger, string?, params object?[])' (https://learn.microsoft.com/dotnet/fundamentals/code-analysis/quality-rules/ca1848) [/home/runner/work/trading-bot-c-/trading-bot-c-/src/BotCore/BotCore.csproj]
/home/runner/work/trading-bot-c-/trading-bot-c-/src/BotCore/CriticalSystemComponents.cs(868,17): error CA1848: For improved performance, use the LoggerMessage delegates instead of calling 'LoggerExtensions.LogError(ILogger, string?, params object?[])' (https://learn.microsoft.com/dotnet/fundamentals/code-analysis/quality-rules/ca1848) [/home/runner/work/trading-bot-c-/trading-bot-c-/src/BotCore/BotCore.csproj]
/home/runner/work/trading-bot-c-/trading-bot-c-/src/BotCore/CriticalSystemComponents.cs(875,17): error CA1848: For improved performance, use the LoggerMessage delegates instead of calling 'LoggerExtensions.LogWarning(ILogger, string?, params object?[])' (https://learn.microsoft.com/dotnet/fundamentals/code-analysis/quality-rules/ca1848) [/home/runner/work/trading-bot-c-/trading-bot-c-/src/BotCore/BotCore.csproj]
/home/runner/work/trading-bot-c-/trading-bot-c-/src/BotCore/CriticalSystemComponents.cs(879,13): error CA1848: For improved performance, use the LoggerMessage delegates instead of calling 'LoggerExtensions.LogInformation(ILogger, string?, params object?[])' (https://learn.microsoft.com/dotnet/fundamentals/code-analysis/quality-rules/ca1848) [/home/runner/work/trading-bot-c-/trading-bot-c-/src/BotCore/BotCore.csproj]
/home/runner/work/trading-bot-c-/trading-bot-c-/src/BotCore/Brain/UnifiedTradingBrain.cs(3508,17): error CA1848: For improved performance, use the LoggerMessage delegates instead of calling 'LoggerExtensions.LogError(ILogger, Exception?, string?, params object?[])' (https://learn.microsoft.com/dotnet/fundamentals/code-analysis/quality-rules/ca1848) [/home/runner/work/trading-bot-c-/trading-bot-c-/src/BotCore/BotCore.csproj]
/home/runner/work/trading-bot-c-/trading-bot-c-/src/BotCore/Brain/UnifiedTradingBrain.cs(3513,17): error CA1848: For improved performance, use the LoggerMessage delegates instead of calling 'LoggerExtensions.LogError(ILogger, Exception?, string?, params object?[])' (https://learn.microsoft.com/dotnet/fundamentals/code-analysis/quality-rules/ca1848) [/home/runner/work/trading-bot-c-/trading-bot-c-/src/BotCore/BotCore.csproj]
/home/runner/work/trading-bot-c-/trading-bot-c-/src/BotCore/Brain/UnifiedTradingBrain.cs(3518,17): error CA1848: For improved performance, use the LoggerMessage delegates instead of calling 'LoggerExtensions.LogError(ILogger, Exception?, string?, params object?[])' (https://learn.microsoft.com/dotnet/fundamentals/code-analysis/quality-rules/ca1848) [/home/runner/work/trading-bot-c-/trading-bot-c-/src/BotCore/BotCore.csproj]
/home/runner/work/trading-bot-c-/trading-bot-c-/src/BotCore/Brain/UnifiedTradingBrain.cs(3554,17): error CA1848: For improved performance, use the LoggerMessage delegates instead of calling 'LoggerExtensions.LogError(ILogger, Exception?, string?, params object?[])' (https://learn.microsoft.com/dotnet/fundamentals/code-analysis/quality-rules/ca1848) [/home/runner/work/trading-bot-c-/trading-bot-c-/src/BotCore/BotCore.csproj]
/home/runner/work/trading-bot-c-/trading-bot-c-/src/BotCore/Brain/UnifiedTradingBrain.cs(3559,17): error CA1848: For improved performance, use the LoggerMessage delegates instead of calling 'LoggerExtensions.LogError(ILogger, Exception?, string?, params object?[])' (https://learn.microsoft.com/dotnet/fundamentals/code-analysis/quality-rules/ca1848) [/home/runner/work/trading-bot-c-/trading-bot-c-/src/BotCore/BotCore.csproj]
/home/runner/work/trading-bot-c-/trading-bot-c-/src/BotCore/Brain/UnifiedTradingBrain.cs(3564,17): error CA1848: For improved performance, use the LoggerMessage delegates instead of calling 'LoggerExtensions.LogError(ILogger, Exception?, string?, params object?[])' (https://learn.microsoft.com/dotnet/fundamentals/code-analysis/quality-rules/ca1848) [/home/runner/work/trading-bot-c-/trading-bot-c-/src/BotCore/BotCore.csproj]
/home/runner/work/trading-bot-c-/trading-bot-c-/src/BotCore/CriticalSystemComponents.cs(898,53): error S6602: "Find" method should be used instead of the "FirstOrDefault" extension method. (https://rules.sonarsource.com/csharp/RSPEC-6602) [/home/runner/work/trading-bot-c-/trading-bot-c-/src/BotCore/BotCore.csproj]
/home/runner/work/trading-bot-c-/trading-bot-c-/src/BotCore/CriticalSystemComponents.cs(889,17): error CA1848: For improved performance, use the LoggerMessage delegates instead of calling 'LoggerExtensions.LogInformation(ILogger, string?, params object?[])' (https://learn.microsoft.com/dotnet/fundamentals/code-analysis/quality-rules/ca1848) [/home/runner/work/trading-bot-c-/trading-bot-c-/src/BotCore/BotCore.csproj]
/home/runner/work/trading-bot-c-/trading-bot-c-/src/BotCore/CriticalSystemComponents.cs(919,25): error CA1848: For improved performance, use the LoggerMessage delegates instead of calling 'LoggerExtensions.LogDebug(ILogger, string?, params object?[])' (https://learn.microsoft.com/dotnet/fundamentals/code-analysis/quality-rules/ca1848) [/home/runner/work/trading-bot-c-/trading-bot-c-/src/BotCore/BotCore.csproj]
/home/runner/work/trading-bot-c-/trading-bot-c-/src/BotCore/CriticalSystemComponents.cs(939,21): error CA1848: For improved performance, use the LoggerMessage delegates instead of calling 'LoggerExtensions.LogWarning(ILogger, string?, params object?[])' (https://learn.microsoft.com/dotnet/fundamentals/code-analysis/quality-rules/ca1848) [/home/runner/work/trading-bot-c-/trading-bot-c-/src/BotCore/BotCore.csproj]
/home/runner/work/trading-bot-c-/trading-bot-c-/src/BotCore/CriticalSystemComponents.cs(944,21): error CA1848: For improved performance, use the LoggerMessage delegates instead of calling 'LoggerExtensions.LogInformation(ILogger, string?, params object?[])' (https://learn.microsoft.com/dotnet/fundamentals/code-analysis/quality-rules/ca1848) [/home/runner/work/trading-bot-c-/trading-bot-c-/src/BotCore/BotCore.csproj]
/home/runner/work/trading-bot-c-/trading-bot-c-/src/BotCore/CriticalSystemComponents.cs(949,17): error CA1848: For improved performance, use the LoggerMessage delegates instead of calling 'LoggerExtensions.LogError(ILogger, Exception?, string?, params object?[])' (https://learn.microsoft.com/dotnet/fundamentals/code-analysis/quality-rules/ca1848) [/home/runner/work/trading-bot-c-/trading-bot-c-/src/BotCore/BotCore.csproj]
/home/runner/work/trading-bot-c-/trading-bot-c-/src/BotCore/CriticalSystemComponents.cs(953,17): error CA1848: For improved performance, use the LoggerMessage delegates instead of calling 'LoggerExtensions.LogError(ILogger, Exception?, string?, params object?[])' (https://learn.microsoft.com/dotnet/fundamentals/code-analysis/quality-rules/ca1848) [/home/runner/work/trading-bot-c-/trading-bot-c-/src/BotCore/BotCore.csproj]
/home/runner/work/trading-bot-c-/trading-bot-c-/src/BotCore/CriticalSystemComponents.cs(957,17): error CA1848: For improved performance, use the LoggerMessage delegates instead of calling 'LoggerExtensions.LogError(ILogger, Exception?, string?, params object?[])' (https://learn.microsoft.com/dotnet/fundamentals/code-analysis/quality-rules/ca1848) [/home/runner/work/trading-bot-c-/trading-bot-c-/src/BotCore/BotCore.csproj]
/home/runner/work/trading-bot-c-/trading-bot-c-/src/BotCore/Brain/UnifiedTradingBrain.cs(3597,17): error CA1848: For improved performance, use the LoggerMessage delegates instead of calling 'LoggerExtensions.LogError(ILogger, Exception?, string?, params object?[])' (https://learn.microsoft.com/dotnet/fundamentals/code-analysis/quality-rules/ca1848) [/home/runner/work/trading-bot-c-/trading-bot-c-/src/BotCore/BotCore.csproj]
/home/runner/work/trading-bot-c-/trading-bot-c-/src/BotCore/Brain/UnifiedTradingBrain.cs(3602,17): error CA1848: For improved performance, use the LoggerMessage delegates instead of calling 'LoggerExtensions.LogError(ILogger, Exception?, string?, params object?[])' (https://learn.microsoft.com/dotnet/fundamentals/code-analysis/quality-rules/ca1848) [/home/runner/work/trading-bot-c-/trading-bot-c-/src/BotCore/BotCore.csproj]
/home/runner/work/trading-bot-c-/trading-bot-c-/src/BotCore/Brain/UnifiedTradingBrain.cs(3607,17): error CA1848: For improved performance, use the LoggerMessage delegates instead of calling 'LoggerExtensions.LogError(ILogger, Exception?, string?, params object?[])' (https://learn.microsoft.com/dotnet/fundamentals/code-analysis/quality-rules/ca1848) [/home/runner/work/trading-bot-c-/trading-bot-c-/src/BotCore/BotCore.csproj]
/home/runner/work/trading-bot-c-/trading-bot-c-/src/BotCore/CriticalSystemComponents.cs(977,17): error CA1848: For improved performance, use the LoggerMessage delegates instead of calling 'LoggerExtensions.LogInformation(ILogger, string?, params object?[])' (https://learn.microsoft.com/dotnet/fundamentals/code-analysis/quality-rules/ca1848) [/home/runner/work/trading-bot-c-/trading-bot-c-/src/BotCore/BotCore.csproj]
/home/runner/work/trading-bot-c-/trading-bot-c-/src/BotCore/CriticalSystemComponents.cs(981,17): error CA1848: For improved performance, use the LoggerMessage delegates instead of calling 'LoggerExtensions.LogError(ILogger, Exception?, string?, params object?[])' (https://learn.microsoft.com/dotnet/fundamentals/code-analysis/quality-rules/ca1848) [/home/runner/work/trading-bot-c-/trading-bot-c-/src/BotCore/BotCore.csproj]
/home/runner/work/trading-bot-c-/trading-bot-c-/src/BotCore/CriticalSystemComponents.cs(985,17): error CA1848: For improved performance, use the LoggerMessage delegates instead of calling 'LoggerExtensions.LogError(ILogger, Exception?, string?, params object?[])' (https://learn.microsoft.com/dotnet/fundamentals/code-analysis/quality-rules/ca1848) [/home/runner/work/trading-bot-c-/trading-bot-c-/src/BotCore/BotCore.csproj]
/home/runner/work/trading-bot-c-/trading-bot-c-/src/BotCore/CriticalSystemComponents.cs(989,17): error CA1848: For improved performance, use the LoggerMessage delegates instead of calling 'LoggerExtensions.LogError(ILogger, Exception?, string?, params object?[])' (https://learn.microsoft.com/dotnet/fundamentals/code-analysis/quality-rules/ca1848) [/home/runner/work/trading-bot-c-/trading-bot-c-/src/BotCore/BotCore.csproj]
/home/runner/work/trading-bot-c-/trading-bot-c-/src/BotCore/CriticalSystemComponents.cs(974,21): error CA1849: 'SQLiteCommand.ExecuteNonQuery()' synchronously blocks. Await 'DbCommand.ExecuteNonQueryAsync()' instead. (https://learn.microsoft.com/dotnet/fundamentals/code-analysis/quality-rules/ca1849) [/home/runner/work/trading-bot-c-/trading-bot-c-/src/BotCore/BotCore.csproj]
/home/runner/work/trading-bot-c-/trading-bot-c-/src/BotCore/Brain/UnifiedTradingBrain.cs(3656,17): error CA1848: For improved performance, use the LoggerMessage delegates instead of calling 'LoggerExtensions.LogError(ILogger, Exception?, string?, params object?[])' (https://learn.microsoft.com/dotnet/fundamentals/code-analysis/quality-rules/ca1848) [/home/runner/work/trading-bot-c-/trading-bot-c-/src/BotCore/BotCore.csproj]
/home/runner/work/trading-bot-c-/trading-bot-c-/src/BotCore/Brain/UnifiedTradingBrain.cs(3661,17): error CA1848: For improved performance, use the LoggerMessage delegates instead of calling 'LoggerExtensions.LogError(ILogger, Exception?, string?, params object?[])' (https://learn.microsoft.com/dotnet/fundamentals/code-analysis/quality-rules/ca1848) [/home/runner/work/trading-bot-c-/trading-bot-c-/src/BotCore/BotCore.csproj]
/home/runner/work/trading-bot-c-/trading-bot-c-/src/BotCore/Brain/UnifiedTradingBrain.cs(3666,17): error CA1848: For improved performance, use the LoggerMessage delegates instead of calling 'LoggerExtensions.LogError(ILogger, Exception?, string?, params object?[])' (https://learn.microsoft.com/dotnet/fundamentals/code-analysis/quality-rules/ca1848) [/home/runner/work/trading-bot-c-/trading-bot-c-/src/BotCore/BotCore.csproj]
/home/runner/work/trading-bot-c-/trading-bot-c-/src/BotCore/CriticalSystemComponents.cs(1053,21): error CA1848: For improved performance, use the LoggerMessage delegates instead of calling 'LoggerExtensions.LogError(ILogger, Exception?, string?, params object?[])' (https://learn.microsoft.com/dotnet/fundamentals/code-analysis/quality-rules/ca1848) [/home/runner/work/trading-bot-c-/trading-bot-c-/src/BotCore/BotCore.csproj]
/home/runner/work/trading-bot-c-/trading-bot-c-/src/BotCore/CriticalSystemComponents.cs(1059,21): error CA1848: For improved performance, use the LoggerMessage delegates instead of calling 'LoggerExtensions.LogError(ILogger, Exception?, string?, params object?[])' (https://learn.microsoft.com/dotnet/fundamentals/code-analysis/quality-rules/ca1848) [/home/runner/work/trading-bot-c-/trading-bot-c-/src/BotCore/BotCore.csproj]
/home/runner/work/trading-bot-c-/trading-bot-c-/src/BotCore/CriticalSystemComponents.cs(1065,21): error CA1848: For improved performance, use the LoggerMessage delegates instead of calling 'LoggerExtensions.LogError(ILogger, Exception?, string?, params object?[])' (https://learn.microsoft.com/dotnet/fundamentals/code-analysis/quality-rules/ca1848) [/home/runner/work/trading-bot-c-/trading-bot-c-/src/BotCore/BotCore.csproj]
/home/runner/work/trading-bot-c-/trading-bot-c-/src/BotCore/Brain/UnifiedTradingBrain.cs(3706,17): error CA1848: For improved performance, use the LoggerMessage delegates instead of calling 'LoggerExtensions.LogError(ILogger, Exception?, string?, params object?[])' (https://learn.microsoft.com/dotnet/fundamentals/code-analysis/quality-rules/ca1848) [/home/runner/work/trading-bot-c-/trading-bot-c-/src/BotCore/BotCore.csproj]
/home/runner/work/trading-bot-c-/trading-bot-c-/src/BotCore/Brain/UnifiedTradingBrain.cs(3711,17): error CA1848: For improved performance, use the LoggerMessage delegates instead of calling 'LoggerExtensions.LogError(ILogger, Exception?, string?, params object?[])' (https://learn.microsoft.com/dotnet/fundamentals/code-analysis/quality-rules/ca1848) [/home/runner/work/trading-bot-c-/trading-bot-c-/src/BotCore/BotCore.csproj]
/home/runner/work/trading-bot-c-/trading-bot-c-/src/BotCore/Brain/UnifiedTradingBrain.cs(3716,17): error CA1848: For improved performance, use the LoggerMessage delegates instead of calling 'LoggerExtensions.LogError(ILogger, Exception?, string?, params object?[])' (https://learn.microsoft.com/dotnet/fundamentals/code-analysis/quality-rules/ca1848) [/home/runner/work/trading-bot-c-/trading-bot-c-/src/BotCore/BotCore.csproj]
/home/runner/work/trading-bot-c-/trading-bot-c-/src/BotCore/Strategy/AllStrategies.cs(651,48): error S1541: The Cyclomatic Complexity of this method is 134 which is greater than 10 authorized. (https://rules.sonarsource.com/csharp/RSPEC-1541) [/home/runner/work/trading-bot-c-/trading-bot-c-/src/BotCore/BotCore.csproj]
/home/runner/work/trading-bot-c-/trading-bot-c-/src/BotCore/Strategy/AllStrategies.cs(651,48): error S138: This method 'S2' has 318 lines, which is greater than the 80 lines authorized. Split it into smaller methods. (https://rules.sonarsource.com/csharp/RSPEC-138) [/home/runner/work/trading-bot-c-/trading-bot-c-/src/BotCore/BotCore.csproj]
/home/runner/work/trading-bot-c-/trading-bot-c-/src/BotCore/Brain/UnifiedTradingBrain.cs(3750,17): error CA1848: For improved performance, use the LoggerMessage delegates instead of calling 'LoggerExtensions.LogError(ILogger, Exception?, string?, params object?[])' (https://learn.microsoft.com/dotnet/fundamentals/code-analysis/quality-rules/ca1848) [/home/runner/work/trading-bot-c-/trading-bot-c-/src/BotCore/BotCore.csproj]
/home/runner/work/trading-bot-c-/trading-bot-c-/src/BotCore/Brain/UnifiedTradingBrain.cs(3755,17): error CA1848: For improved performance, use the LoggerMessage delegates instead of calling 'LoggerExtensions.LogError(ILogger, Exception?, string?, params object?[])' (https://learn.microsoft.com/dotnet/fundamentals/code-analysis/quality-rules/ca1848) [/home/runner/work/trading-bot-c-/trading-bot-c-/src/BotCore/BotCore.csproj]
/home/runner/work/trading-bot-c-/trading-bot-c-/src/BotCore/Brain/UnifiedTradingBrain.cs(3760,17): error CA1848: For improved performance, use the LoggerMessage delegates instead of calling 'LoggerExtensions.LogError(ILogger, Exception?, string?, params object?[])' (https://learn.microsoft.com/dotnet/fundamentals/code-analysis/quality-rules/ca1848) [/home/runner/work/trading-bot-c-/trading-bot-c-/src/BotCore/BotCore.csproj]
/home/runner/work/trading-bot-c-/trading-bot-c-/src/BotCore/CriticalSystemComponents.cs(1113,20): error S1215: Refactor the code to remove this use of 'GC.Collect'. (https://rules.sonarsource.com/csharp/RSPEC-1215) [/home/runner/work/trading-bot-c-/trading-bot-c-/src/BotCore/BotCore.csproj]
/home/runner/work/trading-bot-c-/trading-bot-c-/src/BotCore/CriticalSystemComponents.cs(1103,13): error CA1848: For improved performance, use the LoggerMessage delegates instead of calling 'LoggerExtensions.LogCritical(ILogger, string?, params object?[])' (https://learn.microsoft.com/dotnet/fundamentals/code-analysis/quality-rules/ca1848) [/home/runner/work/trading-bot-c-/trading-bot-c-/src/BotCore/BotCore.csproj]
/home/runner/work/trading-bot-c-/trading-bot-c-/src/BotCore/CriticalSystemComponents.cs(1111,17): error CA1848: For improved performance, use the LoggerMessage delegates instead of calling 'LoggerExtensions.LogWarning(ILogger, string?, params object?[])' (https://learn.microsoft.com/dotnet/fundamentals/code-analysis/quality-rules/ca1848) [/home/runner/work/trading-bot-c-/trading-bot-c-/src/BotCore/BotCore.csproj]
/home/runner/work/trading-bot-c-/trading-bot-c-/src/BotCore/CriticalSystemComponents.cs(1121,17): error CA1848: For improved performance, use the LoggerMessage delegates instead of calling 'LoggerExtensions.LogWarning(ILogger, string?, params object?[])' (https://learn.microsoft.com/dotnet/fundamentals/code-analysis/quality-rules/ca1848) [/home/runner/work/trading-bot-c-/trading-bot-c-/src/BotCore/BotCore.csproj]
/home/runner/work/trading-bot-c-/trading-bot-c-/src/BotCore/Brain/UnifiedTradingBrain.cs(3792,17): error CA1848: For improved performance, use the LoggerMessage delegates instead of calling 'LoggerExtensions.LogError(ILogger, Exception?, string?, params object?[])' (https://learn.microsoft.com/dotnet/fundamentals/code-analysis/quality-rules/ca1848) [/home/runner/work/trading-bot-c-/trading-bot-c-/src/BotCore/BotCore.csproj]
/home/runner/work/trading-bot-c-/trading-bot-c-/src/BotCore/Brain/UnifiedTradingBrain.cs(3797,17): error CA1848: For improved performance, use the LoggerMessage delegates instead of calling 'LoggerExtensions.LogError(ILogger, Exception?, string?, params object?[])' (https://learn.microsoft.com/dotnet/fundamentals/code-analysis/quality-rules/ca1848) [/home/runner/work/trading-bot-c-/trading-bot-c-/src/BotCore/BotCore.csproj]
/home/runner/work/trading-bot-c-/trading-bot-c-/src/BotCore/Brain/UnifiedTradingBrain.cs(3802,17): error CA1848: For improved performance, use the LoggerMessage delegates instead of calling 'LoggerExtensions.LogError(ILogger, Exception?, string?, params object?[])' (https://learn.microsoft.com/dotnet/fundamentals/code-analysis/quality-rules/ca1848) [/home/runner/work/trading-bot-c-/trading-bot-c-/src/BotCore/BotCore.csproj]
/home/runner/work/trading-bot-c-/trading-bot-c-/src/BotCore/Risk/CriticalSystemComponentsFixes.cs(35,13): error CA1848: For improved performance, use the LoggerMessage delegates instead of calling 'LoggerExtensions.LogInformation(ILogger, string?, params object?[])' (https://learn.microsoft.com/dotnet/fundamentals/code-analysis/quality-rules/ca1848) [/home/runner/work/trading-bot-c-/trading-bot-c-/src/BotCore/BotCore.csproj]
/home/runner/work/trading-bot-c-/trading-bot-c-/src/BotCore/Risk/CriticalSystemComponentsFixes.cs(50,13): error CA1848: For improved performance, use the LoggerMessage delegates instead of calling 'LoggerExtensions.LogInformation(ILogger, string?, params object?[])' (https://learn.microsoft.com/dotnet/fundamentals/code-analysis/quality-rules/ca1848) [/home/runner/work/trading-bot-c-/trading-bot-c-/src/BotCore/BotCore.csproj]
/home/runner/work/trading-bot-c-/trading-bot-c-/src/BotCore/Risk/CriticalSystemComponentsFixes.cs(65,21): error CA1848: For improved performance, use the LoggerMessage delegates instead of calling 'LoggerExtensions.LogInformation(ILogger, Exception?, string?, params object?[])' (https://learn.microsoft.com/dotnet/fundamentals/code-analysis/quality-rules/ca1848) [/home/runner/work/trading-bot-c-/trading-bot-c-/src/BotCore/BotCore.csproj]
/home/runner/work/trading-bot-c-/trading-bot-c-/src/BotCore/Risk/CriticalSystemComponentsFixes.cs(70,21): error CA1848: For improved performance, use the LoggerMessage delegates instead of calling 'LoggerExtensions.LogError(ILogger, Exception?, string?, params object?[])' (https://learn.microsoft.com/dotnet/fundamentals/code-analysis/quality-rules/ca1848) [/home/runner/work/trading-bot-c-/trading-bot-c-/src/BotCore/BotCore.csproj]
/home/runner/work/trading-bot-c-/trading-bot-c-/src/BotCore/Risk/CriticalSystemComponentsFixes.cs(75,21): error CA1848: For improved performance, use the LoggerMessage delegates instead of calling 'LoggerExtensions.LogError(ILogger, Exception?, string?, params object?[])' (https://learn.microsoft.com/dotnet/fundamentals/code-analysis/quality-rules/ca1848) [/home/runner/work/trading-bot-c-/trading-bot-c-/src/BotCore/BotCore.csproj]
/home/runner/work/trading-bot-c-/trading-bot-c-/src/BotCore/CriticalSystemComponents.cs(1165,21): error S6667: Logging in a catch clause should pass the caught exception as a parameter. (https://rules.sonarsource.com/csharp/RSPEC-6667) [/home/runner/work/trading-bot-c-/trading-bot-c-/src/BotCore/BotCore.csproj]
/home/runner/work/trading-bot-c-/trading-bot-c-/src/BotCore/CriticalSystemComponents.cs(1161,21): error CA1848: For improved performance, use the LoggerMessage delegates instead of calling 'LoggerExtensions.LogInformation(ILogger, string?, params object?[])' (https://learn.microsoft.com/dotnet/fundamentals/code-analysis/quality-rules/ca1848) [/home/runner/work/trading-bot-c-/trading-bot-c-/src/BotCore/BotCore.csproj]
/home/runner/work/trading-bot-c-/trading-bot-c-/src/BotCore/CriticalSystemComponents.cs(1165,21): error CA1848: For improved performance, use the LoggerMessage delegates instead of calling 'LoggerExtensions.LogWarning(ILogger, string?, params object?[])' (https://learn.microsoft.com/dotnet/fundamentals/code-analysis/quality-rules/ca1848) [/home/runner/work/trading-bot-c-/trading-bot-c-/src/BotCore/BotCore.csproj]
/home/runner/work/trading-bot-c-/trading-bot-c-/src/BotCore/CriticalSystemComponents.cs(1169,21): error CA1848: For improved performance, use the LoggerMessage delegates instead of calling 'LoggerExtensions.LogError(ILogger, Exception?, string?, params object?[])' (https://learn.microsoft.com/dotnet/fundamentals/code-analysis/quality-rules/ca1848) [/home/runner/work/trading-bot-c-/trading-bot-c-/src/BotCore/BotCore.csproj]
/home/runner/work/trading-bot-c-/trading-bot-c-/src/BotCore/CriticalSystemComponents.cs(1173,21): error CA1848: For improved performance, use the LoggerMessage delegates instead of calling 'LoggerExtensions.LogError(ILogger, Exception?, string?, params object?[])' (https://learn.microsoft.com/dotnet/fundamentals/code-analysis/quality-rules/ca1848) [/home/runner/work/trading-bot-c-/trading-bot-c-/src/BotCore/BotCore.csproj]
/home/runner/work/trading-bot-c-/trading-bot-c-/src/BotCore/CriticalSystemComponents.cs(1180,17): error CA1848: For improved performance, use the LoggerMessage delegates instead of calling 'LoggerExtensions.LogError(ILogger, string?, params object?[])' (https://learn.microsoft.com/dotnet/fundamentals/code-analysis/quality-rules/ca1848) [/home/runner/work/trading-bot-c-/trading-bot-c-/src/BotCore/BotCore.csproj]
/home/runner/work/trading-bot-c-/trading-bot-c-/src/BotCore/CriticalSystemComponents.cs(1189,31): error S3400: Remove this method and declare a constant for this value. (https://rules.sonarsource.com/csharp/RSPEC-3400) [/home/runner/work/trading-bot-c-/trading-bot-c-/src/BotCore/BotCore.csproj]
/home/runner/work/trading-bot-c-/trading-bot-c-/src/BotCore/CriticalSystemComponents.cs(1191,73): error CA1848: For improved performance, use the LoggerMessage delegates instead of calling 'LoggerExtensions.LogError(ILogger, Exception?, string?, params object?[])' (https://learn.microsoft.com/dotnet/fundamentals/code-analysis/quality-rules/ca1848) [/home/runner/work/trading-bot-c-/trading-bot-c-/src/BotCore/BotCore.csproj]
/home/runner/work/trading-bot-c-/trading-bot-c-/src/BotCore/CriticalSystemComponents.cs(1191,94): error CA2254: The logging message template should not vary between calls to 'LoggerExtensions.LogError(ILogger, Exception?, string?, params object?[])' (https://learn.microsoft.com/dotnet/fundamentals/code-analysis/quality-rules/ca2254) [/home/runner/work/trading-bot-c-/trading-bot-c-/src/BotCore/BotCore.csproj]
/home/runner/work/trading-bot-c-/trading-bot-c-/src/BotCore/CriticalSystemComponents.cs(1193,64): error CA1848: For improved performance, use the LoggerMessage delegates instead of calling 'LoggerExtensions.LogWarning(ILogger, string?, params object?[])' (https://learn.microsoft.com/dotnet/fundamentals/code-analysis/quality-rules/ca1848) [/home/runner/work/trading-bot-c-/trading-bot-c-/src/BotCore/BotCore.csproj]
/home/runner/work/trading-bot-c-/trading-bot-c-/src/BotCore/CriticalSystemComponents.cs(1193,83): error CA2254: The logging message template should not vary between calls to 'LoggerExtensions.LogWarning(ILogger, string?, params object?[])' (https://learn.microsoft.com/dotnet/fundamentals/code-analysis/quality-rules/ca2254) [/home/runner/work/trading-bot-c-/trading-bot-c-/src/BotCore/BotCore.csproj]
/home/runner/work/trading-bot-c-/trading-bot-c-/src/BotCore/CriticalSystemComponents.cs(1199,59): error CA1848: For improved performance, use the LoggerMessage delegates instead of calling 'LoggerExtensions.LogCritical(ILogger, string?, params object?[])' (https://learn.microsoft.com/dotnet/fundamentals/code-analysis/quality-rules/ca1848) [/home/runner/work/trading-bot-c-/trading-bot-c-/src/BotCore/BotCore.csproj]
/home/runner/work/trading-bot-c-/trading-bot-c-/src/BotCore/CriticalSystemComponents.cs(1199,79): error CA2254: The logging message template should not vary between calls to 'LoggerExtensions.LogCritical(ILogger, string?, params object?[])' (https://learn.microsoft.com/dotnet/fundamentals/code-analysis/quality-rules/ca2254) [/home/runner/work/trading-bot-c-/trading-bot-c-/src/BotCore/BotCore.csproj]
/home/runner/work/trading-bot-c-/trading-bot-c-/src/BotCore/Risk/CriticalSystemComponentsFixes.cs(83,13): error CA1848: For improved performance, use the LoggerMessage delegates instead of calling 'LoggerExtensions.LogInformation(ILogger, string?, params object?[])' (https://learn.microsoft.com/dotnet/fundamentals/code-analysis/quality-rules/ca1848) [/home/runner/work/trading-bot-c-/trading-bot-c-/src/BotCore/BotCore.csproj]
/home/runner/work/trading-bot-c-/trading-bot-c-/src/BotCore/Risk/CriticalSystemComponentsFixes.cs(95,25): error CA1848: For improved performance, use the LoggerMessage delegates instead of calling 'LoggerExtensions.LogWarning(ILogger, string?, params object?[])' (https://learn.microsoft.com/dotnet/fundamentals/code-analysis/quality-rules/ca1848) [/home/runner/work/trading-bot-c-/trading-bot-c-/src/BotCore/BotCore.csproj]
/home/runner/work/trading-bot-c-/trading-bot-c-/src/BotCore/Risk/CriticalSystemComponentsFixes.cs(105,21): error CA1848: For improved performance, use the LoggerMessage delegates instead of calling 'LoggerExtensions.LogInformation(ILogger, Exception?, string?, params object?[])' (https://learn.microsoft.com/dotnet/fundamentals/code-analysis/quality-rules/ca1848) [/home/runner/work/trading-bot-c-/trading-bot-c-/src/BotCore/BotCore.csproj]
/home/runner/work/trading-bot-c-/trading-bot-c-/src/BotCore/Risk/CriticalSystemComponentsFixes.cs(110,21): error CA1848: For improved performance, use the LoggerMessage delegates instead of calling 'LoggerExtensions.LogError(ILogger, Exception?, string?, params object?[])' (https://learn.microsoft.com/dotnet/fundamentals/code-analysis/quality-rules/ca1848) [/home/runner/work/trading-bot-c-/trading-bot-c-/src/BotCore/BotCore.csproj]
/home/runner/work/trading-bot-c-/trading-bot-c-/src/BotCore/Risk/CriticalSystemComponentsFixes.cs(115,21): error CA1848: For improved performance, use the LoggerMessage delegates instead of calling 'LoggerExtensions.LogCritical(ILogger, Exception?, string?, params object?[])' (https://learn.microsoft.com/dotnet/fundamentals/code-analysis/quality-rules/ca1848) [/home/runner/work/trading-bot-c-/trading-bot-c-/src/BotCore/BotCore.csproj]
/home/runner/work/trading-bot-c-/trading-bot-c-/src/BotCore/CriticalSystemComponents.cs(1204,25): error CA1848: For improved performance, use the LoggerMessage delegates instead of calling 'LoggerExtensions.LogWarning(ILogger, string?, params object?[])' (https://learn.microsoft.com/dotnet/fundamentals/code-analysis/quality-rules/ca1848) [/home/runner/work/trading-bot-c-/trading-bot-c-/src/BotCore/BotCore.csproj]
/home/runner/work/trading-bot-c-/trading-bot-c-/src/BotCore/CriticalSystemComponents.cs(1220,25): error CA1848: For improved performance, use the LoggerMessage delegates instead of calling 'LoggerExtensions.LogError(ILogger, string?, params object?[])' (https://learn.microsoft.com/dotnet/fundamentals/code-analysis/quality-rules/ca1848) [/home/runner/work/trading-bot-c-/trading-bot-c-/src/BotCore/BotCore.csproj]
/home/runner/work/trading-bot-c-/trading-bot-c-/src/BotCore/CriticalSystemComponents.cs(1225,25): error CA1848: For improved performance, use the LoggerMessage delegates instead of calling 'LoggerExtensions.LogError(ILogger, Exception?, string?, params object?[])' (https://learn.microsoft.com/dotnet/fundamentals/code-analysis/quality-rules/ca1848) [/home/runner/work/trading-bot-c-/trading-bot-c-/src/BotCore/BotCore.csproj]
/home/runner/work/trading-bot-c-/trading-bot-c-/src/BotCore/CriticalSystemComponents.cs(1229,25): error CA1848: For improved performance, use the LoggerMessage delegates instead of calling 'LoggerExtensions.LogError(ILogger, Exception?, string?, params object?[])' (https://learn.microsoft.com/dotnet/fundamentals/code-analysis/quality-rules/ca1848) [/home/runner/work/trading-bot-c-/trading-bot-c-/src/BotCore/BotCore.csproj]
/home/runner/work/trading-bot-c-/trading-bot-c-/src/BotCore/CriticalSystemComponents.cs(1233,25): error CA1848: For improved performance, use the LoggerMessage delegates instead of calling 'LoggerExtensions.LogError(ILogger, Exception?, string?, params object?[])' (https://learn.microsoft.com/dotnet/fundamentals/code-analysis/quality-rules/ca1848) [/home/runner/work/trading-bot-c-/trading-bot-c-/src/BotCore/BotCore.csproj]
/home/runner/work/trading-bot-c-/trading-bot-c-/src/BotCore/Risk/CriticalSystemComponentsFixes.cs(123,13): error CA1848: For improved performance, use the LoggerMessage delegates instead of calling 'LoggerExtensions.LogInformation(ILogger, string?, params object?[])' (https://learn.microsoft.com/dotnet/fundamentals/code-analysis/quality-rules/ca1848) [/home/runner/work/trading-bot-c-/trading-bot-c-/src/BotCore/BotCore.csproj]
/home/runner/work/trading-bot-c-/trading-bot-c-/src/BotCore/Risk/CriticalSystemComponentsFixes.cs(133,21): error CA1848: For improved performance, use the LoggerMessage delegates instead of calling 'LoggerExtensions.LogDebug(ILogger, string?, params object?[])' (https://learn.microsoft.com/dotnet/fundamentals/code-analysis/quality-rules/ca1848) [/home/runner/work/trading-bot-c-/trading-bot-c-/src/BotCore/BotCore.csproj]
/home/runner/work/trading-bot-c-/trading-bot-c-/src/BotCore/Risk/CriticalSystemComponentsFixes.cs(140,21): error CA1848: For improved performance, use the LoggerMessage delegates instead of calling 'LoggerExtensions.LogInformation(ILogger, Exception?, string?, params object?[])' (https://learn.microsoft.com/dotnet/fundamentals/code-analysis/quality-rules/ca1848) [/home/runner/work/trading-bot-c-/trading-bot-c-/src/BotCore/BotCore.csproj]
/home/runner/work/trading-bot-c-/trading-bot-c-/src/BotCore/Risk/CriticalSystemComponentsFixes.cs(145,21): error CA1848: For improved performance, use the LoggerMessage delegates instead of calling 'LoggerExtensions.LogError(ILogger, Exception?, string?, params object?[])' (https://learn.microsoft.com/dotnet/fundamentals/code-analysis/quality-rules/ca1848) [/home/runner/work/trading-bot-c-/trading-bot-c-/src/BotCore/BotCore.csproj]
/home/runner/work/trading-bot-c-/trading-bot-c-/src/BotCore/Risk/CriticalSystemComponentsFixes.cs(150,21): error CA1848: For improved performance, use the LoggerMessage delegates instead of calling 'LoggerExtensions.LogError(ILogger, Exception?, string?, params object?[])' (https://learn.microsoft.com/dotnet/fundamentals/code-analysis/quality-rules/ca1848) [/home/runner/work/trading-bot-c-/trading-bot-c-/src/BotCore/BotCore.csproj]
/home/runner/work/trading-bot-c-/trading-bot-c-/src/BotCore/Risk/CriticalSystemComponentsFixes.cs(165,13): error CA1848: For improved performance, use the LoggerMessage delegates instead of calling 'LoggerExtensions.LogDebug(ILogger, string?, params object?[])' (https://learn.microsoft.com/dotnet/fundamentals/code-analysis/quality-rules/ca1848) [/home/runner/work/trading-bot-c-/trading-bot-c-/src/BotCore/BotCore.csproj]
/home/runner/work/trading-bot-c-/trading-bot-c-/src/BotCore/Strategy/AllStrategies.cs(1174,28): error CA1707: Remove the underscores from member name BotCore.Strategy.AllStrategies.add_cand(System.Collections.Generic.IList<BotCore.Models.Candidate>, string, string, string, decimal, decimal, decimal, BotCore.Models.Env, BotCore.Risk.RiskEngine, string?, System.Collections.Generic.IList<BotCore.Models.Bar>?) (https://learn.microsoft.com/dotnet/fundamentals/code-analysis/quality-rules/ca1707) [/home/runner/work/trading-bot-c-/trading-bot-c-/src/BotCore/BotCore.csproj]
/home/runner/work/trading-bot-c-/trading-bot-c-/src/BotCore/CriticalSystemComponents.cs(1241,25): error CA1848: For improved performance, use the LoggerMessage delegates instead of calling 'LoggerExtensions.LogWarning(ILogger, string?, params object?[])' (https://learn.microsoft.com/dotnet/fundamentals/code-analysis/quality-rules/ca1848) [/home/runner/work/trading-bot-c-/trading-bot-c-/src/BotCore/BotCore.csproj]
/home/runner/work/trading-bot-c-/trading-bot-c-/src/BotCore/CriticalSystemComponents.cs(1253,25): error CA1848: For improved performance, use the LoggerMessage delegates instead of calling 'LoggerExtensions.LogError(ILogger, string?, params object?[])' (https://learn.microsoft.com/dotnet/fundamentals/code-analysis/quality-rules/ca1848) [/home/runner/work/trading-bot-c-/trading-bot-c-/src/BotCore/BotCore.csproj]
/home/runner/work/trading-bot-c-/trading-bot-c-/src/BotCore/CriticalSystemComponents.cs(1258,25): error CA1848: For improved performance, use the LoggerMessage delegates instead of calling 'LoggerExtensions.LogError(ILogger, Exception?, string?, params object?[])' (https://learn.microsoft.com/dotnet/fundamentals/code-analysis/quality-rules/ca1848) [/home/runner/work/trading-bot-c-/trading-bot-c-/src/BotCore/BotCore.csproj]
/home/runner/work/trading-bot-c-/trading-bot-c-/src/BotCore/CriticalSystemComponents.cs(1262,25): error CA1848: For improved performance, use the LoggerMessage delegates instead of calling 'LoggerExtensions.LogError(ILogger, Exception?, string?, params object?[])' (https://learn.microsoft.com/dotnet/fundamentals/code-analysis/quality-rules/ca1848) [/home/runner/work/trading-bot-c-/trading-bot-c-/src/BotCore/BotCore.csproj]
/home/runner/work/trading-bot-c-/trading-bot-c-/src/BotCore/CriticalSystemComponents.cs(1266,25): error CA1848: For improved performance, use the LoggerMessage delegates instead of calling 'LoggerExtensions.LogError(ILogger, Exception?, string?, params object?[])' (https://learn.microsoft.com/dotnet/fundamentals/code-analysis/quality-rules/ca1848) [/home/runner/work/trading-bot-c-/trading-bot-c-/src/BotCore/BotCore.csproj]
/home/runner/work/trading-bot-c-/trading-bot-c-/src/BotCore/Risk/CriticalSystemComponentsFixes.cs(175,17): error CA1848: For improved performance, use the LoggerMessage delegates instead of calling 'LoggerExtensions.LogDebug(ILogger, string?, params object?[])' (https://learn.microsoft.com/dotnet/fundamentals/code-analysis/quality-rules/ca1848) [/home/runner/work/trading-bot-c-/trading-bot-c-/src/BotCore/BotCore.csproj]
/home/runner/work/trading-bot-c-/trading-bot-c-/src/BotCore/Risk/CriticalSystemComponentsFixes.cs(179,17): error CA1848: For improved performance, use the LoggerMessage delegates instead of calling 'LoggerExtensions.LogError(ILogger, Exception?, string?, params object?[])' (https://learn.microsoft.com/dotnet/fundamentals/code-analysis/quality-rules/ca1848) [/home/runner/work/trading-bot-c-/trading-bot-c-/src/BotCore/BotCore.csproj]
/home/runner/work/trading-bot-c-/trading-bot-c-/src/BotCore/Risk/CriticalSystemComponentsFixes.cs(190,17): error CA1848: For improved performance, use the LoggerMessage delegates instead of calling 'LoggerExtensions.LogDebug(ILogger, string?, params object?[])' (https://learn.microsoft.com/dotnet/fundamentals/code-analysis/quality-rules/ca1848) [/home/runner/work/trading-bot-c-/trading-bot-c-/src/BotCore/BotCore.csproj]
/home/runner/work/trading-bot-c-/trading-bot-c-/src/BotCore/Risk/CriticalSystemComponentsFixes.cs(194,17): error CA1848: For improved performance, use the LoggerMessage delegates instead of calling 'LoggerExtensions.LogError(ILogger, Exception?, string?, params object?[])' (https://learn.microsoft.com/dotnet/fundamentals/code-analysis/quality-rules/ca1848) [/home/runner/work/trading-bot-c-/trading-bot-c-/src/BotCore/BotCore.csproj]
/home/runner/work/trading-bot-c-/trading-bot-c-/src/BotCore/CriticalSystemComponents.cs(1274,25): error CA1848: For improved performance, use the LoggerMessage delegates instead of calling 'LoggerExtensions.LogWarning(ILogger, string?, params object?[])' (https://learn.microsoft.com/dotnet/fundamentals/code-analysis/quality-rules/ca1848) [/home/runner/work/trading-bot-c-/trading-bot-c-/src/BotCore/BotCore.csproj]
/home/runner/work/trading-bot-c-/trading-bot-c-/src/BotCore/CriticalSystemComponents.cs(1285,25): error CA1848: For improved performance, use the LoggerMessage delegates instead of calling 'LoggerExtensions.LogError(ILogger, string?, params object?[])' (https://learn.microsoft.com/dotnet/fundamentals/code-analysis/quality-rules/ca1848) [/home/runner/work/trading-bot-c-/trading-bot-c-/src/BotCore/BotCore.csproj]
/home/runner/work/trading-bot-c-/trading-bot-c-/src/BotCore/CriticalSystemComponents.cs(1290,25): error CA1848: For improved performance, use the LoggerMessage delegates instead of calling 'LoggerExtensions.LogError(ILogger, Exception?, string?, params object?[])' (https://learn.microsoft.com/dotnet/fundamentals/code-analysis/quality-rules/ca1848) [/home/runner/work/trading-bot-c-/trading-bot-c-/src/BotCore/BotCore.csproj]
/home/runner/work/trading-bot-c-/trading-bot-c-/src/BotCore/CriticalSystemComponents.cs(1294,25): error CA1848: For improved performance, use the LoggerMessage delegates instead of calling 'LoggerExtensions.LogError(ILogger, Exception?, string?, params object?[])' (https://learn.microsoft.com/dotnet/fundamentals/code-analysis/quality-rules/ca1848) [/home/runner/work/trading-bot-c-/trading-bot-c-/src/BotCore/BotCore.csproj]
/home/runner/work/trading-bot-c-/trading-bot-c-/src/BotCore/CriticalSystemComponents.cs(1298,25): error CA1848: For improved performance, use the LoggerMessage delegates instead of calling 'LoggerExtensions.LogError(ILogger, Exception?, string?, params object?[])' (https://learn.microsoft.com/dotnet/fundamentals/code-analysis/quality-rules/ca1848) [/home/runner/work/trading-bot-c-/trading-bot-c-/src/BotCore/BotCore.csproj]
/home/runner/work/trading-bot-c-/trading-bot-c-/src/BotCore/Risk/CriticalSystemComponentsFixes.cs(204,13): error CA1848: For improved performance, use the LoggerMessage delegates instead of calling 'LoggerExtensions.LogInformation(ILogger, string?, params object?[])' (https://learn.microsoft.com/dotnet/fundamentals/code-analysis/quality-rules/ca1848) [/home/runner/work/trading-bot-c-/trading-bot-c-/src/BotCore/BotCore.csproj]
/home/runner/work/trading-bot-c-/trading-bot-c-/src/BotCore/Risk/CriticalSystemComponentsFixes.cs(208,13): error CA1848: For improved performance, use the LoggerMessage delegates instead of calling 'LoggerExtensions.LogInformation(ILogger, string?, params object?[])' (https://learn.microsoft.com/dotnet/fundamentals/code-analysis/quality-rules/ca1848) [/home/runner/work/trading-bot-c-/trading-bot-c-/src/BotCore/BotCore.csproj]
/home/runner/work/trading-bot-c-/trading-bot-c-/src/BotCore/CriticalSystemComponents.cs(1305,25): error CA1848: For improved performance, use the LoggerMessage delegates instead of calling 'LoggerExtensions.LogWarning(ILogger, string?, params object?[])' (https://learn.microsoft.com/dotnet/fundamentals/code-analysis/quality-rules/ca1848) [/home/runner/work/trading-bot-c-/trading-bot-c-/src/BotCore/BotCore.csproj]
/home/runner/work/trading-bot-c-/trading-bot-c-/src/BotCore/CriticalSystemComponents.cs(1312,25): error CA1848: For improved performance, use the LoggerMessage delegates instead of calling 'LoggerExtensions.LogWarning(ILogger, string?, params object?[])' (https://learn.microsoft.com/dotnet/fundamentals/code-analysis/quality-rules/ca1848) [/home/runner/work/trading-bot-c-/trading-bot-c-/src/BotCore/BotCore.csproj]
/home/runner/work/trading-bot-c-/trading-bot-c-/src/BotCore/CriticalSystemComponents.cs(1318,25): error CA1848: For improved performance, use the LoggerMessage delegates instead of calling 'LoggerExtensions.LogError(ILogger, Exception?, string?, params object?[])' (https://learn.microsoft.com/dotnet/fundamentals/code-analysis/quality-rules/ca1848) [/home/runner/work/trading-bot-c-/trading-bot-c-/src/BotCore/BotCore.csproj]
/home/runner/work/trading-bot-c-/trading-bot-c-/src/BotCore/CriticalSystemComponents.cs(1322,25): error CA1848: For improved performance, use the LoggerMessage delegates instead of calling 'LoggerExtensions.LogError(ILogger, Exception?, string?, params object?[])' (https://learn.microsoft.com/dotnet/fundamentals/code-analysis/quality-rules/ca1848) [/home/runner/work/trading-bot-c-/trading-bot-c-/src/BotCore/BotCore.csproj]
/home/runner/work/trading-bot-c-/trading-bot-c-/src/BotCore/CriticalSystemComponents.cs(1326,25): error CA1848: For improved performance, use the LoggerMessage delegates instead of calling 'LoggerExtensions.LogError(ILogger, Exception?, string?, params object?[])' (https://learn.microsoft.com/dotnet/fundamentals/code-analysis/quality-rules/ca1848) [/home/runner/work/trading-bot-c-/trading-bot-c-/src/BotCore/BotCore.csproj]
/home/runner/work/trading-bot-c-/trading-bot-c-/src/BotCore/Risk/CriticalSystemComponentsFixes.cs(226,13): error CA1848: For improved performance, use the LoggerMessage delegates instead of calling 'LoggerExtensions.LogInformation(ILogger, string?, params object?[])' (https://learn.microsoft.com/dotnet/fundamentals/code-analysis/quality-rules/ca1848) [/home/runner/work/trading-bot-c-/trading-bot-c-/src/BotCore/BotCore.csproj]
/home/runner/work/trading-bot-c-/trading-bot-c-/src/BotCore/CriticalSystemComponents.cs(1335,25): error CA1848: For improved performance, use the LoggerMessage delegates instead of calling 'LoggerExtensions.LogError(ILogger, string?, params object?[])' (https://learn.microsoft.com/dotnet/fundamentals/code-analysis/quality-rules/ca1848) [/home/runner/work/trading-bot-c-/trading-bot-c-/src/BotCore/BotCore.csproj]
/home/runner/work/trading-bot-c-/trading-bot-c-/src/BotCore/Brain/UnifiedTradingBrain.cs(3923,17): error CA1848: For improved performance, use the LoggerMessage delegates instead of calling 'LoggerExtensions.LogInformation(ILogger, string?, params object?[])' (https://learn.microsoft.com/dotnet/fundamentals/code-analysis/quality-rules/ca1848) [/home/runner/work/trading-bot-c-/trading-bot-c-/src/BotCore/BotCore.csproj]
/home/runner/work/trading-bot-c-/trading-bot-c-/src/BotCore/Brain/UnifiedTradingBrain.cs(3940,21): error CA1848: For improved performance, use the LoggerMessage delegates instead of calling 'LoggerExtensions.LogInformation(ILogger, string?, params object?[])' (https://learn.microsoft.com/dotnet/fundamentals/code-analysis/quality-rules/ca1848) [/home/runner/work/trading-bot-c-/trading-bot-c-/src/BotCore/BotCore.csproj]
/home/runner/work/trading-bot-c-/trading-bot-c-/src/BotCore/Brain/UnifiedTradingBrain.cs(3945,21): error CA1848: For improved performance, use the LoggerMessage delegates instead of calling 'LoggerExtensions.LogError(ILogger, Exception?, string?, params object?[])' (https://learn.microsoft.com/dotnet/fundamentals/code-analysis/quality-rules/ca1848) [/home/runner/work/trading-bot-c-/trading-bot-c-/src/BotCore/BotCore.csproj]
/home/runner/work/trading-bot-c-/trading-bot-c-/src/BotCore/Brain/UnifiedTradingBrain.cs(3949,21): error CA1848: For improved performance, use the LoggerMessage delegates instead of calling 'LoggerExtensions.LogError(ILogger, Exception?, string?, params object?[])' (https://learn.microsoft.com/dotnet/fundamentals/code-analysis/quality-rules/ca1848) [/home/runner/work/trading-bot-c-/trading-bot-c-/src/BotCore/BotCore.csproj]
/home/runner/work/trading-bot-c-/trading-bot-c-/src/BotCore/Brain/UnifiedTradingBrain.cs(3953,21): error CA1848: For improved performance, use the LoggerMessage delegates instead of calling 'LoggerExtensions.LogError(ILogger, Exception?, string?, params object?[])' (https://learn.microsoft.com/dotnet/fundamentals/code-analysis/quality-rules/ca1848) [/home/runner/work/trading-bot-c-/trading-bot-c-/src/BotCore/BotCore.csproj]
/home/runner/work/trading-bot-c-/trading-bot-c-/src/BotCore/Brain/UnifiedTradingBrain.cs(3979,21): error CA1848: For improved performance, use the LoggerMessage delegates instead of calling 'LoggerExtensions.LogError(ILogger, Exception?, string?, params object?[])' (https://learn.microsoft.com/dotnet/fundamentals/code-analysis/quality-rules/ca1848) [/home/runner/work/trading-bot-c-/trading-bot-c-/src/BotCore/BotCore.csproj]
/home/runner/work/trading-bot-c-/trading-bot-c-/src/BotCore/CriticalSystemComponents.cs(1362,25): error CA1848: For improved performance, use the LoggerMessage delegates instead of calling 'LoggerExtensions.LogError(ILogger, Exception?, string?, params object?[])' (https://learn.microsoft.com/dotnet/fundamentals/code-analysis/quality-rules/ca1848) [/home/runner/work/trading-bot-c-/trading-bot-c-/src/BotCore/BotCore.csproj]
/home/runner/work/trading-bot-c-/trading-bot-c-/src/BotCore/CriticalSystemComponents.cs(1403,25): error CA1848: For improved performance, use the LoggerMessage delegates instead of calling 'LoggerExtensions.LogWarning(ILogger, string?, params object?[])' (https://learn.microsoft.com/dotnet/fundamentals/code-analysis/quality-rules/ca1848) [/home/runner/work/trading-bot-c-/trading-bot-c-/src/BotCore/BotCore.csproj]
/home/runner/work/trading-bot-c-/trading-bot-c-/src/BotCore/CriticalSystemComponents.cs(1446,98): error CA1869: Avoid creating a new 'JsonSerializerOptions' instance for every serialization operation. Cache and reuse instances instead. (https://learn.microsoft.com/dotnet/fundamentals/code-analysis/quality-rules/ca1869) [/home/runner/work/trading-bot-c-/trading-bot-c-/src/BotCore/BotCore.csproj]
/home/runner/work/trading-bot-c-/trading-bot-c-/src/BotCore/CriticalSystemComponents.cs(1447,25): error CA1848: For improved performance, use the LoggerMessage delegates instead of calling 'LoggerExtensions.LogError(ILogger, string?, params object?[])' (https://learn.microsoft.com/dotnet/fundamentals/code-analysis/quality-rules/ca1848) [/home/runner/work/trading-bot-c-/trading-bot-c-/src/BotCore/BotCore.csproj]
/home/runner/work/trading-bot-c-/trading-bot-c-/src/BotCore/CriticalSystemComponents.cs(1474,25): error CA1848: For improved performance, use the LoggerMessage delegates instead of calling 'LoggerExtensions.LogWarning(ILogger, string?, params object?[])' (https://learn.microsoft.com/dotnet/fundamentals/code-analysis/quality-rules/ca1848) [/home/runner/work/trading-bot-c-/trading-bot-c-/src/BotCore/BotCore.csproj]
/home/runner/work/trading-bot-c-/trading-bot-c-/src/BotCore/CriticalSystemComponents.cs(1483,33): error CA1848: For improved performance, use the LoggerMessage delegates instead of calling 'LoggerExtensions.LogError(ILogger, string?, params object?[])' (https://learn.microsoft.com/dotnet/fundamentals/code-analysis/quality-rules/ca1848) [/home/runner/work/trading-bot-c-/trading-bot-c-/src/BotCore/BotCore.csproj]
/home/runner/work/trading-bot-c-/trading-bot-c-/src/BotCore/CriticalSystemComponents.cs(1495,25): error CA1848: For improved performance, use the LoggerMessage delegates instead of calling 'LoggerExtensions.LogError(ILogger, Exception?, string?, params object?[])' (https://learn.microsoft.com/dotnet/fundamentals/code-analysis/quality-rules/ca1848) [/home/runner/work/trading-bot-c-/trading-bot-c-/src/BotCore/BotCore.csproj]
/home/runner/work/trading-bot-c-/trading-bot-c-/src/BotCore/CriticalSystemComponents.cs(1499,25): error CA1848: For improved performance, use the LoggerMessage delegates instead of calling 'LoggerExtensions.LogError(ILogger, Exception?, string?, params object?[])' (https://learn.microsoft.com/dotnet/fundamentals/code-analysis/quality-rules/ca1848) [/home/runner/work/trading-bot-c-/trading-bot-c-/src/BotCore/BotCore.csproj]
/home/runner/work/trading-bot-c-/trading-bot-c-/src/BotCore/CriticalSystemComponents.cs(1507,25): error CA1848: For improved performance, use the LoggerMessage delegates instead of calling 'LoggerExtensions.LogWarning(ILogger, string?, params object?[])' (https://learn.microsoft.com/dotnet/fundamentals/code-analysis/quality-rules/ca1848) [/home/runner/work/trading-bot-c-/trading-bot-c-/src/BotCore/BotCore.csproj]
/home/runner/work/trading-bot-c-/trading-bot-c-/src/BotCore/CriticalSystemComponents.cs(1512,29): error CA1848: For improved performance, use the LoggerMessage delegates instead of calling 'LoggerExtensions.LogWarning(ILogger, string?, params object?[])' (https://learn.microsoft.com/dotnet/fundamentals/code-analysis/quality-rules/ca1848) [/home/runner/work/trading-bot-c-/trading-bot-c-/src/BotCore/BotCore.csproj]
/home/runner/work/trading-bot-c-/trading-bot-c-/src/BotCore/CriticalSystemComponents.cs(1525,25): error CA1848: For improved performance, use the LoggerMessage delegates instead of calling 'LoggerExtensions.LogWarning(ILogger, string?, params object?[])' (https://learn.microsoft.com/dotnet/fundamentals/code-analysis/quality-rules/ca1848) [/home/runner/work/trading-bot-c-/trading-bot-c-/src/BotCore/BotCore.csproj]
/home/runner/work/trading-bot-c-/trading-bot-c-/src/BotCore/CriticalSystemComponents.cs(1530,25): error CA1848: For improved performance, use the LoggerMessage delegates instead of calling 'LoggerExtensions.LogError(ILogger, Exception?, string?, params object?[])' (https://learn.microsoft.com/dotnet/fundamentals/code-analysis/quality-rules/ca1848) [/home/runner/work/trading-bot-c-/trading-bot-c-/src/BotCore/BotCore.csproj]
/home/runner/work/trading-bot-c-/trading-bot-c-/src/BotCore/CriticalSystemComponents.cs(1534,25): error CA1848: For improved performance, use the LoggerMessage delegates instead of calling 'LoggerExtensions.LogError(ILogger, Exception?, string?, params object?[])' (https://learn.microsoft.com/dotnet/fundamentals/code-analysis/quality-rules/ca1848) [/home/runner/work/trading-bot-c-/trading-bot-c-/src/BotCore/BotCore.csproj]
/home/runner/work/trading-bot-c-/trading-bot-c-/src/BotCore/CriticalSystemComponents.cs(125,13): error CA1848: For improved performance, use the LoggerMessage delegates instead of calling 'LoggerExtensions.LogInformation(ILogger, string?, params object?[])' (https://learn.microsoft.com/dotnet/fundamentals/code-analysis/quality-rules/ca1848) [/home/runner/work/trading-bot-c-/trading-bot-c-/src/BotCore/BotCore.csproj]
/home/runner/work/trading-bot-c-/trading-bot-c-/src/BotCore/CriticalSystemComponents.cs(201,25): error CA1848: For improved performance, use the LoggerMessage delegates instead of calling 'LoggerExtensions.LogInformation(ILogger, string?, params object?[])' (https://learn.microsoft.com/dotnet/fundamentals/code-analysis/quality-rules/ca1848) [/home/runner/work/trading-bot-c-/trading-bot-c-/src/BotCore/BotCore.csproj]
/home/runner/work/trading-bot-c-/trading-bot-c-/src/BotCore/CriticalSystemComponents.cs(219,17): error S1066: Merge this if statement with the enclosing one. (https://rules.sonarsource.com/csharp/RSPEC-1066) [/home/runner/work/trading-bot-c-/trading-bot-c-/src/BotCore/BotCore.csproj]
/home/runner/work/trading-bot-c-/trading-bot-c-/src/BotCore/CriticalSystemComponents.cs(266,25): error S6667: Logging in a catch clause should pass the caught exception as a parameter. (https://rules.sonarsource.com/csharp/RSPEC-6667) [/home/runner/work/trading-bot-c-/trading-bot-c-/src/BotCore/BotCore.csproj]
/home/runner/work/trading-bot-c-/trading-bot-c-/src/BotCore/CriticalSystemComponents.cs(292,36): error CA1851: Possible multiple enumerations of 'IEnumerable' collection. Consider using an implementation that avoids multiple enumerations. (https://learn.microsoft.com/dotnet/fundamentals/code-analysis/quality-rules/ca1851) [/home/runner/work/trading-bot-c-/trading-bot-c-/src/BotCore/BotCore.csproj]
/home/runner/work/trading-bot-c-/trading-bot-c-/src/BotCore/CriticalSystemComponents.cs(291,39): error CA1851: Possible multiple enumerations of 'IEnumerable' collection. Consider using an implementation that avoids multiple enumerations. (https://learn.microsoft.com/dotnet/fundamentals/code-analysis/quality-rules/ca1851) [/home/runner/work/trading-bot-c-/trading-bot-c-/src/BotCore/BotCore.csproj]
/home/runner/work/trading-bot-c-/trading-bot-c-/src/BotCore/CriticalSystemComponents.cs(292,83): error CA1851: Possible multiple enumerations of 'IEnumerable' collection. Consider using an implementation that avoids multiple enumerations. (https://learn.microsoft.com/dotnet/fundamentals/code-analysis/quality-rules/ca1851) [/home/runner/work/trading-bot-c-/trading-bot-c-/src/BotCore/BotCore.csproj]
/home/runner/work/trading-bot-c-/trading-bot-c-/src/BotCore/CriticalSystemComponents.cs(293,35): error CA1851: Possible multiple enumerations of 'IEnumerable' collection. Consider using an implementation that avoids multiple enumerations. (https://learn.microsoft.com/dotnet/fundamentals/code-analysis/quality-rules/ca1851) [/home/runner/work/trading-bot-c-/trading-bot-c-/src/BotCore/BotCore.csproj]
/home/runner/work/trading-bot-c-/trading-bot-c-/src/BotCore/CriticalSystemComponents.cs(258,25): error CA1848: For improved performance, use the LoggerMessage delegates instead of calling 'LoggerExtensions.LogError(ILogger, Exception?, string?, params object?[])' (https://learn.microsoft.com/dotnet/fundamentals/code-analysis/quality-rules/ca1848) [/home/runner/work/trading-bot-c-/trading-bot-c-/src/BotCore/BotCore.csproj]
/home/runner/work/trading-bot-c-/trading-bot-c-/src/BotCore/CriticalSystemComponents.cs(262,25): error CA1848: For improved performance, use the LoggerMessage delegates instead of calling 'LoggerExtensions.LogError(ILogger, Exception?, string?, params object?[])' (https://learn.microsoft.com/dotnet/fundamentals/code-analysis/quality-rules/ca1848) [/home/runner/work/trading-bot-c-/trading-bot-c-/src/BotCore/BotCore.csproj]
/home/runner/work/trading-bot-c-/trading-bot-c-/src/BotCore/CriticalSystemComponents.cs(266,25): error CA1848: For improved performance, use the LoggerMessage delegates instead of calling 'LoggerExtensions.LogWarning(ILogger, string?, params object?[])' (https://learn.microsoft.com/dotnet/fundamentals/code-analysis/quality-rules/ca1848) [/home/runner/work/trading-bot-c-/trading-bot-c-/src/BotCore/BotCore.csproj]
/home/runner/work/trading-bot-c-/trading-bot-c-/src/BotCore/CriticalSystemComponents.cs(374,13): error CA1848: For improved performance, use the LoggerMessage delegates instead of calling 'LoggerExtensions.LogInformation(ILogger, string?, params object?[])' (https://learn.microsoft.com/dotnet/fundamentals/code-analysis/quality-rules/ca1848) [/home/runner/work/trading-bot-c-/trading-bot-c-/src/BotCore/BotCore.csproj]
/home/runner/work/trading-bot-c-/trading-bot-c-/src/BotCore/CriticalSystemComponents.cs(381,13): error CA1848: For improved performance, use the LoggerMessage delegates instead of calling 'LoggerExtensions.LogError(ILogger, string?, params object?[])' (https://learn.microsoft.com/dotnet/fundamentals/code-analysis/quality-rules/ca1848) [/home/runner/work/trading-bot-c-/trading-bot-c-/src/BotCore/BotCore.csproj]
/home/runner/work/trading-bot-c-/trading-bot-c-/src/BotCore/CriticalSystemComponents.cs(394,21): error CA1848: For improved performance, use the LoggerMessage delegates instead of calling 'LoggerExtensions.LogInformation(ILogger, string?, params object?[])' (https://learn.microsoft.com/dotnet/fundamentals/code-analysis/quality-rules/ca1848) [/home/runner/work/trading-bot-c-/trading-bot-c-/src/BotCore/BotCore.csproj]
/home/runner/work/trading-bot-c-/trading-bot-c-/src/BotCore/CriticalSystemComponents.cs(414,21): error CA1848: For improved performance, use the LoggerMessage delegates instead of calling 'LoggerExtensions.LogCritical(ILogger, string?, params object?[])' (https://learn.microsoft.com/dotnet/fundamentals/code-analysis/quality-rules/ca1848) [/home/runner/work/trading-bot-c-/trading-bot-c-/src/BotCore/BotCore.csproj]
/home/runner/work/trading-bot-c-/trading-bot-c-/src/BotCore/CriticalSystemComponents.cs(420,17): error CA1848: For improved performance, use the LoggerMessage delegates instead of calling 'LoggerExtensions.LogError(ILogger, Exception?, string?, params object?[])' (https://learn.microsoft.com/dotnet/fundamentals/code-analysis/quality-rules/ca1848) [/home/runner/work/trading-bot-c-/trading-bot-c-/src/BotCore/BotCore.csproj]
/home/runner/work/trading-bot-c-/trading-bot-c-/src/BotCore/CriticalSystemComponents.cs(424,17): error CA1848: For improved performance, use the LoggerMessage delegates instead of calling 'LoggerExtensions.LogError(ILogger, Exception?, string?, params object?[])' (https://learn.microsoft.com/dotnet/fundamentals/code-analysis/quality-rules/ca1848) [/home/runner/work/trading-bot-c-/trading-bot-c-/src/BotCore/BotCore.csproj]
/home/runner/work/trading-bot-c-/trading-bot-c-/src/BotCore/CriticalSystemComponents.cs(450,17): error CA1848: For improved performance, use the LoggerMessage delegates instead of calling 'LoggerExtensions.LogError(ILogger, Exception?, string?, params object?[])' (https://learn.microsoft.com/dotnet/fundamentals/code-analysis/quality-rules/ca1848) [/home/runner/work/trading-bot-c-/trading-bot-c-/src/BotCore/BotCore.csproj]
/home/runner/work/trading-bot-c-/trading-bot-c-/src/BotCore/CriticalSystemComponents.cs(454,17): error CA1848: For improved performance, use the LoggerMessage delegates instead of calling 'LoggerExtensions.LogError(ILogger, Exception?, string?, params object?[])' (https://learn.microsoft.com/dotnet/fundamentals/code-analysis/quality-rules/ca1848) [/home/runner/work/trading-bot-c-/trading-bot-c-/src/BotCore/BotCore.csproj]
/home/runner/work/trading-bot-c-/trading-bot-c-/src/BotCore/CriticalSystemComponents.cs(460,13): error CA1848: For improved performance, use the LoggerMessage delegates instead of calling 'LoggerExtensions.LogWarning(ILogger, string?, params object?[])' (https://learn.microsoft.com/dotnet/fundamentals/code-analysis/quality-rules/ca1848) [/home/runner/work/trading-bot-c-/trading-bot-c-/src/BotCore/BotCore.csproj]
/home/runner/work/trading-bot-c-/trading-bot-c-/src/BotCore/CriticalSystemComponents.cs(546,13): error CA1848: For improved performance, use the LoggerMessage delegates instead of calling 'LoggerExtensions.LogError(ILogger, string?, params object?[])' (https://learn.microsoft.com/dotnet/fundamentals/code-analysis/quality-rules/ca1848) [/home/runner/work/trading-bot-c-/trading-bot-c-/src/BotCore/BotCore.csproj]
/home/runner/work/trading-bot-c-/trading-bot-c-/src/BotCore/CriticalSystemComponents.cs(551,13): error CA1848: For improved performance, use the LoggerMessage delegates instead of calling 'LoggerExtensions.LogWarning(ILogger, string?, params object?[])' (https://learn.microsoft.com/dotnet/fundamentals/code-analysis/quality-rules/ca1848) [/home/runner/work/trading-bot-c-/trading-bot-c-/src/BotCore/BotCore.csproj]
/home/runner/work/trading-bot-c-/trading-bot-c-/src/BotCore/CriticalSystemComponents.cs(466,13): error CA1848: For improved performance, use the LoggerMessage delegates instead of calling 'LoggerExtensions.LogCritical(ILogger, string?, params object?[])' (https://learn.microsoft.com/dotnet/fundamentals/code-analysis/quality-rules/ca1848) [/home/runner/work/trading-bot-c-/trading-bot-c-/src/BotCore/BotCore.csproj]
/home/runner/work/trading-bot-c-/trading-bot-c-/src/BotCore/CriticalSystemComponents.cs(486,17): error CA1848: For improved performance, use the LoggerMessage delegates instead of calling 'LoggerExtensions.LogError(ILogger, Exception?, string?, params object?[])' (https://learn.microsoft.com/dotnet/fundamentals/code-analysis/quality-rules/ca1848) [/home/runner/work/trading-bot-c-/trading-bot-c-/src/BotCore/BotCore.csproj]
/home/runner/work/trading-bot-c-/trading-bot-c-/src/BotCore/CriticalSystemComponents.cs(490,17): error CA1848: For improved performance, use the LoggerMessage delegates instead of calling 'LoggerExtensions.LogError(ILogger, Exception?, string?, params object?[])' (https://learn.microsoft.com/dotnet/fundamentals/code-analysis/quality-rules/ca1848) [/home/runner/work/trading-bot-c-/trading-bot-c-/src/BotCore/BotCore.csproj]
/home/runner/work/trading-bot-c-/trading-bot-c-/src/BotCore/CriticalSystemComponents.cs(482,17): error CA1849: 'SQLiteCommand.ExecuteNonQuery()' synchronously blocks. Await 'DbCommand.ExecuteNonQueryAsync()' instead. (https://learn.microsoft.com/dotnet/fundamentals/code-analysis/quality-rules/ca1849) [/home/runner/work/trading-bot-c-/trading-bot-c-/src/BotCore/BotCore.csproj]
/home/runner/work/trading-bot-c-/trading-bot-c-/src/BotCore/CriticalSystemComponents.cs(504,38): error CA2234: Modify 'ExecutionVerificationSystem.QueryOrderStatus(string)' to call 'HttpClient.GetAsync(Uri)' instead of 'HttpClient.GetAsync(string)' (https://learn.microsoft.com/dotnet/fundamentals/code-analysis/quality-rules/ca2234) [/home/runner/work/trading-bot-c-/trading-bot-c-/src/BotCore/BotCore.csproj]
/home/runner/work/trading-bot-c-/trading-bot-c-/src/BotCore/CriticalSystemComponents.cs(513,25): error CA1848: For improved performance, use the LoggerMessage delegates instead of calling 'LoggerExtensions.LogInformation(ILogger, string?, params object?[])' (https://learn.microsoft.com/dotnet/fundamentals/code-analysis/quality-rules/ca1848) [/home/runner/work/trading-bot-c-/trading-bot-c-/src/BotCore/BotCore.csproj]
/home/runner/work/trading-bot-c-/trading-bot-c-/src/BotCore/CriticalSystemComponents.cs(519,21): error CA1848: For improved performance, use the LoggerMessage delegates instead of calling 'LoggerExtensions.LogWarning(ILogger, string?, params object?[])' (https://learn.microsoft.com/dotnet/fundamentals/code-analysis/quality-rules/ca1848) [/home/runner/work/trading-bot-c-/trading-bot-c-/src/BotCore/BotCore.csproj]
/home/runner/work/trading-bot-c-/trading-bot-c-/src/BotCore/CriticalSystemComponents.cs(524,17): error CA1848: For improved performance, use the LoggerMessage delegates instead of calling 'LoggerExtensions.LogError(ILogger, Exception?, string?, params object?[])' (https://learn.microsoft.com/dotnet/fundamentals/code-analysis/quality-rules/ca1848) [/home/runner/work/trading-bot-c-/trading-bot-c-/src/BotCore/BotCore.csproj]
/home/runner/work/trading-bot-c-/trading-bot-c-/src/BotCore/CriticalSystemComponents.cs(528,17): error CA1848: For improved performance, use the LoggerMessage delegates instead of calling 'LoggerExtensions.LogError(ILogger, Exception?, string?, params object?[])' (https://learn.microsoft.com/dotnet/fundamentals/code-analysis/quality-rules/ca1848) [/home/runner/work/trading-bot-c-/trading-bot-c-/src/BotCore/BotCore.csproj]
/home/runner/work/trading-bot-c-/trading-bot-c-/src/BotCore/CriticalSystemComponents.cs(532,17): error CA1848: For improved performance, use the LoggerMessage delegates instead of calling 'LoggerExtensions.LogError(ILogger, Exception?, string?, params object?[])' (https://learn.microsoft.com/dotnet/fundamentals/code-analysis/quality-rules/ca1848) [/home/runner/work/trading-bot-c-/trading-bot-c-/src/BotCore/BotCore.csproj]
/home/runner/work/trading-bot-c-/trading-bot-c-/src/BotCore/StrategyDsl/ExpressionEvaluator.cs(88,13): error CA1848: For improved performance, use the LoggerMessage delegates instead of calling 'LoggerExtensions.LogWarning(ILogger, Exception?, string?, params object?[])' (https://learn.microsoft.com/dotnet/fundamentals/code-analysis/quality-rules/ca1848) [/home/runner/work/trading-bot-c-/trading-bot-c-/src/BotCore/BotCore.csproj]
/home/runner/work/trading-bot-c-/trading-bot-c-/src/BotCore/StrategyDsl/ExpressionEvaluator.cs(93,13): error CA1848: For improved performance, use the LoggerMessage delegates instead of calling 'LoggerExtensions.LogWarning(ILogger, Exception?, string?, params object?[])' (https://learn.microsoft.com/dotnet/fundamentals/code-analysis/quality-rules/ca1848) [/home/runner/work/trading-bot-c-/trading-bot-c-/src/BotCore/BotCore.csproj]
/home/runner/work/trading-bot-c-/trading-bot-c-/src/BotCore/StrategyDsl/ExpressionEvaluator.cs(98,13): error CA1848: For improved performance, use the LoggerMessage delegates instead of calling 'LoggerExtensions.LogWarning(ILogger, Exception?, string?, params object?[])' (https://learn.microsoft.com/dotnet/fundamentals/code-analysis/quality-rules/ca1848) [/home/runner/work/trading-bot-c-/trading-bot-c-/src/BotCore/BotCore.csproj]
/home/runner/work/trading-bot-c-/trading-bot-c-/src/BotCore/StrategyDsl/ExpressionEvaluator.cs(103,13): error CA1848: For improved performance, use the LoggerMessage delegates instead of calling 'LoggerExtensions.LogWarning(ILogger, Exception?, string?, params object?[])' (https://learn.microsoft.com/dotnet/fundamentals/code-analysis/quality-rules/ca1848) [/home/runner/work/trading-bot-c-/trading-bot-c-/src/BotCore/BotCore.csproj]
/home/runner/work/trading-bot-c-/trading-bot-c-/src/BotCore/Services/ZoneAwareBracketManager.cs(71,17): error CA1848: For improved performance, use the LoggerMessage delegates instead of calling 'LoggerExtensions.LogError(ILogger, Exception?, string?, params object?[])' (https://learn.microsoft.com/dotnet/fundamentals/code-analysis/quality-rules/ca1848) [/home/runner/work/trading-bot-c-/trading-bot-c-/src/BotCore/BotCore.csproj]
/home/runner/work/trading-bot-c-/trading-bot-c-/src/BotCore/Services/ZoneAwareBracketManager.cs(76,17): error CA1848: For improved performance, use the LoggerMessage delegates instead of calling 'LoggerExtensions.LogError(ILogger, Exception?, string?, params object?[])' (https://learn.microsoft.com/dotnet/fundamentals/code-analysis/quality-rules/ca1848) [/home/runner/work/trading-bot-c-/trading-bot-c-/src/BotCore/BotCore.csproj]
/home/runner/work/trading-bot-c-/trading-bot-c-/src/BotCore/StrategyDsl/FeatureBusMapper.cs(187,9): error CA1848: For improved performance, use the LoggerMessage delegates instead of calling 'LoggerExtensions.LogDebug(ILogger, string?, params object?[])' (https://learn.microsoft.com/dotnet/fundamentals/code-analysis/quality-rules/ca1848) [/home/runner/work/trading-bot-c-/trading-bot-c-/src/BotCore/BotCore.csproj]
/home/runner/work/trading-bot-c-/trading-bot-c-/src/BotCore/Services/UnifiedModelPathResolver.cs(60,9): error CA1848: For improved performance, use the LoggerMessage delegates instead of calling 'LoggerExtensions.LogInformation(ILogger, string?, params object?[])' (https://learn.microsoft.com/dotnet/fundamentals/code-analysis/quality-rules/ca1848) [/home/runner/work/trading-bot-c-/trading-bot-c-/src/BotCore/BotCore.csproj]
/home/runner/work/trading-bot-c-/trading-bot-c-/src/BotCore/Services/ZoneAwareBracketManager.cs(97,110): error S1172: Remove this unused method parameter 'atr'. (https://rules.sonarsource.com/csharp/RSPEC-1172) [/home/runner/work/trading-bot-c-/trading-bot-c-/src/BotCore/BotCore.csproj]
/home/runner/work/trading-bot-c-/trading-bot-c-/src/BotCore/Services/TradingReadinessTracker.cs(46,17): error CA1848: For improved performance, use the LoggerMessage delegates instead of calling 'LoggerExtensions.LogDebug(ILogger, string?, params object?[])' (https://learn.microsoft.com/dotnet/fundamentals/code-analysis/quality-rules/ca1848) [/home/runner/work/trading-bot-c-/trading-bot-c-/src/BotCore/BotCore.csproj]
/home/runner/work/trading-bot-c-/trading-bot-c-/src/BotCore/Services/UnifiedPositionManagementService.cs(224,16): error S1541: The Cyclomatic Complexity of this constructor is 25 which is greater than 10 authorized. (https://rules.sonarsource.com/csharp/RSPEC-1541) [/home/runner/work/trading-bot-c-/trading-bot-c-/src/BotCore/BotCore.csproj]
/home/runner/work/trading-bot-c-/trading-bot-c-/src/BotCore/Services/ZoneAwareBracketManager.cs(129,17): error CA1848: For improved performance, use the LoggerMessage delegates instead of calling 'LoggerExtensions.LogDebug(ILogger, string?, params object?[])' (https://learn.microsoft.com/dotnet/fundamentals/code-analysis/quality-rules/ca1848) [/home/runner/work/trading-bot-c-/trading-bot-c-/src/BotCore/BotCore.csproj]
/home/runner/work/trading-bot-c-/trading-bot-c-/src/BotCore/Services/ZoneAwareBracketManager.cs(156,17): error CA1848: For improved performance, use the LoggerMessage delegates instead of calling 'LoggerExtensions.LogDebug(ILogger, string?, params object?[])' (https://learn.microsoft.com/dotnet/fundamentals/code-analysis/quality-rules/ca1848) [/home/runner/work/trading-bot-c-/trading-bot-c-/src/BotCore/BotCore.csproj]
/home/runner/work/trading-bot-c-/trading-bot-c-/src/BotCore/Services/UnifiedDecisionRouter.cs(113,17): error CA1848: For improved performance, use the LoggerMessage delegates instead of calling 'LoggerExtensions.LogInformation(ILogger, string?, params object?[])' (https://learn.microsoft.com/dotnet/fundamentals/code-analysis/quality-rules/ca1848) [/home/runner/work/trading-bot-c-/trading-bot-c-/src/BotCore/BotCore.csproj]
/home/runner/work/trading-bot-c-/trading-bot-c-/src/BotCore/Services/UnifiedDecisionRouter.cs(118,13): error CA1848: For improved performance, use the LoggerMessage delegates instead of calling 'LoggerExtensions.LogWarning(ILogger, Exception?, string?, params object?[])' (https://learn.microsoft.com/dotnet/fundamentals/code-analysis/quality-rules/ca1848) [/home/runner/work/trading-bot-c-/trading-bot-c-/src/BotCore/BotCore.csproj]
/home/runner/work/trading-bot-c-/trading-bot-c-/src/BotCore/Services/UnifiedDecisionRouter.cs(125,9): error CA1848: For improved performance, use the LoggerMessage delegates instead of calling 'LoggerExtensions.LogInformation(ILogger, string?, params object?[])' (https://learn.microsoft.com/dotnet/fundamentals/code-analysis/quality-rules/ca1848) [/home/runner/work/trading-bot-c-/trading-bot-c-/src/BotCore/BotCore.csproj]
/home/runner/work/trading-bot-c-/trading-bot-c-/src/BotCore/Services/UnifiedDecisionRouter.cs(126,9): error CA1848: For improved performance, use the LoggerMessage delegates instead of calling 'LoggerExtensions.LogInformation(ILogger, string?, params object?[])' (https://learn.microsoft.com/dotnet/fundamentals/code-analysis/quality-rules/ca1848) [/home/runner/work/trading-bot-c-/trading-bot-c-/src/BotCore/BotCore.csproj]
/home/runner/work/trading-bot-c-/trading-bot-c-/src/BotCore/Services/UnifiedPositionManagementService.cs(240,17): error CA1848: For improved performance, use the LoggerMessage delegates instead of calling 'LoggerExtensions.LogInformation(ILogger, string?, params object?[])' (https://learn.microsoft.com/dotnet/fundamentals/code-analysis/quality-rules/ca1848) [/home/runner/work/trading-bot-c-/trading-bot-c-/src/BotCore/BotCore.csproj]
/home/runner/work/trading-bot-c-/trading-bot-c-/src/BotCore/Services/UnifiedPositionManagementService.cs(250,17): error CA1848: For improved performance, use the LoggerMessage delegates instead of calling 'LoggerExtensions.LogInformation(ILogger, string?, params object?[])' (https://learn.microsoft.com/dotnet/fundamentals/code-analysis/quality-rules/ca1848) [/home/runner/work/trading-bot-c-/trading-bot-c-/src/BotCore/BotCore.csproj]
/home/runner/work/trading-bot-c-/trading-bot-c-/src/BotCore/Services/UnifiedPositionManagementService.cs(260,17): error CA1848: For improved performance, use the LoggerMessage delegates instead of calling 'LoggerExtensions.LogInformation(ILogger, string?, params object?[])' (https://learn.microsoft.com/dotnet/fundamentals/code-analysis/quality-rules/ca1848) [/home/runner/work/trading-bot-c-/trading-bot-c-/src/BotCore/BotCore.csproj]
/home/runner/work/trading-bot-c-/trading-bot-c-/src/BotCore/Services/UnifiedPositionManagementService.cs(271,17): error CA1848: For improved performance, use the LoggerMessage delegates instead of calling 'LoggerExtensions.LogInformation(ILogger, string?, params object?[])' (https://learn.microsoft.com/dotnet/fundamentals/code-analysis/quality-rules/ca1848) [/home/runner/work/trading-bot-c-/trading-bot-c-/src/BotCore/BotCore.csproj]
/home/runner/work/trading-bot-c-/trading-bot-c-/src/BotCore/Services/UnifiedPositionManagementService.cs(284,17): error CA1848: For improved performance, use the LoggerMessage delegates instead of calling 'LoggerExtensions.LogInformation(ILogger, string?, params object?[])' (https://learn.microsoft.com/dotnet/fundamentals/code-analysis/quality-rules/ca1848) [/home/runner/work/trading-bot-c-/trading-bot-c-/src/BotCore/BotCore.csproj]
/home/runner/work/trading-bot-c-/trading-bot-c-/src/BotCore/Services/UnifiedPositionManagementService.cs(294,17): error CA1848: For improved performance, use the LoggerMessage delegates instead of calling 'LoggerExtensions.LogInformation(ILogger, string?, params object?[])' (https://learn.microsoft.com/dotnet/fundamentals/code-analysis/quality-rules/ca1848) [/home/runner/work/trading-bot-c-/trading-bot-c-/src/BotCore/BotCore.csproj]
/home/runner/work/trading-bot-c-/trading-bot-c-/src/BotCore/Services/UnifiedPositionManagementService.cs(301,13): error CA1848: For improved performance, use the LoggerMessage delegates instead of calling 'LoggerExtensions.LogInformation(ILogger, string?, params object?[])' (https://learn.microsoft.com/dotnet/fundamentals/code-analysis/quality-rules/ca1848) [/home/runner/work/trading-bot-c-/trading-bot-c-/src/BotCore/BotCore.csproj]
/home/runner/work/trading-bot-c-/trading-bot-c-/src/BotCore/Services/UnifiedPositionManagementService.cs(311,21): error CA1848: For improved performance, use the LoggerMessage delegates instead of calling 'LoggerExtensions.LogError(ILogger, Exception?, string?, params object?[])' (https://learn.microsoft.com/dotnet/fundamentals/code-analysis/quality-rules/ca1848) [/home/runner/work/trading-bot-c-/trading-bot-c-/src/BotCore/BotCore.csproj]
/home/runner/work/trading-bot-c-/trading-bot-c-/src/BotCore/Services/UnifiedPositionManagementService.cs(317,13): error CA1848: For improved performance, use the LoggerMessage delegates instead of calling 'LoggerExtensions.LogInformation(ILogger, string?, params object?[])' (https://learn.microsoft.com/dotnet/fundamentals/code-analysis/quality-rules/ca1848) [/home/runner/work/trading-bot-c-/trading-bot-c-/src/BotCore/BotCore.csproj]
/home/runner/work/trading-bot-c-/trading-bot-c-/src/BotCore/Services/UnifiedPositionManagementService.cs(309,17): error CA1031: Modify 'ExecuteAsync' to catch a more specific allowed exception type, or rethrow the exception (https://learn.microsoft.com/dotnet/fundamentals/code-analysis/quality-rules/ca1031) [/home/runner/work/trading-bot-c-/trading-bot-c-/src/BotCore/BotCore.csproj]
/home/runner/work/trading-bot-c-/trading-bot-c-/src/BotCore/Services/WalkForwardValidationService.cs(84,17): error CA1848: For improved performance, use the LoggerMessage delegates instead of calling 'LoggerExtensions.LogInformation(ILogger, string?, params object?[])' (https://learn.microsoft.com/dotnet/fundamentals/code-analysis/quality-rules/ca1848) [/home/runner/work/trading-bot-c-/trading-bot-c-/src/BotCore/BotCore.csproj]
/home/runner/work/trading-bot-c-/trading-bot-c-/src/BotCore/Services/WalkForwardValidationService.cs(100,17): error CA1848: For improved performance, use the LoggerMessage delegates instead of calling 'LoggerExtensions.LogInformation(ILogger, string?, params object?[])' (https://learn.microsoft.com/dotnet/fundamentals/code-analysis/quality-rules/ca1848) [/home/runner/work/trading-bot-c-/trading-bot-c-/src/BotCore/BotCore.csproj]
/home/runner/work/trading-bot-c-/trading-bot-c-/src/BotCore/Services/WalkForwardValidationService.cs(130,17): error CA1848: For improved performance, use the LoggerMessage delegates instead of calling 'LoggerExtensions.LogInformation(ILogger, string?, params object?[])' (https://learn.microsoft.com/dotnet/fundamentals/code-analysis/quality-rules/ca1848) [/home/runner/work/trading-bot-c-/trading-bot-c-/src/BotCore/BotCore.csproj]
/home/runner/work/trading-bot-c-/trading-bot-c-/src/BotCore/Services/WalkForwardValidationService.cs(137,17): error CA1848: For improved performance, use the LoggerMessage delegates instead of calling 'LoggerExtensions.LogError(ILogger, Exception?, string?, params object?[])' (https://learn.microsoft.com/dotnet/fundamentals/code-analysis/quality-rules/ca1848) [/home/runner/work/trading-bot-c-/trading-bot-c-/src/BotCore/BotCore.csproj]
/home/runner/work/trading-bot-c-/trading-bot-c-/src/BotCore/Services/ZoneAwareBracketManager.cs(187,13): error CA1848: For improved performance, use the LoggerMessage delegates instead of calling 'LoggerExtensions.LogDebug(ILogger, string?, params object?[])' (https://learn.microsoft.com/dotnet/fundamentals/code-analysis/quality-rules/ca1848) [/home/runner/work/trading-bot-c-/trading-bot-c-/src/BotCore/BotCore.csproj]
/home/runner/work/trading-bot-c-/trading-bot-c-/src/BotCore/Services/TradingReadinessTracker.cs(58,17): error CA1848: For improved performance, use the LoggerMessage delegates instead of calling 'LoggerExtensions.LogDebug(ILogger, string?, params object?[])' (https://learn.microsoft.com/dotnet/fundamentals/code-analysis/quality-rules/ca1848) [/home/runner/work/trading-bot-c-/trading-bot-c-/src/BotCore/BotCore.csproj]
/home/runner/work/trading-bot-c-/trading-bot-c-/src/BotCore/Services/TradingReadinessTracker.cs(71,17): error CA1848: For improved performance, use the LoggerMessage delegates instead of calling 'LoggerExtensions.LogDebug(ILogger, string?, params object?[])' (https://learn.microsoft.com/dotnet/fundamentals/code-analysis/quality-rules/ca1848) [/home/runner/work/trading-bot-c-/trading-bot-c-/src/BotCore/BotCore.csproj]
/home/runner/work/trading-bot-c-/trading-bot-c-/src/BotCore/Services/TradingSystemBarConsumer.cs(90,17): error CA1848: For improved performance, use the LoggerMessage delegates instead of calling 'LoggerExtensions.LogError(ILogger, Exception?, string?, params object?[])' (https://learn.microsoft.com/dotnet/fundamentals/code-analysis/quality-rules/ca1848) [/home/runner/work/trading-bot-c-/trading-bot-c-/src/BotCore/BotCore.csproj]
/home/runner/work/trading-bot-c-/trading-bot-c-/src/BotCore/Services/TradingSystemBarConsumer.cs(88,13): error CA1031: Modify 'ConsumeHistoricalBars' to catch a more specific allowed exception type, or rethrow the exception (https://learn.microsoft.com/dotnet/fundamentals/code-analysis/quality-rules/ca1031) [/home/runner/work/trading-bot-c-/trading-bot-c-/src/BotCore/BotCore.csproj]
/home/runner/work/trading-bot-c-/trading-bot-c-/src/BotCore/Services/UnifiedModelPathResolver.cs(67,34): error S138: This method 'ResolveModelPath' has 104 lines, which is greater than the 80 lines authorized. Split it into smaller methods. (https://rules.sonarsource.com/csharp/RSPEC-138) [/home/runner/work/trading-bot-c-/trading-bot-c-/src/BotCore/BotCore.csproj]
/home/runner/work/trading-bot-c-/trading-bot-c-/src/BotCore/Services/UnifiedModelPathResolver.cs(71,13): error CA1848: For improved performance, use the LoggerMessage delegates instead of calling 'LoggerExtensions.LogDebug(ILogger, string?, params object?[])' (https://learn.microsoft.com/dotnet/fundamentals/code-analysis/quality-rules/ca1848) [/home/runner/work/trading-bot-c-/trading-bot-c-/src/BotCore/BotCore.csproj]
/home/runner/work/trading-bot-c-/trading-bot-c-/src/BotCore/Services/UnifiedModelPathResolver.cs(80,25): error CA1848: For improved performance, use the LoggerMessage delegates instead of calling 'LoggerExtensions.LogTrace(ILogger, string?, params object?[])' (https://learn.microsoft.com/dotnet/fundamentals/code-analysis/quality-rules/ca1848) [/home/runner/work/trading-bot-c-/trading-bot-c-/src/BotCore/BotCore.csproj]
/home/runner/work/trading-bot-c-/trading-bot-c-/src/BotCore/Services/UnifiedModelPathResolver.cs(94,17): error CA1848: For improved performance, use the LoggerMessage delegates instead of calling 'LoggerExtensions.LogWarning(ILogger, string?, params object?[])' (https://learn.microsoft.com/dotnet/fundamentals/code-analysis/quality-rules/ca1848) [/home/runner/work/trading-bot-c-/trading-bot-c-/src/BotCore/BotCore.csproj]
/home/runner/work/trading-bot-c-/trading-bot-c-/src/BotCore/Services/UnifiedModelPathResolver.cs(117,21): error CA1848: For improved performance, use the LoggerMessage delegates instead of calling 'LoggerExtensions.LogInformation(ILogger, string?, params object?[])' (https://learn.microsoft.com/dotnet/fundamentals/code-analysis/quality-rules/ca1848) [/home/runner/work/trading-bot-c-/trading-bot-c-/src/BotCore/BotCore.csproj]
/home/runner/work/trading-bot-c-/trading-bot-c-/src/BotCore/Services/UnifiedModelPathResolver.cs(133,21): error CA1848: For improved performance, use the LoggerMessage delegates instead of calling 'LoggerExtensions.LogTrace(ILogger, string?, params object?[])' (https://learn.microsoft.com/dotnet/fundamentals/code-analysis/quality-rules/ca1848) [/home/runner/work/trading-bot-c-/trading-bot-c-/src/BotCore/BotCore.csproj]
/home/runner/work/trading-bot-c-/trading-bot-c-/src/BotCore/Services/UnifiedModelPathResolver.cs(140,17): error CA1848: For improved performance, use the LoggerMessage delegates instead of calling 'LoggerExtensions.LogWarning(ILogger, string?, params object?[])' (https://learn.microsoft.com/dotnet/fundamentals/code-analysis/quality-rules/ca1848) [/home/runner/work/trading-bot-c-/trading-bot-c-/src/BotCore/BotCore.csproj]
/home/runner/work/trading-bot-c-/trading-bot-c-/src/BotCore/Services/UnifiedModelPathResolver.cs(172,13): error CA1848: For improved performance, use the LoggerMessage delegates instead of calling 'LoggerExtensions.LogError(ILogger, Exception?, string?, params object?[])' (https://learn.microsoft.com/dotnet/fundamentals/code-analysis/quality-rules/ca1848) [/home/runner/work/trading-bot-c-/trading-bot-c-/src/BotCore/BotCore.csproj]
/home/runner/work/trading-bot-c-/trading-bot-c-/src/BotCore/Services/UnifiedModelPathResolver.cs(184,13): error CA1848: For improved performance, use the LoggerMessage delegates instead of calling 'LoggerExtensions.LogError(ILogger, Exception?, string?, params object?[])' (https://learn.microsoft.com/dotnet/fundamentals/code-analysis/quality-rules/ca1848) [/home/runner/work/trading-bot-c-/trading-bot-c-/src/BotCore/BotCore.csproj]
/home/runner/work/trading-bot-c-/trading-bot-c-/src/BotCore/StrategyDsl/ExpressionEvaluator.cs(161,17): error CA1848: For improved performance, use the LoggerMessage delegates instead of calling 'LoggerExtensions.LogError(ILogger, Exception?, string?, params object?[])' (https://learn.microsoft.com/dotnet/fundamentals/code-analysis/quality-rules/ca1848) [/home/runner/work/trading-bot-c-/trading-bot-c-/src/BotCore/BotCore.csproj]
/home/runner/work/trading-bot-c-/trading-bot-c-/src/BotCore/StrategyDsl/ExpressionEvaluator.cs(166,17): error CA1848: For improved performance, use the LoggerMessage delegates instead of calling 'LoggerExtensions.LogError(ILogger, Exception?, string?, params object?[])' (https://learn.microsoft.com/dotnet/fundamentals/code-analysis/quality-rules/ca1848) [/home/runner/work/trading-bot-c-/trading-bot-c-/src/BotCore/BotCore.csproj]
/home/runner/work/trading-bot-c-/trading-bot-c-/src/BotCore/StrategyDsl/ExpressionEvaluator.cs(171,17): error CA1848: For improved performance, use the LoggerMessage delegates instead of calling 'LoggerExtensions.LogError(ILogger, Exception?, string?, params object?[])' (https://learn.microsoft.com/dotnet/fundamentals/code-analysis/quality-rules/ca1848) [/home/runner/work/trading-bot-c-/trading-bot-c-/src/BotCore/BotCore.csproj]
/home/runner/work/trading-bot-c-/trading-bot-c-/src/BotCore/StrategyDsl/ExpressionEvaluator.cs(176,17): error CA1848: For improved performance, use the LoggerMessage delegates instead of calling 'LoggerExtensions.LogError(ILogger, Exception?, string?, params object?[])' (https://learn.microsoft.com/dotnet/fundamentals/code-analysis/quality-rules/ca1848) [/home/runner/work/trading-bot-c-/trading-bot-c-/src/BotCore/BotCore.csproj]
/home/runner/work/trading-bot-c-/trading-bot-c-/src/BotCore/StrategyDsl/FeatureBusMapper.cs(305,9): error CA1848: For improved performance, use the LoggerMessage delegates instead of calling 'LoggerExtensions.LogDebug(ILogger, string?, params object?[])' (https://learn.microsoft.com/dotnet/fundamentals/code-analysis/quality-rules/ca1848) [/home/runner/work/trading-bot-c-/trading-bot-c-/src/BotCore/BotCore.csproj]
/home/runner/work/trading-bot-c-/trading-bot-c-/src/BotCore/Services/UnifiedPositionManagementService.cs(324,21): error S138: This method 'RegisterPosition' has 97 lines, which is greater than the 80 lines authorized. Split it into smaller methods. (https://rules.sonarsource.com/csharp/RSPEC-138) [/home/runner/work/trading-bot-c-/trading-bot-c-/src/BotCore/BotCore.csproj]
/home/runner/work/trading-bot-c-/trading-bot-c-/src/BotCore/Services/TradingReadinessTracker.cs(144,17): error CA1848: For improved performance, use the LoggerMessage delegates instead of calling 'LoggerExtensions.LogInformation(ILogger, string?, params object?[])' (https://learn.microsoft.com/dotnet/fundamentals/code-analysis/quality-rules/ca1848) [/home/runner/work/trading-bot-c-/trading-bot-c-/src/BotCore/BotCore.csproj]
/home/runner/work/trading-bot-c-/trading-bot-c-/src/BotCore/Services/UnifiedPositionManagementService.cs(349,17): error CA1848: For improved performance, use the LoggerMessage delegates instead of calling 'LoggerExtensions.LogInformation(ILogger, string?, params object?[])' (https://learn.microsoft.com/dotnet/fundamentals/code-analysis/quality-rules/ca1848) [/home/runner/work/trading-bot-c-/trading-bot-c-/src/BotCore/BotCore.csproj]
/home/runner/work/trading-bot-c-/trading-bot-c-/src/BotCore/Services/UnifiedPositionManagementService.cs(380,21): error CA1848: For improved performance, use the LoggerMessage delegates instead of calling 'LoggerExtensions.LogDebug(ILogger, Exception?, string?, params object?[])' (https://learn.microsoft.com/dotnet/fundamentals/code-analysis/quality-rules/ca1848) [/home/runner/work/trading-bot-c-/trading-bot-c-/src/BotCore/BotCore.csproj]
/home/runner/work/trading-bot-c-/trading-bot-c-/src/BotCore/Services/UnifiedPositionManagementService.cs(402,17): error CA1848: For improved performance, use the LoggerMessage delegates instead of calling 'LoggerExtensions.LogWarning(ILogger, Exception?, string?, params object?[])' (https://learn.microsoft.com/dotnet/fundamentals/code-analysis/quality-rules/ca1848) [/home/runner/work/trading-bot-c-/trading-bot-c-/src/BotCore/BotCore.csproj]
/home/runner/work/trading-bot-c-/trading-bot-c-/src/BotCore/Services/UnifiedPositionManagementService.cs(439,17): error CA1848: For improved performance, use the LoggerMessage delegates instead of calling 'LoggerExtensions.LogInformation(ILogger, string?, params object?[])' (https://learn.microsoft.com/dotnet/fundamentals/code-analysis/quality-rules/ca1848) [/home/runner/work/trading-bot-c-/trading-bot-c-/src/BotCore/BotCore.csproj]
/home/runner/work/trading-bot-c-/trading-bot-c-/src/BotCore/Services/UnifiedPositionManagementService.cs(445,17): error CA1848: For improved performance, use the LoggerMessage delegates instead of calling 'LoggerExtensions.LogInformation(ILogger, string?, params object?[])' (https://learn.microsoft.com/dotnet/fundamentals/code-analysis/quality-rules/ca1848) [/home/runner/work/trading-bot-c-/trading-bot-c-/src/BotCore/BotCore.csproj]
/home/runner/work/trading-bot-c-/trading-bot-c-/src/BotCore/Services/UnifiedPositionManagementService.cs(377,17): error CA1031: Modify 'RegisterPosition' to catch a more specific allowed exception type, or rethrow the exception (https://learn.microsoft.com/dotnet/fundamentals/code-analysis/quality-rules/ca1031) [/home/runner/work/trading-bot-c-/trading-bot-c-/src/BotCore/BotCore.csproj]
/home/runner/work/trading-bot-c-/trading-bot-c-/src/BotCore/Services/UnifiedPositionManagementService.cs(400,13): error CA1031: Modify 'RegisterPosition' to catch a more specific allowed exception type, or rethrow the exception (https://learn.microsoft.com/dotnet/fundamentals/code-analysis/quality-rules/ca1031) [/home/runner/work/trading-bot-c-/trading-bot-c-/src/BotCore/BotCore.csproj]
/home/runner/work/trading-bot-c-/trading-bot-c-/src/BotCore/StrategyDsl/FeatureBusMapper.cs(326,28): error S1541: The Cyclomatic Complexity of this method is 14 which is greater than 10 authorized. (https://rules.sonarsource.com/csharp/RSPEC-1541) [/home/runner/work/trading-bot-c-/trading-bot-c-/src/BotCore/BotCore.csproj]
/home/runner/work/trading-bot-c-/trading-bot-c-/src/BotCore/Services/TradingSystemBarConsumer.cs(103,21): error CA1848: For improved performance, use the LoggerMessage delegates instead of calling 'LoggerExtensions.LogInformation(ILogger, string?, params object?[])' (https://learn.microsoft.com/dotnet/fundamentals/code-analysis/quality-rules/ca1848) [/home/runner/work/trading-bot-c-/trading-bot-c-/src/BotCore/BotCore.csproj]
/home/runner/work/trading-bot-c-/trading-bot-c-/src/BotCore/Services/TradingSystemBarConsumer.cs(107,21): error CA1848: For improved performance, use the LoggerMessage delegates instead of calling 'LoggerExtensions.LogWarning(ILogger, string?, params object?[])' (https://learn.microsoft.com/dotnet/fundamentals/code-analysis/quality-rules/ca1848) [/home/runner/work/trading-bot-c-/trading-bot-c-/src/BotCore/BotCore.csproj]
/home/runner/work/trading-bot-c-/trading-bot-c-/src/BotCore/Services/TradingSystemBarConsumer.cs(129,21): error CA1848: For improved performance, use the LoggerMessage delegates instead of calling 'LoggerExtensions.LogDebug(ILogger, string?, params object?[])' (https://learn.microsoft.com/dotnet/fundamentals/code-analysis/quality-rules/ca1848) [/home/runner/work/trading-bot-c-/trading-bot-c-/src/BotCore/BotCore.csproj]
/home/runner/work/trading-bot-c-/trading-bot-c-/src/BotCore/Services/TradingSystemBarConsumer.cs(146,21): error CA1848: For improved performance, use the LoggerMessage delegates instead of calling 'LoggerExtensions.LogDebug(ILogger, string?, params object?[])' (https://learn.microsoft.com/dotnet/fundamentals/code-analysis/quality-rules/ca1848) [/home/runner/work/trading-bot-c-/trading-bot-c-/src/BotCore/BotCore.csproj]
/home/runner/work/trading-bot-c-/trading-bot-c-/src/BotCore/Services/TradingSystemBarConsumer.cs(151,17): error CA1848: For improved performance, use the LoggerMessage delegates instead of calling 'LoggerExtensions.LogWarning(ILogger, Exception?, string?, params object?[])' (https://learn.microsoft.com/dotnet/fundamentals/code-analysis/quality-rules/ca1848) [/home/runner/work/trading-bot-c-/trading-bot-c-/src/BotCore/BotCore.csproj]
/home/runner/work/trading-bot-c-/trading-bot-c-/src/BotCore/Services/TradingReadinessTracker.cs(155,17): error CA1848: For improved performance, use the LoggerMessage delegates instead of calling 'LoggerExtensions.LogInformation(ILogger, string?, params object?[])' (https://learn.microsoft.com/dotnet/fundamentals/code-analysis/quality-rules/ca1848) [/home/runner/work/trading-bot-c-/trading-bot-c-/src/BotCore/BotCore.csproj]
/home/runner/work/trading-bot-c-/trading-bot-c-/src/BotCore/Services/TradingReadinessTracker.cs(169,17): error CA1848: For improved performance, use the LoggerMessage delegates instead of calling 'LoggerExtensions.LogInformation(ILogger, string?, params object?[])' (https://learn.microsoft.com/dotnet/fundamentals/code-analysis/quality-rules/ca1848) [/home/runner/work/trading-bot-c-/trading-bot-c-/src/BotCore/BotCore.csproj]
/home/runner/work/trading-bot-c-/trading-bot-c-/src/BotCore/Services/UnifiedPositionManagementService.cs(460,17): error CA1848: For improved performance, use the LoggerMessage delegates instead of calling 'LoggerExtensions.LogInformation(ILogger, string?, params object?[])' (https://learn.microsoft.com/dotnet/fundamentals/code-analysis/quality-rules/ca1848) [/home/runner/work/trading-bot-c-/trading-bot-c-/src/BotCore/BotCore.csproj]
/home/runner/work/trading-bot-c-/trading-bot-c-/src/BotCore/Services/TradingSystemBarConsumer.cs(149,13): error CA1031: Modify 'FeedToBarAggregators' to catch a more specific allowed exception type, or rethrow the exception (https://learn.microsoft.com/dotnet/fundamentals/code-analysis/quality-rules/ca1031) [/home/runner/work/trading-bot-c-/trading-bot-c-/src/BotCore/BotCore.csproj]
/home/runner/work/trading-bot-c-/trading-bot-c-/src/BotCore/Services/WalkForwardValidationService.cs(190,25): error CA1848: For improved performance, use the LoggerMessage delegates instead of calling 'LoggerExtensions.LogWarning(ILogger, string?, params object?[])' (https://learn.microsoft.com/dotnet/fundamentals/code-analysis/quality-rules/ca1848) [/home/runner/work/trading-bot-c-/trading-bot-c-/src/BotCore/BotCore.csproj]
/home/runner/work/trading-bot-c-/trading-bot-c-/src/BotCore/Services/WalkForwardValidationService.cs(195,17): error CA1848: For improved performance, use the LoggerMessage delegates instead of calling 'LoggerExtensions.LogInformation(ILogger, string?, params object?[])' (https://learn.microsoft.com/dotnet/fundamentals/code-analysis/quality-rules/ca1848) [/home/runner/work/trading-bot-c-/trading-bot-c-/src/BotCore/BotCore.csproj]
/home/runner/work/trading-bot-c-/trading-bot-c-/src/BotCore/Services/WalkForwardValidationService.cs(202,17): error CA1848: For improved performance, use the LoggerMessage delegates instead of calling 'LoggerExtensions.LogError(ILogger, Exception?, string?, params object?[])' (https://learn.microsoft.com/dotnet/fundamentals/code-analysis/quality-rules/ca1848) [/home/runner/work/trading-bot-c-/trading-bot-c-/src/BotCore/BotCore.csproj]
/home/runner/work/trading-bot-c-/trading-bot-c-/src/BotCore/Services/TradingSystemBarConsumer.cs(168,17): error CA1848: For improved performance, use the LoggerMessage delegates instead of calling 'LoggerExtensions.LogDebug(ILogger, string?, params object?[])' (https://learn.microsoft.com/dotnet/fundamentals/code-analysis/quality-rules/ca1848) [/home/runner/work/trading-bot-c-/trading-bot-c-/src/BotCore/BotCore.csproj]
/home/runner/work/trading-bot-c-/trading-bot-c-/src/BotCore/Services/TradingSystemBarConsumer.cs(172,17): error CA1848: For improved performance, use the LoggerMessage delegates instead of calling 'LoggerExtensions.LogWarning(ILogger, Exception?, string?, params object?[])' (https://learn.microsoft.com/dotnet/fundamentals/code-analysis/quality-rules/ca1848) [/home/runner/work/trading-bot-c-/trading-bot-c-/src/BotCore/BotCore.csproj]
/home/runner/work/trading-bot-c-/trading-bot-c-/src/BotCore/Services/TradingSystemBarConsumer.cs(170,13): error CA1031: Modify 'NotifyBarHandlers' to catch a more specific allowed exception type, or rethrow the exception (https://learn.microsoft.com/dotnet/fundamentals/code-analysis/quality-rules/ca1031) [/home/runner/work/trading-bot-c-/trading-bot-c-/src/BotCore/BotCore.csproj]
/home/runner/work/trading-bot-c-/trading-bot-c-/src/BotCore/Services/UnifiedDecisionRouter.cs(133,47): error S1541: The Cyclomatic Complexity of this method is 11 which is greater than 10 authorized. (https://rules.sonarsource.com/csharp/RSPEC-1541) [/home/runner/work/trading-bot-c-/trading-bot-c-/src/BotCore/BotCore.csproj]
/home/runner/work/trading-bot-c-/trading-bot-c-/src/BotCore/Services/UnifiedDecisionRouter.cs(143,13): error CA1848: For improved performance, use the LoggerMessage delegates instead of calling 'LoggerExtensions.LogDebug(ILogger, string?, params object?[])' (https://learn.microsoft.com/dotnet/fundamentals/code-analysis/quality-rules/ca1848) [/home/runner/work/trading-bot-c-/trading-bot-c-/src/BotCore/BotCore.csproj]
/home/runner/work/trading-bot-c-/trading-bot-c-/src/BotCore/Services/UnifiedDecisionRouter.cs(156,21): error CA1848: For improved performance, use the LoggerMessage delegates instead of calling 'LoggerExtensions.LogInformation(ILogger, string?, params object?[])' (https://learn.microsoft.com/dotnet/fundamentals/code-analysis/quality-rules/ca1848) [/home/runner/work/trading-bot-c-/trading-bot-c-/src/BotCore/BotCore.csproj]
/home/runner/work/trading-bot-c-/trading-bot-c-/src/BotCore/Services/UnifiedDecisionRouter.cs(171,17): error CA1848: For improved performance, use the LoggerMessage delegates instead of calling 'LoggerExtensions.LogInformation(ILogger, string?, params object?[])' (https://learn.microsoft.com/dotnet/fundamentals/code-analysis/quality-rules/ca1848) [/home/runner/work/trading-bot-c-/trading-bot-c-/src/BotCore/BotCore.csproj]
/home/runner/work/trading-bot-c-/trading-bot-c-/src/BotCore/Services/UnifiedDecisionRouter.cs(185,17): error CA1848: For improved performance, use the LoggerMessage delegates instead of calling 'LoggerExtensions.LogInformation(ILogger, string?, params object?[])' (https://learn.microsoft.com/dotnet/fundamentals/code-analysis/quality-rules/ca1848) [/home/runner/work/trading-bot-c-/trading-bot-c-/src/BotCore/BotCore.csproj]
/home/runner/work/trading-bot-c-/trading-bot-c-/src/BotCore/Services/UnifiedDecisionRouter.cs(199,17): error CA1848: For improved performance, use the LoggerMessage delegates instead of calling 'LoggerExtensions.LogInformation(ILogger, string?, params object?[])' (https://learn.microsoft.com/dotnet/fundamentals/code-analysis/quality-rules/ca1848) [/home/runner/work/trading-bot-c-/trading-bot-c-/src/BotCore/BotCore.csproj]
/home/runner/work/trading-bot-c-/trading-bot-c-/src/BotCore/Services/UnifiedDecisionRouter.cs(212,13): error CA1848: For improved performance, use the LoggerMessage delegates instead of calling 'LoggerExtensions.LogWarning(ILogger, string?, params object?[])' (https://learn.microsoft.com/dotnet/fundamentals/code-analysis/quality-rules/ca1848) [/home/runner/work/trading-bot-c-/trading-bot-c-/src/BotCore/BotCore.csproj]
/home/runner/work/trading-bot-c-/trading-bot-c-/src/BotCore/Services/UnifiedDecisionRouter.cs(218,13): error CA1848: For improved performance, use the LoggerMessage delegates instead of calling 'LoggerExtensions.LogError(ILogger, Exception?, string?, params object?[])' (https://learn.microsoft.com/dotnet/fundamentals/code-analysis/quality-rules/ca1848) [/home/runner/work/trading-bot-c-/trading-bot-c-/src/BotCore/BotCore.csproj]
/home/runner/work/trading-bot-c-/trading-bot-c-/src/BotCore/Services/UnifiedDecisionRouter.cs(230,13): error CA1848: For improved performance, use the LoggerMessage delegates instead of calling 'LoggerExtensions.LogError(ILogger, Exception?, string?, params object?[])' (https://learn.microsoft.com/dotnet/fundamentals/code-analysis/quality-rules/ca1848) [/home/runner/work/trading-bot-c-/trading-bot-c-/src/BotCore/BotCore.csproj]
/home/runner/work/trading-bot-c-/trading-bot-c-/src/BotCore/Services/UnifiedModelPathResolver.cs(207,17): error CA1848: For improved performance, use the LoggerMessage delegates instead of calling 'LoggerExtensions.LogWarning(ILogger, string?, params object?[])' (https://learn.microsoft.com/dotnet/fundamentals/code-analysis/quality-rules/ca1848) [/home/runner/work/trading-bot-c-/trading-bot-c-/src/BotCore/BotCore.csproj]
/home/runner/work/trading-bot-c-/trading-bot-c-/src/BotCore/Services/UnifiedModelPathResolver.cs(242,21): error CA1848: For improved performance, use the LoggerMessage delegates instead of calling 'LoggerExtensions.LogWarning(ILogger, Exception?, string?, params object?[])' (https://learn.microsoft.com/dotnet/fundamentals/code-analysis/quality-rules/ca1848) [/home/runner/work/trading-bot-c-/trading-bot-c-/src/BotCore/BotCore.csproj]
/home/runner/work/trading-bot-c-/trading-bot-c-/src/BotCore/Services/UnifiedModelPathResolver.cs(246,21): error CA1848: For improved performance, use the LoggerMessage delegates instead of calling 'LoggerExtensions.LogWarning(ILogger, Exception?, string?, params object?[])' (https://learn.microsoft.com/dotnet/fundamentals/code-analysis/quality-rules/ca1848) [/home/runner/work/trading-bot-c-/trading-bot-c-/src/BotCore/BotCore.csproj]
/home/runner/work/trading-bot-c-/trading-bot-c-/src/BotCore/Services/UnifiedModelPathResolver.cs(250,13): error CA1848: For improved performance, use the LoggerMessage delegates instead of calling 'LoggerExtensions.LogInformation(ILogger, string?, params object?[])' (https://learn.microsoft.com/dotnet/fundamentals/code-analysis/quality-rules/ca1848) [/home/runner/work/trading-bot-c-/trading-bot-c-/src/BotCore/BotCore.csproj]
/home/runner/work/trading-bot-c-/trading-bot-c-/src/BotCore/Services/UnifiedModelPathResolver.cs(255,13): error CA1848: For improved performance, use the LoggerMessage delegates instead of calling 'LoggerExtensions.LogError(ILogger, Exception?, string?, params object?[])' (https://learn.microsoft.com/dotnet/fundamentals/code-analysis/quality-rules/ca1848) [/home/runner/work/trading-bot-c-/trading-bot-c-/src/BotCore/BotCore.csproj]
/home/runner/work/trading-bot-c-/trading-bot-c-/src/BotCore/Services/UnifiedModelPathResolver.cs(259,13): error CA1848: For improved performance, use the LoggerMessage delegates instead of calling 'LoggerExtensions.LogError(ILogger, Exception?, string?, params object?[])' (https://learn.microsoft.com/dotnet/fundamentals/code-analysis/quality-rules/ca1848) [/home/runner/work/trading-bot-c-/trading-bot-c-/src/BotCore/BotCore.csproj]
/home/runner/work/trading-bot-c-/trading-bot-c-/src/BotCore/Services/TradingReadinessTracker.cs(214,17): error CA1848: For improved performance, use the LoggerMessage delegates instead of calling 'LoggerExtensions.LogInformation(ILogger, string?, params object?[])' (https://learn.microsoft.com/dotnet/fundamentals/code-analysis/quality-rules/ca1848) [/home/runner/work/trading-bot-c-/trading-bot-c-/src/BotCore/BotCore.csproj]
/home/runner/work/trading-bot-c-/trading-bot-c-/src/BotCore/Services/WalkForwardValidationService.cs(216,17): error CA1848: For improved performance, use the LoggerMessage delegates instead of calling 'LoggerExtensions.LogDebug(ILogger, string?, params object?[])' (https://learn.microsoft.com/dotnet/fundamentals/code-analysis/quality-rules/ca1848) [/home/runner/work/trading-bot-c-/trading-bot-c-/src/BotCore/BotCore.csproj]
/home/runner/work/trading-bot-c-/trading-bot-c-/src/BotCore/Services/WalkForwardValidationService.cs(227,17): error CA1848: For improved performance, use the LoggerMessage delegates instead of calling 'LoggerExtensions.LogDebug(ILogger, string?, params object?[])' (https://learn.microsoft.com/dotnet/fundamentals/code-analysis/quality-rules/ca1848) [/home/runner/work/trading-bot-c-/trading-bot-c-/src/BotCore/BotCore.csproj]
/home/runner/work/trading-bot-c-/trading-bot-c-/src/BotCore/Services/WalkForwardValidationService.cs(234,17): error CA1848: For improved performance, use the LoggerMessage delegates instead of calling 'LoggerExtensions.LogError(ILogger, Exception?, string?, params object?[])' (https://learn.microsoft.com/dotnet/fundamentals/code-analysis/quality-rules/ca1848) [/home/runner/work/trading-bot-c-/trading-bot-c-/src/BotCore/BotCore.csproj]
/home/runner/work/trading-bot-c-/trading-bot-c-/src/BotCore/Services/TopstepXHttpClient.cs(20,47): error CA1054: Change the type of parameter 'requestUri' of method 'ITopstepXHttpClient.GetAsync(string, [CancellationToken])' from 'string' to 'System.Uri', or provide an overload to 'ITopstepXHttpClient.GetAsync(string, [CancellationToken])' that allows 'requestUri' to be passed as a 'System.Uri' object (https://learn.microsoft.com/dotnet/fundamentals/code-analysis/quality-rules/ca1054) [/home/runner/work/trading-bot-c-/trading-bot-c-/src/BotCore/BotCore.csproj]
/home/runner/work/trading-bot-c-/trading-bot-c-/src/BotCore/Services/TopstepXHttpClient.cs(21,48): error CA1054: Change the type of parameter 'requestUri' of method 'ITopstepXHttpClient.PostAsync(string, HttpContent, [CancellationToken])' from 'string' to 'System.Uri', or provide an overload to 'ITopstepXHttpClient.PostAsync(string, HttpContent, [CancellationToken])' that allows 'requestUri' to be passed as a 'System.Uri' object (https://learn.microsoft.com/dotnet/fundamentals/code-analysis/quality-rules/ca1054) [/home/runner/work/trading-bot-c-/trading-bot-c-/src/BotCore/BotCore.csproj]
/home/runner/work/trading-bot-c-/trading-bot-c-/src/BotCore/Services/TopstepXHttpClient.cs(22,37): error CA1054: Change the type of parameter 'requestUri' of method 'ITopstepXHttpClient.GetJsonAsync<T>(string, [CancellationToken])' from 'string' to 'System.Uri', or provide an overload to 'ITopstepXHttpClient.GetJsonAsync<T>(string, [CancellationToken])' that allows 'requestUri' to be passed as a 'System.Uri' object (https://learn.microsoft.com/dotnet/fundamentals/code-analysis/quality-rules/ca1054) [/home/runner/work/trading-bot-c-/trading-bot-c-/src/BotCore/BotCore.csproj]
/home/runner/work/trading-bot-c-/trading-bot-c-/src/BotCore/Services/TopstepXHttpClient.cs(23,38): error CA1054: Change the type of parameter 'requestUri' of method 'ITopstepXHttpClient.PostJsonAsync<T>(string, object, [CancellationToken])' from 'string' to 'System.Uri', or provide an overload to 'ITopstepXHttpClient.PostJsonAsync<T>(string, object, [CancellationToken])' that allows 'requestUri' to be passed as a 'System.Uri' object (https://learn.microsoft.com/dotnet/fundamentals/code-analysis/quality-rules/ca1054) [/home/runner/work/trading-bot-c-/trading-bot-c-/src/BotCore/BotCore.csproj]
/home/runner/work/trading-bot-c-/trading-bot-c-/src/BotCore/Services/TradingFeedbackService.cs(57,9): error CA1848: For improved performance, use the LoggerMessage delegates instead of calling 'LoggerExtensions.LogInformation(ILogger, string?, params object?[])' (https://learn.microsoft.com/dotnet/fundamentals/code-analysis/quality-rules/ca1848) [/home/runner/work/trading-bot-c-/trading-bot-c-/src/BotCore/BotCore.csproj]
/home/runner/work/trading-bot-c-/trading-bot-c-/src/BotCore/StrategyDsl/ExpressionEvaluator.cs(262,9): error CA1848: For improved performance, use the LoggerMessage delegates instead of calling 'LoggerExtensions.LogWarning(ILogger, string?, params object?[])' (https://learn.microsoft.com/dotnet/fundamentals/code-analysis/quality-rules/ca1848) [/home/runner/work/trading-bot-c-/trading-bot-c-/src/BotCore/BotCore.csproj]
/home/runner/work/trading-bot-c-/trading-bot-c-/src/BotCore/Services/UnifiedPositionManagementService.cs(471,101): error S1172: Remove this unused method parameter 'duration'. (https://rules.sonarsource.com/csharp/RSPEC-1172) [/home/runner/work/trading-bot-c-/trading-bot-c-/src/BotCore/BotCore.csproj]
/home/runner/work/trading-bot-c-/trading-bot-c-/src/BotCore/Services/UnifiedPositionManagementService.cs(542,17): error CA1848: For improved performance, use the LoggerMessage delegates instead of calling 'LoggerExtensions.LogDebug(ILogger, string?, params object?[])' (https://learn.microsoft.com/dotnet/fundamentals/code-analysis/quality-rules/ca1848) [/home/runner/work/trading-bot-c-/trading-bot-c-/src/BotCore/BotCore.csproj]
/home/runner/work/trading-bot-c-/trading-bot-c-/src/BotCore/Services/UnifiedPositionManagementService.cs(547,17): error CA1848: For improved performance, use the LoggerMessage delegates instead of calling 'LoggerExtensions.LogWarning(ILogger, Exception?, string?, params object?[])' (https://learn.microsoft.com/dotnet/fundamentals/code-analysis/quality-rules/ca1848) [/home/runner/work/trading-bot-c-/trading-bot-c-/src/BotCore/BotCore.csproj]
/home/runner/work/trading-bot-c-/trading-bot-c-/src/BotCore/Services/UnifiedPositionManagementService.cs(545,13): error CA1031: Modify 'ReportOutcomeToOptimizer' to catch a more specific allowed exception type, or rethrow the exception (https://learn.microsoft.com/dotnet/fundamentals/code-analysis/quality-rules/ca1031) [/home/runner/work/trading-bot-c-/trading-bot-c-/src/BotCore/BotCore.csproj]
/home/runner/work/trading-bot-c-/trading-bot-c-/src/BotCore/Services/TopstepXHttpClient.cs(58,9): error CA1848: For improved performance, use the LoggerMessage delegates instead of calling 'LoggerExtensions.LogInformation(ILogger, string?, params object?[])' (https://learn.microsoft.com/dotnet/fundamentals/code-analysis/quality-rules/ca1848) [/home/runner/work/trading-bot-c-/trading-bot-c-/src/BotCore/BotCore.csproj]
/home/runner/work/trading-bot-c-/trading-bot-c-/src/BotCore/Services/UnifiedModelPathResolver.cs(276,9): error CA1848: For improved performance, use the LoggerMessage delegates instead of calling 'LoggerExtensions.LogDebug(ILogger, string?, params object?[])' (https://learn.microsoft.com/dotnet/fundamentals/code-analysis/quality-rules/ca1848) [/home/runner/work/trading-bot-c-/trading-bot-c-/src/BotCore/BotCore.csproj]
/home/runner/work/trading-bot-c-/trading-bot-c-/src/BotCore/Services/UnifiedModelPathResolver.cs(290,9): error CA1848: For improved performance, use the LoggerMessage delegates instead of calling 'LoggerExtensions.LogInformation(ILogger, string?, params object?[])' (https://learn.microsoft.com/dotnet/fundamentals/code-analysis/quality-rules/ca1848) [/home/runner/work/trading-bot-c-/trading-bot-c-/src/BotCore/BotCore.csproj]
/home/runner/work/trading-bot-c-/trading-bot-c-/src/BotCore/Services/TradingFeedbackService.cs(63,9): error CA1848: For improved performance, use the LoggerMessage delegates instead of calling 'LoggerExtensions.LogInformation(ILogger, string?, params object?[])' (https://learn.microsoft.com/dotnet/fundamentals/code-analysis/quality-rules/ca1848) [/home/runner/work/trading-bot-c-/trading-bot-c-/src/BotCore/BotCore.csproj]
/home/runner/work/trading-bot-c-/trading-bot-c-/src/BotCore/Services/TradingFeedbackService.cs(81,17): error CA1848: For improved performance, use the LoggerMessage delegates instead of calling 'LoggerExtensions.LogError(ILogger, Exception?, string?, params object?[])' (https://learn.microsoft.com/dotnet/fundamentals/code-analysis/quality-rules/ca1848) [/home/runner/work/trading-bot-c-/trading-bot-c-/src/BotCore/BotCore.csproj]
/home/runner/work/trading-bot-c-/trading-bot-c-/src/BotCore/Services/TradingFeedbackService.cs(86,9): error CA1848: For improved performance, use the LoggerMessage delegates instead of calling 'LoggerExtensions.LogInformation(ILogger, string?, params object?[])' (https://learn.microsoft.com/dotnet/fundamentals/code-analysis/quality-rules/ca1848) [/home/runner/work/trading-bot-c-/trading-bot-c-/src/BotCore/BotCore.csproj]
/home/runner/work/trading-bot-c-/trading-bot-c-/src/BotCore/Services/TradingFeedbackService.cs(79,13): error CA1031: Modify 'ExecuteAsync' to catch a more specific allowed exception type, or rethrow the exception (https://learn.microsoft.com/dotnet/fundamentals/code-analysis/quality-rules/ca1031) [/home/runner/work/trading-bot-c-/trading-bot-c-/src/BotCore/BotCore.csproj]
/home/runner/work/trading-bot-c-/trading-bot-c-/src/BotCore/Services/UnifiedModelPathResolver.cs(324,13): error CA1848: For improved performance, use the LoggerMessage delegates instead of calling 'LoggerExtensions.LogInformation(ILogger, string?, params object?[])' (https://learn.microsoft.com/dotnet/fundamentals/code-analysis/quality-rules/ca1848) [/home/runner/work/trading-bot-c-/trading-bot-c-/src/BotCore/BotCore.csproj]
/home/runner/work/trading-bot-c-/trading-bot-c-/src/BotCore/Services/UnifiedModelPathResolver.cs(332,9): error CA1848: For improved performance, use the LoggerMessage delegates instead of calling 'LoggerExtensions.LogInformation(ILogger, string?, params object?[])' (https://learn.microsoft.com/dotnet/fundamentals/code-analysis/quality-rules/ca1848) [/home/runner/work/trading-bot-c-/trading-bot-c-/src/BotCore/BotCore.csproj]
/home/runner/work/trading-bot-c-/trading-bot-c-/src/BotCore/Services/WalkForwardValidationService.cs(258,21): error CA1848: For improved performance, use the LoggerMessage delegates instead of calling 'LoggerExtensions.LogDebug(ILogger, string?, params object?[])' (https://learn.microsoft.com/dotnet/fundamentals/code-analysis/quality-rules/ca1848) [/home/runner/work/trading-bot-c-/trading-bot-c-/src/BotCore/BotCore.csproj]
/home/runner/work/trading-bot-c-/trading-bot-c-/src/BotCore/Services/WalkForwardValidationService.cs(273,17): error CA1848: For improved performance, use the LoggerMessage delegates instead of calling 'LoggerExtensions.LogError(ILogger, Exception?, string?, params object?[])' (https://learn.microsoft.com/dotnet/fundamentals/code-analysis/quality-rules/ca1848) [/home/runner/work/trading-bot-c-/trading-bot-c-/src/BotCore/BotCore.csproj]
/home/runner/work/trading-bot-c-/trading-bot-c-/src/BotCore/Services/WalkForwardValidationService.cs(278,17): error CA1848: For improved performance, use the LoggerMessage delegates instead of calling 'LoggerExtensions.LogError(ILogger, Exception?, string?, params object?[])' (https://learn.microsoft.com/dotnet/fundamentals/code-analysis/quality-rules/ca1848) [/home/runner/work/trading-bot-c-/trading-bot-c-/src/BotCore/BotCore.csproj]
/home/runner/work/trading-bot-c-/trading-bot-c-/src/BotCore/Services/UnifiedDecisionRouter.cs(250,9): error S1172: Remove this unused method parameter 'marketContext'. (https://rules.sonarsource.com/csharp/RSPEC-1172) [/home/runner/work/trading-bot-c-/trading-bot-c-/src/BotCore/BotCore.csproj]
/home/runner/work/trading-bot-c-/trading-bot-c-/src/BotCore/Services/UnifiedDecisionRouter.cs(281,17): error CA1848: For improved performance, use the LoggerMessage delegates instead of calling 'LoggerExtensions.LogDebug(ILogger, string?, params object?[])' (https://learn.microsoft.com/dotnet/fundamentals/code-analysis/quality-rules/ca1848) [/home/runner/work/trading-bot-c-/trading-bot-c-/src/BotCore/BotCore.csproj]
/home/runner/work/trading-bot-c-/trading-bot-c-/src/BotCore/Services/UnifiedDecisionRouter.cs(287,13): error CA1848: For improved performance, use the LoggerMessage delegates instead of calling 'LoggerExtensions.LogTrace(ILogger, string?, params object?[])' (https://learn.microsoft.com/dotnet/fundamentals/code-analysis/quality-rules/ca1848) [/home/runner/work/trading-bot-c-/trading-bot-c-/src/BotCore/BotCore.csproj]
/home/runner/work/trading-bot-c-/trading-bot-c-/src/BotCore/Services/UnifiedDecisionRouter.cs(292,13): error CA1848: For improved performance, use the LoggerMessage delegates instead of calling 'LoggerExtensions.LogWarning(ILogger, Exception?, string?, params object?[])' (https://learn.microsoft.com/dotnet/fundamentals/code-analysis/quality-rules/ca1848) [/home/runner/work/trading-bot-c-/trading-bot-c-/src/BotCore/BotCore.csproj]
/home/runner/work/trading-bot-c-/trading-bot-c-/src/BotCore/Services/UnifiedDecisionRouter.cs(297,13): error CA1848: For improved performance, use the LoggerMessage delegates instead of calling 'LoggerExtensions.LogWarning(ILogger, Exception?, string?, params object?[])' (https://learn.microsoft.com/dotnet/fundamentals/code-analysis/quality-rules/ca1848) [/home/runner/work/trading-bot-c-/trading-bot-c-/src/BotCore/BotCore.csproj]
/home/runner/work/trading-bot-c-/trading-bot-c-/src/BotCore/Services/TopStepComplianceManager.cs(86,9): error CA1848: For improved performance, use the LoggerMessage delegates instead of calling 'LoggerExtensions.LogInformation(ILogger, string?, params object?[])' (https://learn.microsoft.com/dotnet/fundamentals/code-analysis/quality-rules/ca1848) [/home/runner/work/trading-bot-c-/trading-bot-c-/src/BotCore/BotCore.csproj]
/home/runner/work/trading-bot-c-/trading-bot-c-/src/BotCore/Services/TradingFeedbackService.cs(101,13): error CA1848: For improved performance, use the LoggerMessage delegates instead of calling 'LoggerExtensions.LogDebug(ILogger, string?, params object?[])' (https://learn.microsoft.com/dotnet/fundamentals/code-analysis/quality-rules/ca1848) [/home/runner/work/trading-bot-c-/trading-bot-c-/src/BotCore/BotCore.csproj]
/home/runner/work/trading-bot-c-/trading-bot-c-/src/BotCore/Services/TradingFeedbackService.cs(106,13): error CA1848: For improved performance, use the LoggerMessage delegates instead of calling 'LoggerExtensions.LogError(ILogger, Exception?, string?, params object?[])' (https://learn.microsoft.com/dotnet/fundamentals/code-analysis/quality-rules/ca1848) [/home/runner/work/trading-bot-c-/trading-bot-c-/src/BotCore/BotCore.csproj]
/home/runner/work/trading-bot-c-/trading-bot-c-/src/BotCore/Services/TradingFeedbackService.cs(110,13): error CA1848: For improved performance, use the LoggerMessage delegates instead of calling 'LoggerExtensions.LogError(ILogger, Exception?, string?, params object?[])' (https://learn.microsoft.com/dotnet/fundamentals/code-analysis/quality-rules/ca1848) [/home/runner/work/trading-bot-c-/trading-bot-c-/src/BotCore/BotCore.csproj]
/home/runner/work/trading-bot-c-/trading-bot-c-/src/BotCore/Services/TradingFeedbackService.cs(145,13): error CA1848: For improved performance, use the LoggerMessage delegates instead of calling 'LoggerExtensions.LogDebug(ILogger, string?, params object?[])' (https://learn.microsoft.com/dotnet/fundamentals/code-analysis/quality-rules/ca1848) [/home/runner/work/trading-bot-c-/trading-bot-c-/src/BotCore/BotCore.csproj]
/home/runner/work/trading-bot-c-/trading-bot-c-/src/BotCore/Services/TradingFeedbackService.cs(150,13): error CA1848: For improved performance, use the LoggerMessage delegates instead of calling 'LoggerExtensions.LogError(ILogger, Exception?, string?, params object?[])' (https://learn.microsoft.com/dotnet/fundamentals/code-analysis/quality-rules/ca1848) [/home/runner/work/trading-bot-c-/trading-bot-c-/src/BotCore/BotCore.csproj]
/home/runner/work/trading-bot-c-/trading-bot-c-/src/BotCore/Services/TradingFeedbackService.cs(154,13): error CA1848: For improved performance, use the LoggerMessage delegates instead of calling 'LoggerExtensions.LogError(ILogger, Exception?, string?, params object?[])' (https://learn.microsoft.com/dotnet/fundamentals/code-analysis/quality-rules/ca1848) [/home/runner/work/trading-bot-c-/trading-bot-c-/src/BotCore/BotCore.csproj]
/home/runner/work/trading-bot-c-/trading-bot-c-/src/BotCore/Services/WalkForwardValidationService.cs(293,17): error CA1848: For improved performance, use the LoggerMessage delegates instead of calling 'LoggerExtensions.LogInformation(ILogger, string?, params object?[])' (https://learn.microsoft.com/dotnet/fundamentals/code-analysis/quality-rules/ca1848) [/home/runner/work/trading-bot-c-/trading-bot-c-/src/BotCore/BotCore.csproj]
/home/runner/work/trading-bot-c-/trading-bot-c-/src/BotCore/Services/WalkForwardValidationService.cs(296,17): error CA1848: For improved performance, use the LoggerMessage delegates instead of calling 'LoggerExtensions.LogInformation(ILogger, string?, params object?[])' (https://learn.microsoft.com/dotnet/fundamentals/code-analysis/quality-rules/ca1848) [/home/runner/work/trading-bot-c-/trading-bot-c-/src/BotCore/BotCore.csproj]
/home/runner/work/trading-bot-c-/trading-bot-c-/src/BotCore/Services/WalkForwardValidationService.cs(308,17): error CA1848: For improved performance, use the LoggerMessage delegates instead of calling 'LoggerExtensions.LogInformation(ILogger, string?, params object?[])' (https://learn.microsoft.com/dotnet/fundamentals/code-analysis/quality-rules/ca1848) [/home/runner/work/trading-bot-c-/trading-bot-c-/src/BotCore/BotCore.csproj]
/home/runner/work/trading-bot-c-/trading-bot-c-/src/BotCore/Services/WalkForwardValidationService.cs(312,17): error CA1848: For improved performance, use the LoggerMessage delegates instead of calling 'LoggerExtensions.LogError(ILogger, Exception?, string?, params object?[])' (https://learn.microsoft.com/dotnet/fundamentals/code-analysis/quality-rules/ca1848) [/home/runner/work/trading-bot-c-/trading-bot-c-/src/BotCore/BotCore.csproj]
/home/runner/work/trading-bot-c-/trading-bot-c-/src/BotCore/Services/WalkForwardValidationService.cs(316,17): error CA1848: For improved performance, use the LoggerMessage delegates instead of calling 'LoggerExtensions.LogError(ILogger, Exception?, string?, params object?[])' (https://learn.microsoft.com/dotnet/fundamentals/code-analysis/quality-rules/ca1848) [/home/runner/work/trading-bot-c-/trading-bot-c-/src/BotCore/BotCore.csproj]
/home/runner/work/trading-bot-c-/trading-bot-c-/src/BotCore/Services/WalkForwardValidationService.cs(320,17): error CA1848: For improved performance, use the LoggerMessage delegates instead of calling 'LoggerExtensions.LogError(ILogger, Exception?, string?, params object?[])' (https://learn.microsoft.com/dotnet/fundamentals/code-analysis/quality-rules/ca1848) [/home/runner/work/trading-bot-c-/trading-bot-c-/src/BotCore/BotCore.csproj]
/home/runner/work/trading-bot-c-/trading-bot-c-/src/BotCore/Services/UnifiedDecisionRouter.cs(328,13): error CA1848: For improved performance, use the LoggerMessage delegates instead of calling 'LoggerExtensions.LogWarning(ILogger, Exception?, string?, params object?[])' (https://learn.microsoft.com/dotnet/fundamentals/code-analysis/quality-rules/ca1848) [/home/runner/work/trading-bot-c-/trading-bot-c-/src/BotCore/BotCore.csproj]
/home/runner/work/trading-bot-c-/trading-bot-c-/src/BotCore/Services/UnifiedDecisionRouter.cs(333,13): error CA1848: For improved performance, use the LoggerMessage delegates instead of calling 'LoggerExtensions.LogWarning(ILogger, Exception?, string?, params object?[])' (https://learn.microsoft.com/dotnet/fundamentals/code-analysis/quality-rules/ca1848) [/home/runner/work/trading-bot-c-/trading-bot-c-/src/BotCore/BotCore.csproj]
/home/runner/work/trading-bot-c-/trading-bot-c-/src/BotCore/Services/TradingFeedbackService.cs(178,13): error CA1848: For improved performance, use the LoggerMessage delegates instead of calling 'LoggerExtensions.LogDebug(ILogger, string?, params object?[])' (https://learn.microsoft.com/dotnet/fundamentals/code-analysis/quality-rules/ca1848) [/home/runner/work/trading-bot-c-/trading-bot-c-/src/BotCore/BotCore.csproj]
/home/runner/work/trading-bot-c-/trading-bot-c-/src/BotCore/Services/UnifiedPositionManagementService.cs(554,28): error S1541: The Cyclomatic Complexity of this method is 13 which is greater than 10 authorized. (https://rules.sonarsource.com/csharp/RSPEC-1541) [/home/runner/work/trading-bot-c-/trading-bot-c-/src/BotCore/BotCore.csproj]
/home/runner/work/trading-bot-c-/trading-bot-c-/src/BotCore/Services/UnifiedPositionManagementService.cs(597,29): error CA1848: For improved performance, use the LoggerMessage delegates instead of calling 'LoggerExtensions.LogDebug(ILogger, Exception?, string?, params object?[])' (https://learn.microsoft.com/dotnet/fundamentals/code-analysis/quality-rules/ca1848) [/home/runner/work/trading-bot-c-/trading-bot-c-/src/BotCore/BotCore.csproj]
/home/runner/work/trading-bot-c-/trading-bot-c-/src/BotCore/Services/UnifiedPositionManagementService.cs(620,25): error CA1848: For improved performance, use the LoggerMessage delegates instead of calling 'LoggerExtensions.LogInformation(ILogger, string?, params object?[])' (https://learn.microsoft.com/dotnet/fundamentals/code-analysis/quality-rules/ca1848) [/home/runner/work/trading-bot-c-/trading-bot-c-/src/BotCore/BotCore.csproj]
/home/runner/work/trading-bot-c-/trading-bot-c-/src/BotCore/Services/UnifiedPositionManagementService.cs(650,21): error CA1848: For improved performance, use the LoggerMessage delegates instead of calling 'LoggerExtensions.LogError(ILogger, Exception?, string?, params object?[])' (https://learn.microsoft.com/dotnet/fundamentals/code-analysis/quality-rules/ca1848) [/home/runner/work/trading-bot-c-/trading-bot-c-/src/BotCore/BotCore.csproj]
/home/runner/work/trading-bot-c-/trading-bot-c-/src/BotCore/Services/TopStepComplianceManager.cs(105,17): error CA1848: For improved performance, use the LoggerMessage delegates instead of calling 'LoggerExtensions.LogWarning(ILogger, string?, params object?[])' (https://learn.microsoft.com/dotnet/fundamentals/code-analysis/quality-rules/ca1848) [/home/runner/work/trading-bot-c-/trading-bot-c-/src/BotCore/BotCore.csproj]
/home/runner/work/trading-bot-c-/trading-bot-c-/src/BotCore/Services/TopStepComplianceManager.cs(113,17): error CA1848: For improved performance, use the LoggerMessage delegates instead of calling 'LoggerExtensions.LogWarning(ILogger, string?, params object?[])' (https://learn.microsoft.com/dotnet/fundamentals/code-analysis/quality-rules/ca1848) [/home/runner/work/trading-bot-c-/trading-bot-c-/src/BotCore/BotCore.csproj]
/home/runner/work/trading-bot-c-/trading-bot-c-/src/BotCore/Services/TopStepComplianceManager.cs(121,17): error CA1848: For improved performance, use the LoggerMessage delegates instead of calling 'LoggerExtensions.LogWarning(ILogger, string?, params object?[])' (https://learn.microsoft.com/dotnet/fundamentals/code-analysis/quality-rules/ca1848) [/home/runner/work/trading-bot-c-/trading-bot-c-/src/BotCore/BotCore.csproj]
/home/runner/work/trading-bot-c-/trading-bot-c-/src/BotCore/Services/TopStepComplianceManager.cs(128,17): error CA1848: For improved performance, use the LoggerMessage delegates instead of calling 'LoggerExtensions.LogWarning(ILogger, string?, params object?[])' (https://learn.microsoft.com/dotnet/fundamentals/code-analysis/quality-rules/ca1848) [/home/runner/work/trading-bot-c-/trading-bot-c-/src/BotCore/BotCore.csproj]
/home/runner/work/trading-bot-c-/trading-bot-c-/src/BotCore/Services/UnifiedPositionManagementService.cs(594,25): error CA1031: Modify 'MonitorAndManagePositionsAsync' to catch a more specific allowed exception type, or rethrow the exception (https://learn.microsoft.com/dotnet/fundamentals/code-analysis/quality-rules/ca1031) [/home/runner/work/trading-bot-c-/trading-bot-c-/src/BotCore/BotCore.csproj]
/home/runner/work/trading-bot-c-/trading-bot-c-/src/BotCore/Services/UnifiedPositionManagementService.cs(648,17): error CA1031: Modify 'MonitorAndManagePositionsAsync' to catch a more specific allowed exception type, or rethrow the exception (https://learn.microsoft.com/dotnet/fundamentals/code-analysis/quality-rules/ca1031) [/home/runner/work/trading-bot-c-/trading-bot-c-/src/BotCore/BotCore.csproj]
/home/runner/work/trading-bot-c-/trading-bot-c-/src/BotCore/Services/UnifiedDecisionRouter.cs(361,13): error CA1848: For improved performance, use the LoggerMessage delegates instead of calling 'LoggerExtensions.LogWarning(ILogger, Exception?, string?, params object?[])' (https://learn.microsoft.com/dotnet/fundamentals/code-analysis/quality-rules/ca1848) [/home/runner/work/trading-bot-c-/trading-bot-c-/src/BotCore/BotCore.csproj]
/home/runner/work/trading-bot-c-/trading-bot-c-/src/BotCore/Services/UnifiedDecisionRouter.cs(366,13): error CA1848: For improved performance, use the LoggerMessage delegates instead of calling 'LoggerExtensions.LogWarning(ILogger, Exception?, string?, params object?[])' (https://learn.microsoft.com/dotnet/fundamentals/code-analysis/quality-rules/ca1848) [/home/runner/work/trading-bot-c-/trading-bot-c-/src/BotCore/BotCore.csproj]
/home/runner/work/trading-bot-c-/trading-bot-c-/src/BotCore/Services/TopstepXHttpClient.cs(140,13): error CA1848: For improved performance, use the LoggerMessage delegates instead of calling 'LoggerExtensions.LogError(ILogger, Exception?, string?, params object?[])' (https://learn.microsoft.com/dotnet/fundamentals/code-analysis/quality-rules/ca1848) [/home/runner/work/trading-bot-c-/trading-bot-c-/src/BotCore/BotCore.csproj]
/home/runner/work/trading-bot-c-/trading-bot-c-/src/BotCore/StrategyDsl/ExpressionEvaluator.cs(296,18): error S1541: The Cyclomatic Complexity of this method is 24 which is greater than 10 authorized. (https://rules.sonarsource.com/csharp/RSPEC-1541) [/home/runner/work/trading-bot-c-/trading-bot-c-/src/BotCore/BotCore.csproj]
/home/runner/work/trading-bot-c-/trading-bot-c-/src/BotCore/Services/TopStepComplianceManager.cs(147,13): error CA1848: For improved performance, use the LoggerMessage delegates instead of calling 'LoggerExtensions.LogWarning(ILogger, string?, params object?[])' (https://learn.microsoft.com/dotnet/fundamentals/code-analysis/quality-rules/ca1848) [/home/runner/work/trading-bot-c-/trading-bot-c-/src/BotCore/BotCore.csproj]
/home/runner/work/trading-bot-c-/trading-bot-c-/src/BotCore/Services/UnifiedDecisionRouter.cs(387,13): error CA1848: For improved performance, use the LoggerMessage delegates instead of calling 'LoggerExtensions.LogWarning(ILogger, Exception?, string?, params object?[])' (https://learn.microsoft.com/dotnet/fundamentals/code-analysis/quality-rules/ca1848) [/home/runner/work/trading-bot-c-/trading-bot-c-/src/BotCore/BotCore.csproj]
/home/runner/work/trading-bot-c-/trading-bot-c-/src/BotCore/Services/UnifiedDecisionRouter.cs(392,13): error CA1848: For improved performance, use the LoggerMessage delegates instead of calling 'LoggerExtensions.LogWarning(ILogger, Exception?, string?, params object?[])' (https://learn.microsoft.com/dotnet/fundamentals/code-analysis/quality-rules/ca1848) [/home/runner/work/trading-bot-c-/trading-bot-c-/src/BotCore/BotCore.csproj]
/home/runner/work/trading-bot-c-/trading-bot-c-/src/BotCore/Services/TopStepComplianceManager.cs(180,13): error CA1848: For improved performance, use the LoggerMessage delegates instead of calling 'LoggerExtensions.LogDebug(ILogger, string?, params object?[])' (https://learn.microsoft.com/dotnet/fundamentals/code-analysis/quality-rules/ca1848) [/home/runner/work/trading-bot-c-/trading-bot-c-/src/BotCore/BotCore.csproj]
/home/runner/work/trading-bot-c-/trading-bot-c-/src/BotCore/Services/WalkForwardValidationService.cs(344,17): error CA1848: For improved performance, use the LoggerMessage delegates instead of calling 'LoggerExtensions.LogError(ILogger, Exception?, string?, params object?[])' (https://learn.microsoft.com/dotnet/fundamentals/code-analysis/quality-rules/ca1848) [/home/runner/work/trading-bot-c-/trading-bot-c-/src/BotCore/BotCore.csproj]
/home/runner/work/trading-bot-c-/trading-bot-c-/src/BotCore/Services/WalkForwardValidationService.cs(349,17): error CA1848: For improved performance, use the LoggerMessage delegates instead of calling 'LoggerExtensions.LogError(ILogger, Exception?, string?, params object?[])' (https://learn.microsoft.com/dotnet/fundamentals/code-analysis/quality-rules/ca1848) [/home/runner/work/trading-bot-c-/trading-bot-c-/src/BotCore/BotCore.csproj]
/home/runner/work/trading-bot-c-/trading-bot-c-/src/BotCore/Services/TradingProgressMonitor.cs(170,13): error CA1848: For improved performance, use the LoggerMessage delegates instead of calling 'LoggerExtensions.LogInformation(ILogger, string?, params object?[])' (https://learn.microsoft.com/dotnet/fundamentals/code-analysis/quality-rules/ca1848) [/home/runner/work/trading-bot-c-/trading-bot-c-/src/BotCore/BotCore.csproj]
/home/runner/work/trading-bot-c-/trading-bot-c-/src/BotCore/Services/UnifiedDecisionRouter.cs(476,13): error CA1848: For improved performance, use the LoggerMessage delegates instead of calling 'LoggerExtensions.LogDebug(ILogger, string?, params object?[])' (https://learn.microsoft.com/dotnet/fundamentals/code-analysis/quality-rules/ca1848) [/home/runner/work/trading-bot-c-/trading-bot-c-/src/BotCore/BotCore.csproj]
/home/runner/work/trading-bot-c-/trading-bot-c-/src/BotCore/Services/UnifiedDecisionRouter.cs(481,13): error CA1848: For improved performance, use the LoggerMessage delegates instead of calling 'LoggerExtensions.LogError(ILogger, Exception?, string?, params object?[])' (https://learn.microsoft.com/dotnet/fundamentals/code-analysis/quality-rules/ca1848) [/home/runner/work/trading-bot-c-/trading-bot-c-/src/BotCore/BotCore.csproj]
/home/runner/work/trading-bot-c-/trading-bot-c-/src/BotCore/Services/UnifiedDecisionRouter.cs(485,13): error CA1848: For improved performance, use the LoggerMessage delegates instead of calling 'LoggerExtensions.LogError(ILogger, Exception?, string?, params object?[])' (https://learn.microsoft.com/dotnet/fundamentals/code-analysis/quality-rules/ca1848) [/home/runner/work/trading-bot-c-/trading-bot-c-/src/BotCore/BotCore.csproj]
/home/runner/work/trading-bot-c-/trading-bot-c-/src/BotCore/Services/UnifiedPositionManagementService.cs(671,13): error CA1848: For improved performance, use the LoggerMessage delegates instead of calling 'LoggerExtensions.LogInformation(ILogger, string?, params object?[])' (https://learn.microsoft.com/dotnet/fundamentals/code-analysis/quality-rules/ca1848) [/home/runner/work/trading-bot-c-/trading-bot-c-/src/BotCore/BotCore.csproj]
/home/runner/work/trading-bot-c-/trading-bot-c-/src/BotCore/Services/UnifiedPositionManagementService.cs(687,17): error CA1848: For improved performance, use the LoggerMessage delegates instead of calling 'LoggerExtensions.LogDebug(ILogger, Exception?, string?, params object?[])' (https://learn.microsoft.com/dotnet/fundamentals/code-analysis/quality-rules/ca1848) [/home/runner/work/trading-bot-c-/trading-bot-c-/src/BotCore/BotCore.csproj]
/home/runner/work/trading-bot-c-/trading-bot-c-/src/BotCore/Services/UnifiedPositionManagementService.cs(684,13): error CA1031: Modify 'ActivateBreakevenProtectionAsync' to catch a more specific allowed exception type, or rethrow the exception (https://learn.microsoft.com/dotnet/fundamentals/code-analysis/quality-rules/ca1031) [/home/runner/work/trading-bot-c-/trading-bot-c-/src/BotCore/BotCore.csproj]
/home/runner/work/trading-bot-c-/trading-bot-c-/src/BotCore/Services/TopStepComplianceManager.cs(199,17): error CA1848: For improved performance, use the LoggerMessage delegates instead of calling 'LoggerExtensions.LogError(ILogger, string?, params object?[])' (https://learn.microsoft.com/dotnet/fundamentals/code-analysis/quality-rules/ca1848) [/home/runner/work/trading-bot-c-/trading-bot-c-/src/BotCore/BotCore.csproj]
/home/runner/work/trading-bot-c-/trading-bot-c-/src/BotCore/Services/TopStepComplianceManager.cs(211,17): error CA1848: For improved performance, use the LoggerMessage delegates instead of calling 'LoggerExtensions.LogInformation(ILogger, string?, params object?[])' (https://learn.microsoft.com/dotnet/fundamentals/code-analysis/quality-rules/ca1848) [/home/runner/work/trading-bot-c-/trading-bot-c-/src/BotCore/BotCore.csproj]
/home/runner/work/trading-bot-c-/trading-bot-c-/src/BotCore/Services/TopStepComplianceManager.cs(223,13): error CA1848: For improved performance, use the LoggerMessage delegates instead of calling 'LoggerExtensions.LogDebug(ILogger, string?, params object?[])' (https://learn.microsoft.com/dotnet/fundamentals/code-analysis/quality-rules/ca1848) [/home/runner/work/trading-bot-c-/trading-bot-c-/src/BotCore/BotCore.csproj]
/home/runner/work/trading-bot-c-/trading-bot-c-/src/BotCore/Services/UnifiedDecisionRouter.cs(352,24): error CA2000: Call System.IDisposable.Dispose on object created by 'CreateRiskEngine()' before all references to it are out of scope (https://learn.microsoft.com/dotnet/fundamentals/code-analysis/quality-rules/ca2000) [/home/runner/work/trading-bot-c-/trading-bot-c-/src/BotCore/BotCore.csproj]
/home/runner/work/trading-bot-c-/trading-bot-c-/src/BotCore/Services/TopstepXHttpClient.cs(195,21): error CA1848: For improved performance, use the LoggerMessage delegates instead of calling 'LoggerExtensions.LogWarning(ILogger, string?, params object?[])' (https://learn.microsoft.com/dotnet/fundamentals/code-analysis/quality-rules/ca1848) [/home/runner/work/trading-bot-c-/trading-bot-c-/src/BotCore/BotCore.csproj]
/home/runner/work/trading-bot-c-/trading-bot-c-/src/BotCore/Services/TopstepXHttpClient.cs(222,17): error CA1848: For improved performance, use the LoggerMessage delegates instead of calling 'LoggerExtensions.LogWarning(ILogger, Exception?, string?, params object?[])' (https://learn.microsoft.com/dotnet/fundamentals/code-analysis/quality-rules/ca1848) [/home/runner/work/trading-bot-c-/trading-bot-c-/src/BotCore/BotCore.csproj]
/home/runner/work/trading-bot-c-/trading-bot-c-/src/BotCore/Services/TopstepXHttpClient.cs(242,17): error CA1848: For improved performance, use the LoggerMessage delegates instead of calling 'LoggerExtensions.LogWarning(ILogger, Exception?, string?, params object?[])' (https://learn.microsoft.com/dotnet/fundamentals/code-analysis/quality-rules/ca1848) [/home/runner/work/trading-bot-c-/trading-bot-c-/src/BotCore/BotCore.csproj]
/home/runner/work/trading-bot-c-/trading-bot-c-/src/BotCore/Services/TradingProgressMonitor.cs(195,13): error CA1848: For improved performance, use the LoggerMessage delegates instead of calling 'LoggerExtensions.LogInformation(ILogger, string?, params object?[])' (https://learn.microsoft.com/dotnet/fundamentals/code-analysis/quality-rules/ca1848) [/home/runner/work/trading-bot-c-/trading-bot-c-/src/BotCore/BotCore.csproj]
/home/runner/work/trading-bot-c-/trading-bot-c-/src/BotCore/Services/UnifiedDecisionRouter.cs(512,17): error CA1848: For improved performance, use the LoggerMessage delegates instead of calling 'LoggerExtensions.LogWarning(ILogger, string?, params object?[])' (https://learn.microsoft.com/dotnet/fundamentals/code-analysis/quality-rules/ca1848) [/home/runner/work/trading-bot-c-/trading-bot-c-/src/BotCore/BotCore.csproj]
/home/runner/work/trading-bot-c-/trading-bot-c-/src/BotCore/Services/UnifiedDecisionRouter.cs(525,13): error CA1848: For improved performance, use the LoggerMessage delegates instead of calling 'LoggerExtensions.LogInformation(ILogger, string?, params object?[])' (https://learn.microsoft.com/dotnet/fundamentals/code-analysis/quality-rules/ca1848) [/home/runner/work/trading-bot-c-/trading-bot-c-/src/BotCore/BotCore.csproj]
/home/runner/work/trading-bot-c-/trading-bot-c-/src/BotCore/Services/UnifiedDecisionRouter.cs(530,13): error CA1848: For improved performance, use the LoggerMessage delegates instead of calling 'LoggerExtensions.LogError(ILogger, Exception?, string?, params object?[])' (https://learn.microsoft.com/dotnet/fundamentals/code-analysis/quality-rules/ca1848) [/home/runner/work/trading-bot-c-/trading-bot-c-/src/BotCore/BotCore.csproj]
/home/runner/work/trading-bot-c-/trading-bot-c-/src/BotCore/Services/UnifiedDecisionRouter.cs(534,13): error CA1848: For improved performance, use the LoggerMessage delegates instead of calling 'LoggerExtensions.LogError(ILogger, Exception?, string?, params object?[])' (https://learn.microsoft.com/dotnet/fundamentals/code-analysis/quality-rules/ca1848) [/home/runner/work/trading-bot-c-/trading-bot-c-/src/BotCore/BotCore.csproj]
/home/runner/work/trading-bot-c-/trading-bot-c-/src/BotCore/Services/UnifiedPositionManagementService.cs(726,17): error CA1848: For improved performance, use the LoggerMessage delegates instead of calling 'LoggerExtensions.LogInformation(ILogger, string?, params object?[])' (https://learn.microsoft.com/dotnet/fundamentals/code-analysis/quality-rules/ca1848) [/home/runner/work/trading-bot-c-/trading-bot-c-/src/BotCore/BotCore.csproj]
/home/runner/work/trading-bot-c-/trading-bot-c-/src/BotCore/Services/UnifiedPositionManagementService.cs(741,21): error CA1848: For improved performance, use the LoggerMessage delegates instead of calling 'LoggerExtensions.LogDebug(ILogger, Exception?, string?, params object?[])' (https://learn.microsoft.com/dotnet/fundamentals/code-analysis/quality-rules/ca1848) [/home/runner/work/trading-bot-c-/trading-bot-c-/src/BotCore/BotCore.csproj]
/home/runner/work/trading-bot-c-/trading-bot-c-/src/BotCore/Services/SessionEndPositionFlattener.cs(68,13): error CA1848: For improved performance, use the LoggerMessage delegates instead of calling 'LoggerExtensions.LogInformation(ILogger, string?, params object?[])' (https://learn.microsoft.com/dotnet/fundamentals/code-analysis/quality-rules/ca1848) [/home/runner/work/trading-bot-c-/trading-bot-c-/src/BotCore/BotCore.csproj]
/home/runner/work/trading-bot-c-/trading-bot-c-/src/BotCore/Services/UnifiedPositionManagementService.cs(738,17): error CA1031: Modify 'UpdateTrailingStopAsync' to catch a more specific allowed exception type, or rethrow the exception (https://learn.microsoft.com/dotnet/fundamentals/code-analysis/quality-rules/ca1031) [/home/runner/work/trading-bot-c-/trading-bot-c-/src/BotCore/BotCore.csproj]
/home/runner/work/trading-bot-c-/trading-bot-c-/src/BotCore/Services/StrategyPerformanceAnalyzer.cs(170,9): error CA1848: For improved performance, use the LoggerMessage delegates instead of calling 'LoggerExtensions.LogInformation(ILogger, string?, params object?[])' (https://learn.microsoft.com/dotnet/fundamentals/code-analysis/quality-rules/ca1848) [/home/runner/work/trading-bot-c-/trading-bot-c-/src/BotCore/BotCore.csproj]
/home/runner/work/trading-bot-c-/trading-bot-c-/src/BotCore/Services/SessionEndPositionFlattener.cs(73,13): error CA1848: For improved performance, use the LoggerMessage delegates instead of calling 'LoggerExtensions.LogInformation(ILogger, string?, params object?[])' (https://learn.microsoft.com/dotnet/fundamentals/code-analysis/quality-rules/ca1848) [/home/runner/work/trading-bot-c-/trading-bot-c-/src/BotCore/BotCore.csproj]
/home/runner/work/trading-bot-c-/trading-bot-c-/src/BotCore/Services/SessionEndPositionFlattener.cs(83,21): error CA1848: For improved performance, use the LoggerMessage delegates instead of calling 'LoggerExtensions.LogError(ILogger, Exception?, string?, params object?[])' (https://learn.microsoft.com/dotnet/fundamentals/code-analysis/quality-rules/ca1848) [/home/runner/work/trading-bot-c-/trading-bot-c-/src/BotCore/BotCore.csproj]
/home/runner/work/trading-bot-c-/trading-bot-c-/src/BotCore/Services/SessionEndPositionFlattener.cs(89,13): error CA1848: For improved performance, use the LoggerMessage delegates instead of calling 'LoggerExtensions.LogInformation(ILogger, string?, params object?[])' (https://learn.microsoft.com/dotnet/fundamentals/code-analysis/quality-rules/ca1848) [/home/runner/work/trading-bot-c-/trading-bot-c-/src/BotCore/BotCore.csproj]
/home/runner/work/trading-bot-c-/trading-bot-c-/src/BotCore/Services/SessionEndPositionFlattener.cs(81,17): error CA1031: Modify 'ExecuteAsync' to catch a more specific allowed exception type, or rethrow the exception (https://learn.microsoft.com/dotnet/fundamentals/code-analysis/quality-rules/ca1031) [/home/runner/work/trading-bot-c-/trading-bot-c-/src/BotCore/BotCore.csproj]
/home/runner/work/trading-bot-c-/trading-bot-c-/src/BotCore/Services/WalkForwardValidationService.cs(369,17): error CA1848: For improved performance, use the LoggerMessage delegates instead of calling 'LoggerExtensions.LogDebug(ILogger, string?, params object?[])' (https://learn.microsoft.com/dotnet/fundamentals/code-analysis/quality-rules/ca1848) [/home/runner/work/trading-bot-c-/trading-bot-c-/src/BotCore/BotCore.csproj]
/home/runner/work/trading-bot-c-/trading-bot-c-/src/BotCore/Services/WalkForwardValidationService.cs(392,17): error CA1848: For improved performance, use the LoggerMessage delegates instead of calling 'LoggerExtensions.LogDebug(ILogger, string?, params object?[])' (https://learn.microsoft.com/dotnet/fundamentals/code-analysis/quality-rules/ca1848) [/home/runner/work/trading-bot-c-/trading-bot-c-/src/BotCore/BotCore.csproj]
/home/runner/work/trading-bot-c-/trading-bot-c-/src/BotCore/Services/WalkForwardValidationService.cs(399,17): error CA1848: For improved performance, use the LoggerMessage delegates instead of calling 'LoggerExtensions.LogError(ILogger, Exception?, string?, params object?[])' (https://learn.microsoft.com/dotnet/fundamentals/code-analysis/quality-rules/ca1848) [/home/runner/work/trading-bot-c-/trading-bot-c-/src/BotCore/BotCore.csproj]
/home/runner/work/trading-bot-c-/trading-bot-c-/src/BotCore/Services/WalkForwardValidationService.cs(412,17): error CA1848: For improved performance, use the LoggerMessage delegates instead of calling 'LoggerExtensions.LogError(ILogger, Exception?, string?, params object?[])' (https://learn.microsoft.com/dotnet/fundamentals/code-analysis/quality-rules/ca1848) [/home/runner/work/trading-bot-c-/trading-bot-c-/src/BotCore/BotCore.csproj]
/home/runner/work/trading-bot-c-/trading-bot-c-/src/BotCore/Services/TopstepXHttpClient.cs(273,68): error SCS0005: Weak random number generator. (https://security-code-scan.github.io/#SCS0005) [/home/runner/work/trading-bot-c-/trading-bot-c-/src/BotCore/BotCore.csproj]
/home/runner/work/trading-bot-c-/trading-bot-c-/src/BotCore/Services/UnifiedDecisionRouter.cs(576,21): error CA1848: For improved performance, use the LoggerMessage delegates instead of calling 'LoggerExtensions.LogDebug(ILogger, string?, params object?[])' (https://learn.microsoft.com/dotnet/fundamentals/code-analysis/quality-rules/ca1848) [/home/runner/work/trading-bot-c-/trading-bot-c-/src/BotCore/BotCore.csproj]
/home/runner/work/trading-bot-c-/trading-bot-c-/src/BotCore/Services/UnifiedDecisionRouter.cs(582,13): error CA1848: For improved performance, use the LoggerMessage delegates instead of calling 'LoggerExtensions.LogError(ILogger, Exception?, string?, params object?[])' (https://learn.microsoft.com/dotnet/fundamentals/code-analysis/quality-rules/ca1848) [/home/runner/work/trading-bot-c-/trading-bot-c-/src/BotCore/BotCore.csproj]
/home/runner/work/trading-bot-c-/trading-bot-c-/src/BotCore/Services/UnifiedDecisionRouter.cs(586,13): error CA1848: For improved performance, use the LoggerMessage delegates instead of calling 'LoggerExtensions.LogError(ILogger, Exception?, string?, params object?[])' (https://learn.microsoft.com/dotnet/fundamentals/code-analysis/quality-rules/ca1848) [/home/runner/work/trading-bot-c-/trading-bot-c-/src/BotCore/BotCore.csproj]
/home/runner/work/trading-bot-c-/trading-bot-c-/src/BotCore/Services/TopstepXHttpClient.cs(273,68): error CA5394: Random is an insecure random number generator. Use cryptographically secure random number generators when randomness is required for security. (https://learn.microsoft.com/dotnet/fundamentals/code-analysis/quality-rules/ca5394) [/home/runner/work/trading-bot-c-/trading-bot-c-/src/BotCore/BotCore.csproj]
/home/runner/work/trading-bot-c-/trading-bot-c-/src/BotCore/Services/StrategyPerformanceAnalyzer.cs(226,13): error CA1848: For improved performance, use the LoggerMessage delegates instead of calling 'LoggerExtensions.LogDebug(ILogger, string?, params object?[])' (https://learn.microsoft.com/dotnet/fundamentals/code-analysis/quality-rules/ca1848) [/home/runner/work/trading-bot-c-/trading-bot-c-/src/BotCore/BotCore.csproj]
/home/runner/work/trading-bot-c-/trading-bot-c-/src/BotCore/Services/TradingFeedbackService.cs(243,24): error S1541: The Cyclomatic Complexity of this method is 11 which is greater than 10 authorized. (https://rules.sonarsource.com/csharp/RSPEC-1541) [/home/runner/work/trading-bot-c-/trading-bot-c-/src/BotCore/BotCore.csproj]
/home/runner/work/trading-bot-c-/trading-bot-c-/src/BotCore/Services/TradingFeedbackService.cs(309,13): error CA1848: For improved performance, use the LoggerMessage delegates instead of calling 'LoggerExtensions.LogWarning(ILogger, string?, params object?[])' (https://learn.microsoft.com/dotnet/fundamentals/code-analysis/quality-rules/ca1848) [/home/runner/work/trading-bot-c-/trading-bot-c-/src/BotCore/BotCore.csproj]
/home/runner/work/trading-bot-c-/trading-bot-c-/src/BotCore/Services/TradingFeedbackService.cs(313,17): error CA1848: For improved performance, use the LoggerMessage delegates instead of calling 'LoggerExtensions.LogWarning(ILogger, string?, params object?[])' (https://learn.microsoft.com/dotnet/fundamentals/code-analysis/quality-rules/ca1848) [/home/runner/work/trading-bot-c-/trading-bot-c-/src/BotCore/BotCore.csproj]
/home/runner/work/trading-bot-c-/trading-bot-c-/src/BotCore/Services/TimeOptimizedStrategyManager.cs(209,53): error S1541: The Cyclomatic Complexity of this method is 12 which is greater than 10 authorized. (https://rules.sonarsource.com/csharp/RSPEC-1541) [/home/runner/work/trading-bot-c-/trading-bot-c-/src/BotCore/BotCore.csproj]
/home/runner/work/trading-bot-c-/trading-bot-c-/src/BotCore/Services/TimeOptimizedStrategyManager.cs(218,17): error CA1848: For improved performance, use the LoggerMessage delegates instead of calling 'LoggerExtensions.LogDebug(ILogger, string?, params object?[])' (https://learn.microsoft.com/dotnet/fundamentals/code-analysis/quality-rules/ca1848) [/home/runner/work/trading-bot-c-/trading-bot-c-/src/BotCore/BotCore.csproj]
/home/runner/work/trading-bot-c-/trading-bot-c-/src/BotCore/Services/TimeOptimizedStrategyManager.cs(250,21): error CA1848: For improved performance, use the LoggerMessage delegates instead of calling 'LoggerExtensions.LogDebug(ILogger, string?, params object?[])' (https://learn.microsoft.com/dotnet/fundamentals/code-analysis/quality-rules/ca1848) [/home/runner/work/trading-bot-c-/trading-bot-c-/src/BotCore/BotCore.csproj]
/home/runner/work/trading-bot-c-/trading-bot-c-/src/BotCore/Services/TimeOptimizedStrategyManager.cs(286,25): error CA1848: For improved performance, use the LoggerMessage delegates instead of calling 'LoggerExtensions.LogInformation(ILogger, string?, params object?[])' (https://learn.microsoft.com/dotnet/fundamentals/code-analysis/quality-rules/ca1848) [/home/runner/work/trading-bot-c-/trading-bot-c-/src/BotCore/BotCore.csproj]
/home/runner/work/trading-bot-c-/trading-bot-c-/src/BotCore/Services/TopStepComplianceManager.cs(327,13): error CA1848: For improved performance, use the LoggerMessage delegates instead of calling 'LoggerExtensions.LogInformation(ILogger, string?, params object?[])' (https://learn.microsoft.com/dotnet/fundamentals/code-analysis/quality-rules/ca1848) [/home/runner/work/trading-bot-c-/trading-bot-c-/src/BotCore/BotCore.csproj]
/home/runner/work/trading-bot-c-/trading-bot-c-/src/BotCore/Services/SessionEndPositionFlattener.cs(113,17): error CA1848: For improved performance, use the LoggerMessage delegates instead of calling 'LoggerExtensions.LogInformation(ILogger, string?, params object?[])' (https://learn.microsoft.com/dotnet/fundamentals/code-analysis/quality-rules/ca1848) [/home/runner/work/trading-bot-c-/trading-bot-c-/src/BotCore/BotCore.csproj]
/home/runner/work/trading-bot-c-/trading-bot-c-/src/BotCore/Services/SessionEndPositionFlattener.cs(154,13): error CA1848: For improved performance, use the LoggerMessage delegates instead of calling 'LoggerExtensions.LogWarning(ILogger, string?, params object?[])' (https://learn.microsoft.com/dotnet/fundamentals/code-analysis/quality-rules/ca1848) [/home/runner/work/trading-bot-c-/trading-bot-c-/src/BotCore/BotCore.csproj]
/home/runner/work/trading-bot-c-/trading-bot-c-/src/BotCore/Services/WalkForwardValidationService.cs(470,17): error CA1848: For improved performance, use the LoggerMessage delegates instead of calling 'LoggerExtensions.LogTrace(ILogger, string?, params object?[])' (https://learn.microsoft.com/dotnet/fundamentals/code-analysis/quality-rules/ca1848) [/home/runner/work/trading-bot-c-/trading-bot-c-/src/BotCore/BotCore.csproj]
/home/runner/work/trading-bot-c-/trading-bot-c-/src/BotCore/Services/WalkForwardValidationService.cs(477,17): error CA1848: For improved performance, use the LoggerMessage delegates instead of calling 'LoggerExtensions.LogError(ILogger, Exception?, string?, params object?[])' (https://learn.microsoft.com/dotnet/fundamentals/code-analysis/quality-rules/ca1848) [/home/runner/work/trading-bot-c-/trading-bot-c-/src/BotCore/BotCore.csproj]
/home/runner/work/trading-bot-c-/trading-bot-c-/src/BotCore/Services/TopstepXHttpClient.cs(283,28): error S1541: The Cyclomatic Complexity of this method is 13 which is greater than 10 authorized. (https://rules.sonarsource.com/csharp/RSPEC-1541) [/home/runner/work/trading-bot-c-/trading-bot-c-/src/BotCore/BotCore.csproj]
/home/runner/work/trading-bot-c-/trading-bot-c-/src/BotCore/Services/StrategyPerformanceAnalyzer.cs(263,13): error CA1848: For improved performance, use the LoggerMessage delegates instead of calling 'LoggerExtensions.LogDebug(ILogger, string?, params object?[])' (https://learn.microsoft.com/dotnet/fundamentals/code-analysis/quality-rules/ca1848) [/home/runner/work/trading-bot-c-/trading-bot-c-/src/BotCore/BotCore.csproj]
/home/runner/work/trading-bot-c-/trading-bot-c-/src/BotCore/Services/TopStepComplianceManager.cs(343,13): error CA1848: For improved performance, use the LoggerMessage delegates instead of calling 'LoggerExtensions.LogCritical(ILogger, string?, params object?[])' (https://learn.microsoft.com/dotnet/fundamentals/code-analysis/quality-rules/ca1848) [/home/runner/work/trading-bot-c-/trading-bot-c-/src/BotCore/BotCore.csproj]
/home/runner/work/trading-bot-c-/trading-bot-c-/src/BotCore/Services/TopStepComplianceManager.cs(350,13): error CA1848: For improved performance, use the LoggerMessage delegates instead of calling 'LoggerExtensions.LogCritical(ILogger, string?, params object?[])' (https://learn.microsoft.com/dotnet/fundamentals/code-analysis/quality-rules/ca1848) [/home/runner/work/trading-bot-c-/trading-bot-c-/src/BotCore/BotCore.csproj]
/home/runner/work/trading-bot-c-/trading-bot-c-/src/BotCore/Services/TopStepComplianceManager.cs(358,13): error CA1848: For improved performance, use the LoggerMessage delegates instead of calling 'LoggerExtensions.LogError(ILogger, string?, params object?[])' (https://learn.microsoft.com/dotnet/fundamentals/code-analysis/quality-rules/ca1848) [/home/runner/work/trading-bot-c-/trading-bot-c-/src/BotCore/BotCore.csproj]
/home/runner/work/trading-bot-c-/trading-bot-c-/src/BotCore/Services/TopStepComplianceManager.cs(364,13): error CA1848: For improved performance, use the LoggerMessage delegates instead of calling 'LoggerExtensions.LogError(ILogger, string?, params object?[])' (https://learn.microsoft.com/dotnet/fundamentals/code-analysis/quality-rules/ca1848) [/home/runner/work/trading-bot-c-/trading-bot-c-/src/BotCore/BotCore.csproj]
/home/runner/work/trading-bot-c-/trading-bot-c-/src/BotCore/Services/TopstepXHttpClient.cs(290,17): error CA1848: For improved performance, use the LoggerMessage delegates instead of calling 'LoggerExtensions.LogError(ILogger, string?, params object?[])' (https://learn.microsoft.com/dotnet/fundamentals/code-analysis/quality-rules/ca1848) [/home/runner/work/trading-bot-c-/trading-bot-c-/src/BotCore/BotCore.csproj]
/home/runner/work/trading-bot-c-/trading-bot-c-/src/BotCore/Services/TopstepXHttpClient.cs(322,13): error CA1848: For improved performance, use the LoggerMessage delegates instead of calling 'LoggerExtensions.LogError(ILogger, Exception?, string?, params object?[])' (https://learn.microsoft.com/dotnet/fundamentals/code-analysis/quality-rules/ca1848) [/home/runner/work/trading-bot-c-/trading-bot-c-/src/BotCore/BotCore.csproj]
/home/runner/work/trading-bot-c-/trading-bot-c-/src/BotCore/Services/TopstepXHttpClient.cs(328,13): error CA1848: For improved performance, use the LoggerMessage delegates instead of calling 'LoggerExtensions.LogError(ILogger, Exception?, string?, params object?[])' (https://learn.microsoft.com/dotnet/fundamentals/code-analysis/quality-rules/ca1848) [/home/runner/work/trading-bot-c-/trading-bot-c-/src/BotCore/BotCore.csproj]
/home/runner/work/trading-bot-c-/trading-bot-c-/src/BotCore/Services/TopStepComplianceManager.cs(386,9): error CA1031: Modify 'GetEasternTime' to catch a more specific allowed exception type, or rethrow the exception (https://learn.microsoft.com/dotnet/fundamentals/code-analysis/quality-rules/ca1031) [/home/runner/work/trading-bot-c-/trading-bot-c-/src/BotCore/BotCore.csproj]
/home/runner/work/trading-bot-c-/trading-bot-c-/src/BotCore/Services/TimeOptimizedStrategyManager.cs(324,63): error S1172: Remove this unused method parameter 'instrument'. (https://rules.sonarsource.com/csharp/RSPEC-1172) [/home/runner/work/trading-bot-c-/trading-bot-c-/src/BotCore/BotCore.csproj]
/home/runner/work/trading-bot-c-/trading-bot-c-/src/BotCore/Services/UnifiedPositionManagementService.cs(872,73): error S1172: Remove this unused method parameter 'cancellationToken'. (https://rules.sonarsource.com/csharp/RSPEC-1172) [/home/runner/work/trading-bot-c-/trading-bot-c-/src/BotCore/BotCore.csproj]
/home/runner/work/trading-bot-c-/trading-bot-c-/src/BotCore/Services/TimeOptimizedStrategyManager.cs(347,17): error CA1848: For improved performance, use the LoggerMessage delegates instead of calling 'LoggerExtensions.LogError(ILogger, Exception?, string?, params object?[])' (https://learn.microsoft.com/dotnet/fundamentals/code-analysis/quality-rules/ca1848) [/home/runner/work/trading-bot-c-/trading-bot-c-/src/BotCore/BotCore.csproj]
/home/runner/work/trading-bot-c-/trading-bot-c-/src/BotCore/Services/TimeOptimizedStrategyManager.cs(345,13): error CA1031: Modify 'GetMarketRegimeAsync' to catch a more specific allowed exception type, or rethrow the exception (https://learn.microsoft.com/dotnet/fundamentals/code-analysis/quality-rules/ca1031) [/home/runner/work/trading-bot-c-/trading-bot-c-/src/BotCore/BotCore.csproj]
/home/runner/work/trading-bot-c-/trading-bot-c-/src/BotCore/Services/SessionEndPositionFlattener.cs(168,13): error CA1848: For improved performance, use the LoggerMessage delegates instead of calling 'LoggerExtensions.LogWarning(ILogger, string?, params object?[])' (https://learn.microsoft.com/dotnet/fundamentals/code-analysis/quality-rules/ca1848) [/home/runner/work/trading-bot-c-/trading-bot-c-/src/BotCore/BotCore.csproj]
/home/runner/work/trading-bot-c-/trading-bot-c-/src/BotCore/Services/SessionEndPositionFlattener.cs(177,17): error CA1848: For improved performance, use the LoggerMessage delegates instead of calling 'LoggerExtensions.LogInformation(ILogger, string?, params object?[])' (https://learn.microsoft.com/dotnet/fundamentals/code-analysis/quality-rules/ca1848) [/home/runner/work/trading-bot-c-/trading-bot-c-/src/BotCore/BotCore.csproj]
/home/runner/work/trading-bot-c-/trading-bot-c-/src/BotCore/Services/SessionEndPositionFlattener.cs(181,13): error CA1848: For improved performance, use the LoggerMessage delegates instead of calling 'LoggerExtensions.LogWarning(ILogger, string?, params object?[])' (https://learn.microsoft.com/dotnet/fundamentals/code-analysis/quality-rules/ca1848) [/home/runner/work/trading-bot-c-/trading-bot-c-/src/BotCore/BotCore.csproj]
/home/runner/work/trading-bot-c-/trading-bot-c-/src/BotCore/Services/SessionEndPositionFlattener.cs(190,17): error CA1848: For improved performance, use the LoggerMessage delegates instead of calling 'LoggerExtensions.LogWarning(ILogger, string?, params object?[])' (https://learn.microsoft.com/dotnet/fundamentals/code-analysis/quality-rules/ca1848) [/home/runner/work/trading-bot-c-/trading-bot-c-/src/BotCore/BotCore.csproj]
/home/runner/work/trading-bot-c-/trading-bot-c-/src/BotCore/Services/SessionEndPositionFlattener.cs(202,21): error CA1848: For improved performance, use the LoggerMessage delegates instead of calling 'LoggerExtensions.LogWarning(ILogger, string?, params object?[])' (https://learn.microsoft.com/dotnet/fundamentals/code-analysis/quality-rules/ca1848) [/home/runner/work/trading-bot-c-/trading-bot-c-/src/BotCore/BotCore.csproj]
/home/runner/work/trading-bot-c-/trading-bot-c-/src/BotCore/Services/SessionEndPositionFlattener.cs(210,25): error CA1848: For improved performance, use the LoggerMessage delegates instead of calling 'LoggerExtensions.LogInformation(ILogger, string?, params object?[])' (https://learn.microsoft.com/dotnet/fundamentals/code-analysis/quality-rules/ca1848) [/home/runner/work/trading-bot-c-/trading-bot-c-/src/BotCore/BotCore.csproj]
/home/runner/work/trading-bot-c-/trading-bot-c-/src/BotCore/Services/SessionEndPositionFlattener.cs(219,25): error CA1848: For improved performance, use the LoggerMessage delegates instead of calling 'LoggerExtensions.LogWarning(ILogger, string?, params object?[])' (https://learn.microsoft.com/dotnet/fundamentals/code-analysis/quality-rules/ca1848) [/home/runner/work/trading-bot-c-/trading-bot-c-/src/BotCore/BotCore.csproj]
/home/runner/work/trading-bot-c-/trading-bot-c-/src/BotCore/Services/SessionEndPositionFlattener.cs(226,21): error CA1848: For improved performance, use the LoggerMessage delegates instead of calling 'LoggerExtensions.LogError(ILogger, Exception?, string?, params object?[])' (https://learn.microsoft.com/dotnet/fundamentals/code-analysis/quality-rules/ca1848) [/home/runner/work/trading-bot-c-/trading-bot-c-/src/BotCore/BotCore.csproj]
/home/runner/work/trading-bot-c-/trading-bot-c-/src/BotCore/Services/SessionEndPositionFlattener.cs(232,13): error CA1848: For improved performance, use the LoggerMessage delegates instead of calling 'LoggerExtensions.LogWarning(ILogger, string?, params object?[])' (https://learn.microsoft.com/dotnet/fundamentals/code-analysis/quality-rules/ca1848) [/home/runner/work/trading-bot-c-/trading-bot-c-/src/BotCore/BotCore.csproj]
/home/runner/work/trading-bot-c-/trading-bot-c-/src/BotCore/Services/UnifiedPositionManagementService.cs(908,17): error CA1848: For improved performance, use the LoggerMessage delegates instead of calling 'LoggerExtensions.LogError(ILogger, Exception?, string?, params object?[])' (https://learn.microsoft.com/dotnet/fundamentals/code-analysis/quality-rules/ca1848) [/home/runner/work/trading-bot-c-/trading-bot-c-/src/BotCore/BotCore.csproj]
/home/runner/work/trading-bot-c-/trading-bot-c-/src/BotCore/Services/UnifiedPositionManagementService.cs(906,13): error CA1031: Modify 'GetCurrentMarketPriceAsync' to catch a more specific allowed exception type, or rethrow the exception (https://learn.microsoft.com/dotnet/fundamentals/code-analysis/quality-rules/ca1031) [/home/runner/work/trading-bot-c-/trading-bot-c-/src/BotCore/BotCore.csproj]
/home/runner/work/trading-bot-c-/trading-bot-c-/src/BotCore/Services/SessionEndPositionFlattener.cs(224,17): error CA1031: Modify 'FlattenAllPositionsAsync' to catch a more specific allowed exception type, or rethrow the exception (https://learn.microsoft.com/dotnet/fundamentals/code-analysis/quality-rules/ca1031) [/home/runner/work/trading-bot-c-/trading-bot-c-/src/BotCore/BotCore.csproj]
/home/runner/work/trading-bot-c-/trading-bot-c-/src/BotCore/Services/UnifiedPositionManagementService.cs(920,13): error S1172: Remove this unused method parameter 'cancellationToken'. (https://rules.sonarsource.com/csharp/RSPEC-1172) [/home/runner/work/trading-bot-c-/trading-bot-c-/src/BotCore/BotCore.csproj]
/home/runner/work/trading-bot-c-/trading-bot-c-/src/BotCore/Services/TopstepXHttpClient.cs(343,17): error CA1848: For improved performance, use the LoggerMessage delegates instead of calling 'LoggerExtensions.LogDebug(ILogger, string?, params object?[])' (https://learn.microsoft.com/dotnet/fundamentals/code-analysis/quality-rules/ca1848) [/home/runner/work/trading-bot-c-/trading-bot-c-/src/BotCore/BotCore.csproj]
/home/runner/work/trading-bot-c-/trading-bot-c-/src/BotCore/Services/TopstepXHttpClient.cs(347,13): error CA1848: For improved performance, use the LoggerMessage delegates instead of calling 'LoggerExtensions.LogWarning(ILogger, string?, params object?[])' (https://learn.microsoft.com/dotnet/fundamentals/code-analysis/quality-rules/ca1848) [/home/runner/work/trading-bot-c-/trading-bot-c-/src/BotCore/BotCore.csproj]
/home/runner/work/trading-bot-c-/trading-bot-c-/src/BotCore/Services/TopstepXHttpClient.cs(352,13): error CA1848: For improved performance, use the LoggerMessage delegates instead of calling 'LoggerExtensions.LogError(ILogger, Exception?, string?, params object?[])' (https://learn.microsoft.com/dotnet/fundamentals/code-analysis/quality-rules/ca1848) [/home/runner/work/trading-bot-c-/trading-bot-c-/src/BotCore/BotCore.csproj]
/home/runner/work/trading-bot-c-/trading-bot-c-/src/BotCore/Services/TopstepXHttpClient.cs(350,9): error CA1031: Modify 'GetAuthToken' to catch a more specific allowed exception type, or rethrow the exception (https://learn.microsoft.com/dotnet/fundamentals/code-analysis/quality-rules/ca1031) [/home/runner/work/trading-bot-c-/trading-bot-c-/src/BotCore/BotCore.csproj]
/home/runner/work/trading-bot-c-/trading-bot-c-/src/BotCore/Services/UnifiedPositionManagementService.cs(936,25): error CA1848: For improved performance, use the LoggerMessage delegates instead of calling 'LoggerExtensions.LogInformation(ILogger, string?, params object?[])' (https://learn.microsoft.com/dotnet/fundamentals/code-analysis/quality-rules/ca1848) [/home/runner/work/trading-bot-c-/trading-bot-c-/src/BotCore/BotCore.csproj]
/home/runner/work/trading-bot-c-/trading-bot-c-/src/BotCore/Services/UnifiedPositionManagementService.cs(941,25): error CA1848: For improved performance, use the LoggerMessage delegates instead of calling 'LoggerExtensions.LogWarning(ILogger, string?, params object?[])' (https://learn.microsoft.com/dotnet/fundamentals/code-analysis/quality-rules/ca1848) [/home/runner/work/trading-bot-c-/trading-bot-c-/src/BotCore/BotCore.csproj]
/home/runner/work/trading-bot-c-/trading-bot-c-/src/BotCore/Services/UnifiedPositionManagementService.cs(947,21): error CA1848: For improved performance, use the LoggerMessage delegates instead of calling 'LoggerExtensions.LogWarning(ILogger, string?, params object?[])' (https://learn.microsoft.com/dotnet/fundamentals/code-analysis/quality-rules/ca1848) [/home/runner/work/trading-bot-c-/trading-bot-c-/src/BotCore/BotCore.csproj]
/home/runner/work/trading-bot-c-/trading-bot-c-/src/BotCore/Services/UnifiedPositionManagementService.cs(953,17): error CA1848: For improved performance, use the LoggerMessage delegates instead of calling 'LoggerExtensions.LogError(ILogger, Exception?, string?, params object?[])' (https://learn.microsoft.com/dotnet/fundamentals/code-analysis/quality-rules/ca1848) [/home/runner/work/trading-bot-c-/trading-bot-c-/src/BotCore/BotCore.csproj]
/home/runner/work/trading-bot-c-/trading-bot-c-/src/BotCore/Services/UnifiedPositionManagementService.cs(951,13): error CA1031: Modify 'ModifyStopPriceAsync' to catch a more specific allowed exception type, or rethrow the exception (https://learn.microsoft.com/dotnet/fundamentals/code-analysis/quality-rules/ca1031) [/home/runner/work/trading-bot-c-/trading-bot-c-/src/BotCore/BotCore.csproj]
/home/runner/work/trading-bot-c-/trading-bot-c-/src/BotCore/Services/TradingFeedbackService.cs(342,13): error CA1848: For improved performance, use the LoggerMessage delegates instead of calling 'LoggerExtensions.LogWarning(ILogger, string?, params object?[])' (https://learn.microsoft.com/dotnet/fundamentals/code-analysis/quality-rules/ca1848) [/home/runner/work/trading-bot-c-/trading-bot-c-/src/BotCore/BotCore.csproj]
/home/runner/work/trading-bot-c-/trading-bot-c-/src/BotCore/Services/TradingFeedbackService.cs(358,13): error CA1848: For improved performance, use the LoggerMessage delegates instead of calling 'LoggerExtensions.LogWarning(ILogger, string?, params object?[])' (https://learn.microsoft.com/dotnet/fundamentals/code-analysis/quality-rules/ca1848) [/home/runner/work/trading-bot-c-/trading-bot-c-/src/BotCore/BotCore.csproj]
/home/runner/work/trading-bot-c-/trading-bot-c-/src/BotCore/Services/WalkForwardValidationService.cs(492,37): error SCS0005: Weak random number generator. (https://security-code-scan.github.io/#SCS0005) [/home/runner/work/trading-bot-c-/trading-bot-c-/src/BotCore/BotCore.csproj]
/home/runner/work/trading-bot-c-/trading-bot-c-/src/BotCore/Services/WalkForwardValidationService.cs(493,39): error SCS0005: Weak random number generator. (https://security-code-scan.github.io/#SCS0005) [/home/runner/work/trading-bot-c-/trading-bot-c-/src/BotCore/BotCore.csproj]
/home/runner/work/trading-bot-c-/trading-bot-c-/src/BotCore/Services/WalkForwardValidationService.cs(494,38): error SCS0005: Weak random number generator. (https://security-code-scan.github.io/#SCS0005) [/home/runner/work/trading-bot-c-/trading-bot-c-/src/BotCore/BotCore.csproj]
/home/runner/work/trading-bot-c-/trading-bot-c-/src/BotCore/Services/WalkForwardValidationService.cs(495,35): error SCS0005: Weak random number generator. (https://security-code-scan.github.io/#SCS0005) [/home/runner/work/trading-bot-c-/trading-bot-c-/src/BotCore/BotCore.csproj]
/home/runner/work/trading-bot-c-/trading-bot-c-/src/BotCore/Services/WalkForwardValidationService.cs(507,66): error SCS0005: Weak random number generator. (https://security-code-scan.github.io/#SCS0005) [/home/runner/work/trading-bot-c-/trading-bot-c-/src/BotCore/BotCore.csproj]
/home/runner/work/trading-bot-c-/trading-bot-c-/src/BotCore/Services/WalkForwardValidationService.cs(492,37): error CA5394: Random is an insecure random number generator. Use cryptographically secure random number generators when randomness is required for security. (https://learn.microsoft.com/dotnet/fundamentals/code-analysis/quality-rules/ca5394) [/home/runner/work/trading-bot-c-/trading-bot-c-/src/BotCore/BotCore.csproj]
/home/runner/work/trading-bot-c-/trading-bot-c-/src/BotCore/Services/WalkForwardValidationService.cs(493,39): error CA5394: Random is an insecure random number generator. Use cryptographically secure random number generators when randomness is required for security. (https://learn.microsoft.com/dotnet/fundamentals/code-analysis/quality-rules/ca5394) [/home/runner/work/trading-bot-c-/trading-bot-c-/src/BotCore/BotCore.csproj]
/home/runner/work/trading-bot-c-/trading-bot-c-/src/BotCore/Services/WalkForwardValidationService.cs(494,38): error CA5394: Random is an insecure random number generator. Use cryptographically secure random number generators when randomness is required for security. (https://learn.microsoft.com/dotnet/fundamentals/code-analysis/quality-rules/ca5394) [/home/runner/work/trading-bot-c-/trading-bot-c-/src/BotCore/BotCore.csproj]
/home/runner/work/trading-bot-c-/trading-bot-c-/src/BotCore/Services/WalkForwardValidationService.cs(495,35): error CA5394: Random is an insecure random number generator. Use cryptographically secure random number generators when randomness is required for security. (https://learn.microsoft.com/dotnet/fundamentals/code-analysis/quality-rules/ca5394) [/home/runner/work/trading-bot-c-/trading-bot-c-/src/BotCore/BotCore.csproj]
/home/runner/work/trading-bot-c-/trading-bot-c-/src/BotCore/Services/WalkForwardValidationService.cs(507,66): error CA5394: Random is an insecure random number generator. Use cryptographically secure random number generators when randomness is required for security. (https://learn.microsoft.com/dotnet/fundamentals/code-analysis/quality-rules/ca5394) [/home/runner/work/trading-bot-c-/trading-bot-c-/src/BotCore/BotCore.csproj]
/home/runner/work/trading-bot-c-/trading-bot-c-/src/BotCore/Services/TimeOptimizedStrategyManager.cs(401,30): error CA1826: Do not use Enumerable methods on indexable collections. Instead use the collection directly. (https://learn.microsoft.com/dotnet/fundamentals/code-analysis/quality-rules/ca1826) [/home/runner/work/trading-bot-c-/trading-bot-c-/src/BotCore/BotCore.csproj]
/home/runner/work/trading-bot-c-/trading-bot-c-/src/BotCore/Services/TimeOptimizedStrategyManager.cs(407,17): error CA1848: For improved performance, use the LoggerMessage delegates instead of calling 'LoggerExtensions.LogError(ILogger, Exception?, string?, params object?[])' (https://learn.microsoft.com/dotnet/fundamentals/code-analysis/quality-rules/ca1848) [/home/runner/work/trading-bot-c-/trading-bot-c-/src/BotCore/BotCore.csproj]
/home/runner/work/trading-bot-c-/trading-bot-c-/src/BotCore/Services/TradingFeedbackService.cs(399,13): error CA1848: For improved performance, use the LoggerMessage delegates instead of calling 'LoggerExtensions.LogInformation(ILogger, string?, params object?[])' (https://learn.microsoft.com/dotnet/fundamentals/code-analysis/quality-rules/ca1848) [/home/runner/work/trading-bot-c-/trading-bot-c-/src/BotCore/BotCore.csproj]
/home/runner/work/trading-bot-c-/trading-bot-c-/src/BotCore/Services/TradingFeedbackService.cs(405,13): error CA1848: For improved performance, use the LoggerMessage delegates instead of calling 'LoggerExtensions.LogInformation(ILogger, string?, params object?[])' (https://learn.microsoft.com/dotnet/fundamentals/code-analysis/quality-rules/ca1848) [/home/runner/work/trading-bot-c-/trading-bot-c-/src/BotCore/BotCore.csproj]
/home/runner/work/trading-bot-c-/trading-bot-c-/src/BotCore/Services/TradingFeedbackService.cs(409,13): error CA1848: For improved performance, use the LoggerMessage delegates instead of calling 'LoggerExtensions.LogError(ILogger, Exception?, string?, params object?[])' (https://learn.microsoft.com/dotnet/fundamentals/code-analysis/quality-rules/ca1848) [/home/runner/work/trading-bot-c-/trading-bot-c-/src/BotCore/BotCore.csproj]
/home/runner/work/trading-bot-c-/trading-bot-c-/src/BotCore/Services/TimeOptimizedStrategyManager.cs(405,13): error CA1031: Modify 'RunRegimeInferenceAsync' to catch a more specific allowed exception type, or rethrow the exception (https://learn.microsoft.com/dotnet/fundamentals/code-analysis/quality-rules/ca1031) [/home/runner/work/trading-bot-c-/trading-bot-c-/src/BotCore/BotCore.csproj]
/home/runner/work/trading-bot-c-/trading-bot-c-/src/BotCore/Services/TradingFeedbackService.cs(407,9): error CA1031: Modify 'TriggerModelRetraining' to catch a more specific allowed exception type, or rethrow the exception (https://learn.microsoft.com/dotnet/fundamentals/code-analysis/quality-rules/ca1031) [/home/runner/work/trading-bot-c-/trading-bot-c-/src/BotCore/BotCore.csproj]
/home/runner/work/trading-bot-c-/trading-bot-c-/src/BotCore/Services/StrategyPerformanceAnalyzer.cs(317,44): error S1541: The Cyclomatic Complexity of this method is 11 which is greater than 10 authorized. (https://rules.sonarsource.com/csharp/RSPEC-1541) [/home/runner/work/trading-bot-c-/trading-bot-c-/src/BotCore/BotCore.csproj]
/home/runner/work/trading-bot-c-/trading-bot-c-/src/BotCore/Services/UnifiedPositionManagementService.cs(963,13): error S1172: Remove this unused method parameter 'cancellationToken'. (https://rules.sonarsource.com/csharp/RSPEC-1172) [/home/runner/work/trading-bot-c-/trading-bot-c-/src/BotCore/BotCore.csproj]
/home/runner/work/trading-bot-c-/trading-bot-c-/src/BotCore/Services/UnifiedPositionManagementService.cs(967,17): error CA1848: For improved performance, use the LoggerMessage delegates instead of calling 'LoggerExtensions.LogWarning(ILogger, string?, params object?[])' (https://learn.microsoft.com/dotnet/fundamentals/code-analysis/quality-rules/ca1848) [/home/runner/work/trading-bot-c-/trading-bot-c-/src/BotCore/BotCore.csproj]
/home/runner/work/trading-bot-c-/trading-bot-c-/src/BotCore/Services/UnifiedPositionManagementService.cs(979,25): error CA1848: For improved performance, use the LoggerMessage delegates instead of calling 'LoggerExtensions.LogInformation(ILogger, string?, params object?[])' (https://learn.microsoft.com/dotnet/fundamentals/code-analysis/quality-rules/ca1848) [/home/runner/work/trading-bot-c-/trading-bot-c-/src/BotCore/BotCore.csproj]
/home/runner/work/trading-bot-c-/trading-bot-c-/src/BotCore/Services/UnifiedPositionManagementService.cs(987,25): error CA1848: For improved performance, use the LoggerMessage delegates instead of calling 'LoggerExtensions.LogWarning(ILogger, string?, params object?[])' (https://learn.microsoft.com/dotnet/fundamentals/code-analysis/quality-rules/ca1848) [/home/runner/work/trading-bot-c-/trading-bot-c-/src/BotCore/BotCore.csproj]
/home/runner/work/trading-bot-c-/trading-bot-c-/src/BotCore/Services/UnifiedPositionManagementService.cs(993,21): error CA1848: For improved performance, use the LoggerMessage delegates instead of calling 'LoggerExtensions.LogWarning(ILogger, string?, params object?[])' (https://learn.microsoft.com/dotnet/fundamentals/code-analysis/quality-rules/ca1848) [/home/runner/work/trading-bot-c-/trading-bot-c-/src/BotCore/BotCore.csproj]
/home/runner/work/trading-bot-c-/trading-bot-c-/src/BotCore/Services/UnifiedPositionManagementService.cs(1002,17): error CA1848: For improved performance, use the LoggerMessage delegates instead of calling 'LoggerExtensions.LogError(ILogger, Exception?, string?, params object?[])' (https://learn.microsoft.com/dotnet/fundamentals/code-analysis/quality-rules/ca1848) [/home/runner/work/trading-bot-c-/trading-bot-c-/src/BotCore/BotCore.csproj]
/home/runner/work/trading-bot-c-/trading-bot-c-/src/BotCore/Services/UnifiedPositionManagementService.cs(1000,13): error CA1031: Modify 'RequestPositionCloseAsync' to catch a more specific allowed exception type, or rethrow the exception (https://learn.microsoft.com/dotnet/fundamentals/code-analysis/quality-rules/ca1031) [/home/runner/work/trading-bot-c-/trading-bot-c-/src/BotCore/BotCore.csproj]
/home/runner/work/trading-bot-c-/trading-bot-c-/src/BotCore/Services/TimeOptimizedStrategyManager.cs(441,76): error S3358: Extract this nested ternary operation into an independent statement. (https://rules.sonarsource.com/csharp/RSPEC-3358) [/home/runner/work/trading-bot-c-/trading-bot-c-/src/BotCore/BotCore.csproj]
/home/runner/work/trading-bot-c-/trading-bot-c-/src/BotCore/Services/TradingFeedbackService.cs(445,13): error CA1848: For improved performance, use the LoggerMessage delegates instead of calling 'LoggerExtensions.LogInformation(ILogger, string?, params object?[])' (https://learn.microsoft.com/dotnet/fundamentals/code-analysis/quality-rules/ca1848) [/home/runner/work/trading-bot-c-/trading-bot-c-/src/BotCore/BotCore.csproj]
/home/runner/work/trading-bot-c-/trading-bot-c-/src/BotCore/Services/TradingFeedbackService.cs(452,13): error CA1848: For improved performance, use the LoggerMessage delegates instead of calling 'LoggerExtensions.LogError(ILogger, Exception?, string?, params object?[])' (https://learn.microsoft.com/dotnet/fundamentals/code-analysis/quality-rules/ca1848) [/home/runner/work/trading-bot-c-/trading-bot-c-/src/BotCore/BotCore.csproj]
/home/runner/work/trading-bot-c-/trading-bot-c-/src/BotCore/Services/TradingFeedbackService.cs(450,9): error CA1031: Modify 'TriggerEnsembleRetraining' to catch a more specific allowed exception type, or rethrow the exception (https://learn.microsoft.com/dotnet/fundamentals/code-analysis/quality-rules/ca1031) [/home/runner/work/trading-bot-c-/trading-bot-c-/src/BotCore/BotCore.csproj]
/home/runner/work/trading-bot-c-/trading-bot-c-/src/BotCore/Services/UnifiedDecisionRouter.cs(683,39): error SCS0005: Weak random number generator. (https://security-code-scan.github.io/#SCS0005) [/home/runner/work/trading-bot-c-/trading-bot-c-/src/BotCore/BotCore.csproj]
/home/runner/work/trading-bot-c-/trading-bot-c-/src/BotCore/Services/UnifiedDecisionRouter.cs(693,75): error SCS0005: Weak random number generator. (https://security-code-scan.github.io/#SCS0005) [/home/runner/work/trading-bot-c-/trading-bot-c-/src/BotCore/BotCore.csproj]
/home/runner/work/trading-bot-c-/trading-bot-c-/src/BotCore/Services/UnifiedDecisionRouter.cs(683,39): error CA5394: Random is an insecure random number generator. Use cryptographically secure random number generators when randomness is required for security. (https://learn.microsoft.com/dotnet/fundamentals/code-analysis/quality-rules/ca5394) [/home/runner/work/trading-bot-c-/trading-bot-c-/src/BotCore/BotCore.csproj]
/home/runner/work/trading-bot-c-/trading-bot-c-/src/BotCore/Services/UnifiedDecisionRouter.cs(693,75): error CA5394: Random is an insecure random number generator. Use cryptographically secure random number generators when randomness is required for security. (https://learn.microsoft.com/dotnet/fundamentals/code-analysis/quality-rules/ca5394) [/home/runner/work/trading-bot-c-/trading-bot-c-/src/BotCore/BotCore.csproj]
/home/runner/work/trading-bot-c-/trading-bot-c-/src/BotCore/Services/TradingFeedbackService.cs(476,13): error CA1848: For improved performance, use the LoggerMessage delegates instead of calling 'LoggerExtensions.LogDebug(ILogger, string?, params object?[])' (https://learn.microsoft.com/dotnet/fundamentals/code-analysis/quality-rules/ca1848) [/home/runner/work/trading-bot-c-/trading-bot-c-/src/BotCore/BotCore.csproj]
/home/runner/work/trading-bot-c-/trading-bot-c-/src/BotCore/Services/TradingFeedbackService.cs(480,13): error CA1848: For improved performance, use the LoggerMessage delegates instead of calling 'LoggerExtensions.LogError(ILogger, Exception?, string?, params object?[])' (https://learn.microsoft.com/dotnet/fundamentals/code-analysis/quality-rules/ca1848) [/home/runner/work/trading-bot-c-/trading-bot-c-/src/BotCore/BotCore.csproj]
/home/runner/work/trading-bot-c-/trading-bot-c-/src/BotCore/Services/TradingFeedbackService.cs(478,9): error CA1031: Modify 'SaveFeedbackDataAsync' to catch a more specific allowed exception type, or rethrow the exception (https://learn.microsoft.com/dotnet/fundamentals/code-analysis/quality-rules/ca1031) [/home/runner/work/trading-bot-c-/trading-bot-c-/src/BotCore/BotCore.csproj]
/home/runner/work/trading-bot-c-/trading-bot-c-/src/BotCore/Services/UnifiedDecisionRouter.cs(712,25): error S1244: Do not check floating point equality with exact values, use a range instead. (https://rules.sonarsource.com/csharp/RSPEC-1244) [/home/runner/work/trading-bot-c-/trading-bot-c-/src/BotCore/BotCore.csproj]
/home/runner/work/trading-bot-c-/trading-bot-c-/src/BotCore/Services/UnifiedDecisionRouter.cs(712,45): error S1244: Do not check floating point equality with exact values, use a range instead. (https://rules.sonarsource.com/csharp/RSPEC-1244) [/home/runner/work/trading-bot-c-/trading-bot-c-/src/BotCore/BotCore.csproj]
/home/runner/work/trading-bot-c-/trading-bot-c-/src/BotCore/Services/TradingFeedbackService.cs(504,13): error CA1848: For improved performance, use the LoggerMessage delegates instead of calling 'LoggerExtensions.LogDebug(ILogger, string?, params object?[])' (https://learn.microsoft.com/dotnet/fundamentals/code-analysis/quality-rules/ca1848) [/home/runner/work/trading-bot-c-/trading-bot-c-/src/BotCore/BotCore.csproj]
/home/runner/work/trading-bot-c-/trading-bot-c-/src/BotCore/Services/TradingFeedbackService.cs(508,13): error CA1848: For improved performance, use the LoggerMessage delegates instead of calling 'LoggerExtensions.LogError(ILogger, Exception?, string?, params object?[])' (https://learn.microsoft.com/dotnet/fundamentals/code-analysis/quality-rules/ca1848) [/home/runner/work/trading-bot-c-/trading-bot-c-/src/BotCore/BotCore.csproj]
/home/runner/work/trading-bot-c-/trading-bot-c-/src/BotCore/Services/UnifiedPositionManagementService.cs(1039,28): error S1541: The Cyclomatic Complexity of this method is 17 which is greater than 10 authorized. (https://rules.sonarsource.com/csharp/RSPEC-1541) [/home/runner/work/trading-bot-c-/trading-bot-c-/src/BotCore/BotCore.csproj]
/home/runner/work/trading-bot-c-/trading-bot-c-/src/BotCore/Services/TradingFeedbackService.cs(506,9): error CA1031: Modify 'SavePerformanceIssuesAsync' to catch a more specific allowed exception type, or rethrow the exception (https://learn.microsoft.com/dotnet/fundamentals/code-analysis/quality-rules/ca1031) [/home/runner/work/trading-bot-c-/trading-bot-c-/src/BotCore/BotCore.csproj]
/home/runner/work/trading-bot-c-/trading-bot-c-/src/BotCore/Services/UnifiedPositionManagementService.cs(1042,13): error S1172: Remove this unused method parameter 'tickSize'. (https://rules.sonarsource.com/csharp/RSPEC-1172) [/home/runner/work/trading-bot-c-/trading-bot-c-/src/BotCore/BotCore.csproj]
/home/runner/work/trading-bot-c-/trading-bot-c-/src/BotCore/Services/TimeOptimizedStrategyManager.cs(475,98): error S1172: Remove this unused method parameter 'data'. (https://rules.sonarsource.com/csharp/RSPEC-1172) [/home/runner/work/trading-bot-c-/trading-bot-c-/src/BotCore/BotCore.csproj]
/home/runner/work/trading-bot-c-/trading-bot-c-/src/BotCore/Services/UnifiedPositionManagementService.cs(1080,17): error CA1848: For improved performance, use the LoggerMessage delegates instead of calling 'LoggerExtensions.LogInformation(ILogger, string?, params object?[])' (https://learn.microsoft.com/dotnet/fundamentals/code-analysis/quality-rules/ca1848) [/home/runner/work/trading-bot-c-/trading-bot-c-/src/BotCore/BotCore.csproj]
/home/runner/work/trading-bot-c-/trading-bot-c-/src/BotCore/Services/UnifiedPositionManagementService.cs(1092,21): error CA1848: For improved performance, use the LoggerMessage delegates instead of calling 'LoggerExtensions.LogDebug(ILogger, Exception?, string?, params object?[])' (https://learn.microsoft.com/dotnet/fundamentals/code-analysis/quality-rules/ca1848) [/home/runner/work/trading-bot-c-/trading-bot-c-/src/BotCore/BotCore.csproj]
/home/runner/work/trading-bot-c-/trading-bot-c-/src/BotCore/Services/UnifiedPositionManagementService.cs(1101,17): error CA1848: For improved performance, use the LoggerMessage delegates instead of calling 'LoggerExtensions.LogInformation(ILogger, string?, params object?[])' (https://learn.microsoft.com/dotnet/fundamentals/code-analysis/quality-rules/ca1848) [/home/runner/work/trading-bot-c-/trading-bot-c-/src/BotCore/BotCore.csproj]
/home/runner/work/trading-bot-c-/trading-bot-c-/src/BotCore/Services/UnifiedPositionManagementService.cs(1113,21): error CA1848: For improved performance, use the LoggerMessage delegates instead of calling 'LoggerExtensions.LogDebug(ILogger, Exception?, string?, params object?[])' (https://learn.microsoft.com/dotnet/fundamentals/code-analysis/quality-rules/ca1848) [/home/runner/work/trading-bot-c-/trading-bot-c-/src/BotCore/BotCore.csproj]
/home/runner/work/trading-bot-c-/trading-bot-c-/src/BotCore/Services/UnifiedPositionManagementService.cs(1122,17): error CA1848: For improved performance, use the LoggerMessage delegates instead of calling 'LoggerExtensions.LogInformation(ILogger, string?, params object?[])' (https://learn.microsoft.com/dotnet/fundamentals/code-analysis/quality-rules/ca1848) [/home/runner/work/trading-bot-c-/trading-bot-c-/src/BotCore/BotCore.csproj]
/home/runner/work/trading-bot-c-/trading-bot-c-/src/BotCore/Services/UnifiedPositionManagementService.cs(1134,21): error CA1848: For improved performance, use the LoggerMessage delegates instead of calling 'LoggerExtensions.LogDebug(ILogger, Exception?, string?, params object?[])' (https://learn.microsoft.com/dotnet/fundamentals/code-analysis/quality-rules/ca1848) [/home/runner/work/trading-bot-c-/trading-bot-c-/src/BotCore/BotCore.csproj]
/home/runner/work/trading-bot-c-/trading-bot-c-/src/BotCore/Services/TimeOptimizedStrategyManager.cs(496,17): error CA1848: For improved performance, use the LoggerMessage delegates instead of calling 'LoggerExtensions.LogWarning(ILogger, Exception?, string?, params object?[])' (https://learn.microsoft.com/dotnet/fundamentals/code-analysis/quality-rules/ca1848) [/home/runner/work/trading-bot-c-/trading-bot-c-/src/BotCore/BotCore.csproj]
/home/runner/work/trading-bot-c-/trading-bot-c-/src/BotCore/Services/TimeOptimizedStrategyManager.cs(494,13): error CA1031: Modify 'GenerateStrategyCandidates' to catch a more specific allowed exception type, or rethrow the exception (https://learn.microsoft.com/dotnet/fundamentals/code-analysis/quality-rules/ca1031) [/home/runner/work/trading-bot-c-/trading-bot-c-/src/BotCore/BotCore.csproj]
/home/runner/work/trading-bot-c-/trading-bot-c-/src/BotCore/Services/UnifiedPositionManagementService.cs(1089,17): error CA1031: Modify 'CheckPartialExitsAsync' to catch a more specific allowed exception type, or rethrow the exception (https://learn.microsoft.com/dotnet/fundamentals/code-analysis/quality-rules/ca1031) [/home/runner/work/trading-bot-c-/trading-bot-c-/src/BotCore/BotCore.csproj]
/home/runner/work/trading-bot-c-/trading-bot-c-/src/BotCore/Services/UnifiedPositionManagementService.cs(1110,17): error CA1031: Modify 'CheckPartialExitsAsync' to catch a more specific allowed exception type, or rethrow the exception (https://learn.microsoft.com/dotnet/fundamentals/code-analysis/quality-rules/ca1031) [/home/runner/work/trading-bot-c-/trading-bot-c-/src/BotCore/BotCore.csproj]
/home/runner/work/trading-bot-c-/trading-bot-c-/src/BotCore/Services/UnifiedPositionManagementService.cs(1131,17): error CA1031: Modify 'CheckPartialExitsAsync' to catch a more specific allowed exception type, or rethrow the exception (https://learn.microsoft.com/dotnet/fundamentals/code-analysis/quality-rules/ca1031) [/home/runner/work/trading-bot-c-/trading-bot-c-/src/BotCore/BotCore.csproj]
/home/runner/work/trading-bot-c-/trading-bot-c-/src/BotCore/Services/StrategyPerformanceAnalyzer.cs(547,77): error S3358: Extract this nested ternary operation into an independent statement. (https://rules.sonarsource.com/csharp/RSPEC-3358) [/home/runner/work/trading-bot-c-/trading-bot-c-/src/BotCore/BotCore.csproj]
/home/runner/work/trading-bot-c-/trading-bot-c-/src/BotCore/Services/UnifiedPositionManagementService.cs(1151,28): error S1541: The Cyclomatic Complexity of this method is 12 which is greater than 10 authorized. (https://rules.sonarsource.com/csharp/RSPEC-1541) [/home/runner/work/trading-bot-c-/trading-bot-c-/src/BotCore/BotCore.csproj]
/home/runner/work/trading-bot-c-/trading-bot-c-/src/BotCore/Services/UnifiedPositionManagementService.cs(1216,25): error CA1848: For improved performance, use the LoggerMessage delegates instead of calling 'LoggerExtensions.LogInformation(ILogger, string?, params object?[])' (https://learn.microsoft.com/dotnet/fundamentals/code-analysis/quality-rules/ca1848) [/home/runner/work/trading-bot-c-/trading-bot-c-/src/BotCore/BotCore.csproj]
/home/runner/work/trading-bot-c-/trading-bot-c-/src/BotCore/Services/UnifiedPositionManagementService.cs(1225,17): error CA1848: For improved performance, use the LoggerMessage delegates instead of calling 'LoggerExtensions.LogWarning(ILogger, Exception?, string?, params object?[])' (https://learn.microsoft.com/dotnet/fundamentals/code-analysis/quality-rules/ca1848) [/home/runner/work/trading-bot-c-/trading-bot-c-/src/BotCore/BotCore.csproj]
/home/runner/work/trading-bot-c-/trading-bot-c-/src/BotCore/Services/TimeOptimizedStrategyManager.cs(488,34): error CA2000: Call System.IDisposable.Dispose on object created by 'new BotCore.Risk.RiskEngine()' before all references to it are out of scope (https://learn.microsoft.com/dotnet/fundamentals/code-analysis/quality-rules/ca2000) [/home/runner/work/trading-bot-c-/trading-bot-c-/src/BotCore/BotCore.csproj]
/home/runner/work/trading-bot-c-/trading-bot-c-/src/BotCore/Services/UnifiedPositionManagementService.cs(1223,13): error CA1031: Modify 'ApplyVolatilityAdaptiveStopAsync' to catch a more specific allowed exception type, or rethrow the exception (https://learn.microsoft.com/dotnet/fundamentals/code-analysis/quality-rules/ca1031) [/home/runner/work/trading-bot-c-/trading-bot-c-/src/BotCore/BotCore.csproj]
/home/runner/work/trading-bot-c-/trading-bot-c-/src/BotCore/Services/TimeOptimizedStrategyManager.cs(598,35): error S1244: Do not check floating point inequality with exact values, use a range instead. (https://rules.sonarsource.com/csharp/RSPEC-1244) [/home/runner/work/trading-bot-c-/trading-bot-c-/src/BotCore/BotCore.csproj]
/home/runner/work/trading-bot-c-/trading-bot-c-/src/BotCore/Services/TimeOptimizedStrategyManager.cs(544,24): error S1541: The Cyclomatic Complexity of this method is 12 which is greater than 10 authorized. (https://rules.sonarsource.com/csharp/RSPEC-1541) [/home/runner/work/trading-bot-c-/trading-bot-c-/src/BotCore/BotCore.csproj]
/home/runner/work/trading-bot-c-/trading-bot-c-/src/BotCore/Services/UnifiedDecisionRouter.cs(831,70): error SCS0005: Weak random number generator. (https://security-code-scan.github.io/#SCS0005) [/home/runner/work/trading-bot-c-/trading-bot-c-/src/BotCore/BotCore.csproj]
/home/runner/work/trading-bot-c-/trading-bot-c-/src/BotCore/Services/TimeOptimizedStrategyManager.cs(562,25): error CA1848: For improved performance, use the LoggerMessage delegates instead of calling 'LoggerExtensions.LogDebug(ILogger, string?, params object?[])' (https://learn.microsoft.com/dotnet/fundamentals/code-analysis/quality-rules/ca1848) [/home/runner/work/trading-bot-c-/trading-bot-c-/src/BotCore/BotCore.csproj]
/home/runner/work/trading-bot-c-/trading-bot-c-/src/BotCore/Services/TimeOptimizedStrategyManager.cs(578,17): error CA1848: For improved performance, use the LoggerMessage delegates instead of calling 'LoggerExtensions.LogDebug(ILogger, string?, params object?[])' (https://learn.microsoft.com/dotnet/fundamentals/code-analysis/quality-rules/ca1848) [/home/runner/work/trading-bot-c-/trading-bot-c-/src/BotCore/BotCore.csproj]
/home/runner/work/trading-bot-c-/trading-bot-c-/src/BotCore/Services/TimeOptimizedStrategyManager.cs(583,17): error CA1848: For improved performance, use the LoggerMessage delegates instead of calling 'LoggerExtensions.LogError(ILogger, Exception?, string?, params object?[])' (https://learn.microsoft.com/dotnet/fundamentals/code-analysis/quality-rules/ca1848) [/home/runner/work/trading-bot-c-/trading-bot-c-/src/BotCore/BotCore.csproj]
/home/runner/work/trading-bot-c-/trading-bot-c-/src/BotCore/Services/UnifiedPositionManagementService.cs(1294,21): error CA1848: For improved performance, use the LoggerMessage delegates instead of calling 'LoggerExtensions.LogInformation(ILogger, string?, params object?[])' (https://learn.microsoft.com/dotnet/fundamentals/code-analysis/quality-rules/ca1848) [/home/runner/work/trading-bot-c-/trading-bot-c-/src/BotCore/BotCore.csproj]
/home/runner/work/trading-bot-c-/trading-bot-c-/src/BotCore/Services/UnifiedPositionManagementService.cs(1306,25): error CA1848: For improved performance, use the LoggerMessage delegates instead of calling 'LoggerExtensions.LogInformation(ILogger, string?, params object?[])' (https://learn.microsoft.com/dotnet/fundamentals/code-analysis/quality-rules/ca1848) [/home/runner/work/trading-bot-c-/trading-bot-c-/src/BotCore/BotCore.csproj]
/home/runner/work/trading-bot-c-/trading-bot-c-/src/BotCore/Services/UnifiedPositionManagementService.cs(1314,25): error CA1848: For improved performance, use the LoggerMessage delegates instead of calling 'LoggerExtensions.LogError(ILogger, string?, params object?[])' (https://learn.microsoft.com/dotnet/fundamentals/code-analysis/quality-rules/ca1848) [/home/runner/work/trading-bot-c-/trading-bot-c-/src/BotCore/BotCore.csproj]
/home/runner/work/trading-bot-c-/trading-bot-c-/src/BotCore/Services/UnifiedPositionManagementService.cs(1321,21): error CA1848: For improved performance, use the LoggerMessage delegates instead of calling 'LoggerExtensions.LogWarning(ILogger, string?, params object?[])' (https://learn.microsoft.com/dotnet/fundamentals/code-analysis/quality-rules/ca1848) [/home/runner/work/trading-bot-c-/trading-bot-c-/src/BotCore/BotCore.csproj]
/home/runner/work/trading-bot-c-/trading-bot-c-/src/BotCore/Services/UnifiedPositionManagementService.cs(1330,17): error CA1848: For improved performance, use the LoggerMessage delegates instead of calling 'LoggerExtensions.LogError(ILogger, Exception?, string?, params object?[])' (https://learn.microsoft.com/dotnet/fundamentals/code-analysis/quality-rules/ca1848) [/home/runner/work/trading-bot-c-/trading-bot-c-/src/BotCore/BotCore.csproj]
/home/runner/work/trading-bot-c-/trading-bot-c-/src/BotCore/Services/UnifiedDecisionRouter.cs(831,70): error CA5394: Random is an insecure random number generator. Use cryptographically secure random number generators when randomness is required for security. (https://learn.microsoft.com/dotnet/fundamentals/code-analysis/quality-rules/ca5394) [/home/runner/work/trading-bot-c-/trading-bot-c-/src/BotCore/BotCore.csproj]
/home/runner/work/trading-bot-c-/trading-bot-c-/src/BotCore/Services/TimeOptimizedStrategyManager.cs(581,13): error CA1031: Modify 'CalculateRealTimeCorrelation' to catch a more specific allowed exception type, or rethrow the exception (https://learn.microsoft.com/dotnet/fundamentals/code-analysis/quality-rules/ca1031) [/home/runner/work/trading-bot-c-/trading-bot-c-/src/BotCore/BotCore.csproj]
/home/runner/work/trading-bot-c-/trading-bot-c-/src/BotCore/Services/UnifiedPositionManagementService.cs(1328,13): error CA1031: Modify 'RequestPartialCloseAsync' to catch a more specific allowed exception type, or rethrow the exception (https://learn.microsoft.com/dotnet/fundamentals/code-analysis/quality-rules/ca1031) [/home/runner/work/trading-bot-c-/trading-bot-c-/src/BotCore/BotCore.csproj]
/home/runner/work/trading-bot-c-/trading-bot-c-/src/BotCore/Services/WalkForwardValidationService.cs(599,17): error CA1848: For improved performance, use the LoggerMessage delegates instead of calling 'LoggerExtensions.LogError(ILogger, Exception?, string?, params object?[])' (https://learn.microsoft.com/dotnet/fundamentals/code-analysis/quality-rules/ca1848) [/home/runner/work/trading-bot-c-/trading-bot-c-/src/BotCore/BotCore.csproj]
/home/runner/work/trading-bot-c-/trading-bot-c-/src/BotCore/Services/WalkForwardValidationService.cs(604,17): error CA1848: For improved performance, use the LoggerMessage delegates instead of calling 'LoggerExtensions.LogError(ILogger, Exception?, string?, params object?[])' (https://learn.microsoft.com/dotnet/fundamentals/code-analysis/quality-rules/ca1848) [/home/runner/work/trading-bot-c-/trading-bot-c-/src/BotCore/BotCore.csproj]
/home/runner/work/trading-bot-c-/trading-bot-c-/src/BotCore/Services/TimeOptimizedStrategyManager.cs(623,32): error S1244: Do not check floating point inequality with exact values, use a range instead. (https://rules.sonarsource.com/csharp/RSPEC-1244) [/home/runner/work/trading-bot-c-/trading-bot-c-/src/BotCore/BotCore.csproj]
/home/runner/work/trading-bot-c-/trading-bot-c-/src/BotCore/Services/TimeOptimizedStrategyManager.cs(644,17): error CA1848: For improved performance, use the LoggerMessage delegates instead of calling 'LoggerExtensions.LogDebug(ILogger, string?, params object?[])' (https://learn.microsoft.com/dotnet/fundamentals/code-analysis/quality-rules/ca1848) [/home/runner/work/trading-bot-c-/trading-bot-c-/src/BotCore/BotCore.csproj]
/home/runner/work/trading-bot-c-/trading-bot-c-/src/BotCore/Services/TimeOptimizedStrategyManager.cs(654,13): error CA1848: For improved performance, use the LoggerMessage delegates instead of calling 'LoggerExtensions.LogInformation(ILogger, string?, params object?[])' (https://learn.microsoft.com/dotnet/fundamentals/code-analysis/quality-rules/ca1848) [/home/runner/work/trading-bot-c-/trading-bot-c-/src/BotCore/BotCore.csproj]
/home/runner/work/trading-bot-c-/trading-bot-c-/src/BotCore/Services/UnifiedPositionManagementService.cs(1338,22): error AsyncFixer03: Avoid unsupported fire-and-forget async-void methods or delegates. Unhandled exceptions will crash the process. (https://github.com/semihokur/AsyncFixer) [/home/runner/work/trading-bot-c-/trading-bot-c-/src/BotCore/BotCore.csproj]
/home/runner/work/trading-bot-c-/trading-bot-c-/src/BotCore/Services/TimeOptimizedStrategyManager.cs(696,25): error S1244: Do not check floating point equality with exact values, use a range instead. (https://rules.sonarsource.com/csharp/RSPEC-1244) [/home/runner/work/trading-bot-c-/trading-bot-c-/src/BotCore/BotCore.csproj]
/home/runner/work/trading-bot-c-/trading-bot-c-/src/BotCore/Services/UnifiedPositionManagementService.cs(1338,27): error S1541: The Cyclomatic Complexity of this method is 19 which is greater than 10 authorized. (https://rules.sonarsource.com/csharp/RSPEC-1541) [/home/runner/work/trading-bot-c-/trading-bot-c-/src/BotCore/BotCore.csproj]
/home/runner/work/trading-bot-c-/trading-bot-c-/src/BotCore/Services/UnifiedPositionManagementService.cs(1338,27): error S138: This method 'OnZoneBreak' has 82 lines, which is greater than the 80 lines authorized. Split it into smaller methods. (https://rules.sonarsource.com/csharp/RSPEC-138) [/home/runner/work/trading-bot-c-/trading-bot-c-/src/BotCore/BotCore.csproj]
/home/runner/work/trading-bot-c-/trading-bot-c-/src/BotCore/Services/WalkForwardValidationService.cs(637,17): error CA1848: For improved performance, use the LoggerMessage delegates instead of calling 'LoggerExtensions.LogError(ILogger, Exception?, string?, params object?[])' (https://learn.microsoft.com/dotnet/fundamentals/code-analysis/quality-rules/ca1848) [/home/runner/work/trading-bot-c-/trading-bot-c-/src/BotCore/BotCore.csproj]
/home/runner/work/trading-bot-c-/trading-bot-c-/src/BotCore/Services/WalkForwardValidationService.cs(641,17): error CA1848: For improved performance, use the LoggerMessage delegates instead of calling 'LoggerExtensions.LogError(ILogger, Exception?, string?, params object?[])' (https://learn.microsoft.com/dotnet/fundamentals/code-analysis/quality-rules/ca1848) [/home/runner/work/trading-bot-c-/trading-bot-c-/src/BotCore/BotCore.csproj]
/home/runner/work/trading-bot-c-/trading-bot-c-/src/BotCore/Services/WalkForwardValidationService.cs(645,17): error CA1848: For improved performance, use the LoggerMessage delegates instead of calling 'LoggerExtensions.LogError(ILogger, Exception?, string?, params object?[])' (https://learn.microsoft.com/dotnet/fundamentals/code-analysis/quality-rules/ca1848) [/home/runner/work/trading-bot-c-/trading-bot-c-/src/BotCore/BotCore.csproj]
/home/runner/work/trading-bot-c-/trading-bot-c-/src/BotCore/Services/UnifiedPositionManagementService.cs(1372,33): error CA1848: For improved performance, use the LoggerMessage delegates instead of calling 'LoggerExtensions.LogWarning(ILogger, string?, params object?[])' (https://learn.microsoft.com/dotnet/fundamentals/code-analysis/quality-rules/ca1848) [/home/runner/work/trading-bot-c-/trading-bot-c-/src/BotCore/BotCore.csproj]
/home/runner/work/trading-bot-c-/trading-bot-c-/src/BotCore/Services/UnifiedPositionManagementService.cs(1481,21): error CA1848: For improved performance, use the LoggerMessage delegates instead of calling 'LoggerExtensions.LogInformation(ILogger, string?, params object?[])' (https://learn.microsoft.com/dotnet/fundamentals/code-analysis/quality-rules/ca1848) [/home/runner/work/trading-bot-c-/trading-bot-c-/src/BotCore/BotCore.csproj]
/home/runner/work/trading-bot-c-/trading-bot-c-/src/BotCore/Services/UnifiedPositionManagementService.cs(1496,21): error CA1848: For improved performance, use the LoggerMessage delegates instead of calling 'LoggerExtensions.LogInformation(ILogger, string?, params object?[])' (https://learn.microsoft.com/dotnet/fundamentals/code-analysis/quality-rules/ca1848) [/home/runner/work/trading-bot-c-/trading-bot-c-/src/BotCore/BotCore.csproj]
/home/runner/work/trading-bot-c-/trading-bot-c-/src/BotCore/Services/UnifiedPositionManagementService.cs(1403,33): error CA1848: For improved performance, use the LoggerMessage delegates instead of calling 'LoggerExtensions.LogWarning(ILogger, string?, params object?[])' (https://learn.microsoft.com/dotnet/fundamentals/code-analysis/quality-rules/ca1848) [/home/runner/work/trading-bot-c-/trading-bot-c-/src/BotCore/BotCore.csproj]
/home/runner/work/trading-bot-c-/trading-bot-c-/src/BotCore/Services/UnifiedPositionManagementService.cs(1431,29): error CA1848: For improved performance, use the LoggerMessage delegates instead of calling 'LoggerExtensions.LogInformation(ILogger, string?, params object?[])' (https://learn.microsoft.com/dotnet/fundamentals/code-analysis/quality-rules/ca1848) [/home/runner/work/trading-bot-c-/trading-bot-c-/src/BotCore/BotCore.csproj]
/home/runner/work/trading-bot-c-/trading-bot-c-/src/BotCore/Services/UnifiedPositionManagementService.cs(1438,29): error CA1848: For improved performance, use the LoggerMessage delegates instead of calling 'LoggerExtensions.LogInformation(ILogger, string?, params object?[])' (https://learn.microsoft.com/dotnet/fundamentals/code-analysis/quality-rules/ca1848) [/home/runner/work/trading-bot-c-/trading-bot-c-/src/BotCore/BotCore.csproj]
/home/runner/work/trading-bot-c-/trading-bot-c-/src/BotCore/Services/UnifiedPositionManagementService.cs(1452,17): error CA1848: For improved performance, use the LoggerMessage delegates instead of calling 'LoggerExtensions.LogError(ILogger, Exception?, string?, params object?[])' (https://learn.microsoft.com/dotnet/fundamentals/code-analysis/quality-rules/ca1848) [/home/runner/work/trading-bot-c-/trading-bot-c-/src/BotCore/BotCore.csproj]
/home/runner/work/trading-bot-c-/trading-bot-c-/src/BotCore/Services/UnifiedPositionManagementService.cs(1388,37): error CA1031: Modify 'OnZoneBreak' to catch a more specific allowed exception type, or rethrow the exception (https://learn.microsoft.com/dotnet/fundamentals/code-analysis/quality-rules/ca1031) [/home/runner/work/trading-bot-c-/trading-bot-c-/src/BotCore/BotCore.csproj]
/home/runner/work/trading-bot-c-/trading-bot-c-/src/BotCore/Services/UnifiedPositionManagementService.cs(1419,37): error CA1031: Modify 'OnZoneBreak' to catch a more specific allowed exception type, or rethrow the exception (https://learn.microsoft.com/dotnet/fundamentals/code-analysis/quality-rules/ca1031) [/home/runner/work/trading-bot-c-/trading-bot-c-/src/BotCore/BotCore.csproj]
/home/runner/work/trading-bot-c-/trading-bot-c-/src/BotCore/Services/UnifiedPositionManagementService.cs(1450,13): error CA1031: Modify 'OnZoneBreak' to catch a more specific allowed exception type, or rethrow the exception (https://learn.microsoft.com/dotnet/fundamentals/code-analysis/quality-rules/ca1031) [/home/runner/work/trading-bot-c-/trading-bot-c-/src/BotCore/BotCore.csproj]
/home/runner/work/trading-bot-c-/trading-bot-c-/src/BotCore/Services/StrategyPerformanceAnalyzer.cs(614,65): error S1172: Remove this unused method parameter 'cancellationToken'. (https://rules.sonarsource.com/csharp/RSPEC-1172) [/home/runner/work/trading-bot-c-/trading-bot-c-/src/BotCore/BotCore.csproj]
/home/runner/work/trading-bot-c-/trading-bot-c-/src/BotCore/Services/UnifiedPositionManagementService.cs(1509,86): error S1541: The Cyclomatic Complexity of this method is 15 which is greater than 10 authorized. (https://rules.sonarsource.com/csharp/RSPEC-1541) [/home/runner/work/trading-bot-c-/trading-bot-c-/src/BotCore/BotCore.csproj]
/home/runner/work/trading-bot-c-/trading-bot-c-/src/BotCore/Services/StrategyPerformanceAnalyzer.cs(627,17): error CA1848: For improved performance, use the LoggerMessage delegates instead of calling 'LoggerExtensions.LogInformation(ILogger, string?, params object?[])' (https://learn.microsoft.com/dotnet/fundamentals/code-analysis/quality-rules/ca1848) [/home/runner/work/trading-bot-c-/trading-bot-c-/src/BotCore/BotCore.csproj]
/home/runner/work/trading-bot-c-/trading-bot-c-/src/BotCore/Services/StrategyPerformanceAnalyzer.cs(632,17): error CA1848: For improved performance, use the LoggerMessage delegates instead of calling 'LoggerExtensions.LogWarning(ILogger, string?, params object?[])' (https://learn.microsoft.com/dotnet/fundamentals/code-analysis/quality-rules/ca1848) [/home/runner/work/trading-bot-c-/trading-bot-c-/src/BotCore/BotCore.csproj]
/home/runner/work/trading-bot-c-/trading-bot-c-/src/BotCore/Services/TimeOptimizedStrategyManager.cs(742,26): error S1244: Do not check floating point equality with exact values, use a range instead. (https://rules.sonarsource.com/csharp/RSPEC-1244) [/home/runner/work/trading-bot-c-/trading-bot-c-/src/BotCore/BotCore.csproj]
/home/runner/work/trading-bot-c-/trading-bot-c-/src/BotCore/Services/TimeOptimizedStrategyManager.cs(742,43): error S1244: Do not check floating point equality with exact values, use a range instead. (https://rules.sonarsource.com/csharp/RSPEC-1244) [/home/runner/work/trading-bot-c-/trading-bot-c-/src/BotCore/BotCore.csproj]
/home/runner/work/trading-bot-c-/trading-bot-c-/src/BotCore/Services/SessionAwareRuntimeGates.cs(51,13): error CA1848: For improved performance, use the LoggerMessage delegates instead of calling 'LoggerExtensions.LogDebug(ILogger, string?, params object?[])' (https://learn.microsoft.com/dotnet/fundamentals/code-analysis/quality-rules/ca1848) [/home/runner/work/trading-bot-c-/trading-bot-c-/src/BotCore/BotCore.csproj]
/home/runner/work/trading-bot-c-/trading-bot-c-/src/BotCore/Services/SessionAwareRuntimeGates.cs(58,13): error CA1848: For improved performance, use the LoggerMessage delegates instead of calling 'LoggerExtensions.LogDebug(ILogger, string?, params object?[])' (https://learn.microsoft.com/dotnet/fundamentals/code-analysis/quality-rules/ca1848) [/home/runner/work/trading-bot-c-/trading-bot-c-/src/BotCore/BotCore.csproj]
/home/runner/work/trading-bot-c-/trading-bot-c-/src/BotCore/Services/SessionAwareRuntimeGates.cs(65,13): error CA1848: For improved performance, use the LoggerMessage delegates instead of calling 'LoggerExtensions.LogDebug(ILogger, string?, params object?[])' (https://learn.microsoft.com/dotnet/fundamentals/code-analysis/quality-rules/ca1848) [/home/runner/work/trading-bot-c-/trading-bot-c-/src/BotCore/BotCore.csproj]
/home/runner/work/trading-bot-c-/trading-bot-c-/src/BotCore/Services/SessionAwareRuntimeGates.cs(73,13): error CA1848: For improved performance, use the LoggerMessage delegates instead of calling 'LoggerExtensions.LogDebug(ILogger, string?, params object?[])' (https://learn.microsoft.com/dotnet/fundamentals/code-analysis/quality-rules/ca1848) [/home/runner/work/trading-bot-c-/trading-bot-c-/src/BotCore/BotCore.csproj]
/home/runner/work/trading-bot-c-/trading-bot-c-/src/BotCore/Services/SessionAwareRuntimeGates.cs(81,13): error CA1848: For improved performance, use the LoggerMessage delegates instead of calling 'LoggerExtensions.LogDebug(ILogger, string?, params object?[])' (https://learn.microsoft.com/dotnet/fundamentals/code-analysis/quality-rules/ca1848) [/home/runner/work/trading-bot-c-/trading-bot-c-/src/BotCore/BotCore.csproj]
/home/runner/work/trading-bot-c-/trading-bot-c-/src/BotCore/Services/SessionAwareRuntimeGates.cs(85,9): error CA1848: For improved performance, use the LoggerMessage delegates instead of calling 'LoggerExtensions.LogDebug(ILogger, string?, params object?[])' (https://learn.microsoft.com/dotnet/fundamentals/code-analysis/quality-rules/ca1848) [/home/runner/work/trading-bot-c-/trading-bot-c-/src/BotCore/BotCore.csproj]
/home/runner/work/trading-bot-c-/trading-bot-c-/src/BotCore/Services/UnifiedPositionManagementService.cs(1632,13): error CA1848: For improved performance, use the LoggerMessage delegates instead of calling 'LoggerExtensions.LogDebug(ILogger, string?, params object?[])' (https://learn.microsoft.com/dotnet/fundamentals/code-analysis/quality-rules/ca1848) [/home/runner/work/trading-bot-c-/trading-bot-c-/src/BotCore/BotCore.csproj]
/home/runner/work/trading-bot-c-/trading-bot-c-/src/BotCore/Services/UnifiedPositionManagementService.cs(1641,32): error S1541: The Cyclomatic Complexity of this method is 21 which is greater than 10 authorized. (https://rules.sonarsource.com/csharp/RSPEC-1541) [/home/runner/work/trading-bot-c-/trading-bot-c-/src/BotCore/BotCore.csproj]
/home/runner/work/trading-bot-c-/trading-bot-c-/src/BotCore/Services/SessionAwareRuntimeGates.cs(172,9): error CA1031: Modify 'NowEt' to catch a more specific allowed exception type, or rethrow the exception (https://learn.microsoft.com/dotnet/fundamentals/code-analysis/quality-rules/ca1031) [/home/runner/work/trading-bot-c-/trading-bot-c-/src/BotCore/BotCore.csproj]
/home/runner/work/trading-bot-c-/trading-bot-c-/src/BotCore/Services/UnifiedPositionManagementService.cs(1745,21): error CA1848: For improved performance, use the LoggerMessage delegates instead of calling 'LoggerExtensions.LogInformation(ILogger, string?, params object?[])' (https://learn.microsoft.com/dotnet/fundamentals/code-analysis/quality-rules/ca1848) [/home/runner/work/trading-bot-c-/trading-bot-c-/src/BotCore/BotCore.csproj]
/home/runner/work/trading-bot-c-/trading-bot-c-/src/BotCore/Services/UnifiedPositionManagementService.cs(1760,25): error CA1848: For improved performance, use the LoggerMessage delegates instead of calling 'LoggerExtensions.LogInformation(ILogger, string?, params object?[])' (https://learn.microsoft.com/dotnet/fundamentals/code-analysis/quality-rules/ca1848) [/home/runner/work/trading-bot-c-/trading-bot-c-/src/BotCore/BotCore.csproj]
/home/runner/work/trading-bot-c-/trading-bot-c-/src/BotCore/Services/UnifiedPositionManagementService.cs(1787,25): error CA1848: For improved performance, use the LoggerMessage delegates instead of calling 'LoggerExtensions.LogDebug(ILogger, string?, params object?[])' (https://learn.microsoft.com/dotnet/fundamentals/code-analysis/quality-rules/ca1848) [/home/runner/work/trading-bot-c-/trading-bot-c-/src/BotCore/BotCore.csproj]
/home/runner/work/trading-bot-c-/trading-bot-c-/src/BotCore/Services/UnifiedPositionManagementService.cs(1794,17): error CA1848: For improved performance, use the LoggerMessage delegates instead of calling 'LoggerExtensions.LogWarning(ILogger, Exception?, string?, params object?[])' (https://learn.microsoft.com/dotnet/fundamentals/code-analysis/quality-rules/ca1848) [/home/runner/work/trading-bot-c-/trading-bot-c-/src/BotCore/BotCore.csproj]
/home/runner/work/trading-bot-c-/trading-bot-c-/src/BotCore/Services/SessionAwareRuntimeGates.cs(274,13): error CA1848: For improved performance, use the LoggerMessage delegates instead of calling 'LoggerExtensions.LogDebug(ILogger, string?, params object?[])' (https://learn.microsoft.com/dotnet/fundamentals/code-analysis/quality-rules/ca1848) [/home/runner/work/trading-bot-c-/trading-bot-c-/src/BotCore/BotCore.csproj]
/home/runner/work/trading-bot-c-/trading-bot-c-/src/BotCore/Services/SessionAwareRuntimeGates.cs(282,13): error CA1848: For improved performance, use the LoggerMessage delegates instead of calling 'LoggerExtensions.LogDebug(ILogger, string?, params object?[])' (https://learn.microsoft.com/dotnet/fundamentals/code-analysis/quality-rules/ca1848) [/home/runner/work/trading-bot-c-/trading-bot-c-/src/BotCore/BotCore.csproj]
/home/runner/work/trading-bot-c-/trading-bot-c-/src/BotCore/Services/UnifiedPositionManagementService.cs(1780,25): error CA1031: Modify 'CheckRegimeChangeAsync' to catch a more specific allowed exception type, or rethrow the exception (https://learn.microsoft.com/dotnet/fundamentals/code-analysis/quality-rules/ca1031) [/home/runner/work/trading-bot-c-/trading-bot-c-/src/BotCore/BotCore.csproj]
/home/runner/work/trading-bot-c-/trading-bot-c-/src/BotCore/Services/UnifiedPositionManagementService.cs(1792,13): error CA1031: Modify 'CheckRegimeChangeAsync' to catch a more specific allowed exception type, or rethrow the exception (https://learn.microsoft.com/dotnet/fundamentals/code-analysis/quality-rules/ca1031) [/home/runner/work/trading-bot-c-/trading-bot-c-/src/BotCore/BotCore.csproj]
/home/runner/work/trading-bot-c-/trading-bot-c-/src/BotCore/Services/UnifiedPositionManagementService.cs(1847,21): error CA1848: For improved performance, use the LoggerMessage delegates instead of calling 'LoggerExtensions.LogWarning(ILogger, string?, params object?[])' (https://learn.microsoft.com/dotnet/fundamentals/code-analysis/quality-rules/ca1848) [/home/runner/work/trading-bot-c-/trading-bot-c-/src/BotCore/BotCore.csproj]
/home/runner/work/trading-bot-c-/trading-bot-c-/src/BotCore/Services/UnifiedPositionManagementService.cs(1870,21): error CA1848: For improved performance, use the LoggerMessage delegates instead of calling 'LoggerExtensions.LogInformation(ILogger, string?, params object?[])' (https://learn.microsoft.com/dotnet/fundamentals/code-analysis/quality-rules/ca1848) [/home/runner/work/trading-bot-c-/trading-bot-c-/src/BotCore/BotCore.csproj]
/home/runner/work/trading-bot-c-/trading-bot-c-/src/BotCore/Services/UnifiedPositionManagementService.cs(1876,17): error CA1848: For improved performance, use the LoggerMessage delegates instead of calling 'LoggerExtensions.LogWarning(ILogger, Exception?, string?, params object?[])' (https://learn.microsoft.com/dotnet/fundamentals/code-analysis/quality-rules/ca1848) [/home/runner/work/trading-bot-c-/trading-bot-c-/src/BotCore/BotCore.csproj]
/home/runner/work/trading-bot-c-/trading-bot-c-/src/BotCore/Services/UnifiedPositionManagementService.cs(1861,21): error CA1031: Modify 'CheckRegimeFlipExitAsync' to catch a more specific allowed exception type, or rethrow the exception (https://learn.microsoft.com/dotnet/fundamentals/code-analysis/quality-rules/ca1031) [/home/runner/work/trading-bot-c-/trading-bot-c-/src/BotCore/BotCore.csproj]
/home/runner/work/trading-bot-c-/trading-bot-c-/src/BotCore/Services/UnifiedPositionManagementService.cs(1874,13): error CA1031: Modify 'CheckRegimeFlipExitAsync' to catch a more specific allowed exception type, or rethrow the exception (https://learn.microsoft.com/dotnet/fundamentals/code-analysis/quality-rules/ca1031) [/home/runner/work/trading-bot-c-/trading-bot-c-/src/BotCore/BotCore.csproj]
/home/runner/work/trading-bot-c-/trading-bot-c-/src/BotCore/Services/TimeOptimizedStrategyManager.cs(862,27): error S1244: Do not check floating point equality with exact values, use a range instead. (https://rules.sonarsource.com/csharp/RSPEC-1244) [/home/runner/work/trading-bot-c-/trading-bot-c-/src/BotCore/BotCore.csproj]
/home/runner/work/trading-bot-c-/trading-bot-c-/src/BotCore/Services/UnifiedPositionManagementService.cs(1883,22): error S1541: The Cyclomatic Complexity of this method is 20 which is greater than 10 authorized. (https://rules.sonarsource.com/csharp/RSPEC-1541) [/home/runner/work/trading-bot-c-/trading-bot-c-/src/BotCore/BotCore.csproj]
/home/runner/work/trading-bot-c-/trading-bot-c-/src/BotCore/Services/SecurityService.cs(56,9): error CA1848: For improved performance, use the LoggerMessage delegates instead of calling 'LoggerExtensions.LogInformation(ILogger, string?, params object?[])' (https://learn.microsoft.com/dotnet/fundamentals/code-analysis/quality-rules/ca1848) [/home/runner/work/trading-bot-c-/trading-bot-c-/src/BotCore/BotCore.csproj]
/home/runner/work/trading-bot-c-/trading-bot-c-/src/BotCore/Services/UnifiedPositionManagementService.cs(1974,13): error S1172: Remove this unused method parameter 'currentPrice'. (https://rules.sonarsource.com/csharp/RSPEC-1172) [/home/runner/work/trading-bot-c-/trading-bot-c-/src/BotCore/BotCore.csproj]
/home/runner/work/trading-bot-c-/trading-bot-c-/src/BotCore/Services/SecurityService.cs(78,54): error CA1847: Use 'string.Contains(char)' instead of 'string.Contains(string)' when searching for a single character (https://learn.microsoft.com/dotnet/fundamentals/code-analysis/quality-rules/ca1847) [/home/runner/work/trading-bot-c-/trading-bot-c-/src/BotCore/BotCore.csproj]
/home/runner/work/trading-bot-c-/trading-bot-c-/src/BotCore/Services/SecurityService.cs(94,17): error CA1848: For improved performance, use the LoggerMessage delegates instead of calling 'LoggerExtensions.LogDebug(ILogger, Exception?, string?, params object?[])' (https://learn.microsoft.com/dotnet/fundamentals/code-analysis/quality-rules/ca1848) [/home/runner/work/trading-bot-c-/trading-bot-c-/src/BotCore/BotCore.csproj]
/home/runner/work/trading-bot-c-/trading-bot-c-/src/BotCore/Services/StrategyPerformanceAnalyzer.cs(754,20): error S1541: The Cyclomatic Complexity of this method is 12 which is greater than 10 authorized. (https://rules.sonarsource.com/csharp/RSPEC-1541) [/home/runner/work/trading-bot-c-/trading-bot-c-/src/BotCore/BotCore.csproj]
/home/runner/work/trading-bot-c-/trading-bot-c-/src/BotCore/Services/UnifiedPositionManagementService.cs(2007,21): error CA1848: For improved performance, use the LoggerMessage delegates instead of calling 'LoggerExtensions.LogWarning(ILogger, string?, params object?[])' (https://learn.microsoft.com/dotnet/fundamentals/code-analysis/quality-rules/ca1848) [/home/runner/work/trading-bot-c-/trading-bot-c-/src/BotCore/BotCore.csproj]
/home/runner/work/trading-bot-c-/trading-bot-c-/src/BotCore/Services/UnifiedPositionManagementService.cs(2018,25): error CA1848: For improved performance, use the LoggerMessage delegates instead of calling 'LoggerExtensions.LogDebug(ILogger, string?, params object?[])' (https://learn.microsoft.com/dotnet/fundamentals/code-analysis/quality-rules/ca1848) [/home/runner/work/trading-bot-c-/trading-bot-c-/src/BotCore/BotCore.csproj]
/home/runner/work/trading-bot-c-/trading-bot-c-/src/BotCore/Services/UnifiedPositionManagementService.cs(2040,17): error CA1848: For improved performance, use the LoggerMessage delegates instead of calling 'LoggerExtensions.LogWarning(ILogger, Exception?, string?, params object?[])' (https://learn.microsoft.com/dotnet/fundamentals/code-analysis/quality-rules/ca1848) [/home/runner/work/trading-bot-c-/trading-bot-c-/src/BotCore/BotCore.csproj]
/home/runner/work/trading-bot-c-/trading-bot-c-/src/BotCore/Services/SecurityService.cs(91,13): error CA1031: Modify 'RedactSensitiveData' to catch a more specific allowed exception type, or rethrow the exception (https://learn.microsoft.com/dotnet/fundamentals/code-analysis/quality-rules/ca1031) [/home/runner/work/trading-bot-c-/trading-bot-c-/src/BotCore/BotCore.csproj]
/home/runner/work/trading-bot-c-/trading-bot-c-/src/BotCore/Services/UnifiedPositionManagementService.cs(2031,25): error CA1031: Modify 'CheckEarlyExitThresholdAsync' to catch a more specific allowed exception type, or rethrow the exception (https://learn.microsoft.com/dotnet/fundamentals/code-analysis/quality-rules/ca1031) [/home/runner/work/trading-bot-c-/trading-bot-c-/src/BotCore/BotCore.csproj]
/home/runner/work/trading-bot-c-/trading-bot-c-/src/BotCore/Services/UnifiedPositionManagementService.cs(2038,13): error CA1031: Modify 'CheckEarlyExitThresholdAsync' to catch a more specific allowed exception type, or rethrow the exception (https://learn.microsoft.com/dotnet/fundamentals/code-analysis/quality-rules/ca1031) [/home/runner/work/trading-bot-c-/trading-bot-c-/src/BotCore/BotCore.csproj]
/home/runner/work/trading-bot-c-/trading-bot-c-/src/BotCore/Services/UnifiedPositionManagementService.cs(2047,86): error S1172: Remove this unused method parameter 'tickSize'. (https://rules.sonarsource.com/csharp/RSPEC-1172) [/home/runner/work/trading-bot-c-/trading-bot-c-/src/BotCore/BotCore.csproj]
/home/runner/work/trading-bot-c-/trading-bot-c-/src/BotCore/Services/UnifiedPositionManagementService.cs(2066,17): error CA1848: For improved performance, use the LoggerMessage delegates instead of calling 'LoggerExtensions.LogWarning(ILogger, Exception?, string?, params object?[])' (https://learn.microsoft.com/dotnet/fundamentals/code-analysis/quality-rules/ca1848) [/home/runner/work/trading-bot-c-/trading-bot-c-/src/BotCore/BotCore.csproj]
/home/runner/work/trading-bot-c-/trading-bot-c-/src/BotCore/Services/UnifiedPositionManagementService.cs(2064,13): error CA1031: Modify 'GetOptimizedTrailingDistance' to catch a more specific allowed exception type, or rethrow the exception (https://learn.microsoft.com/dotnet/fundamentals/code-analysis/quality-rules/ca1031) [/home/runner/work/trading-bot-c-/trading-bot-c-/src/BotCore/BotCore.csproj]
/home/runner/work/trading-bot-c-/trading-bot-c-/src/BotCore/Services/TimeOptimizedStrategyManager.cs(947,36): error S1541: The Cyclomatic Complexity of this method is 13 which is greater than 10 authorized. (https://rules.sonarsource.com/csharp/RSPEC-1541) [/home/runner/work/trading-bot-c-/trading-bot-c-/src/BotCore/BotCore.csproj]
/home/runner/work/trading-bot-c-/trading-bot-c-/src/BotCore/Services/SecurityService.cs(170,13): error CA1848: For improved performance, use the LoggerMessage delegates instead of calling 'LoggerExtensions.LogWarning(ILogger, string?, params object?[])' (https://learn.microsoft.com/dotnet/fundamentals/code-analysis/quality-rules/ca1848) [/home/runner/work/trading-bot-c-/trading-bot-c-/src/BotCore/BotCore.csproj]
/home/runner/work/trading-bot-c-/trading-bot-c-/src/BotCore/Services/TimeOptimizedStrategyManager.cs(1011,21): error CA1848: For improved performance, use the LoggerMessage delegates instead of calling 'LoggerExtensions.LogDebug(ILogger, string?, params object?[])' (https://learn.microsoft.com/dotnet/fundamentals/code-analysis/quality-rules/ca1848) [/home/runner/work/trading-bot-c-/trading-bot-c-/src/BotCore/BotCore.csproj]
/home/runner/work/trading-bot-c-/trading-bot-c-/src/BotCore/Services/TimeOptimizedStrategyManager.cs(980,17): error CA1848: For improved performance, use the LoggerMessage delegates instead of calling 'LoggerExtensions.LogDebug(ILogger, string?, params object?[])' (https://learn.microsoft.com/dotnet/fundamentals/code-analysis/quality-rules/ca1848) [/home/runner/work/trading-bot-c-/trading-bot-c-/src/BotCore/BotCore.csproj]
/home/runner/work/trading-bot-c-/trading-bot-c-/src/BotCore/Services/TimeOptimizedStrategyManager.cs(989,17): error CA1848: For improved performance, use the LoggerMessage delegates instead of calling 'LoggerExtensions.LogError(ILogger, Exception?, string?, params object?[])' (https://learn.microsoft.com/dotnet/fundamentals/code-analysis/quality-rules/ca1848) [/home/runner/work/trading-bot-c-/trading-bot-c-/src/BotCore/BotCore.csproj]
/home/runner/work/trading-bot-c-/trading-bot-c-/src/BotCore/Services/TimeOptimizedStrategyManager.cs(987,13): error CA1031: Modify 'GetMLAdjustmentAsync' to catch a more specific allowed exception type, or rethrow the exception (https://learn.microsoft.com/dotnet/fundamentals/code-analysis/quality-rules/ca1031) [/home/runner/work/trading-bot-c-/trading-bot-c-/src/BotCore/BotCore.csproj]
/home/runner/work/trading-bot-c-/trading-bot-c-/src/BotCore/Services/SecurityService.cs(141,13): error CA1848: For improved performance, use the LoggerMessage delegates instead of calling 'LoggerExtensions.LogInformation(ILogger, string?, params object?[])' (https://learn.microsoft.com/dotnet/fundamentals/code-analysis/quality-rules/ca1848) [/home/runner/work/trading-bot-c-/trading-bot-c-/src/BotCore/BotCore.csproj]
/home/runner/work/trading-bot-c-/trading-bot-c-/src/BotCore/Services/SecurityService.cs(148,13): error CA1848: For improved performance, use the LoggerMessage delegates instead of calling 'LoggerExtensions.LogError(ILogger, Exception?, string?, params object?[])' (https://learn.microsoft.com/dotnet/fundamentals/code-analysis/quality-rules/ca1848) [/home/runner/work/trading-bot-c-/trading-bot-c-/src/BotCore/BotCore.csproj]
/home/runner/work/trading-bot-c-/trading-bot-c-/src/BotCore/Services/SecurityService.cs(191,13): error CA1848: For improved performance, use the LoggerMessage delegates instead of calling 'LoggerExtensions.LogWarning(ILogger, string?, params object?[])' (https://learn.microsoft.com/dotnet/fundamentals/code-analysis/quality-rules/ca1848) [/home/runner/work/trading-bot-c-/trading-bot-c-/src/BotCore/BotCore.csproj]
/home/runner/work/trading-bot-c-/trading-bot-c-/src/BotCore/Services/SecurityService.cs(196,13): error CA1848: For improved performance, use the LoggerMessage delegates instead of calling 'LoggerExtensions.LogError(ILogger, Exception?, string?, params object?[])' (https://learn.microsoft.com/dotnet/fundamentals/code-analysis/quality-rules/ca1848) [/home/runner/work/trading-bot-c-/trading-bot-c-/src/BotCore/BotCore.csproj]
/home/runner/work/trading-bot-c-/trading-bot-c-/src/BotCore/Services/SecurityService.cs(194,9): error CA1031: Modify 'LogSecurityEvent' to catch a more specific allowed exception type, or rethrow the exception (https://learn.microsoft.com/dotnet/fundamentals/code-analysis/quality-rules/ca1031) [/home/runner/work/trading-bot-c-/trading-bot-c-/src/BotCore/BotCore.csproj]
/home/runner/work/trading-bot-c-/trading-bot-c-/src/BotCore/Services/SecurityService.cs(146,9): error CA1031: Modify 'IsRemoteSessionDetected' to catch a more specific allowed exception type, or rethrow the exception (https://learn.microsoft.com/dotnet/fundamentals/code-analysis/quality-rules/ca1031) [/home/runner/work/trading-bot-c-/trading-bot-c-/src/BotCore/BotCore.csproj]
/home/runner/work/trading-bot-c-/trading-bot-c-/src/BotCore/Services/SecurityService.cs(233,9): error CA1031: Modify 'CheckRDPSession' to catch a more specific allowed exception type, or rethrow the exception (https://learn.microsoft.com/dotnet/fundamentals/code-analysis/quality-rules/ca1031) [/home/runner/work/trading-bot-c-/trading-bot-c-/src/BotCore/BotCore.csproj]
/home/runner/work/trading-bot-c-/trading-bot-c-/src/BotCore/Services/UnifiedPositionManagementService.cs(2079,28): error S1541: The Cyclomatic Complexity of this method is 17 which is greater than 10 authorized. (https://rules.sonarsource.com/csharp/RSPEC-1541) [/home/runner/work/trading-bot-c-/trading-bot-c-/src/BotCore/BotCore.csproj]
/home/runner/work/trading-bot-c-/trading-bot-c-/src/BotCore/Services/UnifiedPositionManagementService.cs(2081,13): error S1172: Remove this unused method parameter 'currentPrice'. (https://rules.sonarsource.com/csharp/RSPEC-1172) [/home/runner/work/trading-bot-c-/trading-bot-c-/src/BotCore/BotCore.csproj]
/home/runner/work/trading-bot-c-/trading-bot-c-/src/BotCore/Services/UnifiedPositionManagementService.cs(2079,28): error S138: This method 'CheckProgressiveTighteningAsync' has 100 lines, which is greater than the 80 lines authorized. Split it into smaller methods. (https://rules.sonarsource.com/csharp/RSPEC-138) [/home/runner/work/trading-bot-c-/trading-bot-c-/src/BotCore/BotCore.csproj]
/home/runner/work/trading-bot-c-/trading-bot-c-/src/BotCore/Services/SecurityService.cs(270,9): error CA1031: Modify 'CheckVPNAdapters' to catch a more specific allowed exception type, or rethrow the exception (https://learn.microsoft.com/dotnet/fundamentals/code-analysis/quality-rules/ca1031) [/home/runner/work/trading-bot-c-/trading-bot-c-/src/BotCore/BotCore.csproj]
/home/runner/work/trading-bot-c-/trading-bot-c-/src/BotCore/Services/SafeHoldDecisionPolicy.cs(57,13): error CA1848: For improved performance, use the LoggerMessage delegates instead of calling 'LoggerExtensions.LogDebug(ILogger, string?, params object?[])' (https://learn.microsoft.com/dotnet/fundamentals/code-analysis/quality-rules/ca1848) [/home/runner/work/trading-bot-c-/trading-bot-c-/src/BotCore/BotCore.csproj]
/home/runner/work/trading-bot-c-/trading-bot-c-/src/BotCore/Services/SafeHoldDecisionPolicy.cs(72,13): error CA1848: For improved performance, use the LoggerMessage delegates instead of calling 'LoggerExtensions.LogDebug(ILogger, string?, params object?[])' (https://learn.microsoft.com/dotnet/fundamentals/code-analysis/quality-rules/ca1848) [/home/runner/work/trading-bot-c-/trading-bot-c-/src/BotCore/BotCore.csproj]
/home/runner/work/trading-bot-c-/trading-bot-c-/src/BotCore/Services/SafeHoldDecisionPolicy.cs(86,9): error CA1848: For improved performance, use the LoggerMessage delegates instead of calling 'LoggerExtensions.LogInformation(ILogger, string?, params object?[])' (https://learn.microsoft.com/dotnet/fundamentals/code-analysis/quality-rules/ca1848) [/home/runner/work/trading-bot-c-/trading-bot-c-/src/BotCore/BotCore.csproj]
/home/runner/work/trading-bot-c-/trading-bot-c-/src/BotCore/Services/UnifiedPositionManagementService.cs(2138,13): error CA1848: For improved performance, use the LoggerMessage delegates instead of calling 'LoggerExtensions.LogInformation(ILogger, string?, params object?[])' (https://learn.microsoft.com/dotnet/fundamentals/code-analysis/quality-rules/ca1848) [/home/runner/work/trading-bot-c-/trading-bot-c-/src/BotCore/BotCore.csproj]
/home/runner/work/trading-bot-c-/trading-bot-c-/src/BotCore/Services/UnifiedPositionManagementService.cs(2158,21): error CA1848: For improved performance, use the LoggerMessage delegates instead of calling 'LoggerExtensions.LogInformation(ILogger, string?, params object?[])' (https://learn.microsoft.com/dotnet/fundamentals/code-analysis/quality-rules/ca1848) [/home/runner/work/trading-bot-c-/trading-bot-c-/src/BotCore/BotCore.csproj]
/home/runner/work/trading-bot-c-/trading-bot-c-/src/BotCore/Services/UnifiedPositionManagementService.cs(2195,17): error CA1848: For improved performance, use the LoggerMessage delegates instead of calling 'LoggerExtensions.LogWarning(ILogger, string?, params object?[])' (https://learn.microsoft.com/dotnet/fundamentals/code-analysis/quality-rules/ca1848) [/home/runner/work/trading-bot-c-/trading-bot-c-/src/BotCore/BotCore.csproj]
/home/runner/work/trading-bot-c-/trading-bot-c-/src/BotCore/Services/UnifiedPositionManagementService.cs(2173,21): error CA1031: Modify 'CheckProgressiveTighteningAsync' to catch a more specific allowed exception type, or rethrow the exception (https://learn.microsoft.com/dotnet/fundamentals/code-analysis/quality-rules/ca1031) [/home/runner/work/trading-bot-c-/trading-bot-c-/src/BotCore/BotCore.csproj]
/home/runner/work/trading-bot-c-/trading-bot-c-/src/BotCore/Services/UnifiedPositionManagementService.cs(2210,17): error CA1031: Modify 'CheckProgressiveTighteningAsync' to catch a more specific allowed exception type, or rethrow the exception (https://learn.microsoft.com/dotnet/fundamentals/code-analysis/quality-rules/ca1031) [/home/runner/work/trading-bot-c-/trading-bot-c-/src/BotCore/BotCore.csproj]
/home/runner/work/trading-bot-c-/trading-bot-c-/src/BotCore/Services/SecurityService.cs(387,9): error CA1031: Modify 'CheckEnvironmentIndicators' to catch a more specific allowed exception type, or rethrow the exception (https://learn.microsoft.com/dotnet/fundamentals/code-analysis/quality-rules/ca1031) [/home/runner/work/trading-bot-c-/trading-bot-c-/src/BotCore/BotCore.csproj]
/home/runner/work/trading-bot-c-/trading-bot-c-/src/BotCore/Services/SecurityService.cs(305,17): error CA1031: Modify 'CheckVMIndicators' to catch a more specific allowed exception type, or rethrow the exception (https://learn.microsoft.com/dotnet/fundamentals/code-analysis/quality-rules/ca1031) [/home/runner/work/trading-bot-c-/trading-bot-c-/src/BotCore/BotCore.csproj]
/home/runner/work/trading-bot-c-/trading-bot-c-/src/BotCore/Services/SecurityService.cs(328,21): error CA1031: Modify 'CheckVMIndicators' to catch a more specific allowed exception type, or rethrow the exception (https://learn.microsoft.com/dotnet/fundamentals/code-analysis/quality-rules/ca1031) [/home/runner/work/trading-bot-c-/trading-bot-c-/src/BotCore/BotCore.csproj]
/home/runner/work/trading-bot-c-/trading-bot-c-/src/BotCore/Services/SecurityService.cs(342,9): error CA1031: Modify 'CheckVMIndicators' to catch a more specific allowed exception type, or rethrow the exception (https://learn.microsoft.com/dotnet/fundamentals/code-analysis/quality-rules/ca1031) [/home/runner/work/trading-bot-c-/trading-bot-c-/src/BotCore/BotCore.csproj]
/home/runner/work/trading-bot-c-/trading-bot-c-/src/BotCore/Services/S15ShadowLearningService.cs(45,9): error CA1848: For improved performance, use the LoggerMessage delegates instead of calling 'LoggerExtensions.LogInformation(ILogger, string?, params object?[])' (https://learn.microsoft.com/dotnet/fundamentals/code-analysis/quality-rules/ca1848) [/home/runner/work/trading-bot-c-/trading-bot-c-/src/BotCore/BotCore.csproj]
/home/runner/work/trading-bot-c-/trading-bot-c-/src/BotCore/Services/S15ShadowLearningService.cs(61,17): error CA1848: For improved performance, use the LoggerMessage delegates instead of calling 'LoggerExtensions.LogError(ILogger, Exception?, string?, params object?[])' (https://learn.microsoft.com/dotnet/fundamentals/code-analysis/quality-rules/ca1848) [/home/runner/work/trading-bot-c-/trading-bot-c-/src/BotCore/BotCore.csproj]
/home/runner/work/trading-bot-c-/trading-bot-c-/src/BotCore/Services/S15ShadowLearningService.cs(65,9): error CA1848: For improved performance, use the LoggerMessage delegates instead of calling 'LoggerExtensions.LogInformation(ILogger, string?, params object?[])' (https://learn.microsoft.com/dotnet/fundamentals/code-analysis/quality-rules/ca1848) [/home/runner/work/trading-bot-c-/trading-bot-c-/src/BotCore/BotCore.csproj]
/home/runner/work/trading-bot-c-/trading-bot-c-/src/BotCore/Services/S15ShadowLearningService.cs(78,9): error CA1848: For improved performance, use the LoggerMessage delegates instead of calling 'LoggerExtensions.LogDebug(ILogger, string?, params object?[])' (https://learn.microsoft.com/dotnet/fundamentals/code-analysis/quality-rules/ca1848) [/home/runner/work/trading-bot-c-/trading-bot-c-/src/BotCore/BotCore.csproj]
/home/runner/work/trading-bot-c-/trading-bot-c-/src/BotCore/Services/S15ShadowLearningService.cs(59,13): error CA1031: Modify 'ExecuteAsync' to catch a more specific allowed exception type, or rethrow the exception (https://learn.microsoft.com/dotnet/fundamentals/code-analysis/quality-rules/ca1031) [/home/runner/work/trading-bot-c-/trading-bot-c-/src/BotCore/BotCore.csproj]
/home/runner/work/trading-bot-c-/trading-bot-c-/src/BotCore/Services/SafeHoldDecisionPolicy.cs(144,17): error CA1848: For improved performance, use the LoggerMessage delegates instead of calling 'LoggerExtensions.LogWarning(ILogger, string?, params object?[])' (https://learn.microsoft.com/dotnet/fundamentals/code-analysis/quality-rules/ca1848) [/home/runner/work/trading-bot-c-/trading-bot-c-/src/BotCore/BotCore.csproj]
/home/runner/work/trading-bot-c-/trading-bot-c-/src/BotCore/Services/SafeHoldDecisionPolicy.cs(155,17): error CA1848: For improved performance, use the LoggerMessage delegates instead of calling 'LoggerExtensions.LogDebug(ILogger, string?, params object?[])' (https://learn.microsoft.com/dotnet/fundamentals/code-analysis/quality-rules/ca1848) [/home/runner/work/trading-bot-c-/trading-bot-c-/src/BotCore/BotCore.csproj]
/home/runner/work/trading-bot-c-/trading-bot-c-/src/BotCore/Services/SafeHoldDecisionPolicy.cs(169,13): error CA1848: For improved performance, use the LoggerMessage delegates instead of calling 'LoggerExtensions.LogError(ILogger, Exception?, string?, params object?[])' (https://learn.microsoft.com/dotnet/fundamentals/code-analysis/quality-rules/ca1848) [/home/runner/work/trading-bot-c-/trading-bot-c-/src/BotCore/BotCore.csproj]
/home/runner/work/trading-bot-c-/trading-bot-c-/src/BotCore/Services/SafeHoldDecisionPolicy.cs(174,13): error CA1848: For improved performance, use the LoggerMessage delegates instead of calling 'LoggerExtensions.LogError(ILogger, Exception?, string?, params object?[])' (https://learn.microsoft.com/dotnet/fundamentals/code-analysis/quality-rules/ca1848) [/home/runner/work/trading-bot-c-/trading-bot-c-/src/BotCore/BotCore.csproj]
/home/runner/work/trading-bot-c-/trading-bot-c-/src/BotCore/Services/SafeHoldDecisionPolicy.cs(179,13): error CA1848: For improved performance, use the LoggerMessage delegates instead of calling 'LoggerExtensions.LogError(ILogger, Exception?, string?, params object?[])' (https://learn.microsoft.com/dotnet/fundamentals/code-analysis/quality-rules/ca1848) [/home/runner/work/trading-bot-c-/trading-bot-c-/src/BotCore/BotCore.csproj]
/home/runner/work/trading-bot-c-/trading-bot-c-/src/BotCore/Services/SafeHoldDecisionPolicy.cs(209,13): error CA1848: For improved performance, use the LoggerMessage delegates instead of calling 'LoggerExtensions.LogInformation(ILogger, string?, params object?[])' (https://learn.microsoft.com/dotnet/fundamentals/code-analysis/quality-rules/ca1848) [/home/runner/work/trading-bot-c-/trading-bot-c-/src/BotCore/BotCore.csproj]
/home/runner/work/trading-bot-c-/trading-bot-c-/src/BotCore/Services/SafeHoldDecisionPolicy.cs(235,13): error CA1848: For improved performance, use the LoggerMessage delegates instead of calling 'LoggerExtensions.LogInformation(ILogger, string?, params object?[])' (https://learn.microsoft.com/dotnet/fundamentals/code-analysis/quality-rules/ca1848) [/home/runner/work/trading-bot-c-/trading-bot-c-/src/BotCore/BotCore.csproj]
/home/runner/work/trading-bot-c-/trading-bot-c-/src/BotCore/Services/S15ShadowLearningService.cs(82,47): error S1172: Remove this unused method parameter 'cancellationToken'. (https://rules.sonarsource.com/csharp/RSPEC-1172) [/home/runner/work/trading-bot-c-/trading-bot-c-/src/BotCore/BotCore.csproj]
/home/runner/work/trading-bot-c-/trading-bot-c-/src/BotCore/Services/UnifiedPositionManagementService.cs(2327,25): error CA1848: For improved performance, use the LoggerMessage delegates instead of calling 'LoggerExtensions.LogInformation(ILogger, string?, params object?[])' (https://learn.microsoft.com/dotnet/fundamentals/code-analysis/quality-rules/ca1848) [/home/runner/work/trading-bot-c-/trading-bot-c-/src/BotCore/BotCore.csproj]
/home/runner/work/trading-bot-c-/trading-bot-c-/src/BotCore/Services/UnifiedPositionManagementService.cs(2332,21): error CA1848: For improved performance, use the LoggerMessage delegates instead of calling 'LoggerExtensions.LogError(ILogger, Exception?, string?, params object?[])' (https://learn.microsoft.com/dotnet/fundamentals/code-analysis/quality-rules/ca1848) [/home/runner/work/trading-bot-c-/trading-bot-c-/src/BotCore/BotCore.csproj]
/home/runner/work/trading-bot-c-/trading-bot-c-/src/BotCore/Services/UnifiedPositionManagementService.cs(2330,17): error CA1031: Modify 'ExplainTrailingStopActivationFireAndForget' to catch a more specific allowed exception type, or rethrow the exception (https://learn.microsoft.com/dotnet/fundamentals/code-analysis/quality-rules/ca1031) [/home/runner/work/trading-bot-c-/trading-bot-c-/src/BotCore/BotCore.csproj]
/home/runner/work/trading-bot-c-/trading-bot-c-/src/BotCore/Services/S15ShadowLearningService.cs(84,9): error CA1848: For improved performance, use the LoggerMessage delegates instead of calling 'LoggerExtensions.LogInformation(ILogger, string?, params object?[])' (https://learn.microsoft.com/dotnet/fundamentals/code-analysis/quality-rules/ca1848) [/home/runner/work/trading-bot-c-/trading-bot-c-/src/BotCore/BotCore.csproj]
/home/runner/work/trading-bot-c-/trading-bot-c-/src/BotCore/Services/S15ShadowLearningService.cs(95,13): error CA1848: For improved performance, use the LoggerMessage delegates instead of calling 'LoggerExtensions.LogInformation(ILogger, string?, params object?[])' (https://learn.microsoft.com/dotnet/fundamentals/code-analysis/quality-rules/ca1848) [/home/runner/work/trading-bot-c-/trading-bot-c-/src/BotCore/BotCore.csproj]
/home/runner/work/trading-bot-c-/trading-bot-c-/src/BotCore/Services/S15ShadowLearningService.cs(103,9): error CA1848: For improved performance, use the LoggerMessage delegates instead of calling 'LoggerExtensions.LogInformation(ILogger, string?, params object?[])' (https://learn.microsoft.com/dotnet/fundamentals/code-analysis/quality-rules/ca1848) [/home/runner/work/trading-bot-c-/trading-bot-c-/src/BotCore/BotCore.csproj]
/home/runner/work/trading-bot-c-/trading-bot-c-/src/BotCore/Services/S15ShadowLearningService.cs(106,9): error CA1848: For improved performance, use the LoggerMessage delegates instead of calling 'LoggerExtensions.LogInformation(ILogger, string?, params object?[])' (https://learn.microsoft.com/dotnet/fundamentals/code-analysis/quality-rules/ca1848) [/home/runner/work/trading-bot-c-/trading-bot-c-/src/BotCore/BotCore.csproj]
/home/runner/work/trading-bot-c-/trading-bot-c-/src/BotCore/Services/S15ShadowLearningService.cs(109,9): error CA1848: For improved performance, use the LoggerMessage delegates instead of calling 'LoggerExtensions.LogInformation(ILogger, string?, params object?[])' (https://learn.microsoft.com/dotnet/fundamentals/code-analysis/quality-rules/ca1848) [/home/runner/work/trading-bot-c-/trading-bot-c-/src/BotCore/BotCore.csproj]
/home/runner/work/trading-bot-c-/trading-bot-c-/src/BotCore/Services/S15ShadowLearningService.cs(111,9): error CA1848: For improved performance, use the LoggerMessage delegates instead of calling 'LoggerExtensions.LogInformation(ILogger, string?, params object?[])' (https://learn.microsoft.com/dotnet/fundamentals/code-analysis/quality-rules/ca1848) [/home/runner/work/trading-bot-c-/trading-bot-c-/src/BotCore/BotCore.csproj]
/home/runner/work/trading-bot-c-/trading-bot-c-/src/BotCore/Services/S15ShadowLearningService.cs(115,9): error CA1848: For improved performance, use the LoggerMessage delegates instead of calling 'LoggerExtensions.LogInformation(ILogger, string?, params object?[])' (https://learn.microsoft.com/dotnet/fundamentals/code-analysis/quality-rules/ca1848) [/home/runner/work/trading-bot-c-/trading-bot-c-/src/BotCore/BotCore.csproj]
/home/runner/work/trading-bot-c-/trading-bot-c-/src/BotCore/Services/S15ShadowLearningService.cs(118,13): error CA1848: For improved performance, use the LoggerMessage delegates instead of calling 'LoggerExtensions.LogWarning(ILogger, string?, params object?[])' (https://learn.microsoft.com/dotnet/fundamentals/code-analysis/quality-rules/ca1848) [/home/runner/work/trading-bot-c-/trading-bot-c-/src/BotCore/BotCore.csproj]
/home/runner/work/trading-bot-c-/trading-bot-c-/src/BotCore/Services/S15ShadowLearningService.cs(123,9): error CA1848: For improved performance, use the LoggerMessage delegates instead of calling 'LoggerExtensions.LogInformation(ILogger, string?, params object?[])' (https://learn.microsoft.com/dotnet/fundamentals/code-analysis/quality-rules/ca1848) [/home/runner/work/trading-bot-c-/trading-bot-c-/src/BotCore/BotCore.csproj]
/home/runner/work/trading-bot-c-/trading-bot-c-/src/BotCore/Services/S15ShadowLearningService.cs(128,13): error CA1848: For improved performance, use the LoggerMessage delegates instead of calling 'LoggerExtensions.LogWarning(ILogger, string?, params object?[])' (https://learn.microsoft.com/dotnet/fundamentals/code-analysis/quality-rules/ca1848) [/home/runner/work/trading-bot-c-/trading-bot-c-/src/BotCore/BotCore.csproj]
/home/runner/work/trading-bot-c-/trading-bot-c-/src/BotCore/Services/S15ShadowLearningService.cs(133,9): error CA1848: For improved performance, use the LoggerMessage delegates instead of calling 'LoggerExtensions.LogInformation(ILogger, string?, params object?[])' (https://learn.microsoft.com/dotnet/fundamentals/code-analysis/quality-rules/ca1848) [/home/runner/work/trading-bot-c-/trading-bot-c-/src/BotCore/BotCore.csproj]
/home/runner/work/trading-bot-c-/trading-bot-c-/src/BotCore/Services/S15ShadowLearningService.cs(143,13): error CA1848: For improved performance, use the LoggerMessage delegates instead of calling 'LoggerExtensions.LogWarning(ILogger, string?, params object?[])' (https://learn.microsoft.com/dotnet/fundamentals/code-analysis/quality-rules/ca1848) [/home/runner/work/trading-bot-c-/trading-bot-c-/src/BotCore/BotCore.csproj]
/home/runner/work/trading-bot-c-/trading-bot-c-/src/BotCore/Services/S15ShadowLearningService.cs(148,9): error CA1848: For improved performance, use the LoggerMessage delegates instead of calling 'LoggerExtensions.LogInformation(ILogger, string?, params object?[])' (https://learn.microsoft.com/dotnet/fundamentals/code-analysis/quality-rules/ca1848) [/home/runner/work/trading-bot-c-/trading-bot-c-/src/BotCore/BotCore.csproj]
/home/runner/work/trading-bot-c-/trading-bot-c-/src/BotCore/Services/S15ShadowLearningService.cs(151,9): error CA1848: For improved performance, use the LoggerMessage delegates instead of calling 'LoggerExtensions.LogInformation(ILogger, string?, params object?[])' (https://learn.microsoft.com/dotnet/fundamentals/code-analysis/quality-rules/ca1848) [/home/runner/work/trading-bot-c-/trading-bot-c-/src/BotCore/BotCore.csproj]
/home/runner/work/trading-bot-c-/trading-bot-c-/src/BotCore/Services/S15ShadowLearningService.cs(153,9): error CA1848: For improved performance, use the LoggerMessage delegates instead of calling 'LoggerExtensions.LogInformation(ILogger, string?, params object?[])' (https://learn.microsoft.com/dotnet/fundamentals/code-analysis/quality-rules/ca1848) [/home/runner/work/trading-bot-c-/trading-bot-c-/src/BotCore/BotCore.csproj]
/home/runner/work/trading-bot-c-/trading-bot-c-/src/BotCore/Services/S15ShadowLearningService.cs(157,13): error CA1848: For improved performance, use the LoggerMessage delegates instead of calling 'LoggerExtensions.LogWarning(ILogger, string?, params object?[])' (https://learn.microsoft.com/dotnet/fundamentals/code-analysis/quality-rules/ca1848) [/home/runner/work/trading-bot-c-/trading-bot-c-/src/BotCore/BotCore.csproj]
/home/runner/work/trading-bot-c-/trading-bot-c-/src/BotCore/Services/S15ShadowLearningService.cs(162,9): error CA1848: For improved performance, use the LoggerMessage delegates instead of calling 'LoggerExtensions.LogInformation(ILogger, string?, params object?[])' (https://learn.microsoft.com/dotnet/fundamentals/code-analysis/quality-rules/ca1848) [/home/runner/work/trading-bot-c-/trading-bot-c-/src/BotCore/BotCore.csproj]
/home/runner/work/trading-bot-c-/trading-bot-c-/src/BotCore/Services/S15ShadowLearningService.cs(165,9): error CA1848: For improved performance, use the LoggerMessage delegates instead of calling 'LoggerExtensions.LogInformation(ILogger, string?, params object?[])' (https://learn.microsoft.com/dotnet/fundamentals/code-analysis/quality-rules/ca1848) [/home/runner/work/trading-bot-c-/trading-bot-c-/src/BotCore/BotCore.csproj]
/home/runner/work/trading-bot-c-/trading-bot-c-/src/BotCore/Services/UnifiedPositionManagementService.cs(2373,25): error CA1848: For improved performance, use the LoggerMessage delegates instead of calling 'LoggerExtensions.LogInformation(ILogger, string?, params object?[])' (https://learn.microsoft.com/dotnet/fundamentals/code-analysis/quality-rules/ca1848) [/home/runner/work/trading-bot-c-/trading-bot-c-/src/BotCore/BotCore.csproj]
/home/runner/work/trading-bot-c-/trading-bot-c-/src/BotCore/Services/UnifiedPositionManagementService.cs(2378,21): error CA1848: For improved performance, use the LoggerMessage delegates instead of calling 'LoggerExtensions.LogError(ILogger, Exception?, string?, params object?[])' (https://learn.microsoft.com/dotnet/fundamentals/code-analysis/quality-rules/ca1848) [/home/runner/work/trading-bot-c-/trading-bot-c-/src/BotCore/BotCore.csproj]
/home/runner/work/trading-bot-c-/trading-bot-c-/src/BotCore/Services/UnifiedPositionManagementService.cs(2376,17): error CA1031: Modify 'ExplainBreakevenProtectionFireAndForget' to catch a more specific allowed exception type, or rethrow the exception (https://learn.microsoft.com/dotnet/fundamentals/code-analysis/quality-rules/ca1031) [/home/runner/work/trading-bot-c-/trading-bot-c-/src/BotCore/BotCore.csproj]
/home/runner/work/trading-bot-c-/trading-bot-c-/src/BotCore/Services/S15ShadowLearningService.cs(231,50): error SCS0005: Weak random number generator. (https://security-code-scan.github.io/#SCS0005) [/home/runner/work/trading-bot-c-/trading-bot-c-/src/BotCore/BotCore.csproj]
/home/runner/work/trading-bot-c-/trading-bot-c-/src/BotCore/Services/S15ShadowLearningService.cs(243,9): error CA1848: For improved performance, use the LoggerMessage delegates instead of calling 'LoggerExtensions.LogInformation(ILogger, string?, params object?[])' (https://learn.microsoft.com/dotnet/fundamentals/code-analysis/quality-rules/ca1848) [/home/runner/work/trading-bot-c-/trading-bot-c-/src/BotCore/BotCore.csproj]
/home/runner/work/trading-bot-c-/trading-bot-c-/src/BotCore/Services/RiskManagementService.cs(45,17): error CA1848: For improved performance, use the LoggerMessage delegates instead of calling 'LoggerExtensions.LogTrace(ILogger, string?, params object?[])' (https://learn.microsoft.com/dotnet/fundamentals/code-analysis/quality-rules/ca1848) [/home/runner/work/trading-bot-c-/trading-bot-c-/src/BotCore/BotCore.csproj]
/home/runner/work/trading-bot-c-/trading-bot-c-/src/BotCore/Services/S15ShadowLearningService.cs(279,9): error CA1848: For improved performance, use the LoggerMessage delegates instead of calling 'LoggerExtensions.LogInformation(ILogger, string?, params object?[])' (https://learn.microsoft.com/dotnet/fundamentals/code-analysis/quality-rules/ca1848) [/home/runner/work/trading-bot-c-/trading-bot-c-/src/BotCore/BotCore.csproj]
/home/runner/work/trading-bot-c-/trading-bot-c-/src/BotCore/Services/S15ShadowLearningService.cs(280,9): error CA1848: For improved performance, use the LoggerMessage delegates instead of calling 'LoggerExtensions.LogInformation(ILogger, string?, params object?[])' (https://learn.microsoft.com/dotnet/fundamentals/code-analysis/quality-rules/ca1848) [/home/runner/work/trading-bot-c-/trading-bot-c-/src/BotCore/BotCore.csproj]
/home/runner/work/trading-bot-c-/trading-bot-c-/src/BotCore/Services/S15ShadowLearningService.cs(231,50): error CA5394: Random is an insecure random number generator. Use cryptographically secure random number generators when randomness is required for security. (https://learn.microsoft.com/dotnet/fundamentals/code-analysis/quality-rules/ca5394) [/home/runner/work/trading-bot-c-/trading-bot-c-/src/BotCore/BotCore.csproj]
/home/runner/work/trading-bot-c-/trading-bot-c-/src/BotCore/Services/UnifiedPositionManagementService.cs(2419,25): error CA1848: For improved performance, use the LoggerMessage delegates instead of calling 'LoggerExtensions.LogInformation(ILogger, string?, params object?[])' (https://learn.microsoft.com/dotnet/fundamentals/code-analysis/quality-rules/ca1848) [/home/runner/work/trading-bot-c-/trading-bot-c-/src/BotCore/BotCore.csproj]
/home/runner/work/trading-bot-c-/trading-bot-c-/src/BotCore/Services/UnifiedPositionManagementService.cs(2424,21): error CA1848: For improved performance, use the LoggerMessage delegates instead of calling 'LoggerExtensions.LogError(ILogger, Exception?, string?, params object?[])' (https://learn.microsoft.com/dotnet/fundamentals/code-analysis/quality-rules/ca1848) [/home/runner/work/trading-bot-c-/trading-bot-c-/src/BotCore/BotCore.csproj]
/home/runner/work/trading-bot-c-/trading-bot-c-/src/BotCore/Services/UnifiedPositionManagementService.cs(2422,17): error CA1031: Modify 'ExplainPartialExitFireAndForget' to catch a more specific allowed exception type, or rethrow the exception (https://learn.microsoft.com/dotnet/fundamentals/code-analysis/quality-rules/ca1031) [/home/runner/work/trading-bot-c-/trading-bot-c-/src/BotCore/BotCore.csproj]
/home/runner/work/trading-bot-c-/trading-bot-c-/src/BotCore/Services/RiskManagementService.cs(72,13): error CA1848: For improved performance, use the LoggerMessage delegates instead of calling 'LoggerExtensions.LogWarning(ILogger, string?, params object?[])' (https://learn.microsoft.com/dotnet/fundamentals/code-analysis/quality-rules/ca1848) [/home/runner/work/trading-bot-c-/trading-bot-c-/src/BotCore/BotCore.csproj]
/home/runner/work/trading-bot-c-/trading-bot-c-/src/BotCore/Services/RiskAssessmentCommentary.cs(78,13): error CA1848: For improved performance, use the LoggerMessage delegates instead of calling 'LoggerExtensions.LogError(ILogger, Exception?, string?, params object?[])' (https://learn.microsoft.com/dotnet/fundamentals/code-analysis/quality-rules/ca1848) [/home/runner/work/trading-bot-c-/trading-bot-c-/src/BotCore/BotCore.csproj]
/home/runner/work/trading-bot-c-/trading-bot-c-/src/BotCore/Services/RiskAssessmentCommentary.cs(76,9): error CA1031: Modify 'AnalyzeRiskAsync' to catch a more specific allowed exception type, or rethrow the exception (https://learn.microsoft.com/dotnet/fundamentals/code-analysis/quality-rules/ca1031) [/home/runner/work/trading-bot-c-/trading-bot-c-/src/BotCore/BotCore.csproj]
/home/runner/work/trading-bot-c-/trading-bot-c-/src/BotCore/Services/RiskAssessmentCommentary.cs(105,21): error CA1848: For improved performance, use the LoggerMessage delegates instead of calling 'LoggerExtensions.LogInformation(ILogger, string?, params object?[])' (https://learn.microsoft.com/dotnet/fundamentals/code-analysis/quality-rules/ca1848) [/home/runner/work/trading-bot-c-/trading-bot-c-/src/BotCore/BotCore.csproj]
/home/runner/work/trading-bot-c-/trading-bot-c-/src/BotCore/Services/RiskAssessmentCommentary.cs(110,17): error CA1848: For improved performance, use the LoggerMessage delegates instead of calling 'LoggerExtensions.LogError(ILogger, Exception?, string?, params object?[])' (https://learn.microsoft.com/dotnet/fundamentals/code-analysis/quality-rules/ca1848) [/home/runner/work/trading-bot-c-/trading-bot-c-/src/BotCore/BotCore.csproj]
/home/runner/work/trading-bot-c-/trading-bot-c-/src/BotCore/Services/RiskAssessmentCommentary.cs(108,13): error CA1031: Modify 'AnalyzeRiskFireAndForget' to catch a more specific allowed exception type, or rethrow the exception (https://learn.microsoft.com/dotnet/fundamentals/code-analysis/quality-rules/ca1031) [/home/runner/work/trading-bot-c-/trading-bot-c-/src/BotCore/BotCore.csproj]
/home/runner/work/trading-bot-c-/trading-bot-c-/src/BotCore/Services/RiskManagementService.cs(120,17): error CA1848: For improved performance, use the LoggerMessage delegates instead of calling 'LoggerExtensions.LogError(ILogger, Exception?, string?, params object?[])' (https://learn.microsoft.com/dotnet/fundamentals/code-analysis/quality-rules/ca1848) [/home/runner/work/trading-bot-c-/trading-bot-c-/src/BotCore/BotCore.csproj]
/home/runner/work/trading-bot-c-/trading-bot-c-/src/BotCore/Services/RiskManagementService.cs(118,13): error CA1031: Modify 'ShouldRejectTradeAsync' to catch a more specific allowed exception type, or rethrow the exception (https://learn.microsoft.com/dotnet/fundamentals/code-analysis/quality-rules/ca1031) [/home/runner/work/trading-bot-c-/trading-bot-c-/src/BotCore/BotCore.csproj]
/home/runner/work/trading-bot-c-/trading-bot-c-/src/BotCore/Services/RegimeDetectionService.cs(64,17): error CA1848: For improved performance, use the LoggerMessage delegates instead of calling 'LoggerExtensions.LogTrace(ILogger, string?, params object?[])' (https://learn.microsoft.com/dotnet/fundamentals/code-analysis/quality-rules/ca1848) [/home/runner/work/trading-bot-c-/trading-bot-c-/src/BotCore/BotCore.csproj]
/home/runner/work/trading-bot-c-/trading-bot-c-/src/BotCore/Services/UnifiedPositionManagementService.cs(2464,25): error CA1848: For improved performance, use the LoggerMessage delegates instead of calling 'LoggerExtensions.LogInformation(ILogger, string?, params object?[])' (https://learn.microsoft.com/dotnet/fundamentals/code-analysis/quality-rules/ca1848) [/home/runner/work/trading-bot-c-/trading-bot-c-/src/BotCore/BotCore.csproj]
/home/runner/work/trading-bot-c-/trading-bot-c-/src/BotCore/Services/UnifiedPositionManagementService.cs(2469,21): error CA1848: For improved performance, use the LoggerMessage delegates instead of calling 'LoggerExtensions.LogError(ILogger, Exception?, string?, params object?[])' (https://learn.microsoft.com/dotnet/fundamentals/code-analysis/quality-rules/ca1848) [/home/runner/work/trading-bot-c-/trading-bot-c-/src/BotCore/BotCore.csproj]
/home/runner/work/trading-bot-c-/trading-bot-c-/src/BotCore/Services/UnifiedPositionManagementService.cs(2467,17): error CA1031: Modify 'ExplainZoneBreakExitFireAndForget' to catch a more specific allowed exception type, or rethrow the exception (https://learn.microsoft.com/dotnet/fundamentals/code-analysis/quality-rules/ca1031) [/home/runner/work/trading-bot-c-/trading-bot-c-/src/BotCore/BotCore.csproj]
/home/runner/work/trading-bot-c-/trading-bot-c-/src/BotCore/Services/RegimeDetectionService.cs(122,55): error S1172: Remove this unused method parameter 'symbol'. (https://rules.sonarsource.com/csharp/RSPEC-1172) [/home/runner/work/trading-bot-c-/trading-bot-c-/src/BotCore/BotCore.csproj]
/home/runner/work/trading-bot-c-/trading-bot-c-/src/BotCore/Services/RegimeDetectionService.cs(110,17): error CA1848: For improved performance, use the LoggerMessage delegates instead of calling 'LoggerExtensions.LogDebug(ILogger, string?, params object?[])' (https://learn.microsoft.com/dotnet/fundamentals/code-analysis/quality-rules/ca1848) [/home/runner/work/trading-bot-c-/trading-bot-c-/src/BotCore/BotCore.csproj]
/home/runner/work/trading-bot-c-/trading-bot-c-/src/BotCore/Services/RegimeDetectionService.cs(117,17): error CA1848: For improved performance, use the LoggerMessage delegates instead of calling 'LoggerExtensions.LogWarning(ILogger, Exception?, string?, params object?[])' (https://learn.microsoft.com/dotnet/fundamentals/code-analysis/quality-rules/ca1848) [/home/runner/work/trading-bot-c-/trading-bot-c-/src/BotCore/BotCore.csproj]
/home/runner/work/trading-bot-c-/trading-bot-c-/src/BotCore/Services/RegimeDetectionService.cs(115,13): error CA1031: Modify 'AnalyzeCurrentRegime' to catch a more specific allowed exception type, or rethrow the exception (https://learn.microsoft.com/dotnet/fundamentals/code-analysis/quality-rules/ca1031) [/home/runner/work/trading-bot-c-/trading-bot-c-/src/BotCore/BotCore.csproj]
/home/runner/work/trading-bot-c-/trading-bot-c-/src/BotCore/Services/ProductionTopstepXApiClient.cs(32,28): error CA1845: Use span-based 'string.Concat' and 'AsSpan' instead of 'Substring' (https://learn.microsoft.com/dotnet/fundamentals/code-analysis/quality-rules/ca1845) [/home/runner/work/trading-bot-c-/trading-bot-c-/src/BotCore/BotCore.csproj]
/home/runner/work/trading-bot-c-/trading-bot-c-/src/BotCore/Services/RegimeDetectionService.cs(147,50): error S1172: Remove this unused method parameter 'symbol'. (https://rules.sonarsource.com/csharp/RSPEC-1172) [/home/runner/work/trading-bot-c-/trading-bot-c-/src/BotCore/BotCore.csproj]
/home/runner/work/trading-bot-c-/trading-bot-c-/src/BotCore/Services/RegimeDetectionService.cs(172,51): error S1172: Remove this unused method parameter 'symbol'. (https://rules.sonarsource.com/csharp/RSPEC-1172) [/home/runner/work/trading-bot-c-/trading-bot-c-/src/BotCore/BotCore.csproj]
/home/runner/work/trading-bot-c-/trading-bot-c-/src/BotCore/Services/UnifiedPositionManagementService.cs(2508,25): error CA1848: For improved performance, use the LoggerMessage delegates instead of calling 'LoggerExtensions.LogInformation(ILogger, string?, params object?[])' (https://learn.microsoft.com/dotnet/fundamentals/code-analysis/quality-rules/ca1848) [/home/runner/work/trading-bot-c-/trading-bot-c-/src/BotCore/BotCore.csproj]
/home/runner/work/trading-bot-c-/trading-bot-c-/src/BotCore/Services/UnifiedPositionManagementService.cs(2513,21): error CA1848: For improved performance, use the LoggerMessage delegates instead of calling 'LoggerExtensions.LogError(ILogger, Exception?, string?, params object?[])' (https://learn.microsoft.com/dotnet/fundamentals/code-analysis/quality-rules/ca1848) [/home/runner/work/trading-bot-c-/trading-bot-c-/src/BotCore/BotCore.csproj]
/home/runner/work/trading-bot-c-/trading-bot-c-/src/BotCore/Services/UnifiedPositionManagementService.cs(2511,17): error CA1031: Modify 'ExplainTimeBasedExitFireAndForget' to catch a more specific allowed exception type, or rethrow the exception (https://learn.microsoft.com/dotnet/fundamentals/code-analysis/quality-rules/ca1031) [/home/runner/work/trading-bot-c-/trading-bot-c-/src/BotCore/BotCore.csproj]
/home/runner/work/trading-bot-c-/trading-bot-c-/src/BotCore/Services/ProductionPriceService.cs(52,16): error CA1848: For improved performance, use the LoggerMessage delegates instead of calling 'LoggerExtensions.LogDebug(ILogger, string?, params object?[])' (https://learn.microsoft.com/dotnet/fundamentals/code-analysis/quality-rules/ca1848) [/home/runner/work/trading-bot-c-/trading-bot-c-/src/BotCore/BotCore.csproj]
/home/runner/work/trading-bot-c-/trading-bot-c-/src/BotCore/Services/ProductionPriceService.cs(54,16): error CA1848: For improved performance, use the LoggerMessage delegates instead of calling 'LoggerExtensions.LogDebug(ILogger, string?, params object?[])' (https://learn.microsoft.com/dotnet/fundamentals/code-analysis/quality-rules/ca1848) [/home/runner/work/trading-bot-c-/trading-bot-c-/src/BotCore/BotCore.csproj]
/home/runner/work/trading-bot-c-/trading-bot-c-/src/BotCore/Services/ProductionPriceService.cs(59,20): error CA1848: For improved performance, use the LoggerMessage delegates instead of calling 'LoggerExtensions.LogCritical(ILogger, string?, params object?[])' (https://learn.microsoft.com/dotnet/fundamentals/code-analysis/quality-rules/ca1848) [/home/runner/work/trading-bot-c-/trading-bot-c-/src/BotCore/BotCore.csproj]
/home/runner/work/trading-bot-c-/trading-bot-c-/src/BotCore/Services/ProductionPriceService.cs(65,20): error CA1848: For improved performance, use the LoggerMessage delegates instead of calling 'LoggerExtensions.LogWarning(ILogger, string?, params object?[])' (https://learn.microsoft.com/dotnet/fundamentals/code-analysis/quality-rules/ca1848) [/home/runner/work/trading-bot-c-/trading-bot-c-/src/BotCore/BotCore.csproj]
/home/runner/work/trading-bot-c-/trading-bot-c-/src/BotCore/Services/ProductionPriceService.cs(69,16): error CA1848: For improved performance, use the LoggerMessage delegates instead of calling 'LoggerExtensions.LogInformation(ILogger, string?, params object?[])' (https://learn.microsoft.com/dotnet/fundamentals/code-analysis/quality-rules/ca1848) [/home/runner/work/trading-bot-c-/trading-bot-c-/src/BotCore/BotCore.csproj]
/home/runner/work/trading-bot-c-/trading-bot-c-/src/BotCore/Services/ProductionTopstepXApiClient.cs(204,60): error SCS0005: Weak random number generator. (https://security-code-scan.github.io/#SCS0005) [/home/runner/work/trading-bot-c-/trading-bot-c-/src/BotCore/BotCore.csproj]
/home/runner/work/trading-bot-c-/trading-bot-c-/src/BotCore/Services/ProductionResilienceService.cs(49,17): error CA1848: For improved performance, use the LoggerMessage delegates instead of calling 'LoggerExtensions.LogWarning(ILogger, string?, params object?[])' (https://learn.microsoft.com/dotnet/fundamentals/code-analysis/quality-rules/ca1848) [/home/runner/work/trading-bot-c-/trading-bot-c-/src/BotCore/BotCore.csproj]
/home/runner/work/trading-bot-c-/trading-bot-c-/src/BotCore/Services/ProductionResilienceService.cs(56,17): error CA1848: For improved performance, use the LoggerMessage delegates instead of calling 'LoggerExtensions.LogInformation(ILogger, string?, params object?[])' (https://learn.microsoft.com/dotnet/fundamentals/code-analysis/quality-rules/ca1848) [/home/runner/work/trading-bot-c-/trading-bot-c-/src/BotCore/BotCore.csproj]
/home/runner/work/trading-bot-c-/trading-bot-c-/src/BotCore/Services/ProductionResilienceService.cs(75,21): error CA1848: For improved performance, use the LoggerMessage delegates instead of calling 'LoggerExtensions.LogInformation(ILogger, string?, params object?[])' (https://learn.microsoft.com/dotnet/fundamentals/code-analysis/quality-rules/ca1848) [/home/runner/work/trading-bot-c-/trading-bot-c-/src/BotCore/BotCore.csproj]
/home/runner/work/trading-bot-c-/trading-bot-c-/src/BotCore/Services/ProductionResilienceService.cs(80,21): error CA1848: For improved performance, use the LoggerMessage delegates instead of calling 'LoggerExtensions.LogInformation(ILogger, string?, params object?[])' (https://learn.microsoft.com/dotnet/fundamentals/code-analysis/quality-rules/ca1848) [/home/runner/work/trading-bot-c-/trading-bot-c-/src/BotCore/BotCore.csproj]
/home/runner/work/trading-bot-c-/trading-bot-c-/src/BotCore/Services/ProductionResilienceService.cs(90,17): error CA1848: For improved performance, use the LoggerMessage delegates instead of calling 'LoggerExtensions.LogWarning(ILogger, Exception?, string?, params object?[])' (https://learn.microsoft.com/dotnet/fundamentals/code-analysis/quality-rules/ca1848) [/home/runner/work/trading-bot-c-/trading-bot-c-/src/BotCore/BotCore.csproj]
/home/runner/work/trading-bot-c-/trading-bot-c-/src/BotCore/Services/ProductionResilienceService.cs(98,21): error CA1848: For improved performance, use the LoggerMessage delegates instead of calling 'LoggerExtensions.LogError(ILogger, string?, params object?[])' (https://learn.microsoft.com/dotnet/fundamentals/code-analysis/quality-rules/ca1848) [/home/runner/work/trading-bot-c-/trading-bot-c-/src/BotCore/BotCore.csproj]
/home/runner/work/trading-bot-c-/trading-bot-c-/src/BotCore/Services/ProductionResilienceService.cs(102,21): error CA1848: For improved performance, use the LoggerMessage delegates instead of calling 'LoggerExtensions.LogError(ILogger, string?, params object?[])' (https://learn.microsoft.com/dotnet/fundamentals/code-analysis/quality-rules/ca1848) [/home/runner/work/trading-bot-c-/trading-bot-c-/src/BotCore/BotCore.csproj]
/home/runner/work/trading-bot-c-/trading-bot-c-/src/BotCore/Services/ProductionResilienceService.cs(109,21): error CA1848: For improved performance, use the LoggerMessage delegates instead of calling 'LoggerExtensions.LogDebug(ILogger, string?, params object?[])' (https://learn.microsoft.com/dotnet/fundamentals/code-analysis/quality-rules/ca1848) [/home/runner/work/trading-bot-c-/trading-bot-c-/src/BotCore/BotCore.csproj]
/home/runner/work/trading-bot-c-/trading-bot-c-/src/BotCore/Services/ProductionResilienceService.cs(121,9): error CA1848: For improved performance, use the LoggerMessage delegates instead of calling 'LoggerExtensions.LogError(ILogger, Exception?, string?, params object?[])' (https://learn.microsoft.com/dotnet/fundamentals/code-analysis/quality-rules/ca1848) [/home/runner/work/trading-bot-c-/trading-bot-c-/src/BotCore/BotCore.csproj]
/home/runner/work/trading-bot-c-/trading-bot-c-/src/BotCore/Services/ProductionPriceService.cs(138,24): error CA1848: For improved performance, use the LoggerMessage delegates instead of calling 'LoggerExtensions.LogInformation(ILogger, string?, params object?[])' (https://learn.microsoft.com/dotnet/fundamentals/code-analysis/quality-rules/ca1848) [/home/runner/work/trading-bot-c-/trading-bot-c-/src/BotCore/BotCore.csproj]
/home/runner/work/trading-bot-c-/trading-bot-c-/src/BotCore/Services/ProductionPriceService.cs(143,24): error CA1848: For improved performance, use the LoggerMessage delegates instead of calling 'LoggerExtensions.LogCritical(ILogger, string?, params object?[])' (https://learn.microsoft.com/dotnet/fundamentals/code-analysis/quality-rules/ca1848) [/home/runner/work/trading-bot-c-/trading-bot-c-/src/BotCore/BotCore.csproj]
/home/runner/work/trading-bot-c-/trading-bot-c-/src/BotCore/Services/ProductionPriceService.cs(151,20): error CA1848: For improved performance, use the LoggerMessage delegates instead of calling 'LoggerExtensions.LogError(ILogger, Exception?, string?, params object?[])' (https://learn.microsoft.com/dotnet/fundamentals/code-analysis/quality-rules/ca1848) [/home/runner/work/trading-bot-c-/trading-bot-c-/src/BotCore/BotCore.csproj]
/home/runner/work/trading-bot-c-/trading-bot-c-/src/BotCore/Services/ProductionPriceService.cs(149,9): error CA1031: Modify 'ValidateAndRoundTradeSetup' to catch a more specific allowed exception type, or rethrow the exception (https://learn.microsoft.com/dotnet/fundamentals/code-analysis/quality-rules/ca1031) [/home/runner/work/trading-bot-c-/trading-bot-c-/src/BotCore/BotCore.csproj]
/home/runner/work/trading-bot-c-/trading-bot-c-/src/BotCore/Services/ProductionTopstepXApiClient.cs(160,21): error CA1848: For improved performance, use the LoggerMessage delegates instead of calling 'LoggerExtensions.LogDebug(ILogger, string?, params object?[])' (https://learn.microsoft.com/dotnet/fundamentals/code-analysis/quality-rules/ca1848) [/home/runner/work/trading-bot-c-/trading-bot-c-/src/BotCore/BotCore.csproj]
/home/runner/work/trading-bot-c-/trading-bot-c-/src/BotCore/Services/ProductionTopstepXApiClient.cs(170,25): error CA1848: For improved performance, use the LoggerMessage delegates instead of calling 'LoggerExtensions.LogDebug(ILogger, string?, params object?[])' (https://learn.microsoft.com/dotnet/fundamentals/code-analysis/quality-rules/ca1848) [/home/runner/work/trading-bot-c-/trading-bot-c-/src/BotCore/BotCore.csproj]
/home/runner/work/trading-bot-c-/trading-bot-c-/src/BotCore/Services/ProductionTopstepXApiClient.cs(180,21): error CA1848: For improved performance, use the LoggerMessage delegates instead of calling 'LoggerExtensions.LogWarning(ILogger, Exception?, string?, params object?[])' (https://learn.microsoft.com/dotnet/fundamentals/code-analysis/quality-rules/ca1848) [/home/runner/work/trading-bot-c-/trading-bot-c-/src/BotCore/BotCore.csproj]
/home/runner/work/trading-bot-c-/trading-bot-c-/src/BotCore/Services/ProductionTopstepXApiClient.cs(185,21): error CA1848: For improved performance, use the LoggerMessage delegates instead of calling 'LoggerExtensions.LogError(ILogger, Exception?, string?, params object?[])' (https://learn.microsoft.com/dotnet/fundamentals/code-analysis/quality-rules/ca1848) [/home/runner/work/trading-bot-c-/trading-bot-c-/src/BotCore/BotCore.csproj]
/home/runner/work/trading-bot-c-/trading-bot-c-/src/BotCore/Services/ProductionTopstepXApiClient.cs(193,21): error CA1848: For improved performance, use the LoggerMessage delegates instead of calling 'LoggerExtensions.LogError(ILogger, Exception?, string?, params object?[])' (https://learn.microsoft.com/dotnet/fundamentals/code-analysis/quality-rules/ca1848) [/home/runner/work/trading-bot-c-/trading-bot-c-/src/BotCore/BotCore.csproj]
/home/runner/work/trading-bot-c-/trading-bot-c-/src/BotCore/Services/ProductionTopstepXApiClient.cs(207,21): error CA1848: For improved performance, use the LoggerMessage delegates instead of calling 'LoggerExtensions.LogInformation(ILogger, string?, params object?[])' (https://learn.microsoft.com/dotnet/fundamentals/code-analysis/quality-rules/ca1848) [/home/runner/work/trading-bot-c-/trading-bot-c-/src/BotCore/BotCore.csproj]
/home/runner/work/trading-bot-c-/trading-bot-c-/src/BotCore/Services/ProductionTopstepXApiClient.cs(204,60): error CA5394: Random is an insecure random number generator. Use cryptographically secure random number generators when randomness is required for security. (https://learn.microsoft.com/dotnet/fundamentals/code-analysis/quality-rules/ca5394) [/home/runner/work/trading-bot-c-/trading-bot-c-/src/BotCore/BotCore.csproj]
/home/runner/work/trading-bot-c-/trading-bot-c-/src/BotCore/Services/ProductionResilienceService.cs(163,17): error CA1848: For improved performance, use the LoggerMessage delegates instead of calling 'LoggerExtensions.LogWarning(ILogger, Exception?, string?, params object?[])' (https://learn.microsoft.com/dotnet/fundamentals/code-analysis/quality-rules/ca1848) [/home/runner/work/trading-bot-c-/trading-bot-c-/src/BotCore/BotCore.csproj]
/home/runner/work/trading-bot-c-/trading-bot-c-/src/BotCore/Services/ProductionResilienceService.cs(170,17): error CA1848: For improved performance, use the LoggerMessage delegates instead of calling 'LoggerExtensions.LogInformation(ILogger, string?, params object?[])' (https://learn.microsoft.com/dotnet/fundamentals/code-analysis/quality-rules/ca1848) [/home/runner/work/trading-bot-c-/trading-bot-c-/src/BotCore/BotCore.csproj]
/home/runner/work/trading-bot-c-/trading-bot-c-/src/BotCore/Services/ProductionResilienceService.cs(175,17): error CA1848: For improved performance, use the LoggerMessage delegates instead of calling 'LoggerExtensions.LogError(ILogger, Exception?, string?, params object?[])' (https://learn.microsoft.com/dotnet/fundamentals/code-analysis/quality-rules/ca1848) [/home/runner/work/trading-bot-c-/trading-bot-c-/src/BotCore/BotCore.csproj]
/home/runner/work/trading-bot-c-/trading-bot-c-/src/BotCore/Services/ProductionResilienceService.cs(159,9): error CA1031: Modify 'ExecuteWithFallback' to catch a more specific allowed exception type, or rethrow the exception (https://learn.microsoft.com/dotnet/fundamentals/code-analysis/quality-rules/ca1031) [/home/runner/work/trading-bot-c-/trading-bot-c-/src/BotCore/BotCore.csproj]
/home/runner/work/trading-bot-c-/trading-bot-c-/src/BotCore/Services/ProductionTopstepXApiClient.cs(188,25): error CA1508: 'attempt == maxRetries' is always 'false'. Remove or refactor the condition(s) to avoid dead code. (https://learn.microsoft.com/dotnet/fundamentals/code-analysis/quality-rules/ca1508) [/home/runner/work/trading-bot-c-/trading-bot-c-/src/BotCore/BotCore.csproj]
/home/runner/work/trading-bot-c-/trading-bot-c-/src/BotCore/Services/ProductionTopstepXApiClient.cs(196,25): error CA1508: 'attempt == maxRetries' is always 'false'. Remove or refactor the condition(s) to avoid dead code. (https://learn.microsoft.com/dotnet/fundamentals/code-analysis/quality-rules/ca1508) [/home/runner/work/trading-bot-c-/trading-bot-c-/src/BotCore/BotCore.csproj]
/home/runner/work/trading-bot-c-/trading-bot-c-/src/BotCore/Services/ProductionOrderEvidenceService.cs(113,9): error CA1848: For improved performance, use the LoggerMessage delegates instead of calling 'LoggerExtensions.LogInformation(ILogger, string?, params object?[])' (https://learn.microsoft.com/dotnet/fundamentals/code-analysis/quality-rules/ca1848) [/home/runner/work/trading-bot-c-/trading-bot-c-/src/BotCore/BotCore.csproj]
/home/runner/work/trading-bot-c-/trading-bot-c-/src/BotCore/Services/ProductionOrderEvidenceService.cs(28,44): error S1541: The Cyclomatic Complexity of this method is 13 which is greater than 10 authorized. (https://rules.sonarsource.com/csharp/RSPEC-1541) [/home/runner/work/trading-bot-c-/trading-bot-c-/src/BotCore/BotCore.csproj]
/home/runner/work/trading-bot-c-/trading-bot-c-/src/BotCore/Services/ProductionOrderEvidenceService.cs(61,50): error S2583: Remove this unnecessary check for null. Some code paths are unreachable. (https://rules.sonarsource.com/csharp/RSPEC-2583) [/home/runner/work/trading-bot-c-/trading-bot-c-/src/BotCore/BotCore.csproj]
/home/runner/work/trading-bot-c-/trading-bot-c-/src/BotCore/Services/ProductionOrderEvidenceService.cs(61,76): error S2583: Remove this unnecessary check for null. Some code paths are unreachable. (https://rules.sonarsource.com/csharp/RSPEC-2583) [/home/runner/work/trading-bot-c-/trading-bot-c-/src/BotCore/BotCore.csproj]
/home/runner/work/trading-bot-c-/trading-bot-c-/src/BotCore/Services/ProductionOrderEvidenceService.cs(83,40): error S2583: Remove this unnecessary check for null. Some code paths are unreachable. (https://rules.sonarsource.com/csharp/RSPEC-2583) [/home/runner/work/trading-bot-c-/trading-bot-c-/src/BotCore/BotCore.csproj]
/home/runner/work/trading-bot-c-/trading-bot-c-/src/BotCore/Services/ProductionOrderEvidenceService.cs(84,39): error S2583: Remove this unnecessary check for null. Some code paths are unreachable. (https://rules.sonarsource.com/csharp/RSPEC-2583) [/home/runner/work/trading-bot-c-/trading-bot-c-/src/BotCore/BotCore.csproj]
/home/runner/work/trading-bot-c-/trading-bot-c-/src/BotCore/Services/ProductionOrderEvidenceService.cs(34,9): error CA1848: For improved performance, use the LoggerMessage delegates instead of calling 'LoggerExtensions.LogInformation(ILogger, string?, params object?[])' (https://learn.microsoft.com/dotnet/fundamentals/code-analysis/quality-rules/ca1848) [/home/runner/work/trading-bot-c-/trading-bot-c-/src/BotCore/BotCore.csproj]
/home/runner/work/trading-bot-c-/trading-bot-c-/src/BotCore/Services/ProductionOrderEvidenceService.cs(49,13): error CA1848: For improved performance, use the LoggerMessage delegates instead of calling 'LoggerExtensions.LogInformation(ILogger, string?, params object?[])' (https://learn.microsoft.com/dotnet/fundamentals/code-analysis/quality-rules/ca1848) [/home/runner/work/trading-bot-c-/trading-bot-c-/src/BotCore/BotCore.csproj]
/home/runner/work/trading-bot-c-/trading-bot-c-/src/BotCore/Services/ProductionOrderEvidenceService.cs(54,13): error CA1848: For improved performance, use the LoggerMessage delegates instead of calling 'LoggerExtensions.LogWarning(ILogger, string?, params object?[])' (https://learn.microsoft.com/dotnet/fundamentals/code-analysis/quality-rules/ca1848) [/home/runner/work/trading-bot-c-/trading-bot-c-/src/BotCore/BotCore.csproj]
/home/runner/work/trading-bot-c-/trading-bot-c-/src/BotCore/Services/ProductionOrderEvidenceService.cs(66,13): error CA1848: For improved performance, use the LoggerMessage delegates instead of calling 'LoggerExtensions.LogWarning(ILogger, string?, params object?[])' (https://learn.microsoft.com/dotnet/fundamentals/code-analysis/quality-rules/ca1848) [/home/runner/work/trading-bot-c-/trading-bot-c-/src/BotCore/BotCore.csproj]
/home/runner/work/trading-bot-c-/trading-bot-c-/src/BotCore/Services/ProductionOrderEvidenceService.cs(74,9): error CA1848: For improved performance, use the LoggerMessage delegates instead of calling 'LoggerExtensions.LogInformation(ILogger, string?, params object?[])' (https://learn.microsoft.com/dotnet/fundamentals/code-analysis/quality-rules/ca1848) [/home/runner/work/trading-bot-c-/trading-bot-c-/src/BotCore/BotCore.csproj]
/home/runner/work/trading-bot-c-/trading-bot-c-/src/BotCore/Services/ProductionOrderEvidenceService.cs(91,13): error CA1848: For improved performance, use the LoggerMessage delegates instead of calling 'LoggerExtensions.LogInformation(ILogger, string?, params object?[])' (https://learn.microsoft.com/dotnet/fundamentals/code-analysis/quality-rules/ca1848) [/home/runner/work/trading-bot-c-/trading-bot-c-/src/BotCore/BotCore.csproj]
/home/runner/work/trading-bot-c-/trading-bot-c-/src/BotCore/Services/ProductionOrderEvidenceService.cs(96,13): error CA1848: For improved performance, use the LoggerMessage delegates instead of calling 'LoggerExtensions.LogCritical(ILogger, string?, params object?[])' (https://learn.microsoft.com/dotnet/fundamentals/code-analysis/quality-rules/ca1848) [/home/runner/work/trading-bot-c-/trading-bot-c-/src/BotCore/BotCore.csproj]
/home/runner/work/trading-bot-c-/trading-bot-c-/src/BotCore/Services/ProductionOrderEvidenceService.cs(98,13): error CA1848: For improved performance, use the LoggerMessage delegates instead of calling 'LoggerExtensions.LogCritical(ILogger, string?, params object?[])' (https://learn.microsoft.com/dotnet/fundamentals/code-analysis/quality-rules/ca1848) [/home/runner/work/trading-bot-c-/trading-bot-c-/src/BotCore/BotCore.csproj]
/home/runner/work/trading-bot-c-/trading-bot-c-/src/BotCore/Services/ProductionOrderEvidenceService.cs(124,9): error CA1848: For improved performance, use the LoggerMessage delegates instead of calling 'LoggerExtensions.LogInformation(ILogger, string?, params object?[])' (https://learn.microsoft.com/dotnet/fundamentals/code-analysis/quality-rules/ca1848) [/home/runner/work/trading-bot-c-/trading-bot-c-/src/BotCore/BotCore.csproj]
/home/runner/work/trading-bot-c-/trading-bot-c-/src/BotCore/Services/ProductionOrderEvidenceService.cs(135,9): error CA1848: For improved performance, use the LoggerMessage delegates instead of calling 'LoggerExtensions.LogInformation(ILogger, string?, params object?[])' (https://learn.microsoft.com/dotnet/fundamentals/code-analysis/quality-rules/ca1848) [/home/runner/work/trading-bot-c-/trading-bot-c-/src/BotCore/BotCore.csproj]
/home/runner/work/trading-bot-c-/trading-bot-c-/src/BotCore/Services/ProductionResilienceService.cs(228,99): error SCS0005: Weak random number generator. (https://security-code-scan.github.io/#SCS0005) [/home/runner/work/trading-bot-c-/trading-bot-c-/src/BotCore/BotCore.csproj]
/home/runner/work/trading-bot-c-/trading-bot-c-/src/BotCore/Services/ProductionResilienceService.cs(228,99): error CA5394: Random is an insecure random number generator. Use cryptographically secure random number generators when randomness is required for security. (https://learn.microsoft.com/dotnet/fundamentals/code-analysis/quality-rules/ca5394) [/home/runner/work/trading-bot-c-/trading-bot-c-/src/BotCore/BotCore.csproj]
/home/runner/work/trading-bot-c-/trading-bot-c-/src/BotCore/Services/ProductionGuardrailOrchestrator.cs(44,9): error CA1848: For improved performance, use the LoggerMessage delegates instead of calling 'LoggerExtensions.LogInformation(ILogger, string?, params object?[])' (https://learn.microsoft.com/dotnet/fundamentals/code-analysis/quality-rules/ca1848) [/home/runner/work/trading-bot-c-/trading-bot-c-/src/BotCore/BotCore.csproj]
/home/runner/work/trading-bot-c-/trading-bot-c-/src/BotCore/Services/ProductionGuardrailOrchestrator.cs(52,9): error CA1848: For improved performance, use the LoggerMessage delegates instead of calling 'LoggerExtensions.LogInformation(ILogger, string?, params object?[])' (https://learn.microsoft.com/dotnet/fundamentals/code-analysis/quality-rules/ca1848) [/home/runner/work/trading-bot-c-/trading-bot-c-/src/BotCore/BotCore.csproj]
/home/runner/work/trading-bot-c-/trading-bot-c-/src/BotCore/Services/ProductionTopstepXApiClient.cs(232,21): error CA1848: For improved performance, use the LoggerMessage delegates instead of calling 'LoggerExtensions.LogDebug(ILogger, string?, params object?[])' (https://learn.microsoft.com/dotnet/fundamentals/code-analysis/quality-rules/ca1848) [/home/runner/work/trading-bot-c-/trading-bot-c-/src/BotCore/BotCore.csproj]
/home/runner/work/trading-bot-c-/trading-bot-c-/src/BotCore/Services/ProductionTopstepXApiClient.cs(242,25): error CA1848: For improved performance, use the LoggerMessage delegates instead of calling 'LoggerExtensions.LogInformation(ILogger, string?, params object?[])' (https://learn.microsoft.com/dotnet/fundamentals/code-analysis/quality-rules/ca1848) [/home/runner/work/trading-bot-c-/trading-bot-c-/src/BotCore/BotCore.csproj]
/home/runner/work/trading-bot-c-/trading-bot-c-/src/BotCore/Services/ProductionTopstepXApiClient.cs(251,21): error CA1848: For improved performance, use the LoggerMessage delegates instead of calling 'LoggerExtensions.LogWarning(ILogger, Exception?, string?, params object?[])' (https://learn.microsoft.com/dotnet/fundamentals/code-analysis/quality-rules/ca1848) [/home/runner/work/trading-bot-c-/trading-bot-c-/src/BotCore/BotCore.csproj]
/home/runner/work/trading-bot-c-/trading-bot-c-/src/BotCore/Services/ProductionTopstepXApiClient.cs(256,21): error CA1848: For improved performance, use the LoggerMessage delegates instead of calling 'LoggerExtensions.LogError(ILogger, Exception?, string?, params object?[])' (https://learn.microsoft.com/dotnet/fundamentals/code-analysis/quality-rules/ca1848) [/home/runner/work/trading-bot-c-/trading-bot-c-/src/BotCore/BotCore.csproj]
/home/runner/work/trading-bot-c-/trading-bot-c-/src/BotCore/Services/ProductionTopstepXApiClient.cs(264,21): error CA1848: For improved performance, use the LoggerMessage delegates instead of calling 'LoggerExtensions.LogError(ILogger, Exception?, string?, params object?[])' (https://learn.microsoft.com/dotnet/fundamentals/code-analysis/quality-rules/ca1848) [/home/runner/work/trading-bot-c-/trading-bot-c-/src/BotCore/BotCore.csproj]
/home/runner/work/trading-bot-c-/trading-bot-c-/src/BotCore/Services/ProductionTopstepXApiClient.cs(272,21): error CA1848: For improved performance, use the LoggerMessage delegates instead of calling 'LoggerExtensions.LogError(ILogger, Exception?, string?, params object?[])' (https://learn.microsoft.com/dotnet/fundamentals/code-analysis/quality-rules/ca1848) [/home/runner/work/trading-bot-c-/trading-bot-c-/src/BotCore/BotCore.csproj]
/home/runner/work/trading-bot-c-/trading-bot-c-/src/BotCore/Services/ProductionKillSwitchService.cs(33,51): error CA1033: Make 'ProductionKillSwitchService' sealed (a breaking change if this class has previously shipped), implement the method non-explicitly, or implement a new method that exposes the functionality of 'TradingBot.Abstractions.IKillSwitchWatcher.get_IsKillSwitchActive' and is visible to derived classes (https://learn.microsoft.com/dotnet/fundamentals/code-analysis/quality-rules/ca1033) [/home/runner/work/trading-bot-c-/trading-bot-c-/src/BotCore/BotCore.csproj]
/home/runner/work/trading-bot-c-/trading-bot-c-/src/BotCore/Services/ProductionFeatureBus.cs(63,17): error CA1848: For improved performance, use the LoggerMessage delegates instead of calling 'LoggerExtensions.LogDebug(ILogger, string?, params object?[])' (https://learn.microsoft.com/dotnet/fundamentals/code-analysis/quality-rules/ca1848) [/home/runner/work/trading-bot-c-/trading-bot-c-/src/BotCore/BotCore.csproj]
/home/runner/work/trading-bot-c-/trading-bot-c-/src/BotCore/Services/ProductionFeatureBus.cs(68,17): error CA1848: For improved performance, use the LoggerMessage delegates instead of calling 'LoggerExtensions.LogError(ILogger, Exception?, string?, params object?[])' (https://learn.microsoft.com/dotnet/fundamentals/code-analysis/quality-rules/ca1848) [/home/runner/work/trading-bot-c-/trading-bot-c-/src/BotCore/BotCore.csproj]
/home/runner/work/trading-bot-c-/trading-bot-c-/src/BotCore/Services/ProductionTopstepXApiClient.cs(259,25): error CA1508: 'attempt == maxRetries' is always 'false'. Remove or refactor the condition(s) to avoid dead code. (https://learn.microsoft.com/dotnet/fundamentals/code-analysis/quality-rules/ca1508) [/home/runner/work/trading-bot-c-/trading-bot-c-/src/BotCore/BotCore.csproj]
/home/runner/work/trading-bot-c-/trading-bot-c-/src/BotCore/Services/ProductionTopstepXApiClient.cs(275,25): error CA1508: 'attempt == maxRetries' is always 'false'. Remove or refactor the condition(s) to avoid dead code. (https://learn.microsoft.com/dotnet/fundamentals/code-analysis/quality-rules/ca1508) [/home/runner/work/trading-bot-c-/trading-bot-c-/src/BotCore/BotCore.csproj]
/home/runner/work/trading-bot-c-/trading-bot-c-/src/BotCore/Services/ProductionFeatureBus.cs(66,13): error CA1031: Modify 'PublishInternal' to catch a more specific allowed exception type, or rethrow the exception (https://learn.microsoft.com/dotnet/fundamentals/code-analysis/quality-rules/ca1031) [/home/runner/work/trading-bot-c-/trading-bot-c-/src/BotCore/BotCore.csproj]
/home/runner/work/trading-bot-c-/trading-bot-c-/src/BotCore/Services/ProductionGuardrailOrchestrator.cs(58,9): error CA1848: For improved performance, use the LoggerMessage delegates instead of calling 'LoggerExtensions.LogInformation(ILogger, string?, params object?[])' (https://learn.microsoft.com/dotnet/fundamentals/code-analysis/quality-rules/ca1848) [/home/runner/work/trading-bot-c-/trading-bot-c-/src/BotCore/BotCore.csproj]
/home/runner/work/trading-bot-c-/trading-bot-c-/src/BotCore/Services/ProductionGuardrailOrchestrator.cs(69,13): error CA1848: For improved performance, use the LoggerMessage delegates instead of calling 'LoggerExtensions.LogCritical(ILogger, string?, params object?[])' (https://learn.microsoft.com/dotnet/fundamentals/code-analysis/quality-rules/ca1848) [/home/runner/work/trading-bot-c-/trading-bot-c-/src/BotCore/BotCore.csproj]
/home/runner/work/trading-bot-c-/trading-bot-c-/src/BotCore/Services/ProductionGuardrailOrchestrator.cs(74,13): error CA1848: For improved performance, use the LoggerMessage delegates instead of calling 'LoggerExtensions.LogInformation(ILogger, string?, params object?[])' (https://learn.microsoft.com/dotnet/fundamentals/code-analysis/quality-rules/ca1848) [/home/runner/work/trading-bot-c-/trading-bot-c-/src/BotCore/BotCore.csproj]
/home/runner/work/trading-bot-c-/trading-bot-c-/src/BotCore/Services/ProductionGuardrailOrchestrator.cs(78,13): error CA1848: For improved performance, use the LoggerMessage delegates instead of calling 'LoggerExtensions.LogWarning(ILogger, string?, params object?[])' (https://learn.microsoft.com/dotnet/fundamentals/code-analysis/quality-rules/ca1848) [/home/runner/work/trading-bot-c-/trading-bot-c-/src/BotCore/BotCore.csproj]
/home/runner/work/trading-bot-c-/trading-bot-c-/src/BotCore/Services/UnifiedPositionManagementService.cs(2556,25): error CA1848: For improved performance, use the LoggerMessage delegates instead of calling 'LoggerExtensions.LogInformation(ILogger, string?, params object?[])' (https://learn.microsoft.com/dotnet/fundamentals/code-analysis/quality-rules/ca1848) [/home/runner/work/trading-bot-c-/trading-bot-c-/src/BotCore/BotCore.csproj]
/home/runner/work/trading-bot-c-/trading-bot-c-/src/BotCore/Services/UnifiedPositionManagementService.cs(2561,21): error CA1848: For improved performance, use the LoggerMessage delegates instead of calling 'LoggerExtensions.LogError(ILogger, Exception?, string?, params object?[])' (https://learn.microsoft.com/dotnet/fundamentals/code-analysis/quality-rules/ca1848) [/home/runner/work/trading-bot-c-/trading-bot-c-/src/BotCore/BotCore.csproj]
/home/runner/work/trading-bot-c-/trading-bot-c-/src/BotCore/Services/UnifiedPositionManagementService.cs(2559,17): error CA1031: Modify 'ExplainRegimeFlipExitFireAndForget' to catch a more specific allowed exception type, or rethrow the exception (https://learn.microsoft.com/dotnet/fundamentals/code-analysis/quality-rules/ca1031) [/home/runner/work/trading-bot-c-/trading-bot-c-/src/BotCore/BotCore.csproj]
/home/runner/work/trading-bot-c-/trading-bot-c-/src/BotCore/Services/ProductionKillSwitchService.cs(70,9): error CA1848: For improved performance, use the LoggerMessage delegates instead of calling 'LoggerExtensions.LogInformation(ILogger, string?, params object?[])' (https://learn.microsoft.com/dotnet/fundamentals/code-analysis/quality-rules/ca1848) [/home/runner/work/trading-bot-c-/trading-bot-c-/src/BotCore/BotCore.csproj]
/home/runner/work/trading-bot-c-/trading-bot-c-/src/BotCore/Services/ProductionGuardrailOrchestrator.cs(87,9): error CA1848: For improved performance, use the LoggerMessage delegates instead of calling 'LoggerExtensions.LogInformation(ILogger, string?, params object?[])' (https://learn.microsoft.com/dotnet/fundamentals/code-analysis/quality-rules/ca1848) [/home/runner/work/trading-bot-c-/trading-bot-c-/src/BotCore/BotCore.csproj]
/home/runner/work/trading-bot-c-/trading-bot-c-/src/BotCore/Services/ProductionGuardrailOrchestrator.cs(88,9): error CA1848: For improved performance, use the LoggerMessage delegates instead of calling 'LoggerExtensions.LogInformation(ILogger, string?, params object?[])' (https://learn.microsoft.com/dotnet/fundamentals/code-analysis/quality-rules/ca1848) [/home/runner/work/trading-bot-c-/trading-bot-c-/src/BotCore/BotCore.csproj]
/home/runner/work/trading-bot-c-/trading-bot-c-/src/BotCore/Services/ProductionGuardrailOrchestrator.cs(89,9): error CA1848: For improved performance, use the LoggerMessage delegates instead of calling 'LoggerExtensions.LogInformation(ILogger, string?, params object?[])' (https://learn.microsoft.com/dotnet/fundamentals/code-analysis/quality-rules/ca1848) [/home/runner/work/trading-bot-c-/trading-bot-c-/src/BotCore/BotCore.csproj]
/home/runner/work/trading-bot-c-/trading-bot-c-/src/BotCore/Services/ProductionGuardrailOrchestrator.cs(90,9): error CA1848: For improved performance, use the LoggerMessage delegates instead of calling 'LoggerExtensions.LogInformation(ILogger, string?, params object?[])' (https://learn.microsoft.com/dotnet/fundamentals/code-analysis/quality-rules/ca1848) [/home/runner/work/trading-bot-c-/trading-bot-c-/src/BotCore/BotCore.csproj]
/home/runner/work/trading-bot-c-/trading-bot-c-/src/BotCore/Services/ProductionGuardrailOrchestrator.cs(91,9): error CA1848: For improved performance, use the LoggerMessage delegates instead of calling 'LoggerExtensions.LogInformation(ILogger, string?, params object?[])' (https://learn.microsoft.com/dotnet/fundamentals/code-analysis/quality-rules/ca1848) [/home/runner/work/trading-bot-c-/trading-bot-c-/src/BotCore/BotCore.csproj]
/home/runner/work/trading-bot-c-/trading-bot-c-/src/BotCore/Services/ProductionGuardrailOrchestrator.cs(92,9): error CA1848: For improved performance, use the LoggerMessage delegates instead of calling 'LoggerExtensions.LogInformation(ILogger, string?, params object?[])' (https://learn.microsoft.com/dotnet/fundamentals/code-analysis/quality-rules/ca1848) [/home/runner/work/trading-bot-c-/trading-bot-c-/src/BotCore/BotCore.csproj]
/home/runner/work/trading-bot-c-/trading-bot-c-/src/BotCore/Services/PositionManagementOptimizer.cs(107,13): error CA1848: For improved performance, use the LoggerMessage delegates instead of calling 'LoggerExtensions.LogInformation(ILogger, string?, params object?[])' (https://learn.microsoft.com/dotnet/fundamentals/code-analysis/quality-rules/ca1848) [/home/runner/work/trading-bot-c-/trading-bot-c-/src/BotCore/BotCore.csproj]
/home/runner/work/trading-bot-c-/trading-bot-c-/src/BotCore/Services/PositionManagementOptimizer.cs(125,21): error CA1848: For improved performance, use the LoggerMessage delegates instead of calling 'LoggerExtensions.LogError(ILogger, Exception?, string?, params object?[])' (https://learn.microsoft.com/dotnet/fundamentals/code-analysis/quality-rules/ca1848) [/home/runner/work/trading-bot-c-/trading-bot-c-/src/BotCore/BotCore.csproj]
/home/runner/work/trading-bot-c-/trading-bot-c-/src/BotCore/Services/PositionManagementOptimizer.cs(131,13): error CA1848: For improved performance, use the LoggerMessage delegates instead of calling 'LoggerExtensions.LogInformation(ILogger, string?, params object?[])' (https://learn.microsoft.com/dotnet/fundamentals/code-analysis/quality-rules/ca1848) [/home/runner/work/trading-bot-c-/trading-bot-c-/src/BotCore/BotCore.csproj]
/home/runner/work/trading-bot-c-/trading-bot-c-/src/BotCore/Services/ProductionKillSwitchService.cs(65,9): error CA1848: For improved performance, use the LoggerMessage delegates instead of calling 'LoggerExtensions.LogInformation(ILogger, string?, params object?[])' (https://learn.microsoft.com/dotnet/fundamentals/code-analysis/quality-rules/ca1848) [/home/runner/work/trading-bot-c-/trading-bot-c-/src/BotCore/BotCore.csproj]
/home/runner/work/trading-bot-c-/trading-bot-c-/src/BotCore/Services/ProductionKillSwitchService.cs(77,9): error CA1848: For improved performance, use the LoggerMessage delegates instead of calling 'LoggerExtensions.LogInformation(ILogger, string?, params object?[])' (https://learn.microsoft.com/dotnet/fundamentals/code-analysis/quality-rules/ca1848) [/home/runner/work/trading-bot-c-/trading-bot-c-/src/BotCore/BotCore.csproj]
/home/runner/work/trading-bot-c-/trading-bot-c-/src/BotCore/Services/PositionManagementOptimizer.cs(123,17): error CA1031: Modify 'ExecuteAsync' to catch a more specific allowed exception type, or rethrow the exception (https://learn.microsoft.com/dotnet/fundamentals/code-analysis/quality-rules/ca1031) [/home/runner/work/trading-bot-c-/trading-bot-c-/src/BotCore/BotCore.csproj]
/home/runner/work/trading-bot-c-/trading-bot-c-/src/BotCore/Services/PortfolioRiskTilts.cs(244,25): error CA1848: For improved performance, use the LoggerMessage delegates instead of calling 'LoggerExtensions.LogWarning(ILogger, string?, params object?[])' (https://learn.microsoft.com/dotnet/fundamentals/code-analysis/quality-rules/ca1848) [/home/runner/work/trading-bot-c-/trading-bot-c-/src/BotCore/BotCore.csproj]
/home/runner/work/trading-bot-c-/trading-bot-c-/src/BotCore/Services/PortfolioRiskTilts.cs(255,17): error CA1848: For improved performance, use the LoggerMessage delegates instead of calling 'LoggerExtensions.LogError(ILogger, Exception?, string?, params object?[])' (https://learn.microsoft.com/dotnet/fundamentals/code-analysis/quality-rules/ca1848) [/home/runner/work/trading-bot-c-/trading-bot-c-/src/BotCore/BotCore.csproj]
/home/runner/work/trading-bot-c-/trading-bot-c-/src/BotCore/Services/PortfolioRiskTilts.cs(253,13): error CA1031: Modify 'CheckCorrelationConstraintAsync' to catch a more specific allowed exception type, or rethrow the exception (https://learn.microsoft.com/dotnet/fundamentals/code-analysis/quality-rules/ca1031) [/home/runner/work/trading-bot-c-/trading-bot-c-/src/BotCore/BotCore.csproj]
/home/runner/work/trading-bot-c-/trading-bot-c-/src/BotCore/Services/ProductionKillSwitchService.cs(39,9): error S3010: Remove this assignment of '_staticConfig' or initialize it statically. (https://rules.sonarsource.com/csharp/RSPEC-3010) [/home/runner/work/trading-bot-c-/trading-bot-c-/src/BotCore/BotCore.csproj]
/home/runner/work/trading-bot-c-/trading-bot-c-/src/BotCore/Services/ProductionTopstepXApiClient.cs(310,25): error CA1848: For improved performance, use the LoggerMessage delegates instead of calling 'LoggerExtensions.LogInformation(ILogger, string?, params object?[])' (https://learn.microsoft.com/dotnet/fundamentals/code-analysis/quality-rules/ca1848) [/home/runner/work/trading-bot-c-/trading-bot-c-/src/BotCore/BotCore.csproj]
/home/runner/work/trading-bot-c-/trading-bot-c-/src/BotCore/Services/ProductionTopstepXApiClient.cs(319,21): error CA1848: For improved performance, use the LoggerMessage delegates instead of calling 'LoggerExtensions.LogWarning(ILogger, Exception?, string?, params object?[])' (https://learn.microsoft.com/dotnet/fundamentals/code-analysis/quality-rules/ca1848) [/home/runner/work/trading-bot-c-/trading-bot-c-/src/BotCore/BotCore.csproj]
/home/runner/work/trading-bot-c-/trading-bot-c-/src/BotCore/Services/ProductionTopstepXApiClient.cs(324,21): error CA1848: For improved performance, use the LoggerMessage delegates instead of calling 'LoggerExtensions.LogWarning(ILogger, Exception?, string?, params object?[])' (https://learn.microsoft.com/dotnet/fundamentals/code-analysis/quality-rules/ca1848) [/home/runner/work/trading-bot-c-/trading-bot-c-/src/BotCore/BotCore.csproj]
/home/runner/work/trading-bot-c-/trading-bot-c-/src/BotCore/Services/ProductionTopstepXApiClient.cs(329,21): error CA1848: For improved performance, use the LoggerMessage delegates instead of calling 'LoggerExtensions.LogWarning(ILogger, Exception?, string?, params object?[])' (https://learn.microsoft.com/dotnet/fundamentals/code-analysis/quality-rules/ca1848) [/home/runner/work/trading-bot-c-/trading-bot-c-/src/BotCore/BotCore.csproj]
/home/runner/work/trading-bot-c-/trading-bot-c-/src/BotCore/Services/ProductionConfigurationService.cs(27,34): error S1541: The Cyclomatic Complexity of this method is 16 which is greater than 10 authorized. (https://rules.sonarsource.com/csharp/RSPEC-1541) [/home/runner/work/trading-bot-c-/trading-bot-c-/src/BotCore/BotCore.csproj]
/home/runner/work/trading-bot-c-/trading-bot-c-/src/BotCore/Services/ProductionConfigurationService.cs(71,13): error CA1848: For improved performance, use the LoggerMessage delegates instead of calling 'LoggerExtensions.LogError(ILogger, string?, params object?[])' (https://learn.microsoft.com/dotnet/fundamentals/code-analysis/quality-rules/ca1848) [/home/runner/work/trading-bot-c-/trading-bot-c-/src/BotCore/BotCore.csproj]
/home/runner/work/trading-bot-c-/trading-bot-c-/src/BotCore/Services/ProductionConfigurationService.cs(75,9): error CA1848: For improved performance, use the LoggerMessage delegates instead of calling 'LoggerExtensions.LogInformation(ILogger, string?, params object?[])' (https://learn.microsoft.com/dotnet/fundamentals/code-analysis/quality-rules/ca1848) [/home/runner/work/trading-bot-c-/trading-bot-c-/src/BotCore/BotCore.csproj]
/home/runner/work/trading-bot-c-/trading-bot-c-/src/BotCore/Services/ProductionGuardrailOrchestrator.cs(109,9): error CA1848: For improved performance, use the LoggerMessage delegates instead of calling 'LoggerExtensions.LogDebug(ILogger, string?, params object?[])' (https://learn.microsoft.com/dotnet/fundamentals/code-analysis/quality-rules/ca1848) [/home/runner/work/trading-bot-c-/trading-bot-c-/src/BotCore/BotCore.csproj]
/home/runner/work/trading-bot-c-/trading-bot-c-/src/BotCore/Services/ProductionGuardrailOrchestrator.cs(118,13): error CA1848: For improved performance, use the LoggerMessage delegates instead of calling 'LoggerExtensions.LogDebug(ILogger, string?, params object?[])' (https://learn.microsoft.com/dotnet/fundamentals/code-analysis/quality-rules/ca1848) [/home/runner/work/trading-bot-c-/trading-bot-c-/src/BotCore/BotCore.csproj]
/home/runner/work/trading-bot-c-/trading-bot-c-/src/BotCore/Services/ProductionKillSwitchService.cs(86,13): error CA1848: For improved performance, use the LoggerMessage delegates instead of calling 'LoggerExtensions.LogCritical(ILogger, string?, params object?[])' (https://learn.microsoft.com/dotnet/fundamentals/code-analysis/quality-rules/ca1848) [/home/runner/work/trading-bot-c-/trading-bot-c-/src/BotCore/BotCore.csproj]
/home/runner/work/trading-bot-c-/trading-bot-c-/src/BotCore/Services/ProductionKillSwitchService.cs(93,9): error CA1848: For improved performance, use the LoggerMessage delegates instead of calling 'LoggerExtensions.LogCritical(ILogger, string?, params object?[])' (https://learn.microsoft.com/dotnet/fundamentals/code-analysis/quality-rules/ca1848) [/home/runner/work/trading-bot-c-/trading-bot-c-/src/BotCore/BotCore.csproj]
/home/runner/work/trading-bot-c-/trading-bot-c-/src/BotCore/Services/PortfolioRiskTilts.cs(434,25): error CA1848: For improved performance, use the LoggerMessage delegates instead of calling 'LoggerExtensions.LogWarning(ILogger, string?, params object?[])' (https://learn.microsoft.com/dotnet/fundamentals/code-analysis/quality-rules/ca1848) [/home/runner/work/trading-bot-c-/trading-bot-c-/src/BotCore/BotCore.csproj]
/home/runner/work/trading-bot-c-/trading-bot-c-/src/BotCore/Services/PortfolioRiskTilts.cs(452,17): error CA1848: For improved performance, use the LoggerMessage delegates instead of calling 'LoggerExtensions.LogError(ILogger, Exception?, string?, params object?[])' (https://learn.microsoft.com/dotnet/fundamentals/code-analysis/quality-rules/ca1848) [/home/runner/work/trading-bot-c-/trading-bot-c-/src/BotCore/BotCore.csproj]
/home/runner/work/trading-bot-c-/trading-bot-c-/src/BotCore/Services/PortfolioRiskTilts.cs(450,13): error CA1031: Modify 'CalculateVolOfVolAdjustmentAsync' to catch a more specific allowed exception type, or rethrow the exception (https://learn.microsoft.com/dotnet/fundamentals/code-analysis/quality-rules/ca1031) [/home/runner/work/trading-bot-c-/trading-bot-c-/src/BotCore/BotCore.csproj]
/home/runner/work/trading-bot-c-/trading-bot-c-/src/BotCore/Services/PortfolioRiskTilts.cs(287,17): error CA1848: For improved performance, use the LoggerMessage delegates instead of calling 'LoggerExtensions.LogError(ILogger, Exception?, string?, params object?[])' (https://learn.microsoft.com/dotnet/fundamentals/code-analysis/quality-rules/ca1848) [/home/runner/work/trading-bot-c-/trading-bot-c-/src/BotCore/BotCore.csproj]
/home/runner/work/trading-bot-c-/trading-bot-c-/src/BotCore/Services/PortfolioRiskTilts.cs(285,13): error CA1031: Modify 'UpdatePriceDataAsync' to catch a more specific allowed exception type, or rethrow the exception (https://learn.microsoft.com/dotnet/fundamentals/code-analysis/quality-rules/ca1031) [/home/runner/work/trading-bot-c-/trading-bot-c-/src/BotCore/BotCore.csproj]
/home/runner/work/trading-bot-c-/trading-bot-c-/src/BotCore/Services/ProductionTopstepXApiClient.cs(340,28): error S1541: The Cyclomatic Complexity of this method is 15 which is greater than 10 authorized. (https://rules.sonarsource.com/csharp/RSPEC-1541) [/home/runner/work/trading-bot-c-/trading-bot-c-/src/BotCore/BotCore.csproj]
/home/runner/work/trading-bot-c-/trading-bot-c-/src/BotCore/Services/ProductionKillSwitchService.cs(104,17): error CA1848: For improved performance, use the LoggerMessage delegates instead of calling 'LoggerExtensions.LogCritical(ILogger, string?, params object?[])' (https://learn.microsoft.com/dotnet/fundamentals/code-analysis/quality-rules/ca1848) [/home/runner/work/trading-bot-c-/trading-bot-c-/src/BotCore/BotCore.csproj]
/home/runner/work/trading-bot-c-/trading-bot-c-/src/BotCore/Services/ProductionKillSwitchService.cs(110,13): error CA1848: For improved performance, use the LoggerMessage delegates instead of calling 'LoggerExtensions.LogError(ILogger, Exception?, string?, params object?[])' (https://learn.microsoft.com/dotnet/fundamentals/code-analysis/quality-rules/ca1848) [/home/runner/work/trading-bot-c-/trading-bot-c-/src/BotCore/BotCore.csproj]
/home/runner/work/trading-bot-c-/trading-bot-c-/src/BotCore/Services/ProductionKillSwitchService.cs(114,13): error CA1848: For improved performance, use the LoggerMessage delegates instead of calling 'LoggerExtensions.LogError(ILogger, Exception?, string?, params object?[])' (https://learn.microsoft.com/dotnet/fundamentals/code-analysis/quality-rules/ca1848) [/home/runner/work/trading-bot-c-/trading-bot-c-/src/BotCore/BotCore.csproj]
/home/runner/work/trading-bot-c-/trading-bot-c-/src/BotCore/Services/ProductionKillSwitchService.cs(118,13): error CA1848: For improved performance, use the LoggerMessage delegates instead of calling 'LoggerExtensions.LogError(ILogger, Exception?, string?, params object?[])' (https://learn.microsoft.com/dotnet/fundamentals/code-analysis/quality-rules/ca1848) [/home/runner/work/trading-bot-c-/trading-bot-c-/src/BotCore/BotCore.csproj]
/home/runner/work/trading-bot-c-/trading-bot-c-/src/BotCore/Services/ProductionTopstepXApiClient.cs(342,13): error CA1848: For improved performance, use the LoggerMessage delegates instead of calling 'LoggerExtensions.LogWarning(ILogger, string?, params object?[])' (https://learn.microsoft.com/dotnet/fundamentals/code-analysis/quality-rules/ca1848) [/home/runner/work/trading-bot-c-/trading-bot-c-/src/BotCore/BotCore.csproj]
/home/runner/work/trading-bot-c-/trading-bot-c-/src/BotCore/Services/ProductionMonitoringService.cs(63,47): error S6603: The collection-specific "TrueForAll" method should be used instead of the "All" extension (https://rules.sonarsource.com/csharp/RSPEC-6603) [/home/runner/work/trading-bot-c-/trading-bot-c-/src/BotCore/BotCore.csproj]
/home/runner/work/trading-bot-c-/trading-bot-c-/src/BotCore/Services/ProductionMonitoringService.cs(68,13): error CA1848: For improved performance, use the LoggerMessage delegates instead of calling 'LoggerExtensions.LogInformation(ILogger, string?, params object?[])' (https://learn.microsoft.com/dotnet/fundamentals/code-analysis/quality-rules/ca1848) [/home/runner/work/trading-bot-c-/trading-bot-c-/src/BotCore/BotCore.csproj]
/home/runner/work/trading-bot-c-/trading-bot-c-/src/BotCore/Services/ProductionMonitoringService.cs(75,13): error CA1848: For improved performance, use the LoggerMessage delegates instead of calling 'LoggerExtensions.LogError(ILogger, Exception?, string?, params object?[])' (https://learn.microsoft.com/dotnet/fundamentals/code-analysis/quality-rules/ca1848) [/home/runner/work/trading-bot-c-/trading-bot-c-/src/BotCore/BotCore.csproj]
/home/runner/work/trading-bot-c-/trading-bot-c-/src/BotCore/Services/ProductionMonitoringService.cs(73,9): error CA1031: Modify 'CheckHealthAsync' to catch a more specific allowed exception type, or rethrow the exception (https://learn.microsoft.com/dotnet/fundamentals/code-analysis/quality-rules/ca1031) [/home/runner/work/trading-bot-c-/trading-bot-c-/src/BotCore/BotCore.csproj]
/home/runner/work/trading-bot-c-/trading-bot-c-/src/BotCore/Services/PositionManagementOptimizer.cs(202,17): error CA1848: For improved performance, use the LoggerMessage delegates instead of calling 'LoggerExtensions.LogWarning(ILogger, string?, params object?[])' (https://learn.microsoft.com/dotnet/fundamentals/code-analysis/quality-rules/ca1848) [/home/runner/work/trading-bot-c-/trading-bot-c-/src/BotCore/BotCore.csproj]
/home/runner/work/trading-bot-c-/trading-bot-c-/src/BotCore/Services/PositionManagementOptimizer.cs(208,17): error CA1848: For improved performance, use the LoggerMessage delegates instead of calling 'LoggerExtensions.LogInformation(ILogger, string?, params object?[])' (https://learn.microsoft.com/dotnet/fundamentals/code-analysis/quality-rules/ca1848) [/home/runner/work/trading-bot-c-/trading-bot-c-/src/BotCore/BotCore.csproj]
/home/runner/work/trading-bot-c-/trading-bot-c-/src/BotCore/Services/ProductionConfigurationService.cs(109,13): error CA1848: For improved performance, use the LoggerMessage delegates instead of calling 'LoggerExtensions.LogDebug(ILogger, string?, params object?[])' (https://learn.microsoft.com/dotnet/fundamentals/code-analysis/quality-rules/ca1848) [/home/runner/work/trading-bot-c-/trading-bot-c-/src/BotCore/BotCore.csproj]
/home/runner/work/trading-bot-c-/trading-bot-c-/src/BotCore/Services/ProductionConfigurationService.cs(117,13): error CA1848: For improved performance, use the LoggerMessage delegates instead of calling 'LoggerExtensions.LogDebug(ILogger, string?, params object?[])' (https://learn.microsoft.com/dotnet/fundamentals/code-analysis/quality-rules/ca1848) [/home/runner/work/trading-bot-c-/trading-bot-c-/src/BotCore/BotCore.csproj]
/home/runner/work/trading-bot-c-/trading-bot-c-/src/BotCore/Services/ProductionConfigurationService.cs(125,13): error CA1848: For improved performance, use the LoggerMessage delegates instead of calling 'LoggerExtensions.LogDebug(ILogger, string?, params object?[])' (https://learn.microsoft.com/dotnet/fundamentals/code-analysis/quality-rules/ca1848) [/home/runner/work/trading-bot-c-/trading-bot-c-/src/BotCore/BotCore.csproj]
/home/runner/work/trading-bot-c-/trading-bot-c-/src/BotCore/Services/PortfolioRiskTilts.cs(74,39): error S1244: Do not check floating point equality with exact values, use a range instead. (https://rules.sonarsource.com/csharp/RSPEC-1244) [/home/runner/work/trading-bot-c-/trading-bot-c-/src/BotCore/BotCore.csproj]
/home/runner/work/trading-bot-c-/trading-bot-c-/src/BotCore/Services/PerformanceMetricsService.cs(46,21): error CA1848: For improved performance, use the LoggerMessage delegates instead of calling 'LoggerExtensions.LogWarning(ILogger, string?, params object?[])' (https://learn.microsoft.com/dotnet/fundamentals/code-analysis/quality-rules/ca1848) [/home/runner/work/trading-bot-c-/trading-bot-c-/src/BotCore/BotCore.csproj]
/home/runner/work/trading-bot-c-/trading-bot-c-/src/BotCore/Services/PerformanceMetricsService.cs(52,17): error CA1848: For improved performance, use the LoggerMessage delegates instead of calling 'LoggerExtensions.LogTrace(ILogger, string?, params object?[])' (https://learn.microsoft.com/dotnet/fundamentals/code-analysis/quality-rules/ca1848) [/home/runner/work/trading-bot-c-/trading-bot-c-/src/BotCore/BotCore.csproj]
/home/runner/work/trading-bot-c-/trading-bot-c-/src/BotCore/Services/PortfolioRiskTilts.cs(65,25): error CA1848: For improved performance, use the LoggerMessage delegates instead of calling 'LoggerExtensions.LogWarning(ILogger, string?, params object?[])' (https://learn.microsoft.com/dotnet/fundamentals/code-analysis/quality-rules/ca1848) [/home/runner/work/trading-bot-c-/trading-bot-c-/src/BotCore/BotCore.csproj]
/home/runner/work/trading-bot-c-/trading-bot-c-/src/BotCore/Services/PortfolioRiskTilts.cs(76,25): error CA1848: For improved performance, use the LoggerMessage delegates instead of calling 'LoggerExtensions.LogWarning(ILogger, string?, params object?[])' (https://learn.microsoft.com/dotnet/fundamentals/code-analysis/quality-rules/ca1848) [/home/runner/work/trading-bot-c-/trading-bot-c-/src/BotCore/BotCore.csproj]
/home/runner/work/trading-bot-c-/trading-bot-c-/src/BotCore/Services/PortfolioRiskTilts.cs(94,21): error CA1848: For improved performance, use the LoggerMessage delegates instead of calling 'LoggerExtensions.LogTrace(ILogger, string?, params object?[])' (https://learn.microsoft.com/dotnet/fundamentals/code-analysis/quality-rules/ca1848) [/home/runner/work/trading-bot-c-/trading-bot-c-/src/BotCore/BotCore.csproj]
/home/runner/work/trading-bot-c-/trading-bot-c-/src/BotCore/Services/PortfolioRiskTilts.cs(102,17): error CA1848: For improved performance, use the LoggerMessage delegates instead of calling 'LoggerExtensions.LogError(ILogger, Exception?, string?, params object?[])' (https://learn.microsoft.com/dotnet/fundamentals/code-analysis/quality-rules/ca1848) [/home/runner/work/trading-bot-c-/trading-bot-c-/src/BotCore/BotCore.csproj]
/home/runner/work/trading-bot-c-/trading-bot-c-/src/BotCore/Services/PortfolioRiskTilts.cs(100,13): error CA1031: Modify 'CalculatePositionMultiplierCore' to catch a more specific allowed exception type, or rethrow the exception (https://learn.microsoft.com/dotnet/fundamentals/code-analysis/quality-rules/ca1031) [/home/runner/work/trading-bot-c-/trading-bot-c-/src/BotCore/BotCore.csproj]
/home/runner/work/trading-bot-c-/trading-bot-c-/src/BotCore/Services/OrderExecutionService.cs(74,17): error CA1848: For improved performance, use the LoggerMessage delegates instead of calling 'LoggerExtensions.LogInformation(ILogger, string?, params object?[])' (https://learn.microsoft.com/dotnet/fundamentals/code-analysis/quality-rules/ca1848) [/home/runner/work/trading-bot-c-/trading-bot-c-/src/BotCore/BotCore.csproj]
/home/runner/work/trading-bot-c-/trading-bot-c-/src/BotCore/Services/OrderExecutionService.cs(76,17): error CA1848: For improved performance, use the LoggerMessage delegates instead of calling 'LoggerExtensions.LogInformation(ILogger, string?, params object?[])' (https://learn.microsoft.com/dotnet/fundamentals/code-analysis/quality-rules/ca1848) [/home/runner/work/trading-bot-c-/trading-bot-c-/src/BotCore/BotCore.csproj]
/home/runner/work/trading-bot-c-/trading-bot-c-/src/BotCore/Services/OrderExecutionService.cs(78,17): error CA1848: For improved performance, use the LoggerMessage delegates instead of calling 'LoggerExtensions.LogInformation(ILogger, string?, params object?[])' (https://learn.microsoft.com/dotnet/fundamentals/code-analysis/quality-rules/ca1848) [/home/runner/work/trading-bot-c-/trading-bot-c-/src/BotCore/BotCore.csproj]
/home/runner/work/trading-bot-c-/trading-bot-c-/src/BotCore/Services/OrderExecutionService.cs(88,13): error CA1848: For improved performance, use the LoggerMessage delegates instead of calling 'LoggerExtensions.LogInformation(ILogger, string?, params object?[])' (https://learn.microsoft.com/dotnet/fundamentals/code-analysis/quality-rules/ca1848) [/home/runner/work/trading-bot-c-/trading-bot-c-/src/BotCore/BotCore.csproj]
/home/runner/work/trading-bot-c-/trading-bot-c-/src/BotCore/Services/ProductionConfigurationService.cs(142,9): error CA1848: For improved performance, use the LoggerMessage delegates instead of calling 'LoggerExtensions.LogInformation(ILogger, string?, params object?[])' (https://learn.microsoft.com/dotnet/fundamentals/code-analysis/quality-rules/ca1848) [/home/runner/work/trading-bot-c-/trading-bot-c-/src/BotCore/BotCore.csproj]
/home/runner/work/trading-bot-c-/trading-bot-c-/src/BotCore/Services/ProductionConfigurationService.cs(143,9): error CA1848: For improved performance, use the LoggerMessage delegates instead of calling 'LoggerExtensions.LogInformation(ILogger, string?, params object?[])' (https://learn.microsoft.com/dotnet/fundamentals/code-analysis/quality-rules/ca1848) [/home/runner/work/trading-bot-c-/trading-bot-c-/src/BotCore/BotCore.csproj]
/home/runner/work/trading-bot-c-/trading-bot-c-/src/BotCore/Services/ProductionConfigurationService.cs(144,9): error CA1848: For improved performance, use the LoggerMessage delegates instead of calling 'LoggerExtensions.LogInformation(ILogger, string?, params object?[])' (https://learn.microsoft.com/dotnet/fundamentals/code-analysis/quality-rules/ca1848) [/home/runner/work/trading-bot-c-/trading-bot-c-/src/BotCore/BotCore.csproj]
/home/runner/work/trading-bot-c-/trading-bot-c-/src/BotCore/Services/ProductionConfigurationService.cs(145,9): error CA1848: For improved performance, use the LoggerMessage delegates instead of calling 'LoggerExtensions.LogInformation(ILogger, string?, params object?[])' (https://learn.microsoft.com/dotnet/fundamentals/code-analysis/quality-rules/ca1848) [/home/runner/work/trading-bot-c-/trading-bot-c-/src/BotCore/BotCore.csproj]
/home/runner/work/trading-bot-c-/trading-bot-c-/src/BotCore/Services/ProductionConfigurationService.cs(147,9): error CA1848: For improved performance, use the LoggerMessage delegates instead of calling 'LoggerExtensions.LogInformation(ILogger, string?, params object?[])' (https://learn.microsoft.com/dotnet/fundamentals/code-analysis/quality-rules/ca1848) [/home/runner/work/trading-bot-c-/trading-bot-c-/src/BotCore/BotCore.csproj]
/home/runner/work/trading-bot-c-/trading-bot-c-/src/BotCore/Services/ProductionConfigurationService.cs(148,9): error CA1848: For improved performance, use the LoggerMessage delegates instead of calling 'LoggerExtensions.LogInformation(ILogger, string?, params object?[])' (https://learn.microsoft.com/dotnet/fundamentals/code-analysis/quality-rules/ca1848) [/home/runner/work/trading-bot-c-/trading-bot-c-/src/BotCore/BotCore.csproj]
/home/runner/work/trading-bot-c-/trading-bot-c-/src/BotCore/Services/ProductionConfigurationService.cs(149,9): error CA1848: For improved performance, use the LoggerMessage delegates instead of calling 'LoggerExtensions.LogInformation(ILogger, string?, params object?[])' (https://learn.microsoft.com/dotnet/fundamentals/code-analysis/quality-rules/ca1848) [/home/runner/work/trading-bot-c-/trading-bot-c-/src/BotCore/BotCore.csproj]
/home/runner/work/trading-bot-c-/trading-bot-c-/src/BotCore/Services/ProductionConfigurationService.cs(150,9): error CA1848: For improved performance, use the LoggerMessage delegates instead of calling 'LoggerExtensions.LogInformation(ILogger, string?, params object?[])' (https://learn.microsoft.com/dotnet/fundamentals/code-analysis/quality-rules/ca1848) [/home/runner/work/trading-bot-c-/trading-bot-c-/src/BotCore/BotCore.csproj]
/home/runner/work/trading-bot-c-/trading-bot-c-/src/BotCore/Services/ProductionGuardrailOrchestrator.cs(140,9): error CA1848: For improved performance, use the LoggerMessage delegates instead of calling 'LoggerExtensions.LogInformation(ILogger, string?, params object?[])' (https://learn.microsoft.com/dotnet/fundamentals/code-analysis/quality-rules/ca1848) [/home/runner/work/trading-bot-c-/trading-bot-c-/src/BotCore/BotCore.csproj]
/home/runner/work/trading-bot-c-/trading-bot-c-/src/BotCore/Services/ProductionGuardrailOrchestrator.cs(148,13): error CA1848: For improved performance, use the LoggerMessage delegates instead of calling 'LoggerExtensions.LogCritical(ILogger, string?, params object?[])' (https://learn.microsoft.com/dotnet/fundamentals/code-analysis/quality-rules/ca1848) [/home/runner/work/trading-bot-c-/trading-bot-c-/src/BotCore/BotCore.csproj]
/home/runner/work/trading-bot-c-/trading-bot-c-/src/BotCore/Services/ProductionGuardrailOrchestrator.cs(159,13): error CA1848: For improved performance, use the LoggerMessage delegates instead of calling 'LoggerExtensions.LogCritical(ILogger, string?, params object?[])' (https://learn.microsoft.com/dotnet/fundamentals/code-analysis/quality-rules/ca1848) [/home/runner/work/trading-bot-c-/trading-bot-c-/src/BotCore/BotCore.csproj]
/home/runner/work/trading-bot-c-/trading-bot-c-/src/BotCore/Services/ProductionGuardrailOrchestrator.cs(167,13): error CA1848: For improved performance, use the LoggerMessage delegates instead of calling 'LoggerExtensions.LogInformation(ILogger, string?, params object?[])' (https://learn.microsoft.com/dotnet/fundamentals/code-analysis/quality-rules/ca1848) [/home/runner/work/trading-bot-c-/trading-bot-c-/src/BotCore/BotCore.csproj]
/home/runner/work/trading-bot-c-/trading-bot-c-/src/BotCore/Services/ProductionGuardrailOrchestrator.cs(173,13): error CA1848: For improved performance, use the LoggerMessage delegates instead of calling 'LoggerExtensions.LogInformation(ILogger, string?, params object?[])' (https://learn.microsoft.com/dotnet/fundamentals/code-analysis/quality-rules/ca1848) [/home/runner/work/trading-bot-c-/trading-bot-c-/src/BotCore/BotCore.csproj]
/home/runner/work/trading-bot-c-/trading-bot-c-/src/BotCore/Services/ProductionGuardrailOrchestrator.cs(186,13): error CA1848: For improved performance, use the LoggerMessage delegates instead of calling 'LoggerExtensions.LogCritical(ILogger, string?, params object?[])' (https://learn.microsoft.com/dotnet/fundamentals/code-analysis/quality-rules/ca1848) [/home/runner/work/trading-bot-c-/trading-bot-c-/src/BotCore/BotCore.csproj]
/home/runner/work/trading-bot-c-/trading-bot-c-/src/BotCore/Services/ProductionGuardrailOrchestrator.cs(195,9): error CA1848: For improved performance, use the LoggerMessage delegates instead of calling 'LoggerExtensions.LogInformation(ILogger, string?, params object?[])' (https://learn.microsoft.com/dotnet/fundamentals/code-analysis/quality-rules/ca1848) [/home/runner/work/trading-bot-c-/trading-bot-c-/src/BotCore/BotCore.csproj]
/home/runner/work/trading-bot-c-/trading-bot-c-/src/BotCore/Services/OrderExecutionService.cs(103,17): error CA1848: For improved performance, use the LoggerMessage delegates instead of calling 'LoggerExtensions.LogError(ILogger, Exception?, string?, params object?[])' (https://learn.microsoft.com/dotnet/fundamentals/code-analysis/quality-rules/ca1848) [/home/runner/work/trading-bot-c-/trading-bot-c-/src/BotCore/BotCore.csproj]
/home/runner/work/trading-bot-c-/trading-bot-c-/src/BotCore/Services/OrderExecutionService.cs(101,13): error CA1031: Modify 'IsHealthyAsync' to catch a more specific allowed exception type, or rethrow the exception (https://learn.microsoft.com/dotnet/fundamentals/code-analysis/quality-rules/ca1031) [/home/runner/work/trading-bot-c-/trading-bot-c-/src/BotCore/BotCore.csproj]
/home/runner/work/trading-bot-c-/trading-bot-c-/src/BotCore/Services/ProductionKillSwitchService.cs(131,13): error CA1848: For improved performance, use the LoggerMessage delegates instead of calling 'LoggerExtensions.LogCritical(ILogger, string?, params object?[])' (https://learn.microsoft.com/dotnet/fundamentals/code-analysis/quality-rules/ca1848) [/home/runner/work/trading-bot-c-/trading-bot-c-/src/BotCore/BotCore.csproj]
/home/runner/work/trading-bot-c-/trading-bot-c-/src/BotCore/Services/ProductionKillSwitchService.cs(132,13): error CA1848: For improved performance, use the LoggerMessage delegates instead of calling 'LoggerExtensions.LogCritical(ILogger, string?, params object?[])' (https://learn.microsoft.com/dotnet/fundamentals/code-analysis/quality-rules/ca1848) [/home/runner/work/trading-bot-c-/trading-bot-c-/src/BotCore/BotCore.csproj]
/home/runner/work/trading-bot-c-/trading-bot-c-/src/BotCore/Services/ProductionKillSwitchService.cs(154,17): error CA1848: For improved performance, use the LoggerMessage delegates instead of calling 'LoggerExtensions.LogError(ILogger, Exception?, string?, params object?[])' (https://learn.microsoft.com/dotnet/fundamentals/code-analysis/quality-rules/ca1848) [/home/runner/work/trading-bot-c-/trading-bot-c-/src/BotCore/BotCore.csproj]
/home/runner/work/trading-bot-c-/trading-bot-c-/src/BotCore/Services/ProductionKillSwitchService.cs(158,17): error CA1848: For improved performance, use the LoggerMessage delegates instead of calling 'LoggerExtensions.LogError(ILogger, Exception?, string?, params object?[])' (https://learn.microsoft.com/dotnet/fundamentals/code-analysis/quality-rules/ca1848) [/home/runner/work/trading-bot-c-/trading-bot-c-/src/BotCore/BotCore.csproj]
/home/runner/work/trading-bot-c-/trading-bot-c-/src/BotCore/Services/ProductionKillSwitchService.cs(163,13): error CA1848: For improved performance, use the LoggerMessage delegates instead of calling 'LoggerExtensions.LogError(ILogger, Exception?, string?, params object?[])' (https://learn.microsoft.com/dotnet/fundamentals/code-analysis/quality-rules/ca1848) [/home/runner/work/trading-bot-c-/trading-bot-c-/src/BotCore/BotCore.csproj]
/home/runner/work/trading-bot-c-/trading-bot-c-/src/BotCore/Services/ProductionKillSwitchService.cs(167,13): error CA1848: For improved performance, use the LoggerMessage delegates instead of calling 'LoggerExtensions.LogError(ILogger, Exception?, string?, params object?[])' (https://learn.microsoft.com/dotnet/fundamentals/code-analysis/quality-rules/ca1848) [/home/runner/work/trading-bot-c-/trading-bot-c-/src/BotCore/BotCore.csproj]
/home/runner/work/trading-bot-c-/trading-bot-c-/src/BotCore/Services/PortfolioRiskTilts.cs(139,17): error CA1848: For improved performance, use the LoggerMessage delegates instead of calling 'LoggerExtensions.LogTrace(ILogger, string?, params object?[])' (https://learn.microsoft.com/dotnet/fundamentals/code-analysis/quality-rules/ca1848) [/home/runner/work/trading-bot-c-/trading-bot-c-/src/BotCore/BotCore.csproj]
/home/runner/work/trading-bot-c-/trading-bot-c-/src/BotCore/Services/PortfolioRiskTilts.cs(144,17): error CA1848: For improved performance, use the LoggerMessage delegates instead of calling 'LoggerExtensions.LogError(ILogger, Exception?, string?, params object?[])' (https://learn.microsoft.com/dotnet/fundamentals/code-analysis/quality-rules/ca1848) [/home/runner/work/trading-bot-c-/trading-bot-c-/src/BotCore/BotCore.csproj]
/home/runner/work/trading-bot-c-/trading-bot-c-/src/BotCore/Services/ProductionMonitoringService.cs(112,17): error CA1848: For improved performance, use the LoggerMessage delegates instead of calling 'LoggerExtensions.LogInformation(ILogger, string?, params object?[])' (https://learn.microsoft.com/dotnet/fundamentals/code-analysis/quality-rules/ca1848) [/home/runner/work/trading-bot-c-/trading-bot-c-/src/BotCore/BotCore.csproj]
/home/runner/work/trading-bot-c-/trading-bot-c-/src/BotCore/Services/OrderExecutionMetrics.cs(56,13): error CA1848: For improved performance, use the LoggerMessage delegates instead of calling 'LoggerExtensions.LogDebug(ILogger, string?, params object?[])' (https://learn.microsoft.com/dotnet/fundamentals/code-analysis/quality-rules/ca1848) [/home/runner/work/trading-bot-c-/trading-bot-c-/src/BotCore/BotCore.csproj]
/home/runner/work/trading-bot-c-/trading-bot-c-/src/BotCore/Services/OrderExecutionService.cs(121,17): error CA1848: For improved performance, use the LoggerMessage delegates instead of calling 'LoggerExtensions.LogError(ILogger, Exception?, string?, params object?[])' (https://learn.microsoft.com/dotnet/fundamentals/code-analysis/quality-rules/ca1848) [/home/runner/work/trading-bot-c-/trading-bot-c-/src/BotCore/BotCore.csproj]
/home/runner/work/trading-bot-c-/trading-bot-c-/src/BotCore/Services/OrderExecutionService.cs(119,13): error CA1031: Modify 'GetStatusAsync' to catch a more specific allowed exception type, or rethrow the exception (https://learn.microsoft.com/dotnet/fundamentals/code-analysis/quality-rules/ca1031) [/home/runner/work/trading-bot-c-/trading-bot-c-/src/BotCore/BotCore.csproj]
/home/runner/work/trading-bot-c-/trading-bot-c-/src/BotCore/Services/OllamaClient.cs(40,9): error CA1848: For improved performance, use the LoggerMessage delegates instead of calling 'LoggerExtensions.LogInformation(ILogger, string?, params object?[])' (https://learn.microsoft.com/dotnet/fundamentals/code-analysis/quality-rules/ca1848) [/home/runner/work/trading-bot-c-/trading-bot-c-/src/BotCore/BotCore.csproj]
/home/runner/work/trading-bot-c-/trading-bot-c-/src/BotCore/Services/NullBreadthDataSource.cs(50,13): error CA1848: For improved performance, use the LoggerMessage delegates instead of calling 'LoggerExtensions.LogError(ILogger, string?, params object?[])' (https://learn.microsoft.com/dotnet/fundamentals/code-analysis/quality-rules/ca1848) [/home/runner/work/trading-bot-c-/trading-bot-c-/src/BotCore/BotCore.csproj]
/home/runner/work/trading-bot-c-/trading-bot-c-/src/BotCore/Services/PositionManagementOptimizer.cs(232,25): error CA1848: For improved performance, use the LoggerMessage delegates instead of calling 'LoggerExtensions.LogError(ILogger, Exception?, string?, params object?[])' (https://learn.microsoft.com/dotnet/fundamentals/code-analysis/quality-rules/ca1848) [/home/runner/work/trading-bot-c-/trading-bot-c-/src/BotCore/BotCore.csproj]
/home/runner/work/trading-bot-c-/trading-bot-c-/src/BotCore/Services/PositionManagementOptimizer.cs(230,21): error CA1031: Modify 'RunOptimizationCycleAsync' to catch a more specific allowed exception type, or rethrow the exception (https://learn.microsoft.com/dotnet/fundamentals/code-analysis/quality-rules/ca1031) [/home/runner/work/trading-bot-c-/trading-bot-c-/src/BotCore/BotCore.csproj]
/home/runner/work/trading-bot-c-/trading-bot-c-/src/BotCore/Services/PerformanceTracker.cs(102,13): error CA1848: For improved performance, use the LoggerMessage delegates instead of calling 'LoggerExtensions.LogInformation(ILogger, string?, params object?[])' (https://learn.microsoft.com/dotnet/fundamentals/code-analysis/quality-rules/ca1848) [/home/runner/work/trading-bot-c-/trading-bot-c-/src/BotCore/BotCore.csproj]
/home/runner/work/trading-bot-c-/trading-bot-c-/src/BotCore/Services/PerformanceTracker.cs(113,13): error CA1848: For improved performance, use the LoggerMessage delegates instead of calling 'LoggerExtensions.LogError(ILogger, Exception?, string?, params object?[])' (https://learn.microsoft.com/dotnet/fundamentals/code-analysis/quality-rules/ca1848) [/home/runner/work/trading-bot-c-/trading-bot-c-/src/BotCore/BotCore.csproj]
/home/runner/work/trading-bot-c-/trading-bot-c-/src/BotCore/Services/PerformanceTracker.cs(117,13): error CA1848: For improved performance, use the LoggerMessage delegates instead of calling 'LoggerExtensions.LogError(ILogger, Exception?, string?, params object?[])' (https://learn.microsoft.com/dotnet/fundamentals/code-analysis/quality-rules/ca1848) [/home/runner/work/trading-bot-c-/trading-bot-c-/src/BotCore/BotCore.csproj]
/home/runner/work/trading-bot-c-/trading-bot-c-/src/BotCore/Services/PerformanceTracker.cs(121,13): error CA1848: For improved performance, use the LoggerMessage delegates instead of calling 'LoggerExtensions.LogError(ILogger, Exception?, string?, params object?[])' (https://learn.microsoft.com/dotnet/fundamentals/code-analysis/quality-rules/ca1848) [/home/runner/work/trading-bot-c-/trading-bot-c-/src/BotCore/BotCore.csproj]
/home/runner/work/trading-bot-c-/trading-bot-c-/src/BotCore/Services/PerformanceMetricsService.cs(74,21): error CA1848: For improved performance, use the LoggerMessage delegates instead of calling 'LoggerExtensions.LogWarning(ILogger, string?, params object?[])' (https://learn.microsoft.com/dotnet/fundamentals/code-analysis/quality-rules/ca1848) [/home/runner/work/trading-bot-c-/trading-bot-c-/src/BotCore/BotCore.csproj]
/home/runner/work/trading-bot-c-/trading-bot-c-/src/BotCore/Services/PerformanceMetricsService.cs(80,17): error CA1848: For improved performance, use the LoggerMessage delegates instead of calling 'LoggerExtensions.LogTrace(ILogger, string?, params object?[])' (https://learn.microsoft.com/dotnet/fundamentals/code-analysis/quality-rules/ca1848) [/home/runner/work/trading-bot-c-/trading-bot-c-/src/BotCore/BotCore.csproj]
/home/runner/work/trading-bot-c-/trading-bot-c-/src/BotCore/Services/NullBreadthDataSource.cs(62,13): error CA1848: For improved performance, use the LoggerMessage delegates instead of calling 'LoggerExtensions.LogError(ILogger, string?, params object?[])' (https://learn.microsoft.com/dotnet/fundamentals/code-analysis/quality-rules/ca1848) [/home/runner/work/trading-bot-c-/trading-bot-c-/src/BotCore/BotCore.csproj]
/home/runner/work/trading-bot-c-/trading-bot-c-/src/BotCore/Services/ProductionKillSwitchService.cs(192,13): error CA1848: For improved performance, use the LoggerMessage delegates instead of calling 'LoggerExtensions.LogInformation(ILogger, string?, params object?[])' (https://learn.microsoft.com/dotnet/fundamentals/code-analysis/quality-rules/ca1848) [/home/runner/work/trading-bot-c-/trading-bot-c-/src/BotCore/BotCore.csproj]
/home/runner/work/trading-bot-c-/trading-bot-c-/src/BotCore/Services/ProductionKillSwitchService.cs(196,13): error CA1848: For improved performance, use the LoggerMessage delegates instead of calling 'LoggerExtensions.LogWarning(ILogger, Exception?, string?, params object?[])' (https://learn.microsoft.com/dotnet/fundamentals/code-analysis/quality-rules/ca1848) [/home/runner/work/trading-bot-c-/trading-bot-c-/src/BotCore/BotCore.csproj]
/home/runner/work/trading-bot-c-/trading-bot-c-/src/BotCore/Services/ProductionKillSwitchService.cs(200,13): error CA1848: For improved performance, use the LoggerMessage delegates instead of calling 'LoggerExtensions.LogWarning(ILogger, Exception?, string?, params object?[])' (https://learn.microsoft.com/dotnet/fundamentals/code-analysis/quality-rules/ca1848) [/home/runner/work/trading-bot-c-/trading-bot-c-/src/BotCore/BotCore.csproj]
/home/runner/work/trading-bot-c-/trading-bot-c-/src/BotCore/Services/ProductionKillSwitchService.cs(204,13): error CA1848: For improved performance, use the LoggerMessage delegates instead of calling 'LoggerExtensions.LogWarning(ILogger, Exception?, string?, params object?[])' (https://learn.microsoft.com/dotnet/fundamentals/code-analysis/quality-rules/ca1848) [/home/runner/work/trading-bot-c-/trading-bot-c-/src/BotCore/BotCore.csproj]
/home/runner/work/trading-bot-c-/trading-bot-c-/src/BotCore/Services/NewsIntelligenceEngine.cs(92,13): error CA1848: For improved performance, use the LoggerMessage delegates instead of calling 'LoggerExtensions.LogInformation(ILogger, string?, params object?[])' (https://learn.microsoft.com/dotnet/fundamentals/code-analysis/quality-rules/ca1848) [/home/runner/work/trading-bot-c-/trading-bot-c-/src/BotCore/BotCore.csproj]
/home/runner/work/trading-bot-c-/trading-bot-c-/src/BotCore/Services/NewsIntelligenceEngine.cs(98,17): error CA1848: For improved performance, use the LoggerMessage delegates instead of calling 'LoggerExtensions.LogWarning(ILogger, string?, params object?[])' (https://learn.microsoft.com/dotnet/fundamentals/code-analysis/quality-rules/ca1848) [/home/runner/work/trading-bot-c-/trading-bot-c-/src/BotCore/BotCore.csproj]
/home/runner/work/trading-bot-c-/trading-bot-c-/src/BotCore/Services/NewsIntelligenceEngine.cs(118,13): error CA1848: For improved performance, use the LoggerMessage delegates instead of calling 'LoggerExtensions.LogError(ILogger, Exception?, string?, params object?[])' (https://learn.microsoft.com/dotnet/fundamentals/code-analysis/quality-rules/ca1848) [/home/runner/work/trading-bot-c-/trading-bot-c-/src/BotCore/BotCore.csproj]
/home/runner/work/trading-bot-c-/trading-bot-c-/src/BotCore/Services/NewsIntelligenceEngine.cs(116,9): error CA1031: Modify 'GetLatestNewsIntelligenceAsync' to catch a more specific allowed exception type, or rethrow the exception (https://learn.microsoft.com/dotnet/fundamentals/code-analysis/quality-rules/ca1031) [/home/runner/work/trading-bot-c-/trading-bot-c-/src/BotCore/BotCore.csproj]
/home/runner/work/trading-bot-c-/trading-bot-c-/src/BotCore/Services/NullBreadthDataSource.cs(74,13): error CA1848: For improved performance, use the LoggerMessage delegates instead of calling 'LoggerExtensions.LogError(ILogger, string?, params object?[])' (https://learn.microsoft.com/dotnet/fundamentals/code-analysis/quality-rules/ca1848) [/home/runner/work/trading-bot-c-/trading-bot-c-/src/BotCore/BotCore.csproj]
/home/runner/work/trading-bot-c-/trading-bot-c-/src/BotCore/Services/ProductionMonitoringService.cs(154,17): error CA1848: For improved performance, use the LoggerMessage delegates instead of calling 'LoggerExtensions.LogWarning(ILogger, string?, params object?[])' (https://learn.microsoft.com/dotnet/fundamentals/code-analysis/quality-rules/ca1848) [/home/runner/work/trading-bot-c-/trading-bot-c-/src/BotCore/BotCore.csproj]
/home/runner/work/trading-bot-c-/trading-bot-c-/src/BotCore/Services/OrderExecutionService.cs(154,21): error CA1848: For improved performance, use the LoggerMessage delegates instead of calling 'LoggerExtensions.LogWarning(ILogger, string?, params object?[])' (https://learn.microsoft.com/dotnet/fundamentals/code-analysis/quality-rules/ca1848) [/home/runner/work/trading-bot-c-/trading-bot-c-/src/BotCore/BotCore.csproj]
/home/runner/work/trading-bot-c-/trading-bot-c-/src/BotCore/Services/OrderExecutionService.cs(158,17): error CA1848: For improved performance, use the LoggerMessage delegates instead of calling 'LoggerExtensions.LogInformation(ILogger, string?, params object?[])' (https://learn.microsoft.com/dotnet/fundamentals/code-analysis/quality-rules/ca1848) [/home/runner/work/trading-bot-c-/trading-bot-c-/src/BotCore/BotCore.csproj]
/home/runner/work/trading-bot-c-/trading-bot-c-/src/BotCore/Services/OrderExecutionService.cs(170,21): error CA1848: For improved performance, use the LoggerMessage delegates instead of calling 'LoggerExtensions.LogInformation(ILogger, string?, params object?[])' (https://learn.microsoft.com/dotnet/fundamentals/code-analysis/quality-rules/ca1848) [/home/runner/work/trading-bot-c-/trading-bot-c-/src/BotCore/BotCore.csproj]
/home/runner/work/trading-bot-c-/trading-bot-c-/src/BotCore/Services/OrderExecutionService.cs(174,17): error CA1848: For improved performance, use the LoggerMessage delegates instead of calling 'LoggerExtensions.LogError(ILogger, string?, params object?[])' (https://learn.microsoft.com/dotnet/fundamentals/code-analysis/quality-rules/ca1848) [/home/runner/work/trading-bot-c-/trading-bot-c-/src/BotCore/BotCore.csproj]
/home/runner/work/trading-bot-c-/trading-bot-c-/src/BotCore/Services/OrderExecutionService.cs(179,17): error CA1848: For improved performance, use the LoggerMessage delegates instead of calling 'LoggerExtensions.LogError(ILogger, Exception?, string?, params object?[])' (https://learn.microsoft.com/dotnet/fundamentals/code-analysis/quality-rules/ca1848) [/home/runner/work/trading-bot-c-/trading-bot-c-/src/BotCore/BotCore.csproj]
/home/runner/work/trading-bot-c-/trading-bot-c-/src/BotCore/Services/PerformanceMetricsService.cs(124,13): error CA1848: For improved performance, use the LoggerMessage delegates instead of calling 'LoggerExtensions.LogDebug(ILogger, string?, params object?[])' (https://learn.microsoft.com/dotnet/fundamentals/code-analysis/quality-rules/ca1848) [/home/runner/work/trading-bot-c-/trading-bot-c-/src/BotCore/BotCore.csproj]
/home/runner/work/trading-bot-c-/trading-bot-c-/src/BotCore/Services/OrderExecutionService.cs(177,13): error CA1031: Modify 'ClosePositionAsync' to catch a more specific allowed exception type, or rethrow the exception (https://learn.microsoft.com/dotnet/fundamentals/code-analysis/quality-rules/ca1031) [/home/runner/work/trading-bot-c-/trading-bot-c-/src/BotCore/BotCore.csproj]
/home/runner/work/trading-bot-c-/trading-bot-c-/src/BotCore/Services/NullBreadthDataSource.cs(86,17): error CA1848: For improved performance, use the LoggerMessage delegates instead of calling 'LoggerExtensions.LogWarning(ILogger, string?, params object?[])' (https://learn.microsoft.com/dotnet/fundamentals/code-analysis/quality-rules/ca1848) [/home/runner/work/trading-bot-c-/trading-bot-c-/src/BotCore/BotCore.csproj]
/home/runner/work/trading-bot-c-/trading-bot-c-/src/BotCore/Services/ProductionKillSwitchService.cs(218,21): error CA1848: For improved performance, use the LoggerMessage delegates instead of calling 'LoggerExtensions.LogInformation(ILogger, string?, params object?[])' (https://learn.microsoft.com/dotnet/fundamentals/code-analysis/quality-rules/ca1848) [/home/runner/work/trading-bot-c-/trading-bot-c-/src/BotCore/BotCore.csproj]
/home/runner/work/trading-bot-c-/trading-bot-c-/src/BotCore/Services/ProductionKillSwitchService.cs(222,17): error CA1848: For improved performance, use the LoggerMessage delegates instead of calling 'LoggerExtensions.LogInformation(ILogger, string?, params object?[])' (https://learn.microsoft.com/dotnet/fundamentals/code-analysis/quality-rules/ca1848) [/home/runner/work/trading-bot-c-/trading-bot-c-/src/BotCore/BotCore.csproj]
/home/runner/work/trading-bot-c-/trading-bot-c-/src/BotCore/Services/ProductionKillSwitchService.cs(228,13): error CA1848: For improved performance, use the LoggerMessage delegates instead of calling 'LoggerExtensions.LogWarning(ILogger, Exception?, string?, params object?[])' (https://learn.microsoft.com/dotnet/fundamentals/code-analysis/quality-rules/ca1848) [/home/runner/work/trading-bot-c-/trading-bot-c-/src/BotCore/BotCore.csproj]
/home/runner/work/trading-bot-c-/trading-bot-c-/src/BotCore/Services/ProductionKillSwitchService.cs(232,13): error CA1848: For improved performance, use the LoggerMessage delegates instead of calling 'LoggerExtensions.LogWarning(ILogger, Exception?, string?, params object?[])' (https://learn.microsoft.com/dotnet/fundamentals/code-analysis/quality-rules/ca1848) [/home/runner/work/trading-bot-c-/trading-bot-c-/src/BotCore/BotCore.csproj]
/home/runner/work/trading-bot-c-/trading-bot-c-/src/BotCore/Services/ProductionKillSwitchService.cs(236,13): error CA1848: For improved performance, use the LoggerMessage delegates instead of calling 'LoggerExtensions.LogWarning(ILogger, Exception?, string?, params object?[])' (https://learn.microsoft.com/dotnet/fundamentals/code-analysis/quality-rules/ca1848) [/home/runner/work/trading-bot-c-/trading-bot-c-/src/BotCore/BotCore.csproj]
/home/runner/work/trading-bot-c-/trading-bot-c-/src/BotCore/Services/PortfolioRiskTilts.cs(193,17): error CA1848: For improved performance, use the LoggerMessage delegates instead of calling 'LoggerExtensions.LogError(ILogger, Exception?, string?, params object?[])' (https://learn.microsoft.com/dotnet/fundamentals/code-analysis/quality-rules/ca1848) [/home/runner/work/trading-bot-c-/trading-bot-c-/src/BotCore/BotCore.csproj]
/home/runner/work/trading-bot-c-/trading-bot-c-/src/BotCore/Services/PortfolioRiskTilts.cs(191,13): error CA1031: Modify 'GetCurrentAllocationFactorsAsync' to catch a more specific allowed exception type, or rethrow the exception (https://learn.microsoft.com/dotnet/fundamentals/code-analysis/quality-rules/ca1031) [/home/runner/work/trading-bot-c-/trading-bot-c-/src/BotCore/BotCore.csproj]
/home/runner/work/trading-bot-c-/trading-bot-c-/src/BotCore/Services/ProductionMonitoringService.cs(183,13): error CA1848: For improved performance, use the LoggerMessage delegates instead of calling 'LoggerExtensions.LogDebug(ILogger, string?, params object?[])' (https://learn.microsoft.com/dotnet/fundamentals/code-analysis/quality-rules/ca1848) [/home/runner/work/trading-bot-c-/trading-bot-c-/src/BotCore/BotCore.csproj]
/home/runner/work/trading-bot-c-/trading-bot-c-/src/BotCore/Services/OrderExecutionMetrics.cs(125,13): error CA1848: For improved performance, use the LoggerMessage delegates instead of calling 'LoggerExtensions.LogDebug(ILogger, string?, params object?[])' (https://learn.microsoft.com/dotnet/fundamentals/code-analysis/quality-rules/ca1848) [/home/runner/work/trading-bot-c-/trading-bot-c-/src/BotCore/BotCore.csproj]
/home/runner/work/trading-bot-c-/trading-bot-c-/src/BotCore/Services/OllamaClient.cs(80,13): error CA1848: For improved performance, use the LoggerMessage delegates instead of calling 'LoggerExtensions.LogError(ILogger, Exception?, string?, params object?[])' (https://learn.microsoft.com/dotnet/fundamentals/code-analysis/quality-rules/ca1848) [/home/runner/work/trading-bot-c-/trading-bot-c-/src/BotCore/BotCore.csproj]
/home/runner/work/trading-bot-c-/trading-bot-c-/src/BotCore/Services/OllamaClient.cs(85,13): error CA1848: For improved performance, use the LoggerMessage delegates instead of calling 'LoggerExtensions.LogError(ILogger, Exception?, string?, params object?[])' (https://learn.microsoft.com/dotnet/fundamentals/code-analysis/quality-rules/ca1848) [/home/runner/work/trading-bot-c-/trading-bot-c-/src/BotCore/BotCore.csproj]
/home/runner/work/trading-bot-c-/trading-bot-c-/src/BotCore/Services/OllamaClient.cs(90,13): error CA1848: For improved performance, use the LoggerMessage delegates instead of calling 'LoggerExtensions.LogError(ILogger, Exception?, string?, params object?[])' (https://learn.microsoft.com/dotnet/fundamentals/code-analysis/quality-rules/ca1848) [/home/runner/work/trading-bot-c-/trading-bot-c-/src/BotCore/BotCore.csproj]
/home/runner/work/trading-bot-c-/trading-bot-c-/src/BotCore/Services/OllamaClient.cs(95,13): error CA1848: For improved performance, use the LoggerMessage delegates instead of calling 'LoggerExtensions.LogError(ILogger, Exception?, string?, params object?[])' (https://learn.microsoft.com/dotnet/fundamentals/code-analysis/quality-rules/ca1848) [/home/runner/work/trading-bot-c-/trading-bot-c-/src/BotCore/BotCore.csproj]
/home/runner/work/trading-bot-c-/trading-bot-c-/src/BotCore/Services/OllamaClient.cs(93,9): error CA1031: Modify 'AskAsync' to catch a more specific allowed exception type, or rethrow the exception (https://learn.microsoft.com/dotnet/fundamentals/code-analysis/quality-rules/ca1031) [/home/runner/work/trading-bot-c-/trading-bot-c-/src/BotCore/BotCore.csproj]
/home/runner/work/trading-bot-c-/trading-bot-c-/src/BotCore/Services/OrderExecutionService.cs(193,21): error CA1848: For improved performance, use the LoggerMessage delegates instead of calling 'LoggerExtensions.LogWarning(ILogger, string?, params object?[])' (https://learn.microsoft.com/dotnet/fundamentals/code-analysis/quality-rules/ca1848) [/home/runner/work/trading-bot-c-/trading-bot-c-/src/BotCore/BotCore.csproj]
/home/runner/work/trading-bot-c-/trading-bot-c-/src/BotCore/Services/OrderExecutionService.cs(199,21): error CA1848: For improved performance, use the LoggerMessage delegates instead of calling 'LoggerExtensions.LogError(ILogger, string?, params object?[])' (https://learn.microsoft.com/dotnet/fundamentals/code-analysis/quality-rules/ca1848) [/home/runner/work/trading-bot-c-/trading-bot-c-/src/BotCore/BotCore.csproj]
/home/runner/work/trading-bot-c-/trading-bot-c-/src/BotCore/Services/OrderExecutionService.cs(204,17): error CA1848: For improved performance, use the LoggerMessage delegates instead of calling 'LoggerExtensions.LogInformation(ILogger, string?, params object?[])' (https://learn.microsoft.com/dotnet/fundamentals/code-analysis/quality-rules/ca1848) [/home/runner/work/trading-bot-c-/trading-bot-c-/src/BotCore/BotCore.csproj]
/home/runner/work/trading-bot-c-/trading-bot-c-/src/BotCore/Services/OrderExecutionService.cs(218,25): error CA1848: For improved performance, use the LoggerMessage delegates instead of calling 'LoggerExtensions.LogInformation(ILogger, string?, params object?[])' (https://learn.microsoft.com/dotnet/fundamentals/code-analysis/quality-rules/ca1848) [/home/runner/work/trading-bot-c-/trading-bot-c-/src/BotCore/BotCore.csproj]
/home/runner/work/trading-bot-c-/trading-bot-c-/src/BotCore/Services/OrderExecutionService.cs(226,25): error CA1848: For improved performance, use the LoggerMessage delegates instead of calling 'LoggerExtensions.LogInformation(ILogger, string?, params object?[])' (https://learn.microsoft.com/dotnet/fundamentals/code-analysis/quality-rules/ca1848) [/home/runner/work/trading-bot-c-/trading-bot-c-/src/BotCore/BotCore.csproj]
/home/runner/work/trading-bot-c-/trading-bot-c-/src/BotCore/Services/OrderExecutionService.cs(232,17): error CA1848: For improved performance, use the LoggerMessage delegates instead of calling 'LoggerExtensions.LogError(ILogger, string?, params object?[])' (https://learn.microsoft.com/dotnet/fundamentals/code-analysis/quality-rules/ca1848) [/home/runner/work/trading-bot-c-/trading-bot-c-/src/BotCore/BotCore.csproj]
/home/runner/work/trading-bot-c-/trading-bot-c-/src/BotCore/Services/OrderExecutionService.cs(237,17): error CA1848: For improved performance, use the LoggerMessage delegates instead of calling 'LoggerExtensions.LogError(ILogger, Exception?, string?, params object?[])' (https://learn.microsoft.com/dotnet/fundamentals/code-analysis/quality-rules/ca1848) [/home/runner/work/trading-bot-c-/trading-bot-c-/src/BotCore/BotCore.csproj]
/home/runner/work/trading-bot-c-/trading-bot-c-/src/BotCore/Services/OrderExecutionService.cs(235,13): error CA1031: Modify 'ClosePositionAsync' to catch a more specific allowed exception type, or rethrow the exception (https://learn.microsoft.com/dotnet/fundamentals/code-analysis/quality-rules/ca1031) [/home/runner/work/trading-bot-c-/trading-bot-c-/src/BotCore/BotCore.csproj]
/home/runner/work/trading-bot-c-/trading-bot-c-/src/BotCore/Services/NewsIntelligenceEngine.cs(150,13): error CA1848: For improved performance, use the LoggerMessage delegates instead of calling 'LoggerExtensions.LogError(ILogger, Exception?, string?, params object?[])' (https://learn.microsoft.com/dotnet/fundamentals/code-analysis/quality-rules/ca1848) [/home/runner/work/trading-bot-c-/trading-bot-c-/src/BotCore/BotCore.csproj]
/home/runner/work/trading-bot-c-/trading-bot-c-/src/BotCore/Services/OllamaClient.cs(111,9): error CA1031: Modify 'IsConnectedAsync' to catch a more specific allowed exception type, or rethrow the exception (https://learn.microsoft.com/dotnet/fundamentals/code-analysis/quality-rules/ca1031) [/home/runner/work/trading-bot-c-/trading-bot-c-/src/BotCore/BotCore.csproj]
/home/runner/work/trading-bot-c-/trading-bot-c-/src/BotCore/Services/NewsIntelligenceEngine.cs(148,9): error CA1031: Modify 'FetchNewsFromSourcesAsync' to catch a more specific allowed exception type, or rethrow the exception (https://learn.microsoft.com/dotnet/fundamentals/code-analysis/quality-rules/ca1031) [/home/runner/work/trading-bot-c-/trading-bot-c-/src/BotCore/BotCore.csproj]
/home/runner/work/trading-bot-c-/trading-bot-c-/src/BotCore/Services/OrderExecutionMetrics.cs(162,13): error CA1848: For improved performance, use the LoggerMessage delegates instead of calling 'LoggerExtensions.LogTrace(ILogger, string?, params object?[])' (https://learn.microsoft.com/dotnet/fundamentals/code-analysis/quality-rules/ca1848) [/home/runner/work/trading-bot-c-/trading-bot-c-/src/BotCore/BotCore.csproj]
/home/runner/work/trading-bot-c-/trading-bot-c-/src/BotCore/Services/OrderExecutionService.cs(251,21): error CA1848: For improved performance, use the LoggerMessage delegates instead of calling 'LoggerExtensions.LogWarning(ILogger, string?, params object?[])' (https://learn.microsoft.com/dotnet/fundamentals/code-analysis/quality-rules/ca1848) [/home/runner/work/trading-bot-c-/trading-bot-c-/src/BotCore/BotCore.csproj]
/home/runner/work/trading-bot-c-/trading-bot-c-/src/BotCore/Services/OrderExecutionService.cs(255,17): error CA1848: For improved performance, use the LoggerMessage delegates instead of calling 'LoggerExtensions.LogInformation(ILogger, string?, params object?[])' (https://learn.microsoft.com/dotnet/fundamentals/code-analysis/quality-rules/ca1848) [/home/runner/work/trading-bot-c-/trading-bot-c-/src/BotCore/BotCore.csproj]
/home/runner/work/trading-bot-c-/trading-bot-c-/src/BotCore/Services/OrderExecutionService.cs(266,21): error CA1848: For improved performance, use the LoggerMessage delegates instead of calling 'LoggerExtensions.LogInformation(ILogger, string?, params object?[])' (https://learn.microsoft.com/dotnet/fundamentals/code-analysis/quality-rules/ca1848) [/home/runner/work/trading-bot-c-/trading-bot-c-/src/BotCore/BotCore.csproj]
/home/runner/work/trading-bot-c-/trading-bot-c-/src/BotCore/Services/OrderExecutionService.cs(270,17): error CA1848: For improved performance, use the LoggerMessage delegates instead of calling 'LoggerExtensions.LogError(ILogger, string?, params object?[])' (https://learn.microsoft.com/dotnet/fundamentals/code-analysis/quality-rules/ca1848) [/home/runner/work/trading-bot-c-/trading-bot-c-/src/BotCore/BotCore.csproj]
/home/runner/work/trading-bot-c-/trading-bot-c-/src/BotCore/Services/OrderExecutionService.cs(275,17): error CA1848: For improved performance, use the LoggerMessage delegates instead of calling 'LoggerExtensions.LogError(ILogger, Exception?, string?, params object?[])' (https://learn.microsoft.com/dotnet/fundamentals/code-analysis/quality-rules/ca1848) [/home/runner/work/trading-bot-c-/trading-bot-c-/src/BotCore/BotCore.csproj]
/home/runner/work/trading-bot-c-/trading-bot-c-/src/BotCore/Services/OrderExecutionService.cs(273,13): error CA1031: Modify 'ModifyStopLossAsync' to catch a more specific allowed exception type, or rethrow the exception (https://learn.microsoft.com/dotnet/fundamentals/code-analysis/quality-rules/ca1031) [/home/runner/work/trading-bot-c-/trading-bot-c-/src/BotCore/BotCore.csproj]
/home/runner/work/trading-bot-c-/trading-bot-c-/src/BotCore/Services/UnifiedPositionManagementService.cs(2603,25): error CA1848: For improved performance, use the LoggerMessage delegates instead of calling 'LoggerExtensions.LogInformation(ILogger, string?, params object?[])' (https://learn.microsoft.com/dotnet/fundamentals/code-analysis/quality-rules/ca1848) [/home/runner/work/trading-bot-c-/trading-bot-c-/src/BotCore/BotCore.csproj]
/home/runner/work/trading-bot-c-/trading-bot-c-/src/BotCore/Services/UnifiedPositionManagementService.cs(2608,21): error CA1848: For improved performance, use the LoggerMessage delegates instead of calling 'LoggerExtensions.LogError(ILogger, Exception?, string?, params object?[])' (https://learn.microsoft.com/dotnet/fundamentals/code-analysis/quality-rules/ca1848) [/home/runner/work/trading-bot-c-/trading-bot-c-/src/BotCore/BotCore.csproj]
/home/runner/work/trading-bot-c-/trading-bot-c-/src/BotCore/Services/OrderExecutionMetrics.cs(182,13): error CA1848: For improved performance, use the LoggerMessage delegates instead of calling 'LoggerExtensions.LogTrace(ILogger, string?, params object?[])' (https://learn.microsoft.com/dotnet/fundamentals/code-analysis/quality-rules/ca1848) [/home/runner/work/trading-bot-c-/trading-bot-c-/src/BotCore/BotCore.csproj]
/home/runner/work/trading-bot-c-/trading-bot-c-/src/BotCore/Services/UnifiedPositionManagementService.cs(2606,17): error CA1031: Modify 'ExplainProgressiveTighteningFireAndForget' to catch a more specific allowed exception type, or rethrow the exception (https://learn.microsoft.com/dotnet/fundamentals/code-analysis/quality-rules/ca1031) [/home/runner/work/trading-bot-c-/trading-bot-c-/src/BotCore/BotCore.csproj]
/home/runner/work/trading-bot-c-/trading-bot-c-/src/BotCore/Services/ProductionKillSwitchService.cs(315,13): error CA1848: For improved performance, use the LoggerMessage delegates instead of calling 'LoggerExtensions.LogCritical(ILogger, string?, params object?[])' (https://learn.microsoft.com/dotnet/fundamentals/code-analysis/quality-rules/ca1848) [/home/runner/work/trading-bot-c-/trading-bot-c-/src/BotCore/BotCore.csproj]
/home/runner/work/trading-bot-c-/trading-bot-c-/src/BotCore/Services/ProductionKillSwitchService.cs(319,13): error CA1848: For improved performance, use the LoggerMessage delegates instead of calling 'LoggerExtensions.LogInformation(ILogger, string?, params object?[])' (https://learn.microsoft.com/dotnet/fundamentals/code-analysis/quality-rules/ca1848) [/home/runner/work/trading-bot-c-/trading-bot-c-/src/BotCore/BotCore.csproj]
/home/runner/work/trading-bot-c-/trading-bot-c-/src/BotCore/Services/ProductionKillSwitchService.cs(324,13): error CA1848: For improved performance, use the LoggerMessage delegates instead of calling 'LoggerExtensions.LogError(ILogger, Exception?, string?, params object?[])' (https://learn.microsoft.com/dotnet/fundamentals/code-analysis/quality-rules/ca1848) [/home/runner/work/trading-bot-c-/trading-bot-c-/src/BotCore/BotCore.csproj]
/home/runner/work/trading-bot-c-/trading-bot-c-/src/BotCore/Services/ProductionKillSwitchService.cs(328,13): error CA1848: For improved performance, use the LoggerMessage delegates instead of calling 'LoggerExtensions.LogError(ILogger, Exception?, string?, params object?[])' (https://learn.microsoft.com/dotnet/fundamentals/code-analysis/quality-rules/ca1848) [/home/runner/work/trading-bot-c-/trading-bot-c-/src/BotCore/BotCore.csproj]
/home/runner/work/trading-bot-c-/trading-bot-c-/src/BotCore/Services/ProductionKillSwitchService.cs(341,17): error CA1848: For improved performance, use the LoggerMessage delegates instead of calling 'LoggerExtensions.LogDebug(ILogger, string?, params object?[])' (https://learn.microsoft.com/dotnet/fundamentals/code-analysis/quality-rules/ca1848) [/home/runner/work/trading-bot-c-/trading-bot-c-/src/BotCore/BotCore.csproj]
/home/runner/work/trading-bot-c-/trading-bot-c-/src/BotCore/Services/ProductionKillSwitchService.cs(349,17): error CA1848: For improved performance, use the LoggerMessage delegates instead of calling 'LoggerExtensions.LogError(ILogger, Exception?, string?, params object?[])' (https://learn.microsoft.com/dotnet/fundamentals/code-analysis/quality-rules/ca1848) [/home/runner/work/trading-bot-c-/trading-bot-c-/src/BotCore/BotCore.csproj]
/home/runner/work/trading-bot-c-/trading-bot-c-/src/BotCore/Services/OrderExecutionMetrics.cs(200,13): error CA1848: For improved performance, use the LoggerMessage delegates instead of calling 'LoggerExtensions.LogTrace(ILogger, string?, params object?[])' (https://learn.microsoft.com/dotnet/fundamentals/code-analysis/quality-rules/ca1848) [/home/runner/work/trading-bot-c-/trading-bot-c-/src/BotCore/BotCore.csproj]
/home/runner/work/trading-bot-c-/trading-bot-c-/src/BotCore/Services/OrderExecutionService.cs(289,21): error CA1848: For improved performance, use the LoggerMessage delegates instead of calling 'LoggerExtensions.LogWarning(ILogger, string?, params object?[])' (https://learn.microsoft.com/dotnet/fundamentals/code-analysis/quality-rules/ca1848) [/home/runner/work/trading-bot-c-/trading-bot-c-/src/BotCore/BotCore.csproj]
/home/runner/work/trading-bot-c-/trading-bot-c-/src/BotCore/Services/OrderExecutionService.cs(293,17): error CA1848: For improved performance, use the LoggerMessage delegates instead of calling 'LoggerExtensions.LogInformation(ILogger, string?, params object?[])' (https://learn.microsoft.com/dotnet/fundamentals/code-analysis/quality-rules/ca1848) [/home/runner/work/trading-bot-c-/trading-bot-c-/src/BotCore/BotCore.csproj]
/home/runner/work/trading-bot-c-/trading-bot-c-/src/BotCore/Services/OrderExecutionService.cs(304,21): error CA1848: For improved performance, use the LoggerMessage delegates instead of calling 'LoggerExtensions.LogInformation(ILogger, string?, params object?[])' (https://learn.microsoft.com/dotnet/fundamentals/code-analysis/quality-rules/ca1848) [/home/runner/work/trading-bot-c-/trading-bot-c-/src/BotCore/BotCore.csproj]
/home/runner/work/trading-bot-c-/trading-bot-c-/src/BotCore/Services/OrderExecutionService.cs(308,17): error CA1848: For improved performance, use the LoggerMessage delegates instead of calling 'LoggerExtensions.LogError(ILogger, string?, params object?[])' (https://learn.microsoft.com/dotnet/fundamentals/code-analysis/quality-rules/ca1848) [/home/runner/work/trading-bot-c-/trading-bot-c-/src/BotCore/BotCore.csproj]
/home/runner/work/trading-bot-c-/trading-bot-c-/src/BotCore/Services/OrderExecutionService.cs(313,17): error CA1848: For improved performance, use the LoggerMessage delegates instead of calling 'LoggerExtensions.LogError(ILogger, Exception?, string?, params object?[])' (https://learn.microsoft.com/dotnet/fundamentals/code-analysis/quality-rules/ca1848) [/home/runner/work/trading-bot-c-/trading-bot-c-/src/BotCore/BotCore.csproj]
/home/runner/work/trading-bot-c-/trading-bot-c-/src/BotCore/Services/OrderExecutionService.cs(311,13): error CA1031: Modify 'ModifyTakeProfitAsync' to catch a more specific allowed exception type, or rethrow the exception (https://learn.microsoft.com/dotnet/fundamentals/code-analysis/quality-rules/ca1031) [/home/runner/work/trading-bot-c-/trading-bot-c-/src/BotCore/BotCore.csproj]
/home/runner/work/trading-bot-c-/trading-bot-c-/src/BotCore/Services/ProductionMonitoringService.cs(236,9): error CA1848: For improved performance, use the LoggerMessage delegates instead of calling 'LoggerExtensions.LogInformation(ILogger, string?, params object?[])' (https://learn.microsoft.com/dotnet/fundamentals/code-analysis/quality-rules/ca1848) [/home/runner/work/trading-bot-c-/trading-bot-c-/src/BotCore/BotCore.csproj]
/home/runner/work/trading-bot-c-/trading-bot-c-/src/BotCore/Services/PerformanceTracker.cs(176,13): error CA1848: For improved performance, use the LoggerMessage delegates instead of calling 'LoggerExtensions.LogInformation(ILogger, string?, params object?[])' (https://learn.microsoft.com/dotnet/fundamentals/code-analysis/quality-rules/ca1848) [/home/runner/work/trading-bot-c-/trading-bot-c-/src/BotCore/BotCore.csproj]
/home/runner/work/trading-bot-c-/trading-bot-c-/src/BotCore/Services/PerformanceTracker.cs(181,13): error CA1848: For improved performance, use the LoggerMessage delegates instead of calling 'LoggerExtensions.LogError(ILogger, Exception?, string?, params object?[])' (https://learn.microsoft.com/dotnet/fundamentals/code-analysis/quality-rules/ca1848) [/home/runner/work/trading-bot-c-/trading-bot-c-/src/BotCore/BotCore.csproj]
/home/runner/work/trading-bot-c-/trading-bot-c-/src/BotCore/Services/PerformanceTracker.cs(185,13): error CA1848: For improved performance, use the LoggerMessage delegates instead of calling 'LoggerExtensions.LogError(ILogger, Exception?, string?, params object?[])' (https://learn.microsoft.com/dotnet/fundamentals/code-analysis/quality-rules/ca1848) [/home/runner/work/trading-bot-c-/trading-bot-c-/src/BotCore/BotCore.csproj]
/home/runner/work/trading-bot-c-/trading-bot-c-/src/BotCore/Services/PerformanceTracker.cs(189,13): error CA1848: For improved performance, use the LoggerMessage delegates instead of calling 'LoggerExtensions.LogError(ILogger, Exception?, string?, params object?[])' (https://learn.microsoft.com/dotnet/fundamentals/code-analysis/quality-rules/ca1848) [/home/runner/work/trading-bot-c-/trading-bot-c-/src/BotCore/BotCore.csproj]
/home/runner/work/trading-bot-c-/trading-bot-c-/src/BotCore/Services/PerformanceTracker.cs(193,13): error CA1848: For improved performance, use the LoggerMessage delegates instead of calling 'LoggerExtensions.LogError(ILogger, Exception?, string?, params object?[])' (https://learn.microsoft.com/dotnet/fundamentals/code-analysis/quality-rules/ca1848) [/home/runner/work/trading-bot-c-/trading-bot-c-/src/BotCore/BotCore.csproj]
/home/runner/work/trading-bot-c-/trading-bot-c-/src/BotCore/Services/ModelRotationService.cs(53,13): error CA1848: For improved performance, use the LoggerMessage delegates instead of calling 'LoggerExtensions.LogInformation(ILogger, string?, params object?[])' (https://learn.microsoft.com/dotnet/fundamentals/code-analysis/quality-rules/ca1848) [/home/runner/work/trading-bot-c-/trading-bot-c-/src/BotCore/BotCore.csproj]
/home/runner/work/trading-bot-c-/trading-bot-c-/src/BotCore/Services/ModelRotationService.cs(61,13): error CA1848: For improved performance, use the LoggerMessage delegates instead of calling 'LoggerExtensions.LogInformation(ILogger, string?, params object?[])' (https://learn.microsoft.com/dotnet/fundamentals/code-analysis/quality-rules/ca1848) [/home/runner/work/trading-bot-c-/trading-bot-c-/src/BotCore/BotCore.csproj]
/home/runner/work/trading-bot-c-/trading-bot-c-/src/BotCore/Services/ModelEnsembleService.cs(49,9): error CA1848: For improved performance, use the LoggerMessage delegates instead of calling 'LoggerExtensions.LogInformation(ILogger, string?, params object?[])' (https://learn.microsoft.com/dotnet/fundamentals/code-analysis/quality-rules/ca1848) [/home/runner/work/trading-bot-c-/trading-bot-c-/src/BotCore/BotCore.csproj]
/home/runner/work/trading-bot-c-/trading-bot-c-/src/BotCore/Services/ModelRotationService.cs(82,21): error CA1848: For improved performance, use the LoggerMessage delegates instead of calling 'LoggerExtensions.LogError(ILogger, Exception?, string?, params object?[])' (https://learn.microsoft.com/dotnet/fundamentals/code-analysis/quality-rules/ca1848) [/home/runner/work/trading-bot-c-/trading-bot-c-/src/BotCore/BotCore.csproj]
/home/runner/work/trading-bot-c-/trading-bot-c-/src/BotCore/Services/ModelRotationService.cs(80,17): error CA1031: Modify 'CheckForRotationCallback' to catch a more specific allowed exception type, or rethrow the exception (https://learn.microsoft.com/dotnet/fundamentals/code-analysis/quality-rules/ca1031) [/home/runner/work/trading-bot-c-/trading-bot-c-/src/BotCore/BotCore.csproj]
/home/runner/work/trading-bot-c-/trading-bot-c-/src/BotCore/Services/OrderExecutionService.cs(322,29): error S1541: The Cyclomatic Complexity of this method is 11 which is greater than 10 authorized. (https://rules.sonarsource.com/csharp/RSPEC-1541) [/home/runner/work/trading-bot-c-/trading-bot-c-/src/BotCore/BotCore.csproj]
/home/runner/work/trading-bot-c-/trading-bot-c-/src/BotCore/Services/OrderExecutionService.cs(326,17): error CA1848: For improved performance, use the LoggerMessage delegates instead of calling 'LoggerExtensions.LogInformation(ILogger, string?, params object?[])' (https://learn.microsoft.com/dotnet/fundamentals/code-analysis/quality-rules/ca1848) [/home/runner/work/trading-bot-c-/trading-bot-c-/src/BotCore/BotCore.csproj]
/home/runner/work/trading-bot-c-/trading-bot-c-/src/BotCore/Services/OrderExecutionService.cs(371,21): error CA1848: For improved performance, use the LoggerMessage delegates instead of calling 'LoggerExtensions.LogInformation(ILogger, string?, params object?[])' (https://learn.microsoft.com/dotnet/fundamentals/code-analysis/quality-rules/ca1848) [/home/runner/work/trading-bot-c-/trading-bot-c-/src/BotCore/BotCore.csproj]
/home/runner/work/trading-bot-c-/trading-bot-c-/src/BotCore/Services/OrderExecutionService.cs(379,17): error CA1848: For improved performance, use the LoggerMessage delegates instead of calling 'LoggerExtensions.LogInformation(ILogger, string?, params object?[])' (https://learn.microsoft.com/dotnet/fundamentals/code-analysis/quality-rules/ca1848) [/home/runner/work/trading-bot-c-/trading-bot-c-/src/BotCore/BotCore.csproj]
/home/runner/work/trading-bot-c-/trading-bot-c-/src/BotCore/Services/OrderExecutionService.cs(384,17): error CA1848: For improved performance, use the LoggerMessage delegates instead of calling 'LoggerExtensions.LogError(ILogger, Exception?, string?, params object?[])' (https://learn.microsoft.com/dotnet/fundamentals/code-analysis/quality-rules/ca1848) [/home/runner/work/trading-bot-c-/trading-bot-c-/src/BotCore/BotCore.csproj]
/home/runner/work/trading-bot-c-/trading-bot-c-/src/BotCore/Services/OrderExecutionService.cs(382,13): error CA1031: Modify 'PlaceMarketOrderAsync' to catch a more specific allowed exception type, or rethrow the exception (https://learn.microsoft.com/dotnet/fundamentals/code-analysis/quality-rules/ca1031) [/home/runner/work/trading-bot-c-/trading-bot-c-/src/BotCore/BotCore.csproj]
/home/runner/work/trading-bot-c-/trading-bot-c-/src/BotCore/Services/OrderExecutionService.cs(404,17): error CA1848: For improved performance, use the LoggerMessage delegates instead of calling 'LoggerExtensions.LogInformation(ILogger, string?, params object?[])' (https://learn.microsoft.com/dotnet/fundamentals/code-analysis/quality-rules/ca1848) [/home/runner/work/trading-bot-c-/trading-bot-c-/src/BotCore/BotCore.csproj]
/home/runner/work/trading-bot-c-/trading-bot-c-/src/BotCore/Services/OrderExecutionService.cs(426,17): error CA1848: For improved performance, use the LoggerMessage delegates instead of calling 'LoggerExtensions.LogInformation(ILogger, string?, params object?[])' (https://learn.microsoft.com/dotnet/fundamentals/code-analysis/quality-rules/ca1848) [/home/runner/work/trading-bot-c-/trading-bot-c-/src/BotCore/BotCore.csproj]
/home/runner/work/trading-bot-c-/trading-bot-c-/src/BotCore/Services/OrderExecutionService.cs(431,17): error CA1848: For improved performance, use the LoggerMessage delegates instead of calling 'LoggerExtensions.LogError(ILogger, Exception?, string?, params object?[])' (https://learn.microsoft.com/dotnet/fundamentals/code-analysis/quality-rules/ca1848) [/home/runner/work/trading-bot-c-/trading-bot-c-/src/BotCore/BotCore.csproj]
/home/runner/work/trading-bot-c-/trading-bot-c-/src/BotCore/Services/OrderExecutionService.cs(429,13): error CA1031: Modify 'PlaceLimitOrderAsync' to catch a more specific allowed exception type, or rethrow the exception (https://learn.microsoft.com/dotnet/fundamentals/code-analysis/quality-rules/ca1031) [/home/runner/work/trading-bot-c-/trading-bot-c-/src/BotCore/BotCore.csproj]
/home/runner/work/trading-bot-c-/trading-bot-c-/src/BotCore/Services/MarketTimeService.cs(44,13): error CA1848: For improved performance, use the LoggerMessage delegates instead of calling 'LoggerExtensions.LogTrace(ILogger, string?, params object?[])' (https://learn.microsoft.com/dotnet/fundamentals/code-analysis/quality-rules/ca1848) [/home/runner/work/trading-bot-c-/trading-bot-c-/src/BotCore/BotCore.csproj]
/home/runner/work/trading-bot-c-/trading-bot-c-/src/BotCore/Services/MasterDecisionOrchestrator.cs(138,9): error CA1848: For improved performance, use the LoggerMessage delegates instead of calling 'LoggerExtensions.LogInformation(ILogger, string?, params object?[])' (https://learn.microsoft.com/dotnet/fundamentals/code-analysis/quality-rules/ca1848) [/home/runner/work/trading-bot-c-/trading-bot-c-/src/BotCore/BotCore.csproj]
/home/runner/work/trading-bot-c-/trading-bot-c-/src/BotCore/Services/MasterDecisionOrchestrator.cs(139,9): error CA1848: For improved performance, use the LoggerMessage delegates instead of calling 'LoggerExtensions.LogInformation(ILogger, string?, params object?[])' (https://learn.microsoft.com/dotnet/fundamentals/code-analysis/quality-rules/ca1848) [/home/runner/work/trading-bot-c-/trading-bot-c-/src/BotCore/BotCore.csproj]
/home/runner/work/trading-bot-c-/trading-bot-c-/src/BotCore/Services/OrderExecutionService.cs(440,17): error CA1848: For improved performance, use the LoggerMessage delegates instead of calling 'LoggerExtensions.LogInformation(ILogger, string?, params object?[])' (https://learn.microsoft.com/dotnet/fundamentals/code-analysis/quality-rules/ca1848) [/home/runner/work/trading-bot-c-/trading-bot-c-/src/BotCore/BotCore.csproj]
/home/runner/work/trading-bot-c-/trading-bot-c-/src/BotCore/Services/OrderExecutionService.cs(462,17): error CA1848: For improved performance, use the LoggerMessage delegates instead of calling 'LoggerExtensions.LogInformation(ILogger, string?, params object?[])' (https://learn.microsoft.com/dotnet/fundamentals/code-analysis/quality-rules/ca1848) [/home/runner/work/trading-bot-c-/trading-bot-c-/src/BotCore/BotCore.csproj]
/home/runner/work/trading-bot-c-/trading-bot-c-/src/BotCore/Services/OrderExecutionService.cs(467,17): error CA1848: For improved performance, use the LoggerMessage delegates instead of calling 'LoggerExtensions.LogError(ILogger, Exception?, string?, params object?[])' (https://learn.microsoft.com/dotnet/fundamentals/code-analysis/quality-rules/ca1848) [/home/runner/work/trading-bot-c-/trading-bot-c-/src/BotCore/BotCore.csproj]
/home/runner/work/trading-bot-c-/trading-bot-c-/src/BotCore/Services/OrderExecutionService.cs(465,13): error CA1031: Modify 'PlaceStopOrderAsync' to catch a more specific allowed exception type, or rethrow the exception (https://learn.microsoft.com/dotnet/fundamentals/code-analysis/quality-rules/ca1031) [/home/runner/work/trading-bot-c-/trading-bot-c-/src/BotCore/BotCore.csproj]
/home/runner/work/trading-bot-c-/trading-bot-c-/src/BotCore/Services/NewsIntelligenceEngine.cs(214,13): error CA1848: For improved performance, use the LoggerMessage delegates instead of calling 'LoggerExtensions.LogInformation(ILogger, string?, params object?[])' (https://learn.microsoft.com/dotnet/fundamentals/code-analysis/quality-rules/ca1848) [/home/runner/work/trading-bot-c-/trading-bot-c-/src/BotCore/BotCore.csproj]
/home/runner/work/trading-bot-c-/trading-bot-c-/src/BotCore/Services/NewsIntelligenceEngine.cs(223,13): error CA1848: For improved performance, use the LoggerMessage delegates instead of calling 'LoggerExtensions.LogError(ILogger, Exception?, string?, params object?[])' (https://learn.microsoft.com/dotnet/fundamentals/code-analysis/quality-rules/ca1848) [/home/runner/work/trading-bot-c-/trading-bot-c-/src/BotCore/BotCore.csproj]
/home/runner/work/trading-bot-c-/trading-bot-c-/src/BotCore/Services/NewsIntelligenceEngine.cs(221,9): error CA1031: Modify 'GetMarketSentimentAsync' to catch a more specific allowed exception type, or rethrow the exception (https://learn.microsoft.com/dotnet/fundamentals/code-analysis/quality-rules/ca1031) [/home/runner/work/trading-bot-c-/trading-bot-c-/src/BotCore/BotCore.csproj]
/home/runner/work/trading-bot-c-/trading-bot-c-/src/BotCore/Services/ModelRotationService.cs(138,21): error S3626: Remove this redundant jump. (https://rules.sonarsource.com/csharp/RSPEC-3626) [/home/runner/work/trading-bot-c-/trading-bot-c-/src/BotCore/BotCore.csproj]
/home/runner/work/trading-bot-c-/trading-bot-c-/src/BotCore/Services/MarketDataStalenessService.cs(62,9): error CA1848: For improved performance, use the LoggerMessage delegates instead of calling 'LoggerExtensions.LogInformation(ILogger, string?, params object?[])' (https://learn.microsoft.com/dotnet/fundamentals/code-analysis/quality-rules/ca1848) [/home/runner/work/trading-bot-c-/trading-bot-c-/src/BotCore/BotCore.csproj]
/home/runner/work/trading-bot-c-/trading-bot-c-/src/BotCore/Services/ModelVersionVerificationService.cs(65,47): error S138: This method 'VerifyModelVersionAsync' has 86 lines, which is greater than the 80 lines authorized. Split it into smaller methods. (https://rules.sonarsource.com/csharp/RSPEC-138) [/home/runner/work/trading-bot-c-/trading-bot-c-/src/BotCore/BotCore.csproj]
/home/runner/work/trading-bot-c-/trading-bot-c-/src/BotCore/Services/ModelRotationService.cs(104,25): error CA1848: For improved performance, use the LoggerMessage delegates instead of calling 'LoggerExtensions.LogTrace(ILogger, string?, params object?[])' (https://learn.microsoft.com/dotnet/fundamentals/code-analysis/quality-rules/ca1848) [/home/runner/work/trading-bot-c-/trading-bot-c-/src/BotCore/BotCore.csproj]
/home/runner/work/trading-bot-c-/trading-bot-c-/src/BotCore/Services/ModelRotationService.cs(109,21): error CA1848: For improved performance, use the LoggerMessage delegates instead of calling 'LoggerExtensions.LogInformation(ILogger, string?, params object?[])' (https://learn.microsoft.com/dotnet/fundamentals/code-analysis/quality-rules/ca1848) [/home/runner/work/trading-bot-c-/trading-bot-c-/src/BotCore/BotCore.csproj]
/home/runner/work/trading-bot-c-/trading-bot-c-/src/BotCore/Services/ModelRotationService.cs(116,25): error CA1848: For improved performance, use the LoggerMessage delegates instead of calling 'LoggerExtensions.LogError(ILogger, string?, params object?[])' (https://learn.microsoft.com/dotnet/fundamentals/code-analysis/quality-rules/ca1848) [/home/runner/work/trading-bot-c-/trading-bot-c-/src/BotCore/BotCore.csproj]
/home/runner/work/trading-bot-c-/trading-bot-c-/src/BotCore/Services/ModelRotationService.cs(137,21): error CA1848: For improved performance, use the LoggerMessage delegates instead of calling 'LoggerExtensions.LogInformation(ILogger, string?, params object?[])' (https://learn.microsoft.com/dotnet/fundamentals/code-analysis/quality-rules/ca1848) [/home/runner/work/trading-bot-c-/trading-bot-c-/src/BotCore/BotCore.csproj]
/home/runner/work/trading-bot-c-/trading-bot-c-/src/BotCore/Services/ModelRotationService.cs(142,21): error CA1848: For improved performance, use the LoggerMessage delegates instead of calling 'LoggerExtensions.LogError(ILogger, Exception?, string?, params object?[])' (https://learn.microsoft.com/dotnet/fundamentals/code-analysis/quality-rules/ca1848) [/home/runner/work/trading-bot-c-/trading-bot-c-/src/BotCore/BotCore.csproj]
/home/runner/work/trading-bot-c-/trading-bot-c-/src/BotCore/Services/ModelEnsembleService.cs(99,24): error S1696: Do not catch NullReferenceException; test for null instead. (https://rules.sonarsource.com/csharp/RSPEC-1696) [/home/runner/work/trading-bot-c-/trading-bot-c-/src/BotCore/BotCore.csproj]
/home/runner/work/trading-bot-c-/trading-bot-c-/src/BotCore/Services/ModelEnsembleService.cs(132,16): error S1696: Do not catch NullReferenceException; test for null instead. (https://rules.sonarsource.com/csharp/RSPEC-1696) [/home/runner/work/trading-bot-c-/trading-bot-c-/src/BotCore/BotCore.csproj]
/home/runner/work/trading-bot-c-/trading-bot-c-/src/BotCore/Services/ProductionMonitoringService.cs(275,9): error CA1031: Modify 'CheckModelHealthAsync' to catch a more specific allowed exception type, or rethrow the exception (https://learn.microsoft.com/dotnet/fundamentals/code-analysis/quality-rules/ca1031) [/home/runner/work/trading-bot-c-/trading-bot-c-/src/BotCore/BotCore.csproj]
/home/runner/work/trading-bot-c-/trading-bot-c-/src/BotCore/Services/ModelVersionVerificationService.cs(71,17): error CA1848: For improved performance, use the LoggerMessage delegates instead of calling 'LoggerExtensions.LogInformation(ILogger, string?, params object?[])' (https://learn.microsoft.com/dotnet/fundamentals/code-analysis/quality-rules/ca1848) [/home/runner/work/trading-bot-c-/trading-bot-c-/src/BotCore/BotCore.csproj]
/home/runner/work/trading-bot-c-/trading-bot-c-/src/BotCore/Services/ModelVersionVerificationService.cs(102,21): error CA1848: For improved performance, use the LoggerMessage delegates instead of calling 'LoggerExtensions.LogWarning(ILogger, string?, params object?[])' (https://learn.microsoft.com/dotnet/fundamentals/code-analysis/quality-rules/ca1848) [/home/runner/work/trading-bot-c-/trading-bot-c-/src/BotCore/BotCore.csproj]
/home/runner/work/trading-bot-c-/trading-bot-c-/src/BotCore/Services/ModelVersionVerificationService.cs(161,21): error CA1848: For improved performance, use the LoggerMessage delegates instead of calling 'LoggerExtensions.LogInformation(ILogger, string?, params object?[])' (https://learn.microsoft.com/dotnet/fundamentals/code-analysis/quality-rules/ca1848) [/home/runner/work/trading-bot-c-/trading-bot-c-/src/BotCore/BotCore.csproj]
/home/runner/work/trading-bot-c-/trading-bot-c-/src/BotCore/Services/ModelVersionVerificationService.cs(166,21): error CA1848: For improved performance, use the LoggerMessage delegates instead of calling 'LoggerExtensions.LogWarning(ILogger, string?, params object?[])' (https://learn.microsoft.com/dotnet/fundamentals/code-analysis/quality-rules/ca1848) [/home/runner/work/trading-bot-c-/trading-bot-c-/src/BotCore/BotCore.csproj]
/home/runner/work/trading-bot-c-/trading-bot-c-/src/BotCore/Services/ModelVersionVerificationService.cs(174,17): error CA1848: For improved performance, use the LoggerMessage delegates instead of calling 'LoggerExtensions.LogError(ILogger, Exception?, string?, params object?[])' (https://learn.microsoft.com/dotnet/fundamentals/code-analysis/quality-rules/ca1848) [/home/runner/work/trading-bot-c-/trading-bot-c-/src/BotCore/BotCore.csproj]
/home/runner/work/trading-bot-c-/trading-bot-c-/src/BotCore/Services/ModelVersionVerificationService.cs(172,13): error CA1031: Modify 'VerifyModelVersionAsync' to catch a more specific allowed exception type, or rethrow the exception (https://learn.microsoft.com/dotnet/fundamentals/code-analysis/quality-rules/ca1031) [/home/runner/work/trading-bot-c-/trading-bot-c-/src/BotCore/BotCore.csproj]
/home/runner/work/trading-bot-c-/trading-bot-c-/src/BotCore/Services/ModelEnsembleService.cs(70,40): error CA2016: Forward the 'cancellationToken' parameter to the 'GetActiveModelsAsync' method or pass in 'CancellationToken.None' explicitly to indicate intentionally not propagating the token (https://learn.microsoft.com/dotnet/fundamentals/code-analysis/quality-rules/ca2016) [/home/runner/work/trading-bot-c-/trading-bot-c-/src/BotCore/BotCore.csproj]
/home/runner/work/trading-bot-c-/trading-bot-c-/src/BotCore/Services/ModelEnsembleService.cs(91,21): error CA1848: For improved performance, use the LoggerMessage delegates instead of calling 'LoggerExtensions.LogWarning(ILogger, Exception?, string?, params object?[])' (https://learn.microsoft.com/dotnet/fundamentals/code-analysis/quality-rules/ca1848) [/home/runner/work/trading-bot-c-/trading-bot-c-/src/BotCore/BotCore.csproj]
/home/runner/work/trading-bot-c-/trading-bot-c-/src/BotCore/Services/MarketTimeService.cs(74,13): error CA1848: For improved performance, use the LoggerMessage delegates instead of calling 'LoggerExtensions.LogTrace(ILogger, string?, params object?[])' (https://learn.microsoft.com/dotnet/fundamentals/code-analysis/quality-rules/ca1848) [/home/runner/work/trading-bot-c-/trading-bot-c-/src/BotCore/BotCore.csproj]
/home/runner/work/trading-bot-c-/trading-bot-c-/src/BotCore/Services/ModelEnsembleService.cs(96,21): error CA1848: For improved performance, use the LoggerMessage delegates instead of calling 'LoggerExtensions.LogWarning(ILogger, Exception?, string?, params object?[])' (https://learn.microsoft.com/dotnet/fundamentals/code-analysis/quality-rules/ca1848) [/home/runner/work/trading-bot-c-/trading-bot-c-/src/BotCore/BotCore.csproj]
/home/runner/work/trading-bot-c-/trading-bot-c-/src/BotCore/Services/ModelEnsembleService.cs(101,21): error CA1848: For improved performance, use the LoggerMessage delegates instead of calling 'LoggerExtensions.LogWarning(ILogger, Exception?, string?, params object?[])' (https://learn.microsoft.com/dotnet/fundamentals/code-analysis/quality-rules/ca1848) [/home/runner/work/trading-bot-c-/trading-bot-c-/src/BotCore/BotCore.csproj]
/home/runner/work/trading-bot-c-/trading-bot-c-/src/BotCore/Services/ModelEnsembleService.cs(109,13): error CA1848: For improved performance, use the LoggerMessage delegates instead of calling 'LoggerExtensions.LogDebug(ILogger, string?, params object?[])' (https://learn.microsoft.com/dotnet/fundamentals/code-analysis/quality-rules/ca1848) [/home/runner/work/trading-bot-c-/trading-bot-c-/src/BotCore/BotCore.csproj]
/home/runner/work/trading-bot-c-/trading-bot-c-/src/BotCore/Services/ModelEnsembleService.cs(124,13): error CA1848: For improved performance, use the LoggerMessage delegates instead of calling 'LoggerExtensions.LogError(ILogger, Exception?, string?, params object?[])' (https://learn.microsoft.com/dotnet/fundamentals/code-analysis/quality-rules/ca1848) [/home/runner/work/trading-bot-c-/trading-bot-c-/src/BotCore/BotCore.csproj]
/home/runner/work/trading-bot-c-/trading-bot-c-/src/BotCore/Services/ModelEnsembleService.cs(129,13): error CA1848: For improved performance, use the LoggerMessage delegates instead of calling 'LoggerExtensions.LogError(ILogger, Exception?, string?, params object?[])' (https://learn.microsoft.com/dotnet/fundamentals/code-analysis/quality-rules/ca1848) [/home/runner/work/trading-bot-c-/trading-bot-c-/src/BotCore/BotCore.csproj]
/home/runner/work/trading-bot-c-/trading-bot-c-/src/BotCore/Services/ModelEnsembleService.cs(134,13): error CA1848: For improved performance, use the LoggerMessage delegates instead of calling 'LoggerExtensions.LogError(ILogger, Exception?, string?, params object?[])' (https://learn.microsoft.com/dotnet/fundamentals/code-analysis/quality-rules/ca1848) [/home/runner/work/trading-bot-c-/trading-bot-c-/src/BotCore/BotCore.csproj]
/home/runner/work/trading-bot-c-/trading-bot-c-/src/BotCore/Services/OrderExecutionService.cs(482,21): error CA1848: For improved performance, use the LoggerMessage delegates instead of calling 'LoggerExtensions.LogWarning(ILogger, string?, params object?[])' (https://learn.microsoft.com/dotnet/fundamentals/code-analysis/quality-rules/ca1848) [/home/runner/work/trading-bot-c-/trading-bot-c-/src/BotCore/BotCore.csproj]
/home/runner/work/trading-bot-c-/trading-bot-c-/src/BotCore/Services/OrderExecutionService.cs(488,21): error CA1848: For improved performance, use the LoggerMessage delegates instead of calling 'LoggerExtensions.LogWarning(ILogger, string?, params object?[])' (https://learn.microsoft.com/dotnet/fundamentals/code-analysis/quality-rules/ca1848) [/home/runner/work/trading-bot-c-/trading-bot-c-/src/BotCore/BotCore.csproj]
/home/runner/work/trading-bot-c-/trading-bot-c-/src/BotCore/Services/OrderExecutionService.cs(492,17): error CA1848: For improved performance, use the LoggerMessage delegates instead of calling 'LoggerExtensions.LogInformation(ILogger, string?, params object?[])' (https://learn.microsoft.com/dotnet/fundamentals/code-analysis/quality-rules/ca1848) [/home/runner/work/trading-bot-c-/trading-bot-c-/src/BotCore/BotCore.csproj]
/home/runner/work/trading-bot-c-/trading-bot-c-/src/BotCore/Services/OrderExecutionService.cs(502,21): error CA1848: For improved performance, use the LoggerMessage delegates instead of calling 'LoggerExtensions.LogInformation(ILogger, string?, params object?[])' (https://learn.microsoft.com/dotnet/fundamentals/code-analysis/quality-rules/ca1848) [/home/runner/work/trading-bot-c-/trading-bot-c-/src/BotCore/BotCore.csproj]
/home/runner/work/trading-bot-c-/trading-bot-c-/src/BotCore/Services/OrderExecutionService.cs(506,17): error CA1848: For improved performance, use the LoggerMessage delegates instead of calling 'LoggerExtensions.LogError(ILogger, string?, params object?[])' (https://learn.microsoft.com/dotnet/fundamentals/code-analysis/quality-rules/ca1848) [/home/runner/work/trading-bot-c-/trading-bot-c-/src/BotCore/BotCore.csproj]
/home/runner/work/trading-bot-c-/trading-bot-c-/src/BotCore/Services/OrderExecutionService.cs(511,17): error CA1848: For improved performance, use the LoggerMessage delegates instead of calling 'LoggerExtensions.LogError(ILogger, Exception?, string?, params object?[])' (https://learn.microsoft.com/dotnet/fundamentals/code-analysis/quality-rules/ca1848) [/home/runner/work/trading-bot-c-/trading-bot-c-/src/BotCore/BotCore.csproj]
/home/runner/work/trading-bot-c-/trading-bot-c-/src/BotCore/Services/OrderExecutionService.cs(509,13): error CA1031: Modify 'CancelOrderAsync' to catch a more specific allowed exception type, or rethrow the exception (https://learn.microsoft.com/dotnet/fundamentals/code-analysis/quality-rules/ca1031) [/home/runner/work/trading-bot-c-/trading-bot-c-/src/BotCore/BotCore.csproj]
/home/runner/work/trading-bot-c-/trading-bot-c-/src/BotCore/Services/MasterDecisionOrchestrator.cs(145,9): error CA1848: For improved performance, use the LoggerMessage delegates instead of calling 'LoggerExtensions.LogInformation(ILogger, string?, params object?[])' (https://learn.microsoft.com/dotnet/fundamentals/code-analysis/quality-rules/ca1848) [/home/runner/work/trading-bot-c-/trading-bot-c-/src/BotCore/BotCore.csproj]
/home/runner/work/trading-bot-c-/trading-bot-c-/src/BotCore/Services/MasterDecisionOrchestrator.cs(175,21): error CA1848: For improved performance, use the LoggerMessage delegates instead of calling 'LoggerExtensions.LogError(ILogger, Exception?, string?, params object?[])' (https://learn.microsoft.com/dotnet/fundamentals/code-analysis/quality-rules/ca1848) [/home/runner/work/trading-bot-c-/trading-bot-c-/src/BotCore/BotCore.csproj]
/home/runner/work/trading-bot-c-/trading-bot-c-/src/BotCore/Services/MasterDecisionOrchestrator.cs(180,21): error CA1848: For improved performance, use the LoggerMessage delegates instead of calling 'LoggerExtensions.LogError(ILogger, Exception?, string?, params object?[])' (https://learn.microsoft.com/dotnet/fundamentals/code-analysis/quality-rules/ca1848) [/home/runner/work/trading-bot-c-/trading-bot-c-/src/BotCore/BotCore.csproj]
/home/runner/work/trading-bot-c-/trading-bot-c-/src/BotCore/Services/MasterDecisionOrchestrator.cs(187,13): error CA1848: For improved performance, use the LoggerMessage delegates instead of calling 'LoggerExtensions.LogCritical(ILogger, Exception?, string?, params object?[])' (https://learn.microsoft.com/dotnet/fundamentals/code-analysis/quality-rules/ca1848) [/home/runner/work/trading-bot-c-/trading-bot-c-/src/BotCore/BotCore.csproj]
/home/runner/work/trading-bot-c-/trading-bot-c-/src/BotCore/Services/MasterDecisionOrchestrator.cs(192,13): error CA1848: For improved performance, use the LoggerMessage delegates instead of calling 'LoggerExtensions.LogInformation(ILogger, string?, params object?[])' (https://learn.microsoft.com/dotnet/fundamentals/code-analysis/quality-rules/ca1848) [/home/runner/work/trading-bot-c-/trading-bot-c-/src/BotCore/BotCore.csproj]
/home/runner/work/trading-bot-c-/trading-bot-c-/src/BotCore/Services/ModelRotationService.cs(158,17): error CA1848: For improved performance, use the LoggerMessage delegates instead of calling 'LoggerExtensions.LogDebug(ILogger, string?, params object?[])' (https://learn.microsoft.com/dotnet/fundamentals/code-analysis/quality-rules/ca1848) [/home/runner/work/trading-bot-c-/trading-bot-c-/src/BotCore/BotCore.csproj]
/home/runner/work/trading-bot-c-/trading-bot-c-/src/BotCore/Services/ModelRotationService.cs(163,17): error CA1848: For improved performance, use the LoggerMessage delegates instead of calling 'LoggerExtensions.LogError(ILogger, Exception?, string?, params object?[])' (https://learn.microsoft.com/dotnet/fundamentals/code-analysis/quality-rules/ca1848) [/home/runner/work/trading-bot-c-/trading-bot-c-/src/BotCore/BotCore.csproj]
/home/runner/work/trading-bot-c-/trading-bot-c-/src/BotCore/Services/ModelRotationService.cs(161,13): error CA1031: Modify 'DetermineCurrentRegimeAsync' to catch a more specific allowed exception type, or rethrow the exception (https://learn.microsoft.com/dotnet/fundamentals/code-analysis/quality-rules/ca1031) [/home/runner/work/trading-bot-c-/trading-bot-c-/src/BotCore/BotCore.csproj]
/home/runner/work/trading-bot-c-/trading-bot-c-/src/BotCore/Services/MarketDataStalenessService.cs(95,17): error CA1848: For improved performance, use the LoggerMessage delegates instead of calling 'LoggerExtensions.LogInformation(ILogger, string?, params object?[])' (https://learn.microsoft.com/dotnet/fundamentals/code-analysis/quality-rules/ca1848) [/home/runner/work/trading-bot-c-/trading-bot-c-/src/BotCore/BotCore.csproj]
/home/runner/work/trading-bot-c-/trading-bot-c-/src/BotCore/Services/MarketDataStalenessService.cs(102,9): error CA1848: For improved performance, use the LoggerMessage delegates instead of calling 'LoggerExtensions.LogTrace(ILogger, string?, params object?[])' (https://learn.microsoft.com/dotnet/fundamentals/code-analysis/quality-rules/ca1848) [/home/runner/work/trading-bot-c-/trading-bot-c-/src/BotCore/BotCore.csproj]
/home/runner/work/trading-bot-c-/trading-bot-c-/src/BotCore/Services/MarketTimeService.cs(104,13): error CA1848: For improved performance, use the LoggerMessage delegates instead of calling 'LoggerExtensions.LogTrace(ILogger, string?, params object?[])' (https://learn.microsoft.com/dotnet/fundamentals/code-analysis/quality-rules/ca1848) [/home/runner/work/trading-bot-c-/trading-bot-c-/src/BotCore/BotCore.csproj]
/home/runner/work/trading-bot-c-/trading-bot-c-/src/BotCore/Services/OrderExecutionService.cs(522,21): error CA1848: For improved performance, use the LoggerMessage delegates instead of calling 'LoggerExtensions.LogWarning(ILogger, string?, params object?[])' (https://learn.microsoft.com/dotnet/fundamentals/code-analysis/quality-rules/ca1848) [/home/runner/work/trading-bot-c-/trading-bot-c-/src/BotCore/BotCore.csproj]
/home/runner/work/trading-bot-c-/trading-bot-c-/src/BotCore/Services/OrderExecutionService.cs(528,21): error CA1848: For improved performance, use the LoggerMessage delegates instead of calling 'LoggerExtensions.LogWarning(ILogger, string?, params object?[])' (https://learn.microsoft.com/dotnet/fundamentals/code-analysis/quality-rules/ca1848) [/home/runner/work/trading-bot-c-/trading-bot-c-/src/BotCore/BotCore.csproj]
/home/runner/work/trading-bot-c-/trading-bot-c-/src/BotCore/Services/OrderExecutionService.cs(532,17): error CA1848: For improved performance, use the LoggerMessage delegates instead of calling 'LoggerExtensions.LogInformation(ILogger, string?, params object?[])' (https://learn.microsoft.com/dotnet/fundamentals/code-analysis/quality-rules/ca1848) [/home/runner/work/trading-bot-c-/trading-bot-c-/src/BotCore/BotCore.csproj]
/home/runner/work/trading-bot-c-/trading-bot-c-/src/BotCore/Services/OrderExecutionService.cs(537,21): error CA1848: For improved performance, use the LoggerMessage delegates instead of calling 'LoggerExtensions.LogInformation(ILogger, string?, params object?[])' (https://learn.microsoft.com/dotnet/fundamentals/code-analysis/quality-rules/ca1848) [/home/runner/work/trading-bot-c-/trading-bot-c-/src/BotCore/BotCore.csproj]
/home/runner/work/trading-bot-c-/trading-bot-c-/src/BotCore/Services/OrderExecutionService.cs(543,21): error CA1848: For improved performance, use the LoggerMessage delegates instead of calling 'LoggerExtensions.LogInformation(ILogger, string?, params object?[])' (https://learn.microsoft.com/dotnet/fundamentals/code-analysis/quality-rules/ca1848) [/home/runner/work/trading-bot-c-/trading-bot-c-/src/BotCore/BotCore.csproj]
/home/runner/work/trading-bot-c-/trading-bot-c-/src/BotCore/Services/OrderExecutionService.cs(548,17): error CA1848: For improved performance, use the LoggerMessage delegates instead of calling 'LoggerExtensions.LogInformation(ILogger, string?, params object?[])' (https://learn.microsoft.com/dotnet/fundamentals/code-analysis/quality-rules/ca1848) [/home/runner/work/trading-bot-c-/trading-bot-c-/src/BotCore/BotCore.csproj]
/home/runner/work/trading-bot-c-/trading-bot-c-/src/BotCore/Services/OrderExecutionService.cs(553,17): error CA1848: For improved performance, use the LoggerMessage delegates instead of calling 'LoggerExtensions.LogError(ILogger, Exception?, string?, params object?[])' (https://learn.microsoft.com/dotnet/fundamentals/code-analysis/quality-rules/ca1848) [/home/runner/work/trading-bot-c-/trading-bot-c-/src/BotCore/BotCore.csproj]
/home/runner/work/trading-bot-c-/trading-bot-c-/src/BotCore/Services/OrderExecutionService.cs(565,13): error CA1848: For improved performance, use the LoggerMessage delegates instead of calling 'LoggerExtensions.LogWarning(ILogger, string?, params object?[])' (https://learn.microsoft.com/dotnet/fundamentals/code-analysis/quality-rules/ca1848) [/home/runner/work/trading-bot-c-/trading-bot-c-/src/BotCore/BotCore.csproj]
/home/runner/work/trading-bot-c-/trading-bot-c-/src/BotCore/Services/ProductionMonitoringService.cs(289,62): error S1075: Refactor your code not to use hardcoded absolute paths or URIs. (https://rules.sonarsource.com/csharp/RSPEC-1075) [/home/runner/work/trading-bot-c-/trading-bot-c-/src/BotCore/BotCore.csproj]
/home/runner/work/trading-bot-c-/trading-bot-c-/src/BotCore/Services/ProductionMonitoringService.cs(294,9): error CA1031: Modify 'CheckGitHubConnectivityAsync' to catch a more specific allowed exception type, or rethrow the exception (https://learn.microsoft.com/dotnet/fundamentals/code-analysis/quality-rules/ca1031) [/home/runner/work/trading-bot-c-/trading-bot-c-/src/BotCore/BotCore.csproj]
/home/runner/work/trading-bot-c-/trading-bot-c-/src/BotCore/Services/OrderExecutionService.cs(551,13): error CA1031: Modify 'ModifyOrderAsync' to catch a more specific allowed exception type, or rethrow the exception (https://learn.microsoft.com/dotnet/fundamentals/code-analysis/quality-rules/ca1031) [/home/runner/work/trading-bot-c-/trading-bot-c-/src/BotCore/BotCore.csproj]
/home/runner/work/trading-bot-c-/trading-bot-c-/src/BotCore/Services/MarketDataStalenessService.cs(118,13): error CA1848: For improved performance, use the LoggerMessage delegates instead of calling 'LoggerExtensions.LogWarning(ILogger, string?, params object?[])' (https://learn.microsoft.com/dotnet/fundamentals/code-analysis/quality-rules/ca1848) [/home/runner/work/trading-bot-c-/trading-bot-c-/src/BotCore/BotCore.csproj]
/home/runner/work/trading-bot-c-/trading-bot-c-/src/BotCore/Services/MarketDataStalenessService.cs(134,9): error CA1848: For improved performance, use the LoggerMessage delegates instead of calling 'LoggerExtensions.LogInformation(ILogger, string?, params object?[])' (https://learn.microsoft.com/dotnet/fundamentals/code-analysis/quality-rules/ca1848) [/home/runner/work/trading-bot-c-/trading-bot-c-/src/BotCore/BotCore.csproj]
/home/runner/work/trading-bot-c-/trading-bot-c-/src/BotCore/Services/ModelRotationService.cs(202,17): error CA1848: For improved performance, use the LoggerMessage delegates instead of calling 'LoggerExtensions.LogError(ILogger, Exception?, string?, params object?[])' (https://learn.microsoft.com/dotnet/fundamentals/code-analysis/quality-rules/ca1848) [/home/runner/work/trading-bot-c-/trading-bot-c-/src/BotCore/BotCore.csproj]
/home/runner/work/trading-bot-c-/trading-bot-c-/src/BotCore/Services/MarketConditionAnalyzer.cs(112,9): error CA1848: For improved performance, use the LoggerMessage delegates instead of calling 'LoggerExtensions.LogInformation(ILogger, string?, params object?[])' (https://learn.microsoft.com/dotnet/fundamentals/code-analysis/quality-rules/ca1848) [/home/runner/work/trading-bot-c-/trading-bot-c-/src/BotCore/BotCore.csproj]
/home/runner/work/trading-bot-c-/trading-bot-c-/src/BotCore/Services/ModelVersionVerificationService.cs(194,21): error CA1848: For improved performance, use the LoggerMessage delegates instead of calling 'LoggerExtensions.LogWarning(ILogger, string?, params object?[])' (https://learn.microsoft.com/dotnet/fundamentals/code-analysis/quality-rules/ca1848) [/home/runner/work/trading-bot-c-/trading-bot-c-/src/BotCore/BotCore.csproj]
/home/runner/work/trading-bot-c-/trading-bot-c-/src/BotCore/Services/ModelVersionVerificationService.cs(205,21): error CA1848: For improved performance, use the LoggerMessage delegates instead of calling 'LoggerExtensions.LogInformation(ILogger, string?, params object?[])' (https://learn.microsoft.com/dotnet/fundamentals/code-analysis/quality-rules/ca1848) [/home/runner/work/trading-bot-c-/trading-bot-c-/src/BotCore/BotCore.csproj]
/home/runner/work/trading-bot-c-/trading-bot-c-/src/BotCore/Services/ModelVersionVerificationService.cs(213,17): error CA1848: For improved performance, use the LoggerMessage delegates instead of calling 'LoggerExtensions.LogError(ILogger, Exception?, string?, params object?[])' (https://learn.microsoft.com/dotnet/fundamentals/code-analysis/quality-rules/ca1848) [/home/runner/work/trading-bot-c-/trading-bot-c-/src/BotCore/BotCore.csproj]
/home/runner/work/trading-bot-c-/trading-bot-c-/src/BotCore/Services/MasterDecisionOrchestrator.cs(201,9): error CA1848: For improved performance, use the LoggerMessage delegates instead of calling 'LoggerExtensions.LogInformation(ILogger, string?, params object?[])' (https://learn.microsoft.com/dotnet/fundamentals/code-analysis/quality-rules/ca1848) [/home/runner/work/trading-bot-c-/trading-bot-c-/src/BotCore/BotCore.csproj]
/home/runner/work/trading-bot-c-/trading-bot-c-/src/BotCore/Services/MasterDecisionOrchestrator.cs(207,13): error CA1848: For improved performance, use the LoggerMessage delegates instead of calling 'LoggerExtensions.LogInformation(ILogger, string?, params object?[])' (https://learn.microsoft.com/dotnet/fundamentals/code-analysis/quality-rules/ca1848) [/home/runner/work/trading-bot-c-/trading-bot-c-/src/BotCore/BotCore.csproj]
/home/runner/work/trading-bot-c-/trading-bot-c-/src/BotCore/Services/MasterDecisionOrchestrator.cs(213,17): error CA1848: For improved performance, use the LoggerMessage delegates instead of calling 'LoggerExtensions.LogInformation(ILogger, string?, params object?[])' (https://learn.microsoft.com/dotnet/fundamentals/code-analysis/quality-rules/ca1848) [/home/runner/work/trading-bot-c-/trading-bot-c-/src/BotCore/BotCore.csproj]
/home/runner/work/trading-bot-c-/trading-bot-c-/src/BotCore/Services/MasterDecisionOrchestrator.cs(218,13): error CA1848: For improved performance, use the LoggerMessage delegates instead of calling 'LoggerExtensions.LogInformation(ILogger, string?, params object?[])' (https://learn.microsoft.com/dotnet/fundamentals/code-analysis/quality-rules/ca1848) [/home/runner/work/trading-bot-c-/trading-bot-c-/src/BotCore/BotCore.csproj]
/home/runner/work/trading-bot-c-/trading-bot-c-/src/BotCore/Services/MasterDecisionOrchestrator.cs(222,13): error CA1848: For improved performance, use the LoggerMessage delegates instead of calling 'LoggerExtensions.LogInformation(ILogger, string?, params object?[])' (https://learn.microsoft.com/dotnet/fundamentals/code-analysis/quality-rules/ca1848) [/home/runner/work/trading-bot-c-/trading-bot-c-/src/BotCore/BotCore.csproj]
/home/runner/work/trading-bot-c-/trading-bot-c-/src/BotCore/Services/MasterDecisionOrchestrator.cs(224,13): error CA1848: For improved performance, use the LoggerMessage delegates instead of calling 'LoggerExtensions.LogInformation(ILogger, string?, params object?[])' (https://learn.microsoft.com/dotnet/fundamentals/code-analysis/quality-rules/ca1848) [/home/runner/work/trading-bot-c-/trading-bot-c-/src/BotCore/BotCore.csproj]
/home/runner/work/trading-bot-c-/trading-bot-c-/src/BotCore/Services/MasterDecisionOrchestrator.cs(228,13): error CA1848: For improved performance, use the LoggerMessage delegates instead of calling 'LoggerExtensions.LogError(ILogger, Exception?, string?, params object?[])' (https://learn.microsoft.com/dotnet/fundamentals/code-analysis/quality-rules/ca1848) [/home/runner/work/trading-bot-c-/trading-bot-c-/src/BotCore/BotCore.csproj]
/home/runner/work/trading-bot-c-/trading-bot-c-/src/BotCore/Services/ModelVersionVerificationService.cs(211,13): error CA1031: Modify 'CompareModelVersionsAsync' to catch a more specific allowed exception type, or rethrow the exception (https://learn.microsoft.com/dotnet/fundamentals/code-analysis/quality-rules/ca1031) [/home/runner/work/trading-bot-c-/trading-bot-c-/src/BotCore/BotCore.csproj]
/home/runner/work/trading-bot-c-/trading-bot-c-/src/BotCore/Services/PerformanceTracker.cs(200,23): error S138: This method 'PushToCloudAsync' has 81 lines, which is greater than the 80 lines authorized. Split it into smaller methods. (https://rules.sonarsource.com/csharp/RSPEC-138) [/home/runner/work/trading-bot-c-/trading-bot-c-/src/BotCore/BotCore.csproj]
/home/runner/work/trading-bot-c-/trading-bot-c-/src/BotCore/Services/NewsIntelligenceEngine.cs(285,13): error CA1848: For improved performance, use the LoggerMessage delegates instead of calling 'LoggerExtensions.LogWarning(ILogger, Exception?, string?, params object?[])' (https://learn.microsoft.com/dotnet/fundamentals/code-analysis/quality-rules/ca1848) [/home/runner/work/trading-bot-c-/trading-bot-c-/src/BotCore/BotCore.csproj]
/home/runner/work/trading-bot-c-/trading-bot-c-/src/BotCore/Services/NewsIntelligenceEngine.cs(283,9): error CA1031: Modify 'AnalyzeSentimentAsync' to catch a more specific allowed exception type, or rethrow the exception (https://learn.microsoft.com/dotnet/fundamentals/code-analysis/quality-rules/ca1031) [/home/runner/work/trading-bot-c-/trading-bot-c-/src/BotCore/BotCore.csproj]
/home/runner/work/trading-bot-c-/trading-bot-c-/src/BotCore/Services/PerformanceTracker.cs(206,13): error CA1848: For improved performance, use the LoggerMessage delegates instead of calling 'LoggerExtensions.LogInformation(ILogger, string?, params object?[])' (https://learn.microsoft.com/dotnet/fundamentals/code-analysis/quality-rules/ca1848) [/home/runner/work/trading-bot-c-/trading-bot-c-/src/BotCore/BotCore.csproj]
/home/runner/work/trading-bot-c-/trading-bot-c-/src/BotCore/Services/PerformanceTracker.cs(255,17): error CA1848: For improved performance, use the LoggerMessage delegates instead of calling 'LoggerExtensions.LogInformation(ILogger, string?, params object?[])' (https://learn.microsoft.com/dotnet/fundamentals/code-analysis/quality-rules/ca1848) [/home/runner/work/trading-bot-c-/trading-bot-c-/src/BotCore/BotCore.csproj]
/home/runner/work/trading-bot-c-/trading-bot-c-/src/BotCore/Services/PerformanceTracker.cs(271,17): error CA1848: For improved performance, use the LoggerMessage delegates instead of calling 'LoggerExtensions.LogWarning(ILogger, string?, params object?[])' (https://learn.microsoft.com/dotnet/fundamentals/code-analysis/quality-rules/ca1848) [/home/runner/work/trading-bot-c-/trading-bot-c-/src/BotCore/BotCore.csproj]
/home/runner/work/trading-bot-c-/trading-bot-c-/src/BotCore/Services/PerformanceTracker.cs(277,13): error CA1848: For improved performance, use the LoggerMessage delegates instead of calling 'LoggerExtensions.LogError(ILogger, Exception?, string?, params object?[])' (https://learn.microsoft.com/dotnet/fundamentals/code-analysis/quality-rules/ca1848) [/home/runner/work/trading-bot-c-/trading-bot-c-/src/BotCore/BotCore.csproj]
/home/runner/work/trading-bot-c-/trading-bot-c-/src/BotCore/Services/PerformanceTracker.cs(282,13): error CA1848: For improved performance, use the LoggerMessage delegates instead of calling 'LoggerExtensions.LogError(ILogger, Exception?, string?, params object?[])' (https://learn.microsoft.com/dotnet/fundamentals/code-analysis/quality-rules/ca1848) [/home/runner/work/trading-bot-c-/trading-bot-c-/src/BotCore/BotCore.csproj]
/home/runner/work/trading-bot-c-/trading-bot-c-/src/BotCore/Services/PerformanceTracker.cs(287,13): error CA1848: For improved performance, use the LoggerMessage delegates instead of calling 'LoggerExtensions.LogError(ILogger, Exception?, string?, params object?[])' (https://learn.microsoft.com/dotnet/fundamentals/code-analysis/quality-rules/ca1848) [/home/runner/work/trading-bot-c-/trading-bot-c-/src/BotCore/BotCore.csproj]
/home/runner/work/trading-bot-c-/trading-bot-c-/src/BotCore/Services/PerformanceTracker.cs(292,13): error CA1848: For improved performance, use the LoggerMessage delegates instead of calling 'LoggerExtensions.LogError(ILogger, Exception?, string?, params object?[])' (https://learn.microsoft.com/dotnet/fundamentals/code-analysis/quality-rules/ca1848) [/home/runner/work/trading-bot-c-/trading-bot-c-/src/BotCore/BotCore.csproj]
/home/runner/work/trading-bot-c-/trading-bot-c-/src/BotCore/Services/ProductionMonitoringService.cs(323,9): error CA1031: Modify 'CheckSystemResourcesHealth' to catch a more specific allowed exception type, or rethrow the exception (https://learn.microsoft.com/dotnet/fundamentals/code-analysis/quality-rules/ca1031) [/home/runner/work/trading-bot-c-/trading-bot-c-/src/BotCore/BotCore.csproj]
/home/runner/work/trading-bot-c-/trading-bot-c-/src/BotCore/Services/MarketDataStalenessService.cs(152,9): error CA1848: For improved performance, use the LoggerMessage delegates instead of calling 'LoggerExtensions.LogInformation(ILogger, string?, params object?[])' (https://learn.microsoft.com/dotnet/fundamentals/code-analysis/quality-rules/ca1848) [/home/runner/work/trading-bot-c-/trading-bot-c-/src/BotCore/BotCore.csproj]
/home/runner/work/trading-bot-c-/trading-bot-c-/src/BotCore/Services/OrderExecutionService.cs(605,13): error CA1848: For improved performance, use the LoggerMessage delegates instead of calling 'LoggerExtensions.LogInformation(ILogger, string?, params object?[])' (https://learn.microsoft.com/dotnet/fundamentals/code-analysis/quality-rules/ca1848) [/home/runner/work/trading-bot-c-/trading-bot-c-/src/BotCore/BotCore.csproj]
/home/runner/work/trading-bot-c-/trading-bot-c-/src/BotCore/Services/ModelRotationService.cs(219,13): error CA1848: For improved performance, use the LoggerMessage delegates instead of calling 'LoggerExtensions.LogInformation(ILogger, string?, params object?[])' (https://learn.microsoft.com/dotnet/fundamentals/code-analysis/quality-rules/ca1848) [/home/runner/work/trading-bot-c-/trading-bot-c-/src/BotCore/BotCore.csproj]
/home/runner/work/trading-bot-c-/trading-bot-c-/src/BotCore/Services/MasterDecisionOrchestrator.cs(240,13): error CA1848: For improved performance, use the LoggerMessage delegates instead of calling 'LoggerExtensions.LogInformation(ILogger, string?, params object?[])' (https://learn.microsoft.com/dotnet/fundamentals/code-analysis/quality-rules/ca1848) [/home/runner/work/trading-bot-c-/trading-bot-c-/src/BotCore/BotCore.csproj]
/home/runner/work/trading-bot-c-/trading-bot-c-/src/BotCore/Services/MasterDecisionOrchestrator.cs(249,13): error CA1848: For improved performance, use the LoggerMessage delegates instead of calling 'LoggerExtensions.LogInformation(ILogger, string?, params object?[])' (https://learn.microsoft.com/dotnet/fundamentals/code-analysis/quality-rules/ca1848) [/home/runner/work/trading-bot-c-/trading-bot-c-/src/BotCore/BotCore.csproj]
/home/runner/work/trading-bot-c-/trading-bot-c-/src/BotCore/Services/MasterDecisionOrchestrator.cs(253,13): error CA1848: For improved performance, use the LoggerMessage delegates instead of calling 'LoggerExtensions.LogError(ILogger, Exception?, string?, params object?[])' (https://learn.microsoft.com/dotnet/fundamentals/code-analysis/quality-rules/ca1848) [/home/runner/work/trading-bot-c-/trading-bot-c-/src/BotCore/BotCore.csproj]
/home/runner/work/trading-bot-c-/trading-bot-c-/src/BotCore/Services/ModelRotationService.cs(222,50): error S1172: Remove this unused method parameter 'expectedSha256'. (https://rules.sonarsource.com/csharp/RSPEC-1172) [/home/runner/work/trading-bot-c-/trading-bot-c-/src/BotCore/BotCore.csproj]
/home/runner/work/trading-bot-c-/trading-bot-c-/src/BotCore/Services/ModelRotationService.cs(230,13): error CA1848: For improved performance, use the LoggerMessage delegates instead of calling 'LoggerExtensions.LogTrace(ILogger, string?, params object?[])' (https://learn.microsoft.com/dotnet/fundamentals/code-analysis/quality-rules/ca1848) [/home/runner/work/trading-bot-c-/trading-bot-c-/src/BotCore/BotCore.csproj]
/home/runner/work/trading-bot-c-/trading-bot-c-/src/BotCore/Services/MarketTimeService.cs(122,76): error S1172: Remove this unused method parameter 'symbol'. (https://rules.sonarsource.com/csharp/RSPEC-1172) [/home/runner/work/trading-bot-c-/trading-bot-c-/src/BotCore/BotCore.csproj]
/home/runner/work/trading-bot-c-/trading-bot-c-/src/BotCore/Services/MarketDataStalenessService.cs(201,21): error CA1848: For improved performance, use the LoggerMessage delegates instead of calling 'LoggerExtensions.LogWarning(ILogger, string?, params object?[])' (https://learn.microsoft.com/dotnet/fundamentals/code-analysis/quality-rules/ca1848) [/home/runner/work/trading-bot-c-/trading-bot-c-/src/BotCore/BotCore.csproj]
/home/runner/work/trading-bot-c-/trading-bot-c-/src/BotCore/Services/MarketDataStalenessService.cs(217,13): error CA1848: For improved performance, use the LoggerMessage delegates instead of calling 'LoggerExtensions.LogError(ILogger, Exception?, string?, params object?[])' (https://learn.microsoft.com/dotnet/fundamentals/code-analysis/quality-rules/ca1848) [/home/runner/work/trading-bot-c-/trading-bot-c-/src/BotCore/BotCore.csproj]
/home/runner/work/trading-bot-c-/trading-bot-c-/src/BotCore/Services/MarketDataStalenessService.cs(215,9): error CA1031: Modify 'CheckStaleness' to catch a more specific allowed exception type, or rethrow the exception (https://learn.microsoft.com/dotnet/fundamentals/code-analysis/quality-rules/ca1031) [/home/runner/work/trading-bot-c-/trading-bot-c-/src/BotCore/BotCore.csproj]
/home/runner/work/trading-bot-c-/trading-bot-c-/src/BotCore/Services/MarketTimeService.cs(160,73): error S1172: Remove this unused method parameter 'symbol'. (https://rules.sonarsource.com/csharp/RSPEC-1172) [/home/runner/work/trading-bot-c-/trading-bot-c-/src/BotCore/BotCore.csproj]
/home/runner/work/trading-bot-c-/trading-bot-c-/src/BotCore/Services/NewsIntelligenceEngine.cs(324,17): error CA1848: For improved performance, use the LoggerMessage delegates instead of calling 'LoggerExtensions.LogInformation(ILogger, string?, params object?[])' (https://learn.microsoft.com/dotnet/fundamentals/code-analysis/quality-rules/ca1848) [/home/runner/work/trading-bot-c-/trading-bot-c-/src/BotCore/BotCore.csproj]
/home/runner/work/trading-bot-c-/trading-bot-c-/src/BotCore/Services/NewsIntelligenceEngine.cs(331,13): error CA1848: For improved performance, use the LoggerMessage delegates instead of calling 'LoggerExtensions.LogError(ILogger, Exception?, string?, params object?[])' (https://learn.microsoft.com/dotnet/fundamentals/code-analysis/quality-rules/ca1848) [/home/runner/work/trading-bot-c-/trading-bot-c-/src/BotCore/BotCore.csproj]
/home/runner/work/trading-bot-c-/trading-bot-c-/src/BotCore/Services/ModelVersionVerificationService.cs(235,17): error CA1848: For improved performance, use the LoggerMessage delegates instead of calling 'LoggerExtensions.LogInformation(ILogger, string?, params object?[])' (https://learn.microsoft.com/dotnet/fundamentals/code-analysis/quality-rules/ca1848) [/home/runner/work/trading-bot-c-/trading-bot-c-/src/BotCore/BotCore.csproj]
/home/runner/work/trading-bot-c-/trading-bot-c-/src/BotCore/Services/ModelVersionVerificationService.cs(238,17): error CA1848: For improved performance, use the LoggerMessage delegates instead of calling 'LoggerExtensions.LogInformation(ILogger, string?, params object?[])' (https://learn.microsoft.com/dotnet/fundamentals/code-analysis/quality-rules/ca1848) [/home/runner/work/trading-bot-c-/trading-bot-c-/src/BotCore/BotCore.csproj]
/home/runner/work/trading-bot-c-/trading-bot-c-/src/BotCore/Services/ModelVersionVerificationService.cs(243,17): error CA1848: For improved performance, use the LoggerMessage delegates instead of calling 'LoggerExtensions.LogError(ILogger, Exception?, string?, params object?[])' (https://learn.microsoft.com/dotnet/fundamentals/code-analysis/quality-rules/ca1848) [/home/runner/work/trading-bot-c-/trading-bot-c-/src/BotCore/BotCore.csproj]
/home/runner/work/trading-bot-c-/trading-bot-c-/src/BotCore/Services/NewsIntelligenceEngine.cs(329,9): error CA1031: Modify 'IsNewsImpactfulAsync' to catch a more specific allowed exception type, or rethrow the exception (https://learn.microsoft.com/dotnet/fundamentals/code-analysis/quality-rules/ca1031) [/home/runner/work/trading-bot-c-/trading-bot-c-/src/BotCore/BotCore.csproj]
/home/runner/work/trading-bot-c-/trading-bot-c-/src/BotCore/Services/ModelVersionVerificationService.cs(241,13): error CA1031: Modify 'LogTrainingMetadataAsync' to catch a more specific allowed exception type, or rethrow the exception (https://learn.microsoft.com/dotnet/fundamentals/code-analysis/quality-rules/ca1031) [/home/runner/work/trading-bot-c-/trading-bot-c-/src/BotCore/BotCore.csproj]
/home/runner/work/trading-bot-c-/trading-bot-c-/src/BotCore/Services/MarketTimeService.cs(166,74): error S1172: Remove this unused method parameter 'symbol'. (https://rules.sonarsource.com/csharp/RSPEC-1172) [/home/runner/work/trading-bot-c-/trading-bot-c-/src/BotCore/BotCore.csproj]
/home/runner/work/trading-bot-c-/trading-bot-c-/src/BotCore/Services/MarketDataStalenessService.cs(240,13): error CA1848: For improved performance, use the LoggerMessage delegates instead of calling 'LoggerExtensions.LogWarning(ILogger, string?, params object?[])' (https://learn.microsoft.com/dotnet/fundamentals/code-analysis/quality-rules/ca1848) [/home/runner/work/trading-bot-c-/trading-bot-c-/src/BotCore/BotCore.csproj]
/home/runner/work/trading-bot-c-/trading-bot-c-/src/BotCore/Services/PerformanceTracker.cs(306,13): error CA1848: For improved performance, use the LoggerMessage delegates instead of calling 'LoggerExtensions.LogError(ILogger, Exception?, string?, params object?[])' (https://learn.microsoft.com/dotnet/fundamentals/code-analysis/quality-rules/ca1848) [/home/runner/work/trading-bot-c-/trading-bot-c-/src/BotCore/BotCore.csproj]
/home/runner/work/trading-bot-c-/trading-bot-c-/src/BotCore/Services/PerformanceTracker.cs(310,13): error CA1848: For improved performance, use the LoggerMessage delegates instead of calling 'LoggerExtensions.LogError(ILogger, Exception?, string?, params object?[])' (https://learn.microsoft.com/dotnet/fundamentals/code-analysis/quality-rules/ca1848) [/home/runner/work/trading-bot-c-/trading-bot-c-/src/BotCore/BotCore.csproj]
/home/runner/work/trading-bot-c-/trading-bot-c-/src/BotCore/Services/PerformanceTracker.cs(314,13): error CA1848: For improved performance, use the LoggerMessage delegates instead of calling 'LoggerExtensions.LogError(ILogger, Exception?, string?, params object?[])' (https://learn.microsoft.com/dotnet/fundamentals/code-analysis/quality-rules/ca1848) [/home/runner/work/trading-bot-c-/trading-bot-c-/src/BotCore/BotCore.csproj]
/home/runner/work/trading-bot-c-/trading-bot-c-/src/BotCore/Services/ModelRotationService.cs(255,17): error CA1848: For improved performance, use the LoggerMessage delegates instead of calling 'LoggerExtensions.LogInformation(ILogger, string?, params object?[])' (https://learn.microsoft.com/dotnet/fundamentals/code-analysis/quality-rules/ca1848) [/home/runner/work/trading-bot-c-/trading-bot-c-/src/BotCore/BotCore.csproj]
/home/runner/work/trading-bot-c-/trading-bot-c-/src/BotCore/Services/MarketDataStalenessService.cs(287,13): error CA1848: For improved performance, use the LoggerMessage delegates instead of calling 'LoggerExtensions.LogInformation(ILogger, string?, params object?[])' (https://learn.microsoft.com/dotnet/fundamentals/code-analysis/quality-rules/ca1848) [/home/runner/work/trading-bot-c-/trading-bot-c-/src/BotCore/BotCore.csproj]
/home/runner/work/trading-bot-c-/trading-bot-c-/src/BotCore/Services/MarketDataStalenessService.cs(300,17): error CA1848: For improved performance, use the LoggerMessage delegates instead of calling 'LoggerExtensions.LogInformation(ILogger, string?, params object?[])' (https://learn.microsoft.com/dotnet/fundamentals/code-analysis/quality-rules/ca1848) [/home/runner/work/trading-bot-c-/trading-bot-c-/src/BotCore/BotCore.csproj]
/home/runner/work/trading-bot-c-/trading-bot-c-/src/BotCore/Services/MarketDataStalenessService.cs(308,17): error CA1848: For improved performance, use the LoggerMessage delegates instead of calling 'LoggerExtensions.LogError(ILogger, Exception?, string?, params object?[])' (https://learn.microsoft.com/dotnet/fundamentals/code-analysis/quality-rules/ca1848) [/home/runner/work/trading-bot-c-/trading-bot-c-/src/BotCore/BotCore.csproj]
/home/runner/work/trading-bot-c-/trading-bot-c-/src/BotCore/Services/MarketDataStalenessService.cs(306,13): error CA1031: Modify 'Dispose' to catch a more specific allowed exception type, or rethrow the exception (https://learn.microsoft.com/dotnet/fundamentals/code-analysis/quality-rules/ca1031) [/home/runner/work/trading-bot-c-/trading-bot-c-/src/BotCore/BotCore.csproj]
/home/runner/work/trading-bot-c-/trading-bot-c-/src/BotCore/Services/ModelEnsembleService.cs(185,24): error S1696: Do not catch NullReferenceException; test for null instead. (https://rules.sonarsource.com/csharp/RSPEC-1696) [/home/runner/work/trading-bot-c-/trading-bot-c-/src/BotCore/BotCore.csproj]
/home/runner/work/trading-bot-c-/trading-bot-c-/src/BotCore/Services/ModelEnsembleService.cs(218,16): error S1696: Do not catch NullReferenceException; test for null instead. (https://rules.sonarsource.com/csharp/RSPEC-1696) [/home/runner/work/trading-bot-c-/trading-bot-c-/src/BotCore/BotCore.csproj]
/home/runner/work/trading-bot-c-/trading-bot-c-/src/BotCore/Services/ModelEnsembleService.cs(154,37): error CA2016: Forward the 'cancellationToken' parameter to the 'GetActiveModelsAsync' method or pass in 'CancellationToken.None' explicitly to indicate intentionally not propagating the token (https://learn.microsoft.com/dotnet/fundamentals/code-analysis/quality-rules/ca2016) [/home/runner/work/trading-bot-c-/trading-bot-c-/src/BotCore/BotCore.csproj]
/home/runner/work/trading-bot-c-/trading-bot-c-/src/BotCore/Services/ModelEnsembleService.cs(177,21): error CA1848: For improved performance, use the LoggerMessage delegates instead of calling 'LoggerExtensions.LogWarning(ILogger, Exception?, string?, params object?[])' (https://learn.microsoft.com/dotnet/fundamentals/code-analysis/quality-rules/ca1848) [/home/runner/work/trading-bot-c-/trading-bot-c-/src/BotCore/BotCore.csproj]
/home/runner/work/trading-bot-c-/trading-bot-c-/src/BotCore/Services/ModelEnsembleService.cs(182,21): error CA1848: For improved performance, use the LoggerMessage delegates instead of calling 'LoggerExtensions.LogWarning(ILogger, Exception?, string?, params object?[])' (https://learn.microsoft.com/dotnet/fundamentals/code-analysis/quality-rules/ca1848) [/home/runner/work/trading-bot-c-/trading-bot-c-/src/BotCore/BotCore.csproj]
/home/runner/work/trading-bot-c-/trading-bot-c-/src/BotCore/Services/ModelEnsembleService.cs(187,21): error CA1848: For improved performance, use the LoggerMessage delegates instead of calling 'LoggerExtensions.LogWarning(ILogger, Exception?, string?, params object?[])' (https://learn.microsoft.com/dotnet/fundamentals/code-analysis/quality-rules/ca1848) [/home/runner/work/trading-bot-c-/trading-bot-c-/src/BotCore/BotCore.csproj]
/home/runner/work/trading-bot-c-/trading-bot-c-/src/BotCore/Services/ModelEnsembleService.cs(195,13): error CA1848: For improved performance, use the LoggerMessage delegates instead of calling 'LoggerExtensions.LogDebug(ILogger, string?, params object?[])' (https://learn.microsoft.com/dotnet/fundamentals/code-analysis/quality-rules/ca1848) [/home/runner/work/trading-bot-c-/trading-bot-c-/src/BotCore/BotCore.csproj]
/home/runner/work/trading-bot-c-/trading-bot-c-/src/BotCore/Services/ModelEnsembleService.cs(210,13): error CA1848: For improved performance, use the LoggerMessage delegates instead of calling 'LoggerExtensions.LogError(ILogger, Exception?, string?, params object?[])' (https://learn.microsoft.com/dotnet/fundamentals/code-analysis/quality-rules/ca1848) [/home/runner/work/trading-bot-c-/trading-bot-c-/src/BotCore/BotCore.csproj]
/home/runner/work/trading-bot-c-/trading-bot-c-/src/BotCore/Services/ModelEnsembleService.cs(215,13): error CA1848: For improved performance, use the LoggerMessage delegates instead of calling 'LoggerExtensions.LogError(ILogger, Exception?, string?, params object?[])' (https://learn.microsoft.com/dotnet/fundamentals/code-analysis/quality-rules/ca1848) [/home/runner/work/trading-bot-c-/trading-bot-c-/src/BotCore/BotCore.csproj]
/home/runner/work/trading-bot-c-/trading-bot-c-/src/BotCore/Services/ModelEnsembleService.cs(220,13): error CA1848: For improved performance, use the LoggerMessage delegates instead of calling 'LoggerExtensions.LogError(ILogger, Exception?, string?, params object?[])' (https://learn.microsoft.com/dotnet/fundamentals/code-analysis/quality-rules/ca1848) [/home/runner/work/trading-bot-c-/trading-bot-c-/src/BotCore/BotCore.csproj]
/home/runner/work/trading-bot-c-/trading-bot-c-/src/BotCore/Services/HybridZoneProvider.cs(49,13): error CA1031: Modify 'GetZoneSnapshotAsync' to catch a more specific allowed exception type, or rethrow the exception (https://learn.microsoft.com/dotnet/fundamentals/code-analysis/quality-rules/ca1031) [/home/runner/work/trading-bot-c-/trading-bot-c-/src/BotCore/BotCore.csproj]
/home/runner/work/trading-bot-c-/trading-bot-c-/src/BotCore/Services/PerformanceTracker.cs(334,13): error CA1848: For improved performance, use the LoggerMessage delegates instead of calling 'LoggerExtensions.LogInformation(ILogger, string?, params object?[])' (https://learn.microsoft.com/dotnet/fundamentals/code-analysis/quality-rules/ca1848) [/home/runner/work/trading-bot-c-/trading-bot-c-/src/BotCore/BotCore.csproj]
/home/runner/work/trading-bot-c-/trading-bot-c-/src/BotCore/Services/PerformanceTracker.cs(338,13): error CA1848: For improved performance, use the LoggerMessage delegates instead of calling 'LoggerExtensions.LogError(ILogger, Exception?, string?, params object?[])' (https://learn.microsoft.com/dotnet/fundamentals/code-analysis/quality-rules/ca1848) [/home/runner/work/trading-bot-c-/trading-bot-c-/src/BotCore/BotCore.csproj]
/home/runner/work/trading-bot-c-/trading-bot-c-/src/BotCore/Services/PerformanceTracker.cs(342,13): error CA1848: For improved performance, use the LoggerMessage delegates instead of calling 'LoggerExtensions.LogError(ILogger, Exception?, string?, params object?[])' (https://learn.microsoft.com/dotnet/fundamentals/code-analysis/quality-rules/ca1848) [/home/runner/work/trading-bot-c-/trading-bot-c-/src/BotCore/BotCore.csproj]
/home/runner/work/trading-bot-c-/trading-bot-c-/src/BotCore/Services/PerformanceTracker.cs(346,13): error CA1848: For improved performance, use the LoggerMessage delegates instead of calling 'LoggerExtensions.LogError(ILogger, Exception?, string?, params object?[])' (https://learn.microsoft.com/dotnet/fundamentals/code-analysis/quality-rules/ca1848) [/home/runner/work/trading-bot-c-/trading-bot-c-/src/BotCore/BotCore.csproj]
/home/runner/work/trading-bot-c-/trading-bot-c-/src/BotCore/Services/IMarketHours.cs(71,9): error CA1031: Modify 'GetEasternTime' to catch a more specific allowed exception type, or rethrow the exception (https://learn.microsoft.com/dotnet/fundamentals/code-analysis/quality-rules/ca1031) [/home/runner/work/trading-bot-c-/trading-bot-c-/src/BotCore/BotCore.csproj]
/home/runner/work/trading-bot-c-/trading-bot-c-/src/BotCore/Services/IMarketHours.cs(84,9): error CA1031: Modify 'GetEasternTimeFromUtc' to catch a more specific allowed exception type, or rethrow the exception (https://learn.microsoft.com/dotnet/fundamentals/code-analysis/quality-rules/ca1031) [/home/runner/work/trading-bot-c-/trading-bot-c-/src/BotCore/BotCore.csproj]
/home/runner/work/trading-bot-c-/trading-bot-c-/src/BotCore/Services/ModelRotationService.cs(294,17): error CA1848: For improved performance, use the LoggerMessage delegates instead of calling 'LoggerExtensions.LogInformation(ILogger, string?, params object?[])' (https://learn.microsoft.com/dotnet/fundamentals/code-analysis/quality-rules/ca1848) [/home/runner/work/trading-bot-c-/trading-bot-c-/src/BotCore/BotCore.csproj]
/home/runner/work/trading-bot-c-/trading-bot-c-/src/BotCore/Services/PositionManagementOptimizer.cs(259,9): error AsyncFixer01: The method 'OptimizeBreakevenParameterAsync' does not need to use async/await. (https://github.com/semihokur/AsyncFixer) [/home/runner/work/trading-bot-c-/trading-bot-c-/src/BotCore/BotCore.csproj]
/home/runner/work/trading-bot-c-/trading-bot-c-/src/BotCore/Services/MasterDecisionOrchestrator.cs(307,13): error CA1848: For improved performance, use the LoggerMessage delegates instead of calling 'LoggerExtensions.LogDebug(ILogger, string?, params object?[])' (https://learn.microsoft.com/dotnet/fundamentals/code-analysis/quality-rules/ca1848) [/home/runner/work/trading-bot-c-/trading-bot-c-/src/BotCore/BotCore.csproj]
/home/runner/work/trading-bot-c-/trading-bot-c-/src/BotCore/Services/MasterDecisionOrchestrator.cs(331,21): error CA1848: For improved performance, use the LoggerMessage delegates instead of calling 'LoggerExtensions.LogInformation(ILogger, string?, params object?[])' (https://learn.microsoft.com/dotnet/fundamentals/code-analysis/quality-rules/ca1848) [/home/runner/work/trading-bot-c-/trading-bot-c-/src/BotCore/BotCore.csproj]
/home/runner/work/trading-bot-c-/trading-bot-c-/src/BotCore/Services/MasterDecisionOrchestrator.cs(338,21): error CA1848: For improved performance, use the LoggerMessage delegates instead of calling 'LoggerExtensions.LogWarning(ILogger, Exception?, string?, params object?[])' (https://learn.microsoft.com/dotnet/fundamentals/code-analysis/quality-rules/ca1848) [/home/runner/work/trading-bot-c-/trading-bot-c-/src/BotCore/BotCore.csproj]
/home/runner/work/trading-bot-c-/trading-bot-c-/src/BotCore/Services/MasterDecisionOrchestrator.cs(342,21): error CA1848: For improved performance, use the LoggerMessage delegates instead of calling 'LoggerExtensions.LogWarning(ILogger, Exception?, string?, params object?[])' (https://learn.microsoft.com/dotnet/fundamentals/code-analysis/quality-rules/ca1848) [/home/runner/work/trading-bot-c-/trading-bot-c-/src/BotCore/BotCore.csproj]
/home/runner/work/trading-bot-c-/trading-bot-c-/src/BotCore/Services/MasterDecisionOrchestrator.cs(376,13): error CA1848: For improved performance, use the LoggerMessage delegates instead of calling 'LoggerExtensions.LogError(ILogger, Exception?, string?, params object?[])' (https://learn.microsoft.com/dotnet/fundamentals/code-analysis/quality-rules/ca1848) [/home/runner/work/trading-bot-c-/trading-bot-c-/src/BotCore/BotCore.csproj]
/home/runner/work/trading-bot-c-/trading-bot-c-/src/BotCore/Services/MasterDecisionOrchestrator.cs(381,13): error CA1848: For improved performance, use the LoggerMessage delegates instead of calling 'LoggerExtensions.LogError(ILogger, Exception?, string?, params object?[])' (https://learn.microsoft.com/dotnet/fundamentals/code-analysis/quality-rules/ca1848) [/home/runner/work/trading-bot-c-/trading-bot-c-/src/BotCore/BotCore.csproj]
/home/runner/work/trading-bot-c-/trading-bot-c-/src/BotCore/Services/MasterDecisionOrchestrator.cs(386,13): error CA1848: For improved performance, use the LoggerMessage delegates instead of calling 'LoggerExtensions.LogError(ILogger, Exception?, string?, params object?[])' (https://learn.microsoft.com/dotnet/fundamentals/code-analysis/quality-rules/ca1848) [/home/runner/work/trading-bot-c-/trading-bot-c-/src/BotCore/BotCore.csproj]
/home/runner/work/trading-bot-c-/trading-bot-c-/src/BotCore/Services/ModelVersionVerificationService.cs(266,21): error CA1848: For improved performance, use the LoggerMessage delegates instead of calling 'LoggerExtensions.LogWarning(ILogger, string?, params object?[])' (https://learn.microsoft.com/dotnet/fundamentals/code-analysis/quality-rules/ca1848) [/home/runner/work/trading-bot-c-/trading-bot-c-/src/BotCore/BotCore.csproj]
/home/runner/work/trading-bot-c-/trading-bot-c-/src/BotCore/Services/ModelVersionVerificationService.cs(290,17): error CA1848: For improved performance, use the LoggerMessage delegates instead of calling 'LoggerExtensions.LogError(ILogger, Exception?, string?, params object?[])' (https://learn.microsoft.com/dotnet/fundamentals/code-analysis/quality-rules/ca1848) [/home/runner/work/trading-bot-c-/trading-bot-c-/src/BotCore/BotCore.csproj]
/home/runner/work/trading-bot-c-/trading-bot-c-/src/BotCore/Services/ModelVersionVerificationService.cs(275,21): error CA1849: 'Stream.ReadExactly(byte[], int, int)' synchronously blocks. Await 'Stream.ReadExactlyAsync(byte[], int, int, CancellationToken)' instead. (https://learn.microsoft.com/dotnet/fundamentals/code-analysis/quality-rules/ca1849) [/home/runner/work/trading-bot-c-/trading-bot-c-/src/BotCore/BotCore.csproj]
/home/runner/work/trading-bot-c-/trading-bot-c-/src/BotCore/Services/ModelVersionVerificationService.cs(288,13): error CA1031: Modify 'ValidateModelIntegrityAsync' to catch a more specific allowed exception type, or rethrow the exception (https://learn.microsoft.com/dotnet/fundamentals/code-analysis/quality-rules/ca1031) [/home/runner/work/trading-bot-c-/trading-bot-c-/src/BotCore/BotCore.csproj]
/home/runner/work/trading-bot-c-/trading-bot-c-/src/BotCore/Services/IntelligenceService.cs(121,17): error CA1848: For improved performance, use the LoggerMessage delegates instead of calling 'LoggerExtensions.LogDebug(ILogger, string?, params object?[])' (https://learn.microsoft.com/dotnet/fundamentals/code-analysis/quality-rules/ca1848) [/home/runner/work/trading-bot-c-/trading-bot-c-/src/BotCore/BotCore.csproj]
/home/runner/work/trading-bot-c-/trading-bot-c-/src/BotCore/Services/IntelligenceService.cs(128,17): error CA1848: For improved performance, use the LoggerMessage delegates instead of calling 'LoggerExtensions.LogDebug(ILogger, string?, params object?[])' (https://learn.microsoft.com/dotnet/fundamentals/code-analysis/quality-rules/ca1848) [/home/runner/work/trading-bot-c-/trading-bot-c-/src/BotCore/BotCore.csproj]
/home/runner/work/trading-bot-c-/trading-bot-c-/src/BotCore/Services/IntelligenceService.cs(135,17): error CA1848: For improved performance, use the LoggerMessage delegates instead of calling 'LoggerExtensions.LogInformation(ILogger, string?, params object?[])' (https://learn.microsoft.com/dotnet/fundamentals/code-analysis/quality-rules/ca1848) [/home/runner/work/trading-bot-c-/trading-bot-c-/src/BotCore/BotCore.csproj]
/home/runner/work/trading-bot-c-/trading-bot-c-/src/BotCore/Services/IntelligenceService.cs(143,13): error CA1848: For improved performance, use the LoggerMessage delegates instead of calling 'LoggerExtensions.LogWarning(ILogger, Exception?, string?, params object?[])' (https://learn.microsoft.com/dotnet/fundamentals/code-analysis/quality-rules/ca1848) [/home/runner/work/trading-bot-c-/trading-bot-c-/src/BotCore/BotCore.csproj]
/home/runner/work/trading-bot-c-/trading-bot-c-/src/BotCore/Services/IntelligenceService.cs(148,13): error CA1848: For improved performance, use the LoggerMessage delegates instead of calling 'LoggerExtensions.LogDebug(ILogger, Exception?, string?, params object?[])' (https://learn.microsoft.com/dotnet/fundamentals/code-analysis/quality-rules/ca1848) [/home/runner/work/trading-bot-c-/trading-bot-c-/src/BotCore/BotCore.csproj]
/home/runner/work/trading-bot-c-/trading-bot-c-/src/BotCore/Services/PositionManagementOptimizer.cs(259,92): error S1172: Remove this unused method parameter 'cancellationToken'. (https://rules.sonarsource.com/csharp/RSPEC-1172) [/home/runner/work/trading-bot-c-/trading-bot-c-/src/BotCore/BotCore.csproj]
/home/runner/work/trading-bot-c-/trading-bot-c-/src/BotCore/Services/IntelligenceService.cs(146,9): error CA1031: Modify 'GetLatestIntelligenceAsync' to catch a more specific allowed exception type, or rethrow the exception (https://learn.microsoft.com/dotnet/fundamentals/code-analysis/quality-rules/ca1031) [/home/runner/work/trading-bot-c-/trading-bot-c-/src/BotCore/BotCore.csproj]
/home/runner/work/trading-bot-c-/trading-bot-c-/src/BotCore/Services/PerformanceTracker.cs(351,45): error S1172: Remove this unused method parameter 'entryTime'. (https://rules.sonarsource.com/csharp/RSPEC-1172) [/home/runner/work/trading-bot-c-/trading-bot-c-/src/BotCore/BotCore.csproj]
/home/runner/work/trading-bot-c-/trading-bot-c-/src/BotCore/Services/PerformanceTracker.cs(351,65): error S1172: Remove this unused method parameter 'symbol'. (https://rules.sonarsource.com/csharp/RSPEC-1172) [/home/runner/work/trading-bot-c-/trading-bot-c-/src/BotCore/BotCore.csproj]
/home/runner/work/trading-bot-c-/trading-bot-c-/src/BotCore/Services/PositionManagementOptimizer.cs(315,21): error CA1848: For improved performance, use the LoggerMessage delegates instead of calling 'LoggerExtensions.LogInformation(ILogger, string?, params object?[])' (https://learn.microsoft.com/dotnet/fundamentals/code-analysis/quality-rules/ca1848) [/home/runner/work/trading-bot-c-/trading-bot-c-/src/BotCore/BotCore.csproj]
/home/runner/work/trading-bot-c-/trading-bot-c-/src/BotCore/Services/PerformanceTracker.cs(352,49): error S1172: Remove this unused method parameter 'entryTime'. (https://rules.sonarsource.com/csharp/RSPEC-1172) [/home/runner/work/trading-bot-c-/trading-bot-c-/src/BotCore/BotCore.csproj]
/home/runner/work/trading-bot-c-/trading-bot-c-/src/BotCore/Services/PerformanceTracker.cs(353,43): error S1172: Remove this unused method parameter 'symbol'. (https://rules.sonarsource.com/csharp/RSPEC-1172) [/home/runner/work/trading-bot-c-/trading-bot-c-/src/BotCore/BotCore.csproj]
/home/runner/work/trading-bot-c-/trading-bot-c-/src/BotCore/Services/PerformanceTracker.cs(352,69): error S1172: Remove this unused method parameter 'symbol'. (https://rules.sonarsource.com/csharp/RSPEC-1172) [/home/runner/work/trading-bot-c-/trading-bot-c-/src/BotCore/BotCore.csproj]
/home/runner/work/trading-bot-c-/trading-bot-c-/src/BotCore/Services/PerformanceTracker.cs(353,58): error S1172: Remove this unused method parameter 'entryTime'. (https://rules.sonarsource.com/csharp/RSPEC-1172) [/home/runner/work/trading-bot-c-/trading-bot-c-/src/BotCore/BotCore.csproj]
/home/runner/work/trading-bot-c-/trading-bot-c-/src/BotCore/Services/ModelRotationService.cs(315,17): error CA1848: For improved performance, use the LoggerMessage delegates instead of calling 'LoggerExtensions.LogWarning(ILogger, Exception?, string?, params object?[])' (https://learn.microsoft.com/dotnet/fundamentals/code-analysis/quality-rules/ca1848) [/home/runner/work/trading-bot-c-/trading-bot-c-/src/BotCore/BotCore.csproj]
/home/runner/work/trading-bot-c-/trading-bot-c-/src/BotCore/Services/ModelRotationService.cs(313,13): error CA1031: Modify 'GetCurrentRotationCount' to catch a more specific allowed exception type, or rethrow the exception (https://learn.microsoft.com/dotnet/fundamentals/code-analysis/quality-rules/ca1031) [/home/runner/work/trading-bot-c-/trading-bot-c-/src/BotCore/BotCore.csproj]
/home/runner/work/trading-bot-c-/trading-bot-c-/src/BotCore/Services/ModelRotationService.cs(324,13): error CA1848: For improved performance, use the LoggerMessage delegates instead of calling 'LoggerExtensions.LogInformation(ILogger, string?, params object?[])' (https://learn.microsoft.com/dotnet/fundamentals/code-analysis/quality-rules/ca1848) [/home/runner/work/trading-bot-c-/trading-bot-c-/src/BotCore/BotCore.csproj]
/home/runner/work/trading-bot-c-/trading-bot-c-/src/BotCore/Services/ModelRotationService.cs(334,17): error CA1848: For improved performance, use the LoggerMessage delegates instead of calling 'LoggerExtensions.LogInformation(ILogger, string?, params object?[])' (https://learn.microsoft.com/dotnet/fundamentals/code-analysis/quality-rules/ca1848) [/home/runner/work/trading-bot-c-/trading-bot-c-/src/BotCore/BotCore.csproj]
/home/runner/work/trading-bot-c-/trading-bot-c-/src/BotCore/Services/UnifiedPositionManagementService.cs(2662,25): error CA1848: For improved performance, use the LoggerMessage delegates instead of calling 'LoggerExtensions.LogInformation(ILogger, string?, params object?[])' (https://learn.microsoft.com/dotnet/fundamentals/code-analysis/quality-rules/ca1848) [/home/runner/work/trading-bot-c-/trading-bot-c-/src/BotCore/BotCore.csproj]
/home/runner/work/trading-bot-c-/trading-bot-c-/src/BotCore/Services/UnifiedPositionManagementService.cs(2667,21): error CA1848: For improved performance, use the LoggerMessage delegates instead of calling 'LoggerExtensions.LogError(ILogger, Exception?, string?, params object?[])' (https://learn.microsoft.com/dotnet/fundamentals/code-analysis/quality-rules/ca1848) [/home/runner/work/trading-bot-c-/trading-bot-c-/src/BotCore/BotCore.csproj]
/home/runner/work/trading-bot-c-/trading-bot-c-/src/BotCore/Services/IntelligenceService.cs(174,9): error CA1031: Modify 'GetIntelligenceAge' to catch a more specific allowed exception type, or rethrow the exception (https://learn.microsoft.com/dotnet/fundamentals/code-analysis/quality-rules/ca1031) [/home/runner/work/trading-bot-c-/trading-bot-c-/src/BotCore/BotCore.csproj]
/home/runner/work/trading-bot-c-/trading-bot-c-/src/BotCore/Services/UnifiedPositionManagementService.cs(2665,17): error CA1031: Modify 'ExplainConfidenceAdjustmentFireAndForget' to catch a more specific allowed exception type, or rethrow the exception (https://learn.microsoft.com/dotnet/fundamentals/code-analysis/quality-rules/ca1031) [/home/runner/work/trading-bot-c-/trading-bot-c-/src/BotCore/BotCore.csproj]
/home/runner/work/trading-bot-c-/trading-bot-c-/src/BotCore/Services/PerformanceTracker.cs(377,13): error CA1848: For improved performance, use the LoggerMessage delegates instead of calling 'LoggerExtensions.LogError(ILogger, Exception?, string?, params object?[])' (https://learn.microsoft.com/dotnet/fundamentals/code-analysis/quality-rules/ca1848) [/home/runner/work/trading-bot-c-/trading-bot-c-/src/BotCore/BotCore.csproj]
/home/runner/work/trading-bot-c-/trading-bot-c-/src/BotCore/Services/PerformanceTracker.cs(382,13): error CA1848: For improved performance, use the LoggerMessage delegates instead of calling 'LoggerExtensions.LogError(ILogger, Exception?, string?, params object?[])' (https://learn.microsoft.com/dotnet/fundamentals/code-analysis/quality-rules/ca1848) [/home/runner/work/trading-bot-c-/trading-bot-c-/src/BotCore/BotCore.csproj]
/home/runner/work/trading-bot-c-/trading-bot-c-/src/BotCore/Services/HistoricalDataBridgeService.cs(77,17): error CA1848: For improved performance, use the LoggerMessage delegates instead of calling 'LoggerExtensions.LogInformation(ILogger, string?, params object?[])' (https://learn.microsoft.com/dotnet/fundamentals/code-analysis/quality-rules/ca1848) [/home/runner/work/trading-bot-c-/trading-bot-c-/src/BotCore/BotCore.csproj]
/home/runner/work/trading-bot-c-/trading-bot-c-/src/BotCore/Services/HistoricalDataBridgeService.cs(81,13): error CA1848: For improved performance, use the LoggerMessage delegates instead of calling 'LoggerExtensions.LogInformation(ILogger, string?, params object?[])' (https://learn.microsoft.com/dotnet/fundamentals/code-analysis/quality-rules/ca1848) [/home/runner/work/trading-bot-c-/trading-bot-c-/src/BotCore/BotCore.csproj]
/home/runner/work/trading-bot-c-/trading-bot-c-/src/BotCore/Services/HistoricalDataBridgeService.cs(90,21): error CA1848: For improved performance, use the LoggerMessage delegates instead of calling 'LoggerExtensions.LogDebug(ILogger, string?, params object?[])' (https://learn.microsoft.com/dotnet/fundamentals/code-analysis/quality-rules/ca1848) [/home/runner/work/trading-bot-c-/trading-bot-c-/src/BotCore/BotCore.csproj]
/home/runner/work/trading-bot-c-/trading-bot-c-/src/BotCore/Services/HistoricalDataBridgeService.cs(104,29): error CA1848: For improved performance, use the LoggerMessage delegates instead of calling 'LoggerExtensions.LogInformation(ILogger, string?, params object?[])' (https://learn.microsoft.com/dotnet/fundamentals/code-analysis/quality-rules/ca1848) [/home/runner/work/trading-bot-c-/trading-bot-c-/src/BotCore/BotCore.csproj]
/home/runner/work/trading-bot-c-/trading-bot-c-/src/BotCore/Services/HistoricalDataBridgeService.cs(109,29): error CA1848: For improved performance, use the LoggerMessage delegates instead of calling 'LoggerExtensions.LogWarning(ILogger, string?, params object?[])' (https://learn.microsoft.com/dotnet/fundamentals/code-analysis/quality-rules/ca1848) [/home/runner/work/trading-bot-c-/trading-bot-c-/src/BotCore/BotCore.csproj]
/home/runner/work/trading-bot-c-/trading-bot-c-/src/BotCore/Services/HistoricalDataBridgeService.cs(114,25): error CA1848: For improved performance, use the LoggerMessage delegates instead of calling 'LoggerExtensions.LogWarning(ILogger, string?, params object?[])' (https://learn.microsoft.com/dotnet/fundamentals/code-analysis/quality-rules/ca1848) [/home/runner/work/trading-bot-c-/trading-bot-c-/src/BotCore/BotCore.csproj]
/home/runner/work/trading-bot-c-/trading-bot-c-/src/BotCore/Services/HistoricalDataBridgeService.cs(119,21): error CA1848: For improved performance, use the LoggerMessage delegates instead of calling 'LoggerExtensions.LogError(ILogger, Exception?, string?, params object?[])' (https://learn.microsoft.com/dotnet/fundamentals/code-analysis/quality-rules/ca1848) [/home/runner/work/trading-bot-c-/trading-bot-c-/src/BotCore/BotCore.csproj]
/home/runner/work/trading-bot-c-/trading-bot-c-/src/BotCore/Services/HistoricalDataBridgeService.cs(123,21): error CA1848: For improved performance, use the LoggerMessage delegates instead of calling 'LoggerExtensions.LogError(ILogger, Exception?, string?, params object?[])' (https://learn.microsoft.com/dotnet/fundamentals/code-analysis/quality-rules/ca1848) [/home/runner/work/trading-bot-c-/trading-bot-c-/src/BotCore/BotCore.csproj]
/home/runner/work/trading-bot-c-/trading-bot-c-/src/BotCore/Services/HistoricalDataBridgeService.cs(127,21): error CA1848: For improved performance, use the LoggerMessage delegates instead of calling 'LoggerExtensions.LogError(ILogger, Exception?, string?, params object?[])' (https://learn.microsoft.com/dotnet/fundamentals/code-analysis/quality-rules/ca1848) [/home/runner/work/trading-bot-c-/trading-bot-c-/src/BotCore/BotCore.csproj]
/home/runner/work/trading-bot-c-/trading-bot-c-/src/BotCore/Services/HistoricalDataBridgeService.cs(132,13): error CA1848: For improved performance, use the LoggerMessage delegates instead of calling 'LoggerExtensions.LogInformation(ILogger, string?, params object?[])' (https://learn.microsoft.com/dotnet/fundamentals/code-analysis/quality-rules/ca1848) [/home/runner/work/trading-bot-c-/trading-bot-c-/src/BotCore/BotCore.csproj]
/home/runner/work/trading-bot-c-/trading-bot-c-/src/BotCore/Services/ProductionMonitoringService.cs(357,9): error CA1031: Modify 'CheckTradingPerformanceHealth' to catch a more specific allowed exception type, or rethrow the exception (https://learn.microsoft.com/dotnet/fundamentals/code-analysis/quality-rules/ca1031) [/home/runner/work/trading-bot-c-/trading-bot-c-/src/BotCore/BotCore.csproj]
/home/runner/work/trading-bot-c-/trading-bot-c-/src/BotCore/Services/ModelVersionVerificationService.cs(311,17): error CA1848: For improved performance, use the LoggerMessage delegates instead of calling 'LoggerExtensions.LogInformation(ILogger, string?, params object?[])' (https://learn.microsoft.com/dotnet/fundamentals/code-analysis/quality-rules/ca1848) [/home/runner/work/trading-bot-c-/trading-bot-c-/src/BotCore/BotCore.csproj]
/home/runner/work/trading-bot-c-/trading-bot-c-/src/BotCore/Services/ModelVersionVerificationService.cs(315,17): error CA1848: For improved performance, use the LoggerMessage delegates instead of calling 'LoggerExtensions.LogError(ILogger, Exception?, string?, params object?[])' (https://learn.microsoft.com/dotnet/fundamentals/code-analysis/quality-rules/ca1848) [/home/runner/work/trading-bot-c-/trading-bot-c-/src/BotCore/BotCore.csproj]
/home/runner/work/trading-bot-c-/trading-bot-c-/src/BotCore/Services/ModelVersionVerificationService.cs(313,13): error CA1031: Modify 'BackupModelAsync' to catch a more specific allowed exception type, or rethrow the exception (https://learn.microsoft.com/dotnet/fundamentals/code-analysis/quality-rules/ca1031) [/home/runner/work/trading-bot-c-/trading-bot-c-/src/BotCore/BotCore.csproj]
/home/runner/work/trading-bot-c-/trading-bot-c-/src/BotCore/Services/MasterDecisionOrchestrator.cs(409,13): error CA1848: For improved performance, use the LoggerMessage delegates instead of calling 'LoggerExtensions.LogInformation(ILogger, string?, params object?[])' (https://learn.microsoft.com/dotnet/fundamentals/code-analysis/quality-rules/ca1848) [/home/runner/work/trading-bot-c-/trading-bot-c-/src/BotCore/BotCore.csproj]
/home/runner/work/trading-bot-c-/trading-bot-c-/src/BotCore/Services/MasterDecisionOrchestrator.cs(448,13): error CA1848: For improved performance, use the LoggerMessage delegates instead of calling 'LoggerExtensions.LogInformation(ILogger, string?, params object?[])' (https://learn.microsoft.com/dotnet/fundamentals/code-analysis/quality-rules/ca1848) [/home/runner/work/trading-bot-c-/trading-bot-c-/src/BotCore/BotCore.csproj]
/home/runner/work/trading-bot-c-/trading-bot-c-/src/BotCore/Services/MasterDecisionOrchestrator.cs(452,13): error CA1848: For improved performance, use the LoggerMessage delegates instead of calling 'LoggerExtensions.LogError(ILogger, Exception?, string?, params object?[])' (https://learn.microsoft.com/dotnet/fundamentals/code-analysis/quality-rules/ca1848) [/home/runner/work/trading-bot-c-/trading-bot-c-/src/BotCore/BotCore.csproj]
/home/runner/work/trading-bot-c-/trading-bot-c-/src/BotCore/Services/MasterDecisionOrchestrator.cs(456,13): error CA1848: For improved performance, use the LoggerMessage delegates instead of calling 'LoggerExtensions.LogError(ILogger, Exception?, string?, params object?[])' (https://learn.microsoft.com/dotnet/fundamentals/code-analysis/quality-rules/ca1848) [/home/runner/work/trading-bot-c-/trading-bot-c-/src/BotCore/BotCore.csproj]
/home/runner/work/trading-bot-c-/trading-bot-c-/src/BotCore/Services/IntelligenceService.cs(211,13): error CA1848: For improved performance, use the LoggerMessage delegates instead of calling 'LoggerExtensions.LogDebug(ILogger, string?, params object?[])' (https://learn.microsoft.com/dotnet/fundamentals/code-analysis/quality-rules/ca1848) [/home/runner/work/trading-bot-c-/trading-bot-c-/src/BotCore/BotCore.csproj]
/home/runner/work/trading-bot-c-/trading-bot-c-/src/BotCore/Services/IntelligenceService.cs(216,13): error CA1848: For improved performance, use the LoggerMessage delegates instead of calling 'LoggerExtensions.LogWarning(ILogger, Exception?, string?, params object?[])' (https://learn.microsoft.com/dotnet/fundamentals/code-analysis/quality-rules/ca1848) [/home/runner/work/trading-bot-c-/trading-bot-c-/src/BotCore/BotCore.csproj]
/home/runner/work/trading-bot-c-/trading-bot-c-/src/BotCore/Services/IntelligenceService.cs(214,9): error CA1031: Modify 'LogTradeResultAsync' to catch a more specific allowed exception type, or rethrow the exception (https://learn.microsoft.com/dotnet/fundamentals/code-analysis/quality-rules/ca1031) [/home/runner/work/trading-bot-c-/trading-bot-c-/src/BotCore/BotCore.csproj]
/home/runner/work/trading-bot-c-/trading-bot-c-/src/BotCore/Services/MarketConditionAnalyzer.cs(299,42): error S1905: Remove this unnecessary cast to 'decimal'. (https://rules.sonarsource.com/csharp/RSPEC-1905) [/home/runner/work/trading-bot-c-/trading-bot-c-/src/BotCore/BotCore.csproj]
/home/runner/work/trading-bot-c-/trading-bot-c-/src/BotCore/Services/PerformanceTracker.cs(393,18): error S1244: Do not check floating point equality with exact values, use a range instead. (https://rules.sonarsource.com/csharp/RSPEC-1244) [/home/runner/work/trading-bot-c-/trading-bot-c-/src/BotCore/BotCore.csproj]
/home/runner/work/trading-bot-c-/trading-bot-c-/src/BotCore/Services/OrderExecutionService.cs(710,23): error AsyncFixer03: Avoid unsupported fire-and-forget async-void methods or delegates. Unhandled exceptions will crash the process. (https://github.com/semihokur/AsyncFixer) [/home/runner/work/trading-bot-c-/trading-bot-c-/src/BotCore/BotCore.csproj]
/home/runner/work/trading-bot-c-/trading-bot-c-/src/BotCore/Services/OrderExecutionService.cs(710,28): error S138: This method 'ReconcilePositionsWithBroker' has 86 lines, which is greater than the 80 lines authorized. Split it into smaller methods. (https://rules.sonarsource.com/csharp/RSPEC-138) [/home/runner/work/trading-bot-c-/trading-bot-c-/src/BotCore/BotCore.csproj]
/home/runner/work/trading-bot-c-/trading-bot-c-/src/BotCore/Services/OrderExecutionService.cs(714,17): error CA1848: For improved performance, use the LoggerMessage delegates instead of calling 'LoggerExtensions.LogDebug(ILogger, string?, params object?[])' (https://learn.microsoft.com/dotnet/fundamentals/code-analysis/quality-rules/ca1848) [/home/runner/work/trading-bot-c-/trading-bot-c-/src/BotCore/BotCore.csproj]
/home/runner/work/trading-bot-c-/trading-bot-c-/src/BotCore/Services/OrderExecutionService.cs(720,21): error CA1848: For improved performance, use the LoggerMessage delegates instead of calling 'LoggerExtensions.LogWarning(ILogger, string?, params object?[])' (https://learn.microsoft.com/dotnet/fundamentals/code-analysis/quality-rules/ca1848) [/home/runner/work/trading-bot-c-/trading-bot-c-/src/BotCore/BotCore.csproj]
/home/runner/work/trading-bot-c-/trading-bot-c-/src/BotCore/Services/OrderExecutionService.cs(734,25): error CA1848: For improved performance, use the LoggerMessage delegates instead of calling 'LoggerExtensions.LogWarning(ILogger, string?, params object?[])' (https://learn.microsoft.com/dotnet/fundamentals/code-analysis/quality-rules/ca1848) [/home/runner/work/trading-bot-c-/trading-bot-c-/src/BotCore/BotCore.csproj]
/home/runner/work/trading-bot-c-/trading-bot-c-/src/BotCore/Services/OrderExecutionService.cs(746,25): error CA1848: For improved performance, use the LoggerMessage delegates instead of calling 'LoggerExtensions.LogInformation(ILogger, string?, params object?[])' (https://learn.microsoft.com/dotnet/fundamentals/code-analysis/quality-rules/ca1848) [/home/runner/work/trading-bot-c-/trading-bot-c-/src/BotCore/BotCore.csproj]
/home/runner/work/trading-bot-c-/trading-bot-c-/src/BotCore/Services/OrderExecutionService.cs(759,25): error CA1848: For improved performance, use the LoggerMessage delegates instead of calling 'LoggerExtensions.LogWarning(ILogger, string?, params object?[])' (https://learn.microsoft.com/dotnet/fundamentals/code-analysis/quality-rules/ca1848) [/home/runner/work/trading-bot-c-/trading-bot-c-/src/BotCore/BotCore.csproj]
/home/runner/work/trading-bot-c-/trading-bot-c-/src/BotCore/Services/OrderExecutionService.cs(768,25): error CA1848: For improved performance, use the LoggerMessage delegates instead of calling 'LoggerExtensions.LogInformation(ILogger, string?, params object?[])' (https://learn.microsoft.com/dotnet/fundamentals/code-analysis/quality-rules/ca1848) [/home/runner/work/trading-bot-c-/trading-bot-c-/src/BotCore/BotCore.csproj]
/home/runner/work/trading-bot-c-/trading-bot-c-/src/BotCore/Services/OrderExecutionService.cs(785,25): error CA1848: For improved performance, use the LoggerMessage delegates instead of calling 'LoggerExtensions.LogError(ILogger, string?, params object?[])' (https://learn.microsoft.com/dotnet/fundamentals/code-analysis/quality-rules/ca1848) [/home/runner/work/trading-bot-c-/trading-bot-c-/src/BotCore/BotCore.csproj]
/home/runner/work/trading-bot-c-/trading-bot-c-/src/BotCore/Services/OrderExecutionService.cs(794,25): error CA1848: For improved performance, use the LoggerMessage delegates instead of calling 'LoggerExtensions.LogWarning(ILogger, string?, params object?[])' (https://learn.microsoft.com/dotnet/fundamentals/code-analysis/quality-rules/ca1848) [/home/runner/work/trading-bot-c-/trading-bot-c-/src/BotCore/BotCore.csproj]
/home/runner/work/trading-bot-c-/trading-bot-c-/src/BotCore/Services/OrderExecutionService.cs(799,25): error CA1848: For improved performance, use the LoggerMessage delegates instead of calling 'LoggerExtensions.LogCritical(ILogger, string?, params object?[])' (https://learn.microsoft.com/dotnet/fundamentals/code-analysis/quality-rules/ca1848) [/home/runner/work/trading-bot-c-/trading-bot-c-/src/BotCore/BotCore.csproj]
/home/runner/work/trading-bot-c-/trading-bot-c-/src/BotCore/Services/OrderExecutionService.cs(812,21): error CA1848: For improved performance, use the LoggerMessage delegates instead of calling 'LoggerExtensions.LogDebug(ILogger, string?, params object?[])' (https://learn.microsoft.com/dotnet/fundamentals/code-analysis/quality-rules/ca1848) [/home/runner/work/trading-bot-c-/trading-bot-c-/src/BotCore/BotCore.csproj]
/home/runner/work/trading-bot-c-/trading-bot-c-/src/BotCore/Services/OrderExecutionService.cs(816,21): error CA1848: For improved performance, use the LoggerMessage delegates instead of calling 'LoggerExtensions.LogWarning(ILogger, string?, params object?[])' (https://learn.microsoft.com/dotnet/fundamentals/code-analysis/quality-rules/ca1848) [/home/runner/work/trading-bot-c-/trading-bot-c-/src/BotCore/BotCore.csproj]
/home/runner/work/trading-bot-c-/trading-bot-c-/src/BotCore/Services/OrderExecutionService.cs(823,17): error CA1848: For improved performance, use the LoggerMessage delegates instead of calling 'LoggerExtensions.LogError(ILogger, Exception?, string?, params object?[])' (https://learn.microsoft.com/dotnet/fundamentals/code-analysis/quality-rules/ca1848) [/home/runner/work/trading-bot-c-/trading-bot-c-/src/BotCore/BotCore.csproj]
/home/runner/work/trading-bot-c-/trading-bot-c-/src/BotCore/Services/ModelEnsembleService.cs(261,24): error S1696: Do not catch NullReferenceException; test for null instead. (https://rules.sonarsource.com/csharp/RSPEC-1696) [/home/runner/work/trading-bot-c-/trading-bot-c-/src/BotCore/BotCore.csproj]
/home/runner/work/trading-bot-c-/trading-bot-c-/src/BotCore/Services/ModelEnsembleService.cs(297,16): error S1696: Do not catch NullReferenceException; test for null instead. (https://rules.sonarsource.com/csharp/RSPEC-1696) [/home/runner/work/trading-bot-c-/trading-bot-c-/src/BotCore/BotCore.csproj]
/home/runner/work/trading-bot-c-/trading-bot-c-/src/BotCore/Services/OrderExecutionService.cs(821,13): error CA1031: Modify 'ReconcilePositionsWithBroker' to catch a more specific allowed exception type, or rethrow the exception (https://learn.microsoft.com/dotnet/fundamentals/code-analysis/quality-rules/ca1031) [/home/runner/work/trading-bot-c-/trading-bot-c-/src/BotCore/BotCore.csproj]
/home/runner/work/trading-bot-c-/trading-bot-c-/src/BotCore/Services/ModelEnsembleService.cs(253,21): error CA1848: For improved performance, use the LoggerMessage delegates instead of calling 'LoggerExtensions.LogWarning(ILogger, Exception?, string?, params object?[])' (https://learn.microsoft.com/dotnet/fundamentals/code-analysis/quality-rules/ca1848) [/home/runner/work/trading-bot-c-/trading-bot-c-/src/BotCore/BotCore.csproj]
/home/runner/work/trading-bot-c-/trading-bot-c-/src/BotCore/Services/ModelEnsembleService.cs(258,21): error CA1848: For improved performance, use the LoggerMessage delegates instead of calling 'LoggerExtensions.LogWarning(ILogger, Exception?, string?, params object?[])' (https://learn.microsoft.com/dotnet/fundamentals/code-analysis/quality-rules/ca1848) [/home/runner/work/trading-bot-c-/trading-bot-c-/src/BotCore/BotCore.csproj]
/home/runner/work/trading-bot-c-/trading-bot-c-/src/BotCore/Services/ModelEnsembleService.cs(263,21): error CA1848: For improved performance, use the LoggerMessage delegates instead of calling 'LoggerExtensions.LogWarning(ILogger, Exception?, string?, params object?[])' (https://learn.microsoft.com/dotnet/fundamentals/code-analysis/quality-rules/ca1848) [/home/runner/work/trading-bot-c-/trading-bot-c-/src/BotCore/BotCore.csproj]
/home/runner/work/trading-bot-c-/trading-bot-c-/src/BotCore/Services/ModelEnsembleService.cs(271,13): error CA1848: For improved performance, use the LoggerMessage delegates instead of calling 'LoggerExtensions.LogDebug(ILogger, string?, params object?[])' (https://learn.microsoft.com/dotnet/fundamentals/code-analysis/quality-rules/ca1848) [/home/runner/work/trading-bot-c-/trading-bot-c-/src/BotCore/BotCore.csproj]
/home/runner/work/trading-bot-c-/trading-bot-c-/src/BotCore/Services/ModelEnsembleService.cs(289,13): error CA1848: For improved performance, use the LoggerMessage delegates instead of calling 'LoggerExtensions.LogError(ILogger, Exception?, string?, params object?[])' (https://learn.microsoft.com/dotnet/fundamentals/code-analysis/quality-rules/ca1848) [/home/runner/work/trading-bot-c-/trading-bot-c-/src/BotCore/BotCore.csproj]
/home/runner/work/trading-bot-c-/trading-bot-c-/src/BotCore/Services/ModelEnsembleService.cs(294,13): error CA1848: For improved performance, use the LoggerMessage delegates instead of calling 'LoggerExtensions.LogError(ILogger, Exception?, string?, params object?[])' (https://learn.microsoft.com/dotnet/fundamentals/code-analysis/quality-rules/ca1848) [/home/runner/work/trading-bot-c-/trading-bot-c-/src/BotCore/BotCore.csproj]
/home/runner/work/trading-bot-c-/trading-bot-c-/src/BotCore/Services/ModelEnsembleService.cs(299,13): error CA1848: For improved performance, use the LoggerMessage delegates instead of calling 'LoggerExtensions.LogError(ILogger, Exception?, string?, params object?[])' (https://learn.microsoft.com/dotnet/fundamentals/code-analysis/quality-rules/ca1848) [/home/runner/work/trading-bot-c-/trading-bot-c-/src/BotCore/BotCore.csproj]
/home/runner/work/trading-bot-c-/trading-bot-c-/src/BotCore/Services/HistoricalDataBridgeService.cs(149,21): error CA1848: For improved performance, use the LoggerMessage delegates instead of calling 'LoggerExtensions.LogDebug(ILogger, string?, params object?[])' (https://learn.microsoft.com/dotnet/fundamentals/code-analysis/quality-rules/ca1848) [/home/runner/work/trading-bot-c-/trading-bot-c-/src/BotCore/BotCore.csproj]
/home/runner/work/trading-bot-c-/trading-bot-c-/src/BotCore/Services/HistoricalDataBridgeService.cs(158,21): error CA1848: For improved performance, use the LoggerMessage delegates instead of calling 'LoggerExtensions.LogDebug(ILogger, string?, params object?[])' (https://learn.microsoft.com/dotnet/fundamentals/code-analysis/quality-rules/ca1848) [/home/runner/work/trading-bot-c-/trading-bot-c-/src/BotCore/BotCore.csproj]
/home/runner/work/trading-bot-c-/trading-bot-c-/src/BotCore/Services/HistoricalDataBridgeService.cs(167,21): error CA1848: For improved performance, use the LoggerMessage delegates instead of calling 'LoggerExtensions.LogDebug(ILogger, string?, params object?[])' (https://learn.microsoft.com/dotnet/fundamentals/code-analysis/quality-rules/ca1848) [/home/runner/work/trading-bot-c-/trading-bot-c-/src/BotCore/BotCore.csproj]
/home/runner/work/trading-bot-c-/trading-bot-c-/src/BotCore/Services/HistoricalDataBridgeService.cs(174,17): error CA1848: For improved performance, use the LoggerMessage delegates instead of calling 'LoggerExtensions.LogWarning(ILogger, string?, params object?[])' (https://learn.microsoft.com/dotnet/fundamentals/code-analysis/quality-rules/ca1848) [/home/runner/work/trading-bot-c-/trading-bot-c-/src/BotCore/BotCore.csproj]
/home/runner/work/trading-bot-c-/trading-bot-c-/src/BotCore/Services/HistoricalDataBridgeService.cs(181,17): error CA1848: For improved performance, use the LoggerMessage delegates instead of calling 'LoggerExtensions.LogError(ILogger, Exception?, string?, params object?[])' (https://learn.microsoft.com/dotnet/fundamentals/code-analysis/quality-rules/ca1848) [/home/runner/work/trading-bot-c-/trading-bot-c-/src/BotCore/BotCore.csproj]
/home/runner/work/trading-bot-c-/trading-bot-c-/src/BotCore/Services/HistoricalDataBridgeService.cs(186,17): error CA1848: For improved performance, use the LoggerMessage delegates instead of calling 'LoggerExtensions.LogError(ILogger, Exception?, string?, params object?[])' (https://learn.microsoft.com/dotnet/fundamentals/code-analysis/quality-rules/ca1848) [/home/runner/work/trading-bot-c-/trading-bot-c-/src/BotCore/BotCore.csproj]
/home/runner/work/trading-bot-c-/trading-bot-c-/src/BotCore/Services/HistoricalDataBridgeService.cs(191,17): error CA1848: For improved performance, use the LoggerMessage delegates instead of calling 'LoggerExtensions.LogError(ILogger, Exception?, string?, params object?[])' (https://learn.microsoft.com/dotnet/fundamentals/code-analysis/quality-rules/ca1848) [/home/runner/work/trading-bot-c-/trading-bot-c-/src/BotCore/BotCore.csproj]
/home/runner/work/trading-bot-c-/trading-bot-c-/src/BotCore/Services/MasterDecisionOrchestrator.cs(492,13): error CA1848: For improved performance, use the LoggerMessage delegates instead of calling 'LoggerExtensions.LogInformation(ILogger, string?, params object?[])' (https://learn.microsoft.com/dotnet/fundamentals/code-analysis/quality-rules/ca1848) [/home/runner/work/trading-bot-c-/trading-bot-c-/src/BotCore/BotCore.csproj]
/home/runner/work/trading-bot-c-/trading-bot-c-/src/BotCore/Services/MasterDecisionOrchestrator.cs(500,13): error CA1848: For improved performance, use the LoggerMessage delegates instead of calling 'LoggerExtensions.LogInformation(ILogger, string?, params object?[])' (https://learn.microsoft.com/dotnet/fundamentals/code-analysis/quality-rules/ca1848) [/home/runner/work/trading-bot-c-/trading-bot-c-/src/BotCore/BotCore.csproj]
/home/runner/work/trading-bot-c-/trading-bot-c-/src/BotCore/Services/MasterDecisionOrchestrator.cs(504,13): error CA1848: For improved performance, use the LoggerMessage delegates instead of calling 'LoggerExtensions.LogError(ILogger, Exception?, string?, params object?[])' (https://learn.microsoft.com/dotnet/fundamentals/code-analysis/quality-rules/ca1848) [/home/runner/work/trading-bot-c-/trading-bot-c-/src/BotCore/BotCore.csproj]
/home/runner/work/trading-bot-c-/trading-bot-c-/src/BotCore/Services/ModelVersionVerificationService.cs(335,17): error CA1848: For improved performance, use the LoggerMessage delegates instead of calling 'LoggerExtensions.LogError(ILogger, Exception?, string?, params object?[])' (https://learn.microsoft.com/dotnet/fundamentals/code-analysis/quality-rules/ca1848) [/home/runner/work/trading-bot-c-/trading-bot-c-/src/BotCore/BotCore.csproj]
/home/runner/work/trading-bot-c-/trading-bot-c-/src/BotCore/Services/ModelVersionVerificationService.cs(333,13): error CA1031: Modify 'GetModelVersionHistoryAsync' to catch a more specific allowed exception type, or rethrow the exception (https://learn.microsoft.com/dotnet/fundamentals/code-analysis/quality-rules/ca1031) [/home/runner/work/trading-bot-c-/trading-bot-c-/src/BotCore/BotCore.csproj]
/home/runner/work/trading-bot-c-/trading-bot-c-/src/BotCore/Services/ModelVersionVerificationService.cs(349,45): error AsyncFixer02: ComputeHashAsync should be used instead of sha256.ComputeHash. (https://github.com/semihokur/AsyncFixer) [/home/runner/work/trading-bot-c-/trading-bot-c-/src/BotCore/BotCore.csproj]
/home/runner/work/trading-bot-c-/trading-bot-c-/src/BotCore/Services/PerformanceTracker.cs(412,13): error CA1848: For improved performance, use the LoggerMessage delegates instead of calling 'LoggerExtensions.LogError(ILogger, Exception?, string?, params object?[])' (https://learn.microsoft.com/dotnet/fundamentals/code-analysis/quality-rules/ca1848) [/home/runner/work/trading-bot-c-/trading-bot-c-/src/BotCore/BotCore.csproj]
/home/runner/work/trading-bot-c-/trading-bot-c-/src/BotCore/Services/PerformanceTracker.cs(418,13): error CA1848: For improved performance, use the LoggerMessage delegates instead of calling 'LoggerExtensions.LogError(ILogger, Exception?, string?, params object?[])' (https://learn.microsoft.com/dotnet/fundamentals/code-analysis/quality-rules/ca1848) [/home/runner/work/trading-bot-c-/trading-bot-c-/src/BotCore/BotCore.csproj]
/home/runner/work/trading-bot-c-/trading-bot-c-/src/BotCore/Services/PerformanceTracker.cs(424,13): error CA1848: For improved performance, use the LoggerMessage delegates instead of calling 'LoggerExtensions.LogError(ILogger, Exception?, string?, params object?[])' (https://learn.microsoft.com/dotnet/fundamentals/code-analysis/quality-rules/ca1848) [/home/runner/work/trading-bot-c-/trading-bot-c-/src/BotCore/BotCore.csproj]
/home/runner/work/trading-bot-c-/trading-bot-c-/src/BotCore/Services/OrderExecutionService.cs(848,17): error CA1848: For improved performance, use the LoggerMessage delegates instead of calling 'LoggerExtensions.LogError(ILogger, Exception?, string?, params object?[])' (https://learn.microsoft.com/dotnet/fundamentals/code-analysis/quality-rules/ca1848) [/home/runner/work/trading-bot-c-/trading-bot-c-/src/BotCore/BotCore.csproj]
/home/runner/work/trading-bot-c-/trading-bot-c-/src/BotCore/Services/OrderExecutionService.cs(846,13): error CA1031: Modify 'GetBrokerPositionsAsync' to catch a more specific allowed exception type, or rethrow the exception (https://learn.microsoft.com/dotnet/fundamentals/code-analysis/quality-rules/ca1031) [/home/runner/work/trading-bot-c-/trading-bot-c-/src/BotCore/BotCore.csproj]
/home/runner/work/trading-bot-c-/trading-bot-c-/src/BotCore/Services/HistoricalDataBridgeService.cs(211,17): error CA1848: For improved performance, use the LoggerMessage delegates instead of calling 'LoggerExtensions.LogDebug(ILogger, string?, params object?[])' (https://learn.microsoft.com/dotnet/fundamentals/code-analysis/quality-rules/ca1848) [/home/runner/work/trading-bot-c-/trading-bot-c-/src/BotCore/BotCore.csproj]
/home/runner/work/trading-bot-c-/trading-bot-c-/src/BotCore/Services/HistoricalDataBridgeService.cs(218,17): error CA1848: For improved performance, use the LoggerMessage delegates instead of calling 'LoggerExtensions.LogError(ILogger, Exception?, string?, params object?[])' (https://learn.microsoft.com/dotnet/fundamentals/code-analysis/quality-rules/ca1848) [/home/runner/work/trading-bot-c-/trading-bot-c-/src/BotCore/BotCore.csproj]
/home/runner/work/trading-bot-c-/trading-bot-c-/src/BotCore/Services/HistoricalDataBridgeService.cs(223,17): error CA1848: For improved performance, use the LoggerMessage delegates instead of calling 'LoggerExtensions.LogError(ILogger, Exception?, string?, params object?[])' (https://learn.microsoft.com/dotnet/fundamentals/code-analysis/quality-rules/ca1848) [/home/runner/work/trading-bot-c-/trading-bot-c-/src/BotCore/BotCore.csproj]
/home/runner/work/trading-bot-c-/trading-bot-c-/src/BotCore/Services/MasterDecisionOrchestrator.cs(656,13): error CA1848: For improved performance, use the LoggerMessage delegates instead of calling 'LoggerExtensions.LogDebug(ILogger, string?, params object?[])' (https://learn.microsoft.com/dotnet/fundamentals/code-analysis/quality-rules/ca1848) [/home/runner/work/trading-bot-c-/trading-bot-c-/src/BotCore/BotCore.csproj]
/home/runner/work/trading-bot-c-/trading-bot-c-/src/BotCore/Services/MasterDecisionOrchestrator.cs(660,13): error CA1848: For improved performance, use the LoggerMessage delegates instead of calling 'LoggerExtensions.LogError(ILogger, Exception?, string?, params object?[])' (https://learn.microsoft.com/dotnet/fundamentals/code-analysis/quality-rules/ca1848) [/home/runner/work/trading-bot-c-/trading-bot-c-/src/BotCore/BotCore.csproj]
/home/runner/work/trading-bot-c-/trading-bot-c-/src/BotCore/Services/MasterDecisionOrchestrator.cs(664,13): error CA1848: For improved performance, use the LoggerMessage delegates instead of calling 'LoggerExtensions.LogError(ILogger, Exception?, string?, params object?[])' (https://learn.microsoft.com/dotnet/fundamentals/code-analysis/quality-rules/ca1848) [/home/runner/work/trading-bot-c-/trading-bot-c-/src/BotCore/BotCore.csproj]
/home/runner/work/trading-bot-c-/trading-bot-c-/src/BotCore/Services/MasterDecisionOrchestrator.cs(677,13): error CA1848: For improved performance, use the LoggerMessage delegates instead of calling 'LoggerExtensions.LogInformation(ILogger, string?, params object?[])' (https://learn.microsoft.com/dotnet/fundamentals/code-analysis/quality-rules/ca1848) [/home/runner/work/trading-bot-c-/trading-bot-c-/src/BotCore/BotCore.csproj]
/home/runner/work/trading-bot-c-/trading-bot-c-/src/BotCore/Services/MasterDecisionOrchestrator.cs(686,13): error CA1848: For improved performance, use the LoggerMessage delegates instead of calling 'LoggerExtensions.LogInformation(ILogger, string?, params object?[])' (https://learn.microsoft.com/dotnet/fundamentals/code-analysis/quality-rules/ca1848) [/home/runner/work/trading-bot-c-/trading-bot-c-/src/BotCore/BotCore.csproj]
/home/runner/work/trading-bot-c-/trading-bot-c-/src/BotCore/Services/ModelEnsembleService.cs(314,13): error CA1848: For improved performance, use the LoggerMessage delegates instead of calling 'LoggerExtensions.LogInformation(ILogger, string?, params object?[])' (https://learn.microsoft.com/dotnet/fundamentals/code-analysis/quality-rules/ca1848) [/home/runner/work/trading-bot-c-/trading-bot-c-/src/BotCore/BotCore.csproj]
/home/runner/work/trading-bot-c-/trading-bot-c-/src/BotCore/Services/ModelEnsembleService.cs(368,17): error CA1848: For improved performance, use the LoggerMessage delegates instead of calling 'LoggerExtensions.LogInformation(ILogger, string?, params object?[])' (https://learn.microsoft.com/dotnet/fundamentals/code-analysis/quality-rules/ca1848) [/home/runner/work/trading-bot-c-/trading-bot-c-/src/BotCore/BotCore.csproj]
/home/runner/work/trading-bot-c-/trading-bot-c-/src/BotCore/Services/ModelEnsembleService.cs(373,17): error CA1848: For improved performance, use the LoggerMessage delegates instead of calling 'LoggerExtensions.LogWarning(ILogger, string?, params object?[])' (https://learn.microsoft.com/dotnet/fundamentals/code-analysis/quality-rules/ca1848) [/home/runner/work/trading-bot-c-/trading-bot-c-/src/BotCore/BotCore.csproj]
/home/runner/work/trading-bot-c-/trading-bot-c-/src/BotCore/Services/ModelEnsembleService.cs(378,13): error CA1848: For improved performance, use the LoggerMessage delegates instead of calling 'LoggerExtensions.LogError(ILogger, Exception?, string?, params object?[])' (https://learn.microsoft.com/dotnet/fundamentals/code-analysis/quality-rules/ca1848) [/home/runner/work/trading-bot-c-/trading-bot-c-/src/BotCore/BotCore.csproj]
/home/runner/work/trading-bot-c-/trading-bot-c-/src/BotCore/Services/ModelEnsembleService.cs(382,13): error CA1848: For improved performance, use the LoggerMessage delegates instead of calling 'LoggerExtensions.LogError(ILogger, Exception?, string?, params object?[])' (https://learn.microsoft.com/dotnet/fundamentals/code-analysis/quality-rules/ca1848) [/home/runner/work/trading-bot-c-/trading-bot-c-/src/BotCore/BotCore.csproj]
/home/runner/work/trading-bot-c-/trading-bot-c-/src/BotCore/Services/ModelEnsembleService.cs(386,13): error CA1848: For improved performance, use the LoggerMessage delegates instead of calling 'LoggerExtensions.LogError(ILogger, Exception?, string?, params object?[])' (https://learn.microsoft.com/dotnet/fundamentals/code-analysis/quality-rules/ca1848) [/home/runner/work/trading-bot-c-/trading-bot-c-/src/BotCore/BotCore.csproj]
/home/runner/work/trading-bot-c-/trading-bot-c-/src/BotCore/Services/ModelEnsembleService.cs(390,13): error CA1848: For improved performance, use the LoggerMessage delegates instead of calling 'LoggerExtensions.LogError(ILogger, Exception?, string?, params object?[])' (https://learn.microsoft.com/dotnet/fundamentals/code-analysis/quality-rules/ca1848) [/home/runner/work/trading-bot-c-/trading-bot-c-/src/BotCore/BotCore.csproj]
/home/runner/work/trading-bot-c-/trading-bot-c-/src/BotCore/Services/MarketConditionAnalyzer.cs(382,9): error CA1848: For improved performance, use the LoggerMessage delegates instead of calling 'LoggerExtensions.LogDebug(ILogger, string?, params object?[])' (https://learn.microsoft.com/dotnet/fundamentals/code-analysis/quality-rules/ca1848) [/home/runner/work/trading-bot-c-/trading-bot-c-/src/BotCore/BotCore.csproj]
/home/runner/work/trading-bot-c-/trading-bot-c-/src/BotCore/Services/OrderExecutionService.cs(872,22): error AsyncFixer03: Avoid unsupported fire-and-forget async-void methods or delegates. Unhandled exceptions will crash the process. (https://github.com/semihokur/AsyncFixer) [/home/runner/work/trading-bot-c-/trading-bot-c-/src/BotCore/BotCore.csproj]
/home/runner/work/trading-bot-c-/trading-bot-c-/src/BotCore/Services/ModelEnsembleService.cs(335,33): error CA2000: Call System.IDisposable.Dispose on object created by 'new CVaRPPO(' before all references to it are out of scope (https://learn.microsoft.com/dotnet/fundamentals/code-analysis/quality-rules/ca2000) [/home/runner/work/trading-bot-c-/trading-bot-c-/src/BotCore/BotCore.csproj]
/home/runner/work/trading-bot-c-/trading-bot-c-/src/BotCore/Services/MasterDecisionOrchestrator.cs(698,9): error S1172: Remove this unused method parameter 'decisionId'. (https://rules.sonarsource.com/csharp/RSPEC-1172) [/home/runner/work/trading-bot-c-/trading-bot-c-/src/BotCore/BotCore.csproj]
/home/runner/work/trading-bot-c-/trading-bot-c-/src/BotCore/Services/OrderExecutionService.cs(878,17): error CA1848: For improved performance, use the LoggerMessage delegates instead of calling 'LoggerExtensions.LogInformation(ILogger, string?, params object?[])' (https://learn.microsoft.com/dotnet/fundamentals/code-analysis/quality-rules/ca1848) [/home/runner/work/trading-bot-c-/trading-bot-c-/src/BotCore/BotCore.csproj]
/home/runner/work/trading-bot-c-/trading-bot-c-/src/BotCore/Services/OrderExecutionService.cs(893,21): error CA1848: For improved performance, use the LoggerMessage delegates instead of calling 'LoggerExtensions.LogInformation(ILogger, string?, params object?[])' (https://learn.microsoft.com/dotnet/fundamentals/code-analysis/quality-rules/ca1848) [/home/runner/work/trading-bot-c-/trading-bot-c-/src/BotCore/BotCore.csproj]
/home/runner/work/trading-bot-c-/trading-bot-c-/src/BotCore/Services/OrderExecutionService.cs(932,17): error CA1848: For improved performance, use the LoggerMessage delegates instead of calling 'LoggerExtensions.LogError(ILogger, Exception?, string?, params object?[])' (https://learn.microsoft.com/dotnet/fundamentals/code-analysis/quality-rules/ca1848) [/home/runner/work/trading-bot-c-/trading-bot-c-/src/BotCore/BotCore.csproj]
/home/runner/work/trading-bot-c-/trading-bot-c-/src/BotCore/Services/MasterDecisionOrchestrator.cs(735,17): error CA1848: For improved performance, use the LoggerMessage delegates instead of calling 'LoggerExtensions.LogInformation(ILogger, string?, params object?[])' (https://learn.microsoft.com/dotnet/fundamentals/code-analysis/quality-rules/ca1848) [/home/runner/work/trading-bot-c-/trading-bot-c-/src/BotCore/BotCore.csproj]
/home/runner/work/trading-bot-c-/trading-bot-c-/src/BotCore/Services/MasterDecisionOrchestrator.cs(742,13): error CA1848: For improved performance, use the LoggerMessage delegates instead of calling 'LoggerExtensions.LogError(ILogger, Exception?, string?, params object?[])' (https://learn.microsoft.com/dotnet/fundamentals/code-analysis/quality-rules/ca1848) [/home/runner/work/trading-bot-c-/trading-bot-c-/src/BotCore/BotCore.csproj]
/home/runner/work/trading-bot-c-/trading-bot-c-/src/BotCore/Services/MasterDecisionOrchestrator.cs(746,13): error CA1848: For improved performance, use the LoggerMessage delegates instead of calling 'LoggerExtensions.LogError(ILogger, Exception?, string?, params object?[])' (https://learn.microsoft.com/dotnet/fundamentals/code-analysis/quality-rules/ca1848) [/home/runner/work/trading-bot-c-/trading-bot-c-/src/BotCore/BotCore.csproj]
/home/runner/work/trading-bot-c-/trading-bot-c-/src/BotCore/Services/ModelVersionVerificationService.cs(381,25): error CA1848: For improved performance, use the LoggerMessage delegates instead of calling 'LoggerExtensions.LogWarning(ILogger, string?, params object?[])' (https://learn.microsoft.com/dotnet/fundamentals/code-analysis/quality-rules/ca1848) [/home/runner/work/trading-bot-c-/trading-bot-c-/src/BotCore/BotCore.csproj]
/home/runner/work/trading-bot-c-/trading-bot-c-/src/BotCore/Services/ModelVersionVerificationService.cs(390,17): error CA1848: For improved performance, use the LoggerMessage delegates instead of calling 'LoggerExtensions.LogError(ILogger, Exception?, string?, params object?[])' (https://learn.microsoft.com/dotnet/fundamentals/code-analysis/quality-rules/ca1848) [/home/runner/work/trading-bot-c-/trading-bot-c-/src/BotCore/BotCore.csproj]
/home/runner/work/trading-bot-c-/trading-bot-c-/src/BotCore/Services/OrderExecutionService.cs(930,13): error CA1031: Modify 'OnOrderFillReceived' to catch a more specific allowed exception type, or rethrow the exception (https://learn.microsoft.com/dotnet/fundamentals/code-analysis/quality-rules/ca1031) [/home/runner/work/trading-bot-c-/trading-bot-c-/src/BotCore/BotCore.csproj]
/home/runner/work/trading-bot-c-/trading-bot-c-/src/BotCore/Services/ModelVersionVerificationService.cs(388,13): error CA1031: Modify 'ValidateSignificantDifferenceAsync' to catch a more specific allowed exception type, or rethrow the exception (https://learn.microsoft.com/dotnet/fundamentals/code-analysis/quality-rules/ca1031) [/home/runner/work/trading-bot-c-/trading-bot-c-/src/BotCore/BotCore.csproj]
/home/runner/work/trading-bot-c-/trading-bot-c-/src/BotCore/Services/PerformanceTracker.cs(443,13): error CA1848: For improved performance, use the LoggerMessage delegates instead of calling 'LoggerExtensions.LogError(ILogger, Exception?, string?, params object?[])' (https://learn.microsoft.com/dotnet/fundamentals/code-analysis/quality-rules/ca1848) [/home/runner/work/trading-bot-c-/trading-bot-c-/src/BotCore/BotCore.csproj]
/home/runner/work/trading-bot-c-/trading-bot-c-/src/BotCore/Services/PerformanceTracker.cs(449,13): error CA1848: For improved performance, use the LoggerMessage delegates instead of calling 'LoggerExtensions.LogError(ILogger, Exception?, string?, params object?[])' (https://learn.microsoft.com/dotnet/fundamentals/code-analysis/quality-rules/ca1848) [/home/runner/work/trading-bot-c-/trading-bot-c-/src/BotCore/BotCore.csproj]
/home/runner/work/trading-bot-c-/trading-bot-c-/src/BotCore/Services/PerformanceTracker.cs(455,13): error CA1848: For improved performance, use the LoggerMessage delegates instead of calling 'LoggerExtensions.LogError(ILogger, Exception?, string?, params object?[])' (https://learn.microsoft.com/dotnet/fundamentals/code-analysis/quality-rules/ca1848) [/home/runner/work/trading-bot-c-/trading-bot-c-/src/BotCore/BotCore.csproj]
/home/runner/work/trading-bot-c-/trading-bot-c-/src/BotCore/Services/IntelligenceService.cs(233,20): error S1541: The Cyclomatic Complexity of this method is 15 which is greater than 10 authorized. (https://rules.sonarsource.com/csharp/RSPEC-1541) [/home/runner/work/trading-bot-c-/trading-bot-c-/src/BotCore/BotCore.csproj]
/home/runner/work/trading-bot-c-/trading-bot-c-/src/BotCore/Services/MarketConditionAnalyzer.cs(425,9): error CA1848: For improved performance, use the LoggerMessage delegates instead of calling 'LoggerExtensions.LogDebug(ILogger, string?, params object?[])' (https://learn.microsoft.com/dotnet/fundamentals/code-analysis/quality-rules/ca1848) [/home/runner/work/trading-bot-c-/trading-bot-c-/src/BotCore/BotCore.csproj]
/home/runner/work/trading-bot-c-/trading-bot-c-/src/BotCore/Services/FeatureDriftMonitorService.cs(78,25): error CA1848: For improved performance, use the LoggerMessage delegates instead of calling 'LoggerExtensions.LogError(ILogger, string?, params object?[])' (https://learn.microsoft.com/dotnet/fundamentals/code-analysis/quality-rules/ca1848) [/home/runner/work/trading-bot-c-/trading-bot-c-/src/BotCore/BotCore.csproj]
/home/runner/work/trading-bot-c-/trading-bot-c-/src/BotCore/Services/FeatureDriftMonitorService.cs(87,21): error CA1848: For improved performance, use the LoggerMessage delegates instead of calling 'LoggerExtensions.LogTrace(ILogger, string?, params object?[])' (https://learn.microsoft.com/dotnet/fundamentals/code-analysis/quality-rules/ca1848) [/home/runner/work/trading-bot-c-/trading-bot-c-/src/BotCore/BotCore.csproj]
/home/runner/work/trading-bot-c-/trading-bot-c-/src/BotCore/Services/FeatureDriftMonitorService.cs(95,17): error CA1848: For improved performance, use the LoggerMessage delegates instead of calling 'LoggerExtensions.LogError(ILogger, Exception?, string?, params object?[])' (https://learn.microsoft.com/dotnet/fundamentals/code-analysis/quality-rules/ca1848) [/home/runner/work/trading-bot-c-/trading-bot-c-/src/BotCore/BotCore.csproj]
/home/runner/work/trading-bot-c-/trading-bot-c-/src/BotCore/Services/FeatureDriftMonitorService.cs(93,13): error CA1031: Modify 'CheckFeatureDriftAsync' to catch a more specific allowed exception type, or rethrow the exception (https://learn.microsoft.com/dotnet/fundamentals/code-analysis/quality-rules/ca1031) [/home/runner/work/trading-bot-c-/trading-bot-c-/src/BotCore/BotCore.csproj]
/home/runner/work/trading-bot-c-/trading-bot-c-/src/BotCore/Services/ModelVersionVerificationService.cs(412,17): error CA1848: For improved performance, use the LoggerMessage delegates instead of calling 'LoggerExtensions.LogError(ILogger, Exception?, string?, params object?[])' (https://learn.microsoft.com/dotnet/fundamentals/code-analysis/quality-rules/ca1848) [/home/runner/work/trading-bot-c-/trading-bot-c-/src/BotCore/BotCore.csproj]
/home/runner/work/trading-bot-c-/trading-bot-c-/src/BotCore/Services/ModelVersionVerificationService.cs(410,13): error CA1031: Modify 'LoadVersionRegistryAsync' to catch a more specific allowed exception type, or rethrow the exception (https://learn.microsoft.com/dotnet/fundamentals/code-analysis/quality-rules/ca1031) [/home/runner/work/trading-bot-c-/trading-bot-c-/src/BotCore/BotCore.csproj]
/home/runner/work/trading-bot-c-/trading-bot-c-/src/BotCore/Services/ModelEnsembleService.cs(417,31): error S3267: Loops should be simplified using the "Where" LINQ method (https://rules.sonarsource.com/csharp/RSPEC-3267) [/home/runner/work/trading-bot-c-/trading-bot-c-/src/BotCore/BotCore.csproj]
/home/runner/work/trading-bot-c-/trading-bot-c-/src/BotCore/Services/HistoricalPatternRecognitionService.cs(164,13): error CA1848: For improved performance, use the LoggerMessage delegates instead of calling 'LoggerExtensions.LogError(ILogger, Exception?, string?, params object?[])' (https://learn.microsoft.com/dotnet/fundamentals/code-analysis/quality-rules/ca1848) [/home/runner/work/trading-bot-c-/trading-bot-c-/src/BotCore/BotCore.csproj]
/home/runner/work/trading-bot-c-/trading-bot-c-/src/BotCore/Services/ModelEnsembleService.cs(413,81): error S1172: Remove this unused method parameter 'cancellationToken'. (https://rules.sonarsource.com/csharp/RSPEC-1172) [/home/runner/work/trading-bot-c-/trading-bot-c-/src/BotCore/BotCore.csproj]
/home/runner/work/trading-bot-c-/trading-bot-c-/src/BotCore/Services/HistoricalPatternRecognitionService.cs(162,9): error CA1031: Modify 'ExplainSimilarConditionsAsync' to catch a more specific allowed exception type, or rethrow the exception (https://learn.microsoft.com/dotnet/fundamentals/code-analysis/quality-rules/ca1031) [/home/runner/work/trading-bot-c-/trading-bot-c-/src/BotCore/BotCore.csproj]
/home/runner/work/trading-bot-c-/trading-bot-c-/src/BotCore/Services/ModelEnsembleService.cs(431,21): error CA1848: For improved performance, use the LoggerMessage delegates instead of calling 'LoggerExtensions.LogDebug(ILogger, string?, params object?[])' (https://learn.microsoft.com/dotnet/fundamentals/code-analysis/quality-rules/ca1848) [/home/runner/work/trading-bot-c-/trading-bot-c-/src/BotCore/BotCore.csproj]
/home/runner/work/trading-bot-c-/trading-bot-c-/src/BotCore/Services/UnifiedPositionManagementService.cs(2708,25): error CA1848: For improved performance, use the LoggerMessage delegates instead of calling 'LoggerExtensions.LogInformation(ILogger, string?, params object?[])' (https://learn.microsoft.com/dotnet/fundamentals/code-analysis/quality-rules/ca1848) [/home/runner/work/trading-bot-c-/trading-bot-c-/src/BotCore/BotCore.csproj]
/home/runner/work/trading-bot-c-/trading-bot-c-/src/BotCore/Services/UnifiedPositionManagementService.cs(2713,21): error CA1848: For improved performance, use the LoggerMessage delegates instead of calling 'LoggerExtensions.LogError(ILogger, Exception?, string?, params object?[])' (https://learn.microsoft.com/dotnet/fundamentals/code-analysis/quality-rules/ca1848) [/home/runner/work/trading-bot-c-/trading-bot-c-/src/BotCore/BotCore.csproj]
/home/runner/work/trading-bot-c-/trading-bot-c-/src/BotCore/Services/UnifiedPositionManagementService.cs(2711,17): error CA1031: Modify 'ExplainDynamicTargetAdjustmentFireAndForget' to catch a more specific allowed exception type, or rethrow the exception (https://learn.microsoft.com/dotnet/fundamentals/code-analysis/quality-rules/ca1031) [/home/runner/work/trading-bot-c-/trading-bot-c-/src/BotCore/BotCore.csproj]
/home/runner/work/trading-bot-c-/trading-bot-c-/src/BotCore/Services/ModelVersionVerificationService.cs(429,17): error CA1848: For improved performance, use the LoggerMessage delegates instead of calling 'LoggerExtensions.LogError(ILogger, Exception?, string?, params object?[])' (https://learn.microsoft.com/dotnet/fundamentals/code-analysis/quality-rules/ca1848) [/home/runner/work/trading-bot-c-/trading-bot-c-/src/BotCore/BotCore.csproj]
/home/runner/work/trading-bot-c-/trading-bot-c-/src/BotCore/Services/ModelVersionVerificationService.cs(427,13): error CA1031: Modify 'SaveVersionRegistryAsync' to catch a more specific allowed exception type, or rethrow the exception (https://learn.microsoft.com/dotnet/fundamentals/code-analysis/quality-rules/ca1031) [/home/runner/work/trading-bot-c-/trading-bot-c-/src/BotCore/BotCore.csproj]
/home/runner/work/trading-bot-c-/trading-bot-c-/src/BotCore/Services/HistoricalDataBridgeService.cs(237,17): error CA1848: For improved performance, use the LoggerMessage delegates instead of calling 'LoggerExtensions.LogDebug(ILogger, string?, params object?[])' (https://learn.microsoft.com/dotnet/fundamentals/code-analysis/quality-rules/ca1848) [/home/runner/work/trading-bot-c-/trading-bot-c-/src/BotCore/BotCore.csproj]
/home/runner/work/trading-bot-c-/trading-bot-c-/src/BotCore/Services/HistoricalDataBridgeService.cs(243,21): error CA1848: For improved performance, use the LoggerMessage delegates instead of calling 'LoggerExtensions.LogWarning(ILogger, string?, params object?[])' (https://learn.microsoft.com/dotnet/fundamentals/code-analysis/quality-rules/ca1848) [/home/runner/work/trading-bot-c-/trading-bot-c-/src/BotCore/BotCore.csproj]
/home/runner/work/trading-bot-c-/trading-bot-c-/src/BotCore/Services/HistoricalDataBridgeService.cs(260,21): error CA1848: For improved performance, use the LoggerMessage delegates instead of calling 'LoggerExtensions.LogError(ILogger, string?, params object?[])' (https://learn.microsoft.com/dotnet/fundamentals/code-analysis/quality-rules/ca1848) [/home/runner/work/trading-bot-c-/trading-bot-c-/src/BotCore/BotCore.csproj]
/home/runner/work/trading-bot-c-/trading-bot-c-/src/BotCore/Services/HistoricalDataBridgeService.cs(270,21): error CA1848: For improved performance, use the LoggerMessage delegates instead of calling 'LoggerExtensions.LogWarning(ILogger, string?, params object?[])' (https://learn.microsoft.com/dotnet/fundamentals/code-analysis/quality-rules/ca1848) [/home/runner/work/trading-bot-c-/trading-bot-c-/src/BotCore/BotCore.csproj]
/home/runner/work/trading-bot-c-/trading-bot-c-/src/BotCore/Services/HistoricalDataBridgeService.cs(276,21): error CA1848: For improved performance, use the LoggerMessage delegates instead of calling 'LoggerExtensions.LogWarning(ILogger, string?, params object?[])' (https://learn.microsoft.com/dotnet/fundamentals/code-analysis/quality-rules/ca1848) [/home/runner/work/trading-bot-c-/trading-bot-c-/src/BotCore/BotCore.csproj]
/home/runner/work/trading-bot-c-/trading-bot-c-/src/BotCore/Services/HistoricalDataBridgeService.cs(307,25): error CA1848: For improved performance, use the LoggerMessage delegates instead of calling 'LoggerExtensions.LogWarning(ILogger, Exception?, string?, params object?[])' (https://learn.microsoft.com/dotnet/fundamentals/code-analysis/quality-rules/ca1848) [/home/runner/work/trading-bot-c-/trading-bot-c-/src/BotCore/BotCore.csproj]
/home/runner/work/trading-bot-c-/trading-bot-c-/src/BotCore/Services/HistoricalDataBridgeService.cs(312,17): error CA1848: For improved performance, use the LoggerMessage delegates instead of calling 'LoggerExtensions.LogInformation(ILogger, string?, params object?[])' (https://learn.microsoft.com/dotnet/fundamentals/code-analysis/quality-rules/ca1848) [/home/runner/work/trading-bot-c-/trading-bot-c-/src/BotCore/BotCore.csproj]
/home/runner/work/trading-bot-c-/trading-bot-c-/src/BotCore/Services/HistoricalDataBridgeService.cs(317,17): error CA1848: For improved performance, use the LoggerMessage delegates instead of calling 'LoggerExtensions.LogError(ILogger, Exception?, string?, params object?[])' (https://learn.microsoft.com/dotnet/fundamentals/code-analysis/quality-rules/ca1848) [/home/runner/work/trading-bot-c-/trading-bot-c-/src/BotCore/BotCore.csproj]
/home/runner/work/trading-bot-c-/trading-bot-c-/src/BotCore/Services/OrderExecutionService.cs(970,21): error CA1848: For improved performance, use the LoggerMessage delegates instead of calling 'LoggerExtensions.LogInformation(ILogger, string?, params object?[])' (https://learn.microsoft.com/dotnet/fundamentals/code-analysis/quality-rules/ca1848) [/home/runner/work/trading-bot-c-/trading-bot-c-/src/BotCore/BotCore.csproj]
/home/runner/work/trading-bot-c-/trading-bot-c-/src/BotCore/Services/OrderExecutionService.cs(982,25): error CA1848: For improved performance, use the LoggerMessage delegates instead of calling 'LoggerExtensions.LogInformation(ILogger, string?, params object?[])' (https://learn.microsoft.com/dotnet/fundamentals/code-analysis/quality-rules/ca1848) [/home/runner/work/trading-bot-c-/trading-bot-c-/src/BotCore/BotCore.csproj]
/home/runner/work/trading-bot-c-/trading-bot-c-/src/BotCore/Services/OrderExecutionService.cs(996,21): error CA1848: For improved performance, use the LoggerMessage delegates instead of calling 'LoggerExtensions.LogInformation(ILogger, string?, params object?[])' (https://learn.microsoft.com/dotnet/fundamentals/code-analysis/quality-rules/ca1848) [/home/runner/work/trading-bot-c-/trading-bot-c-/src/BotCore/BotCore.csproj]
/home/runner/work/trading-bot-c-/trading-bot-c-/src/BotCore/Services/OrderExecutionService.cs(1007,17): error CA1848: For improved performance, use the LoggerMessage delegates instead of calling 'LoggerExtensions.LogWarning(ILogger, string?, params object?[])' (https://learn.microsoft.com/dotnet/fundamentals/code-analysis/quality-rules/ca1848) [/home/runner/work/trading-bot-c-/trading-bot-c-/src/BotCore/BotCore.csproj]
/home/runner/work/trading-bot-c-/trading-bot-c-/src/BotCore/Services/MasterDecisionOrchestrator.cs(824,13): error CA1848: For improved performance, use the LoggerMessage delegates instead of calling 'LoggerExtensions.LogDebug(ILogger, string?, params object?[])' (https://learn.microsoft.com/dotnet/fundamentals/code-analysis/quality-rules/ca1848) [/home/runner/work/trading-bot-c-/trading-bot-c-/src/BotCore/BotCore.csproj]
/home/runner/work/trading-bot-c-/trading-bot-c-/src/BotCore/Services/HistoricalDataBridgeService.cs(305,21): error CA1031: Modify 'TryGetSdkAdapterBarsAsync' to catch a more specific allowed exception type, or rethrow the exception (https://learn.microsoft.com/dotnet/fundamentals/code-analysis/quality-rules/ca1031) [/home/runner/work/trading-bot-c-/trading-bot-c-/src/BotCore/BotCore.csproj]
/home/runner/work/trading-bot-c-/trading-bot-c-/src/BotCore/Services/HistoricalDataBridgeService.cs(315,13): error CA1031: Modify 'TryGetSdkAdapterBarsAsync' to catch a more specific allowed exception type, or rethrow the exception (https://learn.microsoft.com/dotnet/fundamentals/code-analysis/quality-rules/ca1031) [/home/runner/work/trading-bot-c-/trading-bot-c-/src/BotCore/BotCore.csproj]
/home/runner/work/trading-bot-c-/trading-bot-c-/src/BotCore/Services/ModelVersionVerificationService.cs(450,25): error CA1848: For improved performance, use the LoggerMessage delegates instead of calling 'LoggerExtensions.LogInformation(ILogger, string?, params object?[])' (https://learn.microsoft.com/dotnet/fundamentals/code-analysis/quality-rules/ca1848) [/home/runner/work/trading-bot-c-/trading-bot-c-/src/BotCore/BotCore.csproj]
/home/runner/work/trading-bot-c-/trading-bot-c-/src/BotCore/Services/ModelVersionVerificationService.cs(456,17): error CA1848: For improved performance, use the LoggerMessage delegates instead of calling 'LoggerExtensions.LogError(ILogger, Exception?, string?, params object?[])' (https://learn.microsoft.com/dotnet/fundamentals/code-analysis/quality-rules/ca1848) [/home/runner/work/trading-bot-c-/trading-bot-c-/src/BotCore/BotCore.csproj]
/home/runner/work/trading-bot-c-/trading-bot-c-/src/BotCore/Services/MasterDecisionOrchestrator.cs(842,17): error CA1848: For improved performance, use the LoggerMessage delegates instead of calling 'LoggerExtensions.LogInformation(ILogger, string?, params object?[])' (https://learn.microsoft.com/dotnet/fundamentals/code-analysis/quality-rules/ca1848) [/home/runner/work/trading-bot-c-/trading-bot-c-/src/BotCore/BotCore.csproj]
/home/runner/work/trading-bot-c-/trading-bot-c-/src/BotCore/Services/ModelVersionVerificationService.cs(454,13): error CA1031: Modify 'CleanOldVersionsAsync' to catch a more specific allowed exception type, or rethrow the exception (https://learn.microsoft.com/dotnet/fundamentals/code-analysis/quality-rules/ca1031) [/home/runner/work/trading-bot-c-/trading-bot-c-/src/BotCore/BotCore.csproj]
/home/runner/work/trading-bot-c-/trading-bot-c-/src/BotCore/Services/FeatureDriftMonitorService.cs(150,17): error CA1848: For improved performance, use the LoggerMessage delegates instead of calling 'LoggerExtensions.LogInformation(ILogger, string?, params object?[])' (https://learn.microsoft.com/dotnet/fundamentals/code-analysis/quality-rules/ca1848) [/home/runner/work/trading-bot-c-/trading-bot-c-/src/BotCore/BotCore.csproj]
/home/runner/work/trading-bot-c-/trading-bot-c-/src/BotCore/Services/PerformanceTracker.cs(474,13): error CA1848: For improved performance, use the LoggerMessage delegates instead of calling 'LoggerExtensions.LogError(ILogger, Exception?, string?, params object?[])' (https://learn.microsoft.com/dotnet/fundamentals/code-analysis/quality-rules/ca1848) [/home/runner/work/trading-bot-c-/trading-bot-c-/src/BotCore/BotCore.csproj]
/home/runner/work/trading-bot-c-/trading-bot-c-/src/BotCore/Services/PerformanceTracker.cs(480,13): error CA1848: For improved performance, use the LoggerMessage delegates instead of calling 'LoggerExtensions.LogError(ILogger, Exception?, string?, params object?[])' (https://learn.microsoft.com/dotnet/fundamentals/code-analysis/quality-rules/ca1848) [/home/runner/work/trading-bot-c-/trading-bot-c-/src/BotCore/BotCore.csproj]
/home/runner/work/trading-bot-c-/trading-bot-c-/src/BotCore/Services/PerformanceTracker.cs(486,13): error CA1848: For improved performance, use the LoggerMessage delegates instead of calling 'LoggerExtensions.LogError(ILogger, Exception?, string?, params object?[])' (https://learn.microsoft.com/dotnet/fundamentals/code-analysis/quality-rules/ca1848) [/home/runner/work/trading-bot-c-/trading-bot-c-/src/BotCore/BotCore.csproj]
/home/runner/work/trading-bot-c-/trading-bot-c-/src/BotCore/Services/HistoricalPatternRecognitionService.cs(193,24): error S1244: Do not check floating point equality with exact values, use a range instead. (https://rules.sonarsource.com/csharp/RSPEC-1244) [/home/runner/work/trading-bot-c-/trading-bot-c-/src/BotCore/BotCore.csproj]
/home/runner/work/trading-bot-c-/trading-bot-c-/src/BotCore/Services/HistoricalPatternRecognitionService.cs(193,46): error S1244: Do not check floating point equality with exact values, use a range instead. (https://rules.sonarsource.com/csharp/RSPEC-1244) [/home/runner/work/trading-bot-c-/trading-bot-c-/src/BotCore/BotCore.csproj]
/home/runner/work/trading-bot-c-/trading-bot-c-/src/BotCore/Services/ModelEnsembleService.cs(442,25): error S1541: The Cyclomatic Complexity of this method is 11 which is greater than 10 authorized. (https://rules.sonarsource.com/csharp/RSPEC-1541) [/home/runner/work/trading-bot-c-/trading-bot-c-/src/BotCore/BotCore.csproj]
/home/runner/work/trading-bot-c-/trading-bot-c-/src/BotCore/Services/MarketConditionAnalyzer.cs(538,9): error CA1031: Modify 'GetEasternTime' to catch a more specific allowed exception type, or rethrow the exception (https://learn.microsoft.com/dotnet/fundamentals/code-analysis/quality-rules/ca1031) [/home/runner/work/trading-bot-c-/trading-bot-c-/src/BotCore/BotCore.csproj]
/home/runner/work/trading-bot-c-/trading-bot-c-/src/BotCore/Services/MasterDecisionOrchestrator.cs(863,24): error S1541: The Cyclomatic Complexity of this method is 14 which is greater than 10 authorized. (https://rules.sonarsource.com/csharp/RSPEC-1541) [/home/runner/work/trading-bot-c-/trading-bot-c-/src/BotCore/BotCore.csproj]
/home/runner/work/trading-bot-c-/trading-bot-c-/src/BotCore/Services/MasterDecisionOrchestrator.cs(888,13): error CA1848: For improved performance, use the LoggerMessage delegates instead of calling 'LoggerExtensions.LogInformation(ILogger, string?, params object?[])' (https://learn.microsoft.com/dotnet/fundamentals/code-analysis/quality-rules/ca1848) [/home/runner/work/trading-bot-c-/trading-bot-c-/src/BotCore/BotCore.csproj]
/home/runner/work/trading-bot-c-/trading-bot-c-/src/BotCore/Services/MasterDecisionOrchestrator.cs(896,9): error CA1848: For improved performance, use the LoggerMessage delegates instead of calling 'LoggerExtensions.LogInformation(ILogger, string?, params object?[])' (https://learn.microsoft.com/dotnet/fundamentals/code-analysis/quality-rules/ca1848) [/home/runner/work/trading-bot-c-/trading-bot-c-/src/BotCore/BotCore.csproj]
/home/runner/work/trading-bot-c-/trading-bot-c-/src/BotCore/Services/MasterDecisionOrchestrator.cs(909,13): error CA1848: For improved performance, use the LoggerMessage delegates instead of calling 'LoggerExtensions.LogError(ILogger, string?, params object?[])' (https://learn.microsoft.com/dotnet/fundamentals/code-analysis/quality-rules/ca1848) [/home/runner/work/trading-bot-c-/trading-bot-c-/src/BotCore/BotCore.csproj]
/home/runner/work/trading-bot-c-/trading-bot-c-/src/BotCore/Services/MasterDecisionOrchestrator.cs(918,13): error CA1848: For improved performance, use the LoggerMessage delegates instead of calling 'LoggerExtensions.LogInformation(ILogger, string?, params object?[])' (https://learn.microsoft.com/dotnet/fundamentals/code-analysis/quality-rules/ca1848) [/home/runner/work/trading-bot-c-/trading-bot-c-/src/BotCore/BotCore.csproj]
/home/runner/work/trading-bot-c-/trading-bot-c-/src/BotCore/Services/OrderExecutionService.cs(1039,17): error CA1848: For improved performance, use the LoggerMessage delegates instead of calling 'LoggerExtensions.LogWarning(ILogger, string?, params object?[])' (https://learn.microsoft.com/dotnet/fundamentals/code-analysis/quality-rules/ca1848) [/home/runner/work/trading-bot-c-/trading-bot-c-/src/BotCore/BotCore.csproj]
/home/runner/work/trading-bot-c-/trading-bot-c-/src/BotCore/Services/OrderExecutionService.cs(1045,17): error CA1848: For improved performance, use the LoggerMessage delegates instead of calling 'LoggerExtensions.LogInformation(ILogger, string?, params object?[])' (https://learn.microsoft.com/dotnet/fundamentals/code-analysis/quality-rules/ca1848) [/home/runner/work/trading-bot-c-/trading-bot-c-/src/BotCore/BotCore.csproj]
/home/runner/work/trading-bot-c-/trading-bot-c-/src/BotCore/Services/OrderExecutionService.cs(1060,21): error CA1848: For improved performance, use the LoggerMessage delegates instead of calling 'LoggerExtensions.LogError(ILogger, string?, params object?[])' (https://learn.microsoft.com/dotnet/fundamentals/code-analysis/quality-rules/ca1848) [/home/runner/work/trading-bot-c-/trading-bot-c-/src/BotCore/BotCore.csproj]
/home/runner/work/trading-bot-c-/trading-bot-c-/src/BotCore/Services/OrderExecutionService.cs(1071,21): error CA1848: For improved performance, use the LoggerMessage delegates instead of calling 'LoggerExtensions.LogError(ILogger, string?, params object?[])' (https://learn.microsoft.com/dotnet/fundamentals/code-analysis/quality-rules/ca1848) [/home/runner/work/trading-bot-c-/trading-bot-c-/src/BotCore/BotCore.csproj]
/home/runner/work/trading-bot-c-/trading-bot-c-/src/BotCore/Services/OrderExecutionService.cs(1089,17): error CA1848: For improved performance, use the LoggerMessage delegates instead of calling 'LoggerExtensions.LogInformation(ILogger, string?, params object?[])' (https://learn.microsoft.com/dotnet/fundamentals/code-analysis/quality-rules/ca1848) [/home/runner/work/trading-bot-c-/trading-bot-c-/src/BotCore/BotCore.csproj]
/home/runner/work/trading-bot-c-/trading-bot-c-/src/BotCore/Services/OrderExecutionService.cs(1096,17): error CA1848: For improved performance, use the LoggerMessage delegates instead of calling 'LoggerExtensions.LogError(ILogger, Exception?, string?, params object?[])' (https://learn.microsoft.com/dotnet/fundamentals/code-analysis/quality-rules/ca1848) [/home/runner/work/trading-bot-c-/trading-bot-c-/src/BotCore/BotCore.csproj]
/home/runner/work/trading-bot-c-/trading-bot-c-/src/BotCore/Services/FeatureDriftMonitorService.cs(201,17): error CA1848: For improved performance, use the LoggerMessage delegates instead of calling 'LoggerExtensions.LogError(ILogger, Exception?, string?, params object?[])' (https://learn.microsoft.com/dotnet/fundamentals/code-analysis/quality-rules/ca1848) [/home/runner/work/trading-bot-c-/trading-bot-c-/src/BotCore/BotCore.csproj]
/home/runner/work/trading-bot-c-/trading-bot-c-/src/BotCore/Services/FeatureDriftMonitorService.cs(199,13): error CA1031: Modify 'AddFeatureValueCore' to catch a more specific allowed exception type, or rethrow the exception (https://learn.microsoft.com/dotnet/fundamentals/code-analysis/quality-rules/ca1031) [/home/runner/work/trading-bot-c-/trading-bot-c-/src/BotCore/BotCore.csproj]
/home/runner/work/trading-bot-c-/trading-bot-c-/src/BotCore/Services/OrderExecutionService.cs(1094,13): error CA1031: Modify 'PlaceOcoOrderAsync' to catch a more specific allowed exception type, or rethrow the exception (https://learn.microsoft.com/dotnet/fundamentals/code-analysis/quality-rules/ca1031) [/home/runner/work/trading-bot-c-/trading-bot-c-/src/BotCore/BotCore.csproj]
/home/runner/work/trading-bot-c-/trading-bot-c-/src/BotCore/Services/EnhancedTradingBrainIntegration.cs(118,9): error CA1848: For improved performance, use the LoggerMessage delegates instead of calling 'LoggerExtensions.LogInformation(ILogger, string?, params object?[])' (https://learn.microsoft.com/dotnet/fundamentals/code-analysis/quality-rules/ca1848) [/home/runner/work/trading-bot-c-/trading-bot-c-/src/BotCore/BotCore.csproj]
/home/runner/work/trading-bot-c-/trading-bot-c-/src/BotCore/Services/FeatureDriftMonitorService.cs(212,21): error CA1848: For improved performance, use the LoggerMessage delegates instead of calling 'LoggerExtensions.LogError(ILogger, string?, params object?[])' (https://learn.microsoft.com/dotnet/fundamentals/code-analysis/quality-rules/ca1848) [/home/runner/work/trading-bot-c-/trading-bot-c-/src/BotCore/BotCore.csproj]
/home/runner/work/trading-bot-c-/trading-bot-c-/src/BotCore/Services/GenericHealthCheckService.cs(297,9): error S1172: Remove this unused method parameter 'cancellationToken'. (https://rules.sonarsource.com/csharp/RSPEC-1172) [/home/runner/work/trading-bot-c-/trading-bot-c-/src/BotCore/BotCore.csproj]
/home/runner/work/trading-bot-c-/trading-bot-c-/src/BotCore/Services/ExecutionAnalyzer.cs(73,13): error CA1848: For improved performance, use the LoggerMessage delegates instead of calling 'LoggerExtensions.LogInformation(ILogger, string?, params object?[])' (https://learn.microsoft.com/dotnet/fundamentals/code-analysis/quality-rules/ca1848) [/home/runner/work/trading-bot-c-/trading-bot-c-/src/BotCore/BotCore.csproj]
/home/runner/work/trading-bot-c-/trading-bot-c-/src/BotCore/Services/ExecutionAnalyzer.cs(81,13): error CA1848: For improved performance, use the LoggerMessage delegates instead of calling 'LoggerExtensions.LogError(ILogger, Exception?, string?, params object?[])' (https://learn.microsoft.com/dotnet/fundamentals/code-analysis/quality-rules/ca1848) [/home/runner/work/trading-bot-c-/trading-bot-c-/src/BotCore/BotCore.csproj]
/home/runner/work/trading-bot-c-/trading-bot-c-/src/BotCore/Services/ExecutionAnalyzer.cs(85,13): error CA1848: For improved performance, use the LoggerMessage delegates instead of calling 'LoggerExtensions.LogError(ILogger, Exception?, string?, params object?[])' (https://learn.microsoft.com/dotnet/fundamentals/code-analysis/quality-rules/ca1848) [/home/runner/work/trading-bot-c-/trading-bot-c-/src/BotCore/BotCore.csproj]
/home/runner/work/trading-bot-c-/trading-bot-c-/src/BotCore/Services/ExecutionAnalyzer.cs(89,13): error CA1848: For improved performance, use the LoggerMessage delegates instead of calling 'LoggerExtensions.LogError(ILogger, Exception?, string?, params object?[])' (https://learn.microsoft.com/dotnet/fundamentals/code-analysis/quality-rules/ca1848) [/home/runner/work/trading-bot-c-/trading-bot-c-/src/BotCore/BotCore.csproj]
/home/runner/work/trading-bot-c-/trading-bot-c-/src/BotCore/Services/ExecutionAnalyzer.cs(93,13): error CA1848: For improved performance, use the LoggerMessage delegates instead of calling 'LoggerExtensions.LogError(ILogger, Exception?, string?, params object?[])' (https://learn.microsoft.com/dotnet/fundamentals/code-analysis/quality-rules/ca1848) [/home/runner/work/trading-bot-c-/trading-bot-c-/src/BotCore/BotCore.csproj]
/home/runner/work/trading-bot-c-/trading-bot-c-/src/BotCore/Services/ExecutionAnalyticsService.cs(49,21): error CA1848: For improved performance, use the LoggerMessage delegates instead of calling 'LoggerExtensions.LogWarning(ILogger, string?, params object?[])' (https://learn.microsoft.com/dotnet/fundamentals/code-analysis/quality-rules/ca1848) [/home/runner/work/trading-bot-c-/trading-bot-c-/src/BotCore/BotCore.csproj]
/home/runner/work/trading-bot-c-/trading-bot-c-/src/BotCore/Services/ExecutionAnalyticsService.cs(55,17): error CA1848: For improved performance, use the LoggerMessage delegates instead of calling 'LoggerExtensions.LogTrace(ILogger, string?, params object?[])' (https://learn.microsoft.com/dotnet/fundamentals/code-analysis/quality-rules/ca1848) [/home/runner/work/trading-bot-c-/trading-bot-c-/src/BotCore/BotCore.csproj]
/home/runner/work/trading-bot-c-/trading-bot-c-/src/BotCore/Services/FeatureDriftMonitorService.cs(246,29): error CA1848: For improved performance, use the LoggerMessage delegates instead of calling 'LoggerExtensions.LogWarning(ILogger, string?, params object?[])' (https://learn.microsoft.com/dotnet/fundamentals/code-analysis/quality-rules/ca1848) [/home/runner/work/trading-bot-c-/trading-bot-c-/src/BotCore/BotCore.csproj]
/home/runner/work/trading-bot-c-/trading-bot-c-/src/BotCore/Services/HistoricalDataBridgeService.cs(364,66): error S1075: Refactor your code not to use hardcoded absolute paths or URIs. (https://rules.sonarsource.com/csharp/RSPEC-1075) [/home/runner/work/trading-bot-c-/trading-bot-c-/src/BotCore/BotCore.csproj]
/home/runner/work/trading-bot-c-/trading-bot-c-/src/BotCore/Services/HistoricalDataBridgeService.cs(403,107): error S1172: Remove this unused method parameter 'barCount'. (https://rules.sonarsource.com/csharp/RSPEC-1172) [/home/runner/work/trading-bot-c-/trading-bot-c-/src/BotCore/BotCore.csproj]
/home/runner/work/trading-bot-c-/trading-bot-c-/src/BotCore/Services/HistoricalDataBridgeService.cs(378,69): error CA1845: Use span-based 'string.Concat' and 'AsSpan' instead of 'Substring' (https://learn.microsoft.com/dotnet/fundamentals/code-analysis/quality-rules/ca1845) [/home/runner/work/trading-bot-c-/trading-bot-c-/src/BotCore/BotCore.csproj]
/home/runner/work/trading-bot-c-/trading-bot-c-/src/BotCore/Services/HistoricalDataBridgeService.cs(334,21): error CA1848: For improved performance, use the LoggerMessage delegates instead of calling 'LoggerExtensions.LogDebug(ILogger, string?, params object?[])' (https://learn.microsoft.com/dotnet/fundamentals/code-analysis/quality-rules/ca1848) [/home/runner/work/trading-bot-c-/trading-bot-c-/src/BotCore/BotCore.csproj]
/home/runner/work/trading-bot-c-/trading-bot-c-/src/BotCore/Services/HistoricalDataBridgeService.cs(355,17): error CA1848: For improved performance, use the LoggerMessage delegates instead of calling 'LoggerExtensions.LogDebug(ILogger, string?, params object?[])' (https://learn.microsoft.com/dotnet/fundamentals/code-analysis/quality-rules/ca1848) [/home/runner/work/trading-bot-c-/trading-bot-c-/src/BotCore/BotCore.csproj]
/home/runner/work/trading-bot-c-/trading-bot-c-/src/BotCore/Services/HistoricalDataBridgeService.cs(369,21): error CA1848: For improved performance, use the LoggerMessage delegates instead of calling 'LoggerExtensions.LogWarning(ILogger, string?, params object?[])' (https://learn.microsoft.com/dotnet/fundamentals/code-analysis/quality-rules/ca1848) [/home/runner/work/trading-bot-c-/trading-bot-c-/src/BotCore/BotCore.csproj]
/home/runner/work/trading-bot-c-/trading-bot-c-/src/BotCore/Services/HistoricalDataBridgeService.cs(375,17): error CA1848: For improved performance, use the LoggerMessage delegates instead of calling 'LoggerExtensions.LogDebug(ILogger, string?, params object?[])' (https://learn.microsoft.com/dotnet/fundamentals/code-analysis/quality-rules/ca1848) [/home/runner/work/trading-bot-c-/trading-bot-c-/src/BotCore/BotCore.csproj]
/home/runner/work/trading-bot-c-/trading-bot-c-/src/BotCore/Services/HistoricalDataBridgeService.cs(379,17): error CA1848: For improved performance, use the LoggerMessage delegates instead of calling 'LoggerExtensions.LogInformation(ILogger, string?, params object?[])' (https://learn.microsoft.com/dotnet/fundamentals/code-analysis/quality-rules/ca1848) [/home/runner/work/trading-bot-c-/trading-bot-c-/src/BotCore/BotCore.csproj]
/home/runner/work/trading-bot-c-/trading-bot-c-/src/BotCore/Services/HistoricalDataBridgeService.cs(389,21): error CA1848: For improved performance, use the LoggerMessage delegates instead of calling 'LoggerExtensions.LogInformation(ILogger, string?, params object?[])' (https://learn.microsoft.com/dotnet/fundamentals/code-analysis/quality-rules/ca1848) [/home/runner/work/trading-bot-c-/trading-bot-c-/src/BotCore/BotCore.csproj]
/home/runner/work/trading-bot-c-/trading-bot-c-/src/BotCore/Services/HistoricalDataBridgeService.cs(398,17): error CA1848: For improved performance, use the LoggerMessage delegates instead of calling 'LoggerExtensions.LogError(ILogger, Exception?, string?, params object?[])' (https://learn.microsoft.com/dotnet/fundamentals/code-analysis/quality-rules/ca1848) [/home/runner/work/trading-bot-c-/trading-bot-c-/src/BotCore/BotCore.csproj]
/home/runner/work/trading-bot-c-/trading-bot-c-/src/BotCore/Services/HistoricalDataBridgeService.cs(414,17): error CA1848: For improved performance, use the LoggerMessage delegates instead of calling 'LoggerExtensions.LogDebug(ILogger, Exception?, string?, params object?[])' (https://learn.microsoft.com/dotnet/fundamentals/code-analysis/quality-rules/ca1848) [/home/runner/work/trading-bot-c-/trading-bot-c-/src/BotCore/BotCore.csproj]
/home/runner/work/trading-bot-c-/trading-bot-c-/src/BotCore/Services/HistoricalDataBridgeService.cs(412,13): error CA1031: Modify 'TryGetCorrelationManagerBarsAsync' to catch a more specific allowed exception type, or rethrow the exception (https://learn.microsoft.com/dotnet/fundamentals/code-analysis/quality-rules/ca1031) [/home/runner/work/trading-bot-c-/trading-bot-c-/src/BotCore/BotCore.csproj]
/home/runner/work/trading-bot-c-/trading-bot-c-/src/BotCore/Services/HistoricalDataBridgeService.cs(396,13): error CA1031: Modify 'TryGetTopstepXBarsAsync' to catch a more specific allowed exception type, or rethrow the exception (https://learn.microsoft.com/dotnet/fundamentals/code-analysis/quality-rules/ca1031) [/home/runner/work/trading-bot-c-/trading-bot-c-/src/BotCore/BotCore.csproj]
/home/runner/work/trading-bot-c-/trading-bot-c-/src/BotCore/Services/ExecutionAnalyticsService.cs(77,21): error CA1848: For improved performance, use the LoggerMessage delegates instead of calling 'LoggerExtensions.LogWarning(ILogger, string?, params object?[])' (https://learn.microsoft.com/dotnet/fundamentals/code-analysis/quality-rules/ca1848) [/home/runner/work/trading-bot-c-/trading-bot-c-/src/BotCore/BotCore.csproj]
/home/runner/work/trading-bot-c-/trading-bot-c-/src/BotCore/Services/ExecutionAnalyticsService.cs(83,17): error CA1848: For improved performance, use the LoggerMessage delegates instead of calling 'LoggerExtensions.LogTrace(ILogger, string?, params object?[])' (https://learn.microsoft.com/dotnet/fundamentals/code-analysis/quality-rules/ca1848) [/home/runner/work/trading-bot-c-/trading-bot-c-/src/BotCore/BotCore.csproj]
/home/runner/work/trading-bot-c-/trading-bot-c-/src/BotCore/Services/ExecutionAnalyzer.cs(121,13): error CA1848: For improved performance, use the LoggerMessage delegates instead of calling 'LoggerExtensions.LogInformation(ILogger, string?, params object?[])' (https://learn.microsoft.com/dotnet/fundamentals/code-analysis/quality-rules/ca1848) [/home/runner/work/trading-bot-c-/trading-bot-c-/src/BotCore/BotCore.csproj]
/home/runner/work/trading-bot-c-/trading-bot-c-/src/BotCore/Services/ExecutionAnalyzer.cs(129,13): error CA1848: For improved performance, use the LoggerMessage delegates instead of calling 'LoggerExtensions.LogError(ILogger, Exception?, string?, params object?[])' (https://learn.microsoft.com/dotnet/fundamentals/code-analysis/quality-rules/ca1848) [/home/runner/work/trading-bot-c-/trading-bot-c-/src/BotCore/BotCore.csproj]
/home/runner/work/trading-bot-c-/trading-bot-c-/src/BotCore/Services/ExecutionAnalyzer.cs(133,13): error CA1848: For improved performance, use the LoggerMessage delegates instead of calling 'LoggerExtensions.LogError(ILogger, Exception?, string?, params object?[])' (https://learn.microsoft.com/dotnet/fundamentals/code-analysis/quality-rules/ca1848) [/home/runner/work/trading-bot-c-/trading-bot-c-/src/BotCore/BotCore.csproj]
/home/runner/work/trading-bot-c-/trading-bot-c-/src/BotCore/Services/ExecutionAnalyzer.cs(137,13): error CA1848: For improved performance, use the LoggerMessage delegates instead of calling 'LoggerExtensions.LogError(ILogger, Exception?, string?, params object?[])' (https://learn.microsoft.com/dotnet/fundamentals/code-analysis/quality-rules/ca1848) [/home/runner/work/trading-bot-c-/trading-bot-c-/src/BotCore/BotCore.csproj]
/home/runner/work/trading-bot-c-/trading-bot-c-/src/BotCore/Services/ExecutionAnalyzer.cs(141,13): error CA1848: For improved performance, use the LoggerMessage delegates instead of calling 'LoggerExtensions.LogError(ILogger, Exception?, string?, params object?[])' (https://learn.microsoft.com/dotnet/fundamentals/code-analysis/quality-rules/ca1848) [/home/runner/work/trading-bot-c-/trading-bot-c-/src/BotCore/BotCore.csproj]
/home/runner/work/trading-bot-c-/trading-bot-c-/src/BotCore/Services/PerformanceTracker.cs(505,13): error CA1848: For improved performance, use the LoggerMessage delegates instead of calling 'LoggerExtensions.LogError(ILogger, Exception?, string?, params object?[])' (https://learn.microsoft.com/dotnet/fundamentals/code-analysis/quality-rules/ca1848) [/home/runner/work/trading-bot-c-/trading-bot-c-/src/BotCore/BotCore.csproj]
/home/runner/work/trading-bot-c-/trading-bot-c-/src/BotCore/Services/PerformanceTracker.cs(510,13): error CA1848: For improved performance, use the LoggerMessage delegates instead of calling 'LoggerExtensions.LogError(ILogger, Exception?, string?, params object?[])' (https://learn.microsoft.com/dotnet/fundamentals/code-analysis/quality-rules/ca1848) [/home/runner/work/trading-bot-c-/trading-bot-c-/src/BotCore/BotCore.csproj]
/home/runner/work/trading-bot-c-/trading-bot-c-/src/BotCore/Services/PerformanceTracker.cs(515,13): error CA1848: For improved performance, use the LoggerMessage delegates instead of calling 'LoggerExtensions.LogError(ILogger, Exception?, string?, params object?[])' (https://learn.microsoft.com/dotnet/fundamentals/code-analysis/quality-rules/ca1848) [/home/runner/work/trading-bot-c-/trading-bot-c-/src/BotCore/BotCore.csproj]
/home/runner/work/trading-bot-c-/trading-bot-c-/src/BotCore/Services/MasterDecisionOrchestrator.cs(991,13): error CA1848: For improved performance, use the LoggerMessage delegates instead of calling 'LoggerExtensions.LogError(ILogger, Exception?, string?, params object?[])' (https://learn.microsoft.com/dotnet/fundamentals/code-analysis/quality-rules/ca1848) [/home/runner/work/trading-bot-c-/trading-bot-c-/src/BotCore/BotCore.csproj]
/home/runner/work/trading-bot-c-/trading-bot-c-/src/BotCore/Services/MasterDecisionOrchestrator.cs(989,9): error CA1031: Modify 'AnalyzeMyPerformanceIssueAsync' to catch a more specific allowed exception type, or rethrow the exception (https://learn.microsoft.com/dotnet/fundamentals/code-analysis/quality-rules/ca1031) [/home/runner/work/trading-bot-c-/trading-bot-c-/src/BotCore/BotCore.csproj]
/home/runner/work/trading-bot-c-/trading-bot-c-/src/BotCore/Services/EnhancedTradingBrainIntegration.cs(125,48): error S138: This method 'MakeEnhancedDecisionAsync' has 81 lines, which is greater than the 80 lines authorized. Split it into smaller methods. (https://rules.sonarsource.com/csharp/RSPEC-138) [/home/runner/work/trading-bot-c-/trading-bot-c-/src/BotCore/BotCore.csproj]
/home/runner/work/trading-bot-c-/trading-bot-c-/src/BotCore/Services/EnhancedTradingBrainIntegration.cs(135,13): error CA1848: For improved performance, use the LoggerMessage delegates instead of calling 'LoggerExtensions.LogDebug(ILogger, string?, params object?[])' (https://learn.microsoft.com/dotnet/fundamentals/code-analysis/quality-rules/ca1848) [/home/runner/work/trading-bot-c-/trading-bot-c-/src/BotCore/BotCore.csproj]
/home/runner/work/trading-bot-c-/trading-bot-c-/src/BotCore/Services/EnhancedTradingBrainIntegration.cs(200,13): error CA1848: For improved performance, use the LoggerMessage delegates instead of calling 'LoggerExtensions.LogError(ILogger, Exception?, string?, params object?[])' (https://learn.microsoft.com/dotnet/fundamentals/code-analysis/quality-rules/ca1848) [/home/runner/work/trading-bot-c-/trading-bot-c-/src/BotCore/BotCore.csproj]
/home/runner/work/trading-bot-c-/trading-bot-c-/src/BotCore/Services/ExecutionAnalyticsService.cs(118,13): error CA1848: For improved performance, use the LoggerMessage delegates instead of calling 'LoggerExtensions.LogDebug(ILogger, string?, params object?[])' (https://learn.microsoft.com/dotnet/fundamentals/code-analysis/quality-rules/ca1848) [/home/runner/work/trading-bot-c-/trading-bot-c-/src/BotCore/BotCore.csproj]
/home/runner/work/trading-bot-c-/trading-bot-c-/src/BotCore/Services/MasterDecisionOrchestrator.cs(1008,13): error CA1848: For improved performance, use the LoggerMessage delegates instead of calling 'LoggerExtensions.LogCritical(ILogger, string?, params object?[])' (https://learn.microsoft.com/dotnet/fundamentals/code-analysis/quality-rules/ca1848) [/home/runner/work/trading-bot-c-/trading-bot-c-/src/BotCore/BotCore.csproj]
/home/runner/work/trading-bot-c-/trading-bot-c-/src/BotCore/Services/MasterDecisionOrchestrator.cs(1012,13): error CA1848: For improved performance, use the LoggerMessage delegates instead of calling 'LoggerExtensions.LogError(ILogger, Exception?, string?, params object?[])' (https://learn.microsoft.com/dotnet/fundamentals/code-analysis/quality-rules/ca1848) [/home/runner/work/trading-bot-c-/trading-bot-c-/src/BotCore/BotCore.csproj]
/home/runner/work/trading-bot-c-/trading-bot-c-/src/BotCore/Services/MasterDecisionOrchestrator.cs(1010,9): error CA1031: Modify 'CreateKillFileAsync' to catch a more specific allowed exception type, or rethrow the exception (https://learn.microsoft.com/dotnet/fundamentals/code-analysis/quality-rules/ca1031) [/home/runner/work/trading-bot-c-/trading-bot-c-/src/BotCore/BotCore.csproj]
/home/runner/work/trading-bot-c-/trading-bot-c-/src/BotCore/Services/EnhancedTradingBrainIntegration.cs(224,13): error CA1031: Modify 'MakeEnhancedDecisionAsync' to catch a more specific allowed exception type, or rethrow the exception (https://learn.microsoft.com/dotnet/fundamentals/code-analysis/quality-rules/ca1031) [/home/runner/work/trading-bot-c-/trading-bot-c-/src/BotCore/BotCore.csproj]
/home/runner/work/trading-bot-c-/trading-bot-c-/src/BotCore/Services/EnhancedTradingBrainIntegration.cs(198,9): error CA1031: Modify 'MakeEnhancedDecisionAsync' to catch a more specific allowed exception type, or rethrow the exception (https://learn.microsoft.com/dotnet/fundamentals/code-analysis/quality-rules/ca1031) [/home/runner/work/trading-bot-c-/trading-bot-c-/src/BotCore/BotCore.csproj]
/home/runner/work/trading-bot-c-/trading-bot-c-/src/BotCore/Services/EnhancedMarketDataFlowService.cs(79,17): error CA1848: For improved performance, use the LoggerMessage delegates instead of calling 'LoggerExtensions.LogInformation(ILogger, string?, params object?[])' (https://learn.microsoft.com/dotnet/fundamentals/code-analysis/quality-rules/ca1848) [/home/runner/work/trading-bot-c-/trading-bot-c-/src/BotCore/BotCore.csproj]
/home/runner/work/trading-bot-c-/trading-bot-c-/src/BotCore/Services/EnhancedMarketDataFlowService.cs(83,17): error CA1848: For improved performance, use the LoggerMessage delegates instead of calling 'LoggerExtensions.LogWarning(ILogger, string?, params object?[])' (https://learn.microsoft.com/dotnet/fundamentals/code-analysis/quality-rules/ca1848) [/home/runner/work/trading-bot-c-/trading-bot-c-/src/BotCore/BotCore.csproj]
/home/runner/work/trading-bot-c-/trading-bot-c-/src/BotCore/Services/OrderExecutionService.cs(1106,68): error S1541: The Cyclomatic Complexity of this method is 11 which is greater than 10 authorized. (https://rules.sonarsource.com/csharp/RSPEC-1541) [/home/runner/work/trading-bot-c-/trading-bot-c-/src/BotCore/BotCore.csproj]
/home/runner/work/trading-bot-c-/trading-bot-c-/src/BotCore/Services/OrderExecutionService.cs(1122,17): error CA1848: For improved performance, use the LoggerMessage delegates instead of calling 'LoggerExtensions.LogWarning(ILogger, string?, params object?[])' (https://learn.microsoft.com/dotnet/fundamentals/code-analysis/quality-rules/ca1848) [/home/runner/work/trading-bot-c-/trading-bot-c-/src/BotCore/BotCore.csproj]
/home/runner/work/trading-bot-c-/trading-bot-c-/src/BotCore/Services/OrderExecutionService.cs(1128,17): error CA1848: For improved performance, use the LoggerMessage delegates instead of calling 'LoggerExtensions.LogInformation(ILogger, string?, params object?[])' (https://learn.microsoft.com/dotnet/fundamentals/code-analysis/quality-rules/ca1848) [/home/runner/work/trading-bot-c-/trading-bot-c-/src/BotCore/BotCore.csproj]
/home/runner/work/trading-bot-c-/trading-bot-c-/src/BotCore/Services/OrderExecutionService.cs(1139,25): error CA1848: For improved performance, use the LoggerMessage delegates instead of calling 'LoggerExtensions.LogError(ILogger, string?, params object?[])' (https://learn.microsoft.com/dotnet/fundamentals/code-analysis/quality-rules/ca1848) [/home/runner/work/trading-bot-c-/trading-bot-c-/src/BotCore/BotCore.csproj]
/home/runner/work/trading-bot-c-/trading-bot-c-/src/BotCore/Services/OrderExecutionService.cs(1144,25): error CA1848: For improved performance, use the LoggerMessage delegates instead of calling 'LoggerExtensions.LogError(ILogger, string?, params object?[])' (https://learn.microsoft.com/dotnet/fundamentals/code-analysis/quality-rules/ca1848) [/home/runner/work/trading-bot-c-/trading-bot-c-/src/BotCore/BotCore.csproj]
/home/runner/work/trading-bot-c-/trading-bot-c-/src/BotCore/Services/OrderExecutionService.cs(1152,25): error CA1848: For improved performance, use the LoggerMessage delegates instead of calling 'LoggerExtensions.LogError(ILogger, string?, params object?[])' (https://learn.microsoft.com/dotnet/fundamentals/code-analysis/quality-rules/ca1848) [/home/runner/work/trading-bot-c-/trading-bot-c-/src/BotCore/BotCore.csproj]
/home/runner/work/trading-bot-c-/trading-bot-c-/src/BotCore/Services/OrderExecutionService.cs(1157,25): error CA1848: For improved performance, use the LoggerMessage delegates instead of calling 'LoggerExtensions.LogError(ILogger, string?, params object?[])' (https://learn.microsoft.com/dotnet/fundamentals/code-analysis/quality-rules/ca1848) [/home/runner/work/trading-bot-c-/trading-bot-c-/src/BotCore/BotCore.csproj]
/home/runner/work/trading-bot-c-/trading-bot-c-/src/BotCore/Services/OrderExecutionService.cs(1172,21): error CA1848: For improved performance, use the LoggerMessage delegates instead of calling 'LoggerExtensions.LogError(ILogger, string?, params object?[])' (https://learn.microsoft.com/dotnet/fundamentals/code-analysis/quality-rules/ca1848) [/home/runner/work/trading-bot-c-/trading-bot-c-/src/BotCore/BotCore.csproj]
/home/runner/work/trading-bot-c-/trading-bot-c-/src/BotCore/Services/OrderExecutionService.cs(1193,17): error CA1848: For improved performance, use the LoggerMessage delegates instead of calling 'LoggerExtensions.LogInformation(ILogger, string?, params object?[])' (https://learn.microsoft.com/dotnet/fundamentals/code-analysis/quality-rules/ca1848) [/home/runner/work/trading-bot-c-/trading-bot-c-/src/BotCore/BotCore.csproj]
/home/runner/work/trading-bot-c-/trading-bot-c-/src/BotCore/Services/OrderExecutionService.cs(1200,17): error CA1848: For improved performance, use the LoggerMessage delegates instead of calling 'LoggerExtensions.LogError(ILogger, Exception?, string?, params object?[])' (https://learn.microsoft.com/dotnet/fundamentals/code-analysis/quality-rules/ca1848) [/home/runner/work/trading-bot-c-/trading-bot-c-/src/BotCore/BotCore.csproj]
/home/runner/work/trading-bot-c-/trading-bot-c-/src/BotCore/Services/OrderExecutionService.cs(1116,13): error CA1510: Use 'ArgumentNullException.ThrowIfNull' instead of explicitly throwing a new exception instance (https://learn.microsoft.com/dotnet/fundamentals/code-analysis/quality-rules/ca1510) [/home/runner/work/trading-bot-c-/trading-bot-c-/src/BotCore/BotCore.csproj]
/home/runner/work/trading-bot-c-/trading-bot-c-/src/BotCore/Services/OrderExecutionService.cs(1117,13): error CA1510: Use 'ArgumentNullException.ThrowIfNull' instead of explicitly throwing a new exception instance (https://learn.microsoft.com/dotnet/fundamentals/code-analysis/quality-rules/ca1510) [/home/runner/work/trading-bot-c-/trading-bot-c-/src/BotCore/BotCore.csproj]
/home/runner/work/trading-bot-c-/trading-bot-c-/src/BotCore/Services/OrderExecutionService.cs(1198,13): error CA1031: Modify 'PlaceBracketOrderAsync' to catch a more specific allowed exception type, or rethrow the exception (https://learn.microsoft.com/dotnet/fundamentals/code-analysis/quality-rules/ca1031) [/home/runner/work/trading-bot-c-/trading-bot-c-/src/BotCore/BotCore.csproj]
/home/runner/work/trading-bot-c-/trading-bot-c-/src/BotCore/Services/UnifiedPositionManagementService.cs(2754,25): error CA1848: For improved performance, use the LoggerMessage delegates instead of calling 'LoggerExtensions.LogInformation(ILogger, string?, params object?[])' (https://learn.microsoft.com/dotnet/fundamentals/code-analysis/quality-rules/ca1848) [/home/runner/work/trading-bot-c-/trading-bot-c-/src/BotCore/BotCore.csproj]
/home/runner/work/trading-bot-c-/trading-bot-c-/src/BotCore/Services/UnifiedPositionManagementService.cs(2759,21): error CA1848: For improved performance, use the LoggerMessage delegates instead of calling 'LoggerExtensions.LogError(ILogger, Exception?, string?, params object?[])' (https://learn.microsoft.com/dotnet/fundamentals/code-analysis/quality-rules/ca1848) [/home/runner/work/trading-bot-c-/trading-bot-c-/src/BotCore/BotCore.csproj]
/home/runner/work/trading-bot-c-/trading-bot-c-/src/BotCore/Services/UnifiedPositionManagementService.cs(2757,17): error CA1031: Modify 'ExplainMaeWarningFireAndForget' to catch a more specific allowed exception type, or rethrow the exception (https://learn.microsoft.com/dotnet/fundamentals/code-analysis/quality-rules/ca1031) [/home/runner/work/trading-bot-c-/trading-bot-c-/src/BotCore/BotCore.csproj]
/home/runner/work/trading-bot-c-/trading-bot-c-/src/BotCore/Services/ExecutionAnalyzer.cs(182,13): error CA1848: For improved performance, use the LoggerMessage delegates instead of calling 'LoggerExtensions.LogInformation(ILogger, string?, params object?[])' (https://learn.microsoft.com/dotnet/fundamentals/code-analysis/quality-rules/ca1848) [/home/runner/work/trading-bot-c-/trading-bot-c-/src/BotCore/BotCore.csproj]
/home/runner/work/trading-bot-c-/trading-bot-c-/src/BotCore/Services/ExecutionAnalyzer.cs(189,13): error CA1848: For improved performance, use the LoggerMessage delegates instead of calling 'LoggerExtensions.LogError(ILogger, Exception?, string?, params object?[])' (https://learn.microsoft.com/dotnet/fundamentals/code-analysis/quality-rules/ca1848) [/home/runner/work/trading-bot-c-/trading-bot-c-/src/BotCore/BotCore.csproj]
/home/runner/work/trading-bot-c-/trading-bot-c-/src/BotCore/Services/ExecutionAnalyzer.cs(193,13): error CA1848: For improved performance, use the LoggerMessage delegates instead of calling 'LoggerExtensions.LogError(ILogger, Exception?, string?, params object?[])' (https://learn.microsoft.com/dotnet/fundamentals/code-analysis/quality-rules/ca1848) [/home/runner/work/trading-bot-c-/trading-bot-c-/src/BotCore/BotCore.csproj]
/home/runner/work/trading-bot-c-/trading-bot-c-/src/BotCore/Services/ExecutionAnalyzer.cs(197,13): error CA1848: For improved performance, use the LoggerMessage delegates instead of calling 'LoggerExtensions.LogError(ILogger, Exception?, string?, params object?[])' (https://learn.microsoft.com/dotnet/fundamentals/code-analysis/quality-rules/ca1848) [/home/runner/work/trading-bot-c-/trading-bot-c-/src/BotCore/BotCore.csproj]
/home/runner/work/trading-bot-c-/trading-bot-c-/src/BotCore/Services/ExecutionAnalyzer.cs(201,13): error CA1848: For improved performance, use the LoggerMessage delegates instead of calling 'LoggerExtensions.LogError(ILogger, Exception?, string?, params object?[])' (https://learn.microsoft.com/dotnet/fundamentals/code-analysis/quality-rules/ca1848) [/home/runner/work/trading-bot-c-/trading-bot-c-/src/BotCore/BotCore.csproj]
/home/runner/work/trading-bot-c-/trading-bot-c-/src/BotCore/Services/EnhancedTradingBrainIntegration.cs(250,9): error S1172: Remove this unused method parameter 'symbol'. (https://rules.sonarsource.com/csharp/RSPEC-1172) [/home/runner/work/trading-bot-c-/trading-bot-c-/src/BotCore/BotCore.csproj]
/home/runner/work/trading-bot-c-/trading-bot-c-/src/BotCore/Services/MasterDecisionOrchestrator.cs(1016,68): error S1172: Remove this unused method parameter 'cancellationToken'. (https://rules.sonarsource.com/csharp/RSPEC-1172) [/home/runner/work/trading-bot-c-/trading-bot-c-/src/BotCore/BotCore.csproj]
/home/runner/work/trading-bot-c-/trading-bot-c-/src/BotCore/Services/EnhancedMarketDataFlowService.cs(108,17): error CA1848: For improved performance, use the LoggerMessage delegates instead of calling 'LoggerExtensions.LogInformation(ILogger, string?, params object?[])' (https://learn.microsoft.com/dotnet/fundamentals/code-analysis/quality-rules/ca1848) [/home/runner/work/trading-bot-c-/trading-bot-c-/src/BotCore/BotCore.csproj]
/home/runner/work/trading-bot-c-/trading-bot-c-/src/BotCore/Services/EnhancedMarketDataFlowService.cs(136,21): error CA1848: For improved performance, use the LoggerMessage delegates instead of calling 'LoggerExtensions.LogInformation(ILogger, string?, params object?[])' (https://learn.microsoft.com/dotnet/fundamentals/code-analysis/quality-rules/ca1848) [/home/runner/work/trading-bot-c-/trading-bot-c-/src/BotCore/BotCore.csproj]
/home/runner/work/trading-bot-c-/trading-bot-c-/src/BotCore/Services/EnhancedMarketDataFlowService.cs(140,17): error CA1848: For improved performance, use the LoggerMessage delegates instead of calling 'LoggerExtensions.LogInformation(ILogger, string?, params object?[])' (https://learn.microsoft.com/dotnet/fundamentals/code-analysis/quality-rules/ca1848) [/home/runner/work/trading-bot-c-/trading-bot-c-/src/BotCore/BotCore.csproj]
/home/runner/work/trading-bot-c-/trading-bot-c-/src/BotCore/Services/EnhancedMarketDataFlowService.cs(146,17): error CA1848: For improved performance, use the LoggerMessage delegates instead of calling 'LoggerExtensions.LogError(ILogger, Exception?, string?, params object?[])' (https://learn.microsoft.com/dotnet/fundamentals/code-analysis/quality-rules/ca1848) [/home/runner/work/trading-bot-c-/trading-bot-c-/src/BotCore/BotCore.csproj]
/home/runner/work/trading-bot-c-/trading-bot-c-/src/BotCore/Services/MasterDecisionOrchestrator.cs(1018,9): error CA1848: For improved performance, use the LoggerMessage delegates instead of calling 'LoggerExtensions.LogWarning(ILogger, string?, params object?[])' (https://learn.microsoft.com/dotnet/fundamentals/code-analysis/quality-rules/ca1848) [/home/runner/work/trading-bot-c-/trading-bot-c-/src/BotCore/BotCore.csproj]
/home/runner/work/trading-bot-c-/trading-bot-c-/src/BotCore/Services/MasterDecisionOrchestrator.cs(1019,9): error CA1848: For improved performance, use the LoggerMessage delegates instead of calling 'LoggerExtensions.LogWarning(ILogger, string?, params object?[])' (https://learn.microsoft.com/dotnet/fundamentals/code-analysis/quality-rules/ca1848) [/home/runner/work/trading-bot-c-/trading-bot-c-/src/BotCore/BotCore.csproj]
/home/runner/work/trading-bot-c-/trading-bot-c-/src/BotCore/Services/MasterDecisionOrchestrator.cs(1036,17): error CA1848: For improved performance, use the LoggerMessage delegates instead of calling 'LoggerExtensions.LogInformation(ILogger, string?, params object?[])' (https://learn.microsoft.com/dotnet/fundamentals/code-analysis/quality-rules/ca1848) [/home/runner/work/trading-bot-c-/trading-bot-c-/src/BotCore/BotCore.csproj]
/home/runner/work/trading-bot-c-/trading-bot-c-/src/BotCore/Services/MasterDecisionOrchestrator.cs(1040,17): error CA1848: For improved performance, use the LoggerMessage delegates instead of calling 'LoggerExtensions.LogError(ILogger, Exception?, string?, params object?[])' (https://learn.microsoft.com/dotnet/fundamentals/code-analysis/quality-rules/ca1848) [/home/runner/work/trading-bot-c-/trading-bot-c-/src/BotCore/BotCore.csproj]
/home/runner/work/trading-bot-c-/trading-bot-c-/src/BotCore/Services/MasterDecisionOrchestrator.cs(1049,9): error CA1848: For improved performance, use the LoggerMessage delegates instead of calling 'LoggerExtensions.LogWarning(ILogger, string?, params object?[])' (https://learn.microsoft.com/dotnet/fundamentals/code-analysis/quality-rules/ca1848) [/home/runner/work/trading-bot-c-/trading-bot-c-/src/BotCore/BotCore.csproj]
/home/runner/work/trading-bot-c-/trading-bot-c-/src/BotCore/Services/EnhancedMarketDataFlowService.cs(144,13): error CA1031: Modify 'InitializeDataFlowAsync' to catch a more specific allowed exception type, or rethrow the exception (https://learn.microsoft.com/dotnet/fundamentals/code-analysis/quality-rules/ca1031) [/home/runner/work/trading-bot-c-/trading-bot-c-/src/BotCore/BotCore.csproj]
/home/runner/work/trading-bot-c-/trading-bot-c-/src/BotCore/Services/MasterDecisionOrchestrator.cs(1038,13): error CA1031: Modify 'ExecuteCanaryRollbackAsync' to catch a more specific allowed exception type, or rethrow the exception (https://learn.microsoft.com/dotnet/fundamentals/code-analysis/quality-rules/ca1031) [/home/runner/work/trading-bot-c-/trading-bot-c-/src/BotCore/BotCore.csproj]
/home/runner/work/trading-bot-c-/trading-bot-c-/src/BotCore/Services/ModelEnsembleService.cs(499,38): error S1541: The Cyclomatic Complexity of this method is 16 which is greater than 10 authorized. (https://rules.sonarsource.com/csharp/RSPEC-1541) [/home/runner/work/trading-bot-c-/trading-bot-c-/src/BotCore/BotCore.csproj]
/home/runner/work/trading-bot-c-/trading-bot-c-/src/BotCore/Services/ExecutionAnalyzer.cs(223,13): error CA1848: For improved performance, use the LoggerMessage delegates instead of calling 'LoggerExtensions.LogError(ILogger, Exception?, string?, params object?[])' (https://learn.microsoft.com/dotnet/fundamentals/code-analysis/quality-rules/ca1848) [/home/runner/work/trading-bot-c-/trading-bot-c-/src/BotCore/BotCore.csproj]
/home/runner/work/trading-bot-c-/trading-bot-c-/src/BotCore/Services/ExecutionAnalyzer.cs(228,13): error CA1848: For improved performance, use the LoggerMessage delegates instead of calling 'LoggerExtensions.LogError(ILogger, Exception?, string?, params object?[])' (https://learn.microsoft.com/dotnet/fundamentals/code-analysis/quality-rules/ca1848) [/home/runner/work/trading-bot-c-/trading-bot-c-/src/BotCore/BotCore.csproj]
/home/runner/work/trading-bot-c-/trading-bot-c-/src/BotCore/Services/ExecutionAnalyzer.cs(233,13): error CA1848: For improved performance, use the LoggerMessage delegates instead of calling 'LoggerExtensions.LogError(ILogger, Exception?, string?, params object?[])' (https://learn.microsoft.com/dotnet/fundamentals/code-analysis/quality-rules/ca1848) [/home/runner/work/trading-bot-c-/trading-bot-c-/src/BotCore/BotCore.csproj]
/home/runner/work/trading-bot-c-/trading-bot-c-/src/BotCore/Services/EnhancedTradingBrainIntegration.cs(311,13): error CA1848: For improved performance, use the LoggerMessage delegates instead of calling 'LoggerExtensions.LogInformation(ILogger, string?, params object?[])' (https://learn.microsoft.com/dotnet/fundamentals/code-analysis/quality-rules/ca1848) [/home/runner/work/trading-bot-c-/trading-bot-c-/src/BotCore/BotCore.csproj]
/home/runner/work/trading-bot-c-/trading-bot-c-/src/BotCore/Services/PerformanceTracker.cs(532,24): error S1244: Do not check floating point equality with exact values, use a range instead. (https://rules.sonarsource.com/csharp/RSPEC-1244) [/home/runner/work/trading-bot-c-/trading-bot-c-/src/BotCore/BotCore.csproj]
/home/runner/work/trading-bot-c-/trading-bot-c-/src/BotCore/Services/HistoricalDataBridgeService.cs(419,42): error S1541: The Cyclomatic Complexity of this method is 17 which is greater than 10 authorized. (https://rules.sonarsource.com/csharp/RSPEC-1541) [/home/runner/work/trading-bot-c-/trading-bot-c-/src/BotCore/BotCore.csproj]
/home/runner/work/trading-bot-c-/trading-bot-c-/src/BotCore/Services/HistoricalDataBridgeService.cs(429,21): error CA1848: For improved performance, use the LoggerMessage delegates instead of calling 'LoggerExtensions.LogWarning(ILogger, string?, params object?[])' (https://learn.microsoft.com/dotnet/fundamentals/code-analysis/quality-rules/ca1848) [/home/runner/work/trading-bot-c-/trading-bot-c-/src/BotCore/BotCore.csproj]
/home/runner/work/trading-bot-c-/trading-bot-c-/src/BotCore/Services/HistoricalDataBridgeService.cs(436,21): error CA1848: For improved performance, use the LoggerMessage delegates instead of calling 'LoggerExtensions.LogWarning(ILogger, string?, params object?[])' (https://learn.microsoft.com/dotnet/fundamentals/code-analysis/quality-rules/ca1848) [/home/runner/work/trading-bot-c-/trading-bot-c-/src/BotCore/BotCore.csproj]
/home/runner/work/trading-bot-c-/trading-bot-c-/src/BotCore/Services/HistoricalDataBridgeService.cs(467,29): error CA1848: For improved performance, use the LoggerMessage delegates instead of calling 'LoggerExtensions.LogDebug(ILogger, string?, params object?[])' (https://learn.microsoft.com/dotnet/fundamentals/code-analysis/quality-rules/ca1848) [/home/runner/work/trading-bot-c-/trading-bot-c-/src/BotCore/BotCore.csproj]
/home/runner/work/trading-bot-c-/trading-bot-c-/src/BotCore/Services/HistoricalDataBridgeService.cs(473,25): error CA1848: For improved performance, use the LoggerMessage delegates instead of calling 'LoggerExtensions.LogDebug(ILogger, Exception?, string?, params object?[])' (https://learn.microsoft.com/dotnet/fundamentals/code-analysis/quality-rules/ca1848) [/home/runner/work/trading-bot-c-/trading-bot-c-/src/BotCore/BotCore.csproj]
/home/runner/work/trading-bot-c-/trading-bot-c-/src/BotCore/Services/HistoricalDataBridgeService.cs(478,17): error CA1848: For improved performance, use the LoggerMessage delegates instead of calling 'LoggerExtensions.LogInformation(ILogger, string?, params object?[])' (https://learn.microsoft.com/dotnet/fundamentals/code-analysis/quality-rules/ca1848) [/home/runner/work/trading-bot-c-/trading-bot-c-/src/BotCore/BotCore.csproj]
/home/runner/work/trading-bot-c-/trading-bot-c-/src/BotCore/Services/HistoricalDataBridgeService.cs(486,25): error CA1848: For improved performance, use the LoggerMessage delegates instead of calling 'LoggerExtensions.LogInformation(ILogger, string?, params object?[])' (https://learn.microsoft.com/dotnet/fundamentals/code-analysis/quality-rules/ca1848) [/home/runner/work/trading-bot-c-/trading-bot-c-/src/BotCore/BotCore.csproj]
/home/runner/work/trading-bot-c-/trading-bot-c-/src/BotCore/Services/HistoricalDataBridgeService.cs(495,17): error CA1848: For improved performance, use the LoggerMessage delegates instead of calling 'LoggerExtensions.LogError(ILogger, Exception?, string?, params object?[])' (https://learn.microsoft.com/dotnet/fundamentals/code-analysis/quality-rules/ca1848) [/home/runner/work/trading-bot-c-/trading-bot-c-/src/BotCore/BotCore.csproj]
/home/runner/work/trading-bot-c-/trading-bot-c-/src/BotCore/Services/PerformanceTracker.cs(540,13): error CA1848: For improved performance, use the LoggerMessage delegates instead of calling 'LoggerExtensions.LogError(ILogger, Exception?, string?, params object?[])' (https://learn.microsoft.com/dotnet/fundamentals/code-analysis/quality-rules/ca1848) [/home/runner/work/trading-bot-c-/trading-bot-c-/src/BotCore/BotCore.csproj]
/home/runner/work/trading-bot-c-/trading-bot-c-/src/BotCore/Services/PerformanceTracker.cs(545,13): error CA1848: For improved performance, use the LoggerMessage delegates instead of calling 'LoggerExtensions.LogError(ILogger, Exception?, string?, params object?[])' (https://learn.microsoft.com/dotnet/fundamentals/code-analysis/quality-rules/ca1848) [/home/runner/work/trading-bot-c-/trading-bot-c-/src/BotCore/BotCore.csproj]
/home/runner/work/trading-bot-c-/trading-bot-c-/src/BotCore/Services/PerformanceTracker.cs(550,13): error CA1848: For improved performance, use the LoggerMessage delegates instead of calling 'LoggerExtensions.LogError(ILogger, Exception?, string?, params object?[])' (https://learn.microsoft.com/dotnet/fundamentals/code-analysis/quality-rules/ca1848) [/home/runner/work/trading-bot-c-/trading-bot-c-/src/BotCore/BotCore.csproj]
/home/runner/work/trading-bot-c-/trading-bot-c-/src/BotCore/Services/PerformanceTracker.cs(555,13): error CA1848: For improved performance, use the LoggerMessage delegates instead of calling 'LoggerExtensions.LogError(ILogger, Exception?, string?, params object?[])' (https://learn.microsoft.com/dotnet/fundamentals/code-analysis/quality-rules/ca1848) [/home/runner/work/trading-bot-c-/trading-bot-c-/src/BotCore/BotCore.csproj]
/home/runner/work/trading-bot-c-/trading-bot-c-/src/BotCore/Services/HistoricalDataBridgeService.cs(471,21): error CA1031: Modify 'ParseTopstepXHistoricalResponse' to catch a more specific allowed exception type, or rethrow the exception (https://learn.microsoft.com/dotnet/fundamentals/code-analysis/quality-rules/ca1031) [/home/runner/work/trading-bot-c-/trading-bot-c-/src/BotCore/BotCore.csproj]
/home/runner/work/trading-bot-c-/trading-bot-c-/src/BotCore/Services/HistoricalDataBridgeService.cs(493,13): error CA1031: Modify 'ParseTopstepXHistoricalResponse' to catch a more specific allowed exception type, or rethrow the exception (https://learn.microsoft.com/dotnet/fundamentals/code-analysis/quality-rules/ca1031) [/home/runner/work/trading-bot-c-/trading-bot-c-/src/BotCore/BotCore.csproj]
/home/runner/work/trading-bot-c-/trading-bot-c-/src/BotCore/Services/MasterDecisionOrchestrator.cs(1077,9): error CA1848: For improved performance, use the LoggerMessage delegates instead of calling 'LoggerExtensions.LogInformation(ILogger, string?, params object?[])' (https://learn.microsoft.com/dotnet/fundamentals/code-analysis/quality-rules/ca1848) [/home/runner/work/trading-bot-c-/trading-bot-c-/src/BotCore/BotCore.csproj]
/home/runner/work/trading-bot-c-/trading-bot-c-/src/BotCore/Services/EmergencyStopSystem.cs(64,17): error CA1848: For improved performance, use the LoggerMessage delegates instead of calling 'LoggerExtensions.LogInformation(ILogger, string?, params object?[])' (https://learn.microsoft.com/dotnet/fundamentals/code-analysis/quality-rules/ca1848) [/home/runner/work/trading-bot-c-/trading-bot-c-/src/BotCore/BotCore.csproj]
/home/runner/work/trading-bot-c-/trading-bot-c-/src/BotCore/Services/EmergencyStopSystem.cs(84,17): error CA1848: For improved performance, use the LoggerMessage delegates instead of calling 'LoggerExtensions.LogError(ILogger, Exception?, string?, params object?[])' (https://learn.microsoft.com/dotnet/fundamentals/code-analysis/quality-rules/ca1848) [/home/runner/work/trading-bot-c-/trading-bot-c-/src/BotCore/BotCore.csproj]
/home/runner/work/trading-bot-c-/trading-bot-c-/src/BotCore/Services/EmergencyStopSystem.cs(88,17): error CA1848: For improved performance, use the LoggerMessage delegates instead of calling 'LoggerExtensions.LogError(ILogger, Exception?, string?, params object?[])' (https://learn.microsoft.com/dotnet/fundamentals/code-analysis/quality-rules/ca1848) [/home/runner/work/trading-bot-c-/trading-bot-c-/src/BotCore/BotCore.csproj]
/home/runner/work/trading-bot-c-/trading-bot-c-/src/BotCore/Services/EmergencyStopSystem.cs(92,17): error CA1848: For improved performance, use the LoggerMessage delegates instead of calling 'LoggerExtensions.LogError(ILogger, Exception?, string?, params object?[])' (https://learn.microsoft.com/dotnet/fundamentals/code-analysis/quality-rules/ca1848) [/home/runner/work/trading-bot-c-/trading-bot-c-/src/BotCore/BotCore.csproj]
/home/runner/work/trading-bot-c-/trading-bot-c-/src/BotCore/Services/EmergencyStopSystem.cs(96,17): error CA1848: For improved performance, use the LoggerMessage delegates instead of calling 'LoggerExtensions.LogError(ILogger, Exception?, string?, params object?[])' (https://learn.microsoft.com/dotnet/fundamentals/code-analysis/quality-rules/ca1848) [/home/runner/work/trading-bot-c-/trading-bot-c-/src/BotCore/BotCore.csproj]
/home/runner/work/trading-bot-c-/trading-bot-c-/src/BotCore/Services/OrderExecutionService.cs(1219,17): error CA1848: For improved performance, use the LoggerMessage delegates instead of calling 'LoggerExtensions.LogWarning(ILogger, string?, params object?[])' (https://learn.microsoft.com/dotnet/fundamentals/code-analysis/quality-rules/ca1848) [/home/runner/work/trading-bot-c-/trading-bot-c-/src/BotCore/BotCore.csproj]
/home/runner/work/trading-bot-c-/trading-bot-c-/src/BotCore/Services/OrderExecutionService.cs(1225,17): error CA1848: For improved performance, use the LoggerMessage delegates instead of calling 'LoggerExtensions.LogInformation(ILogger, string?, params object?[])' (https://learn.microsoft.com/dotnet/fundamentals/code-analysis/quality-rules/ca1848) [/home/runner/work/trading-bot-c-/trading-bot-c-/src/BotCore/BotCore.csproj]
/home/runner/work/trading-bot-c-/trading-bot-c-/src/BotCore/Services/OrderExecutionService.cs(1232,21): error CA1848: For improved performance, use the LoggerMessage delegates instead of calling 'LoggerExtensions.LogWarning(ILogger, string?, params object?[])' (https://learn.microsoft.com/dotnet/fundamentals/code-analysis/quality-rules/ca1848) [/home/runner/work/trading-bot-c-/trading-bot-c-/src/BotCore/BotCore.csproj]
/home/runner/work/trading-bot-c-/trading-bot-c-/src/BotCore/Services/OrderExecutionService.cs(1240,21): error CA1848: For improved performance, use the LoggerMessage delegates instead of calling 'LoggerExtensions.LogError(ILogger, string?, params object?[])' (https://learn.microsoft.com/dotnet/fundamentals/code-analysis/quality-rules/ca1848) [/home/runner/work/trading-bot-c-/trading-bot-c-/src/BotCore/BotCore.csproj]
/home/runner/work/trading-bot-c-/trading-bot-c-/src/BotCore/Services/OrderExecutionService.cs(1271,21): error CA1848: For improved performance, use the LoggerMessage delegates instead of calling 'LoggerExtensions.LogError(ILogger, string?, params object?[])' (https://learn.microsoft.com/dotnet/fundamentals/code-analysis/quality-rules/ca1848) [/home/runner/work/trading-bot-c-/trading-bot-c-/src/BotCore/BotCore.csproj]
/home/runner/work/trading-bot-c-/trading-bot-c-/src/BotCore/Services/OrderExecutionService.cs(1278,17): error CA1848: For improved performance, use the LoggerMessage delegates instead of calling 'LoggerExtensions.LogInformation(ILogger, string?, params object?[])' (https://learn.microsoft.com/dotnet/fundamentals/code-analysis/quality-rules/ca1848) [/home/runner/work/trading-bot-c-/trading-bot-c-/src/BotCore/BotCore.csproj]
/home/runner/work/trading-bot-c-/trading-bot-c-/src/BotCore/Services/OrderExecutionService.cs(1285,17): error CA1848: For improved performance, use the LoggerMessage delegates instead of calling 'LoggerExtensions.LogError(ILogger, Exception?, string?, params object?[])' (https://learn.microsoft.com/dotnet/fundamentals/code-analysis/quality-rules/ca1848) [/home/runner/work/trading-bot-c-/trading-bot-c-/src/BotCore/BotCore.csproj]
/home/runner/work/trading-bot-c-/trading-bot-c-/src/BotCore/Services/PositionManagementOptimizer.cs(341,9): error AsyncFixer01: The method 'OptimizeTrailingParameterAsync' does not need to use async/await. (https://github.com/semihokur/AsyncFixer) [/home/runner/work/trading-bot-c-/trading-bot-c-/src/BotCore/BotCore.csproj]
/home/runner/work/trading-bot-c-/trading-bot-c-/src/BotCore/Services/OrderExecutionService.cs(1283,13): error CA1031: Modify 'PlaceIcebergOrderAsync' to catch a more specific allowed exception type, or rethrow the exception (https://learn.microsoft.com/dotnet/fundamentals/code-analysis/quality-rules/ca1031) [/home/runner/work/trading-bot-c-/trading-bot-c-/src/BotCore/BotCore.csproj]
/home/runner/work/trading-bot-c-/trading-bot-c-/src/BotCore/Services/ExecutionAnalyzer.cs(261,13): error CA1848: For improved performance, use the LoggerMessage delegates instead of calling 'LoggerExtensions.LogError(ILogger, Exception?, string?, params object?[])' (https://learn.microsoft.com/dotnet/fundamentals/code-analysis/quality-rules/ca1848) [/home/runner/work/trading-bot-c-/trading-bot-c-/src/BotCore/BotCore.csproj]
/home/runner/work/trading-bot-c-/trading-bot-c-/src/BotCore/Services/ExecutionAnalyzer.cs(265,13): error CA1848: For improved performance, use the LoggerMessage delegates instead of calling 'LoggerExtensions.LogError(ILogger, Exception?, string?, params object?[])' (https://learn.microsoft.com/dotnet/fundamentals/code-analysis/quality-rules/ca1848) [/home/runner/work/trading-bot-c-/trading-bot-c-/src/BotCore/BotCore.csproj]
/home/runner/work/trading-bot-c-/trading-bot-c-/src/BotCore/Services/ExecutionAnalyzer.cs(269,13): error CA1848: For improved performance, use the LoggerMessage delegates instead of calling 'LoggerExtensions.LogError(ILogger, Exception?, string?, params object?[])' (https://learn.microsoft.com/dotnet/fundamentals/code-analysis/quality-rules/ca1848) [/home/runner/work/trading-bot-c-/trading-bot-c-/src/BotCore/BotCore.csproj]
/home/runner/work/trading-bot-c-/trading-bot-c-/src/BotCore/Services/PositionManagementOptimizer.cs(341,91): error S1172: Remove this unused method parameter 'cancellationToken'. (https://rules.sonarsource.com/csharp/RSPEC-1172) [/home/runner/work/trading-bot-c-/trading-bot-c-/src/BotCore/BotCore.csproj]
/home/runner/work/trading-bot-c-/trading-bot-c-/src/BotCore/Services/PositionManagementOptimizer.cs(397,21): error CA1848: For improved performance, use the LoggerMessage delegates instead of calling 'LoggerExtensions.LogInformation(ILogger, string?, params object?[])' (https://learn.microsoft.com/dotnet/fundamentals/code-analysis/quality-rules/ca1848) [/home/runner/work/trading-bot-c-/trading-bot-c-/src/BotCore/BotCore.csproj]
/home/runner/work/trading-bot-c-/trading-bot-c-/src/BotCore/Services/ContractService.cs(43,17): error CA1848: For improved performance, use the LoggerMessage delegates instead of calling 'LoggerExtensions.LogDebug(ILogger, string?, params object?[])' (https://learn.microsoft.com/dotnet/fundamentals/code-analysis/quality-rules/ca1848) [/home/runner/work/trading-bot-c-/trading-bot-c-/src/BotCore/BotCore.csproj]
/home/runner/work/trading-bot-c-/trading-bot-c-/src/BotCore/Services/ContractService.cs(70,13): error CA1848: For improved performance, use the LoggerMessage delegates instead of calling 'LoggerExtensions.LogWarning(ILogger, string?, params object?[])' (https://learn.microsoft.com/dotnet/fundamentals/code-analysis/quality-rules/ca1848) [/home/runner/work/trading-bot-c-/trading-bot-c-/src/BotCore/BotCore.csproj]
/home/runner/work/trading-bot-c-/trading-bot-c-/src/BotCore/Services/ContractService.cs(89,13): error CA1848: For improved performance, use the LoggerMessage delegates instead of calling 'LoggerExtensions.LogError(ILogger, string?, params object?[])' (https://learn.microsoft.com/dotnet/fundamentals/code-analysis/quality-rules/ca1848) [/home/runner/work/trading-bot-c-/trading-bot-c-/src/BotCore/BotCore.csproj]
/home/runner/work/trading-bot-c-/trading-bot-c-/src/BotCore/Services/ContractService.cs(94,13): error CA1848: For improved performance, use the LoggerMessage delegates instead of calling 'LoggerExtensions.LogError(ILogger, Exception?, string?, params object?[])' (https://learn.microsoft.com/dotnet/fundamentals/code-analysis/quality-rules/ca1848) [/home/runner/work/trading-bot-c-/trading-bot-c-/src/BotCore/BotCore.csproj]
/home/runner/work/trading-bot-c-/trading-bot-c-/src/BotCore/Services/ContractService.cs(92,9): error CA1031: Modify 'ResolveContractAsync' to catch a more specific allowed exception type, or rethrow the exception (https://learn.microsoft.com/dotnet/fundamentals/code-analysis/quality-rules/ca1031) [/home/runner/work/trading-bot-c-/trading-bot-c-/src/BotCore/BotCore.csproj]
/home/runner/work/trading-bot-c-/trading-bot-c-/src/BotCore/Services/EnhancedBacktestService.cs(67,13): error CA1848: For improved performance, use the LoggerMessage delegates instead of calling 'LoggerExtensions.LogInformation(ILogger, string?, params object?[])' (https://learn.microsoft.com/dotnet/fundamentals/code-analysis/quality-rules/ca1848) [/home/runner/work/trading-bot-c-/trading-bot-c-/src/BotCore/BotCore.csproj]
/home/runner/work/trading-bot-c-/trading-bot-c-/src/BotCore/Services/EnhancedBacktestService.cs(104,17): error CA1848: For improved performance, use the LoggerMessage delegates instead of calling 'LoggerExtensions.LogInformation(ILogger, string?, params object?[])' (https://learn.microsoft.com/dotnet/fundamentals/code-analysis/quality-rules/ca1848) [/home/runner/work/trading-bot-c-/trading-bot-c-/src/BotCore/BotCore.csproj]
/home/runner/work/trading-bot-c-/trading-bot-c-/src/BotCore/Services/EnhancedMarketDataFlowService.cs(203,17): error CA1848: For improved performance, use the LoggerMessage delegates instead of calling 'LoggerExtensions.LogError(ILogger, Exception?, string?, params object?[])' (https://learn.microsoft.com/dotnet/fundamentals/code-analysis/quality-rules/ca1848) [/home/runner/work/trading-bot-c-/trading-bot-c-/src/BotCore/BotCore.csproj]
/home/runner/work/trading-bot-c-/trading-bot-c-/src/BotCore/Services/EnhancedMarketDataFlowService.cs(201,13): error CA1031: Modify 'GetHealthStatusAsync' to catch a more specific allowed exception type, or rethrow the exception (https://learn.microsoft.com/dotnet/fundamentals/code-analysis/quality-rules/ca1031) [/home/runner/work/trading-bot-c-/trading-bot-c-/src/BotCore/BotCore.csproj]
/home/runner/work/trading-bot-c-/trading-bot-c-/src/BotCore/Services/EmergencyStopSystem.cs(115,17): error CA1848: For improved performance, use the LoggerMessage delegates instead of calling 'LoggerExtensions.LogDebug(ILogger, string?, params object?[])' (https://learn.microsoft.com/dotnet/fundamentals/code-analysis/quality-rules/ca1848) [/home/runner/work/trading-bot-c-/trading-bot-c-/src/BotCore/BotCore.csproj]
/home/runner/work/trading-bot-c-/trading-bot-c-/src/BotCore/Services/EmergencyStopSystem.cs(119,17): error CA1848: For improved performance, use the LoggerMessage delegates instead of calling 'LoggerExtensions.LogError(ILogger, Exception?, string?, params object?[])' (https://learn.microsoft.com/dotnet/fundamentals/code-analysis/quality-rules/ca1848) [/home/runner/work/trading-bot-c-/trading-bot-c-/src/BotCore/BotCore.csproj]
/home/runner/work/trading-bot-c-/trading-bot-c-/src/BotCore/Services/EmergencyStopSystem.cs(123,17): error CA1848: For improved performance, use the LoggerMessage delegates instead of calling 'LoggerExtensions.LogError(ILogger, Exception?, string?, params object?[])' (https://learn.microsoft.com/dotnet/fundamentals/code-analysis/quality-rules/ca1848) [/home/runner/work/trading-bot-c-/trading-bot-c-/src/BotCore/BotCore.csproj]
/home/runner/work/trading-bot-c-/trading-bot-c-/src/BotCore/Services/EmergencyStopSystem.cs(127,17): error CA1848: For improved performance, use the LoggerMessage delegates instead of calling 'LoggerExtensions.LogError(ILogger, Exception?, string?, params object?[])' (https://learn.microsoft.com/dotnet/fundamentals/code-analysis/quality-rules/ca1848) [/home/runner/work/trading-bot-c-/trading-bot-c-/src/BotCore/BotCore.csproj]
/home/runner/work/trading-bot-c-/trading-bot-c-/src/BotCore/Services/EmergencyStopSystem.cs(131,17): error CA1848: For improved performance, use the LoggerMessage delegates instead of calling 'LoggerExtensions.LogError(ILogger, Exception?, string?, params object?[])' (https://learn.microsoft.com/dotnet/fundamentals/code-analysis/quality-rules/ca1848) [/home/runner/work/trading-bot-c-/trading-bot-c-/src/BotCore/BotCore.csproj]
/home/runner/work/trading-bot-c-/trading-bot-c-/src/BotCore/Services/EmergencyStopSystem.cs(137,13): error CA1848: For improved performance, use the LoggerMessage delegates instead of calling 'LoggerExtensions.LogWarning(ILogger, string?, params object?[])' (https://learn.microsoft.com/dotnet/fundamentals/code-analysis/quality-rules/ca1848) [/home/runner/work/trading-bot-c-/trading-bot-c-/src/BotCore/BotCore.csproj]
/home/runner/work/trading-bot-c-/trading-bot-c-/src/BotCore/Services/MasterDecisionOrchestrator.cs(1089,24): error S1541: The Cyclomatic Complexity of this method is 12 which is greater than 10 authorized. (https://rules.sonarsource.com/csharp/RSPEC-1541) [/home/runner/work/trading-bot-c-/trading-bot-c-/src/BotCore/BotCore.csproj]
/home/runner/work/trading-bot-c-/trading-bot-c-/src/BotCore/Services/EmergencyStopSystem.cs(152,17): error CA1848: For improved performance, use the LoggerMessage delegates instead of calling 'LoggerExtensions.LogError(ILogger, Exception?, string?, params object?[])' (https://learn.microsoft.com/dotnet/fundamentals/code-analysis/quality-rules/ca1848) [/home/runner/work/trading-bot-c-/trading-bot-c-/src/BotCore/BotCore.csproj]
/home/runner/work/trading-bot-c-/trading-bot-c-/src/BotCore/Services/EmergencyStopSystem.cs(156,17): error CA1848: For improved performance, use the LoggerMessage delegates instead of calling 'LoggerExtensions.LogError(ILogger, Exception?, string?, params object?[])' (https://learn.microsoft.com/dotnet/fundamentals/code-analysis/quality-rules/ca1848) [/home/runner/work/trading-bot-c-/trading-bot-c-/src/BotCore/BotCore.csproj]
/home/runner/work/trading-bot-c-/trading-bot-c-/src/BotCore/Services/EmergencyStopSystem.cs(160,17): error CA1848: For improved performance, use the LoggerMessage delegates instead of calling 'LoggerExtensions.LogError(ILogger, Exception?, string?, params object?[])' (https://learn.microsoft.com/dotnet/fundamentals/code-analysis/quality-rules/ca1848) [/home/runner/work/trading-bot-c-/trading-bot-c-/src/BotCore/BotCore.csproj]
/home/runner/work/trading-bot-c-/trading-bot-c-/src/BotCore/Services/MasterDecisionOrchestrator.cs(1105,13): error CA1848: For improved performance, use the LoggerMessage delegates instead of calling 'LoggerExtensions.LogDebug(ILogger, string?, params object?[])' (https://learn.microsoft.com/dotnet/fundamentals/code-analysis/quality-rules/ca1848) [/home/runner/work/trading-bot-c-/trading-bot-c-/src/BotCore/BotCore.csproj]
/home/runner/work/trading-bot-c-/trading-bot-c-/src/BotCore/Services/MasterDecisionOrchestrator.cs(1118,9): error CA1848: For improved performance, use the LoggerMessage delegates instead of calling 'LoggerExtensions.LogInformation(ILogger, string?, params object?[])' (https://learn.microsoft.com/dotnet/fundamentals/code-analysis/quality-rules/ca1848) [/home/runner/work/trading-bot-c-/trading-bot-c-/src/BotCore/BotCore.csproj]
/home/runner/work/trading-bot-c-/trading-bot-c-/src/BotCore/Services/MasterDecisionOrchestrator.cs(1138,13): error CA1848: For improved performance, use the LoggerMessage delegates instead of calling 'LoggerExtensions.LogWarning(ILogger, string?, params object?[])' (https://learn.microsoft.com/dotnet/fundamentals/code-analysis/quality-rules/ca1848) [/home/runner/work/trading-bot-c-/trading-bot-c-/src/BotCore/BotCore.csproj]
/home/runner/work/trading-bot-c-/trading-bot-c-/src/BotCore/Services/MasterDecisionOrchestrator.cs(1145,13): error CA1848: For improved performance, use the LoggerMessage delegates instead of calling 'LoggerExtensions.LogInformation(ILogger, string?, params object?[])' (https://learn.microsoft.com/dotnet/fundamentals/code-analysis/quality-rules/ca1848) [/home/runner/work/trading-bot-c-/trading-bot-c-/src/BotCore/BotCore.csproj]
/home/runner/work/trading-bot-c-/trading-bot-c-/src/BotCore/Services/ModelEnsembleService.cs(622,13): error CA1848: For improved performance, use the LoggerMessage delegates instead of calling 'LoggerExtensions.LogDebug(ILogger, string?, params object?[])' (https://learn.microsoft.com/dotnet/fundamentals/code-analysis/quality-rules/ca1848) [/home/runner/work/trading-bot-c-/trading-bot-c-/src/BotCore/BotCore.csproj]
/home/runner/work/trading-bot-c-/trading-bot-c-/src/BotCore/Services/EnhancedMarketDataFlowService.cs(222,17): error CA1848: For improved performance, use the LoggerMessage delegates instead of calling 'LoggerExtensions.LogInformation(ILogger, string?, params object?[])' (https://learn.microsoft.com/dotnet/fundamentals/code-analysis/quality-rules/ca1848) [/home/runner/work/trading-bot-c-/trading-bot-c-/src/BotCore/BotCore.csproj]
/home/runner/work/trading-bot-c-/trading-bot-c-/src/BotCore/Services/EnhancedMarketDataFlowService.cs(228,21): error CA1848: For improved performance, use the LoggerMessage delegates instead of calling 'LoggerExtensions.LogDebug(ILogger, string?, params object?[])' (https://learn.microsoft.com/dotnet/fundamentals/code-analysis/quality-rules/ca1848) [/home/runner/work/trading-bot-c-/trading-bot-c-/src/BotCore/BotCore.csproj]
/home/runner/work/trading-bot-c-/trading-bot-c-/src/BotCore/Services/EnhancedMarketDataFlowService.cs(240,21): error CA1848: For improved performance, use the LoggerMessage delegates instead of calling 'LoggerExtensions.LogWarning(ILogger, string?, params object?[])' (https://learn.microsoft.com/dotnet/fundamentals/code-analysis/quality-rules/ca1848) [/home/runner/work/trading-bot-c-/trading-bot-c-/src/BotCore/BotCore.csproj]
/home/runner/work/trading-bot-c-/trading-bot-c-/src/BotCore/Services/EnhancedMarketDataFlowService.cs(246,17): error CA1848: For improved performance, use the LoggerMessage delegates instead of calling 'LoggerExtensions.LogError(ILogger, Exception?, string?, params object?[])' (https://learn.microsoft.com/dotnet/fundamentals/code-analysis/quality-rules/ca1848) [/home/runner/work/trading-bot-c-/trading-bot-c-/src/BotCore/BotCore.csproj]
/home/runner/work/trading-bot-c-/trading-bot-c-/src/BotCore/Services/EnhancedMarketDataFlowService.cs(244,13): error CA1031: Modify 'EnsureDataFlowHealthAsync' to catch a more specific allowed exception type, or rethrow the exception (https://learn.microsoft.com/dotnet/fundamentals/code-analysis/quality-rules/ca1031) [/home/runner/work/trading-bot-c-/trading-bot-c-/src/BotCore/BotCore.csproj]
/home/runner/work/trading-bot-c-/trading-bot-c-/src/BotCore/Services/EnhancedBacktestService.cs(167,13): error CA1848: For improved performance, use the LoggerMessage delegates instead of calling 'LoggerExtensions.LogTrace(ILogger, string?, params object?[])' (https://learn.microsoft.com/dotnet/fundamentals/code-analysis/quality-rules/ca1848) [/home/runner/work/trading-bot-c-/trading-bot-c-/src/BotCore/BotCore.csproj]
/home/runner/work/trading-bot-c-/trading-bot-c-/src/BotCore/Services/ContractService.cs(116,25): error CA1848: For improved performance, use the LoggerMessage delegates instead of calling 'LoggerExtensions.LogInformation(ILogger, string?, params object?[])' (https://learn.microsoft.com/dotnet/fundamentals/code-analysis/quality-rules/ca1848) [/home/runner/work/trading-bot-c-/trading-bot-c-/src/BotCore/BotCore.csproj]
/home/runner/work/trading-bot-c-/trading-bot-c-/src/BotCore/Services/ContractService.cs(121,17): error CA1848: For improved performance, use the LoggerMessage delegates instead of calling 'LoggerExtensions.LogDebug(ILogger, string?, params object?[])' (https://learn.microsoft.com/dotnet/fundamentals/code-analysis/quality-rules/ca1848) [/home/runner/work/trading-bot-c-/trading-bot-c-/src/BotCore/BotCore.csproj]
/home/runner/work/trading-bot-c-/trading-bot-c-/src/BotCore/Services/ContractService.cs(125,13): error CA1848: For improved performance, use the LoggerMessage delegates instead of calling 'LoggerExtensions.LogWarning(ILogger, string?, params object?[])' (https://learn.microsoft.com/dotnet/fundamentals/code-analysis/quality-rules/ca1848) [/home/runner/work/trading-bot-c-/trading-bot-c-/src/BotCore/BotCore.csproj]
/home/runner/work/trading-bot-c-/trading-bot-c-/src/BotCore/Services/ContractService.cs(130,13): error CA1848: For improved performance, use the LoggerMessage delegates instead of calling 'LoggerExtensions.LogError(ILogger, Exception?, string?, params object?[])' (https://learn.microsoft.com/dotnet/fundamentals/code-analysis/quality-rules/ca1848) [/home/runner/work/trading-bot-c-/trading-bot-c-/src/BotCore/BotCore.csproj]
/home/runner/work/trading-bot-c-/trading-bot-c-/src/BotCore/Services/EmergencyStopSystem.cs(174,13): error CA1848: For improved performance, use the LoggerMessage delegates instead of calling 'LoggerExtensions.LogCritical(ILogger, string?, params object?[])' (https://learn.microsoft.com/dotnet/fundamentals/code-analysis/quality-rules/ca1848) [/home/runner/work/trading-bot-c-/trading-bot-c-/src/BotCore/BotCore.csproj]
/home/runner/work/trading-bot-c-/trading-bot-c-/src/BotCore/Services/EmergencyStopSystem.cs(189,17): error CA1848: For improved performance, use the LoggerMessage delegates instead of calling 'LoggerExtensions.LogCritical(ILogger, string?, params object?[])' (https://learn.microsoft.com/dotnet/fundamentals/code-analysis/quality-rules/ca1848) [/home/runner/work/trading-bot-c-/trading-bot-c-/src/BotCore/BotCore.csproj]
/home/runner/work/trading-bot-c-/trading-bot-c-/src/BotCore/Services/EmergencyStopSystem.cs(193,17): error CA1848: For improved performance, use the LoggerMessage delegates instead of calling 'LoggerExtensions.LogError(ILogger, Exception?, string?, params object?[])' (https://learn.microsoft.com/dotnet/fundamentals/code-analysis/quality-rules/ca1848) [/home/runner/work/trading-bot-c-/trading-bot-c-/src/BotCore/BotCore.csproj]
/home/runner/work/trading-bot-c-/trading-bot-c-/src/BotCore/Services/EmergencyStopSystem.cs(200,17): error CA1848: For improved performance, use the LoggerMessage delegates instead of calling 'LoggerExtensions.LogInformation(ILogger, string?, params object?[])' (https://learn.microsoft.com/dotnet/fundamentals/code-analysis/quality-rules/ca1848) [/home/runner/work/trading-bot-c-/trading-bot-c-/src/BotCore/BotCore.csproj]
/home/runner/work/trading-bot-c-/trading-bot-c-/src/BotCore/Services/EmergencyStopSystem.cs(204,17): error CA1848: For improved performance, use the LoggerMessage delegates instead of calling 'LoggerExtensions.LogError(ILogger, Exception?, string?, params object?[])' (https://learn.microsoft.com/dotnet/fundamentals/code-analysis/quality-rules/ca1848) [/home/runner/work/trading-bot-c-/trading-bot-c-/src/BotCore/BotCore.csproj]
/home/runner/work/trading-bot-c-/trading-bot-c-/src/BotCore/Services/ContractService.cs(128,9): error CA1031: Modify 'TryAvailableFirstAsync' to catch a more specific allowed exception type, or rethrow the exception (https://learn.microsoft.com/dotnet/fundamentals/code-analysis/quality-rules/ca1031) [/home/runner/work/trading-bot-c-/trading-bot-c-/src/BotCore/BotCore.csproj]
/home/runner/work/trading-bot-c-/trading-bot-c-/src/BotCore/Services/EmergencyStopSystem.cs(191,13): error CA1031: Modify 'TriggerEmergencyStop' to catch a more specific allowed exception type, or rethrow the exception (https://learn.microsoft.com/dotnet/fundamentals/code-analysis/quality-rules/ca1031) [/home/runner/work/trading-bot-c-/trading-bot-c-/src/BotCore/BotCore.csproj]
/home/runner/work/trading-bot-c-/trading-bot-c-/src/BotCore/Services/EmergencyStopSystem.cs(202,13): error CA1031: Modify 'TriggerEmergencyStop' to catch a more specific allowed exception type, or rethrow the exception (https://learn.microsoft.com/dotnet/fundamentals/code-analysis/quality-rules/ca1031) [/home/runner/work/trading-bot-c-/trading-bot-c-/src/BotCore/BotCore.csproj]
/home/runner/work/trading-bot-c-/trading-bot-c-/src/BotCore/Services/HistoricalDataBridgeService.cs(568,48): error SCS0005: Weak random number generator. (https://security-code-scan.github.io/#SCS0005) [/home/runner/work/trading-bot-c-/trading-bot-c-/src/BotCore/BotCore.csproj]
/home/runner/work/trading-bot-c-/trading-bot-c-/src/BotCore/Services/HistoricalDataBridgeService.cs(579,36): error SCS0005: Weak random number generator. (https://security-code-scan.github.io/#SCS0005) [/home/runner/work/trading-bot-c-/trading-bot-c-/src/BotCore/BotCore.csproj]
/home/runner/work/trading-bot-c-/trading-bot-c-/src/BotCore/Services/HistoricalDataBridgeService.cs(568,48): error CA5394: Random is an insecure random number generator. Use cryptographically secure random number generators when randomness is required for security. (https://learn.microsoft.com/dotnet/fundamentals/code-analysis/quality-rules/ca5394) [/home/runner/work/trading-bot-c-/trading-bot-c-/src/BotCore/BotCore.csproj]
/home/runner/work/trading-bot-c-/trading-bot-c-/src/BotCore/Services/HistoricalDataBridgeService.cs(579,36): error CA5394: Random is an insecure random number generator. Use cryptographically secure random number generators when randomness is required for security. (https://learn.microsoft.com/dotnet/fundamentals/code-analysis/quality-rules/ca5394) [/home/runner/work/trading-bot-c-/trading-bot-c-/src/BotCore/BotCore.csproj]
/home/runner/work/trading-bot-c-/trading-bot-c-/src/BotCore/Services/ExecutionAnalyzer.cs(319,13): error CA1848: For improved performance, use the LoggerMessage delegates instead of calling 'LoggerExtensions.LogError(ILogger, Exception?, string?, params object?[])' (https://learn.microsoft.com/dotnet/fundamentals/code-analysis/quality-rules/ca1848) [/home/runner/work/trading-bot-c-/trading-bot-c-/src/BotCore/BotCore.csproj]
/home/runner/work/trading-bot-c-/trading-bot-c-/src/BotCore/Services/ExecutionAnalyzer.cs(323,13): error CA1848: For improved performance, use the LoggerMessage delegates instead of calling 'LoggerExtensions.LogError(ILogger, Exception?, string?, params object?[])' (https://learn.microsoft.com/dotnet/fundamentals/code-analysis/quality-rules/ca1848) [/home/runner/work/trading-bot-c-/trading-bot-c-/src/BotCore/BotCore.csproj]
/home/runner/work/trading-bot-c-/trading-bot-c-/src/BotCore/Services/ExecutionAnalyzer.cs(327,13): error CA1848: For improved performance, use the LoggerMessage delegates instead of calling 'LoggerExtensions.LogError(ILogger, Exception?, string?, params object?[])' (https://learn.microsoft.com/dotnet/fundamentals/code-analysis/quality-rules/ca1848) [/home/runner/work/trading-bot-c-/trading-bot-c-/src/BotCore/BotCore.csproj]
/home/runner/work/trading-bot-c-/trading-bot-c-/src/BotCore/Services/PerformanceTracker.cs(598,21): error CA1848: For improved performance, use the LoggerMessage delegates instead of calling 'LoggerExtensions.LogWarning(ILogger, Exception?, string?, params object?[])' (https://learn.microsoft.com/dotnet/fundamentals/code-analysis/quality-rules/ca1848) [/home/runner/work/trading-bot-c-/trading-bot-c-/src/BotCore/BotCore.csproj]
/home/runner/work/trading-bot-c-/trading-bot-c-/src/BotCore/Services/PerformanceTracker.cs(602,21): error CA1848: For improved performance, use the LoggerMessage delegates instead of calling 'LoggerExtensions.LogWarning(ILogger, Exception?, string?, params object?[])' (https://learn.microsoft.com/dotnet/fundamentals/code-analysis/quality-rules/ca1848) [/home/runner/work/trading-bot-c-/trading-bot-c-/src/BotCore/BotCore.csproj]
/home/runner/work/trading-bot-c-/trading-bot-c-/src/BotCore/Services/PerformanceTracker.cs(610,13): error CA1848: For improved performance, use the LoggerMessage delegates instead of calling 'LoggerExtensions.LogError(ILogger, Exception?, string?, params object?[])' (https://learn.microsoft.com/dotnet/fundamentals/code-analysis/quality-rules/ca1848) [/home/runner/work/trading-bot-c-/trading-bot-c-/src/BotCore/BotCore.csproj]
/home/runner/work/trading-bot-c-/trading-bot-c-/src/BotCore/Services/PerformanceTracker.cs(615,13): error CA1848: For improved performance, use the LoggerMessage delegates instead of calling 'LoggerExtensions.LogError(ILogger, Exception?, string?, params object?[])' (https://learn.microsoft.com/dotnet/fundamentals/code-analysis/quality-rules/ca1848) [/home/runner/work/trading-bot-c-/trading-bot-c-/src/BotCore/BotCore.csproj]
/home/runner/work/trading-bot-c-/trading-bot-c-/src/BotCore/Services/PerformanceTracker.cs(620,13): error CA1848: For improved performance, use the LoggerMessage delegates instead of calling 'LoggerExtensions.LogError(ILogger, Exception?, string?, params object?[])' (https://learn.microsoft.com/dotnet/fundamentals/code-analysis/quality-rules/ca1848) [/home/runner/work/trading-bot-c-/trading-bot-c-/src/BotCore/BotCore.csproj]
/home/runner/work/trading-bot-c-/trading-bot-c-/src/BotCore/Services/EnhancedMarketDataFlowService.cs(261,21): error CA1848: For improved performance, use the LoggerMessage delegates instead of calling 'LoggerExtensions.LogDebug(ILogger, string?, params object?[])' (https://learn.microsoft.com/dotnet/fundamentals/code-analysis/quality-rules/ca1848) [/home/runner/work/trading-bot-c-/trading-bot-c-/src/BotCore/BotCore.csproj]
/home/runner/work/trading-bot-c-/trading-bot-c-/src/BotCore/Services/EnhancedMarketDataFlowService.cs(265,17): error CA1848: For improved performance, use the LoggerMessage delegates instead of calling 'LoggerExtensions.LogInformation(ILogger, string?, params object?[])' (https://learn.microsoft.com/dotnet/fundamentals/code-analysis/quality-rules/ca1848) [/home/runner/work/trading-bot-c-/trading-bot-c-/src/BotCore/BotCore.csproj]
/home/runner/work/trading-bot-c-/trading-bot-c-/src/BotCore/Services/EnhancedMarketDataFlowService.cs(278,17): error CA1848: For improved performance, use the LoggerMessage delegates instead of calling 'LoggerExtensions.LogInformation(ILogger, string?, params object?[])' (https://learn.microsoft.com/dotnet/fundamentals/code-analysis/quality-rules/ca1848) [/home/runner/work/trading-bot-c-/trading-bot-c-/src/BotCore/BotCore.csproj]
/home/runner/work/trading-bot-c-/trading-bot-c-/src/BotCore/Services/EnhancedMarketDataFlowService.cs(282,17): error CA1848: For improved performance, use the LoggerMessage delegates instead of calling 'LoggerExtensions.LogError(ILogger, Exception?, string?, params object?[])' (https://learn.microsoft.com/dotnet/fundamentals/code-analysis/quality-rules/ca1848) [/home/runner/work/trading-bot-c-/trading-bot-c-/src/BotCore/BotCore.csproj]
/home/runner/work/trading-bot-c-/trading-bot-c-/src/BotCore/Services/EnhancedMarketDataFlowService.cs(280,13): error CA1031: Modify 'RequestSnapshotDataAsync' to catch a more specific allowed exception type, or rethrow the exception (https://learn.microsoft.com/dotnet/fundamentals/code-analysis/quality-rules/ca1031) [/home/runner/work/trading-bot-c-/trading-bot-c-/src/BotCore/BotCore.csproj]
/home/runner/work/trading-bot-c-/trading-bot-c-/src/BotCore/Services/ModelEnsembleService.cs(708,44): error SCS0005: Weak random number generator. (https://security-code-scan.github.io/#SCS0005) [/home/runner/work/trading-bot-c-/trading-bot-c-/src/BotCore/BotCore.csproj]
/home/runner/work/trading-bot-c-/trading-bot-c-/src/BotCore/Services/ModelEnsembleService.cs(716,35): error SCS0005: Weak random number generator. (https://security-code-scan.github.io/#SCS0005) [/home/runner/work/trading-bot-c-/trading-bot-c-/src/BotCore/BotCore.csproj]
/home/runner/work/trading-bot-c-/trading-bot-c-/src/BotCore/Services/EnhancedBacktestService.cs(196,35): error SCS0005: Weak random number generator. (https://security-code-scan.github.io/#SCS0005) [/home/runner/work/trading-bot-c-/trading-bot-c-/src/BotCore/BotCore.csproj]
/home/runner/work/trading-bot-c-/trading-bot-c-/src/BotCore/Services/ModelEnsembleService.cs(708,44): error CA5394: Random is an insecure random number generator. Use cryptographically secure random number generators when randomness is required for security. (https://learn.microsoft.com/dotnet/fundamentals/code-analysis/quality-rules/ca5394) [/home/runner/work/trading-bot-c-/trading-bot-c-/src/BotCore/BotCore.csproj]
/home/runner/work/trading-bot-c-/trading-bot-c-/src/BotCore/Services/ModelEnsembleService.cs(716,35): error CA5394: Random is an insecure random number generator. Use cryptographically secure random number generators when randomness is required for security. (https://learn.microsoft.com/dotnet/fundamentals/code-analysis/quality-rules/ca5394) [/home/runner/work/trading-bot-c-/trading-bot-c-/src/BotCore/BotCore.csproj]
/home/runner/work/trading-bot-c-/trading-bot-c-/src/BotCore/Services/EnhancedBacktestService.cs(196,35): error CA5394: Random is an insecure random number generator. Use cryptographically secure random number generators when randomness is required for security. (https://learn.microsoft.com/dotnet/fundamentals/code-analysis/quality-rules/ca5394) [/home/runner/work/trading-bot-c-/trading-bot-c-/src/BotCore/BotCore.csproj]
/home/runner/work/trading-bot-c-/trading-bot-c-/src/BotCore/Services/ContractRolloverService.cs(91,17): error CA1848: For improved performance, use the LoggerMessage delegates instead of calling 'LoggerExtensions.LogDebug(ILogger, string?, params object?[])' (https://learn.microsoft.com/dotnet/fundamentals/code-analysis/quality-rules/ca1848) [/home/runner/work/trading-bot-c-/trading-bot-c-/src/BotCore/BotCore.csproj]
/home/runner/work/trading-bot-c-/trading-bot-c-/src/BotCore/Services/ContractRolloverService.cs(103,25): error CA1848: For improved performance, use the LoggerMessage delegates instead of calling 'LoggerExtensions.LogWarning(ILogger, string?, params object?[])' (https://learn.microsoft.com/dotnet/fundamentals/code-analysis/quality-rules/ca1848) [/home/runner/work/trading-bot-c-/trading-bot-c-/src/BotCore/BotCore.csproj]
/home/runner/work/trading-bot-c-/trading-bot-c-/src/BotCore/Services/ContractRolloverService.cs(110,17): error CA1848: For improved performance, use the LoggerMessage delegates instead of calling 'LoggerExtensions.LogInformation(ILogger, string?, params object?[])' (https://learn.microsoft.com/dotnet/fundamentals/code-analysis/quality-rules/ca1848) [/home/runner/work/trading-bot-c-/trading-bot-c-/src/BotCore/BotCore.csproj]
/home/runner/work/trading-bot-c-/trading-bot-c-/src/BotCore/Services/ContractRolloverService.cs(116,17): error CA1848: For improved performance, use the LoggerMessage delegates instead of calling 'LoggerExtensions.LogError(ILogger, Exception?, string?, params object?[])' (https://learn.microsoft.com/dotnet/fundamentals/code-analysis/quality-rules/ca1848) [/home/runner/work/trading-bot-c-/trading-bot-c-/src/BotCore/BotCore.csproj]
/home/runner/work/trading-bot-c-/trading-bot-c-/src/BotCore/Services/ContractRolloverService.cs(126,17): error CA1848: For improved performance, use the LoggerMessage delegates instead of calling 'LoggerExtensions.LogError(ILogger, Exception?, string?, params object?[])' (https://learn.microsoft.com/dotnet/fundamentals/code-analysis/quality-rules/ca1848) [/home/runner/work/trading-bot-c-/trading-bot-c-/src/BotCore/BotCore.csproj]
/home/runner/work/trading-bot-c-/trading-bot-c-/src/BotCore/Services/EnhancedTradingBrainIntegration.cs(397,122): error S1172: Remove this unused method parameter 'marketContext'. (https://rules.sonarsource.com/csharp/RSPEC-1172) [/home/runner/work/trading-bot-c-/trading-bot-c-/src/BotCore/BotCore.csproj]
/home/runner/work/trading-bot-c-/trading-bot-c-/src/BotCore/Services/OrderExecutionService.cs(1294,28): error S1541: The Cyclomatic Complexity of this method is 14 which is greater than 10 authorized. (https://rules.sonarsource.com/csharp/RSPEC-1541) [/home/runner/work/trading-bot-c-/trading-bot-c-/src/BotCore/BotCore.csproj]
/home/runner/work/trading-bot-c-/trading-bot-c-/src/BotCore/Services/EmergencyStopSystem.cs(251,17): error CA1848: For improved performance, use the LoggerMessage delegates instead of calling 'LoggerExtensions.LogInformation(ILogger, string?, params object?[])' (https://learn.microsoft.com/dotnet/fundamentals/code-analysis/quality-rules/ca1848) [/home/runner/work/trading-bot-c-/trading-bot-c-/src/BotCore/BotCore.csproj]
/home/runner/work/trading-bot-c-/trading-bot-c-/src/BotCore/Services/EmergencyStopSystem.cs(255,17): error CA1848: For improved performance, use the LoggerMessage delegates instead of calling 'LoggerExtensions.LogError(ILogger, Exception?, string?, params object?[])' (https://learn.microsoft.com/dotnet/fundamentals/code-analysis/quality-rules/ca1848) [/home/runner/work/trading-bot-c-/trading-bot-c-/src/BotCore/BotCore.csproj]
/home/runner/work/trading-bot-c-/trading-bot-c-/src/BotCore/Services/EmergencyStopSystem.cs(259,17): error CA1848: For improved performance, use the LoggerMessage delegates instead of calling 'LoggerExtensions.LogError(ILogger, Exception?, string?, params object?[])' (https://learn.microsoft.com/dotnet/fundamentals/code-analysis/quality-rules/ca1848) [/home/runner/work/trading-bot-c-/trading-bot-c-/src/BotCore/BotCore.csproj]
/home/runner/work/trading-bot-c-/trading-bot-c-/src/BotCore/Services/EmergencyStopSystem.cs(263,17): error CA1848: For improved performance, use the LoggerMessage delegates instead of calling 'LoggerExtensions.LogError(ILogger, Exception?, string?, params object?[])' (https://learn.microsoft.com/dotnet/fundamentals/code-analysis/quality-rules/ca1848) [/home/runner/work/trading-bot-c-/trading-bot-c-/src/BotCore/BotCore.csproj]
/home/runner/work/trading-bot-c-/trading-bot-c-/src/BotCore/Services/ModelEnsembleService.cs(735,36): error SCS0005: Weak random number generator. (https://security-code-scan.github.io/#SCS0005) [/home/runner/work/trading-bot-c-/trading-bot-c-/src/BotCore/BotCore.csproj]
/home/runner/work/trading-bot-c-/trading-bot-c-/src/BotCore/Services/ModelEnsembleService.cs(747,38): error SCS0005: Weak random number generator. (https://security-code-scan.github.io/#SCS0005) [/home/runner/work/trading-bot-c-/trading-bot-c-/src/BotCore/BotCore.csproj]
/home/runner/work/trading-bot-c-/trading-bot-c-/src/BotCore/Services/ModelEnsembleService.cs(735,36): error CA5394: Random is an insecure random number generator. Use cryptographically secure random number generators when randomness is required for security. (https://learn.microsoft.com/dotnet/fundamentals/code-analysis/quality-rules/ca5394) [/home/runner/work/trading-bot-c-/trading-bot-c-/src/BotCore/BotCore.csproj]
/home/runner/work/trading-bot-c-/trading-bot-c-/src/BotCore/Services/ModelEnsembleService.cs(747,38): error CA5394: Random is an insecure random number generator. Use cryptographically secure random number generators when randomness is required for security. (https://learn.microsoft.com/dotnet/fundamentals/code-analysis/quality-rules/ca5394) [/home/runner/work/trading-bot-c-/trading-bot-c-/src/BotCore/BotCore.csproj]
/home/runner/work/trading-bot-c-/trading-bot-c-/src/BotCore/Services/OrderExecutionService.cs(1302,17): error CA1848: For improved performance, use the LoggerMessage delegates instead of calling 'LoggerExtensions.LogInformation(ILogger, string?, params object?[])' (https://learn.microsoft.com/dotnet/fundamentals/code-analysis/quality-rules/ca1848) [/home/runner/work/trading-bot-c-/trading-bot-c-/src/BotCore/BotCore.csproj]
/home/runner/work/trading-bot-c-/trading-bot-c-/src/BotCore/Services/OrderExecutionService.cs(1319,17): error CA1848: For improved performance, use the LoggerMessage delegates instead of calling 'LoggerExtensions.LogInformation(ILogger, string?, params object?[])' (https://learn.microsoft.com/dotnet/fundamentals/code-analysis/quality-rules/ca1848) [/home/runner/work/trading-bot-c-/trading-bot-c-/src/BotCore/BotCore.csproj]
/home/runner/work/trading-bot-c-/trading-bot-c-/src/BotCore/Services/OrderExecutionService.cs(1338,21): error CA1848: For improved performance, use the LoggerMessage delegates instead of calling 'LoggerExtensions.LogInformation(ILogger, string?, params object?[])' (https://learn.microsoft.com/dotnet/fundamentals/code-analysis/quality-rules/ca1848) [/home/runner/work/trading-bot-c-/trading-bot-c-/src/BotCore/BotCore.csproj]
/home/runner/work/trading-bot-c-/trading-bot-c-/src/BotCore/Services/OrderExecutionService.cs(1343,21): error CA1848: For improved performance, use the LoggerMessage delegates instead of calling 'LoggerExtensions.LogError(ILogger, string?, params object?[])' (https://learn.microsoft.com/dotnet/fundamentals/code-analysis/quality-rules/ca1848) [/home/runner/work/trading-bot-c-/trading-bot-c-/src/BotCore/BotCore.csproj]
/home/runner/work/trading-bot-c-/trading-bot-c-/src/BotCore/Services/OrderExecutionService.cs(1355,17): error CA1848: For improved performance, use the LoggerMessage delegates instead of calling 'LoggerExtensions.LogInformation(ILogger, string?, params object?[])' (https://learn.microsoft.com/dotnet/fundamentals/code-analysis/quality-rules/ca1848) [/home/runner/work/trading-bot-c-/trading-bot-c-/src/BotCore/BotCore.csproj]
/home/runner/work/trading-bot-c-/trading-bot-c-/src/BotCore/Services/OrderExecutionService.cs(1367,21): error CA1848: For improved performance, use the LoggerMessage delegates instead of calling 'LoggerExtensions.LogInformation(ILogger, string?, params object?[])' (https://learn.microsoft.com/dotnet/fundamentals/code-analysis/quality-rules/ca1848) [/home/runner/work/trading-bot-c-/trading-bot-c-/src/BotCore/BotCore.csproj]
/home/runner/work/trading-bot-c-/trading-bot-c-/src/BotCore/Services/OrderExecutionService.cs(1382,25): error CA1848: For improved performance, use the LoggerMessage delegates instead of calling 'LoggerExtensions.LogError(ILogger, string?, params object?[])' (https://learn.microsoft.com/dotnet/fundamentals/code-analysis/quality-rules/ca1848) [/home/runner/work/trading-bot-c-/trading-bot-c-/src/BotCore/BotCore.csproj]
/home/runner/work/trading-bot-c-/trading-bot-c-/src/BotCore/Services/OrderExecutionService.cs(1388,21): error CA1848: For improved performance, use the LoggerMessage delegates instead of calling 'LoggerExtensions.LogInformation(ILogger, string?, params object?[])' (https://learn.microsoft.com/dotnet/fundamentals/code-analysis/quality-rules/ca1848) [/home/runner/work/trading-bot-c-/trading-bot-c-/src/BotCore/BotCore.csproj]
/home/runner/work/trading-bot-c-/trading-bot-c-/src/BotCore/Services/ExecutionAnalyzer.cs(353,13): error CA1848: For improved performance, use the LoggerMessage delegates instead of calling 'LoggerExtensions.LogError(ILogger, Exception?, string?, params object?[])' (https://learn.microsoft.com/dotnet/fundamentals/code-analysis/quality-rules/ca1848) [/home/runner/work/trading-bot-c-/trading-bot-c-/src/BotCore/BotCore.csproj]
/home/runner/work/trading-bot-c-/trading-bot-c-/src/BotCore/Services/ExecutionAnalyzer.cs(357,13): error CA1848: For improved performance, use the LoggerMessage delegates instead of calling 'LoggerExtensions.LogError(ILogger, Exception?, string?, params object?[])' (https://learn.microsoft.com/dotnet/fundamentals/code-analysis/quality-rules/ca1848) [/home/runner/work/trading-bot-c-/trading-bot-c-/src/BotCore/BotCore.csproj]
/home/runner/work/trading-bot-c-/trading-bot-c-/src/BotCore/Services/ExecutionAnalyzer.cs(361,13): error CA1848: For improved performance, use the LoggerMessage delegates instead of calling 'LoggerExtensions.LogError(ILogger, Exception?, string?, params object?[])' (https://learn.microsoft.com/dotnet/fundamentals/code-analysis/quality-rules/ca1848) [/home/runner/work/trading-bot-c-/trading-bot-c-/src/BotCore/BotCore.csproj]
/home/runner/work/trading-bot-c-/trading-bot-c-/src/BotCore/Services/EmergencyStopSystem.cs(278,21): error CA1848: For improved performance, use the LoggerMessage delegates instead of calling 'LoggerExtensions.LogInformation(ILogger, string?, params object?[])' (https://learn.microsoft.com/dotnet/fundamentals/code-analysis/quality-rules/ca1848) [/home/runner/work/trading-bot-c-/trading-bot-c-/src/BotCore/BotCore.csproj]
/home/runner/work/trading-bot-c-/trading-bot-c-/src/BotCore/Services/EmergencyStopSystem.cs(287,17): error CA1848: For improved performance, use the LoggerMessage delegates instead of calling 'LoggerExtensions.LogWarning(ILogger, string?, params object?[])' (https://learn.microsoft.com/dotnet/fundamentals/code-analysis/quality-rules/ca1848) [/home/runner/work/trading-bot-c-/trading-bot-c-/src/BotCore/BotCore.csproj]
/home/runner/work/trading-bot-c-/trading-bot-c-/src/BotCore/Services/EmergencyStopSystem.cs(292,17): error CA1848: For improved performance, use the LoggerMessage delegates instead of calling 'LoggerExtensions.LogError(ILogger, Exception?, string?, params object?[])' (https://learn.microsoft.com/dotnet/fundamentals/code-analysis/quality-rules/ca1848) [/home/runner/work/trading-bot-c-/trading-bot-c-/src/BotCore/BotCore.csproj]
/home/runner/work/trading-bot-c-/trading-bot-c-/src/BotCore/Services/EmergencyStopSystem.cs(297,17): error CA1848: For improved performance, use the LoggerMessage delegates instead of calling 'LoggerExtensions.LogError(ILogger, Exception?, string?, params object?[])' (https://learn.microsoft.com/dotnet/fundamentals/code-analysis/quality-rules/ca1848) [/home/runner/work/trading-bot-c-/trading-bot-c-/src/BotCore/BotCore.csproj]
/home/runner/work/trading-bot-c-/trading-bot-c-/src/BotCore/Services/EnhancedMarketDataFlowService.cs(293,17): error CA1848: For improved performance, use the LoggerMessage delegates instead of calling 'LoggerExtensions.LogDebug(ILogger, string?, params object?[])' (https://learn.microsoft.com/dotnet/fundamentals/code-analysis/quality-rules/ca1848) [/home/runner/work/trading-bot-c-/trading-bot-c-/src/BotCore/BotCore.csproj]
/home/runner/work/trading-bot-c-/trading-bot-c-/src/BotCore/Services/EnhancedMarketDataFlowService.cs(304,25): error CA1848: For improved performance, use the LoggerMessage delegates instead of calling 'LoggerExtensions.LogDebug(ILogger, string?, params object?[])' (https://learn.microsoft.com/dotnet/fundamentals/code-analysis/quality-rules/ca1848) [/home/runner/work/trading-bot-c-/trading-bot-c-/src/BotCore/BotCore.csproj]
/home/runner/work/trading-bot-c-/trading-bot-c-/src/BotCore/Services/EnhancedMarketDataFlowService.cs(311,17): error CA1848: For improved performance, use the LoggerMessage delegates instead of calling 'LoggerExtensions.LogWarning(ILogger, string?, params object?[])' (https://learn.microsoft.com/dotnet/fundamentals/code-analysis/quality-rules/ca1848) [/home/runner/work/trading-bot-c-/trading-bot-c-/src/BotCore/BotCore.csproj]
/home/runner/work/trading-bot-c-/trading-bot-c-/src/BotCore/Services/EnhancedMarketDataFlowService.cs(316,17): error CA1848: For improved performance, use the LoggerMessage delegates instead of calling 'LoggerExtensions.LogError(ILogger, Exception?, string?, params object?[])' (https://learn.microsoft.com/dotnet/fundamentals/code-analysis/quality-rules/ca1848) [/home/runner/work/trading-bot-c-/trading-bot-c-/src/BotCore/BotCore.csproj]
/home/runner/work/trading-bot-c-/trading-bot-c-/src/BotCore/Services/EnhancedMarketDataFlowService.cs(314,13): error CA1031: Modify 'VerifyDataFlowAsync' to catch a more specific allowed exception type, or rethrow the exception (https://learn.microsoft.com/dotnet/fundamentals/code-analysis/quality-rules/ca1031) [/home/runner/work/trading-bot-c-/trading-bot-c-/src/BotCore/BotCore.csproj]
/home/runner/work/trading-bot-c-/trading-bot-c-/src/BotCore/Services/ComponentHealthMonitoringService.cs(49,13): error CA1848: For improved performance, use the LoggerMessage delegates instead of calling 'LoggerExtensions.LogInformation(ILogger, string?, params object?[])' (https://learn.microsoft.com/dotnet/fundamentals/code-analysis/quality-rules/ca1848) [/home/runner/work/trading-bot-c-/trading-bot-c-/src/BotCore/BotCore.csproj]
/home/runner/work/trading-bot-c-/trading-bot-c-/src/BotCore/Services/ComponentHealthMonitoringService.cs(56,17): error CA1848: For improved performance, use the LoggerMessage delegates instead of calling 'LoggerExtensions.LogWarning(ILogger, string?, params object?[])' (https://learn.microsoft.com/dotnet/fundamentals/code-analysis/quality-rules/ca1848) [/home/runner/work/trading-bot-c-/trading-bot-c-/src/BotCore/BotCore.csproj]
/home/runner/work/trading-bot-c-/trading-bot-c-/src/BotCore/Services/ComponentHealthMonitoringService.cs(60,13): error CA1848: For improved performance, use the LoggerMessage delegates instead of calling 'LoggerExtensions.LogInformation(ILogger, string?, params object?[])' (https://learn.microsoft.com/dotnet/fundamentals/code-analysis/quality-rules/ca1848) [/home/runner/work/trading-bot-c-/trading-bot-c-/src/BotCore/BotCore.csproj]
/home/runner/work/trading-bot-c-/trading-bot-c-/src/BotCore/Services/ComponentHealthMonitoringService.cs(79,21): error CA1848: For improved performance, use the LoggerMessage delegates instead of calling 'LoggerExtensions.LogError(ILogger, Exception?, string?, params object?[])' (https://learn.microsoft.com/dotnet/fundamentals/code-analysis/quality-rules/ca1848) [/home/runner/work/trading-bot-c-/trading-bot-c-/src/BotCore/BotCore.csproj]
/home/runner/work/trading-bot-c-/trading-bot-c-/src/BotCore/Services/ComponentHealthMonitoringService.cs(84,13): error CA1848: For improved performance, use the LoggerMessage delegates instead of calling 'LoggerExtensions.LogInformation(ILogger, string?, params object?[])' (https://learn.microsoft.com/dotnet/fundamentals/code-analysis/quality-rules/ca1848) [/home/runner/work/trading-bot-c-/trading-bot-c-/src/BotCore/BotCore.csproj]
/home/runner/work/trading-bot-c-/trading-bot-c-/src/BotCore/Services/ComponentHealthMonitoringService.cs(88,13): error CA1848: For improved performance, use the LoggerMessage delegates instead of calling 'LoggerExtensions.LogInformation(ILogger, Exception?, string?, params object?[])' (https://learn.microsoft.com/dotnet/fundamentals/code-analysis/quality-rules/ca1848) [/home/runner/work/trading-bot-c-/trading-bot-c-/src/BotCore/BotCore.csproj]
/home/runner/work/trading-bot-c-/trading-bot-c-/src/BotCore/Services/ComponentHealthMonitoringService.cs(92,13): error CA1848: For improved performance, use the LoggerMessage delegates instead of calling 'LoggerExtensions.LogCritical(ILogger, Exception?, string?, params object?[])' (https://learn.microsoft.com/dotnet/fundamentals/code-analysis/quality-rules/ca1848) [/home/runner/work/trading-bot-c-/trading-bot-c-/src/BotCore/BotCore.csproj]
/home/runner/work/trading-bot-c-/trading-bot-c-/src/BotCore/Services/ContractRolloverService.cs(175,17): error CA1848: For improved performance, use the LoggerMessage delegates instead of calling 'LoggerExtensions.LogError(ILogger, Exception?, string?, params object?[])' (https://learn.microsoft.com/dotnet/fundamentals/code-analysis/quality-rules/ca1848) [/home/runner/work/trading-bot-c-/trading-bot-c-/src/BotCore/BotCore.csproj]
/home/runner/work/trading-bot-c-/trading-bot-c-/src/BotCore/Services/ContractRolloverService.cs(180,17): error CA1848: For improved performance, use the LoggerMessage delegates instead of calling 'LoggerExtensions.LogError(ILogger, Exception?, string?, params object?[])' (https://learn.microsoft.com/dotnet/fundamentals/code-analysis/quality-rules/ca1848) [/home/runner/work/trading-bot-c-/trading-bot-c-/src/BotCore/BotCore.csproj]
/home/runner/work/trading-bot-c-/trading-bot-c-/src/BotCore/Services/ContractService.cs(159,25): error CA1848: For improved performance, use the LoggerMessage delegates instead of calling 'LoggerExtensions.LogInformation(ILogger, string?, params object?[])' (https://learn.microsoft.com/dotnet/fundamentals/code-analysis/quality-rules/ca1848) [/home/runner/work/trading-bot-c-/trading-bot-c-/src/BotCore/BotCore.csproj]
/home/runner/work/trading-bot-c-/trading-bot-c-/src/BotCore/Services/ContractService.cs(164,17): error CA1848: For improved performance, use the LoggerMessage delegates instead of calling 'LoggerExtensions.LogWarning(ILogger, string?, params object?[])' (https://learn.microsoft.com/dotnet/fundamentals/code-analysis/quality-rules/ca1848) [/home/runner/work/trading-bot-c-/trading-bot-c-/src/BotCore/BotCore.csproj]
/home/runner/work/trading-bot-c-/trading-bot-c-/src/BotCore/Services/ContractService.cs(168,13): error CA1848: For improved performance, use the LoggerMessage delegates instead of calling 'LoggerExtensions.LogWarning(ILogger, string?, params object?[])' (https://learn.microsoft.com/dotnet/fundamentals/code-analysis/quality-rules/ca1848) [/home/runner/work/trading-bot-c-/trading-bot-c-/src/BotCore/BotCore.csproj]
/home/runner/work/trading-bot-c-/trading-bot-c-/src/BotCore/Services/ContractService.cs(173,13): error CA1848: For improved performance, use the LoggerMessage delegates instead of calling 'LoggerExtensions.LogError(ILogger, Exception?, string?, params object?[])' (https://learn.microsoft.com/dotnet/fundamentals/code-analysis/quality-rules/ca1848) [/home/runner/work/trading-bot-c-/trading-bot-c-/src/BotCore/BotCore.csproj]
/home/runner/work/trading-bot-c-/trading-bot-c-/src/BotCore/Services/ContractService.cs(171,9): error CA1031: Modify 'TrySearchFallbackAsync' to catch a more specific allowed exception type, or rethrow the exception (https://learn.microsoft.com/dotnet/fundamentals/code-analysis/quality-rules/ca1031) [/home/runner/work/trading-bot-c-/trading-bot-c-/src/BotCore/BotCore.csproj]
/home/runner/work/trading-bot-c-/trading-bot-c-/src/BotCore/Services/OrderExecutionService.cs(1402,13): error CA1848: For improved performance, use the LoggerMessage delegates instead of calling 'LoggerExtensions.LogInformation(ILogger, string?, params object?[])' (https://learn.microsoft.com/dotnet/fundamentals/code-analysis/quality-rules/ca1848) [/home/runner/work/trading-bot-c-/trading-bot-c-/src/BotCore/BotCore.csproj]
/home/runner/work/trading-bot-c-/trading-bot-c-/src/BotCore/Services/PerformanceTracker.cs(646,13): error CA1848: For improved performance, use the LoggerMessage delegates instead of calling 'LoggerExtensions.LogError(ILogger, Exception?, string?, params object?[])' (https://learn.microsoft.com/dotnet/fundamentals/code-analysis/quality-rules/ca1848) [/home/runner/work/trading-bot-c-/trading-bot-c-/src/BotCore/BotCore.csproj]
/home/runner/work/trading-bot-c-/trading-bot-c-/src/BotCore/Services/PerformanceTracker.cs(650,13): error CA1848: For improved performance, use the LoggerMessage delegates instead of calling 'LoggerExtensions.LogError(ILogger, Exception?, string?, params object?[])' (https://learn.microsoft.com/dotnet/fundamentals/code-analysis/quality-rules/ca1848) [/home/runner/work/trading-bot-c-/trading-bot-c-/src/BotCore/BotCore.csproj]
/home/runner/work/trading-bot-c-/trading-bot-c-/src/BotCore/Services/PerformanceTracker.cs(654,13): error CA1848: For improved performance, use the LoggerMessage delegates instead of calling 'LoggerExtensions.LogError(ILogger, Exception?, string?, params object?[])' (https://learn.microsoft.com/dotnet/fundamentals/code-analysis/quality-rules/ca1848) [/home/runner/work/trading-bot-c-/trading-bot-c-/src/BotCore/BotCore.csproj]
/home/runner/work/trading-bot-c-/trading-bot-c-/src/BotCore/Services/ModelEnsembleService.cs(781,25): error S3966: Resource 'disposable' has already been disposed explicitly or through a using statement implicitly. Remove the redundant disposal. (https://rules.sonarsource.com/csharp/RSPEC-3966) [/home/runner/work/trading-bot-c-/trading-bot-c-/src/BotCore/BotCore.csproj]
/home/runner/work/trading-bot-c-/trading-bot-c-/src/BotCore/Services/ModelEnsembleService.cs(782,25): error CA1848: For improved performance, use the LoggerMessage delegates instead of calling 'LoggerExtensions.LogDebug(ILogger, string?, params object?[])' (https://learn.microsoft.com/dotnet/fundamentals/code-analysis/quality-rules/ca1848) [/home/runner/work/trading-bot-c-/trading-bot-c-/src/BotCore/BotCore.csproj]
/home/runner/work/trading-bot-c-/trading-bot-c-/src/BotCore/Services/ModelEnsembleService.cs(786,25): error CA1848: For improved performance, use the LoggerMessage delegates instead of calling 'LoggerExtensions.LogWarning(ILogger, Exception?, string?, params object?[])' (https://learn.microsoft.com/dotnet/fundamentals/code-analysis/quality-rules/ca1848) [/home/runner/work/trading-bot-c-/trading-bot-c-/src/BotCore/BotCore.csproj]
/home/runner/work/trading-bot-c-/trading-bot-c-/src/BotCore/Services/ModelEnsembleService.cs(793,13): error CA1848: For improved performance, use the LoggerMessage delegates instead of calling 'LoggerExtensions.LogInformation(ILogger, string?, params object?[])' (https://learn.microsoft.com/dotnet/fundamentals/code-analysis/quality-rules/ca1848) [/home/runner/work/trading-bot-c-/trading-bot-c-/src/BotCore/BotCore.csproj]
/home/runner/work/trading-bot-c-/trading-bot-c-/src/BotCore/Services/ModelEnsembleService.cs(784,21): error CA1031: Modify 'Dispose' to catch a more specific allowed exception type, or rethrow the exception (https://learn.microsoft.com/dotnet/fundamentals/code-analysis/quality-rules/ca1031) [/home/runner/work/trading-bot-c-/trading-bot-c-/src/BotCore/BotCore.csproj]
/home/runner/work/trading-bot-c-/trading-bot-c-/src/BotCore/Services/EmergencyStopSystem.cs(302,30): error CA1816: Change EmergencyStopSystem.Dispose() to call GC.SuppressFinalize(object). This will prevent derived types that introduce a finalizer from needing to re-implement 'IDisposable' to call it. (https://learn.microsoft.com/dotnet/fundamentals/code-analysis/quality-rules/ca1816) [/home/runner/work/trading-bot-c-/trading-bot-c-/src/BotCore/BotCore.csproj]
/home/runner/work/trading-bot-c-/trading-bot-c-/src/BotCore/Services/EnhancedMarketDataFlowService.cs(330,13): error CA1848: For improved performance, use the LoggerMessage delegates instead of calling 'LoggerExtensions.LogInformation(ILogger, string?, params object?[])' (https://learn.microsoft.com/dotnet/fundamentals/code-analysis/quality-rules/ca1848) [/home/runner/work/trading-bot-c-/trading-bot-c-/src/BotCore/BotCore.csproj]
/home/runner/work/trading-bot-c-/trading-bot-c-/src/BotCore/Services/EnhancedMarketDataFlowService.cs(342,17): error CA1848: For improved performance, use the LoggerMessage delegates instead of calling 'LoggerExtensions.LogInformation(ILogger, Exception?, string?, params object?[])' (https://learn.microsoft.com/dotnet/fundamentals/code-analysis/quality-rules/ca1848) [/home/runner/work/trading-bot-c-/trading-bot-c-/src/BotCore/BotCore.csproj]
/home/runner/work/trading-bot-c-/trading-bot-c-/src/BotCore/Services/EnhancedMarketDataFlowService.cs(346,17): error CA1848: For improved performance, use the LoggerMessage delegates instead of calling 'LoggerExtensions.LogError(ILogger, Exception?, string?, params object?[])' (https://learn.microsoft.com/dotnet/fundamentals/code-analysis/quality-rules/ca1848) [/home/runner/work/trading-bot-c-/trading-bot-c-/src/BotCore/BotCore.csproj]
/home/runner/work/trading-bot-c-/trading-bot-c-/src/BotCore/Services/EnhancedMarketDataFlowService.cs(344,13): error CA1031: Modify 'StartHealthMonitoringAsync' to catch a more specific allowed exception type, or rethrow the exception (https://learn.microsoft.com/dotnet/fundamentals/code-analysis/quality-rules/ca1031) [/home/runner/work/trading-bot-c-/trading-bot-c-/src/BotCore/BotCore.csproj]
/home/runner/work/trading-bot-c-/trading-bot-c-/src/BotCore/Services/EnhancedTradingBrainIntegration.cs(435,9): error S1172: Remove this unused method parameter 'originalDecision'. (https://rules.sonarsource.com/csharp/RSPEC-1172) [/home/runner/work/trading-bot-c-/trading-bot-c-/src/BotCore/BotCore.csproj]
/home/runner/work/trading-bot-c-/trading-bot-c-/src/BotCore/Services/ComponentDiscoveryService.cs(42,9): error CA1848: For improved performance, use the LoggerMessage delegates instead of calling 'LoggerExtensions.LogInformation(ILogger, string?, params object?[])' (https://learn.microsoft.com/dotnet/fundamentals/code-analysis/quality-rules/ca1848) [/home/runner/work/trading-bot-c-/trading-bot-c-/src/BotCore/BotCore.csproj]
/home/runner/work/trading-bot-c-/trading-bot-c-/src/BotCore/Services/ComponentDiscoveryService.cs(64,9): error CA1848: For improved performance, use the LoggerMessage delegates instead of calling 'LoggerExtensions.LogInformation(ILogger, string?, params object?[])' (https://learn.microsoft.com/dotnet/fundamentals/code-analysis/quality-rules/ca1848) [/home/runner/work/trading-bot-c-/trading-bot-c-/src/BotCore/BotCore.csproj]
/home/runner/work/trading-bot-c-/trading-bot-c-/src/BotCore/Services/EnhancedBacktestService.cs(311,17): error CA1848: For improved performance, use the LoggerMessage delegates instead of calling 'LoggerExtensions.LogError(ILogger, Exception?, string?, params object?[])' (https://learn.microsoft.com/dotnet/fundamentals/code-analysis/quality-rules/ca1848) [/home/runner/work/trading-bot-c-/trading-bot-c-/src/BotCore/BotCore.csproj]
/home/runner/work/trading-bot-c-/trading-bot-c-/src/BotCore/Services/EnhancedBacktestService.cs(309,13): error CA1031: Modify 'ProcessSignalWithFrictionAsync' to catch a more specific allowed exception type, or rethrow the exception (https://learn.microsoft.com/dotnet/fundamentals/code-analysis/quality-rules/ca1031) [/home/runner/work/trading-bot-c-/trading-bot-c-/src/BotCore/BotCore.csproj]
/home/runner/work/trading-bot-c-/trading-bot-c-/src/BotCore/Services/ContractRolloverService.cs(200,21): error CA1848: For improved performance, use the LoggerMessage delegates instead of calling 'LoggerExtensions.LogInformation(ILogger, string?, params object?[])' (https://learn.microsoft.com/dotnet/fundamentals/code-analysis/quality-rules/ca1848) [/home/runner/work/trading-bot-c-/trading-bot-c-/src/BotCore/BotCore.csproj]
/home/runner/work/trading-bot-c-/trading-bot-c-/src/BotCore/Services/ContractRolloverService.cs(208,17): error CA1848: For improved performance, use the LoggerMessage delegates instead of calling 'LoggerExtensions.LogError(ILogger, Exception?, string?, params object?[])' (https://learn.microsoft.com/dotnet/fundamentals/code-analysis/quality-rules/ca1848) [/home/runner/work/trading-bot-c-/trading-bot-c-/src/BotCore/BotCore.csproj]
/home/runner/work/trading-bot-c-/trading-bot-c-/src/BotCore/Services/ContractRolloverService.cs(213,17): error CA1848: For improved performance, use the LoggerMessage delegates instead of calling 'LoggerExtensions.LogError(ILogger, Exception?, string?, params object?[])' (https://learn.microsoft.com/dotnet/fundamentals/code-analysis/quality-rules/ca1848) [/home/runner/work/trading-bot-c-/trading-bot-c-/src/BotCore/BotCore.csproj]
/home/runner/work/trading-bot-c-/trading-bot-c-/src/BotCore/Services/EnhancedTradingBrainIntegration.cs(490,13): error CA1848: For improved performance, use the LoggerMessage delegates instead of calling 'LoggerExtensions.LogDebug(ILogger, string?, params object?[])' (https://learn.microsoft.com/dotnet/fundamentals/code-analysis/quality-rules/ca1848) [/home/runner/work/trading-bot-c-/trading-bot-c-/src/BotCore/BotCore.csproj]
/home/runner/work/trading-bot-c-/trading-bot-c-/src/BotCore/Services/EnhancedTradingBrainIntegration.cs(495,13): error CA1848: For improved performance, use the LoggerMessage delegates instead of calling 'LoggerExtensions.LogError(ILogger, Exception?, string?, params object?[])' (https://learn.microsoft.com/dotnet/fundamentals/code-analysis/quality-rules/ca1848) [/home/runner/work/trading-bot-c-/trading-bot-c-/src/BotCore/BotCore.csproj]
/home/runner/work/trading-bot-c-/trading-bot-c-/src/BotCore/Services/EnhancedTradingBrainIntegration.cs(493,9): error CA1031: Modify 'SubmitTradingOutcome' to catch a more specific allowed exception type, or rethrow the exception (https://learn.microsoft.com/dotnet/fundamentals/code-analysis/quality-rules/ca1031) [/home/runner/work/trading-bot-c-/trading-bot-c-/src/BotCore/BotCore.csproj]
/home/runner/work/trading-bot-c-/trading-bot-c-/src/BotCore/Services/EnhancedTradingBrainIntegration.cs(525,13): error CA1848: For improved performance, use the LoggerMessage delegates instead of calling 'LoggerExtensions.LogDebug(ILogger, string?, params object?[])' (https://learn.microsoft.com/dotnet/fundamentals/code-analysis/quality-rules/ca1848) [/home/runner/work/trading-bot-c-/trading-bot-c-/src/BotCore/BotCore.csproj]
/home/runner/work/trading-bot-c-/trading-bot-c-/src/BotCore/Services/EnhancedTradingBrainIntegration.cs(530,13): error CA1848: For improved performance, use the LoggerMessage delegates instead of calling 'LoggerExtensions.LogError(ILogger, Exception?, string?, params object?[])' (https://learn.microsoft.com/dotnet/fundamentals/code-analysis/quality-rules/ca1848) [/home/runner/work/trading-bot-c-/trading-bot-c-/src/BotCore/BotCore.csproj]
/home/runner/work/trading-bot-c-/trading-bot-c-/src/BotCore/Services/EnhancedTradingBrainIntegration.cs(528,9): error CA1031: Modify 'SubmitPredictionFeedback' to catch a more specific allowed exception type, or rethrow the exception (https://learn.microsoft.com/dotnet/fundamentals/code-analysis/quality-rules/ca1031) [/home/runner/work/trading-bot-c-/trading-bot-c-/src/BotCore/BotCore.csproj]
/home/runner/work/trading-bot-c-/trading-bot-c-/src/BotCore/Services/MasterDecisionOrchestrator.cs(1154,24): error S1541: The Cyclomatic Complexity of this method is 11 which is greater than 10 authorized. (https://rules.sonarsource.com/csharp/RSPEC-1541) [/home/runner/work/trading-bot-c-/trading-bot-c-/src/BotCore/BotCore.csproj]
/home/runner/work/trading-bot-c-/trading-bot-c-/src/BotCore/Services/MasterDecisionOrchestrator.cs(1154,24): error S138: This method 'ExecuteRollbackAsync' has 98 lines, which is greater than the 80 lines authorized. Split it into smaller methods. (https://rules.sonarsource.com/csharp/RSPEC-138) [/home/runner/work/trading-bot-c-/trading-bot-c-/src/BotCore/BotCore.csproj]
/home/runner/work/trading-bot-c-/trading-bot-c-/src/BotCore/Services/EnhancedMarketDataFlowService.cs(379,17): error CA1848: For improved performance, use the LoggerMessage delegates instead of calling 'LoggerExtensions.LogTrace(ILogger, string?, params object?[])' (https://learn.microsoft.com/dotnet/fundamentals/code-analysis/quality-rules/ca1848) [/home/runner/work/trading-bot-c-/trading-bot-c-/src/BotCore/BotCore.csproj]
/home/runner/work/trading-bot-c-/trading-bot-c-/src/BotCore/Services/EnhancedMarketDataFlowService.cs(383,17): error CA1848: For improved performance, use the LoggerMessage delegates instead of calling 'LoggerExtensions.LogError(ILogger, Exception?, string?, params object?[])' (https://learn.microsoft.com/dotnet/fundamentals/code-analysis/quality-rules/ca1848) [/home/runner/work/trading-bot-c-/trading-bot-c-/src/BotCore/BotCore.csproj]
/home/runner/work/trading-bot-c-/trading-bot-c-/src/BotCore/Services/EnhancedMarketDataFlowService.cs(381,13): error CA1031: Modify 'SimulateMarketDataReceived' to catch a more specific allowed exception type, or rethrow the exception (https://learn.microsoft.com/dotnet/fundamentals/code-analysis/quality-rules/ca1031) [/home/runner/work/trading-bot-c-/trading-bot-c-/src/BotCore/BotCore.csproj]
/home/runner/work/trading-bot-c-/trading-bot-c-/src/BotCore/Services/MasterDecisionOrchestrator.cs(1159,9): error CA1848: For improved performance, use the LoggerMessage delegates instead of calling 'LoggerExtensions.LogError(ILogger, string?, params object?[])' (https://learn.microsoft.com/dotnet/fundamentals/code-analysis/quality-rules/ca1848) [/home/runner/work/trading-bot-c-/trading-bot-c-/src/BotCore/BotCore.csproj]
/home/runner/work/trading-bot-c-/trading-bot-c-/src/BotCore/Services/MasterDecisionOrchestrator.cs(1161,9): error CA1848: For improved performance, use the LoggerMessage delegates instead of calling 'LoggerExtensions.LogError(ILogger, string?, params object?[])' (https://learn.microsoft.com/dotnet/fundamentals/code-analysis/quality-rules/ca1848) [/home/runner/work/trading-bot-c-/trading-bot-c-/src/BotCore/BotCore.csproj]
/home/runner/work/trading-bot-c-/trading-bot-c-/src/BotCore/Services/MasterDecisionOrchestrator.cs(1164,9): error CA1848: For improved performance, use the LoggerMessage delegates instead of calling 'LoggerExtensions.LogError(ILogger, string?, params object?[])' (https://learn.microsoft.com/dotnet/fundamentals/code-analysis/quality-rules/ca1848) [/home/runner/work/trading-bot-c-/trading-bot-c-/src/BotCore/BotCore.csproj]
/home/runner/work/trading-bot-c-/trading-bot-c-/src/BotCore/Services/MasterDecisionOrchestrator.cs(1177,17): error CA1848: For improved performance, use the LoggerMessage delegates instead of calling 'LoggerExtensions.LogError(ILogger, string?, params object?[])' (https://learn.microsoft.com/dotnet/fundamentals/code-analysis/quality-rules/ca1848) [/home/runner/work/trading-bot-c-/trading-bot-c-/src/BotCore/BotCore.csproj]
/home/runner/work/trading-bot-c-/trading-bot-c-/src/BotCore/Services/MasterDecisionOrchestrator.cs(1190,17): error CA1848: For improved performance, use the LoggerMessage delegates instead of calling 'LoggerExtensions.LogError(ILogger, string?, params object?[])' (https://learn.microsoft.com/dotnet/fundamentals/code-analysis/quality-rules/ca1848) [/home/runner/work/trading-bot-c-/trading-bot-c-/src/BotCore/BotCore.csproj]
/home/runner/work/trading-bot-c-/trading-bot-c-/src/BotCore/Services/MasterDecisionOrchestrator.cs(1200,13): error CA1848: For improved performance, use the LoggerMessage delegates instead of calling 'LoggerExtensions.LogInformation(ILogger, string?, params object?[])' (https://learn.microsoft.com/dotnet/fundamentals/code-analysis/quality-rules/ca1848) [/home/runner/work/trading-bot-c-/trading-bot-c-/src/BotCore/BotCore.csproj]
/home/runner/work/trading-bot-c-/trading-bot-c-/src/BotCore/Services/MasterDecisionOrchestrator.cs(1212,17): error CA1848: For improved performance, use the LoggerMessage delegates instead of calling 'LoggerExtensions.LogInformation(ILogger, string?, params object?[])' (https://learn.microsoft.com/dotnet/fundamentals/code-analysis/quality-rules/ca1848) [/home/runner/work/trading-bot-c-/trading-bot-c-/src/BotCore/BotCore.csproj]
/home/runner/work/trading-bot-c-/trading-bot-c-/src/BotCore/Services/MasterDecisionOrchestrator.cs(1226,21): error CA1848: For improved performance, use the LoggerMessage delegates instead of calling 'LoggerExtensions.LogInformation(ILogger, string?, params object?[])' (https://learn.microsoft.com/dotnet/fundamentals/code-analysis/quality-rules/ca1848) [/home/runner/work/trading-bot-c-/trading-bot-c-/src/BotCore/BotCore.csproj]
/home/runner/work/trading-bot-c-/trading-bot-c-/src/BotCore/Services/MasterDecisionOrchestrator.cs(1233,13): error CA1848: For improved performance, use the LoggerMessage delegates instead of calling 'LoggerExtensions.LogWarning(ILogger, string?, params object?[])' (https://learn.microsoft.com/dotnet/fundamentals/code-analysis/quality-rules/ca1848) [/home/runner/work/trading-bot-c-/trading-bot-c-/src/BotCore/BotCore.csproj]
/home/runner/work/trading-bot-c-/trading-bot-c-/src/BotCore/Services/MasterDecisionOrchestrator.cs(1245,17): error CA1848: For improved performance, use the LoggerMessage delegates instead of calling 'LoggerExtensions.LogCritical(ILogger, string?, params object?[])' (https://learn.microsoft.com/dotnet/fundamentals/code-analysis/quality-rules/ca1848) [/home/runner/work/trading-bot-c-/trading-bot-c-/src/BotCore/BotCore.csproj]
/home/runner/work/trading-bot-c-/trading-bot-c-/src/BotCore/Services/MasterDecisionOrchestrator.cs(1254,13): error CA1848: For improved performance, use the LoggerMessage delegates instead of calling 'LoggerExtensions.LogInformation(ILogger, string?, params object?[])' (https://learn.microsoft.com/dotnet/fundamentals/code-analysis/quality-rules/ca1848) [/home/runner/work/trading-bot-c-/trading-bot-c-/src/BotCore/BotCore.csproj]
/home/runner/work/trading-bot-c-/trading-bot-c-/src/BotCore/Services/MasterDecisionOrchestrator.cs(1255,13): error CA1848: For improved performance, use the LoggerMessage delegates instead of calling 'LoggerExtensions.LogInformation(ILogger, string?, params object?[])' (https://learn.microsoft.com/dotnet/fundamentals/code-analysis/quality-rules/ca1848) [/home/runner/work/trading-bot-c-/trading-bot-c-/src/BotCore/BotCore.csproj]
/home/runner/work/trading-bot-c-/trading-bot-c-/src/BotCore/Services/MasterDecisionOrchestrator.cs(1256,13): error CA1848: For improved performance, use the LoggerMessage delegates instead of calling 'LoggerExtensions.LogInformation(ILogger, string?, params object?[])' (https://learn.microsoft.com/dotnet/fundamentals/code-analysis/quality-rules/ca1848) [/home/runner/work/trading-bot-c-/trading-bot-c-/src/BotCore/BotCore.csproj]
/home/runner/work/trading-bot-c-/trading-bot-c-/src/BotCore/Services/MasterDecisionOrchestrator.cs(1257,13): error CA1848: For improved performance, use the LoggerMessage delegates instead of calling 'LoggerExtensions.LogInformation(ILogger, string?, params object?[])' (https://learn.microsoft.com/dotnet/fundamentals/code-analysis/quality-rules/ca1848) [/home/runner/work/trading-bot-c-/trading-bot-c-/src/BotCore/BotCore.csproj]
/home/runner/work/trading-bot-c-/trading-bot-c-/src/BotCore/Services/MasterDecisionOrchestrator.cs(1258,13): error CA1848: For improved performance, use the LoggerMessage delegates instead of calling 'LoggerExtensions.LogInformation(ILogger, string?, params object?[])' (https://learn.microsoft.com/dotnet/fundamentals/code-analysis/quality-rules/ca1848) [/home/runner/work/trading-bot-c-/trading-bot-c-/src/BotCore/BotCore.csproj]
/home/runner/work/trading-bot-c-/trading-bot-c-/src/BotCore/Services/MasterDecisionOrchestrator.cs(1259,13): error CA1848: For improved performance, use the LoggerMessage delegates instead of calling 'LoggerExtensions.LogInformation(ILogger, string?, params object?[])' (https://learn.microsoft.com/dotnet/fundamentals/code-analysis/quality-rules/ca1848) [/home/runner/work/trading-bot-c-/trading-bot-c-/src/BotCore/BotCore.csproj]
/home/runner/work/trading-bot-c-/trading-bot-c-/src/BotCore/Services/MasterDecisionOrchestrator.cs(1262,17): error CA1848: For improved performance, use the LoggerMessage delegates instead of calling 'LoggerExtensions.LogInformation(ILogger, string?, params object?[])' (https://learn.microsoft.com/dotnet/fundamentals/code-analysis/quality-rules/ca1848) [/home/runner/work/trading-bot-c-/trading-bot-c-/src/BotCore/BotCore.csproj]
/home/runner/work/trading-bot-c-/trading-bot-c-/src/BotCore/Services/MasterDecisionOrchestrator.cs(1267,13): error CA1848: For improved performance, use the LoggerMessage delegates instead of calling 'LoggerExtensions.LogError(ILogger, Exception?, string?, params object?[])' (https://learn.microsoft.com/dotnet/fundamentals/code-analysis/quality-rules/ca1848) [/home/runner/work/trading-bot-c-/trading-bot-c-/src/BotCore/BotCore.csproj]
/home/runner/work/trading-bot-c-/trading-bot-c-/src/BotCore/Services/MasterDecisionOrchestrator.cs(1273,13): error CA1848: For improved performance, use the LoggerMessage delegates instead of calling 'LoggerExtensions.LogError(ILogger, Exception?, string?, params object?[])' (https://learn.microsoft.com/dotnet/fundamentals/code-analysis/quality-rules/ca1848) [/home/runner/work/trading-bot-c-/trading-bot-c-/src/BotCore/BotCore.csproj]
/home/runner/work/trading-bot-c-/trading-bot-c-/src/BotCore/Services/ComponentHealthMonitoringService.cs(104,9): error CA1848: For improved performance, use the LoggerMessage delegates instead of calling 'LoggerExtensions.LogDebug(ILogger, string?, params object?[])' (https://learn.microsoft.com/dotnet/fundamentals/code-analysis/quality-rules/ca1848) [/home/runner/work/trading-bot-c-/trading-bot-c-/src/BotCore/BotCore.csproj]
/home/runner/work/trading-bot-c-/trading-bot-c-/src/BotCore/Services/ComponentHealthMonitoringService.cs(131,21): error CA1848: For improved performance, use the LoggerMessage delegates instead of calling 'LoggerExtensions.LogTrace(ILogger, string?, params object?[])' (https://learn.microsoft.com/dotnet/fundamentals/code-analysis/quality-rules/ca1848) [/home/runner/work/trading-bot-c-/trading-bot-c-/src/BotCore/BotCore.csproj]
/home/runner/work/trading-bot-c-/trading-bot-c-/src/BotCore/Services/ComponentHealthMonitoringService.cs(136,17): error CA1848: For improved performance, use the LoggerMessage delegates instead of calling 'LoggerExtensions.LogError(ILogger, Exception?, string?, params object?[])' (https://learn.microsoft.com/dotnet/fundamentals/code-analysis/quality-rules/ca1848) [/home/runner/work/trading-bot-c-/trading-bot-c-/src/BotCore/BotCore.csproj]
/home/runner/work/trading-bot-c-/trading-bot-c-/src/BotCore/Services/ComponentHealthMonitoringService.cs(144,13): error CA1848: For improved performance, use the LoggerMessage delegates instead of calling 'LoggerExtensions.LogWarning(ILogger, string?, params object?[])' (https://learn.microsoft.com/dotnet/fundamentals/code-analysis/quality-rules/ca1848) [/home/runner/work/trading-bot-c-/trading-bot-c-/src/BotCore/BotCore.csproj]
/home/runner/work/trading-bot-c-/trading-bot-c-/src/BotCore/Services/ComponentHealthMonitoringService.cs(149,13): error CA1848: For improved performance, use the LoggerMessage delegates instead of calling 'LoggerExtensions.LogInformation(ILogger, string?, params object?[])' (https://learn.microsoft.com/dotnet/fundamentals/code-analysis/quality-rules/ca1848) [/home/runner/work/trading-bot-c-/trading-bot-c-/src/BotCore/BotCore.csproj]
/home/runner/work/trading-bot-c-/trading-bot-c-/src/BotCore/Services/ComponentHealthMonitoringService.cs(134,13): error CA1031: Modify 'PerformHealthCheckCycleAsync' to catch a more specific allowed exception type, or rethrow the exception (https://learn.microsoft.com/dotnet/fundamentals/code-analysis/quality-rules/ca1031) [/home/runner/work/trading-bot-c-/trading-bot-c-/src/BotCore/BotCore.csproj]
/home/runner/work/trading-bot-c-/trading-bot-c-/src/BotCore/Services/EnhancedTradingBrainIntegration.cs(541,13): error CA1848: For improved performance, use the LoggerMessage delegates instead of calling 'LoggerExtensions.LogInformation(ILogger, string?, params object?[])' (https://learn.microsoft.com/dotnet/fundamentals/code-analysis/quality-rules/ca1848) [/home/runner/work/trading-bot-c-/trading-bot-c-/src/BotCore/BotCore.csproj]
/home/runner/work/trading-bot-c-/trading-bot-c-/src/BotCore/Services/EnhancedTradingBrainIntegration.cs(549,13): error CA1848: For improved performance, use the LoggerMessage delegates instead of calling 'LoggerExtensions.LogInformation(ILogger, string?, params object?[])' (https://learn.microsoft.com/dotnet/fundamentals/code-analysis/quality-rules/ca1848) [/home/runner/work/trading-bot-c-/trading-bot-c-/src/BotCore/BotCore.csproj]
/home/runner/work/trading-bot-c-/trading-bot-c-/src/BotCore/Services/EnhancedTradingBrainIntegration.cs(553,13): error CA1848: For improved performance, use the LoggerMessage delegates instead of calling 'LoggerExtensions.LogError(ILogger, Exception?, string?, params object?[])' (https://learn.microsoft.com/dotnet/fundamentals/code-analysis/quality-rules/ca1848) [/home/runner/work/trading-bot-c-/trading-bot-c-/src/BotCore/BotCore.csproj]
/home/runner/work/trading-bot-c-/trading-bot-c-/src/BotCore/Services/EnhancedTradingBrainIntegration.cs(557,13): error CA1848: For improved performance, use the LoggerMessage delegates instead of calling 'LoggerExtensions.LogWarning(ILogger, string?, params object?[])' (https://learn.microsoft.com/dotnet/fundamentals/code-analysis/quality-rules/ca1848) [/home/runner/work/trading-bot-c-/trading-bot-c-/src/BotCore/BotCore.csproj]
/home/runner/work/trading-bot-c-/trading-bot-c-/src/BotCore/Services/EnhancedTradingBrainIntegration.cs(551,9): error CA1031: Modify 'InitializeAsync' to catch a more specific allowed exception type, or rethrow the exception (https://learn.microsoft.com/dotnet/fundamentals/code-analysis/quality-rules/ca1031) [/home/runner/work/trading-bot-c-/trading-bot-c-/src/BotCore/BotCore.csproj]
/home/runner/work/trading-bot-c-/trading-bot-c-/src/BotCore/Services/ComponentDiscoveryService.cs(72,9): error CA1848: For improved performance, use the LoggerMessage delegates instead of calling 'LoggerExtensions.LogInformation(ILogger, string?, params object?[])' (https://learn.microsoft.com/dotnet/fundamentals/code-analysis/quality-rules/ca1848) [/home/runner/work/trading-bot-c-/trading-bot-c-/src/BotCore/BotCore.csproj]
/home/runner/work/trading-bot-c-/trading-bot-c-/src/BotCore/Services/ComponentDiscoveryService.cs(94,17): error CA1848: For improved performance, use the LoggerMessage delegates instead of calling 'LoggerExtensions.LogDebug(ILogger, string?, params object?[])' (https://learn.microsoft.com/dotnet/fundamentals/code-analysis/quality-rules/ca1848) [/home/runner/work/trading-bot-c-/trading-bot-c-/src/BotCore/BotCore.csproj]
/home/runner/work/trading-bot-c-/trading-bot-c-/src/BotCore/Services/ComponentDiscoveryService.cs(97,13): error CA1848: For improved performance, use the LoggerMessage delegates instead of calling 'LoggerExtensions.LogInformation(ILogger, string?, params object?[])' (https://learn.microsoft.com/dotnet/fundamentals/code-analysis/quality-rules/ca1848) [/home/runner/work/trading-bot-c-/trading-bot-c-/src/BotCore/BotCore.csproj]
/home/runner/work/trading-bot-c-/trading-bot-c-/src/BotCore/Services/ComponentDiscoveryService.cs(101,13): error CA1848: For improved performance, use the LoggerMessage delegates instead of calling 'LoggerExtensions.LogError(ILogger, Exception?, string?, params object?[])' (https://learn.microsoft.com/dotnet/fundamentals/code-analysis/quality-rules/ca1848) [/home/runner/work/trading-bot-c-/trading-bot-c-/src/BotCore/BotCore.csproj]
/home/runner/work/trading-bot-c-/trading-bot-c-/src/BotCore/Services/PositionManagementOptimizer.cs(422,91): error S1172: Remove this unused method parameter 'cancellationToken'. (https://rules.sonarsource.com/csharp/RSPEC-1172) [/home/runner/work/trading-bot-c-/trading-bot-c-/src/BotCore/BotCore.csproj]
/home/runner/work/trading-bot-c-/trading-bot-c-/src/BotCore/Services/PositionManagementOptimizer.cs(462,25): error CA1848: For improved performance, use the LoggerMessage delegates instead of calling 'LoggerExtensions.LogInformation(ILogger, string?, params object?[])' (https://learn.microsoft.com/dotnet/fundamentals/code-analysis/quality-rules/ca1848) [/home/runner/work/trading-bot-c-/trading-bot-c-/src/BotCore/BotCore.csproj]
/home/runner/work/trading-bot-c-/trading-bot-c-/src/BotCore/Services/EnhancedTradingBrainIntegration.cs(573,17): error CA1848: For improved performance, use the LoggerMessage delegates instead of calling 'LoggerExtensions.LogInformation(ILogger, string?, params object?[])' (https://learn.microsoft.com/dotnet/fundamentals/code-analysis/quality-rules/ca1848) [/home/runner/work/trading-bot-c-/trading-bot-c-/src/BotCore/BotCore.csproj]
/home/runner/work/trading-bot-c-/trading-bot-c-/src/BotCore/Services/EnhancedTradingBrainIntegration.cs(585,21): error CA1848: For improved performance, use the LoggerMessage delegates instead of calling 'LoggerExtensions.LogDebug(ILogger, string?, params object?[])' (https://learn.microsoft.com/dotnet/fundamentals/code-analysis/quality-rules/ca1848) [/home/runner/work/trading-bot-c-/trading-bot-c-/src/BotCore/BotCore.csproj]
/home/runner/work/trading-bot-c-/trading-bot-c-/src/BotCore/Services/EnhancedTradingBrainIntegration.cs(591,13): error CA1848: For improved performance, use the LoggerMessage delegates instead of calling 'LoggerExtensions.LogError(ILogger, Exception?, string?, params object?[])' (https://learn.microsoft.com/dotnet/fundamentals/code-analysis/quality-rules/ca1848) [/home/runner/work/trading-bot-c-/trading-bot-c-/src/BotCore/BotCore.csproj]
/home/runner/work/trading-bot-c-/trading-bot-c-/src/BotCore/Services/EnhancedTradingBrainIntegration.cs(589,9): error CA1031: Modify 'LoadDefaultModels' to catch a more specific allowed exception type, or rethrow the exception (https://learn.microsoft.com/dotnet/fundamentals/code-analysis/quality-rules/ca1031) [/home/runner/work/trading-bot-c-/trading-bot-c-/src/BotCore/BotCore.csproj]
/home/runner/work/trading-bot-c-/trading-bot-c-/src/BotCore/Services/EnhancedBacktestService.cs(330,57): error SCS0005: Weak random number generator. (https://security-code-scan.github.io/#SCS0005) [/home/runner/work/trading-bot-c-/trading-bot-c-/src/BotCore/BotCore.csproj]
/home/runner/work/trading-bot-c-/trading-bot-c-/src/BotCore/Services/EnhancedBacktestService.cs(331,75): error SCS0005: Weak random number generator. (https://security-code-scan.github.io/#SCS0005) [/home/runner/work/trading-bot-c-/trading-bot-c-/src/BotCore/BotCore.csproj]
/home/runner/work/trading-bot-c-/trading-bot-c-/src/BotCore/Services/EnhancedBacktestService.cs(331,159): error SCS0005: Weak random number generator. (https://security-code-scan.github.io/#SCS0005) [/home/runner/work/trading-bot-c-/trading-bot-c-/src/BotCore/BotCore.csproj]
/home/runner/work/trading-bot-c-/trading-bot-c-/src/BotCore/Services/EnhancedBacktestService.cs(332,32): error SCS0005: Weak random number generator. (https://security-code-scan.github.io/#SCS0005) [/home/runner/work/trading-bot-c-/trading-bot-c-/src/BotCore/BotCore.csproj]
/home/runner/work/trading-bot-c-/trading-bot-c-/src/BotCore/Services/EnhancedBacktestService.cs(330,57): error CA5394: Random is an insecure random number generator. Use cryptographically secure random number generators when randomness is required for security. (https://learn.microsoft.com/dotnet/fundamentals/code-analysis/quality-rules/ca5394) [/home/runner/work/trading-bot-c-/trading-bot-c-/src/BotCore/BotCore.csproj]
/home/runner/work/trading-bot-c-/trading-bot-c-/src/BotCore/Services/EnhancedBacktestService.cs(331,75): error CA5394: Random is an insecure random number generator. Use cryptographically secure random number generators when randomness is required for security. (https://learn.microsoft.com/dotnet/fundamentals/code-analysis/quality-rules/ca5394) [/home/runner/work/trading-bot-c-/trading-bot-c-/src/BotCore/BotCore.csproj]
/home/runner/work/trading-bot-c-/trading-bot-c-/src/BotCore/Services/EnhancedBacktestService.cs(331,159): error CA5394: Random is an insecure random number generator. Use cryptographically secure random number generators when randomness is required for security. (https://learn.microsoft.com/dotnet/fundamentals/code-analysis/quality-rules/ca5394) [/home/runner/work/trading-bot-c-/trading-bot-c-/src/BotCore/BotCore.csproj]
/home/runner/work/trading-bot-c-/trading-bot-c-/src/BotCore/Services/EnhancedBacktestService.cs(332,32): error CA5394: Random is an insecure random number generator. Use cryptographically secure random number generators when randomness is required for security. (https://learn.microsoft.com/dotnet/fundamentals/code-analysis/quality-rules/ca5394) [/home/runner/work/trading-bot-c-/trading-bot-c-/src/BotCore/BotCore.csproj]
/home/runner/work/trading-bot-c-/trading-bot-c-/src/BotCore/Services/EnhancedMarketDataFlowService.cs(402,21): error CA1848: For improved performance, use the LoggerMessage delegates instead of calling 'LoggerExtensions.LogError(ILogger, Exception?, string?, params object?[])' (https://learn.microsoft.com/dotnet/fundamentals/code-analysis/quality-rules/ca1848) [/home/runner/work/trading-bot-c-/trading-bot-c-/src/BotCore/BotCore.csproj]
/home/runner/work/trading-bot-c-/trading-bot-c-/src/BotCore/Services/EnhancedMarketDataFlowService.cs(400,17): error CA1031: Modify 'PerformHealthCheckCallback' to catch a more specific allowed exception type, or rethrow the exception (https://learn.microsoft.com/dotnet/fundamentals/code-analysis/quality-rules/ca1031) [/home/runner/work/trading-bot-c-/trading-bot-c-/src/BotCore/BotCore.csproj]
/home/runner/work/trading-bot-c-/trading-bot-c-/src/BotCore/Services/EnhancedTradingBrainIntegration.cs(598,94): error S1172: Remove this unused method parameter 'marketContext'. (https://rules.sonarsource.com/csharp/RSPEC-1172) [/home/runner/work/trading-bot-c-/trading-bot-c-/src/BotCore/BotCore.csproj]
/home/runner/work/trading-bot-c-/trading-bot-c-/src/BotCore/Services/EnhancedTradingBrainIntegration.cs(610,13): error CA1848: For improved performance, use the LoggerMessage delegates instead of calling 'LoggerExtensions.LogError(ILogger, Exception?, string?, params object?[])' (https://learn.microsoft.com/dotnet/fundamentals/code-analysis/quality-rules/ca1848) [/home/runner/work/trading-bot-c-/trading-bot-c-/src/BotCore/BotCore.csproj]
/home/runner/work/trading-bot-c-/trading-bot-c-/src/BotCore/Services/EnhancedTradingBrainIntegration.cs(608,9): error CA1031: Modify 'TrackPredictionForFeedback' to catch a more specific allowed exception type, or rethrow the exception (https://learn.microsoft.com/dotnet/fundamentals/code-analysis/quality-rules/ca1031) [/home/runner/work/trading-bot-c-/trading-bot-c-/src/BotCore/BotCore.csproj]
/home/runner/work/trading-bot-c-/trading-bot-c-/src/BotCore/Services/EnhancedTradingBrainIntegration.cs(619,9): error CA1848: For improved performance, use the LoggerMessage delegates instead of calling 'LoggerExtensions.LogInformation(ILogger, string?, params object?[])' (https://learn.microsoft.com/dotnet/fundamentals/code-analysis/quality-rules/ca1848) [/home/runner/work/trading-bot-c-/trading-bot-c-/src/BotCore/BotCore.csproj]
/home/runner/work/trading-bot-c-/trading-bot-c-/src/BotCore/Services/ContractRolloverService.cs(263,17): error CA1848: For improved performance, use the LoggerMessage delegates instead of calling 'LoggerExtensions.LogInformation(ILogger, string?, params object?[])' (https://learn.microsoft.com/dotnet/fundamentals/code-analysis/quality-rules/ca1848) [/home/runner/work/trading-bot-c-/trading-bot-c-/src/BotCore/BotCore.csproj]
/home/runner/work/trading-bot-c-/trading-bot-c-/src/BotCore/Services/ContractRolloverService.cs(269,17): error CA1848: For improved performance, use the LoggerMessage delegates instead of calling 'LoggerExtensions.LogError(ILogger, Exception?, string?, params object?[])' (https://learn.microsoft.com/dotnet/fundamentals/code-analysis/quality-rules/ca1848) [/home/runner/work/trading-bot-c-/trading-bot-c-/src/BotCore/BotCore.csproj]
/home/runner/work/trading-bot-c-/trading-bot-c-/src/BotCore/Services/ContractRolloverService.cs(274,17): error CA1848: For improved performance, use the LoggerMessage delegates instead of calling 'LoggerExtensions.LogError(ILogger, Exception?, string?, params object?[])' (https://learn.microsoft.com/dotnet/fundamentals/code-analysis/quality-rules/ca1848) [/home/runner/work/trading-bot-c-/trading-bot-c-/src/BotCore/BotCore.csproj]
/home/runner/work/trading-bot-c-/trading-bot-c-/src/BotCore/Services/EnhancedMarketDataFlowService.cs(420,21): error CA1848: For improved performance, use the LoggerMessage delegates instead of calling 'LoggerExtensions.LogError(ILogger, Exception?, string?, params object?[])' (https://learn.microsoft.com/dotnet/fundamentals/code-analysis/quality-rules/ca1848) [/home/runner/work/trading-bot-c-/trading-bot-c-/src/BotCore/BotCore.csproj]
/home/runner/work/trading-bot-c-/trading-bot-c-/src/BotCore/Services/EnhancedMarketDataFlowService.cs(418,17): error CA1031: Modify 'PerformHeartbeatCheckCallback' to catch a more specific allowed exception type, or rethrow the exception (https://learn.microsoft.com/dotnet/fundamentals/code-analysis/quality-rules/ca1031) [/home/runner/work/trading-bot-c-/trading-bot-c-/src/BotCore/BotCore.csproj]
/home/runner/work/trading-bot-c-/trading-bot-c-/src/BotCore/Services/EnhancedTradingBrainIntegration.cs(665,13): error S3358: Extract this nested ternary operation into an independent statement. (https://rules.sonarsource.com/csharp/RSPEC-3358) [/home/runner/work/trading-bot-c-/trading-bot-c-/src/BotCore/BotCore.csproj]
/home/runner/work/trading-bot-c-/trading-bot-c-/src/BotCore/Services/EnhancedTradingBrainIntegration.cs(659,14): error S1905: Remove this unnecessary cast to 'double'. (https://rules.sonarsource.com/csharp/RSPEC-1905) [/home/runner/work/trading-bot-c-/trading-bot-c-/src/BotCore/BotCore.csproj]
/home/runner/work/trading-bot-c-/trading-bot-c-/src/BotCore/Services/EnhancedTradingBrainIntegration.cs(672,39): error S1541: The Cyclomatic Complexity of this method is 14 which is greater than 10 authorized. (https://rules.sonarsource.com/csharp/RSPEC-1541) [/home/runner/work/trading-bot-c-/trading-bot-c-/src/BotCore/BotCore.csproj]
/home/runner/work/trading-bot-c-/trading-bot-c-/src/BotCore/Services/MasterDecisionOrchestrator.cs(1308,9): error CA1848: For improved performance, use the LoggerMessage delegates instead of calling 'LoggerExtensions.LogInformation(ILogger, string?, params object?[])' (https://learn.microsoft.com/dotnet/fundamentals/code-analysis/quality-rules/ca1848) [/home/runner/work/trading-bot-c-/trading-bot-c-/src/BotCore/BotCore.csproj]
/home/runner/work/trading-bot-c-/trading-bot-c-/src/BotCore/Services/EnhancedTradingBrainIntegration.cs(713,49): error SCS0005: Weak random number generator. (https://security-code-scan.github.io/#SCS0005) [/home/runner/work/trading-bot-c-/trading-bot-c-/src/BotCore/BotCore.csproj]
/home/runner/work/trading-bot-c-/trading-bot-c-/src/BotCore/Services/EnhancedTradingBrainIntegration.cs(714,58): error SCS0005: Weak random number generator. (https://security-code-scan.github.io/#SCS0005) [/home/runner/work/trading-bot-c-/trading-bot-c-/src/BotCore/BotCore.csproj]
/home/runner/work/trading-bot-c-/trading-bot-c-/src/BotCore/Services/EnhancedTradingBrainIntegration.cs(713,49): error CA5394: Random is an insecure random number generator. Use cryptographically secure random number generators when randomness is required for security. (https://learn.microsoft.com/dotnet/fundamentals/code-analysis/quality-rules/ca5394) [/home/runner/work/trading-bot-c-/trading-bot-c-/src/BotCore/BotCore.csproj]
/home/runner/work/trading-bot-c-/trading-bot-c-/src/BotCore/Services/EnhancedTradingBrainIntegration.cs(714,58): error CA5394: Random is an insecure random number generator. Use cryptographically secure random number generators when randomness is required for security. (https://learn.microsoft.com/dotnet/fundamentals/code-analysis/quality-rules/ca5394) [/home/runner/work/trading-bot-c-/trading-bot-c-/src/BotCore/BotCore.csproj]
/home/runner/work/trading-bot-c-/trading-bot-c-/src/BotCore/Services/ComponentDiscoveryService.cs(110,9): error CA1848: For improved performance, use the LoggerMessage delegates instead of calling 'LoggerExtensions.LogInformation(ILogger, string?, params object?[])' (https://learn.microsoft.com/dotnet/fundamentals/code-analysis/quality-rules/ca1848) [/home/runner/work/trading-bot-c-/trading-bot-c-/src/BotCore/BotCore.csproj]
/home/runner/work/trading-bot-c-/trading-bot-c-/src/BotCore/Services/ComponentDiscoveryService.cs(146,25): error CA1848: For improved performance, use the LoggerMessage delegates instead of calling 'LoggerExtensions.LogDebug(ILogger, string?, params object?[])' (https://learn.microsoft.com/dotnet/fundamentals/code-analysis/quality-rules/ca1848) [/home/runner/work/trading-bot-c-/trading-bot-c-/src/BotCore/BotCore.csproj]
/home/runner/work/trading-bot-c-/trading-bot-c-/src/BotCore/Services/ComponentDiscoveryService.cs(151,21): error CA1848: For improved performance, use the LoggerMessage delegates instead of calling 'LoggerExtensions.LogDebug(ILogger, Exception?, string?, params object?[])' (https://learn.microsoft.com/dotnet/fundamentals/code-analysis/quality-rules/ca1848) [/home/runner/work/trading-bot-c-/trading-bot-c-/src/BotCore/BotCore.csproj]
/home/runner/work/trading-bot-c-/trading-bot-c-/src/BotCore/Services/ComponentDiscoveryService.cs(155,13): error CA1848: For improved performance, use the LoggerMessage delegates instead of calling 'LoggerExtensions.LogInformation(ILogger, string?, params object?[])' (https://learn.microsoft.com/dotnet/fundamentals/code-analysis/quality-rules/ca1848) [/home/runner/work/trading-bot-c-/trading-bot-c-/src/BotCore/BotCore.csproj]
/home/runner/work/trading-bot-c-/trading-bot-c-/src/BotCore/Services/ComponentDiscoveryService.cs(159,13): error CA1848: For improved performance, use the LoggerMessage delegates instead of calling 'LoggerExtensions.LogError(ILogger, Exception?, string?, params object?[])' (https://learn.microsoft.com/dotnet/fundamentals/code-analysis/quality-rules/ca1848) [/home/runner/work/trading-bot-c-/trading-bot-c-/src/BotCore/BotCore.csproj]
/home/runner/work/trading-bot-c-/trading-bot-c-/src/BotCore/Services/EnhancedMarketDataFlowService.cs(454,21): error CA1848: For improved performance, use the LoggerMessage delegates instead of calling 'LoggerExtensions.LogWarning(ILogger, string?, params object?[])' (https://learn.microsoft.com/dotnet/fundamentals/code-analysis/quality-rules/ca1848) [/home/runner/work/trading-bot-c-/trading-bot-c-/src/BotCore/BotCore.csproj]
/home/runner/work/trading-bot-c-/trading-bot-c-/src/BotCore/Services/EnhancedMarketDataFlowService.cs(462,25): error CA1848: For improved performance, use the LoggerMessage delegates instead of calling 'LoggerExtensions.LogInformation(ILogger, string?, params object?[])' (https://learn.microsoft.com/dotnet/fundamentals/code-analysis/quality-rules/ca1848) [/home/runner/work/trading-bot-c-/trading-bot-c-/src/BotCore/BotCore.csproj]
/home/runner/work/trading-bot-c-/trading-bot-c-/src/BotCore/Services/EnhancedMarketDataFlowService.cs(467,21): error CA1848: For improved performance, use the LoggerMessage delegates instead of calling 'LoggerExtensions.LogTrace(ILogger, string?, params object?[])' (https://learn.microsoft.com/dotnet/fundamentals/code-analysis/quality-rules/ca1848) [/home/runner/work/trading-bot-c-/trading-bot-c-/src/BotCore/BotCore.csproj]
/home/runner/work/trading-bot-c-/trading-bot-c-/src/BotCore/Services/EnhancedMarketDataFlowService.cs(473,17): error CA1848: For improved performance, use the LoggerMessage delegates instead of calling 'LoggerExtensions.LogError(ILogger, Exception?, string?, params object?[])' (https://learn.microsoft.com/dotnet/fundamentals/code-analysis/quality-rules/ca1848) [/home/runner/work/trading-bot-c-/trading-bot-c-/src/BotCore/BotCore.csproj]
/home/runner/work/trading-bot-c-/trading-bot-c-/src/BotCore/Services/EnhancedMarketDataFlowService.cs(471,13): error CA1031: Modify 'PerformHeartbeatCheckAsync' to catch a more specific allowed exception type, or rethrow the exception (https://learn.microsoft.com/dotnet/fundamentals/code-analysis/quality-rules/ca1031) [/home/runner/work/trading-bot-c-/trading-bot-c-/src/BotCore/BotCore.csproj]
/home/runner/work/trading-bot-c-/trading-bot-c-/src/BotCore/Services/ComponentHealthMonitoringService.cs(156,9): error S1172: Remove this unused method parameter 'cancellationToken'. (https://rules.sonarsource.com/csharp/RSPEC-1172) [/home/runner/work/trading-bot-c-/trading-bot-c-/src/BotCore/BotCore.csproj]
/home/runner/work/trading-bot-c-/trading-bot-c-/src/BotCore/Services/ContractRolloverService.cs(291,21): error CA1848: For improved performance, use the LoggerMessage delegates instead of calling 'LoggerExtensions.LogWarning(ILogger, string?, params object?[])' (https://learn.microsoft.com/dotnet/fundamentals/code-analysis/quality-rules/ca1848) [/home/runner/work/trading-bot-c-/trading-bot-c-/src/BotCore/BotCore.csproj]
/home/runner/work/trading-bot-c-/trading-bot-c-/src/BotCore/Services/ContractRolloverService.cs(321,17): error CA1848: For improved performance, use the LoggerMessage delegates instead of calling 'LoggerExtensions.LogError(ILogger, Exception?, string?, params object?[])' (https://learn.microsoft.com/dotnet/fundamentals/code-analysis/quality-rules/ca1848) [/home/runner/work/trading-bot-c-/trading-bot-c-/src/BotCore/BotCore.csproj]
/home/runner/work/trading-bot-c-/trading-bot-c-/src/BotCore/Services/ContractRolloverService.cs(326,17): error CA1848: For improved performance, use the LoggerMessage delegates instead of calling 'LoggerExtensions.LogError(ILogger, Exception?, string?, params object?[])' (https://learn.microsoft.com/dotnet/fundamentals/code-analysis/quality-rules/ca1848) [/home/runner/work/trading-bot-c-/trading-bot-c-/src/BotCore/BotCore.csproj]
/home/runner/work/trading-bot-c-/trading-bot-c-/src/BotCore/Services/ComponentHealthMonitoringService.cs(165,9): error CA1848: For improved performance, use the LoggerMessage delegates instead of calling 'LoggerExtensions.LogWarning(ILogger, string?, params object?[])' (https://learn.microsoft.com/dotnet/fundamentals/code-analysis/quality-rules/ca1848) [/home/runner/work/trading-bot-c-/trading-bot-c-/src/BotCore/BotCore.csproj]
/home/runner/work/trading-bot-c-/trading-bot-c-/src/BotCore/Services/ComponentHealthMonitoringService.cs(186,21): error CA1848: For improved performance, use the LoggerMessage delegates instead of calling 'LoggerExtensions.LogWarning(ILogger, string?, params object?[])' (https://learn.microsoft.com/dotnet/fundamentals/code-analysis/quality-rules/ca1848) [/home/runner/work/trading-bot-c-/trading-bot-c-/src/BotCore/BotCore.csproj]
/home/runner/work/trading-bot-c-/trading-bot-c-/src/BotCore/Services/ComponentHealthMonitoringService.cs(191,17): error CA1848: For improved performance, use the LoggerMessage delegates instead of calling 'LoggerExtensions.LogDebug(ILogger, Exception?, string?, params object?[])' (https://learn.microsoft.com/dotnet/fundamentals/code-analysis/quality-rules/ca1848) [/home/runner/work/trading-bot-c-/trading-bot-c-/src/BotCore/BotCore.csproj]
/home/runner/work/trading-bot-c-/trading-bot-c-/src/BotCore/Services/ComponentHealthMonitoringService.cs(189,13): error CA1031: Modify 'ReportUnhealthyComponentAsync' to catch a more specific allowed exception type, or rethrow the exception (https://learn.microsoft.com/dotnet/fundamentals/code-analysis/quality-rules/ca1031) [/home/runner/work/trading-bot-c-/trading-bot-c-/src/BotCore/BotCore.csproj]
/home/runner/work/trading-bot-c-/trading-bot-c-/src/BotCore/Services/EnhancedMarketDataFlowService.cs(488,21): error CA1848: For improved performance, use the LoggerMessage delegates instead of calling 'LoggerExtensions.LogWarning(ILogger, string?, params object?[])' (https://learn.microsoft.com/dotnet/fundamentals/code-analysis/quality-rules/ca1848) [/home/runner/work/trading-bot-c-/trading-bot-c-/src/BotCore/BotCore.csproj]
/home/runner/work/trading-bot-c-/trading-bot-c-/src/BotCore/Services/EnhancedMarketDataFlowService.cs(499,21): error CA1848: For improved performance, use the LoggerMessage delegates instead of calling 'LoggerExtensions.LogTrace(ILogger, string?, params object?[])' (https://learn.microsoft.com/dotnet/fundamentals/code-analysis/quality-rules/ca1848) [/home/runner/work/trading-bot-c-/trading-bot-c-/src/BotCore/BotCore.csproj]
/home/runner/work/trading-bot-c-/trading-bot-c-/src/BotCore/Services/EnhancedMarketDataFlowService.cs(505,17): error CA1848: For improved performance, use the LoggerMessage delegates instead of calling 'LoggerExtensions.LogError(ILogger, Exception?, string?, params object?[])' (https://learn.microsoft.com/dotnet/fundamentals/code-analysis/quality-rules/ca1848) [/home/runner/work/trading-bot-c-/trading-bot-c-/src/BotCore/BotCore.csproj]
/home/runner/work/trading-bot-c-/trading-bot-c-/src/BotCore/Services/EnhancedMarketDataFlowService.cs(503,13): error CA1031: Modify 'PerformHealthCheckAsync' to catch a more specific allowed exception type, or rethrow the exception (https://learn.microsoft.com/dotnet/fundamentals/code-analysis/quality-rules/ca1031) [/home/runner/work/trading-bot-c-/trading-bot-c-/src/BotCore/BotCore.csproj]
/home/runner/work/trading-bot-c-/trading-bot-c-/src/BotCore/Services/EnhancedTradingBrainIntegration.cs(744,39): error SCS0005: Weak random number generator. (https://security-code-scan.github.io/#SCS0005) [/home/runner/work/trading-bot-c-/trading-bot-c-/src/BotCore/BotCore.csproj]
/home/runner/work/trading-bot-c-/trading-bot-c-/src/BotCore/Services/EnhancedTradingBrainIntegration.cs(746,52): error SCS0005: Weak random number generator. (https://security-code-scan.github.io/#SCS0005) [/home/runner/work/trading-bot-c-/trading-bot-c-/src/BotCore/BotCore.csproj]
/home/runner/work/trading-bot-c-/trading-bot-c-/src/BotCore/Services/EnhancedTradingBrainIntegration.cs(754,67): error SCS0005: Weak random number generator. (https://security-code-scan.github.io/#SCS0005) [/home/runner/work/trading-bot-c-/trading-bot-c-/src/BotCore/BotCore.csproj]
/home/runner/work/trading-bot-c-/trading-bot-c-/src/BotCore/Services/EnhancedTradingBrainIntegration.cs(755,66): error SCS0005: Weak random number generator. (https://security-code-scan.github.io/#SCS0005) [/home/runner/work/trading-bot-c-/trading-bot-c-/src/BotCore/BotCore.csproj]
/home/runner/work/trading-bot-c-/trading-bot-c-/src/BotCore/Services/EnhancedTradingBrainIntegration.cs(757,44): error SCS0005: Weak random number generator. (https://security-code-scan.github.io/#SCS0005) [/home/runner/work/trading-bot-c-/trading-bot-c-/src/BotCore/BotCore.csproj]
/home/runner/work/trading-bot-c-/trading-bot-c-/src/BotCore/Services/EnhancedTradingBrainIntegration.cs(744,39): error CA5394: Random is an insecure random number generator. Use cryptographically secure random number generators when randomness is required for security. (https://learn.microsoft.com/dotnet/fundamentals/code-analysis/quality-rules/ca5394) [/home/runner/work/trading-bot-c-/trading-bot-c-/src/BotCore/BotCore.csproj]
/home/runner/work/trading-bot-c-/trading-bot-c-/src/BotCore/Services/EnhancedTradingBrainIntegration.cs(746,52): error CA5394: Random is an insecure random number generator. Use cryptographically secure random number generators when randomness is required for security. (https://learn.microsoft.com/dotnet/fundamentals/code-analysis/quality-rules/ca5394) [/home/runner/work/trading-bot-c-/trading-bot-c-/src/BotCore/BotCore.csproj]
/home/runner/work/trading-bot-c-/trading-bot-c-/src/BotCore/Services/EnhancedTradingBrainIntegration.cs(754,67): error CA5394: Random is an insecure random number generator. Use cryptographically secure random number generators when randomness is required for security. (https://learn.microsoft.com/dotnet/fundamentals/code-analysis/quality-rules/ca5394) [/home/runner/work/trading-bot-c-/trading-bot-c-/src/BotCore/BotCore.csproj]
/home/runner/work/trading-bot-c-/trading-bot-c-/src/BotCore/Services/EnhancedTradingBrainIntegration.cs(755,66): error CA5394: Random is an insecure random number generator. Use cryptographically secure random number generators when randomness is required for security. (https://learn.microsoft.com/dotnet/fundamentals/code-analysis/quality-rules/ca5394) [/home/runner/work/trading-bot-c-/trading-bot-c-/src/BotCore/BotCore.csproj]
/home/runner/work/trading-bot-c-/trading-bot-c-/src/BotCore/Services/EnhancedTradingBrainIntegration.cs(757,44): error CA5394: Random is an insecure random number generator. Use cryptographically secure random number generators when randomness is required for security. (https://learn.microsoft.com/dotnet/fundamentals/code-analysis/quality-rules/ca5394) [/home/runner/work/trading-bot-c-/trading-bot-c-/src/BotCore/BotCore.csproj]
/home/runner/work/trading-bot-c-/trading-bot-c-/src/BotCore/Services/ComponentDiscoveryService.cs(168,9): error CA1848: For improved performance, use the LoggerMessage delegates instead of calling 'LoggerExtensions.LogInformation(ILogger, string?, params object?[])' (https://learn.microsoft.com/dotnet/fundamentals/code-analysis/quality-rules/ca1848) [/home/runner/work/trading-bot-c-/trading-bot-c-/src/BotCore/BotCore.csproj]
/home/runner/work/trading-bot-c-/trading-bot-c-/src/BotCore/Services/ComponentDiscoveryService.cs(210,17): error CA1848: For improved performance, use the LoggerMessage delegates instead of calling 'LoggerExtensions.LogDebug(ILogger, string?, params object?[])' (https://learn.microsoft.com/dotnet/fundamentals/code-analysis/quality-rules/ca1848) [/home/runner/work/trading-bot-c-/trading-bot-c-/src/BotCore/BotCore.csproj]
/home/runner/work/trading-bot-c-/trading-bot-c-/src/BotCore/Services/ComponentDiscoveryService.cs(213,13): error CA1848: For improved performance, use the LoggerMessage delegates instead of calling 'LoggerExtensions.LogInformation(ILogger, string?, params object?[])' (https://learn.microsoft.com/dotnet/fundamentals/code-analysis/quality-rules/ca1848) [/home/runner/work/trading-bot-c-/trading-bot-c-/src/BotCore/BotCore.csproj]
/home/runner/work/trading-bot-c-/trading-bot-c-/src/BotCore/Services/ComponentDiscoveryService.cs(217,13): error CA1848: For improved performance, use the LoggerMessage delegates instead of calling 'LoggerExtensions.LogError(ILogger, Exception?, string?, params object?[])' (https://learn.microsoft.com/dotnet/fundamentals/code-analysis/quality-rules/ca1848) [/home/runner/work/trading-bot-c-/trading-bot-c-/src/BotCore/BotCore.csproj]
/home/runner/work/trading-bot-c-/trading-bot-c-/src/BotCore/Services/ContractRolloverService.cs(349,13): error CA1848: For improved performance, use the LoggerMessage delegates instead of calling 'LoggerExtensions.LogInformation(ILogger, string?, params object?[])' (https://learn.microsoft.com/dotnet/fundamentals/code-analysis/quality-rules/ca1848) [/home/runner/work/trading-bot-c-/trading-bot-c-/src/BotCore/BotCore.csproj]
/home/runner/work/trading-bot-c-/trading-bot-c-/src/BotCore/Services/ContractRolloverService.cs(361,17): error CA1848: For improved performance, use the LoggerMessage delegates instead of calling 'LoggerExtensions.LogInformation(ILogger, Exception?, string?, params object?[])' (https://learn.microsoft.com/dotnet/fundamentals/code-analysis/quality-rules/ca1848) [/home/runner/work/trading-bot-c-/trading-bot-c-/src/BotCore/BotCore.csproj]
/home/runner/work/trading-bot-c-/trading-bot-c-/src/BotCore/Services/ContractRolloverService.cs(365,17): error CA1848: For improved performance, use the LoggerMessage delegates instead of calling 'LoggerExtensions.LogError(ILogger, Exception?, string?, params object?[])' (https://learn.microsoft.com/dotnet/fundamentals/code-analysis/quality-rules/ca1848) [/home/runner/work/trading-bot-c-/trading-bot-c-/src/BotCore/BotCore.csproj]
/home/runner/work/trading-bot-c-/trading-bot-c-/src/BotCore/Services/ContractRolloverService.cs(369,17): error CA1848: For improved performance, use the LoggerMessage delegates instead of calling 'LoggerExtensions.LogError(ILogger, Exception?, string?, params object?[])' (https://learn.microsoft.com/dotnet/fundamentals/code-analysis/quality-rules/ca1848) [/home/runner/work/trading-bot-c-/trading-bot-c-/src/BotCore/BotCore.csproj]
/home/runner/work/trading-bot-c-/trading-bot-c-/src/BotCore/Services/ComponentHealthMonitoringService.cs(199,9): error S1172: Remove this unused method parameter 'cancellationToken'. (https://rules.sonarsource.com/csharp/RSPEC-1172) [/home/runner/work/trading-bot-c-/trading-bot-c-/src/BotCore/BotCore.csproj]
/home/runner/work/trading-bot-c-/trading-bot-c-/src/BotCore/Services/EnhancedMarketDataFlowService.cs(518,21): error CA1848: For improved performance, use the LoggerMessage delegates instead of calling 'LoggerExtensions.LogError(ILogger, string?, params object?[])' (https://learn.microsoft.com/dotnet/fundamentals/code-analysis/quality-rules/ca1848) [/home/runner/work/trading-bot-c-/trading-bot-c-/src/BotCore/BotCore.csproj]
/home/runner/work/trading-bot-c-/trading-bot-c-/src/BotCore/Services/EnhancedMarketDataFlowService.cs(528,17): error CA1848: For improved performance, use the LoggerMessage delegates instead of calling 'LoggerExtensions.LogWarning(ILogger, string?, params object?[])' (https://learn.microsoft.com/dotnet/fundamentals/code-analysis/quality-rules/ca1848) [/home/runner/work/trading-bot-c-/trading-bot-c-/src/BotCore/BotCore.csproj]
/home/runner/work/trading-bot-c-/trading-bot-c-/src/BotCore/Services/EnhancedMarketDataFlowService.cs(549,21): error CA1848: For improved performance, use the LoggerMessage delegates instead of calling 'LoggerExtensions.LogInformation(ILogger, string?, params object?[])' (https://learn.microsoft.com/dotnet/fundamentals/code-analysis/quality-rules/ca1848) [/home/runner/work/trading-bot-c-/trading-bot-c-/src/BotCore/BotCore.csproj]
/home/runner/work/trading-bot-c-/trading-bot-c-/src/BotCore/Services/EnhancedMarketDataFlowService.cs(560,21): error CA1848: For improved performance, use the LoggerMessage delegates instead of calling 'LoggerExtensions.LogWarning(ILogger, string?, params object?[])' (https://learn.microsoft.com/dotnet/fundamentals/code-analysis/quality-rules/ca1848) [/home/runner/work/trading-bot-c-/trading-bot-c-/src/BotCore/BotCore.csproj]
/home/runner/work/trading-bot-c-/trading-bot-c-/src/BotCore/Services/EnhancedMarketDataFlowService.cs(571,17): error CA1848: For improved performance, use the LoggerMessage delegates instead of calling 'LoggerExtensions.LogError(ILogger, Exception?, string?, params object?[])' (https://learn.microsoft.com/dotnet/fundamentals/code-analysis/quality-rules/ca1848) [/home/runner/work/trading-bot-c-/trading-bot-c-/src/BotCore/BotCore.csproj]
/home/runner/work/trading-bot-c-/trading-bot-c-/src/BotCore/Services/ComponentHealthMonitoringService.cs(208,9): error CA1848: For improved performance, use the LoggerMessage delegates instead of calling 'LoggerExtensions.LogInformation(ILogger, string?, params object?[])' (https://learn.microsoft.com/dotnet/fundamentals/code-analysis/quality-rules/ca1848) [/home/runner/work/trading-bot-c-/trading-bot-c-/src/BotCore/BotCore.csproj]
/home/runner/work/trading-bot-c-/trading-bot-c-/src/BotCore/Services/ComponentHealthMonitoringService.cs(228,21): error CA1848: For improved performance, use the LoggerMessage delegates instead of calling 'LoggerExtensions.LogInformation(ILogger, string?, params object?[])' (https://learn.microsoft.com/dotnet/fundamentals/code-analysis/quality-rules/ca1848) [/home/runner/work/trading-bot-c-/trading-bot-c-/src/BotCore/BotCore.csproj]
/home/runner/work/trading-bot-c-/trading-bot-c-/src/BotCore/Services/ComponentHealthMonitoringService.cs(233,17): error CA1848: For improved performance, use the LoggerMessage delegates instead of calling 'LoggerExtensions.LogDebug(ILogger, Exception?, string?, params object?[])' (https://learn.microsoft.com/dotnet/fundamentals/code-analysis/quality-rules/ca1848) [/home/runner/work/trading-bot-c-/trading-bot-c-/src/BotCore/BotCore.csproj]
/home/runner/work/trading-bot-c-/trading-bot-c-/src/BotCore/Services/ComponentHealthMonitoringService.cs(231,13): error CA1031: Modify 'ReportDegradedComponentAsync' to catch a more specific allowed exception type, or rethrow the exception (https://learn.microsoft.com/dotnet/fundamentals/code-analysis/quality-rules/ca1031) [/home/runner/work/trading-bot-c-/trading-bot-c-/src/BotCore/BotCore.csproj]
/home/runner/work/trading-bot-c-/trading-bot-c-/src/BotCore/Services/EnhancedMarketDataFlowService.cs(569,13): error CA1031: Modify 'AttemptDataFlowRecoveryAsync' to catch a more specific allowed exception type, or rethrow the exception (https://learn.microsoft.com/dotnet/fundamentals/code-analysis/quality-rules/ca1031) [/home/runner/work/trading-bot-c-/trading-bot-c-/src/BotCore/BotCore.csproj]
/home/runner/work/trading-bot-c-/trading-bot-c-/src/BotCore/Services/PositionManagementOptimizer.cs(548,13): error CA1848: For improved performance, use the LoggerMessage delegates instead of calling 'LoggerExtensions.LogInformation(ILogger, string?, params object?[])' (https://learn.microsoft.com/dotnet/fundamentals/code-analysis/quality-rules/ca1848) [/home/runner/work/trading-bot-c-/trading-bot-c-/src/BotCore/BotCore.csproj]
/home/runner/work/trading-bot-c-/trading-bot-c-/src/BotCore/Services/ContractRolloverService.cs(420,55): error S6602: "Array.Find" static method should be used instead of the "FirstOrDefault" extension method. (https://rules.sonarsource.com/csharp/RSPEC-6602) [/home/runner/work/trading-bot-c-/trading-bot-c-/src/BotCore/BotCore.csproj]
/home/runner/work/trading-bot-c-/trading-bot-c-/src/BotCore/Services/EnhancedMarketDataFlowService.cs(595,48): error SCS0005: Weak random number generator. (https://security-code-scan.github.io/#SCS0005) [/home/runner/work/trading-bot-c-/trading-bot-c-/src/BotCore/BotCore.csproj]
/home/runner/work/trading-bot-c-/trading-bot-c-/src/BotCore/Services/EnhancedMarketDataFlowService.cs(596,48): error SCS0005: Weak random number generator. (https://security-code-scan.github.io/#SCS0005) [/home/runner/work/trading-bot-c-/trading-bot-c-/src/BotCore/BotCore.csproj]
/home/runner/work/trading-bot-c-/trading-bot-c-/src/BotCore/Services/EnhancedMarketDataFlowService.cs(597,50): error SCS0005: Weak random number generator. (https://security-code-scan.github.io/#SCS0005) [/home/runner/work/trading-bot-c-/trading-bot-c-/src/BotCore/BotCore.csproj]
/home/runner/work/trading-bot-c-/trading-bot-c-/src/BotCore/Services/EnhancedMarketDataFlowService.cs(598,30): error SCS0005: Weak random number generator. (https://security-code-scan.github.io/#SCS0005) [/home/runner/work/trading-bot-c-/trading-bot-c-/src/BotCore/BotCore.csproj]
/home/runner/work/trading-bot-c-/trading-bot-c-/src/BotCore/Services/ContractRolloverService.cs(471,28): error S1541: The Cyclomatic Complexity of this method is 14 which is greater than 10 authorized. (https://rules.sonarsource.com/csharp/RSPEC-1541) [/home/runner/work/trading-bot-c-/trading-bot-c-/src/BotCore/BotCore.csproj]
/home/runner/work/trading-bot-c-/trading-bot-c-/src/BotCore/Services/EnhancedMarketDataFlowService.cs(582,17): error CA1848: For improved performance, use the LoggerMessage delegates instead of calling 'LoggerExtensions.LogDebug(ILogger, string?, params object?[])' (https://learn.microsoft.com/dotnet/fundamentals/code-analysis/quality-rules/ca1848) [/home/runner/work/trading-bot-c-/trading-bot-c-/src/BotCore/BotCore.csproj]
/home/runner/work/trading-bot-c-/trading-bot-c-/src/BotCore/Services/EnhancedMarketDataFlowService.cs(605,17): error CA1848: For improved performance, use the LoggerMessage delegates instead of calling 'LoggerExtensions.LogDebug(ILogger, string?, params object?[])' (https://learn.microsoft.com/dotnet/fundamentals/code-analysis/quality-rules/ca1848) [/home/runner/work/trading-bot-c-/trading-bot-c-/src/BotCore/BotCore.csproj]
/home/runner/work/trading-bot-c-/trading-bot-c-/src/BotCore/Services/EnhancedMarketDataFlowService.cs(609,17): error CA1848: For improved performance, use the LoggerMessage delegates instead of calling 'LoggerExtensions.LogError(ILogger, Exception?, string?, params object?[])' (https://learn.microsoft.com/dotnet/fundamentals/code-analysis/quality-rules/ca1848) [/home/runner/work/trading-bot-c-/trading-bot-c-/src/BotCore/BotCore.csproj]
/home/runner/work/trading-bot-c-/trading-bot-c-/src/BotCore/Services/EnhancedMarketDataFlowService.cs(595,48): error CA5394: Random is an insecure random number generator. Use cryptographically secure random number generators when randomness is required for security. (https://learn.microsoft.com/dotnet/fundamentals/code-analysis/quality-rules/ca5394) [/home/runner/work/trading-bot-c-/trading-bot-c-/src/BotCore/BotCore.csproj]
/home/runner/work/trading-bot-c-/trading-bot-c-/src/BotCore/Services/EnhancedMarketDataFlowService.cs(596,48): error CA5394: Random is an insecure random number generator. Use cryptographically secure random number generators when randomness is required for security. (https://learn.microsoft.com/dotnet/fundamentals/code-analysis/quality-rules/ca5394) [/home/runner/work/trading-bot-c-/trading-bot-c-/src/BotCore/BotCore.csproj]
/home/runner/work/trading-bot-c-/trading-bot-c-/src/BotCore/Services/EnhancedMarketDataFlowService.cs(597,50): error CA5394: Random is an insecure random number generator. Use cryptographically secure random number generators when randomness is required for security. (https://learn.microsoft.com/dotnet/fundamentals/code-analysis/quality-rules/ca5394) [/home/runner/work/trading-bot-c-/trading-bot-c-/src/BotCore/BotCore.csproj]
/home/runner/work/trading-bot-c-/trading-bot-c-/src/BotCore/Services/EnhancedMarketDataFlowService.cs(598,30): error CA5394: Random is an insecure random number generator. Use cryptographically secure random number generators when randomness is required for security. (https://learn.microsoft.com/dotnet/fundamentals/code-analysis/quality-rules/ca5394) [/home/runner/work/trading-bot-c-/trading-bot-c-/src/BotCore/BotCore.csproj]
/home/runner/work/trading-bot-c-/trading-bot-c-/src/BotCore/Services/EnhancedMarketDataFlowService.cs(607,13): error CA1031: Modify 'RequestSymbolSnapshotAsync' to catch a more specific allowed exception type, or rethrow the exception (https://learn.microsoft.com/dotnet/fundamentals/code-analysis/quality-rules/ca1031) [/home/runner/work/trading-bot-c-/trading-bot-c-/src/BotCore/BotCore.csproj]
/home/runner/work/trading-bot-c-/trading-bot-c-/src/BotCore/Services/EnhancedMarketDataFlowService.cs(628,17): error CA1848: For improved performance, use the LoggerMessage delegates instead of calling 'LoggerExtensions.LogTrace(ILogger, string?, params object?[])' (https://learn.microsoft.com/dotnet/fundamentals/code-analysis/quality-rules/ca1848) [/home/runner/work/trading-bot-c-/trading-bot-c-/src/BotCore/BotCore.csproj]
/home/runner/work/trading-bot-c-/trading-bot-c-/src/BotCore/Services/EnhancedMarketDataFlowService.cs(635,17): error CA1848: For improved performance, use the LoggerMessage delegates instead of calling 'LoggerExtensions.LogError(ILogger, Exception?, string?, params object?[])' (https://learn.microsoft.com/dotnet/fundamentals/code-analysis/quality-rules/ca1848) [/home/runner/work/trading-bot-c-/trading-bot-c-/src/BotCore/BotCore.csproj]
/home/runner/work/trading-bot-c-/trading-bot-c-/src/BotCore/Services/ComponentDiscoveryService.cs(226,9): error CA1848: For improved performance, use the LoggerMessage delegates instead of calling 'LoggerExtensions.LogInformation(ILogger, string?, params object?[])' (https://learn.microsoft.com/dotnet/fundamentals/code-analysis/quality-rules/ca1848) [/home/runner/work/trading-bot-c-/trading-bot-c-/src/BotCore/BotCore.csproj]
/home/runner/work/trading-bot-c-/trading-bot-c-/src/BotCore/Services/ComponentDiscoveryService.cs(288,13): error CA1848: For improved performance, use the LoggerMessage delegates instead of calling 'LoggerExtensions.LogInformation(ILogger, string?, params object?[])' (https://learn.microsoft.com/dotnet/fundamentals/code-analysis/quality-rules/ca1848) [/home/runner/work/trading-bot-c-/trading-bot-c-/src/BotCore/BotCore.csproj]
/home/runner/work/trading-bot-c-/trading-bot-c-/src/BotCore/Services/ComponentDiscoveryService.cs(292,13): error CA1848: For improved performance, use the LoggerMessage delegates instead of calling 'LoggerExtensions.LogError(ILogger, Exception?, string?, params object?[])' (https://learn.microsoft.com/dotnet/fundamentals/code-analysis/quality-rules/ca1848) [/home/runner/work/trading-bot-c-/trading-bot-c-/src/BotCore/BotCore.csproj]
/home/runner/work/trading-bot-c-/trading-bot-c-/src/BotCore/Services/EnhancedTradingBrainIntegration.cs(208,28): error CA2000: Call System.IDisposable.Dispose on object created by 'CreateSampleRisk()' before all references to it are out of scope (https://learn.microsoft.com/dotnet/fundamentals/code-analysis/quality-rules/ca2000) [/home/runner/work/trading-bot-c-/trading-bot-c-/src/BotCore/BotCore.csproj]
/home/runner/work/trading-bot-c-/trading-bot-c-/src/BotCore/Services/EnhancedTradingBrainIntegration.cs(141,24): error CA2000: Call System.IDisposable.Dispose on object created by 'CreateSampleRisk()' before all references to it are out of scope (https://learn.microsoft.com/dotnet/fundamentals/code-analysis/quality-rules/ca2000) [/home/runner/work/trading-bot-c-/trading-bot-c-/src/BotCore/BotCore.csproj]
/home/runner/work/trading-bot-c-/trading-bot-c-/src/BotCore/Services/ContractRolloverService.cs(577,25): error CA1848: For improved performance, use the LoggerMessage delegates instead of calling 'LoggerExtensions.LogWarning(ILogger, string?, params object?[])' (https://learn.microsoft.com/dotnet/fundamentals/code-analysis/quality-rules/ca1848) [/home/runner/work/trading-bot-c-/trading-bot-c-/src/BotCore/BotCore.csproj]
/home/runner/work/trading-bot-c-/trading-bot-c-/src/BotCore/Services/ContractRolloverService.cs(589,17): error CA1848: For improved performance, use the LoggerMessage delegates instead of calling 'LoggerExtensions.LogError(ILogger, Exception?, string?, params object?[])' (https://learn.microsoft.com/dotnet/fundamentals/code-analysis/quality-rules/ca1848) [/home/runner/work/trading-bot-c-/trading-bot-c-/src/BotCore/BotCore.csproj]
/home/runner/work/trading-bot-c-/trading-bot-c-/src/BotCore/Services/ContractRolloverService.cs(593,17): error CA1848: For improved performance, use the LoggerMessage delegates instead of calling 'LoggerExtensions.LogError(ILogger, Exception?, string?, params object?[])' (https://learn.microsoft.com/dotnet/fundamentals/code-analysis/quality-rules/ca1848) [/home/runner/work/trading-bot-c-/trading-bot-c-/src/BotCore/BotCore.csproj]
/home/runner/work/trading-bot-c-/trading-bot-c-/src/BotCore/Services/EnhancedMarketDataFlowService.cs(648,17): error CA1848: For improved performance, use the LoggerMessage delegates instead of calling 'LoggerExtensions.LogError(ILogger, string?, params object?[])' (https://learn.microsoft.com/dotnet/fundamentals/code-analysis/quality-rules/ca1848) [/home/runner/work/trading-bot-c-/trading-bot-c-/src/BotCore/BotCore.csproj]
/home/runner/work/trading-bot-c-/trading-bot-c-/src/BotCore/Services/EnhancedMarketDataFlowService.cs(654,17): error CA1848: For improved performance, use the LoggerMessage delegates instead of calling 'LoggerExtensions.LogError(ILogger, string?, params object?[])' (https://learn.microsoft.com/dotnet/fundamentals/code-analysis/quality-rules/ca1848) [/home/runner/work/trading-bot-c-/trading-bot-c-/src/BotCore/BotCore.csproj]
/home/runner/work/trading-bot-c-/trading-bot-c-/src/BotCore/Services/EnhancedMarketDataFlowService.cs(663,21): error CA1848: For improved performance, use the LoggerMessage delegates instead of calling 'LoggerExtensions.LogWarning(ILogger, string?, params object?[])' (https://learn.microsoft.com/dotnet/fundamentals/code-analysis/quality-rules/ca1848) [/home/runner/work/trading-bot-c-/trading-bot-c-/src/BotCore/BotCore.csproj]
/home/runner/work/trading-bot-c-/trading-bot-c-/src/BotCore/Services/EnhancedMarketDataFlowService.cs(667,17): error CA1848: For improved performance, use the LoggerMessage delegates instead of calling 'LoggerExtensions.LogInformation(ILogger, string?, params object?[])' (https://learn.microsoft.com/dotnet/fundamentals/code-analysis/quality-rules/ca1848) [/home/runner/work/trading-bot-c-/trading-bot-c-/src/BotCore/BotCore.csproj]
/home/runner/work/trading-bot-c-/trading-bot-c-/src/BotCore/Services/EnhancedMarketDataFlowService.cs(680,21): error CA1848: For improved performance, use the LoggerMessage delegates instead of calling 'LoggerExtensions.LogDebug(ILogger, string?, params object?[])' (https://learn.microsoft.com/dotnet/fundamentals/code-analysis/quality-rules/ca1848) [/home/runner/work/trading-bot-c-/trading-bot-c-/src/BotCore/BotCore.csproj]
/home/runner/work/trading-bot-c-/trading-bot-c-/src/BotCore/Services/EnhancedMarketDataFlowService.cs(684,17): error CA1848: For improved performance, use the LoggerMessage delegates instead of calling 'LoggerExtensions.LogInformation(ILogger, string?, params object?[])' (https://learn.microsoft.com/dotnet/fundamentals/code-analysis/quality-rules/ca1848) [/home/runner/work/trading-bot-c-/trading-bot-c-/src/BotCore/BotCore.csproj]
/home/runner/work/trading-bot-c-/trading-bot-c-/src/BotCore/Services/EnhancedMarketDataFlowService.cs(689,17): error CA1848: For improved performance, use the LoggerMessage delegates instead of calling 'LoggerExtensions.LogError(ILogger, Exception?, string?, params object?[])' (https://learn.microsoft.com/dotnet/fundamentals/code-analysis/quality-rules/ca1848) [/home/runner/work/trading-bot-c-/trading-bot-c-/src/BotCore/BotCore.csproj]
/home/runner/work/trading-bot-c-/trading-bot-c-/src/BotCore/Services/MasterDecisionOrchestrator.cs(1322,13): error CA1848: For improved performance, use the LoggerMessage delegates instead of calling 'LoggerExtensions.LogInformation(ILogger, string?, params object?[])' (https://learn.microsoft.com/dotnet/fundamentals/code-analysis/quality-rules/ca1848) [/home/runner/work/trading-bot-c-/trading-bot-c-/src/BotCore/BotCore.csproj]
/home/runner/work/trading-bot-c-/trading-bot-c-/src/BotCore/Services/MasterDecisionOrchestrator.cs(1331,17): error CA1848: For improved performance, use the LoggerMessage delegates instead of calling 'LoggerExtensions.LogWarning(ILogger, string?, params object?[])' (https://learn.microsoft.com/dotnet/fundamentals/code-analysis/quality-rules/ca1848) [/home/runner/work/trading-bot-c-/trading-bot-c-/src/BotCore/BotCore.csproj]
/home/runner/work/trading-bot-c-/trading-bot-c-/src/BotCore/Services/MasterDecisionOrchestrator.cs(1375,13): error CA1848: For improved performance, use the LoggerMessage delegates instead of calling 'LoggerExtensions.LogInformation(ILogger, string?, params object?[])' (https://learn.microsoft.com/dotnet/fundamentals/code-analysis/quality-rules/ca1848) [/home/runner/work/trading-bot-c-/trading-bot-c-/src/BotCore/BotCore.csproj]
/home/runner/work/trading-bot-c-/trading-bot-c-/src/BotCore/Services/MasterDecisionOrchestrator.cs(1383,13): error CA1848: For improved performance, use the LoggerMessage delegates instead of calling 'LoggerExtensions.LogError(ILogger, Exception?, string?, params object?[])' (https://learn.microsoft.com/dotnet/fundamentals/code-analysis/quality-rules/ca1848) [/home/runner/work/trading-bot-c-/trading-bot-c-/src/BotCore/BotCore.csproj]
/home/runner/work/trading-bot-c-/trading-bot-c-/src/BotCore/Services/MasterDecisionOrchestrator.cs(1381,9): error CA1031: Modify 'CaptureCurrentMetricsAsync' to catch a more specific allowed exception type, or rethrow the exception (https://learn.microsoft.com/dotnet/fundamentals/code-analysis/quality-rules/ca1031) [/home/runner/work/trading-bot-c-/trading-bot-c-/src/BotCore/BotCore.csproj]
/home/runner/work/trading-bot-c-/trading-bot-c-/src/BotCore/Services/EnhancedMarketDataFlowService.cs(697,112): error S1172: Remove this unused method parameter 'cancellationToken'. (https://rules.sonarsource.com/csharp/RSPEC-1172) [/home/runner/work/trading-bot-c-/trading-bot-c-/src/BotCore/BotCore.csproj]
/home/runner/work/trading-bot-c-/trading-bot-c-/src/BotCore/Services/ComponentDiscoveryService.cs(301,9): error CA1848: For improved performance, use the LoggerMessage delegates instead of calling 'LoggerExtensions.LogInformation(ILogger, string?, params object?[])' (https://learn.microsoft.com/dotnet/fundamentals/code-analysis/quality-rules/ca1848) [/home/runner/work/trading-bot-c-/trading-bot-c-/src/BotCore/BotCore.csproj]
/home/runner/work/trading-bot-c-/trading-bot-c-/src/BotCore/Services/ComponentDiscoveryService.cs(342,17): error CA1848: For improved performance, use the LoggerMessage delegates instead of calling 'LoggerExtensions.LogDebug(ILogger, string?, params object?[])' (https://learn.microsoft.com/dotnet/fundamentals/code-analysis/quality-rules/ca1848) [/home/runner/work/trading-bot-c-/trading-bot-c-/src/BotCore/BotCore.csproj]
/home/runner/work/trading-bot-c-/trading-bot-c-/src/BotCore/Services/ComponentDiscoveryService.cs(345,13): error CA1848: For improved performance, use the LoggerMessage delegates instead of calling 'LoggerExtensions.LogInformation(ILogger, string?, params object?[])' (https://learn.microsoft.com/dotnet/fundamentals/code-analysis/quality-rules/ca1848) [/home/runner/work/trading-bot-c-/trading-bot-c-/src/BotCore/BotCore.csproj]
/home/runner/work/trading-bot-c-/trading-bot-c-/src/BotCore/Services/ComponentDiscoveryService.cs(349,13): error CA1848: For improved performance, use the LoggerMessage delegates instead of calling 'LoggerExtensions.LogError(ILogger, Exception?, string?, params object?[])' (https://learn.microsoft.com/dotnet/fundamentals/code-analysis/quality-rules/ca1848) [/home/runner/work/trading-bot-c-/trading-bot-c-/src/BotCore/BotCore.csproj]
/home/runner/work/trading-bot-c-/trading-bot-c-/src/BotCore/Services/EnhancedMarketDataFlowService.cs(717,17): error CA1848: For improved performance, use the LoggerMessage delegates instead of calling 'LoggerExtensions.LogInformation(ILogger, string?, params object?[])' (https://learn.microsoft.com/dotnet/fundamentals/code-analysis/quality-rules/ca1848) [/home/runner/work/trading-bot-c-/trading-bot-c-/src/BotCore/BotCore.csproj]
/home/runner/work/trading-bot-c-/trading-bot-c-/src/BotCore/Services/EnhancedMarketDataFlowService.cs(728,21): error CA1848: For improved performance, use the LoggerMessage delegates instead of calling 'LoggerExtensions.LogDebug(ILogger, string?, params object?[])' (https://learn.microsoft.com/dotnet/fundamentals/code-analysis/quality-rules/ca1848) [/home/runner/work/trading-bot-c-/trading-bot-c-/src/BotCore/BotCore.csproj]
/home/runner/work/trading-bot-c-/trading-bot-c-/src/BotCore/Services/EnhancedMarketDataFlowService.cs(736,17): error CA1848: For improved performance, use the LoggerMessage delegates instead of calling 'LoggerExtensions.LogError(ILogger, Exception?, string?, params object?[])' (https://learn.microsoft.com/dotnet/fundamentals/code-analysis/quality-rules/ca1848) [/home/runner/work/trading-bot-c-/trading-bot-c-/src/BotCore/BotCore.csproj]
/home/runner/work/trading-bot-c-/trading-bot-c-/src/BotCore/Services/PositionManagementOptimizer.cs(598,13): error CA1848: For improved performance, use the LoggerMessage delegates instead of calling 'LoggerExtensions.LogInformation(ILogger, string?, params object?[])' (https://learn.microsoft.com/dotnet/fundamentals/code-analysis/quality-rules/ca1848) [/home/runner/work/trading-bot-c-/trading-bot-c-/src/BotCore/BotCore.csproj]
/home/runner/work/trading-bot-c-/trading-bot-c-/src/BotCore/Services/MasterDecisionOrchestrator.cs(1482,9): error S1172: Remove this unused method parameter 'cancellationToken'. (https://rules.sonarsource.com/csharp/RSPEC-1172) [/home/runner/work/trading-bot-c-/trading-bot-c-/src/BotCore/BotCore.csproj]
/home/runner/work/trading-bot-c-/trading-bot-c-/src/BotCore/Services/MasterDecisionOrchestrator.cs(1405,13): error CA1848: For improved performance, use the LoggerMessage delegates instead of calling 'LoggerExtensions.LogInformation(ILogger, string?, params object?[])' (https://learn.microsoft.com/dotnet/fundamentals/code-analysis/quality-rules/ca1848) [/home/runner/work/trading-bot-c-/trading-bot-c-/src/BotCore/BotCore.csproj]
/home/runner/work/trading-bot-c-/trading-bot-c-/src/BotCore/Services/MasterDecisionOrchestrator.cs(1421,17): error CA1848: For improved performance, use the LoggerMessage delegates instead of calling 'LoggerExtensions.LogInformation(ILogger, string?, params object?[])' (https://learn.microsoft.com/dotnet/fundamentals/code-analysis/quality-rules/ca1848) [/home/runner/work/trading-bot-c-/trading-bot-c-/src/BotCore/BotCore.csproj]
/home/runner/work/trading-bot-c-/trading-bot-c-/src/BotCore/Services/MasterDecisionOrchestrator.cs(1438,17): error CA1848: For improved performance, use the LoggerMessage delegates instead of calling 'LoggerExtensions.LogInformation(ILogger, string?, params object?[])' (https://learn.microsoft.com/dotnet/fundamentals/code-analysis/quality-rules/ca1848) [/home/runner/work/trading-bot-c-/trading-bot-c-/src/BotCore/BotCore.csproj]
/home/runner/work/trading-bot-c-/trading-bot-c-/src/BotCore/Services/MasterDecisionOrchestrator.cs(1460,13): error CA1848: For improved performance, use the LoggerMessage delegates instead of calling 'LoggerExtensions.LogInformation(ILogger, string?, params object?[])' (https://learn.microsoft.com/dotnet/fundamentals/code-analysis/quality-rules/ca1848) [/home/runner/work/trading-bot-c-/trading-bot-c-/src/BotCore/BotCore.csproj]
/home/runner/work/trading-bot-c-/trading-bot-c-/src/BotCore/Services/MasterDecisionOrchestrator.cs(1461,13): error CA1848: For improved performance, use the LoggerMessage delegates instead of calling 'LoggerExtensions.LogInformation(ILogger, string?, params object?[])' (https://learn.microsoft.com/dotnet/fundamentals/code-analysis/quality-rules/ca1848) [/home/runner/work/trading-bot-c-/trading-bot-c-/src/BotCore/BotCore.csproj]
/home/runner/work/trading-bot-c-/trading-bot-c-/src/BotCore/Services/MasterDecisionOrchestrator.cs(1468,13): error CA1848: For improved performance, use the LoggerMessage delegates instead of calling 'LoggerExtensions.LogError(ILogger, Exception?, string?, params object?[])' (https://learn.microsoft.com/dotnet/fundamentals/code-analysis/quality-rules/ca1848) [/home/runner/work/trading-bot-c-/trading-bot-c-/src/BotCore/BotCore.csproj]
/home/runner/work/trading-bot-c-/trading-bot-c-/src/BotCore/Services/MasterDecisionOrchestrator.cs(1473,13): error CA1848: For improved performance, use the LoggerMessage delegates instead of calling 'LoggerExtensions.LogError(ILogger, Exception?, string?, params object?[])' (https://learn.microsoft.com/dotnet/fundamentals/code-analysis/quality-rules/ca1848) [/home/runner/work/trading-bot-c-/trading-bot-c-/src/BotCore/BotCore.csproj]
/home/runner/work/trading-bot-c-/trading-bot-c-/src/BotCore/Services/CloudModelSynchronizationService.cs(64,13): error CA1848: For improved performance, use the LoggerMessage delegates instead of calling 'LoggerExtensions.LogWarning(ILogger, string?, params object?[])' (https://learn.microsoft.com/dotnet/fundamentals/code-analysis/quality-rules/ca1848) [/home/runner/work/trading-bot-c-/trading-bot-c-/src/BotCore/BotCore.csproj]
/home/runner/work/trading-bot-c-/trading-bot-c-/src/BotCore/Services/CloudModelSynchronizationService.cs(97,9): error CA1848: For improved performance, use the LoggerMessage delegates instead of calling 'LoggerExtensions.LogInformation(ILogger, string?, params object?[])' (https://learn.microsoft.com/dotnet/fundamentals/code-analysis/quality-rules/ca1848) [/home/runner/work/trading-bot-c-/trading-bot-c-/src/BotCore/BotCore.csproj]
/home/runner/work/trading-bot-c-/trading-bot-c-/src/BotCore/Services/EnhancedMarketDataFlowService.cs(790,21): error CA1848: For improved performance, use the LoggerMessage delegates instead of calling 'LoggerExtensions.LogError(ILogger, Exception?, string?, params object?[])' (https://learn.microsoft.com/dotnet/fundamentals/code-analysis/quality-rules/ca1848) [/home/runner/work/trading-bot-c-/trading-bot-c-/src/BotCore/BotCore.csproj]
/home/runner/work/trading-bot-c-/trading-bot-c-/src/BotCore/Services/EnhancedMarketDataFlowService.cs(788,17): error CA1031: Modify 'Dispose' to catch a more specific allowed exception type, or rethrow the exception (https://learn.microsoft.com/dotnet/fundamentals/code-analysis/quality-rules/ca1031) [/home/runner/work/trading-bot-c-/trading-bot-c-/src/BotCore/BotCore.csproj]
/home/runner/work/trading-bot-c-/trading-bot-c-/src/BotCore/Services/CloudModelSynchronizationService.cs(103,9): error CA1848: For improved performance, use the LoggerMessage delegates instead of calling 'LoggerExtensions.LogInformation(ILogger, string?, params object?[])' (https://learn.microsoft.com/dotnet/fundamentals/code-analysis/quality-rules/ca1848) [/home/runner/work/trading-bot-c-/trading-bot-c-/src/BotCore/BotCore.csproj]
/home/runner/work/trading-bot-c-/trading-bot-c-/src/BotCore/Services/CloudModelSynchronizationService.cs(122,17): error CA1848: For improved performance, use the LoggerMessage delegates instead of calling 'LoggerExtensions.LogError(ILogger, Exception?, string?, params object?[])' (https://learn.microsoft.com/dotnet/fundamentals/code-analysis/quality-rules/ca1848) [/home/runner/work/trading-bot-c-/trading-bot-c-/src/BotCore/BotCore.csproj]
/home/runner/work/trading-bot-c-/trading-bot-c-/src/BotCore/Services/CloudModelSynchronizationService.cs(127,9): error CA1848: For improved performance, use the LoggerMessage delegates instead of calling 'LoggerExtensions.LogInformation(ILogger, string?, params object?[])' (https://learn.microsoft.com/dotnet/fundamentals/code-analysis/quality-rules/ca1848) [/home/runner/work/trading-bot-c-/trading-bot-c-/src/BotCore/BotCore.csproj]
/home/runner/work/trading-bot-c-/trading-bot-c-/src/BotCore/Services/CloudModelSynchronizationService.cs(120,13): error CA1031: Modify 'ExecuteAsync' to catch a more specific allowed exception type, or rethrow the exception (https://learn.microsoft.com/dotnet/fundamentals/code-analysis/quality-rules/ca1031) [/home/runner/work/trading-bot-c-/trading-bot-c-/src/BotCore/BotCore.csproj]
/home/runner/work/trading-bot-c-/trading-bot-c-/src/BotCore/Services/CloudModelDownloader.cs(40,9): error CA1848: For improved performance, use the LoggerMessage delegates instead of calling 'LoggerExtensions.LogInformation(ILogger, string?, params object?[])' (https://learn.microsoft.com/dotnet/fundamentals/code-analysis/quality-rules/ca1848) [/home/runner/work/trading-bot-c-/trading-bot-c-/src/BotCore/BotCore.csproj]
/home/runner/work/trading-bot-c-/trading-bot-c-/src/BotCore/Services/CloudModelDownloader.cs(61,13): error CA1848: For improved performance, use the LoggerMessage delegates instead of calling 'LoggerExtensions.LogInformation(ILogger, string?, params object?[])' (https://learn.microsoft.com/dotnet/fundamentals/code-analysis/quality-rules/ca1848) [/home/runner/work/trading-bot-c-/trading-bot-c-/src/BotCore/BotCore.csproj]
/home/runner/work/trading-bot-c-/trading-bot-c-/src/BotCore/Services/CloudModelDownloader.cs(69,13): error CA1848: For improved performance, use the LoggerMessage delegates instead of calling 'LoggerExtensions.LogError(ILogger, Exception?, string?, params object?[])' (https://learn.microsoft.com/dotnet/fundamentals/code-analysis/quality-rules/ca1848) [/home/runner/work/trading-bot-c-/trading-bot-c-/src/BotCore/BotCore.csproj]
/home/runner/work/trading-bot-c-/trading-bot-c-/src/BotCore/Services/CloudModelDownloader.cs(67,9): error CA1031: Modify 'DownloadAndValidateModelAsync' to catch a more specific allowed exception type, or rethrow the exception (https://learn.microsoft.com/dotnet/fundamentals/code-analysis/quality-rules/ca1031) [/home/runner/work/trading-bot-c-/trading-bot-c-/src/BotCore/BotCore.csproj]
/home/runner/work/trading-bot-c-/trading-bot-c-/src/BotCore/Services/MasterDecisionOrchestrator.cs(1535,9): error CA1848: For improved performance, use the LoggerMessage delegates instead of calling 'LoggerExtensions.LogCritical(ILogger, string?, params object?[])' (https://learn.microsoft.com/dotnet/fundamentals/code-analysis/quality-rules/ca1848) [/home/runner/work/trading-bot-c-/trading-bot-c-/src/BotCore/BotCore.csproj]
/home/runner/work/trading-bot-c-/trading-bot-c-/src/BotCore/Services/MasterDecisionOrchestrator.cs(1536,9): error CA1848: For improved performance, use the LoggerMessage delegates instead of calling 'LoggerExtensions.LogCritical(ILogger, string?, params object?[])' (https://learn.microsoft.com/dotnet/fundamentals/code-analysis/quality-rules/ca1848) [/home/runner/work/trading-bot-c-/trading-bot-c-/src/BotCore/BotCore.csproj]
/home/runner/work/trading-bot-c-/trading-bot-c-/src/BotCore/Services/MasterDecisionOrchestrator.cs(1537,9): error CA1848: For improved performance, use the LoggerMessage delegates instead of calling 'LoggerExtensions.LogCritical(ILogger, string?, params object?[])' (https://learn.microsoft.com/dotnet/fundamentals/code-analysis/quality-rules/ca1848) [/home/runner/work/trading-bot-c-/trading-bot-c-/src/BotCore/BotCore.csproj]
/home/runner/work/trading-bot-c-/trading-bot-c-/src/BotCore/Services/MasterDecisionOrchestrator.cs(1538,9): error CA1848: For improved performance, use the LoggerMessage delegates instead of calling 'LoggerExtensions.LogCritical(ILogger, string?, params object?[])' (https://learn.microsoft.com/dotnet/fundamentals/code-analysis/quality-rules/ca1848) [/home/runner/work/trading-bot-c-/trading-bot-c-/src/BotCore/BotCore.csproj]
/home/runner/work/trading-bot-c-/trading-bot-c-/src/BotCore/Services/MasterDecisionOrchestrator.cs(1539,9): error CA1848: For improved performance, use the LoggerMessage delegates instead of calling 'LoggerExtensions.LogCritical(ILogger, string?, params object?[])' (https://learn.microsoft.com/dotnet/fundamentals/code-analysis/quality-rules/ca1848) [/home/runner/work/trading-bot-c-/trading-bot-c-/src/BotCore/BotCore.csproj]
/home/runner/work/trading-bot-c-/trading-bot-c-/src/BotCore/Services/MasterDecisionOrchestrator.cs(1540,9): error CA1848: For improved performance, use the LoggerMessage delegates instead of calling 'LoggerExtensions.LogCritical(ILogger, string?, params object?[])' (https://learn.microsoft.com/dotnet/fundamentals/code-analysis/quality-rules/ca1848) [/home/runner/work/trading-bot-c-/trading-bot-c-/src/BotCore/BotCore.csproj]
/home/runner/work/trading-bot-c-/trading-bot-c-/src/BotCore/Services/MasterDecisionOrchestrator.cs(1559,9): error CA1848: For improved performance, use the LoggerMessage delegates instead of calling 'LoggerExtensions.LogCritical(ILogger, string?, params object?[])' (https://learn.microsoft.com/dotnet/fundamentals/code-analysis/quality-rules/ca1848) [/home/runner/work/trading-bot-c-/trading-bot-c-/src/BotCore/BotCore.csproj]
/home/runner/work/trading-bot-c-/trading-bot-c-/src/BotCore/Services/MasterDecisionOrchestrator.cs(1560,9): error CA1848: For improved performance, use the LoggerMessage delegates instead of calling 'LoggerExtensions.LogCritical(ILogger, string?, params object?[])' (https://learn.microsoft.com/dotnet/fundamentals/code-analysis/quality-rules/ca1848) [/home/runner/work/trading-bot-c-/trading-bot-c-/src/BotCore/BotCore.csproj]
/home/runner/work/trading-bot-c-/trading-bot-c-/src/BotCore/Services/CloudModelDownloader.cs(87,59): error S1172: Remove this unused method parameter 'name'. (https://rules.sonarsource.com/csharp/RSPEC-1172) [/home/runner/work/trading-bot-c-/trading-bot-c-/src/BotCore/BotCore.csproj]
/home/runner/work/trading-bot-c-/trading-bot-c-/src/BotCore/Services/CloudModelDownloader.cs(94,13): error CA1848: For improved performance, use the LoggerMessage delegates instead of calling 'LoggerExtensions.LogInformation(ILogger, string?, params object?[])' (https://learn.microsoft.com/dotnet/fundamentals/code-analysis/quality-rules/ca1848) [/home/runner/work/trading-bot-c-/trading-bot-c-/src/BotCore/BotCore.csproj]
/home/runner/work/trading-bot-c-/trading-bot-c-/src/BotCore/Services/CloudModelDownloader.cs(97,9): error CA1031: Modify 'VerifyHashAsync' to catch a more specific allowed exception type, or rethrow the exception (https://learn.microsoft.com/dotnet/fundamentals/code-analysis/quality-rules/ca1031) [/home/runner/work/trading-bot-c-/trading-bot-c-/src/BotCore/BotCore.csproj]
/home/runner/work/trading-bot-c-/trading-bot-c-/src/BotCore/Services/CloudModelSynchronizationService.cs(133,23): error S1541: The Cyclomatic Complexity of this method is 15 which is greater than 10 authorized. (https://rules.sonarsource.com/csharp/RSPEC-1541) [/home/runner/work/trading-bot-c-/trading-bot-c-/src/BotCore/BotCore.csproj]
/home/runner/work/trading-bot-c-/trading-bot-c-/src/BotCore/Services/CloudModelDownloader.cs(105,13): error CA1848: For improved performance, use the LoggerMessage delegates instead of calling 'LoggerExtensions.LogInformation(ILogger, string?, params object?[])' (https://learn.microsoft.com/dotnet/fundamentals/code-analysis/quality-rules/ca1848) [/home/runner/work/trading-bot-c-/trading-bot-c-/src/BotCore/BotCore.csproj]
/home/runner/work/trading-bot-c-/trading-bot-c-/src/BotCore/Services/CloudModelDownloader.cs(108,9): error CA1031: Modify 'ValidateCompatibility' to catch a more specific allowed exception type, or rethrow the exception (https://learn.microsoft.com/dotnet/fundamentals/code-analysis/quality-rules/ca1031) [/home/runner/work/trading-bot-c-/trading-bot-c-/src/BotCore/BotCore.csproj]
/home/runner/work/trading-bot-c-/trading-bot-c-/src/BotCore/Services/CloudModelSynchronizationService.cs(137,13): error CA1848: For improved performance, use the LoggerMessage delegates instead of calling 'LoggerExtensions.LogWarning(ILogger, string?, params object?[])' (https://learn.microsoft.com/dotnet/fundamentals/code-analysis/quality-rules/ca1848) [/home/runner/work/trading-bot-c-/trading-bot-c-/src/BotCore/BotCore.csproj]
/home/runner/work/trading-bot-c-/trading-bot-c-/src/BotCore/Services/CloudModelSynchronizationService.cs(152,13): error CA1848: For improved performance, use the LoggerMessage delegates instead of calling 'LoggerExtensions.LogInformation(ILogger, string?, params object?[])' (https://learn.microsoft.com/dotnet/fundamentals/code-analysis/quality-rules/ca1848) [/home/runner/work/trading-bot-c-/trading-bot-c-/src/BotCore/BotCore.csproj]
/home/runner/work/trading-bot-c-/trading-bot-c-/src/BotCore/Services/CloudModelSynchronizationService.cs(193,21): error CA1848: For improved performance, use the LoggerMessage delegates instead of calling 'LoggerExtensions.LogWarning(ILogger, Exception?, string?, params object?[])' (https://learn.microsoft.com/dotnet/fundamentals/code-analysis/quality-rules/ca1848) [/home/runner/work/trading-bot-c-/trading-bot-c-/src/BotCore/BotCore.csproj]
/home/runner/work/trading-bot-c-/trading-bot-c-/src/BotCore/Services/CloudModelSynchronizationService.cs(200,13): error CA1848: For improved performance, use the LoggerMessage delegates instead of calling 'LoggerExtensions.LogInformation(ILogger, string?, params object?[])' (https://learn.microsoft.com/dotnet/fundamentals/code-analysis/quality-rules/ca1848) [/home/runner/work/trading-bot-c-/trading-bot-c-/src/BotCore/BotCore.csproj]
/home/runner/work/trading-bot-c-/trading-bot-c-/src/BotCore/Services/CloudModelSynchronizationService.cs(205,13): error CA1848: For improved performance, use the LoggerMessage delegates instead of calling 'LoggerExtensions.LogError(ILogger, Exception?, string?, params object?[])' (https://learn.microsoft.com/dotnet/fundamentals/code-analysis/quality-rules/ca1848) [/home/runner/work/trading-bot-c-/trading-bot-c-/src/BotCore/BotCore.csproj]
/home/runner/work/trading-bot-c-/trading-bot-c-/src/BotCore/Services/CloudModelDownloader.cs(116,9): error CA1848: For improved performance, use the LoggerMessage delegates instead of calling 'LoggerExtensions.LogInformation(ILogger, string?, params object?[])' (https://learn.microsoft.com/dotnet/fundamentals/code-analysis/quality-rules/ca1848) [/home/runner/work/trading-bot-c-/trading-bot-c-/src/BotCore/BotCore.csproj]
/home/runner/work/trading-bot-c-/trading-bot-c-/src/BotCore/Services/CloudModelDownloader.cs(121,59): error S2486: Handle the exception or explain in a comment why it can be ignored. (https://rules.sonarsource.com/csharp/RSPEC-2486) [/home/runner/work/trading-bot-c-/trading-bot-c-/src/BotCore/BotCore.csproj]
/home/runner/work/trading-bot-c-/trading-bot-c-/src/BotCore/Services/CloudModelDownloader.cs(121,65): error S108: Either remove or fill this block of code. (https://rules.sonarsource.com/csharp/RSPEC-108) [/home/runner/work/trading-bot-c-/trading-bot-c-/src/BotCore/BotCore.csproj]
/home/runner/work/trading-bot-c-/trading-bot-c-/src/BotCore/Services/CloudModelDownloader.cs(121,59): error CA1031: Modify 'CleanupStaging' to catch a more specific allowed exception type, or rethrow the exception (https://learn.microsoft.com/dotnet/fundamentals/code-analysis/quality-rules/ca1031) [/home/runner/work/trading-bot-c-/trading-bot-c-/src/BotCore/BotCore.csproj]
/home/runner/work/trading-bot-c-/trading-bot-c-/src/BotCore/Services/MasterDecisionOrchestrator.cs(1589,13): error CA1848: For improved performance, use the LoggerMessage delegates instead of calling 'LoggerExtensions.LogWarning(ILogger, string?, params object?[])' (https://learn.microsoft.com/dotnet/fundamentals/code-analysis/quality-rules/ca1848) [/home/runner/work/trading-bot-c-/trading-bot-c-/src/BotCore/BotCore.csproj]
/home/runner/work/trading-bot-c-/trading-bot-c-/src/BotCore/Services/CloudModelSynchronizationService.cs(191,17): error CA1031: Modify 'SynchronizeModelsAsync' to catch a more specific allowed exception type, or rethrow the exception (https://learn.microsoft.com/dotnet/fundamentals/code-analysis/quality-rules/ca1031) [/home/runner/work/trading-bot-c-/trading-bot-c-/src/BotCore/BotCore.csproj]
/home/runner/work/trading-bot-c-/trading-bot-c-/src/BotCore/Services/CloudModelSynchronizationService.cs(203,9): error CA1031: Modify 'SynchronizeModelsAsync' to catch a more specific allowed exception type, or rethrow the exception (https://learn.microsoft.com/dotnet/fundamentals/code-analysis/quality-rules/ca1031) [/home/runner/work/trading-bot-c-/trading-bot-c-/src/BotCore/BotCore.csproj]
/home/runner/work/trading-bot-c-/trading-bot-c-/src/BotCore/Services/CloudEgressGuardHandler.cs(22,110): error CA1725: In member Task<HttpResponseMessage> CloudEgressGuardHandler.SendAsync(HttpRequestMessage request, CancellationToken ct), change parameter name ct to cancellationToken in order to match the identifier as it has been declared in Task<HttpResponseMessage> DelegatingHandler.SendAsync(HttpRequestMessage request, CancellationToken cancellationToken) (https://learn.microsoft.com/dotnet/fundamentals/code-analysis/quality-rules/ca1725) [/home/runner/work/trading-bot-c-/trading-bot-c-/src/BotCore/BotCore.csproj]
/home/runner/work/trading-bot-c-/trading-bot-c-/src/BotCore/Services/CloudEgressGuardHandler.cs(22,110): error S927: Rename parameter 'ct' to 'cancellationToken' to match the base class declaration. (https://rules.sonarsource.com/csharp/RSPEC-927) [/home/runner/work/trading-bot-c-/trading-bot-c-/src/BotCore/BotCore.csproj]
/home/runner/work/trading-bot-c-/trading-bot-c-/src/BotCore/Services/MasterDecisionOrchestrator.cs(1624,9): error S1172: Remove this unused method parameter 'decisionId'. (https://rules.sonarsource.com/csharp/RSPEC-1172) [/home/runner/work/trading-bot-c-/trading-bot-c-/src/BotCore/BotCore.csproj]
/home/runner/work/trading-bot-c-/trading-bot-c-/src/BotCore/Services/MasterDecisionOrchestrator.cs(1628,9): error S1172: Remove this unused method parameter 'cancellationToken'. (https://rules.sonarsource.com/csharp/RSPEC-1172) [/home/runner/work/trading-bot-c-/trading-bot-c-/src/BotCore/BotCore.csproj]
/home/runner/work/trading-bot-c-/trading-bot-c-/src/BotCore/Services/CloudDataUploader.cs(37,13): error CA1848: For improved performance, use the LoggerMessage delegates instead of calling 'LoggerExtensions.LogInformation(ILogger, string?, params object?[])' (https://learn.microsoft.com/dotnet/fundamentals/code-analysis/quality-rules/ca1848) [/home/runner/work/trading-bot-c-/trading-bot-c-/src/BotCore/BotCore.csproj]
/home/runner/work/trading-bot-c-/trading-bot-c-/src/BotCore/Services/CloudDataUploader.cs(51,17): error CA1848: For improved performance, use the LoggerMessage delegates instead of calling 'LoggerExtensions.LogInformation(ILogger, string?, params object?[])' (https://learn.microsoft.com/dotnet/fundamentals/code-analysis/quality-rules/ca1848) [/home/runner/work/trading-bot-c-/trading-bot-c-/src/BotCore/BotCore.csproj]
/home/runner/work/trading-bot-c-/trading-bot-c-/src/BotCore/Services/CloudDataUploader.cs(56,17): error CA1848: For improved performance, use the LoggerMessage delegates instead of calling 'LoggerExtensions.LogWarning(ILogger, string?, params object?[])' (https://learn.microsoft.com/dotnet/fundamentals/code-analysis/quality-rules/ca1848) [/home/runner/work/trading-bot-c-/trading-bot-c-/src/BotCore/BotCore.csproj]
/home/runner/work/trading-bot-c-/trading-bot-c-/src/BotCore/Services/CloudDataUploader.cs(62,13): error CA1848: For improved performance, use the LoggerMessage delegates instead of calling 'LoggerExtensions.LogError(ILogger, Exception?, string?, params object?[])' (https://learn.microsoft.com/dotnet/fundamentals/code-analysis/quality-rules/ca1848) [/home/runner/work/trading-bot-c-/trading-bot-c-/src/BotCore/BotCore.csproj]
/home/runner/work/trading-bot-c-/trading-bot-c-/src/BotCore/Services/CloudDataUploader.cs(60,9): error CA1031: Modify 'UploadTradeDataAsync' to catch a more specific allowed exception type, or rethrow the exception (https://learn.microsoft.com/dotnet/fundamentals/code-analysis/quality-rules/ca1031) [/home/runner/work/trading-bot-c-/trading-bot-c-/src/BotCore/BotCore.csproj]
/home/runner/work/trading-bot-c-/trading-bot-c-/src/BotCore/Services/CloudDataUploader.cs(71,13): error CA1848: For improved performance, use the LoggerMessage delegates instead of calling 'LoggerExtensions.LogInformation(ILogger, string?, params object?[])' (https://learn.microsoft.com/dotnet/fundamentals/code-analysis/quality-rules/ca1848) [/home/runner/work/trading-bot-c-/trading-bot-c-/src/BotCore/BotCore.csproj]
/home/runner/work/trading-bot-c-/trading-bot-c-/src/BotCore/Services/CloudDataUploader.cs(89,17): error CA1848: For improved performance, use the LoggerMessage delegates instead of calling 'LoggerExtensions.LogInformation(ILogger, string?, params object?[])' (https://learn.microsoft.com/dotnet/fundamentals/code-analysis/quality-rules/ca1848) [/home/runner/work/trading-bot-c-/trading-bot-c-/src/BotCore/BotCore.csproj]
/home/runner/work/trading-bot-c-/trading-bot-c-/src/BotCore/Services/CloudDataUploader.cs(94,17): error CA1848: For improved performance, use the LoggerMessage delegates instead of calling 'LoggerExtensions.LogWarning(ILogger, string?, params object?[])' (https://learn.microsoft.com/dotnet/fundamentals/code-analysis/quality-rules/ca1848) [/home/runner/work/trading-bot-c-/trading-bot-c-/src/BotCore/BotCore.csproj]
/home/runner/work/trading-bot-c-/trading-bot-c-/src/BotCore/Services/CloudDataUploader.cs(100,13): error CA1848: For improved performance, use the LoggerMessage delegates instead of calling 'LoggerExtensions.LogError(ILogger, Exception?, string?, params object?[])' (https://learn.microsoft.com/dotnet/fundamentals/code-analysis/quality-rules/ca1848) [/home/runner/work/trading-bot-c-/trading-bot-c-/src/BotCore/BotCore.csproj]
/home/runner/work/trading-bot-c-/trading-bot-c-/src/BotCore/Services/CloudDataUploader.cs(98,9): error CA1031: Modify 'UploadMarketDataAsync' to catch a more specific allowed exception type, or rethrow the exception (https://learn.microsoft.com/dotnet/fundamentals/code-analysis/quality-rules/ca1031) [/home/runner/work/trading-bot-c-/trading-bot-c-/src/BotCore/BotCore.csproj]
/home/runner/work/trading-bot-c-/trading-bot-c-/src/BotCore/Services/CloudModelSynchronizationService.cs(221,17): error CA1848: For improved performance, use the LoggerMessage delegates instead of calling 'LoggerExtensions.LogWarning(ILogger, string?, params object?[])' (https://learn.microsoft.com/dotnet/fundamentals/code-analysis/quality-rules/ca1848) [/home/runner/work/trading-bot-c-/trading-bot-c-/src/BotCore/BotCore.csproj]
/home/runner/work/trading-bot-c-/trading-bot-c-/src/BotCore/Services/CloudModelSynchronizationService.cs(235,13): error CA1848: For improved performance, use the LoggerMessage delegates instead of calling 'LoggerExtensions.LogDebug(ILogger, string?, params object?[])' (https://learn.microsoft.com/dotnet/fundamentals/code-analysis/quality-rules/ca1848) [/home/runner/work/trading-bot-c-/trading-bot-c-/src/BotCore/BotCore.csproj]
/home/runner/work/trading-bot-c-/trading-bot-c-/src/BotCore/Services/CloudModelSynchronizationService.cs(240,13): error CA1848: For improved performance, use the LoggerMessage delegates instead of calling 'LoggerExtensions.LogError(ILogger, Exception?, string?, params object?[])' (https://learn.microsoft.com/dotnet/fundamentals/code-analysis/quality-rules/ca1848) [/home/runner/work/trading-bot-c-/trading-bot-c-/src/BotCore/BotCore.csproj]
/home/runner/work/trading-bot-c-/trading-bot-c-/src/BotCore/Services/CloudModelSynchronizationService.cs(238,9): error CA1031: Modify 'GetCompletedWorkflowRunsAsync' to catch a more specific allowed exception type, or rethrow the exception (https://learn.microsoft.com/dotnet/fundamentals/code-analysis/quality-rules/ca1031) [/home/runner/work/trading-bot-c-/trading-bot-c-/src/BotCore/BotCore.csproj]
/home/runner/work/trading-bot-c-/trading-bot-c-/src/BotCore/Services/MasterDecisionOrchestrator.cs(1680,9): error CA1848: For improved performance, use the LoggerMessage delegates instead of calling 'LoggerExtensions.LogInformation(ILogger, string?, params object?[])' (https://learn.microsoft.com/dotnet/fundamentals/code-analysis/quality-rules/ca1848) [/home/runner/work/trading-bot-c-/trading-bot-c-/src/BotCore/BotCore.csproj]
/home/runner/work/trading-bot-c-/trading-bot-c-/src/BotCore/Services/MasterDecisionOrchestrator.cs(1690,13): error CA1848: For improved performance, use the LoggerMessage delegates instead of calling 'LoggerExtensions.LogInformation(ILogger, string?, params object?[])' (https://learn.microsoft.com/dotnet/fundamentals/code-analysis/quality-rules/ca1848) [/home/runner/work/trading-bot-c-/trading-bot-c-/src/BotCore/BotCore.csproj]
/home/runner/work/trading-bot-c-/trading-bot-c-/src/BotCore/Services/MasterDecisionOrchestrator.cs(1694,13): error CA1848: For improved performance, use the LoggerMessage delegates instead of calling 'LoggerExtensions.LogError(ILogger, Exception?, string?, params object?[])' (https://learn.microsoft.com/dotnet/fundamentals/code-analysis/quality-rules/ca1848) [/home/runner/work/trading-bot-c-/trading-bot-c-/src/BotCore/BotCore.csproj]
/home/runner/work/trading-bot-c-/trading-bot-c-/src/BotCore/Services/MasterDecisionOrchestrator.cs(1698,13): error CA1848: For improved performance, use the LoggerMessage delegates instead of calling 'LoggerExtensions.LogError(ILogger, Exception?, string?, params object?[])' (https://learn.microsoft.com/dotnet/fundamentals/code-analysis/quality-rules/ca1848) [/home/runner/work/trading-bot-c-/trading-bot-c-/src/BotCore/BotCore.csproj]
/home/runner/work/trading-bot-c-/trading-bot-c-/src/BotCore/Services/CloudModelSynchronizationService.cs(267,13): error CA1848: For improved performance, use the LoggerMessage delegates instead of calling 'LoggerExtensions.LogWarning(ILogger, Exception?, string?, params object?[])' (https://learn.microsoft.com/dotnet/fundamentals/code-analysis/quality-rules/ca1848) [/home/runner/work/trading-bot-c-/trading-bot-c-/src/BotCore/BotCore.csproj]
/home/runner/work/trading-bot-c-/trading-bot-c-/src/BotCore/Services/CloudModelSynchronizationService.cs(265,9): error CA1031: Modify 'GetWorkflowArtifactsAsync' to catch a more specific allowed exception type, or rethrow the exception (https://learn.microsoft.com/dotnet/fundamentals/code-analysis/quality-rules/ca1031) [/home/runner/work/trading-bot-c-/trading-bot-c-/src/BotCore/BotCore.csproj]
/home/runner/work/trading-bot-c-/trading-bot-c-/src/BotCore/Services/BotSelfAwarenessService.cs(77,17): error CA1848: For improved performance, use the LoggerMessage delegates instead of calling 'LoggerExtensions.LogInformation(ILogger, string?, params object?[])' (https://learn.microsoft.com/dotnet/fundamentals/code-analysis/quality-rules/ca1848) [/home/runner/work/trading-bot-c-/trading-bot-c-/src/BotCore/BotCore.csproj]
/home/runner/work/trading-bot-c-/trading-bot-c-/src/BotCore/Services/BotSelfAwarenessService.cs(84,13): error CA1848: For improved performance, use the LoggerMessage delegates instead of calling 'LoggerExtensions.LogInformation(ILogger, string?, params object?[])' (https://learn.microsoft.com/dotnet/fundamentals/code-analysis/quality-rules/ca1848) [/home/runner/work/trading-bot-c-/trading-bot-c-/src/BotCore/BotCore.csproj]
/home/runner/work/trading-bot-c-/trading-bot-c-/src/BotCore/Services/BotSelfAwarenessService.cs(85,13): error CA1848: For improved performance, use the LoggerMessage delegates instead of calling 'LoggerExtensions.LogInformation(ILogger, string?, params object?[])' (https://learn.microsoft.com/dotnet/fundamentals/code-analysis/quality-rules/ca1848) [/home/runner/work/trading-bot-c-/trading-bot-c-/src/BotCore/BotCore.csproj]
/home/runner/work/trading-bot-c-/trading-bot-c-/src/BotCore/Services/BotSelfAwarenessService.cs(86,13): error CA1848: For improved performance, use the LoggerMessage delegates instead of calling 'LoggerExtensions.LogInformation(ILogger, string?, params object?[])' (https://learn.microsoft.com/dotnet/fundamentals/code-analysis/quality-rules/ca1848) [/home/runner/work/trading-bot-c-/trading-bot-c-/src/BotCore/BotCore.csproj]
/home/runner/work/trading-bot-c-/trading-bot-c-/src/BotCore/Services/BotSelfAwarenessService.cs(93,17): error CA1848: For improved performance, use the LoggerMessage delegates instead of calling 'LoggerExtensions.LogWarning(ILogger, string?, params object?[])' (https://learn.microsoft.com/dotnet/fundamentals/code-analysis/quality-rules/ca1848) [/home/runner/work/trading-bot-c-/trading-bot-c-/src/BotCore/BotCore.csproj]
/home/runner/work/trading-bot-c-/trading-bot-c-/src/BotCore/Services/BotSelfAwarenessService.cs(97,13): error CA1848: For improved performance, use the LoggerMessage delegates instead of calling 'LoggerExtensions.LogInformation(ILogger, string?, params object?[])' (https://learn.microsoft.com/dotnet/fundamentals/code-analysis/quality-rules/ca1848) [/home/runner/work/trading-bot-c-/trading-bot-c-/src/BotCore/BotCore.csproj]
/home/runner/work/trading-bot-c-/trading-bot-c-/src/BotCore/Services/BotSelfAwarenessService.cs(121,21): error CA1848: For improved performance, use the LoggerMessage delegates instead of calling 'LoggerExtensions.LogError(ILogger, Exception?, string?, params object?[])' (https://learn.microsoft.com/dotnet/fundamentals/code-analysis/quality-rules/ca1848) [/home/runner/work/trading-bot-c-/trading-bot-c-/src/BotCore/BotCore.csproj]
/home/runner/work/trading-bot-c-/trading-bot-c-/src/BotCore/Services/BotSelfAwarenessService.cs(126,13): error CA1848: For improved performance, use the LoggerMessage delegates instead of calling 'LoggerExtensions.LogInformation(ILogger, string?, params object?[])' (https://learn.microsoft.com/dotnet/fundamentals/code-analysis/quality-rules/ca1848) [/home/runner/work/trading-bot-c-/trading-bot-c-/src/BotCore/BotCore.csproj]
/home/runner/work/trading-bot-c-/trading-bot-c-/src/BotCore/Services/BotSelfAwarenessService.cs(130,13): error CA1848: For improved performance, use the LoggerMessage delegates instead of calling 'LoggerExtensions.LogInformation(ILogger, Exception?, string?, params object?[])' (https://learn.microsoft.com/dotnet/fundamentals/code-analysis/quality-rules/ca1848) [/home/runner/work/trading-bot-c-/trading-bot-c-/src/BotCore/BotCore.csproj]
/home/runner/work/trading-bot-c-/trading-bot-c-/src/BotCore/Services/BotSelfAwarenessService.cs(134,13): error CA1848: For improved performance, use the LoggerMessage delegates instead of calling 'LoggerExtensions.LogCritical(ILogger, Exception?, string?, params object?[])' (https://learn.microsoft.com/dotnet/fundamentals/code-analysis/quality-rules/ca1848) [/home/runner/work/trading-bot-c-/trading-bot-c-/src/BotCore/BotCore.csproj]
/home/runner/work/trading-bot-c-/trading-bot-c-/src/BotCore/Services/BotSelfAwarenessService.cs(119,17): error CA1031: Modify 'ExecuteAsync' to catch a more specific allowed exception type, or rethrow the exception (https://learn.microsoft.com/dotnet/fundamentals/code-analysis/quality-rules/ca1031) [/home/runner/work/trading-bot-c-/trading-bot-c-/src/BotCore/BotCore.csproj]
/home/runner/work/trading-bot-c-/trading-bot-c-/src/BotCore/Services/BotSelfAwarenessService.cs(132,9): error CA1031: Modify 'ExecuteAsync' to catch a more specific allowed exception type, or rethrow the exception (https://learn.microsoft.com/dotnet/fundamentals/code-analysis/quality-rules/ca1031) [/home/runner/work/trading-bot-c-/trading-bot-c-/src/BotCore/BotCore.csproj]
/home/runner/work/trading-bot-c-/trading-bot-c-/src/BotCore/Services/MasterDecisionOrchestrator.cs(1731,13): error CA1848: For improved performance, use the LoggerMessage delegates instead of calling 'LoggerExtensions.LogInformation(ILogger, string?, params object?[])' (https://learn.microsoft.com/dotnet/fundamentals/code-analysis/quality-rules/ca1848) [/home/runner/work/trading-bot-c-/trading-bot-c-/src/BotCore/BotCore.csproj]
/home/runner/work/trading-bot-c-/trading-bot-c-/src/BotCore/Services/MasterDecisionOrchestrator.cs(1735,13): error CA1848: For improved performance, use the LoggerMessage delegates instead of calling 'LoggerExtensions.LogError(ILogger, Exception?, string?, params object?[])' (https://learn.microsoft.com/dotnet/fundamentals/code-analysis/quality-rules/ca1848) [/home/runner/work/trading-bot-c-/trading-bot-c-/src/BotCore/BotCore.csproj]
/home/runner/work/trading-bot-c-/trading-bot-c-/src/BotCore/Services/MasterDecisionOrchestrator.cs(1739,13): error CA1848: For improved performance, use the LoggerMessage delegates instead of calling 'LoggerExtensions.LogError(ILogger, Exception?, string?, params object?[])' (https://learn.microsoft.com/dotnet/fundamentals/code-analysis/quality-rules/ca1848) [/home/runner/work/trading-bot-c-/trading-bot-c-/src/BotCore/BotCore.csproj]
/home/runner/work/trading-bot-c-/trading-bot-c-/src/BotCore/Services/MasterDecisionOrchestrator.cs(1743,13): error CA1848: For improved performance, use the LoggerMessage delegates instead of calling 'LoggerExtensions.LogError(ILogger, Exception?, string?, params object?[])' (https://learn.microsoft.com/dotnet/fundamentals/code-analysis/quality-rules/ca1848) [/home/runner/work/trading-bot-c-/trading-bot-c-/src/BotCore/BotCore.csproj]
/home/runner/work/trading-bot-c-/trading-bot-c-/src/BotCore/Services/CloudModelSynchronizationService.cs(275,30): error S1541: The Cyclomatic Complexity of this method is 12 which is greater than 10 authorized. (https://rules.sonarsource.com/csharp/RSPEC-1541) [/home/runner/work/trading-bot-c-/trading-bot-c-/src/BotCore/BotCore.csproj]
/home/runner/work/trading-bot-c-/trading-bot-c-/src/BotCore/Services/MasterDecisionOrchestrator.cs(1749,70): error SCS0005: Weak random number generator. (https://security-code-scan.github.io/#SCS0005) [/home/runner/work/trading-bot-c-/trading-bot-c-/src/BotCore/BotCore.csproj]
/home/runner/work/trading-bot-c-/trading-bot-c-/src/BotCore/Services/CloudModelSynchronizationService.cs(286,13): error CA1848: For improved performance, use the LoggerMessage delegates instead of calling 'LoggerExtensions.LogInformation(ILogger, string?, params object?[])' (https://learn.microsoft.com/dotnet/fundamentals/code-analysis/quality-rules/ca1848) [/home/runner/work/trading-bot-c-/trading-bot-c-/src/BotCore/BotCore.csproj]
/home/runner/work/trading-bot-c-/trading-bot-c-/src/BotCore/Services/CloudModelSynchronizationService.cs(294,17): error CA1848: For improved performance, use the LoggerMessage delegates instead of calling 'LoggerExtensions.LogWarning(ILogger, string?, params object?[])' (https://learn.microsoft.com/dotnet/fundamentals/code-analysis/quality-rules/ca1848) [/home/runner/work/trading-bot-c-/trading-bot-c-/src/BotCore/BotCore.csproj]
/home/runner/work/trading-bot-c-/trading-bot-c-/src/BotCore/Services/CloudModelSynchronizationService.cs(330,21): error CA1848: For improved performance, use the LoggerMessage delegates instead of calling 'LoggerExtensions.LogInformation(ILogger, string?, params object?[])' (https://learn.microsoft.com/dotnet/fundamentals/code-analysis/quality-rules/ca1848) [/home/runner/work/trading-bot-c-/trading-bot-c-/src/BotCore/BotCore.csproj]
/home/runner/work/trading-bot-c-/trading-bot-c-/src/BotCore/Services/CloudModelSynchronizationService.cs(339,21): error CA1848: For improved performance, use the LoggerMessage delegates instead of calling 'LoggerExtensions.LogInformation(ILogger, string?, params object?[])' (https://learn.microsoft.com/dotnet/fundamentals/code-analysis/quality-rules/ca1848) [/home/runner/work/trading-bot-c-/trading-bot-c-/src/BotCore/BotCore.csproj]
/home/runner/work/trading-bot-c-/trading-bot-c-/src/BotCore/Services/CloudModelSynchronizationService.cs(344,25): error CA1848: For improved performance, use the LoggerMessage delegates instead of calling 'LoggerExtensions.LogInformation(ILogger, string?, params object?[])' (https://learn.microsoft.com/dotnet/fundamentals/code-analysis/quality-rules/ca1848) [/home/runner/work/trading-bot-c-/trading-bot-c-/src/BotCore/BotCore.csproj]
/home/runner/work/trading-bot-c-/trading-bot-c-/src/BotCore/Services/CloudModelSynchronizationService.cs(348,25): error CA1848: For improved performance, use the LoggerMessage delegates instead of calling 'LoggerExtensions.LogWarning(ILogger, string?, params object?[])' (https://learn.microsoft.com/dotnet/fundamentals/code-analysis/quality-rules/ca1848) [/home/runner/work/trading-bot-c-/trading-bot-c-/src/BotCore/BotCore.csproj]
/home/runner/work/trading-bot-c-/trading-bot-c-/src/BotCore/Services/CloudModelSynchronizationService.cs(353,21): error CA1848: For improved performance, use the LoggerMessage delegates instead of calling 'LoggerExtensions.LogError(ILogger, Exception?, string?, params object?[])' (https://learn.microsoft.com/dotnet/fundamentals/code-analysis/quality-rules/ca1848) [/home/runner/work/trading-bot-c-/trading-bot-c-/src/BotCore/BotCore.csproj]
/home/runner/work/trading-bot-c-/trading-bot-c-/src/BotCore/Services/CloudModelSynchronizationService.cs(361,13): error CA1848: For improved performance, use the LoggerMessage delegates instead of calling 'LoggerExtensions.LogError(ILogger, Exception?, string?, params object?[])' (https://learn.microsoft.com/dotnet/fundamentals/code-analysis/quality-rules/ca1848) [/home/runner/work/trading-bot-c-/trading-bot-c-/src/BotCore/BotCore.csproj]
/home/runner/work/trading-bot-c-/trading-bot-c-/src/BotCore/Services/MasterDecisionOrchestrator.cs(1749,70): error CA5394: Random is an insecure random number generator. Use cryptographically secure random number generators when randomness is required for security. (https://learn.microsoft.com/dotnet/fundamentals/code-analysis/quality-rules/ca5394) [/home/runner/work/trading-bot-c-/trading-bot-c-/src/BotCore/BotCore.csproj]
/home/runner/work/trading-bot-c-/trading-bot-c-/src/BotCore/Services/CloudModelSynchronizationService.cs(351,17): error CA1031: Modify 'DownloadAndUpdateModelAsync' to catch a more specific allowed exception type, or rethrow the exception (https://learn.microsoft.com/dotnet/fundamentals/code-analysis/quality-rules/ca1031) [/home/runner/work/trading-bot-c-/trading-bot-c-/src/BotCore/BotCore.csproj]
/home/runner/work/trading-bot-c-/trading-bot-c-/src/BotCore/Services/CloudModelSynchronizationService.cs(359,9): error CA1031: Modify 'DownloadAndUpdateModelAsync' to catch a more specific allowed exception type, or rethrow the exception (https://learn.microsoft.com/dotnet/fundamentals/code-analysis/quality-rules/ca1031) [/home/runner/work/trading-bot-c-/trading-bot-c-/src/BotCore/BotCore.csproj]
/home/runner/work/trading-bot-c-/trading-bot-c-/src/BotCore/Services/PositionManagementOptimizer.cs(711,83): error S1541: The Cyclomatic Complexity of this method is 11 which is greater than 10 authorized. (https://rules.sonarsource.com/csharp/RSPEC-1541) [/home/runner/work/trading-bot-c-/trading-bot-c-/src/BotCore/BotCore.csproj]
/home/runner/work/trading-bot-c-/trading-bot-c-/src/BotCore/Services/BotSelfAwarenessService.cs(192,17): error CA1848: For improved performance, use the LoggerMessage delegates instead of calling 'LoggerExtensions.LogError(ILogger, Exception?, string?, params object?[])' (https://learn.microsoft.com/dotnet/fundamentals/code-analysis/quality-rules/ca1848) [/home/runner/work/trading-bot-c-/trading-bot-c-/src/BotCore/BotCore.csproj]
/home/runner/work/trading-bot-c-/trading-bot-c-/src/BotCore/Services/BotSelfAwarenessService.cs(190,13): error CA1031: Modify 'CheckAllComponentsHealthAsync' to catch a more specific allowed exception type, or rethrow the exception (https://learn.microsoft.com/dotnet/fundamentals/code-analysis/quality-rules/ca1031) [/home/runner/work/trading-bot-c-/trading-bot-c-/src/BotCore/BotCore.csproj]
/home/runner/work/trading-bot-c-/trading-bot-c-/src/BotCore/Services/MasterDecisionOrchestrator.cs(1780,13): error CA1848: For improved performance, use the LoggerMessage delegates instead of calling 'LoggerExtensions.LogError(ILogger, Exception?, string?, params object?[])' (https://learn.microsoft.com/dotnet/fundamentals/code-analysis/quality-rules/ca1848) [/home/runner/work/trading-bot-c-/trading-bot-c-/src/BotCore/BotCore.csproj]
/home/runner/work/trading-bot-c-/trading-bot-c-/src/BotCore/Services/MasterDecisionOrchestrator.cs(1778,9): error CA1031: Modify 'CheckPerformanceSummariesAsync' to catch a more specific allowed exception type, or rethrow the exception (https://learn.microsoft.com/dotnet/fundamentals/code-analysis/quality-rules/ca1031) [/home/runner/work/trading-bot-c-/trading-bot-c-/src/BotCore/BotCore.csproj]
/home/runner/work/trading-bot-c-/trading-bot-c-/src/BotCore/Services/MasterDecisionOrchestrator.cs(68,41): error CA2213: 'MasterDecisionOrchestrator' contains field '_neuralUcbExtended' that is of IDisposable type 'NeuralUcbExtended?', but it is never disposed. Change the Dispose method on 'MasterDecisionOrchestrator' to call Close or Dispose on this field. (https://learn.microsoft.com/dotnet/fundamentals/code-analysis/quality-rules/ca2213) [/home/runner/work/trading-bot-c-/trading-bot-c-/src/BotCore/BotCore.csproj]
/home/runner/work/trading-bot-c-/trading-bot-c-/src/BotCore/Services/BotSelfAwarenessService.cs(231,17): error CA1848: For improved performance, use the LoggerMessage delegates instead of calling 'LoggerExtensions.LogWarning(ILogger, string?, params object?[])' (https://learn.microsoft.com/dotnet/fundamentals/code-analysis/quality-rules/ca1848) [/home/runner/work/trading-bot-c-/trading-bot-c-/src/BotCore/BotCore.csproj]
/home/runner/work/trading-bot-c-/trading-bot-c-/src/BotCore/Services/BotSelfAwarenessService.cs(242,37): error S1541: The Cyclomatic Complexity of this method is 13 which is greater than 10 authorized. (https://rules.sonarsource.com/csharp/RSPEC-1541) [/home/runner/work/trading-bot-c-/trading-bot-c-/src/BotCore/BotCore.csproj]
/home/runner/work/trading-bot-c-/trading-bot-c-/src/BotCore/Services/BotSelfAwarenessService.cs(266,77): error S1172: Remove this unused method parameter 'cancellationToken'. (https://rules.sonarsource.com/csharp/RSPEC-1172) [/home/runner/work/trading-bot-c-/trading-bot-c-/src/BotCore/BotCore.csproj]
/home/runner/work/trading-bot-c-/trading-bot-c-/src/BotCore/Services/BotSelfAwarenessService.cs(273,13): error CA1848: For improved performance, use the LoggerMessage delegates instead of calling 'LoggerExtensions.LogWarning(ILogger, string?, params object?[])' (https://learn.microsoft.com/dotnet/fundamentals/code-analysis/quality-rules/ca1848) [/home/runner/work/trading-bot-c-/trading-bot-c-/src/BotCore/BotCore.csproj]
/home/runner/work/trading-bot-c-/trading-bot-c-/src/BotCore/Services/BotSelfAwarenessService.cs(288,21): error CA1848: For improved performance, use the LoggerMessage delegates instead of calling 'LoggerExtensions.LogError(ILogger, Exception?, string?, params object?[])' (https://learn.microsoft.com/dotnet/fundamentals/code-analysis/quality-rules/ca1848) [/home/runner/work/trading-bot-c-/trading-bot-c-/src/BotCore/BotCore.csproj]
/home/runner/work/trading-bot-c-/trading-bot-c-/src/BotCore/Services/BotSelfAwarenessService.cs(286,17): error CA1031: Modify 'ReportHealthChangesAsync' to catch a more specific allowed exception type, or rethrow the exception (https://learn.microsoft.com/dotnet/fundamentals/code-analysis/quality-rules/ca1031) [/home/runner/work/trading-bot-c-/trading-bot-c-/src/BotCore/BotCore.csproj]
/home/runner/work/trading-bot-c-/trading-bot-c-/src/BotCore/Services/CloudModelSynchronizationService.cs(380,13): error CA1848: For improved performance, use the LoggerMessage delegates instead of calling 'LoggerExtensions.LogInformation(ILogger, string?, params object?[])' (https://learn.microsoft.com/dotnet/fundamentals/code-analysis/quality-rules/ca1848) [/home/runner/work/trading-bot-c-/trading-bot-c-/src/BotCore/BotCore.csproj]
/home/runner/work/trading-bot-c-/trading-bot-c-/src/BotCore/Services/CloudModelSynchronizationService.cs(388,17): error CA1848: For improved performance, use the LoggerMessage delegates instead of calling 'LoggerExtensions.LogWarning(ILogger, string?, params object?[])' (https://learn.microsoft.com/dotnet/fundamentals/code-analysis/quality-rules/ca1848) [/home/runner/work/trading-bot-c-/trading-bot-c-/src/BotCore/BotCore.csproj]
/home/runner/work/trading-bot-c-/trading-bot-c-/src/BotCore/Services/CloudModelSynchronizationService.cs(406,21): error CA1848: For improved performance, use the LoggerMessage delegates instead of calling 'LoggerExtensions.LogInformation(ILogger, string?, params object?[])' (https://learn.microsoft.com/dotnet/fundamentals/code-analysis/quality-rules/ca1848) [/home/runner/work/trading-bot-c-/trading-bot-c-/src/BotCore/BotCore.csproj]
/home/runner/work/trading-bot-c-/trading-bot-c-/src/BotCore/Services/CloudModelSynchronizationService.cs(428,13): error CA1848: For improved performance, use the LoggerMessage delegates instead of calling 'LoggerExtensions.LogError(ILogger, Exception?, string?, params object?[])' (https://learn.microsoft.com/dotnet/fundamentals/code-analysis/quality-rules/ca1848) [/home/runner/work/trading-bot-c-/trading-bot-c-/src/BotCore/BotCore.csproj]
/home/runner/work/trading-bot-c-/trading-bot-c-/src/BotCore/Services/CloudModelSynchronizationService.cs(426,9): error CA1031: Modify 'ExtractDataArtifactAsync' to catch a more specific allowed exception type, or rethrow the exception (https://learn.microsoft.com/dotnet/fundamentals/code-analysis/quality-rules/ca1031) [/home/runner/work/trading-bot-c-/trading-bot-c-/src/BotCore/BotCore.csproj]
/home/runner/work/trading-bot-c-/trading-bot-c-/src/BotCore/Services/CloudModelSynchronizationService.cs(437,27): error S1541: The Cyclomatic Complexity of this method is 20 which is greater than 10 authorized. (https://rules.sonarsource.com/csharp/RSPEC-1541) [/home/runner/work/trading-bot-c-/trading-bot-c-/src/BotCore/BotCore.csproj]
/home/runner/work/trading-bot-c-/trading-bot-c-/src/BotCore/Services/BotSelfAwarenessService.cs(344,97): error S1172: Remove this unused method parameter 'cancellationToken'. (https://rules.sonarsource.com/csharp/RSPEC-1172) [/home/runner/work/trading-bot-c-/trading-bot-c-/src/BotCore/BotCore.csproj]
/home/runner/work/trading-bot-c-/trading-bot-c-/src/BotCore/Services/PositionManagementOptimizer.cs(805,17): error CA1848: For improved performance, use the LoggerMessage delegates instead of calling 'LoggerExtensions.LogInformation(ILogger, string?, params object?[])' (https://learn.microsoft.com/dotnet/fundamentals/code-analysis/quality-rules/ca1848) [/home/runner/work/trading-bot-c-/trading-bot-c-/src/BotCore/BotCore.csproj]
/home/runner/work/trading-bot-c-/trading-bot-c-/src/BotCore/Services/PositionManagementOptimizer.cs(824,25): error CA1848: For improved performance, use the LoggerMessage delegates instead of calling 'LoggerExtensions.LogInformation(ILogger, string?, params object?[])' (https://learn.microsoft.com/dotnet/fundamentals/code-analysis/quality-rules/ca1848) [/home/runner/work/trading-bot-c-/trading-bot-c-/src/BotCore/BotCore.csproj]
/home/runner/work/trading-bot-c-/trading-bot-c-/src/BotCore/Services/PositionManagementOptimizer.cs(830,25): error CA1848: For improved performance, use the LoggerMessage delegates instead of calling 'LoggerExtensions.LogError(ILogger, Exception?, string?, params object?[])' (https://learn.microsoft.com/dotnet/fundamentals/code-analysis/quality-rules/ca1848) [/home/runner/work/trading-bot-c-/trading-bot-c-/src/BotCore/BotCore.csproj]
/home/runner/work/trading-bot-c-/trading-bot-c-/src/BotCore/Services/PositionManagementOptimizer.cs(834,25): error CA1848: For improved performance, use the LoggerMessage delegates instead of calling 'LoggerExtensions.LogError(ILogger, Exception?, string?, params object?[])' (https://learn.microsoft.com/dotnet/fundamentals/code-analysis/quality-rules/ca1848) [/home/runner/work/trading-bot-c-/trading-bot-c-/src/BotCore/BotCore.csproj]
/home/runner/work/trading-bot-c-/trading-bot-c-/src/BotCore/Services/PositionManagementOptimizer.cs(838,25): error CA1848: For improved performance, use the LoggerMessage delegates instead of calling 'LoggerExtensions.LogError(ILogger, Exception?, string?, params object?[])' (https://learn.microsoft.com/dotnet/fundamentals/code-analysis/quality-rules/ca1848) [/home/runner/work/trading-bot-c-/trading-bot-c-/src/BotCore/BotCore.csproj]
/home/runner/work/trading-bot-c-/trading-bot-c-/src/BotCore/Services/PositionManagementOptimizer.cs(842,17): error CA1848: For improved performance, use the LoggerMessage delegates instead of calling 'LoggerExtensions.LogInformation(ILogger, string?, params object?[])' (https://learn.microsoft.com/dotnet/fundamentals/code-analysis/quality-rules/ca1848) [/home/runner/work/trading-bot-c-/trading-bot-c-/src/BotCore/BotCore.csproj]
/home/runner/work/trading-bot-c-/trading-bot-c-/src/BotCore/Services/PositionManagementOptimizer.cs(847,17): error CA1848: For improved performance, use the LoggerMessage delegates instead of calling 'LoggerExtensions.LogError(ILogger, Exception?, string?, params object?[])' (https://learn.microsoft.com/dotnet/fundamentals/code-analysis/quality-rules/ca1848) [/home/runner/work/trading-bot-c-/trading-bot-c-/src/BotCore/BotCore.csproj]
/home/runner/work/trading-bot-c-/trading-bot-c-/src/BotCore/Services/PositionManagementOptimizer.cs(836,21): error CA1031: Modify 'ExportLearnedParameters' to catch a more specific allowed exception type, or rethrow the exception (https://learn.microsoft.com/dotnet/fundamentals/code-analysis/quality-rules/ca1031) [/home/runner/work/trading-bot-c-/trading-bot-c-/src/BotCore/BotCore.csproj]
/home/runner/work/trading-bot-c-/trading-bot-c-/src/BotCore/Services/PositionManagementOptimizer.cs(845,13): error CA1031: Modify 'ExportLearnedParameters' to catch a more specific allowed exception type, or rethrow the exception (https://learn.microsoft.com/dotnet/fundamentals/code-analysis/quality-rules/ca1031) [/home/runner/work/trading-bot-c-/trading-bot-c-/src/BotCore/BotCore.csproj]
/home/runner/work/trading-bot-c-/trading-bot-c-/src/BotCore/Services/BotSelfAwarenessService.cs(350,9): error CA1848: For improved performance, use the LoggerMessage delegates instead of calling 'LoggerExtensions.LogInformation(ILogger, string?, params object?[])' (https://learn.microsoft.com/dotnet/fundamentals/code-analysis/quality-rules/ca1848) [/home/runner/work/trading-bot-c-/trading-bot-c-/src/BotCore/BotCore.csproj]
/home/runner/work/trading-bot-c-/trading-bot-c-/src/BotCore/Services/BotSelfAwarenessService.cs(351,9): error CA1848: For improved performance, use the LoggerMessage delegates instead of calling 'LoggerExtensions.LogInformation(ILogger, string?, params object?[])' (https://learn.microsoft.com/dotnet/fundamentals/code-analysis/quality-rules/ca1848) [/home/runner/work/trading-bot-c-/trading-bot-c-/src/BotCore/BotCore.csproj]
/home/runner/work/trading-bot-c-/trading-bot-c-/src/BotCore/Services/BotSelfAwarenessService.cs(352,9): error CA1848: For improved performance, use the LoggerMessage delegates instead of calling 'LoggerExtensions.LogInformation(ILogger, string?, params object?[])' (https://learn.microsoft.com/dotnet/fundamentals/code-analysis/quality-rules/ca1848) [/home/runner/work/trading-bot-c-/trading-bot-c-/src/BotCore/BotCore.csproj]
/home/runner/work/trading-bot-c-/trading-bot-c-/src/BotCore/Services/BotSelfAwarenessService.cs(353,9): error CA1848: For improved performance, use the LoggerMessage delegates instead of calling 'LoggerExtensions.LogInformation(ILogger, string?, params object?[])' (https://learn.microsoft.com/dotnet/fundamentals/code-analysis/quality-rules/ca1848) [/home/runner/work/trading-bot-c-/trading-bot-c-/src/BotCore/BotCore.csproj]
/home/runner/work/trading-bot-c-/trading-bot-c-/src/BotCore/Services/BotSelfAwarenessService.cs(354,9): error CA1848: For improved performance, use the LoggerMessage delegates instead of calling 'LoggerExtensions.LogInformation(ILogger, string?, params object?[])' (https://learn.microsoft.com/dotnet/fundamentals/code-analysis/quality-rules/ca1848) [/home/runner/work/trading-bot-c-/trading-bot-c-/src/BotCore/BotCore.csproj]
/home/runner/work/trading-bot-c-/trading-bot-c-/src/BotCore/Services/BotSelfAwarenessService.cs(355,9): error CA1848: For improved performance, use the LoggerMessage delegates instead of calling 'LoggerExtensions.LogInformation(ILogger, string?, params object?[])' (https://learn.microsoft.com/dotnet/fundamentals/code-analysis/quality-rules/ca1848) [/home/runner/work/trading-bot-c-/trading-bot-c-/src/BotCore/BotCore.csproj]
/home/runner/work/trading-bot-c-/trading-bot-c-/src/BotCore/Services/BotSelfAwarenessService.cs(356,9): error CA1848: For improved performance, use the LoggerMessage delegates instead of calling 'LoggerExtensions.LogInformation(ILogger, string?, params object?[])' (https://learn.microsoft.com/dotnet/fundamentals/code-analysis/quality-rules/ca1848) [/home/runner/work/trading-bot-c-/trading-bot-c-/src/BotCore/BotCore.csproj]
/home/runner/work/trading-bot-c-/trading-bot-c-/src/BotCore/Services/BotSelfAwarenessService.cs(357,9): error CA1848: For improved performance, use the LoggerMessage delegates instead of calling 'LoggerExtensions.LogInformation(ILogger, string?, params object?[])' (https://learn.microsoft.com/dotnet/fundamentals/code-analysis/quality-rules/ca1848) [/home/runner/work/trading-bot-c-/trading-bot-c-/src/BotCore/BotCore.csproj]
/home/runner/work/trading-bot-c-/trading-bot-c-/src/BotCore/Services/BotSelfAwarenessService.cs(362,13): error CA1848: For improved performance, use the LoggerMessage delegates instead of calling 'LoggerExtensions.LogWarning(ILogger, string?, params object?[])' (https://learn.microsoft.com/dotnet/fundamentals/code-analysis/quality-rules/ca1848) [/home/runner/work/trading-bot-c-/trading-bot-c-/src/BotCore/BotCore.csproj]
/home/runner/work/trading-bot-c-/trading-bot-c-/src/BotCore/Services/BotSelfAwarenessService.cs(365,17): error CA1848: For improved performance, use the LoggerMessage delegates instead of calling 'LoggerExtensions.LogWarning(ILogger, string?, params object?[])' (https://learn.microsoft.com/dotnet/fundamentals/code-analysis/quality-rules/ca1848) [/home/runner/work/trading-bot-c-/trading-bot-c-/src/BotCore/BotCore.csproj]
/home/runner/work/trading-bot-c-/trading-bot-c-/src/BotCore/Services/BotSelfAwarenessService.cs(373,13): error CA1848: For improved performance, use the LoggerMessage delegates instead of calling 'LoggerExtensions.LogWarning(ILogger, string?, params object?[])' (https://learn.microsoft.com/dotnet/fundamentals/code-analysis/quality-rules/ca1848) [/home/runner/work/trading-bot-c-/trading-bot-c-/src/BotCore/BotCore.csproj]
/home/runner/work/trading-bot-c-/trading-bot-c-/src/BotCore/Services/BotSelfAwarenessService.cs(376,17): error CA1848: For improved performance, use the LoggerMessage delegates instead of calling 'LoggerExtensions.LogWarning(ILogger, string?, params object?[])' (https://learn.microsoft.com/dotnet/fundamentals/code-analysis/quality-rules/ca1848) [/home/runner/work/trading-bot-c-/trading-bot-c-/src/BotCore/BotCore.csproj]
/home/runner/work/trading-bot-c-/trading-bot-c-/src/BotCore/Services/BotSelfAwarenessService.cs(381,9): error CA1848: For improved performance, use the LoggerMessage delegates instead of calling 'LoggerExtensions.LogInformation(ILogger, string?, params object?[])' (https://learn.microsoft.com/dotnet/fundamentals/code-analysis/quality-rules/ca1848) [/home/runner/work/trading-bot-c-/trading-bot-c-/src/BotCore/BotCore.csproj]
/home/runner/work/trading-bot-c-/trading-bot-c-/src/BotCore/Services/BotHealthReporter.cs(59,13): error CA1848: For improved performance, use the LoggerMessage delegates instead of calling 'LoggerExtensions.LogWarning(ILogger, Exception?, string?, params object?[])' (https://learn.microsoft.com/dotnet/fundamentals/code-analysis/quality-rules/ca1848) [/home/runner/work/trading-bot-c-/trading-bot-c-/src/BotCore/BotCore.csproj]
/home/runner/work/trading-bot-c-/trading-bot-c-/src/BotCore/Services/BotHealthReporter.cs(57,9): error CA1031: Modify 'GenerateHealthReportAsync' to catch a more specific allowed exception type, or rethrow the exception (https://learn.microsoft.com/dotnet/fundamentals/code-analysis/quality-rules/ca1031) [/home/runner/work/trading-bot-c-/trading-bot-c-/src/BotCore/BotCore.csproj]
/home/runner/work/trading-bot-c-/trading-bot-c-/src/BotCore/Services/CloudModelSynchronizationService.cs(569,17): error CA1848: For improved performance, use the LoggerMessage delegates instead of calling 'LoggerExtensions.LogDebug(ILogger, string?, params object?[])' (https://learn.microsoft.com/dotnet/fundamentals/code-analysis/quality-rules/ca1848) [/home/runner/work/trading-bot-c-/trading-bot-c-/src/BotCore/BotCore.csproj]
/home/runner/work/trading-bot-c-/trading-bot-c-/src/BotCore/Services/CloudModelSynchronizationService.cs(574,13): error CA1848: For improved performance, use the LoggerMessage delegates instead of calling 'LoggerExtensions.LogDebug(ILogger, string?, params object?[])' (https://learn.microsoft.com/dotnet/fundamentals/code-analysis/quality-rules/ca1848) [/home/runner/work/trading-bot-c-/trading-bot-c-/src/BotCore/BotCore.csproj]
/home/runner/work/trading-bot-c-/trading-bot-c-/src/BotCore/Services/CloudModelSynchronizationService.cs(585,17): error CA1031: Modify 'ExtractAndSaveFileAsync' to catch a more specific allowed exception type, or rethrow the exception (https://learn.microsoft.com/dotnet/fundamentals/code-analysis/quality-rules/ca1031) [/home/runner/work/trading-bot-c-/trading-bot-c-/src/BotCore/BotCore.csproj]
/home/runner/work/trading-bot-c-/trading-bot-c-/src/BotCore/Services/CloudModelSynchronizationService.cs(601,17): error CA1031: Modify 'ExtractAndSaveFileAsync' to catch a more specific allowed exception type, or rethrow the exception (https://learn.microsoft.com/dotnet/fundamentals/code-analysis/quality-rules/ca1031) [/home/runner/work/trading-bot-c-/trading-bot-c-/src/BotCore/BotCore.csproj]
/home/runner/work/trading-bot-c-/trading-bot-c-/src/BotCore/Services/CloudModelSynchronizationService.cs(634,13): error CA1848: For improved performance, use the LoggerMessage delegates instead of calling 'LoggerExtensions.LogDebug(ILogger, string?, params object?[])' (https://learn.microsoft.com/dotnet/fundamentals/code-analysis/quality-rules/ca1848) [/home/runner/work/trading-bot-c-/trading-bot-c-/src/BotCore/BotCore.csproj]
/home/runner/work/trading-bot-c-/trading-bot-c-/src/BotCore/Services/CloudModelSynchronizationService.cs(638,13): error CA1848: For improved performance, use the LoggerMessage delegates instead of calling 'LoggerExtensions.LogError(ILogger, Exception?, string?, params object?[])' (https://learn.microsoft.com/dotnet/fundamentals/code-analysis/quality-rules/ca1848) [/home/runner/work/trading-bot-c-/trading-bot-c-/src/BotCore/BotCore.csproj]
/home/runner/work/trading-bot-c-/trading-bot-c-/src/BotCore/Services/CloudModelSynchronizationService.cs(636,9): error CA1031: Modify 'UpdateModelRegistryAsync' to catch a more specific allowed exception type, or rethrow the exception (https://learn.microsoft.com/dotnet/fundamentals/code-analysis/quality-rules/ca1031) [/home/runner/work/trading-bot-c-/trading-bot-c-/src/BotCore/BotCore.csproj]
/home/runner/work/trading-bot-c-/trading-bot-c-/src/BotCore/Services/CloudModelSynchronizationService.cs(661,9): error CA1848: For improved performance, use the LoggerMessage delegates instead of calling 'LoggerExtensions.LogInformation(ILogger, string?, params object?[])' (https://learn.microsoft.com/dotnet/fundamentals/code-analysis/quality-rules/ca1848) [/home/runner/work/trading-bot-c-/trading-bot-c-/src/BotCore/BotCore.csproj]
/home/runner/work/trading-bot-c-/trading-bot-c-/src/BotCore/Services/CloudModelSynchronizationService.cs(558,49): error SCS0018: Potential Path Traversal vulnerability was found where 'path' in 'FileStream File.Create(string path)' may be tainted by user-controlled data from 'string ZipArchiveEntry.FullName' in method 'Task<bool> CloudModelSynchronizationService.ExtractDataArtifactAsync(Artifact artifact, WorkflowRun run, CancellationToken cancellationToken)'. (https://security-code-scan.github.io/#SCS0018) [/home/runner/work/trading-bot-c-/trading-bot-c-/src/BotCore/BotCore.csproj]
/home/runner/work/trading-bot-c-/trading-bot-c-/src/BotCore/Services/CloudModelSynchronizationService.cs(568,27): error SCS0018: Potential Path Traversal vulnerability was found where 'sourceFileName' in 'void File.Move(string sourceFileName, string destFileName)' may be tainted by user-controlled data from 'string ZipArchiveEntry.FullName' in method 'Task<bool> CloudModelSynchronizationService.ExtractDataArtifactAsync(Artifact artifact, WorkflowRun run, CancellationToken cancellationToken)'. (https://security-code-scan.github.io/#SCS0018) [/home/runner/work/trading-bot-c-/trading-bot-c-/src/BotCore/BotCore.csproj]
/home/runner/work/trading-bot-c-/trading-bot-c-/src/BotCore/Services/CloudModelSynchronizationService.cs(568,39): error SCS0018: Potential Path Traversal vulnerability was found where 'destFileName' in 'void File.Move(string sourceFileName, string destFileName)' may be tainted by user-controlled data from 'string ZipArchiveEntry.FullName' in method 'Task<bool> CloudModelSynchronizationService.ExtractDataArtifactAsync(Artifact artifact, WorkflowRun run, CancellationToken cancellationToken)'. (https://security-code-scan.github.io/#SCS0018) [/home/runner/work/trading-bot-c-/trading-bot-c-/src/BotCore/BotCore.csproj]
/home/runner/work/trading-bot-c-/trading-bot-c-/src/BotCore/Services/CloudModelSynchronizationService.cs(573,23): error SCS0018: Potential Path Traversal vulnerability was found where 'sourceFileName' in 'void File.Move(string sourceFileName, string destFileName, bool overwrite)' may be tainted by user-controlled data from 'string ZipArchiveEntry.FullName' in method 'Task<bool> CloudModelSynchronizationService.ExtractDataArtifactAsync(Artifact artifact, WorkflowRun run, CancellationToken cancellationToken)'. (https://security-code-scan.github.io/#SCS0018) [/home/runner/work/trading-bot-c-/trading-bot-c-/src/BotCore/BotCore.csproj]
/home/runner/work/trading-bot-c-/trading-bot-c-/src/BotCore/Services/CloudModelSynchronizationService.cs(573,33): error SCS0018: Potential Path Traversal vulnerability was found where 'destFileName' in 'void File.Move(string sourceFileName, string destFileName, bool overwrite)' may be tainted by user-controlled data from 'string ZipArchiveEntry.FullName' in method 'Task<bool> CloudModelSynchronizationService.ExtractDataArtifactAsync(Artifact artifact, WorkflowRun run, CancellationToken cancellationToken)'. (https://security-code-scan.github.io/#SCS0018) [/home/runner/work/trading-bot-c-/trading-bot-c-/src/BotCore/BotCore.csproj]
/home/runner/work/trading-bot-c-/trading-bot-c-/src/BotCore/Services/CloudModelSynchronizationService.cs(583,33): error SCS0018: Potential Path Traversal vulnerability was found where 'path' in 'void File.Delete(string path)' may be tainted by user-controlled data from 'string ZipArchiveEntry.FullName' in method 'Task<bool> CloudModelSynchronizationService.ExtractDataArtifactAsync(Artifact artifact, WorkflowRun run, CancellationToken cancellationToken)'. (https://security-code-scan.github.io/#SCS0018) [/home/runner/work/trading-bot-c-/trading-bot-c-/src/BotCore/BotCore.csproj]
/home/runner/work/trading-bot-c-/trading-bot-c-/src/BotCore/Services/CloudModelSynchronizationService.cs(599,33): error SCS0018: Potential Path Traversal vulnerability was found where 'path' in 'void File.Delete(string path)' may be tainted by user-controlled data from 'string ZipArchiveEntry.FullName' in method 'Task<bool> CloudModelSynchronizationService.ExtractDataArtifactAsync(Artifact artifact, WorkflowRun run, CancellationToken cancellationToken)'. (https://security-code-scan.github.io/#SCS0018) [/home/runner/work/trading-bot-c-/trading-bot-c-/src/BotCore/BotCore.csproj]
/home/runner/work/trading-bot-c-/trading-bot-c-/src/BotCore/Services/BotPerformanceReporter.cs(92,39): error S6605: Collection-specific "Exists" method should be used instead of the "Any" extension. (https://rules.sonarsource.com/csharp/RSPEC-6605) [/home/runner/work/trading-bot-c-/trading-bot-c-/src/BotCore/BotCore.csproj]
/home/runner/work/trading-bot-c-/trading-bot-c-/src/BotCore/Services/BotPerformanceReporter.cs(94,40): error S6605: Collection-specific "Exists" method should be used instead of the "Any" extension. (https://rules.sonarsource.com/csharp/RSPEC-6605) [/home/runner/work/trading-bot-c-/trading-bot-c-/src/BotCore/BotCore.csproj]
/home/runner/work/trading-bot-c-/trading-bot-c-/src/BotCore/Services/BotPerformanceReporter.cs(83,17): error CA1848: For improved performance, use the LoggerMessage delegates instead of calling 'LoggerExtensions.LogInformation(ILogger, string?, params object?[])' (https://learn.microsoft.com/dotnet/fundamentals/code-analysis/quality-rules/ca1848) [/home/runner/work/trading-bot-c-/trading-bot-c-/src/BotCore/BotCore.csproj]
/home/runner/work/trading-bot-c-/trading-bot-c-/src/BotCore/Services/BotPerformanceReporter.cs(136,17): error CA1848: For improved performance, use the LoggerMessage delegates instead of calling 'LoggerExtensions.LogInformation(ILogger, string?, params object?[])' (https://learn.microsoft.com/dotnet/fundamentals/code-analysis/quality-rules/ca1848) [/home/runner/work/trading-bot-c-/trading-bot-c-/src/BotCore/BotCore.csproj]
/home/runner/work/trading-bot-c-/trading-bot-c-/src/BotCore/Services/BotPerformanceReporter.cs(144,13): error CA1848: For improved performance, use the LoggerMessage delegates instead of calling 'LoggerExtensions.LogError(ILogger, Exception?, string?, params object?[])' (https://learn.microsoft.com/dotnet/fundamentals/code-analysis/quality-rules/ca1848) [/home/runner/work/trading-bot-c-/trading-bot-c-/src/BotCore/BotCore.csproj]
/home/runner/work/trading-bot-c-/trading-bot-c-/src/BotCore/Services/BotPerformanceReporter.cs(142,9): error CA1031: Modify 'GenerateDailySummaryAsync' to catch a more specific allowed exception type, or rethrow the exception (https://learn.microsoft.com/dotnet/fundamentals/code-analysis/quality-rules/ca1031) [/home/runner/work/trading-bot-c-/trading-bot-c-/src/BotCore/BotCore.csproj]
/home/runner/work/trading-bot-c-/trading-bot-c-/src/BotCore/Services/CloudModelSynchronizationService.cs(558,49): error SCS0018: Potential Path Traversal vulnerability was found where 'path' in 'FileStream File.Create(string path)' may be tainted by user-controlled data from 'string ZipArchiveEntry.Name' in method 'Task<bool> CloudModelSynchronizationService.DownloadAndUpdateModelAsync(Artifact artifact, WorkflowRun run, CancellationToken cancellationToken)'. (https://security-code-scan.github.io/#SCS0018) [/home/runner/work/trading-bot-c-/trading-bot-c-/src/BotCore/BotCore.csproj]
/home/runner/work/trading-bot-c-/trading-bot-c-/src/BotCore/Services/CloudModelSynchronizationService.cs(568,27): error SCS0018: Potential Path Traversal vulnerability was found where 'sourceFileName' in 'void File.Move(string sourceFileName, string destFileName)' may be tainted by user-controlled data from 'string ZipArchiveEntry.Name' in method 'Task<bool> CloudModelSynchronizationService.DownloadAndUpdateModelAsync(Artifact artifact, WorkflowRun run, CancellationToken cancellationToken)'. (https://security-code-scan.github.io/#SCS0018) [/home/runner/work/trading-bot-c-/trading-bot-c-/src/BotCore/BotCore.csproj]
/home/runner/work/trading-bot-c-/trading-bot-c-/src/BotCore/Services/CloudModelSynchronizationService.cs(568,39): error SCS0018: Potential Path Traversal vulnerability was found where 'destFileName' in 'void File.Move(string sourceFileName, string destFileName)' may be tainted by user-controlled data from 'string ZipArchiveEntry.Name' in method 'Task<bool> CloudModelSynchronizationService.DownloadAndUpdateModelAsync(Artifact artifact, WorkflowRun run, CancellationToken cancellationToken)'. (https://security-code-scan.github.io/#SCS0018) [/home/runner/work/trading-bot-c-/trading-bot-c-/src/BotCore/BotCore.csproj]
/home/runner/work/trading-bot-c-/trading-bot-c-/src/BotCore/Services/CloudModelSynchronizationService.cs(573,23): error SCS0018: Potential Path Traversal vulnerability was found where 'sourceFileName' in 'void File.Move(string sourceFileName, string destFileName, bool overwrite)' may be tainted by user-controlled data from 'string ZipArchiveEntry.Name' in method 'Task<bool> CloudModelSynchronizationService.DownloadAndUpdateModelAsync(Artifact artifact, WorkflowRun run, CancellationToken cancellationToken)'. (https://security-code-scan.github.io/#SCS0018) [/home/runner/work/trading-bot-c-/trading-bot-c-/src/BotCore/BotCore.csproj]
/home/runner/work/trading-bot-c-/trading-bot-c-/src/BotCore/Services/CloudModelSynchronizationService.cs(573,33): error SCS0018: Potential Path Traversal vulnerability was found where 'destFileName' in 'void File.Move(string sourceFileName, string destFileName, bool overwrite)' may be tainted by user-controlled data from 'string ZipArchiveEntry.Name' in method 'Task<bool> CloudModelSynchronizationService.DownloadAndUpdateModelAsync(Artifact artifact, WorkflowRun run, CancellationToken cancellationToken)'. (https://security-code-scan.github.io/#SCS0018) [/home/runner/work/trading-bot-c-/trading-bot-c-/src/BotCore/BotCore.csproj]
/home/runner/work/trading-bot-c-/trading-bot-c-/src/BotCore/Services/CloudModelSynchronizationService.cs(583,33): error SCS0018: Potential Path Traversal vulnerability was found where 'path' in 'void File.Delete(string path)' may be tainted by user-controlled data from 'string ZipArchiveEntry.Name' in method 'Task<bool> CloudModelSynchronizationService.DownloadAndUpdateModelAsync(Artifact artifact, WorkflowRun run, CancellationToken cancellationToken)'. (https://security-code-scan.github.io/#SCS0018) [/home/runner/work/trading-bot-c-/trading-bot-c-/src/BotCore/BotCore.csproj]
/home/runner/work/trading-bot-c-/trading-bot-c-/src/BotCore/Services/CloudModelSynchronizationService.cs(599,33): error SCS0018: Potential Path Traversal vulnerability was found where 'path' in 'void File.Delete(string path)' may be tainted by user-controlled data from 'string ZipArchiveEntry.Name' in method 'Task<bool> CloudModelSynchronizationService.DownloadAndUpdateModelAsync(Artifact artifact, WorkflowRun run, CancellationToken cancellationToken)'. (https://security-code-scan.github.io/#SCS0018) [/home/runner/work/trading-bot-c-/trading-bot-c-/src/BotCore/BotCore.csproj]
/home/runner/work/trading-bot-c-/trading-bot-c-/src/BotCore/Brain/UnifiedTradingBrain.cs(2773,45): error SCS0018: Potential Path Traversal vulnerability was found where 'fileName' in 'FileInfo.FileInfo(string fileName)' may be tainted by user-controlled data from 'string ZipArchiveEntry.Name' in method 'Task<bool> CloudModelSynchronizationService.DownloadAndUpdateModelAsync(Artifact artifact, WorkflowRun run, CancellationToken cancellationToken)'. (https://security-code-scan.github.io/#SCS0018) [/home/runner/work/trading-bot-c-/trading-bot-c-/src/BotCore/BotCore.csproj]
/home/runner/work/trading-bot-c-/trading-bot-c-/src/BotCore/Brain/UnifiedTradingBrain.cs(3029,45): error SCS0018: Potential Path Traversal vulnerability was found where 'fileName' in 'FileInfo.FileInfo(string fileName)' may be tainted by user-controlled data from 'string ZipArchiveEntry.Name' in method 'Task<bool> CloudModelSynchronizationService.DownloadAndUpdateModelAsync(Artifact artifact, WorkflowRun run, CancellationToken cancellationToken)'. (https://security-code-scan.github.io/#SCS0018) [/home/runner/work/trading-bot-c-/trading-bot-c-/src/BotCore/BotCore.csproj]
/home/runner/work/trading-bot-c-/trading-bot-c-/src/BotCore/Brain/UnifiedTradingBrain.cs(3402,41): error SCS0018: Potential Path Traversal vulnerability was found where 'fileName' in 'FileInfo.FileInfo(string fileName)' may be tainted by user-controlled data from 'string ZipArchiveEntry.Name' in method 'Task<bool> CloudModelSynchronizationService.DownloadAndUpdateModelAsync(Artifact artifact, WorkflowRun run, CancellationToken cancellationToken)'. (https://security-code-scan.github.io/#SCS0018) [/home/runner/work/trading-bot-c-/trading-bot-c-/src/BotCore/BotCore.csproj]
/home/runner/work/trading-bot-c-/trading-bot-c-/src/BotCore/Brain/UnifiedTradingBrain.cs(3365,27): error SCS0018: Potential Path Traversal vulnerability was found where 'sourceFileName' in 'void File.Copy(string sourceFileName, string destFileName, bool overwrite)' may be tainted by user-controlled data from 'string ZipArchiveEntry.Name' in method 'Task<bool> CloudModelSynchronizationService.DownloadAndUpdateModelAsync(Artifact artifact, WorkflowRun run, CancellationToken cancellationToken)'. (https://security-code-scan.github.io/#SCS0018) [/home/runner/work/trading-bot-c-/trading-bot-c-/src/BotCore/BotCore.csproj]
/home/runner/work/trading-bot-c-/trading-bot-c-/src/BotCore/Services/BotHealthReporter.cs(150,13): error CA1848: For improved performance, use the LoggerMessage delegates instead of calling 'LoggerExtensions.LogWarning(ILogger, Exception?, string?, params object?[])' (https://learn.microsoft.com/dotnet/fundamentals/code-analysis/quality-rules/ca1848) [/home/runner/work/trading-bot-c-/trading-bot-c-/src/BotCore/BotCore.csproj]
/home/runner/work/trading-bot-c-/trading-bot-c-/src/BotCore/Services/BotHealthReporter.cs(148,9): error CA1031: Modify 'ExplainHealthIssueAsync' to catch a more specific allowed exception type, or rethrow the exception (https://learn.microsoft.com/dotnet/fundamentals/code-analysis/quality-rules/ca1031) [/home/runner/work/trading-bot-c-/trading-bot-c-/src/BotCore/BotCore.csproj]
/home/runner/work/trading-bot-c-/trading-bot-c-/src/BotCore/Services/BarTrackingService.cs(48,17): error CA1848: For improved performance, use the LoggerMessage delegates instead of calling 'LoggerExtensions.LogTrace(ILogger, string?, params object?[])' (https://learn.microsoft.com/dotnet/fundamentals/code-analysis/quality-rules/ca1848) [/home/runner/work/trading-bot-c-/trading-bot-c-/src/BotCore/BotCore.csproj]
/home/runner/work/trading-bot-c-/trading-bot-c-/src/BotCore/Services/BarTrackingService.cs(64,17): error CA1848: For improved performance, use the LoggerMessage delegates instead of calling 'LoggerExtensions.LogTrace(ILogger, string?, params object?[])' (https://learn.microsoft.com/dotnet/fundamentals/code-analysis/quality-rules/ca1848) [/home/runner/work/trading-bot-c-/trading-bot-c-/src/BotCore/BotCore.csproj]
/home/runner/work/trading-bot-c-/trading-bot-c-/src/BotCore/Services/BarTrackingService.cs(89,13): error CA1848: For improved performance, use the LoggerMessage delegates instead of calling 'LoggerExtensions.LogDebug(ILogger, string?, params object?[])' (https://learn.microsoft.com/dotnet/fundamentals/code-analysis/quality-rules/ca1848) [/home/runner/work/trading-bot-c-/trading-bot-c-/src/BotCore/BotCore.csproj]
/home/runner/work/trading-bot-c-/trading-bot-c-/src/BotCore/Services/BarTrackingService.cs(117,13): error CA1848: For improved performance, use the LoggerMessage delegates instead of calling 'LoggerExtensions.LogDebug(ILogger, string?, params object?[])' (https://learn.microsoft.com/dotnet/fundamentals/code-analysis/quality-rules/ca1848) [/home/runner/work/trading-bot-c-/trading-bot-c-/src/BotCore/BotCore.csproj]
/home/runner/work/trading-bot-c-/trading-bot-c-/src/BotCore/Services/PositionManagementOptimizer.cs(975,84): error S1541: The Cyclomatic Complexity of this method is 12 which is greater than 10 authorized. (https://rules.sonarsource.com/csharp/RSPEC-1541) [/home/runner/work/trading-bot-c-/trading-bot-c-/src/BotCore/BotCore.csproj]
/home/runner/work/trading-bot-c-/trading-bot-c-/src/BotCore/Services/AutonomousPerformanceTracker.cs(114,9): error CA1848: For improved performance, use the LoggerMessage delegates instead of calling 'LoggerExtensions.LogInformation(ILogger, string?, params object?[])' (https://learn.microsoft.com/dotnet/fundamentals/code-analysis/quality-rules/ca1848) [/home/runner/work/trading-bot-c-/trading-bot-c-/src/BotCore/BotCore.csproj]
/home/runner/work/trading-bot-c-/trading-bot-c-/src/BotCore/Services/PositionManagementOptimizer.cs(1034,17): error CA1848: For improved performance, use the LoggerMessage delegates instead of calling 'LoggerExtensions.LogDebug(ILogger, string?, params object?[])' (https://learn.microsoft.com/dotnet/fundamentals/code-analysis/quality-rules/ca1848) [/home/runner/work/trading-bot-c-/trading-bot-c-/src/BotCore/BotCore.csproj]
/home/runner/work/trading-bot-c-/trading-bot-c-/src/BotCore/Services/PositionManagementOptimizer.cs(1040,17): error CA1848: For improved performance, use the LoggerMessage delegates instead of calling 'LoggerExtensions.LogInformation(ILogger, string?, params object?[])' (https://learn.microsoft.com/dotnet/fundamentals/code-analysis/quality-rules/ca1848) [/home/runner/work/trading-bot-c-/trading-bot-c-/src/BotCore/BotCore.csproj]
/home/runner/work/trading-bot-c-/trading-bot-c-/src/BotCore/Services/AutonomousPerformanceTracker.cs(156,13): error CA1848: For improved performance, use the LoggerMessage delegates instead of calling 'LoggerExtensions.LogDebug(ILogger, string?, params object?[])' (https://learn.microsoft.com/dotnet/fundamentals/code-analysis/quality-rules/ca1848) [/home/runner/work/trading-bot-c-/trading-bot-c-/src/BotCore/BotCore.csproj]
/home/runner/work/trading-bot-c-/trading-bot-c-/src/BotCore/Services/BotPerformanceReporter.cs(165,17): error CA1848: For improved performance, use the LoggerMessage delegates instead of calling 'LoggerExtensions.LogInformation(ILogger, string?, params object?[])' (https://learn.microsoft.com/dotnet/fundamentals/code-analysis/quality-rules/ca1848) [/home/runner/work/trading-bot-c-/trading-bot-c-/src/BotCore/BotCore.csproj]
/home/runner/work/trading-bot-c-/trading-bot-c-/src/BotCore/Services/BotPerformanceReporter.cs(238,17): error CA1848: For improved performance, use the LoggerMessage delegates instead of calling 'LoggerExtensions.LogInformation(ILogger, string?, params object?[])' (https://learn.microsoft.com/dotnet/fundamentals/code-analysis/quality-rules/ca1848) [/home/runner/work/trading-bot-c-/trading-bot-c-/src/BotCore/BotCore.csproj]
/home/runner/work/trading-bot-c-/trading-bot-c-/src/BotCore/Services/BotPerformanceReporter.cs(246,13): error CA1848: For improved performance, use the LoggerMessage delegates instead of calling 'LoggerExtensions.LogError(ILogger, Exception?, string?, params object?[])' (https://learn.microsoft.com/dotnet/fundamentals/code-analysis/quality-rules/ca1848) [/home/runner/work/trading-bot-c-/trading-bot-c-/src/BotCore/BotCore.csproj]
/home/runner/work/trading-bot-c-/trading-bot-c-/src/BotCore/Services/BotPerformanceReporter.cs(244,9): error CA1031: Modify 'GenerateWeeklySummaryAsync' to catch a more specific allowed exception type, or rethrow the exception (https://learn.microsoft.com/dotnet/fundamentals/code-analysis/quality-rules/ca1031) [/home/runner/work/trading-bot-c-/trading-bot-c-/src/BotCore/BotCore.csproj]
/home/runner/work/trading-bot-c-/trading-bot-c-/src/BotCore/Services/AutonomousDecisionEngine.cs(215,9): error CA1848: For improved performance, use the LoggerMessage delegates instead of calling 'LoggerExtensions.LogInformation(ILogger, string?, params object?[])' (https://learn.microsoft.com/dotnet/fundamentals/code-analysis/quality-rules/ca1848) [/home/runner/work/trading-bot-c-/trading-bot-c-/src/BotCore/BotCore.csproj]
/home/runner/work/trading-bot-c-/trading-bot-c-/src/BotCore/Services/AutonomousDecisionEngine.cs(216,9): error CA1848: For improved performance, use the LoggerMessage delegates instead of calling 'LoggerExtensions.LogInformation(ILogger, string?, params object?[])' (https://learn.microsoft.com/dotnet/fundamentals/code-analysis/quality-rules/ca1848) [/home/runner/work/trading-bot-c-/trading-bot-c-/src/BotCore/BotCore.csproj]
/home/runner/work/trading-bot-c-/trading-bot-c-/src/BotCore/Services/AutonomousDecisionEngine.cs(222,9): error CA1848: For improved performance, use the LoggerMessage delegates instead of calling 'LoggerExtensions.LogInformation(ILogger, string?, params object?[])' (https://learn.microsoft.com/dotnet/fundamentals/code-analysis/quality-rules/ca1848) [/home/runner/work/trading-bot-c-/trading-bot-c-/src/BotCore/BotCore.csproj]
/home/runner/work/trading-bot-c-/trading-bot-c-/src/BotCore/Services/AutonomousDecisionEngine.cs(234,13): error CA1848: For improved performance, use the LoggerMessage delegates instead of calling 'LoggerExtensions.LogError(ILogger, Exception?, string?, params object?[])' (https://learn.microsoft.com/dotnet/fundamentals/code-analysis/quality-rules/ca1848) [/home/runner/work/trading-bot-c-/trading-bot-c-/src/BotCore/BotCore.csproj]
/home/runner/work/trading-bot-c-/trading-bot-c-/src/BotCore/Services/AutonomousDecisionEngine.cs(241,9): error CA1848: For improved performance, use the LoggerMessage delegates instead of calling 'LoggerExtensions.LogInformation(ILogger, string?, params object?[])' (https://learn.microsoft.com/dotnet/fundamentals/code-analysis/quality-rules/ca1848) [/home/runner/work/trading-bot-c-/trading-bot-c-/src/BotCore/BotCore.csproj]
/home/runner/work/trading-bot-c-/trading-bot-c-/src/BotCore/Services/AutonomousDecisionEngine.cs(255,9): error CA1848: For improved performance, use the LoggerMessage delegates instead of calling 'LoggerExtensions.LogInformation(ILogger, string?, params object?[])' (https://learn.microsoft.com/dotnet/fundamentals/code-analysis/quality-rules/ca1848) [/home/runner/work/trading-bot-c-/trading-bot-c-/src/BotCore/BotCore.csproj]
/home/runner/work/trading-bot-c-/trading-bot-c-/src/BotCore/Services/AdaptiveLearningCommentary.cs(75,13): error CA1848: For improved performance, use the LoggerMessage delegates instead of calling 'LoggerExtensions.LogError(ILogger, Exception?, string?, params object?[])' (https://learn.microsoft.com/dotnet/fundamentals/code-analysis/quality-rules/ca1848) [/home/runner/work/trading-bot-c-/trading-bot-c-/src/BotCore/BotCore.csproj]
/home/runner/work/trading-bot-c-/trading-bot-c-/src/BotCore/Services/AdaptiveLearningCommentary.cs(73,9): error CA1031: Modify 'ExplainRecentAdaptationsAsync' to catch a more specific allowed exception type, or rethrow the exception (https://learn.microsoft.com/dotnet/fundamentals/code-analysis/quality-rules/ca1031) [/home/runner/work/trading-bot-c-/trading-bot-c-/src/BotCore/BotCore.csproj]
/home/runner/work/trading-bot-c-/trading-bot-c-/src/BotCore/Services/AutonomousDecisionEngine.cs(260,9): error CA1848: For improved performance, use the LoggerMessage delegates instead of calling 'LoggerExtensions.LogInformation(ILogger, string?, params object?[])' (https://learn.microsoft.com/dotnet/fundamentals/code-analysis/quality-rules/ca1848) [/home/runner/work/trading-bot-c-/trading-bot-c-/src/BotCore/BotCore.csproj]
/home/runner/work/trading-bot-c-/trading-bot-c-/src/BotCore/Services/AutonomousDecisionEngine.cs(290,17): error CA1848: For improved performance, use the LoggerMessage delegates instead of calling 'LoggerExtensions.LogError(ILogger, Exception?, string?, params object?[])' (https://learn.microsoft.com/dotnet/fundamentals/code-analysis/quality-rules/ca1848) [/home/runner/work/trading-bot-c-/trading-bot-c-/src/BotCore/BotCore.csproj]
/home/runner/work/trading-bot-c-/trading-bot-c-/src/BotCore/Services/AutonomousDecisionEngine.cs(295,9): error CA1848: For improved performance, use the LoggerMessage delegates instead of calling 'LoggerExtensions.LogInformation(ILogger, string?, params object?[])' (https://learn.microsoft.com/dotnet/fundamentals/code-analysis/quality-rules/ca1848) [/home/runner/work/trading-bot-c-/trading-bot-c-/src/BotCore/BotCore.csproj]
/home/runner/work/trading-bot-c-/trading-bot-c-/src/BotCore/Services/AutonomousDecisionEngine.cs(288,13): error CA1031: Modify 'RunAutonomousMainLoopAsync' to catch a more specific allowed exception type, or rethrow the exception (https://learn.microsoft.com/dotnet/fundamentals/code-analysis/quality-rules/ca1031) [/home/runner/work/trading-bot-c-/trading-bot-c-/src/BotCore/BotCore.csproj]
/home/runner/work/trading-bot-c-/trading-bot-c-/src/BotCore/Execution/ChildOrderScheduler.cs(81,21): error CA1848: For improved performance, use the LoggerMessage delegates instead of calling 'LoggerExtensions.LogInformation(ILogger, string?, params object?[])' (https://learn.microsoft.com/dotnet/fundamentals/code-analysis/quality-rules/ca1848) [/home/runner/work/trading-bot-c-/trading-bot-c-/src/BotCore/BotCore.csproj]
/home/runner/work/trading-bot-c-/trading-bot-c-/src/BotCore/Execution/ChildOrderScheduler.cs(86,21): error CA1848: For improved performance, use the LoggerMessage delegates instead of calling 'LoggerExtensions.LogInformation(ILogger, string?, params object?[])' (https://learn.microsoft.com/dotnet/fundamentals/code-analysis/quality-rules/ca1848) [/home/runner/work/trading-bot-c-/trading-bot-c-/src/BotCore/BotCore.csproj]
/home/runner/work/trading-bot-c-/trading-bot-c-/src/BotCore/Execution/ChildOrderScheduler.cs(94,17): error CA1848: For improved performance, use the LoggerMessage delegates instead of calling 'LoggerExtensions.LogError(ILogger, Exception?, string?, params object?[])' (https://learn.microsoft.com/dotnet/fundamentals/code-analysis/quality-rules/ca1848) [/home/runner/work/trading-bot-c-/trading-bot-c-/src/BotCore/BotCore.csproj]
/home/runner/work/trading-bot-c-/trading-bot-c-/src/BotCore/Execution/ChildOrderScheduler.cs(117,17): error CA1848: For improved performance, use the LoggerMessage delegates instead of calling 'LoggerExtensions.LogWarning(ILogger, string?, params object?[])' (https://learn.microsoft.com/dotnet/fundamentals/code-analysis/quality-rules/ca1848) [/home/runner/work/trading-bot-c-/trading-bot-c-/src/BotCore/BotCore.csproj]
/home/runner/work/trading-bot-c-/trading-bot-c-/src/BotCore/Services/AdaptiveLearningCommentary.cs(99,21): error CA1848: For improved performance, use the LoggerMessage delegates instead of calling 'LoggerExtensions.LogInformation(ILogger, string?, params object?[])' (https://learn.microsoft.com/dotnet/fundamentals/code-analysis/quality-rules/ca1848) [/home/runner/work/trading-bot-c-/trading-bot-c-/src/BotCore/BotCore.csproj]
/home/runner/work/trading-bot-c-/trading-bot-c-/src/BotCore/Services/AdaptiveLearningCommentary.cs(104,17): error CA1848: For improved performance, use the LoggerMessage delegates instead of calling 'LoggerExtensions.LogError(ILogger, Exception?, string?, params object?[])' (https://learn.microsoft.com/dotnet/fundamentals/code-analysis/quality-rules/ca1848) [/home/runner/work/trading-bot-c-/trading-bot-c-/src/BotCore/BotCore.csproj]
/home/runner/work/trading-bot-c-/trading-bot-c-/src/BotCore/Services/AdaptiveLearningCommentary.cs(102,13): error CA1031: Modify 'ExplainRecentAdaptationsFireAndForget' to catch a more specific allowed exception type, or rethrow the exception (https://learn.microsoft.com/dotnet/fundamentals/code-analysis/quality-rules/ca1031) [/home/runner/work/trading-bot-c-/trading-bot-c-/src/BotCore/BotCore.csproj]
/home/runner/work/trading-bot-c-/trading-bot-c-/src/BotCore/Execution/BracketAdjustmentService.cs(76,17): error CA1848: For improved performance, use the LoggerMessage delegates instead of calling 'LoggerExtensions.LogInformation(ILogger, string?, params object?[])' (https://learn.microsoft.com/dotnet/fundamentals/code-analysis/quality-rules/ca1848) [/home/runner/work/trading-bot-c-/trading-bot-c-/src/BotCore/BotCore.csproj]
/home/runner/work/trading-bot-c-/trading-bot-c-/src/BotCore/Execution/BracketAdjustmentService.cs(84,17): error CA1848: For improved performance, use the LoggerMessage delegates instead of calling 'LoggerExtensions.LogError(ILogger, Exception?, string?, params object?[])' (https://learn.microsoft.com/dotnet/fundamentals/code-analysis/quality-rules/ca1848) [/home/runner/work/trading-bot-c-/trading-bot-c-/src/BotCore/BotCore.csproj]
/home/runner/work/trading-bot-c-/trading-bot-c-/src/BotCore/Services/AutonomousDecisionEngine.cs(337,9): error CA1848: For improved performance, use the LoggerMessage delegates instead of calling 'LoggerExtensions.LogDebug(ILogger, string?, params object?[])' (https://learn.microsoft.com/dotnet/fundamentals/code-analysis/quality-rules/ca1848) [/home/runner/work/trading-bot-c-/trading-bot-c-/src/BotCore/BotCore.csproj]
/home/runner/work/trading-bot-c-/trading-bot-c-/src/BotCore/Execution/ChildOrderScheduler.cs(215,73): error S1172: Remove this unused method parameter 'intent'. (https://rules.sonarsource.com/csharp/RSPEC-1172) [/home/runner/work/trading-bot-c-/trading-bot-c-/src/BotCore/BotCore.csproj]
/home/runner/work/trading-bot-c-/trading-bot-c-/src/BotCore/Execution/ChildOrderScheduler.cs(215,97): error S1172: Remove this unused method parameter 'microstructure'. (https://rules.sonarsource.com/csharp/RSPEC-1172) [/home/runner/work/trading-bot-c-/trading-bot-c-/src/BotCore/BotCore.csproj]
/home/runner/work/trading-bot-c-/trading-bot-c-/src/BotCore/Services/AdaptiveLearningCommentary.cs(141,13): error CA1848: For improved performance, use the LoggerMessage delegates instead of calling 'LoggerExtensions.LogError(ILogger, Exception?, string?, params object?[])' (https://learn.microsoft.com/dotnet/fundamentals/code-analysis/quality-rules/ca1848) [/home/runner/work/trading-bot-c-/trading-bot-c-/src/BotCore/BotCore.csproj]
/home/runner/work/trading-bot-c-/trading-bot-c-/src/BotCore/Services/AdaptiveLearningCommentary.cs(139,9): error CA1031: Modify 'ExplainParameterChangeAsync' to catch a more specific allowed exception type, or rethrow the exception (https://learn.microsoft.com/dotnet/fundamentals/code-analysis/quality-rules/ca1031) [/home/runner/work/trading-bot-c-/trading-bot-c-/src/BotCore/BotCore.csproj]
/home/runner/work/trading-bot-c-/trading-bot-c-/src/BotCore/Services/AutonomousDecisionEngine.cs(369,13): error CA1848: For improved performance, use the LoggerMessage delegates instead of calling 'LoggerExtensions.LogInformation(ILogger, string?, params object?[])' (https://learn.microsoft.com/dotnet/fundamentals/code-analysis/quality-rules/ca1848) [/home/runner/work/trading-bot-c-/trading-bot-c-/src/BotCore/BotCore.csproj]
/home/runner/work/trading-bot-c-/trading-bot-c-/src/BotCore/ML/StrategyMlModelManager.cs(344,33): error S1541: The Cyclomatic Complexity of this method is 11 which is greater than 10 authorized. (https://rules.sonarsource.com/csharp/RSPEC-1541) [/home/runner/work/trading-bot-c-/trading-bot-c-/src/BotCore/BotCore.csproj]
/home/runner/work/trading-bot-c-/trading-bot-c-/src/BotCore/Services/AutonomousDecisionEngine.cs(377,53): error S1172: Remove this unused method parameter 'cancellationToken'. (https://rules.sonarsource.com/csharp/RSPEC-1172) [/home/runner/work/trading-bot-c-/trading-bot-c-/src/BotCore/BotCore.csproj]
/home/runner/work/trading-bot-c-/trading-bot-c-/src/BotCore/Services/AutonomousDecisionEngine.cs(383,13): error CA1848: For improved performance, use the LoggerMessage delegates instead of calling 'LoggerExtensions.LogInformation(ILogger, string?, params object?[])' (https://learn.microsoft.com/dotnet/fundamentals/code-analysis/quality-rules/ca1848) [/home/runner/work/trading-bot-c-/trading-bot-c-/src/BotCore/BotCore.csproj]
/home/runner/work/trading-bot-c-/trading-bot-c-/src/BotCore/Execution/ChildOrderScheduler.cs(237,23): error AsyncFixer03: Avoid unsupported fire-and-forget async-void methods or delegates. Unhandled exceptions will crash the process. (https://github.com/semihokur/AsyncFixer) [/home/runner/work/trading-bot-c-/trading-bot-c-/src/BotCore/BotCore.csproj]
/home/runner/work/trading-bot-c-/trading-bot-c-/src/BotCore/Execution/ChildOrderScheduler.cs(254,25): error CA1848: For improved performance, use the LoggerMessage delegates instead of calling 'LoggerExtensions.LogWarning(ILogger, string?, params object?[])' (https://learn.microsoft.com/dotnet/fundamentals/code-analysis/quality-rules/ca1848) [/home/runner/work/trading-bot-c-/trading-bot-c-/src/BotCore/BotCore.csproj]
/home/runner/work/trading-bot-c-/trading-bot-c-/src/BotCore/Execution/ChildOrderScheduler.cs(270,17): error CA1848: For improved performance, use the LoggerMessage delegates instead of calling 'LoggerExtensions.LogError(ILogger, Exception?, string?, params object?[])' (https://learn.microsoft.com/dotnet/fundamentals/code-analysis/quality-rules/ca1848) [/home/runner/work/trading-bot-c-/trading-bot-c-/src/BotCore/BotCore.csproj]
/home/runner/work/trading-bot-c-/trading-bot-c-/src/BotCore/Execution/ChildOrderScheduler.cs(274,17): error CA1848: For improved performance, use the LoggerMessage delegates instead of calling 'LoggerExtensions.LogError(ILogger, Exception?, string?, params object?[])' (https://learn.microsoft.com/dotnet/fundamentals/code-analysis/quality-rules/ca1848) [/home/runner/work/trading-bot-c-/trading-bot-c-/src/BotCore/BotCore.csproj]
/home/runner/work/trading-bot-c-/trading-bot-c-/src/BotCore/ML/OnnxModelLoader.cs(312,42): error S1541: The Cyclomatic Complexity of this method is 12 which is greater than 10 authorized. (https://rules.sonarsource.com/csharp/RSPEC-1541) [/home/runner/work/trading-bot-c-/trading-bot-c-/src/BotCore/BotCore.csproj]
/home/runner/work/trading-bot-c-/trading-bot-c-/src/BotCore/Execution/BracketAdjustmentService.cs(260,21): error S1541: The Cyclomatic Complexity of this method is 15 which is greater than 10 authorized. (https://rules.sonarsource.com/csharp/RSPEC-1541) [/home/runner/work/trading-bot-c-/trading-bot-c-/src/BotCore/BotCore.csproj]
/home/runner/work/trading-bot-c-/trading-bot-c-/src/BotCore/Services/AutonomousDecisionEngine.cs(407,9): error CA1848: For improved performance, use the LoggerMessage delegates instead of calling 'LoggerExtensions.LogDebug(ILogger, string?, params object?[])' (https://learn.microsoft.com/dotnet/fundamentals/code-analysis/quality-rules/ca1848) [/home/runner/work/trading-bot-c-/trading-bot-c-/src/BotCore/BotCore.csproj]
/home/runner/work/trading-bot-c-/trading-bot-c-/src/BotCore/Execution/ChildOrderScheduler.cs(299,17): error CA1848: For improved performance, use the LoggerMessage delegates instead of calling 'LoggerExtensions.LogInformation(ILogger, string?, params object?[])' (https://learn.microsoft.com/dotnet/fundamentals/code-analysis/quality-rules/ca1848) [/home/runner/work/trading-bot-c-/trading-bot-c-/src/BotCore/BotCore.csproj]
/home/runner/work/trading-bot-c-/trading-bot-c-/src/BotCore/Fusion/MetricsServices.cs(88,26): error S2139: Either log this exception and handle it, or rethrow it with some contextual information. (https://rules.sonarsource.com/csharp/RSPEC-2139) [/home/runner/work/trading-bot-c-/trading-bot-c-/src/BotCore/BotCore.csproj]
/home/runner/work/trading-bot-c-/trading-bot-c-/src/BotCore/Fusion/MetricsServices.cs(59,13): error CA1848: For improved performance, use the LoggerMessage delegates instead of calling 'LoggerExtensions.LogCritical(ILogger, string?, params object?[])' (https://learn.microsoft.com/dotnet/fundamentals/code-analysis/quality-rules/ca1848) [/home/runner/work/trading-bot-c-/trading-bot-c-/src/BotCore/BotCore.csproj]
/home/runner/work/trading-bot-c-/trading-bot-c-/src/BotCore/Fusion/MetricsServices.cs(86,13): error CA1848: For improved performance, use the LoggerMessage delegates instead of calling 'LoggerExtensions.LogTrace(ILogger, string?, params object?[])' (https://learn.microsoft.com/dotnet/fundamentals/code-analysis/quality-rules/ca1848) [/home/runner/work/trading-bot-c-/trading-bot-c-/src/BotCore/BotCore.csproj]
/home/runner/work/trading-bot-c-/trading-bot-c-/src/BotCore/Fusion/MetricsServices.cs(91,13): error CA1848: For improved performance, use the LoggerMessage delegates instead of calling 'LoggerExtensions.LogCritical(ILogger, Exception?, string?, params object?[])' (https://learn.microsoft.com/dotnet/fundamentals/code-analysis/quality-rules/ca1848) [/home/runner/work/trading-bot-c-/trading-bot-c-/src/BotCore/BotCore.csproj]
/home/runner/work/trading-bot-c-/trading-bot-c-/src/BotCore/ML/MLMemoryManager.cs(467,20): error S1215: Refactor the code to remove this use of 'GC.Collect'. (https://rules.sonarsource.com/csharp/RSPEC-1215) [/home/runner/work/trading-bot-c-/trading-bot-c-/src/BotCore/BotCore.csproj]
/home/runner/work/trading-bot-c-/trading-bot-c-/src/BotCore/Fusion/DecisionFusionCoordinator.cs(75,9): error CA1848: For improved performance, use the LoggerMessage delegates instead of calling 'LoggerExtensions.LogInformation(ILogger, string?, params object?[])' (https://learn.microsoft.com/dotnet/fundamentals/code-analysis/quality-rules/ca1848) [/home/runner/work/trading-bot-c-/trading-bot-c-/src/BotCore/BotCore.csproj]
/home/runner/work/trading-bot-c-/trading-bot-c-/src/BotCore/Fusion/MetricsServices.cs(132,26): error S2139: Either log this exception and handle it, or rethrow it with some contextual information. (https://rules.sonarsource.com/csharp/RSPEC-2139) [/home/runner/work/trading-bot-c-/trading-bot-c-/src/BotCore/BotCore.csproj]
/home/runner/work/trading-bot-c-/trading-bot-c-/src/BotCore/Fusion/MetricsServices.cs(103,13): error CA1848: For improved performance, use the LoggerMessage delegates instead of calling 'LoggerExtensions.LogCritical(ILogger, string?, params object?[])' (https://learn.microsoft.com/dotnet/fundamentals/code-analysis/quality-rules/ca1848) [/home/runner/work/trading-bot-c-/trading-bot-c-/src/BotCore/BotCore.csproj]
/home/runner/work/trading-bot-c-/trading-bot-c-/src/BotCore/Fusion/MetricsServices.cs(130,13): error CA1848: For improved performance, use the LoggerMessage delegates instead of calling 'LoggerExtensions.LogTrace(ILogger, string?, params object?[])' (https://learn.microsoft.com/dotnet/fundamentals/code-analysis/quality-rules/ca1848) [/home/runner/work/trading-bot-c-/trading-bot-c-/src/BotCore/BotCore.csproj]
/home/runner/work/trading-bot-c-/trading-bot-c-/src/BotCore/Fusion/MetricsServices.cs(135,13): error CA1848: For improved performance, use the LoggerMessage delegates instead of calling 'LoggerExtensions.LogCritical(ILogger, Exception?, string?, params object?[])' (https://learn.microsoft.com/dotnet/fundamentals/code-analysis/quality-rules/ca1848) [/home/runner/work/trading-bot-c-/trading-bot-c-/src/BotCore/BotCore.csproj]
/home/runner/work/trading-bot-c-/trading-bot-c-/src/BotCore/Fusion/MetricsServices.cs(147,13): error CA1848: For improved performance, use the LoggerMessage delegates instead of calling 'LoggerExtensions.LogTrace(ILogger, string?, params object?[])' (https://learn.microsoft.com/dotnet/fundamentals/code-analysis/quality-rules/ca1848) [/home/runner/work/trading-bot-c-/trading-bot-c-/src/BotCore/BotCore.csproj]
/home/runner/work/trading-bot-c-/trading-bot-c-/src/BotCore/Fusion/MetricsServices.cs(151,13): error CA1848: For improved performance, use the LoggerMessage delegates instead of calling 'LoggerExtensions.LogError(ILogger, Exception?, string?, params object?[])' (https://learn.microsoft.com/dotnet/fundamentals/code-analysis/quality-rules/ca1848) [/home/runner/work/trading-bot-c-/trading-bot-c-/src/BotCore/BotCore.csproj]
/home/runner/work/trading-bot-c-/trading-bot-c-/src/BotCore/Fusion/MetricsServices.cs(149,9): error CA1031: Modify 'FlushMetricsAsync' to catch a more specific allowed exception type, or rethrow the exception (https://learn.microsoft.com/dotnet/fundamentals/code-analysis/quality-rules/ca1031) [/home/runner/work/trading-bot-c-/trading-bot-c-/src/BotCore/BotCore.csproj]
/home/runner/work/trading-bot-c-/trading-bot-c-/src/BotCore/Execution/BasicMicrostructureAnalyzer.cs(117,26): error S1905: Remove this unnecessary cast to 'decimal'. (https://rules.sonarsource.com/csharp/RSPEC-1905) [/home/runner/work/trading-bot-c-/trading-bot-c-/src/BotCore/BotCore.csproj]
/home/runner/work/trading-bot-c-/trading-bot-c-/src/BotCore/Fusion/FeatureBusAdapter.cs(174,17): error CA1848: For improved performance, use the LoggerMessage delegates instead of calling 'LoggerExtensions.LogWarning(ILogger, string?, params object?[])' (https://learn.microsoft.com/dotnet/fundamentals/code-analysis/quality-rules/ca1848) [/home/runner/work/trading-bot-c-/trading-bot-c-/src/BotCore/BotCore.csproj]
/home/runner/work/trading-bot-c-/trading-bot-c-/src/BotCore/Fusion/FeatureBusAdapter.cs(188,21): error CA1848: For improved performance, use the LoggerMessage delegates instead of calling 'LoggerExtensions.LogTrace(ILogger, string?, params object?[])' (https://learn.microsoft.com/dotnet/fundamentals/code-analysis/quality-rules/ca1848) [/home/runner/work/trading-bot-c-/trading-bot-c-/src/BotCore/BotCore.csproj]
/home/runner/work/trading-bot-c-/trading-bot-c-/src/BotCore/Fusion/FeatureBusAdapter.cs(193,13): error CA1848: For improved performance, use the LoggerMessage delegates instead of calling 'LoggerExtensions.LogTrace(ILogger, string?, params object?[])' (https://learn.microsoft.com/dotnet/fundamentals/code-analysis/quality-rules/ca1848) [/home/runner/work/trading-bot-c-/trading-bot-c-/src/BotCore/BotCore.csproj]
/home/runner/work/trading-bot-c-/trading-bot-c-/src/BotCore/Fusion/FeatureBusAdapter.cs(198,13): error CA1848: For improved performance, use the LoggerMessage delegates instead of calling 'LoggerExtensions.LogError(ILogger, Exception?, string?, params object?[])' (https://learn.microsoft.com/dotnet/fundamentals/code-analysis/quality-rules/ca1848) [/home/runner/work/trading-bot-c-/trading-bot-c-/src/BotCore/BotCore.csproj]
/home/runner/work/trading-bot-c-/trading-bot-c-/src/BotCore/Fusion/FeatureBusAdapter.cs(196,9): error CA1031: Modify 'Probe' to catch a more specific allowed exception type, or rethrow the exception (https://learn.microsoft.com/dotnet/fundamentals/code-analysis/quality-rules/ca1031) [/home/runner/work/trading-bot-c-/trading-bot-c-/src/BotCore/BotCore.csproj]
/home/runner/work/trading-bot-c-/trading-bot-c-/src/BotCore/Fusion/FeatureBusAdapter.cs(208,13): error CA1848: For improved performance, use the LoggerMessage delegates instead of calling 'LoggerExtensions.LogTrace(ILogger, string?, params object?[])' (https://learn.microsoft.com/dotnet/fundamentals/code-analysis/quality-rules/ca1848) [/home/runner/work/trading-bot-c-/trading-bot-c-/src/BotCore/BotCore.csproj]
/home/runner/work/trading-bot-c-/trading-bot-c-/src/BotCore/Fusion/FeatureBusAdapter.cs(212,13): error CA1848: For improved performance, use the LoggerMessage delegates instead of calling 'LoggerExtensions.LogError(ILogger, Exception?, string?, params object?[])' (https://learn.microsoft.com/dotnet/fundamentals/code-analysis/quality-rules/ca1848) [/home/runner/work/trading-bot-c-/trading-bot-c-/src/BotCore/BotCore.csproj]
/home/runner/work/trading-bot-c-/trading-bot-c-/src/BotCore/Fusion/FeatureBusAdapter.cs(210,9): error CA1031: Modify 'Publish' to catch a more specific allowed exception type, or rethrow the exception (https://learn.microsoft.com/dotnet/fundamentals/code-analysis/quality-rules/ca1031) [/home/runner/work/trading-bot-c-/trading-bot-c-/src/BotCore/BotCore.csproj]
/home/runner/work/trading-bot-c-/trading-bot-c-/src/BotCore/Features/FeaturePublisher.cs(53,17): error CA1848: For improved performance, use the LoggerMessage delegates instead of calling 'LoggerExtensions.LogError(ILogger, string?, params object?[])' (https://learn.microsoft.com/dotnet/fundamentals/code-analysis/quality-rules/ca1848) [/home/runner/work/trading-bot-c-/trading-bot-c-/src/BotCore/BotCore.csproj]
/home/runner/work/trading-bot-c-/trading-bot-c-/src/BotCore/Features/FeaturePublisher.cs(58,13): error CA1848: For improved performance, use the LoggerMessage delegates instead of calling 'LoggerExtensions.LogInformation(ILogger, string?, params object?[])' (https://learn.microsoft.com/dotnet/fundamentals/code-analysis/quality-rules/ca1848) [/home/runner/work/trading-bot-c-/trading-bot-c-/src/BotCore/BotCore.csproj]
/home/runner/work/trading-bot-c-/trading-bot-c-/src/BotCore/Fusion/FeatureBusAdapter.cs(239,17): error CA1848: For improved performance, use the LoggerMessage delegates instead of calling 'LoggerExtensions.LogWarning(ILogger, string?, params object?[])' (https://learn.microsoft.com/dotnet/fundamentals/code-analysis/quality-rules/ca1848) [/home/runner/work/trading-bot-c-/trading-bot-c-/src/BotCore/BotCore.csproj]
/home/runner/work/trading-bot-c-/trading-bot-c-/src/BotCore/Fusion/FeatureBusAdapter.cs(244,13): error CA1848: For improved performance, use the LoggerMessage delegates instead of calling 'LoggerExtensions.LogWarning(ILogger, string?, params object?[])' (https://learn.microsoft.com/dotnet/fundamentals/code-analysis/quality-rules/ca1848) [/home/runner/work/trading-bot-c-/trading-bot-c-/src/BotCore/BotCore.csproj]
/home/runner/work/trading-bot-c-/trading-bot-c-/src/BotCore/Fusion/FeatureBusAdapter.cs(249,13): error CA1848: For improved performance, use the LoggerMessage delegates instead of calling 'LoggerExtensions.LogError(ILogger, Exception?, string?, params object?[])' (https://learn.microsoft.com/dotnet/fundamentals/code-analysis/quality-rules/ca1848) [/home/runner/work/trading-bot-c-/trading-bot-c-/src/BotCore/BotCore.csproj]
/home/runner/work/trading-bot-c-/trading-bot-c-/src/BotCore/Fusion/FeatureBusAdapter.cs(247,9): error CA1031: Modify 'GetCurrentPriceFromMarketData' to catch a more specific allowed exception type, or rethrow the exception (https://learn.microsoft.com/dotnet/fundamentals/code-analysis/quality-rules/ca1031) [/home/runner/work/trading-bot-c-/trading-bot-c-/src/BotCore/BotCore.csproj]
/home/runner/work/trading-bot-c-/trading-bot-c-/src/BotCore/Features/FeaturePublisher.cs(65,13): error CA1848: For improved performance, use the LoggerMessage delegates instead of calling 'LoggerExtensions.LogInformation(ILogger, string?, params object?[])' (https://learn.microsoft.com/dotnet/fundamentals/code-analysis/quality-rules/ca1848) [/home/runner/work/trading-bot-c-/trading-bot-c-/src/BotCore/BotCore.csproj]
/home/runner/work/trading-bot-c-/trading-bot-c-/src/BotCore/Features/FeaturePublisher.cs(72,17): error CA1848: For improved performance, use the LoggerMessage delegates instead of calling 'LoggerExtensions.LogInformation(ILogger, string?, params object?[])' (https://learn.microsoft.com/dotnet/fundamentals/code-analysis/quality-rules/ca1848) [/home/runner/work/trading-bot-c-/trading-bot-c-/src/BotCore/BotCore.csproj]
/home/runner/work/trading-bot-c-/trading-bot-c-/src/BotCore/Features/FeaturePublisher.cs(81,13): error CA1848: For improved performance, use the LoggerMessage delegates instead of calling 'LoggerExtensions.LogInformation(ILogger, string?, params object?[])' (https://learn.microsoft.com/dotnet/fundamentals/code-analysis/quality-rules/ca1848) [/home/runner/work/trading-bot-c-/trading-bot-c-/src/BotCore/BotCore.csproj]
/home/runner/work/trading-bot-c-/trading-bot-c-/src/BotCore/Fusion/FeatureBusAdapter.cs(276,13): error CA1848: For improved performance, use the LoggerMessage delegates instead of calling 'LoggerExtensions.LogError(ILogger, Exception?, string?, params object?[])' (https://learn.microsoft.com/dotnet/fundamentals/code-analysis/quality-rules/ca1848) [/home/runner/work/trading-bot-c-/trading-bot-c-/src/BotCore/BotCore.csproj]
/home/runner/work/trading-bot-c-/trading-bot-c-/src/BotCore/Fusion/FeatureBusAdapter.cs(274,9): error CA1031: Modify 'GetCurrentVolumeFromBars' to catch a more specific allowed exception type, or rethrow the exception (https://learn.microsoft.com/dotnet/fundamentals/code-analysis/quality-rules/ca1031) [/home/runner/work/trading-bot-c-/trading-bot-c-/src/BotCore/BotCore.csproj]
/home/runner/work/trading-bot-c-/trading-bot-c-/src/BotCore/Features/FeaturePublisher.cs(106,21): error CA1848: For improved performance, use the LoggerMessage delegates instead of calling 'LoggerExtensions.LogError(ILogger, Exception?, string?, params object?[])' (https://learn.microsoft.com/dotnet/fundamentals/code-analysis/quality-rules/ca1848) [/home/runner/work/trading-bot-c-/trading-bot-c-/src/BotCore/BotCore.csproj]
/home/runner/work/trading-bot-c-/trading-bot-c-/src/BotCore/Fusion/FeatureBusAdapter.cs(303,13): error CA1848: For improved performance, use the LoggerMessage delegates instead of calling 'LoggerExtensions.LogError(ILogger, Exception?, string?, params object?[])' (https://learn.microsoft.com/dotnet/fundamentals/code-analysis/quality-rules/ca1848) [/home/runner/work/trading-bot-c-/trading-bot-c-/src/BotCore/BotCore.csproj]
/home/runner/work/trading-bot-c-/trading-bot-c-/src/BotCore/Fusion/FeatureBusAdapter.cs(301,9): error CA1031: Modify 'CalculateATRFromBars' to catch a more specific allowed exception type, or rethrow the exception (https://learn.microsoft.com/dotnet/fundamentals/code-analysis/quality-rules/ca1031) [/home/runner/work/trading-bot-c-/trading-bot-c-/src/BotCore/BotCore.csproj]
/home/runner/work/trading-bot-c-/trading-bot-c-/src/BotCore/Services/AutonomousDecisionEngine.cs(530,9): error CA1848: For improved performance, use the LoggerMessage delegates instead of calling 'LoggerExtensions.LogDebug(ILogger, string?, params object?[])' (https://learn.microsoft.com/dotnet/fundamentals/code-analysis/quality-rules/ca1848) [/home/runner/work/trading-bot-c-/trading-bot-c-/src/BotCore/BotCore.csproj]
/home/runner/work/trading-bot-c-/trading-bot-c-/src/BotCore/Features/BarDispatcherHook.cs(99,13): error CA1848: For improved performance, use the LoggerMessage delegates instead of calling 'LoggerExtensions.LogInformation(ILogger, string?, params object?[])' (https://learn.microsoft.com/dotnet/fundamentals/code-analysis/quality-rules/ca1848) [/home/runner/work/trading-bot-c-/trading-bot-c-/src/BotCore/BotCore.csproj]
/home/runner/work/trading-bot-c-/trading-bot-c-/src/BotCore/Fusion/DecisionFusionCoordinator.cs(84,65): error S1541: The Cyclomatic Complexity of this method is 29 which is greater than 10 authorized. (https://rules.sonarsource.com/csharp/RSPEC-1541) [/home/runner/work/trading-bot-c-/trading-bot-c-/src/BotCore/BotCore.csproj]
/home/runner/work/trading-bot-c-/trading-bot-c-/src/BotCore/Features/BarDispatcherHook.cs(51,13): error CA1848: For improved performance, use the LoggerMessage delegates instead of calling 'LoggerExtensions.LogInformation(ILogger, string?, params object?[])' (https://learn.microsoft.com/dotnet/fundamentals/code-analysis/quality-rules/ca1848) [/home/runner/work/trading-bot-c-/trading-bot-c-/src/BotCore/BotCore.csproj]
/home/runner/work/trading-bot-c-/trading-bot-c-/src/BotCore/Features/BarDispatcherHook.cs(62,21): error CA1848: For improved performance, use the LoggerMessage delegates instead of calling 'LoggerExtensions.LogInformation(ILogger, string?, params object?[])' (https://learn.microsoft.com/dotnet/fundamentals/code-analysis/quality-rules/ca1848) [/home/runner/work/trading-bot-c-/trading-bot-c-/src/BotCore/BotCore.csproj]
/home/runner/work/trading-bot-c-/trading-bot-c-/src/BotCore/Features/BarDispatcherHook.cs(66,21): error CA1848: For improved performance, use the LoggerMessage delegates instead of calling 'LoggerExtensions.LogWarning(ILogger, string?, params object?[])' (https://learn.microsoft.com/dotnet/fundamentals/code-analysis/quality-rules/ca1848) [/home/runner/work/trading-bot-c-/trading-bot-c-/src/BotCore/BotCore.csproj]
/home/runner/work/trading-bot-c-/trading-bot-c-/src/BotCore/Features/BarDispatcherHook.cs(75,29): error CA1848: For improved performance, use the LoggerMessage delegates instead of calling 'LoggerExtensions.LogError(ILogger, string?, params object?[])' (https://learn.microsoft.com/dotnet/fundamentals/code-analysis/quality-rules/ca1848) [/home/runner/work/trading-bot-c-/trading-bot-c-/src/BotCore/BotCore.csproj]
/home/runner/work/trading-bot-c-/trading-bot-c-/src/BotCore/Features/BarDispatcherHook.cs(81,29): error CA1848: For improved performance, use the LoggerMessage delegates instead of calling 'LoggerExtensions.LogWarning(ILogger, string?, params object?[])' (https://learn.microsoft.com/dotnet/fundamentals/code-analysis/quality-rules/ca1848) [/home/runner/work/trading-bot-c-/trading-bot-c-/src/BotCore/BotCore.csproj]
/home/runner/work/trading-bot-c-/trading-bot-c-/src/BotCore/Features/BarDispatcherHook.cs(90,17): error CA1848: For improved performance, use the LoggerMessage delegates instead of calling 'LoggerExtensions.LogError(ILogger, Exception?, string?, params object?[])' (https://learn.microsoft.com/dotnet/fundamentals/code-analysis/quality-rules/ca1848) [/home/runner/work/trading-bot-c-/trading-bot-c-/src/BotCore/BotCore.csproj]
/home/runner/work/trading-bot-c-/trading-bot-c-/src/BotCore/Fusion/DecisionFusionCoordinator.cs(84,65): error S138: This method 'DecideAsync' has 146 lines, which is greater than the 80 lines authorized. Split it into smaller methods. (https://rules.sonarsource.com/csharp/RSPEC-138) [/home/runner/work/trading-bot-c-/trading-bot-c-/src/BotCore/BotCore.csproj]
/home/runner/work/trading-bot-c-/trading-bot-c-/src/BotCore/Fusion/DecisionFusionCoordinator.cs(93,9): error CA1848: For improved performance, use the LoggerMessage delegates instead of calling 'LoggerExtensions.LogInformation(ILogger, string?, params object?[])' (https://learn.microsoft.com/dotnet/fundamentals/code-analysis/quality-rules/ca1848) [/home/runner/work/trading-bot-c-/trading-bot-c-/src/BotCore/BotCore.csproj]
/home/runner/work/trading-bot-c-/trading-bot-c-/src/BotCore/Fusion/DecisionFusionCoordinator.cs(115,17): error CA1848: For improved performance, use the LoggerMessage delegates instead of calling 'LoggerExtensions.LogTrace(ILogger, string?, params object?[])' (https://learn.microsoft.com/dotnet/fundamentals/code-analysis/quality-rules/ca1848) [/home/runner/work/trading-bot-c-/trading-bot-c-/src/BotCore/BotCore.csproj]
/home/runner/work/trading-bot-c-/trading-bot-c-/src/BotCore/Fusion/DecisionFusionCoordinator.cs(126,17): error CA1848: For improved performance, use the LoggerMessage delegates instead of calling 'LoggerExtensions.LogTrace(ILogger, string?, params object?[])' (https://learn.microsoft.com/dotnet/fundamentals/code-analysis/quality-rules/ca1848) [/home/runner/work/trading-bot-c-/trading-bot-c-/src/BotCore/BotCore.csproj]
/home/runner/work/trading-bot-c-/trading-bot-c-/src/BotCore/Fusion/DecisionFusionCoordinator.cs(130,17): error CA1848: For improved performance, use the LoggerMessage delegates instead of calling 'LoggerExtensions.LogInformation(ILogger, string?, params object?[])' (https://learn.microsoft.com/dotnet/fundamentals/code-analysis/quality-rules/ca1848) [/home/runner/work/trading-bot-c-/trading-bot-c-/src/BotCore/BotCore.csproj]
/home/runner/work/trading-bot-c-/trading-bot-c-/src/BotCore/Fusion/DecisionFusionCoordinator.cs(142,17): error CA1848: For improved performance, use the LoggerMessage delegates instead of calling 'LoggerExtensions.LogDebug(ILogger, string?, params object?[])' (https://learn.microsoft.com/dotnet/fundamentals/code-analysis/quality-rules/ca1848) [/home/runner/work/trading-bot-c-/trading-bot-c-/src/BotCore/BotCore.csproj]
/home/runner/work/trading-bot-c-/trading-bot-c-/src/BotCore/Fusion/DecisionFusionCoordinator.cs(161,17): error CA1848: For improved performance, use the LoggerMessage delegates instead of calling 'LoggerExtensions.LogDebug(ILogger, string?, params object?[])' (https://learn.microsoft.com/dotnet/fundamentals/code-analysis/quality-rules/ca1848) [/home/runner/work/trading-bot-c-/trading-bot-c-/src/BotCore/BotCore.csproj]
/home/runner/work/trading-bot-c-/trading-bot-c-/src/BotCore/Fusion/DecisionFusionCoordinator.cs(171,21): error CA1848: For improved performance, use the LoggerMessage delegates instead of calling 'LoggerExtensions.LogTrace(ILogger, string?, params object?[])' (https://learn.microsoft.com/dotnet/fundamentals/code-analysis/quality-rules/ca1848) [/home/runner/work/trading-bot-c-/trading-bot-c-/src/BotCore/BotCore.csproj]
/home/runner/work/trading-bot-c-/trading-bot-c-/src/BotCore/Fusion/DecisionFusionCoordinator.cs(228,25): error CA1848: For improved performance, use the LoggerMessage delegates instead of calling 'LoggerExtensions.LogWarning(ILogger, Exception?, string?, params object?[])' (https://learn.microsoft.com/dotnet/fundamentals/code-analysis/quality-rules/ca1848) [/home/runner/work/trading-bot-c-/trading-bot-c-/src/BotCore/BotCore.csproj]
/home/runner/work/trading-bot-c-/trading-bot-c-/src/BotCore/Fusion/DecisionFusionCoordinator.cs(234,21): error CA1848: For improved performance, use the LoggerMessage delegates instead of calling 'LoggerExtensions.LogTrace(ILogger, string?, params object?[])' (https://learn.microsoft.com/dotnet/fundamentals/code-analysis/quality-rules/ca1848) [/home/runner/work/trading-bot-c-/trading-bot-c-/src/BotCore/BotCore.csproj]
/home/runner/work/trading-bot-c-/trading-bot-c-/src/BotCore/Fusion/DecisionFusionCoordinator.cs(241,17): error CA1848: For improved performance, use the LoggerMessage delegates instead of calling 'LoggerExtensions.LogDebug(ILogger, string?, params object?[])' (https://learn.microsoft.com/dotnet/fundamentals/code-analysis/quality-rules/ca1848) [/home/runner/work/trading-bot-c-/trading-bot-c-/src/BotCore/BotCore.csproj]
/home/runner/work/trading-bot-c-/trading-bot-c-/src/BotCore/Fusion/DecisionFusionCoordinator.cs(244,17): error CA1848: For improved performance, use the LoggerMessage delegates instead of calling 'LoggerExtensions.LogDebug(ILogger, string?, params object?[])' (https://learn.microsoft.com/dotnet/fundamentals/code-analysis/quality-rules/ca1848) [/home/runner/work/trading-bot-c-/trading-bot-c-/src/BotCore/BotCore.csproj]
/home/runner/work/trading-bot-c-/trading-bot-c-/src/BotCore/Fusion/DecisionFusionCoordinator.cs(249,17): error CA1848: For improved performance, use the LoggerMessage delegates instead of calling 'LoggerExtensions.LogWarning(ILogger, Exception?, string?, params object?[])' (https://learn.microsoft.com/dotnet/fundamentals/code-analysis/quality-rules/ca1848) [/home/runner/work/trading-bot-c-/trading-bot-c-/src/BotCore/BotCore.csproj]
/home/runner/work/trading-bot-c-/trading-bot-c-/src/BotCore/Fusion/DecisionFusionCoordinator.cs(253,13): error CA1848: For improved performance, use the LoggerMessage delegates instead of calling 'LoggerExtensions.LogInformation(ILogger, string?, params object?[])' (https://learn.microsoft.com/dotnet/fundamentals/code-analysis/quality-rules/ca1848) [/home/runner/work/trading-bot-c-/trading-bot-c-/src/BotCore/BotCore.csproj]
/home/runner/work/trading-bot-c-/trading-bot-c-/src/BotCore/Fusion/DecisionFusionCoordinator.cs(256,13): error CA1848: For improved performance, use the LoggerMessage delegates instead of calling 'LoggerExtensions.LogInformation(ILogger, string?, params object?[])' (https://learn.microsoft.com/dotnet/fundamentals/code-analysis/quality-rules/ca1848) [/home/runner/work/trading-bot-c-/trading-bot-c-/src/BotCore/BotCore.csproj]
/home/runner/work/trading-bot-c-/trading-bot-c-/src/BotCore/Fusion/DecisionFusionCoordinator.cs(260,13): error CA1848: For improved performance, use the LoggerMessage delegates instead of calling 'LoggerExtensions.LogInformation(ILogger, string?, params object?[])' (https://learn.microsoft.com/dotnet/fundamentals/code-analysis/quality-rules/ca1848) [/home/runner/work/trading-bot-c-/trading-bot-c-/src/BotCore/BotCore.csproj]
/home/runner/work/trading-bot-c-/trading-bot-c-/src/BotCore/Fusion/DecisionFusionCoordinator.cs(272,13): error CA1848: For improved performance, use the LoggerMessage delegates instead of calling 'LoggerExtensions.LogError(ILogger, Exception?, string?, params object?[])' (https://learn.microsoft.com/dotnet/fundamentals/code-analysis/quality-rules/ca1848) [/home/runner/work/trading-bot-c-/trading-bot-c-/src/BotCore/BotCore.csproj]
/home/runner/work/trading-bot-c-/trading-bot-c-/src/BotCore/Fusion/DecisionFusionCoordinator.cs(276,13): error CA1848: For improved performance, use the LoggerMessage delegates instead of calling 'LoggerExtensions.LogError(ILogger, string?, params object?[])' (https://learn.microsoft.com/dotnet/fundamentals/code-analysis/quality-rules/ca1848) [/home/runner/work/trading-bot-c-/trading-bot-c-/src/BotCore/BotCore.csproj]
/home/runner/work/trading-bot-c-/trading-bot-c-/src/BotCore/Features/FeatureBuilder.cs(109,19): error CA1002: Change 'List<Bar>' in 'FeatureBuilder.BuildFeatures(string, List<Bar>, int, DateTime, [object], [object])' to use 'Collection<T>', 'ReadOnlyCollection<T>' or 'KeyedCollection<K,V>' (https://learn.microsoft.com/dotnet/fundamentals/code-analysis/quality-rules/ca1002) [/home/runner/work/trading-bot-c-/trading-bot-c-/src/BotCore/BotCore.csproj]
/home/runner/work/trading-bot-c-/trading-bot-c-/src/BotCore/ML/MLMemoryManager.cs(595,20): error S1215: Refactor the code to remove this use of 'GC.Collect'. (https://rules.sonarsource.com/csharp/RSPEC-1215) [/home/runner/work/trading-bot-c-/trading-bot-c-/src/BotCore/BotCore.csproj]
/home/runner/work/trading-bot-c-/trading-bot-c-/src/BotCore/Fusion/DecisionFusionCoordinator.cs(226,21): error CA1031: Modify 'DecideAsync' to catch a more specific allowed exception type, or rethrow the exception (https://learn.microsoft.com/dotnet/fundamentals/code-analysis/quality-rules/ca1031) [/home/runner/work/trading-bot-c-/trading-bot-c-/src/BotCore/BotCore.csproj]
/home/runner/work/trading-bot-c-/trading-bot-c-/src/BotCore/Fusion/DecisionFusionCoordinator.cs(247,13): error CA1031: Modify 'DecideAsync' to catch a more specific allowed exception type, or rethrow the exception (https://learn.microsoft.com/dotnet/fundamentals/code-analysis/quality-rules/ca1031) [/home/runner/work/trading-bot-c-/trading-bot-c-/src/BotCore/BotCore.csproj]
/home/runner/work/trading-bot-c-/trading-bot-c-/src/BotCore/Fusion/DecisionFusionCoordinator.cs(267,9): error CA1031: Modify 'DecideAsync' to catch a more specific allowed exception type, or rethrow the exception (https://learn.microsoft.com/dotnet/fundamentals/code-analysis/quality-rules/ca1031) [/home/runner/work/trading-bot-c-/trading-bot-c-/src/BotCore/BotCore.csproj]
/home/runner/work/trading-bot-c-/trading-bot-c-/src/BotCore/Features/FeatureBuilder.cs(150,13): error CA1848: For improved performance, use the LoggerMessage delegates instead of calling 'LoggerExtensions.LogError(ILogger, Exception?, string?, params object?[])' (https://learn.microsoft.com/dotnet/fundamentals/code-analysis/quality-rules/ca1848) [/home/runner/work/trading-bot-c-/trading-bot-c-/src/BotCore/BotCore.csproj]
/home/runner/work/trading-bot-c-/trading-bot-c-/src/BotCore/Features/FeatureBuilder.cs(164,13): error CA1848: For improved performance, use the LoggerMessage delegates instead of calling 'LoggerExtensions.LogError(ILogger, Exception?, string?, params object?[])' (https://learn.microsoft.com/dotnet/fundamentals/code-analysis/quality-rules/ca1848) [/home/runner/work/trading-bot-c-/trading-bot-c-/src/BotCore/BotCore.csproj]
/home/runner/work/trading-bot-c-/trading-bot-c-/src/BotCore/Features/FeatureBuilder.cs(178,13): error CA1848: For improved performance, use the LoggerMessage delegates instead of calling 'LoggerExtensions.LogError(ILogger, Exception?, string?, params object?[])' (https://learn.microsoft.com/dotnet/fundamentals/code-analysis/quality-rules/ca1848) [/home/runner/work/trading-bot-c-/trading-bot-c-/src/BotCore/BotCore.csproj]
/home/runner/work/trading-bot-c-/trading-bot-c-/src/BotCore/Features/FeaturePublisher.cs(126,13): error CA1848: For improved performance, use the LoggerMessage delegates instead of calling 'LoggerExtensions.LogTrace(ILogger, string?, params object?[])' (https://learn.microsoft.com/dotnet/fundamentals/code-analysis/quality-rules/ca1848) [/home/runner/work/trading-bot-c-/trading-bot-c-/src/BotCore/BotCore.csproj]
/home/runner/work/trading-bot-c-/trading-bot-c-/src/BotCore/Features/FeaturePublisher.cs(151,33): error CA1848: For improved performance, use the LoggerMessage delegates instead of calling 'LoggerExtensions.LogTrace(ILogger, string?, params object?[])' (https://learn.microsoft.com/dotnet/fundamentals/code-analysis/quality-rules/ca1848) [/home/runner/work/trading-bot-c-/trading-bot-c-/src/BotCore/BotCore.csproj]
/home/runner/work/trading-bot-c-/trading-bot-c-/src/BotCore/Features/FeaturePublisher.cs(160,33): error CA1848: For improved performance, use the LoggerMessage delegates instead of calling 'LoggerExtensions.LogWarning(ILogger, string?, params object?[])' (https://learn.microsoft.com/dotnet/fundamentals/code-analysis/quality-rules/ca1848) [/home/runner/work/trading-bot-c-/trading-bot-c-/src/BotCore/BotCore.csproj]
/home/runner/work/trading-bot-c-/trading-bot-c-/src/BotCore/Features/FeaturePublisher.cs(170,25): error CA1848: For improved performance, use the LoggerMessage delegates instead of calling 'LoggerExtensions.LogError(ILogger, Exception?, string?, params object?[])' (https://learn.microsoft.com/dotnet/fundamentals/code-analysis/quality-rules/ca1848) [/home/runner/work/trading-bot-c-/trading-bot-c-/src/BotCore/BotCore.csproj]
/home/runner/work/trading-bot-c-/trading-bot-c-/src/BotCore/Features/FeaturePublisher.cs(180,29): error CA1848: For improved performance, use the LoggerMessage delegates instead of calling 'LoggerExtensions.LogError(ILogger, Exception?, string?, params object?[])' (https://learn.microsoft.com/dotnet/fundamentals/code-analysis/quality-rules/ca1848) [/home/runner/work/trading-bot-c-/trading-bot-c-/src/BotCore/BotCore.csproj]
/home/runner/work/trading-bot-c-/trading-bot-c-/src/BotCore/Features/FeaturePublisher.cs(201,13): error CA1848: For improved performance, use the LoggerMessage delegates instead of calling 'LoggerExtensions.LogDebug(ILogger, string?, params object?[])' (https://learn.microsoft.com/dotnet/fundamentals/code-analysis/quality-rules/ca1848) [/home/runner/work/trading-bot-c-/trading-bot-c-/src/BotCore/BotCore.csproj]
/home/runner/work/trading-bot-c-/trading-bot-c-/src/BotCore/Features/FeatureComputationConfig.cs(94,17): error S1541: The Cyclomatic Complexity of this method is 22 which is greater than 10 authorized. (https://rules.sonarsource.com/csharp/RSPEC-1541) [/home/runner/work/trading-bot-c-/trading-bot-c-/src/BotCore/BotCore.csproj]
/home/runner/work/trading-bot-c-/trading-bot-c-/src/BotCore/Fusion/FeatureBusAdapter.cs(356,13): error CA1848: For improved performance, use the LoggerMessage delegates instead of calling 'LoggerExtensions.LogError(ILogger, Exception?, string?, params object?[])' (https://learn.microsoft.com/dotnet/fundamentals/code-analysis/quality-rules/ca1848) [/home/runner/work/trading-bot-c-/trading-bot-c-/src/BotCore/BotCore.csproj]
/home/runner/work/trading-bot-c-/trading-bot-c-/src/BotCore/Fusion/FeatureBusAdapter.cs(354,9): error CA1031: Modify 'CalculateRealizedVolatilityFromBars' to catch a more specific allowed exception type, or rethrow the exception (https://learn.microsoft.com/dotnet/fundamentals/code-analysis/quality-rules/ca1031) [/home/runner/work/trading-bot-c-/trading-bot-c-/src/BotCore/BotCore.csproj]
/home/runner/work/trading-bot-c-/trading-bot-c-/src/BotCore/Features/BarDispatcherHook.cs(113,21): error CA1848: For improved performance, use the LoggerMessage delegates instead of calling 'LoggerExtensions.LogInformation(ILogger, string?, params object?[])' (https://learn.microsoft.com/dotnet/fundamentals/code-analysis/quality-rules/ca1848) [/home/runner/work/trading-bot-c-/trading-bot-c-/src/BotCore/BotCore.csproj]
/home/runner/work/trading-bot-c-/trading-bot-c-/src/BotCore/Features/BarDispatcherHook.cs(120,21): error CA1848: For improved performance, use the LoggerMessage delegates instead of calling 'LoggerExtensions.LogInformation(ILogger, string?, params object?[])' (https://learn.microsoft.com/dotnet/fundamentals/code-analysis/quality-rules/ca1848) [/home/runner/work/trading-bot-c-/trading-bot-c-/src/BotCore/BotCore.csproj]
/home/runner/work/trading-bot-c-/trading-bot-c-/src/BotCore/Features/BarDispatcherHook.cs(125,17): error CA1848: For improved performance, use the LoggerMessage delegates instead of calling 'LoggerExtensions.LogError(ILogger, Exception?, string?, params object?[])' (https://learn.microsoft.com/dotnet/fundamentals/code-analysis/quality-rules/ca1848) [/home/runner/work/trading-bot-c-/trading-bot-c-/src/BotCore/BotCore.csproj]
/home/runner/work/trading-bot-c-/trading-bot-c-/src/BotCore/ML/OnnxModelLoader.cs(543,37): error S138: This method 'HealthProbeAsync' has 83 lines, which is greater than the 80 lines authorized. Split it into smaller methods. (https://rules.sonarsource.com/csharp/RSPEC-138) [/home/runner/work/trading-bot-c-/trading-bot-c-/src/BotCore/BotCore.csproj]
/home/runner/work/trading-bot-c-/trading-bot-c-/src/BotCore/Fusion/DecisionFusionCoordinator.cs(294,17): error CA1848: For improved performance, use the LoggerMessage delegates instead of calling 'LoggerExtensions.LogWarning(ILogger, string?, params object?[])' (https://learn.microsoft.com/dotnet/fundamentals/code-analysis/quality-rules/ca1848) [/home/runner/work/trading-bot-c-/trading-bot-c-/src/BotCore/BotCore.csproj]
/home/runner/work/trading-bot-c-/trading-bot-c-/src/BotCore/Fusion/DecisionFusionCoordinator.cs(301,17): error CA1848: For improved performance, use the LoggerMessage delegates instead of calling 'LoggerExtensions.LogTrace(ILogger, string?, params object?[])' (https://learn.microsoft.com/dotnet/fundamentals/code-analysis/quality-rules/ca1848) [/home/runner/work/trading-bot-c-/trading-bot-c-/src/BotCore/BotCore.csproj]
/home/runner/work/trading-bot-c-/trading-bot-c-/src/BotCore/Fusion/DecisionFusionCoordinator.cs(309,13): error CA1848: For improved performance, use the LoggerMessage delegates instead of calling 'LoggerExtensions.LogError(ILogger, Exception?, string?, params object?[])' (https://learn.microsoft.com/dotnet/fundamentals/code-analysis/quality-rules/ca1848) [/home/runner/work/trading-bot-c-/trading-bot-c-/src/BotCore/BotCore.csproj]
/home/runner/work/trading-bot-c-/trading-bot-c-/src/BotCore/Fusion/DecisionFusionCoordinator.cs(307,9): error CA1031: Modify 'GetConfigValue' to catch a more specific allowed exception type, or rethrow the exception (https://learn.microsoft.com/dotnet/fundamentals/code-analysis/quality-rules/ca1031) [/home/runner/work/trading-bot-c-/trading-bot-c-/src/BotCore/BotCore.csproj]
/home/runner/work/trading-bot-c-/trading-bot-c-/src/BotCore/Integration/TechnicalIndicatorResolvers.cs(184,13): error CA1848: For improved performance, use the LoggerMessage delegates instead of calling 'LoggerExtensions.LogTrace(ILogger, string?, params object?[])' (https://learn.microsoft.com/dotnet/fundamentals/code-analysis/quality-rules/ca1848) [/home/runner/work/trading-bot-c-/trading-bot-c-/src/BotCore/BotCore.csproj]
/home/runner/work/trading-bot-c-/trading-bot-c-/src/BotCore/Integration/TechnicalIndicatorResolvers.cs(189,13): error CA1848: For improved performance, use the LoggerMessage delegates instead of calling 'LoggerExtensions.LogError(ILogger, Exception?, string?, params object?[])' (https://learn.microsoft.com/dotnet/fundamentals/code-analysis/quality-rules/ca1848) [/home/runner/work/trading-bot-c-/trading-bot-c-/src/BotCore/BotCore.csproj]
/home/runner/work/trading-bot-c-/trading-bot-c-/src/BotCore/ML/MLMemoryManager.cs(616,18): error S1541: The Cyclomatic Complexity of this method is 11 which is greater than 10 authorized. (https://rules.sonarsource.com/csharp/RSPEC-1541) [/home/runner/work/trading-bot-c-/trading-bot-c-/src/BotCore/BotCore.csproj]
/home/runner/work/trading-bot-c-/trading-bot-c-/src/BotCore/Features/BarDispatcherHook.cs(150,29): error CA1848: For improved performance, use the LoggerMessage delegates instead of calling 'LoggerExtensions.LogInformation(ILogger, string?, params object?[])' (https://learn.microsoft.com/dotnet/fundamentals/code-analysis/quality-rules/ca1848) [/home/runner/work/trading-bot-c-/trading-bot-c-/src/BotCore/BotCore.csproj]
/home/runner/work/trading-bot-c-/trading-bot-c-/src/BotCore/Features/BarDispatcherHook.cs(159,29): error CA1848: For improved performance, use the LoggerMessage delegates instead of calling 'LoggerExtensions.LogWarning(ILogger, string?, params object?[])' (https://learn.microsoft.com/dotnet/fundamentals/code-analysis/quality-rules/ca1848) [/home/runner/work/trading-bot-c-/trading-bot-c-/src/BotCore/BotCore.csproj]
/home/runner/work/trading-bot-c-/trading-bot-c-/src/BotCore/Features/BarDispatcherHook.cs(164,25): error CA1848: For improved performance, use the LoggerMessage delegates instead of calling 'LoggerExtensions.LogWarning(ILogger, string?, params object?[])' (https://learn.microsoft.com/dotnet/fundamentals/code-analysis/quality-rules/ca1848) [/home/runner/work/trading-bot-c-/trading-bot-c-/src/BotCore/BotCore.csproj]
/home/runner/work/trading-bot-c-/trading-bot-c-/src/BotCore/Features/BarDispatcherHook.cs(169,21): error CA1848: For improved performance, use the LoggerMessage delegates instead of calling 'LoggerExtensions.LogWarning(ILogger, Exception?, string?, params object?[])' (https://learn.microsoft.com/dotnet/fundamentals/code-analysis/quality-rules/ca1848) [/home/runner/work/trading-bot-c-/trading-bot-c-/src/BotCore/BotCore.csproj]
/home/runner/work/trading-bot-c-/trading-bot-c-/src/BotCore/Features/BarDispatcherHook.cs(173,25): error CA1848: For improved performance, use the LoggerMessage delegates instead of calling 'LoggerExtensions.LogError(ILogger, string?, params object?[])' (https://learn.microsoft.com/dotnet/fundamentals/code-analysis/quality-rules/ca1848) [/home/runner/work/trading-bot-c-/trading-bot-c-/src/BotCore/BotCore.csproj]
/home/runner/work/trading-bot-c-/trading-bot-c-/src/BotCore/Features/BarDispatcherHook.cs(178,21): error CA1848: For improved performance, use the LoggerMessage delegates instead of calling 'LoggerExtensions.LogWarning(ILogger, Exception?, string?, params object?[])' (https://learn.microsoft.com/dotnet/fundamentals/code-analysis/quality-rules/ca1848) [/home/runner/work/trading-bot-c-/trading-bot-c-/src/BotCore/BotCore.csproj]
/home/runner/work/trading-bot-c-/trading-bot-c-/src/BotCore/Features/BarDispatcherHook.cs(182,25): error CA1848: For improved performance, use the LoggerMessage delegates instead of calling 'LoggerExtensions.LogError(ILogger, string?, params object?[])' (https://learn.microsoft.com/dotnet/fundamentals/code-analysis/quality-rules/ca1848) [/home/runner/work/trading-bot-c-/trading-bot-c-/src/BotCore/BotCore.csproj]
/home/runner/work/trading-bot-c-/trading-bot-c-/src/BotCore/Features/BarDispatcherHook.cs(187,21): error CA1848: For improved performance, use the LoggerMessage delegates instead of calling 'LoggerExtensions.LogWarning(ILogger, Exception?, string?, params object?[])' (https://learn.microsoft.com/dotnet/fundamentals/code-analysis/quality-rules/ca1848) [/home/runner/work/trading-bot-c-/trading-bot-c-/src/BotCore/BotCore.csproj]
/home/runner/work/trading-bot-c-/trading-bot-c-/src/BotCore/Features/BarDispatcherHook.cs(191,25): error CA1848: For improved performance, use the LoggerMessage delegates instead of calling 'LoggerExtensions.LogError(ILogger, string?, params object?[])' (https://learn.microsoft.com/dotnet/fundamentals/code-analysis/quality-rules/ca1848) [/home/runner/work/trading-bot-c-/trading-bot-c-/src/BotCore/BotCore.csproj]
/home/runner/work/trading-bot-c-/trading-bot-c-/src/BotCore/Features/FeaturePublisher.cs(212,17): error CA1848: For improved performance, use the LoggerMessage delegates instead of calling 'LoggerExtensions.LogInformation(ILogger, string?, params object?[])' (https://learn.microsoft.com/dotnet/fundamentals/code-analysis/quality-rules/ca1848) [/home/runner/work/trading-bot-c-/trading-bot-c-/src/BotCore/BotCore.csproj]
/home/runner/work/trading-bot-c-/trading-bot-c-/src/BotCore/Integration/TechnicalIndicatorResolvers.cs(110,13): error CA1848: For improved performance, use the LoggerMessage delegates instead of calling 'LoggerExtensions.LogTrace(ILogger, string?, params object?[])' (https://learn.microsoft.com/dotnet/fundamentals/code-analysis/quality-rules/ca1848) [/home/runner/work/trading-bot-c-/trading-bot-c-/src/BotCore/BotCore.csproj]
/home/runner/work/trading-bot-c-/trading-bot-c-/src/BotCore/Integration/TechnicalIndicatorResolvers.cs(115,13): error CA1848: For improved performance, use the LoggerMessage delegates instead of calling 'LoggerExtensions.LogError(ILogger, Exception?, string?, params object?[])' (https://learn.microsoft.com/dotnet/fundamentals/code-analysis/quality-rules/ca1848) [/home/runner/work/trading-bot-c-/trading-bot-c-/src/BotCore/BotCore.csproj]
/home/runner/work/trading-bot-c-/trading-bot-c-/src/BotCore/Features/BarDispatcherHook.cs(209,21): error CA1848: For improved performance, use the LoggerMessage delegates instead of calling 'LoggerExtensions.LogInformation(ILogger, string?, params object?[])' (https://learn.microsoft.com/dotnet/fundamentals/code-analysis/quality-rules/ca1848) [/home/runner/work/trading-bot-c-/trading-bot-c-/src/BotCore/BotCore.csproj]
/home/runner/work/trading-bot-c-/trading-bot-c-/src/BotCore/Features/BarDispatcherHook.cs(219,21): error CA1848: For improved performance, use the LoggerMessage delegates instead of calling 'LoggerExtensions.LogWarning(ILogger, string?, params object?[])' (https://learn.microsoft.com/dotnet/fundamentals/code-analysis/quality-rules/ca1848) [/home/runner/work/trading-bot-c-/trading-bot-c-/src/BotCore/BotCore.csproj]
/home/runner/work/trading-bot-c-/trading-bot-c-/src/BotCore/Features/BarDispatcherHook.cs(226,17): error CA1848: For improved performance, use the LoggerMessage delegates instead of calling 'LoggerExtensions.LogWarning(ILogger, Exception?, string?, params object?[])' (https://learn.microsoft.com/dotnet/fundamentals/code-analysis/quality-rules/ca1848) [/home/runner/work/trading-bot-c-/trading-bot-c-/src/BotCore/BotCore.csproj]
/home/runner/work/trading-bot-c-/trading-bot-c-/src/BotCore/Features/BarDispatcherHook.cs(230,21): error CA1848: For improved performance, use the LoggerMessage delegates instead of calling 'LoggerExtensions.LogError(ILogger, string?, params object?[])' (https://learn.microsoft.com/dotnet/fundamentals/code-analysis/quality-rules/ca1848) [/home/runner/work/trading-bot-c-/trading-bot-c-/src/BotCore/BotCore.csproj]
/home/runner/work/trading-bot-c-/trading-bot-c-/src/BotCore/Features/BarDispatcherHook.cs(237,17): error CA1848: For improved performance, use the LoggerMessage delegates instead of calling 'LoggerExtensions.LogWarning(ILogger, Exception?, string?, params object?[])' (https://learn.microsoft.com/dotnet/fundamentals/code-analysis/quality-rules/ca1848) [/home/runner/work/trading-bot-c-/trading-bot-c-/src/BotCore/BotCore.csproj]
/home/runner/work/trading-bot-c-/trading-bot-c-/src/BotCore/Features/BarDispatcherHook.cs(241,21): error CA1848: For improved performance, use the LoggerMessage delegates instead of calling 'LoggerExtensions.LogError(ILogger, string?, params object?[])' (https://learn.microsoft.com/dotnet/fundamentals/code-analysis/quality-rules/ca1848) [/home/runner/work/trading-bot-c-/trading-bot-c-/src/BotCore/BotCore.csproj]
/home/runner/work/trading-bot-c-/trading-bot-c-/src/BotCore/Integration/UnifiedBarPipeline.cs(73,13): error CA1848: For improved performance, use the LoggerMessage delegates instead of calling 'LoggerExtensions.LogDebug(ILogger, string?, params object?[])' (https://learn.microsoft.com/dotnet/fundamentals/code-analysis/quality-rules/ca1848) [/home/runner/work/trading-bot-c-/trading-bot-c-/src/BotCore/BotCore.csproj]
/home/runner/work/trading-bot-c-/trading-bot-c-/src/BotCore/Integration/UnifiedBarPipeline.cs(81,17): error CA1848: For improved performance, use the LoggerMessage delegates instead of calling 'LoggerExtensions.LogWarning(ILogger, string?, params object?[])' (https://learn.microsoft.com/dotnet/fundamentals/code-analysis/quality-rules/ca1848) [/home/runner/work/trading-bot-c-/trading-bot-c-/src/BotCore/BotCore.csproj]
/home/runner/work/trading-bot-c-/trading-bot-c-/src/BotCore/Integration/UnifiedBarPipeline.cs(91,17): error CA1848: For improved performance, use the LoggerMessage delegates instead of calling 'LoggerExtensions.LogWarning(ILogger, string?, params object?[])' (https://learn.microsoft.com/dotnet/fundamentals/code-analysis/quality-rules/ca1848) [/home/runner/work/trading-bot-c-/trading-bot-c-/src/BotCore/BotCore.csproj]
/home/runner/work/trading-bot-c-/trading-bot-c-/src/BotCore/Integration/UnifiedBarPipeline.cs(101,17): error CA1848: For improved performance, use the LoggerMessage delegates instead of calling 'LoggerExtensions.LogWarning(ILogger, string?, params object?[])' (https://learn.microsoft.com/dotnet/fundamentals/code-analysis/quality-rules/ca1848) [/home/runner/work/trading-bot-c-/trading-bot-c-/src/BotCore/BotCore.csproj]
/home/runner/work/trading-bot-c-/trading-bot-c-/src/BotCore/Integration/UnifiedBarPipeline.cs(123,17): error CA1848: For improved performance, use the LoggerMessage delegates instead of calling 'LoggerExtensions.LogDebug(ILogger, string?, params object?[])' (https://learn.microsoft.com/dotnet/fundamentals/code-analysis/quality-rules/ca1848) [/home/runner/work/trading-bot-c-/trading-bot-c-/src/BotCore/BotCore.csproj]
/home/runner/work/trading-bot-c-/trading-bot-c-/src/BotCore/Integration/UnifiedBarPipeline.cs(129,17): error CA1848: For improved performance, use the LoggerMessage delegates instead of calling 'LoggerExtensions.LogError(ILogger, string?, params object?[])' (https://learn.microsoft.com/dotnet/fundamentals/code-analysis/quality-rules/ca1848) [/home/runner/work/trading-bot-c-/trading-bot-c-/src/BotCore/BotCore.csproj]
/home/runner/work/trading-bot-c-/trading-bot-c-/src/BotCore/Integration/UnifiedBarPipeline.cs(142,13): error CA1848: For improved performance, use the LoggerMessage delegates instead of calling 'LoggerExtensions.LogError(ILogger, Exception?, string?, params object?[])' (https://learn.microsoft.com/dotnet/fundamentals/code-analysis/quality-rules/ca1848) [/home/runner/work/trading-bot-c-/trading-bot-c-/src/BotCore/BotCore.csproj]
/home/runner/work/trading-bot-c-/trading-bot-c-/src/BotCore/Integration/UnifiedBarPipeline.cs(152,13): error CA1848: For improved performance, use the LoggerMessage delegates instead of calling 'LoggerExtensions.LogError(ILogger, Exception?, string?, params object?[])' (https://learn.microsoft.com/dotnet/fundamentals/code-analysis/quality-rules/ca1848) [/home/runner/work/trading-bot-c-/trading-bot-c-/src/BotCore/BotCore.csproj]
/home/runner/work/trading-bot-c-/trading-bot-c-/src/BotCore/Execution/BasicMicrostructureAnalyzer.cs(358,14): error CA1860: Prefer comparing 'Count' to 0 rather than using 'Any()', both for clarity and for performance (https://learn.microsoft.com/dotnet/fundamentals/code-analysis/quality-rules/ca1860) [/home/runner/work/trading-bot-c-/trading-bot-c-/src/BotCore/BotCore.csproj]
/home/runner/work/trading-bot-c-/trading-bot-c-/src/BotCore/Services/AutonomousDecisionEngine.cs(614,17): error CA1848: For improved performance, use the LoggerMessage delegates instead of calling 'LoggerExtensions.LogDebug(ILogger, Exception?, string?, params object?[])' (https://learn.microsoft.com/dotnet/fundamentals/code-analysis/quality-rules/ca1848) [/home/runner/work/trading-bot-c-/trading-bot-c-/src/BotCore/BotCore.csproj]
/home/runner/work/trading-bot-c-/trading-bot-c-/src/BotCore/Services/AutonomousDecisionEngine.cs(652,13): error CA1848: For improved performance, use the LoggerMessage delegates instead of calling 'LoggerExtensions.LogWarning(ILogger, Exception?, string?, params object?[])' (https://learn.microsoft.com/dotnet/fundamentals/code-analysis/quality-rules/ca1848) [/home/runner/work/trading-bot-c-/trading-bot-c-/src/BotCore/BotCore.csproj]
/home/runner/work/trading-bot-c-/trading-bot-c-/src/BotCore/Integration/TechnicalIndicatorResolvers.cs(147,13): error CA1848: For improved performance, use the LoggerMessage delegates instead of calling 'LoggerExtensions.LogTrace(ILogger, string?, params object?[])' (https://learn.microsoft.com/dotnet/fundamentals/code-analysis/quality-rules/ca1848) [/home/runner/work/trading-bot-c-/trading-bot-c-/src/BotCore/BotCore.csproj]
/home/runner/work/trading-bot-c-/trading-bot-c-/src/BotCore/Integration/TechnicalIndicatorResolvers.cs(152,13): error CA1848: For improved performance, use the LoggerMessage delegates instead of calling 'LoggerExtensions.LogError(ILogger, Exception?, string?, params object?[])' (https://learn.microsoft.com/dotnet/fundamentals/code-analysis/quality-rules/ca1848) [/home/runner/work/trading-bot-c-/trading-bot-c-/src/BotCore/BotCore.csproj]
/home/runner/work/trading-bot-c-/trading-bot-c-/src/BotCore/Services/AutonomousDecisionEngine.cs(612,13): error CA1031: Modify 'IdentifyTradingOpportunityAsync' to catch a more specific allowed exception type, or rethrow the exception (https://learn.microsoft.com/dotnet/fundamentals/code-analysis/quality-rules/ca1031) [/home/runner/work/trading-bot-c-/trading-bot-c-/src/BotCore/BotCore.csproj]
/home/runner/work/trading-bot-c-/trading-bot-c-/src/BotCore/Services/AutonomousDecisionEngine.cs(650,9): error CA1031: Modify 'IdentifyTradingOpportunityAsync' to catch a more specific allowed exception type, or rethrow the exception (https://learn.microsoft.com/dotnet/fundamentals/code-analysis/quality-rules/ca1031) [/home/runner/work/trading-bot-c-/trading-bot-c-/src/BotCore/BotCore.csproj]
/home/runner/work/trading-bot-c-/trading-bot-c-/src/BotCore/Fusion/FeatureBusAdapter.cs(419,13): error CA1848: For improved performance, use the LoggerMessage delegates instead of calling 'LoggerExtensions.LogError(ILogger, Exception?, string?, params object?[])' (https://learn.microsoft.com/dotnet/fundamentals/code-analysis/quality-rules/ca1848) [/home/runner/work/trading-bot-c-/trading-bot-c-/src/BotCore/BotCore.csproj]
/home/runner/work/trading-bot-c-/trading-bot-c-/src/BotCore/Fusion/FeatureBusAdapter.cs(417,9): error CA1031: Modify 'CalculateVolatilityContraction' to catch a more specific allowed exception type, or rethrow the exception (https://learn.microsoft.com/dotnet/fundamentals/code-analysis/quality-rules/ca1031) [/home/runner/work/trading-bot-c-/trading-bot-c-/src/BotCore/BotCore.csproj]
/home/runner/work/trading-bot-c-/trading-bot-c-/src/BotCore/Integration/TechnicalIndicatorResolvers.cs(36,13): error CA1848: For improved performance, use the LoggerMessage delegates instead of calling 'LoggerExtensions.LogTrace(ILogger, string?, params object?[])' (https://learn.microsoft.com/dotnet/fundamentals/code-analysis/quality-rules/ca1848) [/home/runner/work/trading-bot-c-/trading-bot-c-/src/BotCore/BotCore.csproj]
/home/runner/work/trading-bot-c-/trading-bot-c-/src/BotCore/Integration/TechnicalIndicatorResolvers.cs(41,13): error CA1848: For improved performance, use the LoggerMessage delegates instead of calling 'LoggerExtensions.LogError(ILogger, Exception?, string?, params object?[])' (https://learn.microsoft.com/dotnet/fundamentals/code-analysis/quality-rules/ca1848) [/home/runner/work/trading-bot-c-/trading-bot-c-/src/BotCore/BotCore.csproj]
/home/runner/work/trading-bot-c-/trading-bot-c-/src/BotCore/Integration/TechnicalIndicatorResolvers.cs(73,13): error CA1848: For improved performance, use the LoggerMessage delegates instead of calling 'LoggerExtensions.LogTrace(ILogger, string?, params object?[])' (https://learn.microsoft.com/dotnet/fundamentals/code-analysis/quality-rules/ca1848) [/home/runner/work/trading-bot-c-/trading-bot-c-/src/BotCore/BotCore.csproj]
/home/runner/work/trading-bot-c-/trading-bot-c-/src/BotCore/Integration/TechnicalIndicatorResolvers.cs(78,13): error CA1848: For improved performance, use the LoggerMessage delegates instead of calling 'LoggerExtensions.LogError(ILogger, Exception?, string?, params object?[])' (https://learn.microsoft.com/dotnet/fundamentals/code-analysis/quality-rules/ca1848) [/home/runner/work/trading-bot-c-/trading-bot-c-/src/BotCore/BotCore.csproj]
/home/runner/work/trading-bot-c-/trading-bot-c-/src/BotCore/Integration/UnifiedBarPipeline.cs(160,91): error S1172: Remove this unused method parameter 'cancellationToken'. (https://rules.sonarsource.com/csharp/RSPEC-1172) [/home/runner/work/trading-bot-c-/trading-bot-c-/src/BotCore/BotCore.csproj]
/home/runner/work/trading-bot-c-/trading-bot-c-/src/BotCore/Integration/UnifiedBarPipeline.cs(173,13): error CA1848: For improved performance, use the LoggerMessage delegates instead of calling 'LoggerExtensions.LogTrace(ILogger, string?, params object?[])' (https://learn.microsoft.com/dotnet/fundamentals/code-analysis/quality-rules/ca1848) [/home/runner/work/trading-bot-c-/trading-bot-c-/src/BotCore/BotCore.csproj]
/home/runner/work/trading-bot-c-/trading-bot-c-/src/BotCore/Integration/UnifiedBarPipeline.cs(179,13): error CA1848: For improved performance, use the LoggerMessage delegates instead of calling 'LoggerExtensions.LogError(ILogger, Exception?, string?, params object?[])' (https://learn.microsoft.com/dotnet/fundamentals/code-analysis/quality-rules/ca1848) [/home/runner/work/trading-bot-c-/trading-bot-c-/src/BotCore/BotCore.csproj]
/home/runner/work/trading-bot-c-/trading-bot-c-/src/BotCore/Integration/UnifiedBarPipeline.cs(185,13): error CA1848: For improved performance, use the LoggerMessage delegates instead of calling 'LoggerExtensions.LogError(ILogger, Exception?, string?, params object?[])' (https://learn.microsoft.com/dotnet/fundamentals/code-analysis/quality-rules/ca1848) [/home/runner/work/trading-bot-c-/trading-bot-c-/src/BotCore/BotCore.csproj]
/home/runner/work/trading-bot-c-/trading-bot-c-/src/BotCore/ML/MLMemoryManager.cs(717,16): error S1215: Refactor the code to remove this use of 'GC.Collect'. (https://rules.sonarsource.com/csharp/RSPEC-1215) [/home/runner/work/trading-bot-c-/trading-bot-c-/src/BotCore/BotCore.csproj]
/home/runner/work/trading-bot-c-/trading-bot-c-/src/BotCore/Services/AutonomousDecisionEngine.cs(660,9): error CA1848: For improved performance, use the LoggerMessage delegates instead of calling 'LoggerExtensions.LogInformation(ILogger, string?, params object?[])' (https://learn.microsoft.com/dotnet/fundamentals/code-analysis/quality-rules/ca1848) [/home/runner/work/trading-bot-c-/trading-bot-c-/src/BotCore/BotCore.csproj]
/home/runner/work/trading-bot-c-/trading-bot-c-/src/BotCore/Services/AutonomousDecisionEngine.cs(673,17): error CA1848: For improved performance, use the LoggerMessage delegates instead of calling 'LoggerExtensions.LogInformation(ILogger, string?, params object?[])' (https://learn.microsoft.com/dotnet/fundamentals/code-analysis/quality-rules/ca1848) [/home/runner/work/trading-bot-c-/trading-bot-c-/src/BotCore/BotCore.csproj]
/home/runner/work/trading-bot-c-/trading-bot-c-/src/BotCore/Services/AutonomousDecisionEngine.cs(680,17): error CA1848: For improved performance, use the LoggerMessage delegates instead of calling 'LoggerExtensions.LogWarning(ILogger, string?, params object?[])' (https://learn.microsoft.com/dotnet/fundamentals/code-analysis/quality-rules/ca1848) [/home/runner/work/trading-bot-c-/trading-bot-c-/src/BotCore/BotCore.csproj]
/home/runner/work/trading-bot-c-/trading-bot-c-/src/BotCore/Services/AutonomousDecisionEngine.cs(685,13): error CA1848: For improved performance, use the LoggerMessage delegates instead of calling 'LoggerExtensions.LogError(ILogger, Exception?, string?, params object?[])' (https://learn.microsoft.com/dotnet/fundamentals/code-analysis/quality-rules/ca1848) [/home/runner/work/trading-bot-c-/trading-bot-c-/src/BotCore/BotCore.csproj]
/home/runner/work/trading-bot-c-/trading-bot-c-/src/BotCore/Services/AutonomousDecisionEngine.cs(683,9): error CA1031: Modify 'ExecuteAutonomousTradeAsync' to catch a more specific allowed exception type, or rethrow the exception (https://learn.microsoft.com/dotnet/fundamentals/code-analysis/quality-rules/ca1031) [/home/runner/work/trading-bot-c-/trading-bot-c-/src/BotCore/BotCore.csproj]
/home/runner/work/trading-bot-c-/trading-bot-c-/src/BotCore/Features/BarDispatcherHook.cs(259,21): error CA1848: For improved performance, use the LoggerMessage delegates instead of calling 'LoggerExtensions.LogTrace(ILogger, string?, params object?[])' (https://learn.microsoft.com/dotnet/fundamentals/code-analysis/quality-rules/ca1848) [/home/runner/work/trading-bot-c-/trading-bot-c-/src/BotCore/BotCore.csproj]
/home/runner/work/trading-bot-c-/trading-bot-c-/src/BotCore/Features/BarDispatcherHook.cs(273,21): error CA1848: For improved performance, use the LoggerMessage delegates instead of calling 'LoggerExtensions.LogTrace(ILogger, string?, params object?[])' (https://learn.microsoft.com/dotnet/fundamentals/code-analysis/quality-rules/ca1848) [/home/runner/work/trading-bot-c-/trading-bot-c-/src/BotCore/BotCore.csproj]
/home/runner/work/trading-bot-c-/trading-bot-c-/src/BotCore/Features/BarDispatcherHook.cs(278,21): error CA1848: For improved performance, use the LoggerMessage delegates instead of calling 'LoggerExtensions.LogError(ILogger, Exception?, string?, params object?[])' (https://learn.microsoft.com/dotnet/fundamentals/code-analysis/quality-rules/ca1848) [/home/runner/work/trading-bot-c-/trading-bot-c-/src/BotCore/BotCore.csproj]
/home/runner/work/trading-bot-c-/trading-bot-c-/src/BotCore/Features/BarDispatcherHook.cs(283,21): error CA1848: For improved performance, use the LoggerMessage delegates instead of calling 'LoggerExtensions.LogError(ILogger, Exception?, string?, params object?[])' (https://learn.microsoft.com/dotnet/fundamentals/code-analysis/quality-rules/ca1848) [/home/runner/work/trading-bot-c-/trading-bot-c-/src/BotCore/BotCore.csproj]
/home/runner/work/trading-bot-c-/trading-bot-c-/src/BotCore/Integration/UnifiedBarPipeline.cs(199,90): error S1172: Remove this unused method parameter 'bar'. (https://rules.sonarsource.com/csharp/RSPEC-1172) [/home/runner/work/trading-bot-c-/trading-bot-c-/src/BotCore/BotCore.csproj]
/home/runner/work/trading-bot-c-/trading-bot-c-/src/BotCore/Integration/UnifiedBarPipeline.cs(214,13): error CA1848: For improved performance, use the LoggerMessage delegates instead of calling 'LoggerExtensions.LogTrace(ILogger, string?, params object?[])' (https://learn.microsoft.com/dotnet/fundamentals/code-analysis/quality-rules/ca1848) [/home/runner/work/trading-bot-c-/trading-bot-c-/src/BotCore/BotCore.csproj]
/home/runner/work/trading-bot-c-/trading-bot-c-/src/BotCore/Integration/UnifiedBarPipeline.cs(221,13): error CA1848: For improved performance, use the LoggerMessage delegates instead of calling 'LoggerExtensions.LogError(ILogger, Exception?, string?, params object?[])' (https://learn.microsoft.com/dotnet/fundamentals/code-analysis/quality-rules/ca1848) [/home/runner/work/trading-bot-c-/trading-bot-c-/src/BotCore/BotCore.csproj]
/home/runner/work/trading-bot-c-/trading-bot-c-/src/BotCore/Integration/UnifiedBarPipeline.cs(227,13): error CA1848: For improved performance, use the LoggerMessage delegates instead of calling 'LoggerExtensions.LogError(ILogger, Exception?, string?, params object?[])' (https://learn.microsoft.com/dotnet/fundamentals/code-analysis/quality-rules/ca1848) [/home/runner/work/trading-bot-c-/trading-bot-c-/src/BotCore/BotCore.csproj]
/home/runner/work/trading-bot-c-/trading-bot-c-/src/BotCore/Integration/RiskPositionResolvers.cs(133,13): error CA1848: For improved performance, use the LoggerMessage delegates instead of calling 'LoggerExtensions.LogTrace(ILogger, string?, params object?[])' (https://learn.microsoft.com/dotnet/fundamentals/code-analysis/quality-rules/ca1848) [/home/runner/work/trading-bot-c-/trading-bot-c-/src/BotCore/BotCore.csproj]
/home/runner/work/trading-bot-c-/trading-bot-c-/src/BotCore/Integration/RiskPositionResolvers.cs(138,13): error CA1848: For improved performance, use the LoggerMessage delegates instead of calling 'LoggerExtensions.LogError(ILogger, Exception?, string?, params object?[])' (https://learn.microsoft.com/dotnet/fundamentals/code-analysis/quality-rules/ca1848) [/home/runner/work/trading-bot-c-/trading-bot-c-/src/BotCore/BotCore.csproj]
/home/runner/work/trading-bot-c-/trading-bot-c-/src/BotCore/Features/BarDispatcherHook.cs(297,17): error CA1848: For improved performance, use the LoggerMessage delegates instead of calling 'LoggerExtensions.LogTrace(ILogger, string?, params object?[])' (https://learn.microsoft.com/dotnet/fundamentals/code-analysis/quality-rules/ca1848) [/home/runner/work/trading-bot-c-/trading-bot-c-/src/BotCore/BotCore.csproj]
/home/runner/work/trading-bot-c-/trading-bot-c-/src/BotCore/Features/BarDispatcherHook.cs(304,17): error CA1848: For improved performance, use the LoggerMessage delegates instead of calling 'LoggerExtensions.LogError(ILogger, Exception?, string?, params object?[])' (https://learn.microsoft.com/dotnet/fundamentals/code-analysis/quality-rules/ca1848) [/home/runner/work/trading-bot-c-/trading-bot-c-/src/BotCore/BotCore.csproj]
/home/runner/work/trading-bot-c-/trading-bot-c-/src/BotCore/Fusion/FeatureBusAdapter.cs(449,21): error CA1848: For improved performance, use the LoggerMessage delegates instead of calling 'LoggerExtensions.LogTrace(ILogger, string?, params object?[])' (https://learn.microsoft.com/dotnet/fundamentals/code-analysis/quality-rules/ca1848) [/home/runner/work/trading-bot-c-/trading-bot-c-/src/BotCore/BotCore.csproj]
/home/runner/work/trading-bot-c-/trading-bot-c-/src/BotCore/Fusion/FeatureBusAdapter.cs(455,13): error CA1848: For improved performance, use the LoggerMessage delegates instead of calling 'LoggerExtensions.LogDebug(ILogger, string?, params object?[])' (https://learn.microsoft.com/dotnet/fundamentals/code-analysis/quality-rules/ca1848) [/home/runner/work/trading-bot-c-/trading-bot-c-/src/BotCore/BotCore.csproj]
/home/runner/work/trading-bot-c-/trading-bot-c-/src/BotCore/Fusion/FeatureBusAdapter.cs(461,13): error CA1848: For improved performance, use the LoggerMessage delegates instead of calling 'LoggerExtensions.LogError(ILogger, Exception?, string?, params object?[])' (https://learn.microsoft.com/dotnet/fundamentals/code-analysis/quality-rules/ca1848) [/home/runner/work/trading-bot-c-/trading-bot-c-/src/BotCore/BotCore.csproj]
/home/runner/work/trading-bot-c-/trading-bot-c-/src/BotCore/Integration/UnifiedBarPipeline.cs(255,13): error CA1848: For improved performance, use the LoggerMessage delegates instead of calling 'LoggerExtensions.LogTrace(ILogger, string?, params object?[])' (https://learn.microsoft.com/dotnet/fundamentals/code-analysis/quality-rules/ca1848) [/home/runner/work/trading-bot-c-/trading-bot-c-/src/BotCore/BotCore.csproj]
/home/runner/work/trading-bot-c-/trading-bot-c-/src/BotCore/Integration/UnifiedBarPipeline.cs(262,13): error CA1848: For improved performance, use the LoggerMessage delegates instead of calling 'LoggerExtensions.LogError(ILogger, Exception?, string?, params object?[])' (https://learn.microsoft.com/dotnet/fundamentals/code-analysis/quality-rules/ca1848) [/home/runner/work/trading-bot-c-/trading-bot-c-/src/BotCore/BotCore.csproj]
/home/runner/work/trading-bot-c-/trading-bot-c-/src/BotCore/Integration/UnifiedBarPipeline.cs(268,13): error CA1848: For improved performance, use the LoggerMessage delegates instead of calling 'LoggerExtensions.LogError(ILogger, Exception?, string?, params object?[])' (https://learn.microsoft.com/dotnet/fundamentals/code-analysis/quality-rules/ca1848) [/home/runner/work/trading-bot-c-/trading-bot-c-/src/BotCore/BotCore.csproj]
/home/runner/work/trading-bot-c-/trading-bot-c-/src/BotCore/Fusion/FeatureBusAdapter.cs(459,9): error CA1031: Modify 'CalculateMomentumZScore' to catch a more specific allowed exception type, or rethrow the exception (https://learn.microsoft.com/dotnet/fundamentals/code-analysis/quality-rules/ca1031) [/home/runner/work/trading-bot-c-/trading-bot-c-/src/BotCore/BotCore.csproj]
/home/runner/work/trading-bot-c-/trading-bot-c-/src/BotCore/Features/BarDispatcherHook.cs(318,17): error CA1848: For improved performance, use the LoggerMessage delegates instead of calling 'LoggerExtensions.LogInformation(ILogger, string?, params object?[])' (https://learn.microsoft.com/dotnet/fundamentals/code-analysis/quality-rules/ca1848) [/home/runner/work/trading-bot-c-/trading-bot-c-/src/BotCore/BotCore.csproj]
/home/runner/work/trading-bot-c-/trading-bot-c-/src/BotCore/Integration/RiskPositionResolvers.cs(37,13): error CA1848: For improved performance, use the LoggerMessage delegates instead of calling 'LoggerExtensions.LogTrace(ILogger, string?, params object?[])' (https://learn.microsoft.com/dotnet/fundamentals/code-analysis/quality-rules/ca1848) [/home/runner/work/trading-bot-c-/trading-bot-c-/src/BotCore/BotCore.csproj]
/home/runner/work/trading-bot-c-/trading-bot-c-/src/BotCore/Integration/RiskPositionResolvers.cs(42,13): error CA1848: For improved performance, use the LoggerMessage delegates instead of calling 'LoggerExtensions.LogError(ILogger, Exception?, string?, params object?[])' (https://learn.microsoft.com/dotnet/fundamentals/code-analysis/quality-rules/ca1848) [/home/runner/work/trading-bot-c-/trading-bot-c-/src/BotCore/BotCore.csproj]
/home/runner/work/trading-bot-c-/trading-bot-c-/src/BotCore/Services/AutonomousDecisionEngine.cs(711,25): error S1541: The Cyclomatic Complexity of this method is 12 which is greater than 10 authorized. (https://rules.sonarsource.com/csharp/RSPEC-1541) [/home/runner/work/trading-bot-c-/trading-bot-c-/src/BotCore/BotCore.csproj]
/home/runner/work/trading-bot-c-/trading-bot-c-/src/BotCore/Integration/RiskPositionResolvers.cs(101,13): error CA1848: For improved performance, use the LoggerMessage delegates instead of calling 'LoggerExtensions.LogTrace(ILogger, string?, params object?[])' (https://learn.microsoft.com/dotnet/fundamentals/code-analysis/quality-rules/ca1848) [/home/runner/work/trading-bot-c-/trading-bot-c-/src/BotCore/BotCore.csproj]
/home/runner/work/trading-bot-c-/trading-bot-c-/src/BotCore/Integration/RiskPositionResolvers.cs(106,13): error CA1848: For improved performance, use the LoggerMessage delegates instead of calling 'LoggerExtensions.LogError(ILogger, Exception?, string?, params object?[])' (https://learn.microsoft.com/dotnet/fundamentals/code-analysis/quality-rules/ca1848) [/home/runner/work/trading-bot-c-/trading-bot-c-/src/BotCore/BotCore.csproj]
/home/runner/work/trading-bot-c-/trading-bot-c-/src/BotCore/Integration/ShadowModeManager.cs(41,9): error CA1848: For improved performance, use the LoggerMessage delegates instead of calling 'LoggerExtensions.LogInformation(ILogger, string?, params object?[])' (https://learn.microsoft.com/dotnet/fundamentals/code-analysis/quality-rules/ca1848) [/home/runner/work/trading-bot-c-/trading-bot-c-/src/BotCore/BotCore.csproj]
/home/runner/work/trading-bot-c-/trading-bot-c-/src/BotCore/Fusion/FeatureBusAdapter.cs(469,21): error S1541: The Cyclomatic Complexity of this method is 14 which is greater than 10 authorized. (https://rules.sonarsource.com/csharp/RSPEC-1541) [/home/runner/work/trading-bot-c-/trading-bot-c-/src/BotCore/BotCore.csproj]
/home/runner/work/trading-bot-c-/trading-bot-c-/src/BotCore/Fusion/FeatureBusAdapter.cs(497,13): error CA1848: For improved performance, use the LoggerMessage delegates instead of calling 'LoggerExtensions.LogError(ILogger, Exception?, string?, params object?[])' (https://learn.microsoft.com/dotnet/fundamentals/code-analysis/quality-rules/ca1848) [/home/runner/work/trading-bot-c-/trading-bot-c-/src/BotCore/BotCore.csproj]
/home/runner/work/trading-bot-c-/trading-bot-c-/src/BotCore/Integration/UnifiedBarPipeline.cs(282,138): error S1172: Remove this unused method parameter 'cancellationToken'. (https://rules.sonarsource.com/csharp/RSPEC-1172) [/home/runner/work/trading-bot-c-/trading-bot-c-/src/BotCore/BotCore.csproj]
/home/runner/work/trading-bot-c-/trading-bot-c-/src/BotCore/Integration/ShadowModeManager.cs(85,9): error CA1848: For improved performance, use the LoggerMessage delegates instead of calling 'LoggerExtensions.LogInformation(ILogger, string?, params object?[])' (https://learn.microsoft.com/dotnet/fundamentals/code-analysis/quality-rules/ca1848) [/home/runner/work/trading-bot-c-/trading-bot-c-/src/BotCore/BotCore.csproj]
/home/runner/work/trading-bot-c-/trading-bot-c-/src/BotCore/Fusion/FeatureBusAdapter.cs(495,9): error CA1031: Modify 'CalculatePullbackRisk' to catch a more specific allowed exception type, or rethrow the exception (https://learn.microsoft.com/dotnet/fundamentals/code-analysis/quality-rules/ca1031) [/home/runner/work/trading-bot-c-/trading-bot-c-/src/BotCore/BotCore.csproj]
/home/runner/work/trading-bot-c-/trading-bot-c-/src/BotCore/Integration/UnifiedBarPipeline.cs(314,13): error CA1848: For improved performance, use the LoggerMessage delegates instead of calling 'LoggerExtensions.LogTrace(ILogger, string?, params object?[])' (https://learn.microsoft.com/dotnet/fundamentals/code-analysis/quality-rules/ca1848) [/home/runner/work/trading-bot-c-/trading-bot-c-/src/BotCore/BotCore.csproj]
/home/runner/work/trading-bot-c-/trading-bot-c-/src/BotCore/Integration/UnifiedBarPipeline.cs(322,13): error CA1848: For improved performance, use the LoggerMessage delegates instead of calling 'LoggerExtensions.LogError(ILogger, Exception?, string?, params object?[])' (https://learn.microsoft.com/dotnet/fundamentals/code-analysis/quality-rules/ca1848) [/home/runner/work/trading-bot-c-/trading-bot-c-/src/BotCore/BotCore.csproj]
/home/runner/work/trading-bot-c-/trading-bot-c-/src/BotCore/Integration/UnifiedBarPipeline.cs(328,13): error CA1848: For improved performance, use the LoggerMessage delegates instead of calling 'LoggerExtensions.LogError(ILogger, Exception?, string?, params object?[])' (https://learn.microsoft.com/dotnet/fundamentals/code-analysis/quality-rules/ca1848) [/home/runner/work/trading-bot-c-/trading-bot-c-/src/BotCore/BotCore.csproj]
/home/runner/work/trading-bot-c-/trading-bot-c-/src/BotCore/ML/OnnxModelLoader.cs(810,24): error S1541: The Cyclomatic Complexity of this method is 13 which is greater than 10 authorized. (https://rules.sonarsource.com/csharp/RSPEC-1541) [/home/runner/work/trading-bot-c-/trading-bot-c-/src/BotCore/BotCore.csproj]
/home/runner/work/trading-bot-c-/trading-bot-c-/src/BotCore/Integration/PatternFeatureResolvers.cs(141,13): error CA1848: For improved performance, use the LoggerMessage delegates instead of calling 'LoggerExtensions.LogTrace(ILogger, string?, params object?[])' (https://learn.microsoft.com/dotnet/fundamentals/code-analysis/quality-rules/ca1848) [/home/runner/work/trading-bot-c-/trading-bot-c-/src/BotCore/BotCore.csproj]
/home/runner/work/trading-bot-c-/trading-bot-c-/src/BotCore/Integration/PatternFeatureResolvers.cs(148,13): error CA1848: For improved performance, use the LoggerMessage delegates instead of calling 'LoggerExtensions.LogError(ILogger, Exception?, string?, params object?[])' (https://learn.microsoft.com/dotnet/fundamentals/code-analysis/quality-rules/ca1848) [/home/runner/work/trading-bot-c-/trading-bot-c-/src/BotCore/BotCore.csproj]
/home/runner/work/trading-bot-c-/trading-bot-c-/src/BotCore/Integration/ShadowModeManager.cs(149,13): error CA1848: For improved performance, use the LoggerMessage delegates instead of calling 'LoggerExtensions.LogDebug(ILogger, string?, params object?[])' (https://learn.microsoft.com/dotnet/fundamentals/code-analysis/quality-rules/ca1848) [/home/runner/work/trading-bot-c-/trading-bot-c-/src/BotCore/BotCore.csproj]
/home/runner/work/trading-bot-c-/trading-bot-c-/src/BotCore/Integration/ShadowModeManager.cs(157,13): error CA1848: For improved performance, use the LoggerMessage delegates instead of calling 'LoggerExtensions.LogError(ILogger, Exception?, string?, params object?[])' (https://learn.microsoft.com/dotnet/fundamentals/code-analysis/quality-rules/ca1848) [/home/runner/work/trading-bot-c-/trading-bot-c-/src/BotCore/BotCore.csproj]
/home/runner/work/trading-bot-c-/trading-bot-c-/src/BotCore/Integration/ShadowModeManager.cs(163,13): error CA1848: For improved performance, use the LoggerMessage delegates instead of calling 'LoggerExtensions.LogError(ILogger, Exception?, string?, params object?[])' (https://learn.microsoft.com/dotnet/fundamentals/code-analysis/quality-rules/ca1848) [/home/runner/work/trading-bot-c-/trading-bot-c-/src/BotCore/BotCore.csproj]
/home/runner/work/trading-bot-c-/trading-bot-c-/src/BotCore/Integration/UnifiedBarPipeline.cs(342,80): error S1172: Remove this unused method parameter 'cancellationToken'. (https://rules.sonarsource.com/csharp/RSPEC-1172) [/home/runner/work/trading-bot-c-/trading-bot-c-/src/BotCore/BotCore.csproj]
/home/runner/work/trading-bot-c-/trading-bot-c-/src/BotCore/Integration/UnifiedBarPipeline.cs(350,13): error CA1848: For improved performance, use the LoggerMessage delegates instead of calling 'LoggerExtensions.LogInformation(ILogger, string?, params object?[])' (https://learn.microsoft.com/dotnet/fundamentals/code-analysis/quality-rules/ca1848) [/home/runner/work/trading-bot-c-/trading-bot-c-/src/BotCore/BotCore.csproj]
/home/runner/work/trading-bot-c-/trading-bot-c-/src/BotCore/Integration/UnifiedBarPipeline.cs(356,17): error CA1848: For improved performance, use the LoggerMessage delegates instead of calling 'LoggerExtensions.LogTrace(ILogger, string?, params object?[])' (https://learn.microsoft.com/dotnet/fundamentals/code-analysis/quality-rules/ca1848) [/home/runner/work/trading-bot-c-/trading-bot-c-/src/BotCore/BotCore.csproj]
/home/runner/work/trading-bot-c-/trading-bot-c-/src/BotCore/Integration/UnifiedBarPipeline.cs(361,13): error CA1848: For improved performance, use the LoggerMessage delegates instead of calling 'LoggerExtensions.LogDebug(ILogger, string?, params object?[])' (https://learn.microsoft.com/dotnet/fundamentals/code-analysis/quality-rules/ca1848) [/home/runner/work/trading-bot-c-/trading-bot-c-/src/BotCore/BotCore.csproj]
/home/runner/work/trading-bot-c-/trading-bot-c-/src/BotCore/Integration/UnifiedBarPipeline.cs(366,13): error CA1848: For improved performance, use the LoggerMessage delegates instead of calling 'LoggerExtensions.LogWarning(ILogger, Exception?, string?, params object?[])' (https://learn.microsoft.com/dotnet/fundamentals/code-analysis/quality-rules/ca1848) [/home/runner/work/trading-bot-c-/trading-bot-c-/src/BotCore/BotCore.csproj]
/home/runner/work/trading-bot-c-/trading-bot-c-/src/BotCore/Integration/UnifiedBarPipeline.cs(370,13): error CA1848: For improved performance, use the LoggerMessage delegates instead of calling 'LoggerExtensions.LogWarning(ILogger, Exception?, string?, params object?[])' (https://learn.microsoft.com/dotnet/fundamentals/code-analysis/quality-rules/ca1848) [/home/runner/work/trading-bot-c-/trading-bot-c-/src/BotCore/BotCore.csproj]
/home/runner/work/trading-bot-c-/trading-bot-c-/src/BotCore/Integration/ProductionIntegrationCoordinator.cs(68,9): error CA1848: For improved performance, use the LoggerMessage delegates instead of calling 'LoggerExtensions.LogInformation(ILogger, string?, params object?[])' (https://learn.microsoft.com/dotnet/fundamentals/code-analysis/quality-rules/ca1848) [/home/runner/work/trading-bot-c-/trading-bot-c-/src/BotCore/BotCore.csproj]
/home/runner/work/trading-bot-c-/trading-bot-c-/src/BotCore/Integration/PatternFeatureResolvers.cs(180,13): error CA1848: For improved performance, use the LoggerMessage delegates instead of calling 'LoggerExtensions.LogTrace(ILogger, string?, params object?[])' (https://learn.microsoft.com/dotnet/fundamentals/code-analysis/quality-rules/ca1848) [/home/runner/work/trading-bot-c-/trading-bot-c-/src/BotCore/BotCore.csproj]
/home/runner/work/trading-bot-c-/trading-bot-c-/src/BotCore/Integration/PatternFeatureResolvers.cs(185,13): error CA1848: For improved performance, use the LoggerMessage delegates instead of calling 'LoggerExtensions.LogError(ILogger, Exception?, string?, params object?[])' (https://learn.microsoft.com/dotnet/fundamentals/code-analysis/quality-rules/ca1848) [/home/runner/work/trading-bot-c-/trading-bot-c-/src/BotCore/BotCore.csproj]
/home/runner/work/trading-bot-c-/trading-bot-c-/src/BotCore/Integration/UnifiedBarPipeline.cs(379,34): error CA1024: Use properties where appropriate (https://learn.microsoft.com/dotnet/fundamentals/code-analysis/quality-rules/ca1024) [/home/runner/work/trading-bot-c-/trading-bot-c-/src/BotCore/BotCore.csproj]
/home/runner/work/trading-bot-c-/trading-bot-c-/src/BotCore/Features/FeatureBuilder.cs(352,21): error CA1848: For improved performance, use the LoggerMessage delegates instead of calling 'LoggerExtensions.LogWarning(ILogger, string?, params object?[])' (https://learn.microsoft.com/dotnet/fundamentals/code-analysis/quality-rules/ca1848) [/home/runner/work/trading-bot-c-/trading-bot-c-/src/BotCore/BotCore.csproj]
/home/runner/work/trading-bot-c-/trading-bot-c-/src/BotCore/Features/FeatureBuilder.cs(364,13): error CA1848: For improved performance, use the LoggerMessage delegates instead of calling 'LoggerExtensions.LogWarning(ILogger, Exception?, string?, params object?[])' (https://learn.microsoft.com/dotnet/fundamentals/code-analysis/quality-rules/ca1848) [/home/runner/work/trading-bot-c-/trading-bot-c-/src/BotCore/BotCore.csproj]
/home/runner/work/trading-bot-c-/trading-bot-c-/src/BotCore/Features/FeatureBuilder.cs(368,13): error CA1848: For improved performance, use the LoggerMessage delegates instead of calling 'LoggerExtensions.LogWarning(ILogger, Exception?, string?, params object?[])' (https://learn.microsoft.com/dotnet/fundamentals/code-analysis/quality-rules/ca1848) [/home/runner/work/trading-bot-c-/trading-bot-c-/src/BotCore/BotCore.csproj]
/home/runner/work/trading-bot-c-/trading-bot-c-/src/BotCore/Features/FeatureBuilder.cs(372,13): error CA1848: For improved performance, use the LoggerMessage delegates instead of calling 'LoggerExtensions.LogWarning(ILogger, Exception?, string?, params object?[])' (https://learn.microsoft.com/dotnet/fundamentals/code-analysis/quality-rules/ca1848) [/home/runner/work/trading-bot-c-/trading-bot-c-/src/BotCore/BotCore.csproj]
/home/runner/work/trading-bot-c-/trading-bot-c-/src/BotCore/Integration/PatternFeatureResolvers.cs(85,13): error CA1848: For improved performance, use the LoggerMessage delegates instead of calling 'LoggerExtensions.LogTrace(ILogger, string?, params object?[])' (https://learn.microsoft.com/dotnet/fundamentals/code-analysis/quality-rules/ca1848) [/home/runner/work/trading-bot-c-/trading-bot-c-/src/BotCore/BotCore.csproj]
/home/runner/work/trading-bot-c-/trading-bot-c-/src/BotCore/Integration/PatternFeatureResolvers.cs(90,13): error CA1848: For improved performance, use the LoggerMessage delegates instead of calling 'LoggerExtensions.LogError(ILogger, Exception?, string?, params object?[])' (https://learn.microsoft.com/dotnet/fundamentals/code-analysis/quality-rules/ca1848) [/home/runner/work/trading-bot-c-/trading-bot-c-/src/BotCore/BotCore.csproj]
/home/runner/work/trading-bot-c-/trading-bot-c-/src/BotCore/Fusion/FeatureBusAdapter.cs(530,13): error CA1848: For improved performance, use the LoggerMessage delegates instead of calling 'LoggerExtensions.LogError(ILogger, Exception?, string?, params object?[])' (https://learn.microsoft.com/dotnet/fundamentals/code-analysis/quality-rules/ca1848) [/home/runner/work/trading-bot-c-/trading-bot-c-/src/BotCore/BotCore.csproj]
/home/runner/work/trading-bot-c-/trading-bot-c-/src/BotCore/Fusion/FeatureBusAdapter.cs(528,9): error CA1031: Modify 'CalculateVolumeThrust' to catch a more specific allowed exception type, or rethrow the exception (https://learn.microsoft.com/dotnet/fundamentals/code-analysis/quality-rules/ca1031) [/home/runner/work/trading-bot-c-/trading-bot-c-/src/BotCore/BotCore.csproj]
/home/runner/work/trading-bot-c-/trading-bot-c-/src/BotCore/Integration/RiskPositionResolvers.cs(69,13): error CA1848: For improved performance, use the LoggerMessage delegates instead of calling 'LoggerExtensions.LogTrace(ILogger, string?, params object?[])' (https://learn.microsoft.com/dotnet/fundamentals/code-analysis/quality-rules/ca1848) [/home/runner/work/trading-bot-c-/trading-bot-c-/src/BotCore/BotCore.csproj]
/home/runner/work/trading-bot-c-/trading-bot-c-/src/BotCore/Integration/RiskPositionResolvers.cs(74,13): error CA1848: For improved performance, use the LoggerMessage delegates instead of calling 'LoggerExtensions.LogError(ILogger, Exception?, string?, params object?[])' (https://learn.microsoft.com/dotnet/fundamentals/code-analysis/quality-rules/ca1848) [/home/runner/work/trading-bot-c-/trading-bot-c-/src/BotCore/BotCore.csproj]
/home/runner/work/trading-bot-c-/trading-bot-c-/src/BotCore/Integration/ProductionIntegrationCoordinator.cs(96,26): error S2139: Either log this exception and handle it, or rethrow it with some contextual information. (https://rules.sonarsource.com/csharp/RSPEC-2139) [/home/runner/work/trading-bot-c-/trading-bot-c-/src/BotCore/BotCore.csproj]
/home/runner/work/trading-bot-c-/trading-bot-c-/src/BotCore/Integration/ProductionIntegrationCoordinator.cs(78,13): error CA1848: For improved performance, use the LoggerMessage delegates instead of calling 'LoggerExtensions.LogInformation(ILogger, string?, params object?[])' (https://learn.microsoft.com/dotnet/fundamentals/code-analysis/quality-rules/ca1848) [/home/runner/work/trading-bot-c-/trading-bot-c-/src/BotCore/BotCore.csproj]
/home/runner/work/trading-bot-c-/trading-bot-c-/src/BotCore/Integration/ProductionIntegrationCoordinator.cs(94,13): error CA1848: For improved performance, use the LoggerMessage delegates instead of calling 'LoggerExtensions.LogInformation(ILogger, Exception?, string?, params object?[])' (https://learn.microsoft.com/dotnet/fundamentals/code-analysis/quality-rules/ca1848) [/home/runner/work/trading-bot-c-/trading-bot-c-/src/BotCore/BotCore.csproj]
/home/runner/work/trading-bot-c-/trading-bot-c-/src/BotCore/Integration/ProductionIntegrationCoordinator.cs(98,13): error CA1848: For improved performance, use the LoggerMessage delegates instead of calling 'LoggerExtensions.LogError(ILogger, Exception?, string?, params object?[])' (https://learn.microsoft.com/dotnet/fundamentals/code-analysis/quality-rules/ca1848) [/home/runner/work/trading-bot-c-/trading-bot-c-/src/BotCore/BotCore.csproj]
/home/runner/work/trading-bot-c-/trading-bot-c-/src/BotCore/Integration/PatternFeatureResolvers.cs(35,13): error CA1848: For improved performance, use the LoggerMessage delegates instead of calling 'LoggerExtensions.LogTrace(ILogger, string?, params object?[])' (https://learn.microsoft.com/dotnet/fundamentals/code-analysis/quality-rules/ca1848) [/home/runner/work/trading-bot-c-/trading-bot-c-/src/BotCore/BotCore.csproj]
/home/runner/work/trading-bot-c-/trading-bot-c-/src/BotCore/Integration/PatternFeatureResolvers.cs(41,13): error CA1848: For improved performance, use the LoggerMessage delegates instead of calling 'LoggerExtensions.LogError(ILogger, Exception?, string?, params object?[])' (https://learn.microsoft.com/dotnet/fundamentals/code-analysis/quality-rules/ca1848) [/home/runner/work/trading-bot-c-/trading-bot-c-/src/BotCore/BotCore.csproj]
/home/runner/work/trading-bot-c-/trading-bot-c-/src/BotCore/ML/OnnxModelLoader.cs(982,41): error AsyncFixer02: ComputeHashAsync should be used instead of sha256.ComputeHash. (https://github.com/semihokur/AsyncFixer) [/home/runner/work/trading-bot-c-/trading-bot-c-/src/BotCore/BotCore.csproj]
/home/runner/work/trading-bot-c-/trading-bot-c-/src/BotCore/Integration/MarketStateResolvers.cs(174,13): error CA1848: For improved performance, use the LoggerMessage delegates instead of calling 'LoggerExtensions.LogTrace(ILogger, string?, params object?[])' (https://learn.microsoft.com/dotnet/fundamentals/code-analysis/quality-rules/ca1848) [/home/runner/work/trading-bot-c-/trading-bot-c-/src/BotCore/BotCore.csproj]
/home/runner/work/trading-bot-c-/trading-bot-c-/src/BotCore/Integration/MarketStateResolvers.cs(179,13): error CA1848: For improved performance, use the LoggerMessage delegates instead of calling 'LoggerExtensions.LogError(ILogger, Exception?, string?, params object?[])' (https://learn.microsoft.com/dotnet/fundamentals/code-analysis/quality-rules/ca1848) [/home/runner/work/trading-bot-c-/trading-bot-c-/src/BotCore/BotCore.csproj]
/home/runner/work/trading-bot-c-/trading-bot-c-/src/BotCore/Integration/MarketStateResolvers.cs(210,13): error CA1848: For improved performance, use the LoggerMessage delegates instead of calling 'LoggerExtensions.LogTrace(ILogger, string?, params object?[])' (https://learn.microsoft.com/dotnet/fundamentals/code-analysis/quality-rules/ca1848) [/home/runner/work/trading-bot-c-/trading-bot-c-/src/BotCore/BotCore.csproj]
/home/runner/work/trading-bot-c-/trading-bot-c-/src/BotCore/Integration/MarketStateResolvers.cs(215,13): error CA1848: For improved performance, use the LoggerMessage delegates instead of calling 'LoggerExtensions.LogError(ILogger, Exception?, string?, params object?[])' (https://learn.microsoft.com/dotnet/fundamentals/code-analysis/quality-rules/ca1848) [/home/runner/work/trading-bot-c-/trading-bot-c-/src/BotCore/BotCore.csproj]
/home/runner/work/trading-bot-c-/trading-bot-c-/src/BotCore/Fusion/FeatureBusAdapter.cs(570,13): error CA1848: For improved performance, use the LoggerMessage delegates instead of calling 'LoggerExtensions.LogError(ILogger, Exception?, string?, params object?[])' (https://learn.microsoft.com/dotnet/fundamentals/code-analysis/quality-rules/ca1848) [/home/runner/work/trading-bot-c-/trading-bot-c-/src/BotCore/BotCore.csproj]
/home/runner/work/trading-bot-c-/trading-bot-c-/src/BotCore/Integration/MarketStateResolvers.cs(138,13): error CA1848: For improved performance, use the LoggerMessage delegates instead of calling 'LoggerExtensions.LogTrace(ILogger, string?, params object?[])' (https://learn.microsoft.com/dotnet/fundamentals/code-analysis/quality-rules/ca1848) [/home/runner/work/trading-bot-c-/trading-bot-c-/src/BotCore/BotCore.csproj]
/home/runner/work/trading-bot-c-/trading-bot-c-/src/BotCore/Integration/MarketStateResolvers.cs(143,13): error CA1848: For improved performance, use the LoggerMessage delegates instead of calling 'LoggerExtensions.LogError(ILogger, Exception?, string?, params object?[])' (https://learn.microsoft.com/dotnet/fundamentals/code-analysis/quality-rules/ca1848) [/home/runner/work/trading-bot-c-/trading-bot-c-/src/BotCore/BotCore.csproj]
/home/runner/work/trading-bot-c-/trading-bot-c-/src/BotCore/Fusion/FeatureBusAdapter.cs(568,9): error CA1031: Modify 'CountInsideBars' to catch a more specific allowed exception type, or rethrow the exception (https://learn.microsoft.com/dotnet/fundamentals/code-analysis/quality-rules/ca1031) [/home/runner/work/trading-bot-c-/trading-bot-c-/src/BotCore/BotCore.csproj]
/home/runner/work/trading-bot-c-/trading-bot-c-/src/BotCore/Integration/MarketStateResolvers.cs(78,13): error CA1848: For improved performance, use the LoggerMessage delegates instead of calling 'LoggerExtensions.LogTrace(ILogger, string?, params object?[])' (https://learn.microsoft.com/dotnet/fundamentals/code-analysis/quality-rules/ca1848) [/home/runner/work/trading-bot-c-/trading-bot-c-/src/BotCore/BotCore.csproj]
/home/runner/work/trading-bot-c-/trading-bot-c-/src/BotCore/Integration/MarketStateResolvers.cs(83,13): error CA1848: For improved performance, use the LoggerMessage delegates instead of calling 'LoggerExtensions.LogError(ILogger, Exception?, string?, params object?[])' (https://learn.microsoft.com/dotnet/fundamentals/code-analysis/quality-rules/ca1848) [/home/runner/work/trading-bot-c-/trading-bot-c-/src/BotCore/BotCore.csproj]
/home/runner/work/trading-bot-c-/trading-bot-c-/src/BotCore/Integration/MarketStateResolvers.cs(38,13): error CA1848: For improved performance, use the LoggerMessage delegates instead of calling 'LoggerExtensions.LogTrace(ILogger, string?, params object?[])' (https://learn.microsoft.com/dotnet/fundamentals/code-analysis/quality-rules/ca1848) [/home/runner/work/trading-bot-c-/trading-bot-c-/src/BotCore/BotCore.csproj]
/home/runner/work/trading-bot-c-/trading-bot-c-/src/BotCore/Integration/MarketStateResolvers.cs(43,13): error CA1848: For improved performance, use the LoggerMessage delegates instead of calling 'LoggerExtensions.LogError(ILogger, Exception?, string?, params object?[])' (https://learn.microsoft.com/dotnet/fundamentals/code-analysis/quality-rules/ca1848) [/home/runner/work/trading-bot-c-/trading-bot-c-/src/BotCore/BotCore.csproj]
/home/runner/work/trading-bot-c-/trading-bot-c-/src/BotCore/Integration/MarketStateResolvers.cs(108,13): error CA1848: For improved performance, use the LoggerMessage delegates instead of calling 'LoggerExtensions.LogTrace(ILogger, string?, params object?[])' (https://learn.microsoft.com/dotnet/fundamentals/code-analysis/quality-rules/ca1848) [/home/runner/work/trading-bot-c-/trading-bot-c-/src/BotCore/BotCore.csproj]
/home/runner/work/trading-bot-c-/trading-bot-c-/src/BotCore/Integration/MarketStateResolvers.cs(113,13): error CA1848: For improved performance, use the LoggerMessage delegates instead of calling 'LoggerExtensions.LogError(ILogger, Exception?, string?, params object?[])' (https://learn.microsoft.com/dotnet/fundamentals/code-analysis/quality-rules/ca1848) [/home/runner/work/trading-bot-c-/trading-bot-c-/src/BotCore/BotCore.csproj]
/home/runner/work/trading-bot-c-/trading-bot-c-/src/BotCore/Services/AutonomousDecisionEngine.cs(767,46): error S138: This method 'ExecuteTradeAsync' has 86 lines, which is greater than the 80 lines authorized. Split it into smaller methods. (https://rules.sonarsource.com/csharp/RSPEC-138) [/home/runner/work/trading-bot-c-/trading-bot-c-/src/BotCore/BotCore.csproj]
/home/runner/work/trading-bot-c-/trading-bot-c-/src/BotCore/Services/AutonomousDecisionEngine.cs(771,13): error CA1848: For improved performance, use the LoggerMessage delegates instead of calling 'LoggerExtensions.LogInformation(ILogger, string?, params object?[])' (https://learn.microsoft.com/dotnet/fundamentals/code-analysis/quality-rules/ca1848) [/home/runner/work/trading-bot-c-/trading-bot-c-/src/BotCore/BotCore.csproj]
/home/runner/work/trading-bot-c-/trading-bot-c-/src/BotCore/Services/AutonomousDecisionEngine.cs(810,17): error CA1848: For improved performance, use the LoggerMessage delegates instead of calling 'LoggerExtensions.LogError(ILogger, string?, params object?[])' (https://learn.microsoft.com/dotnet/fundamentals/code-analysis/quality-rules/ca1848) [/home/runner/work/trading-bot-c-/trading-bot-c-/src/BotCore/BotCore.csproj]
/home/runner/work/trading-bot-c-/trading-bot-c-/src/BotCore/Services/AutonomousDecisionEngine.cs(822,17): error CA1848: For improved performance, use the LoggerMessage delegates instead of calling 'LoggerExtensions.LogWarning(ILogger, string?, params object?[])' (https://learn.microsoft.com/dotnet/fundamentals/code-analysis/quality-rules/ca1848) [/home/runner/work/trading-bot-c-/trading-bot-c-/src/BotCore/BotCore.csproj]
/home/runner/work/trading-bot-c-/trading-bot-c-/src/BotCore/Services/AutonomousDecisionEngine.cs(841,17): error CA1848: For improved performance, use the LoggerMessage delegates instead of calling 'LoggerExtensions.LogInformation(ILogger, string?, params object?[])' (https://learn.microsoft.com/dotnet/fundamentals/code-analysis/quality-rules/ca1848) [/home/runner/work/trading-bot-c-/trading-bot-c-/src/BotCore/BotCore.csproj]
/home/runner/work/trading-bot-c-/trading-bot-c-/src/BotCore/Services/AutonomousDecisionEngine.cs(855,17): error CA1848: For improved performance, use the LoggerMessage delegates instead of calling 'LoggerExtensions.LogError(ILogger, string?, params object?[])' (https://learn.microsoft.com/dotnet/fundamentals/code-analysis/quality-rules/ca1848) [/home/runner/work/trading-bot-c-/trading-bot-c-/src/BotCore/BotCore.csproj]
/home/runner/work/trading-bot-c-/trading-bot-c-/src/BotCore/Services/AutonomousDecisionEngine.cs(867,13): error CA1848: For improved performance, use the LoggerMessage delegates instead of calling 'LoggerExtensions.LogError(ILogger, Exception?, string?, params object?[])' (https://learn.microsoft.com/dotnet/fundamentals/code-analysis/quality-rules/ca1848) [/home/runner/work/trading-bot-c-/trading-bot-c-/src/BotCore/BotCore.csproj]
/home/runner/work/trading-bot-c-/trading-bot-c-/src/BotCore/Integration/MarketMicrostructureResolvers.cs(211,13): error CA1848: For improved performance, use the LoggerMessage delegates instead of calling 'LoggerExtensions.LogTrace(ILogger, string?, params object?[])' (https://learn.microsoft.com/dotnet/fundamentals/code-analysis/quality-rules/ca1848) [/home/runner/work/trading-bot-c-/trading-bot-c-/src/BotCore/BotCore.csproj]
/home/runner/work/trading-bot-c-/trading-bot-c-/src/BotCore/Integration/MarketMicrostructureResolvers.cs(216,13): error CA1848: For improved performance, use the LoggerMessage delegates instead of calling 'LoggerExtensions.LogError(ILogger, Exception?, string?, params object?[])' (https://learn.microsoft.com/dotnet/fundamentals/code-analysis/quality-rules/ca1848) [/home/runner/work/trading-bot-c-/trading-bot-c-/src/BotCore/BotCore.csproj]
/home/runner/work/trading-bot-c-/trading-bot-c-/src/BotCore/Services/AutonomousDecisionEngine.cs(865,9): error CA1031: Modify 'ExecuteTradeAsync' to catch a more specific allowed exception type, or rethrow the exception (https://learn.microsoft.com/dotnet/fundamentals/code-analysis/quality-rules/ca1031) [/home/runner/work/trading-bot-c-/trading-bot-c-/src/BotCore/BotCore.csproj]
/home/runner/work/trading-bot-c-/trading-bot-c-/src/BotCore/Fusion/FeatureBusAdapter.cs(619,13): error CA1848: For improved performance, use the LoggerMessage delegates instead of calling 'LoggerExtensions.LogError(ILogger, Exception?, string?, params object?[])' (https://learn.microsoft.com/dotnet/fundamentals/code-analysis/quality-rules/ca1848) [/home/runner/work/trading-bot-c-/trading-bot-c-/src/BotCore/BotCore.csproj]
/home/runner/work/trading-bot-c-/trading-bot-c-/src/BotCore/Fusion/FeatureBusAdapter.cs(617,9): error CA1031: Modify 'CalculateVWAPDistance' to catch a more specific allowed exception type, or rethrow the exception (https://learn.microsoft.com/dotnet/fundamentals/code-analysis/quality-rules/ca1031) [/home/runner/work/trading-bot-c-/trading-bot-c-/src/BotCore/BotCore.csproj]
/home/runner/work/trading-bot-c-/trading-bot-c-/src/BotCore/Integration/ShadowModeManager.cs(184,21): error CA1848: For improved performance, use the LoggerMessage delegates instead of calling 'LoggerExtensions.LogWarning(ILogger, string?, params object?[])' (https://learn.microsoft.com/dotnet/fundamentals/code-analysis/quality-rules/ca1848) [/home/runner/work/trading-bot-c-/trading-bot-c-/src/BotCore/BotCore.csproj]
/home/runner/work/trading-bot-c-/trading-bot-c-/src/BotCore/Integration/ShadowModeManager.cs(234,13): error CA1848: For improved performance, use the LoggerMessage delegates instead of calling 'LoggerExtensions.LogDebug(ILogger, string?, params object?[])' (https://learn.microsoft.com/dotnet/fundamentals/code-analysis/quality-rules/ca1848) [/home/runner/work/trading-bot-c-/trading-bot-c-/src/BotCore/BotCore.csproj]
/home/runner/work/trading-bot-c-/trading-bot-c-/src/BotCore/Integration/ShadowModeManager.cs(239,13): error CA1848: For improved performance, use the LoggerMessage delegates instead of calling 'LoggerExtensions.LogError(ILogger, Exception?, string?, params object?[])' (https://learn.microsoft.com/dotnet/fundamentals/code-analysis/quality-rules/ca1848) [/home/runner/work/trading-bot-c-/trading-bot-c-/src/BotCore/BotCore.csproj]
/home/runner/work/trading-bot-c-/trading-bot-c-/src/BotCore/Integration/ShadowModeManager.cs(243,13): error CA1848: For improved performance, use the LoggerMessage delegates instead of calling 'LoggerExtensions.LogError(ILogger, Exception?, string?, params object?[])' (https://learn.microsoft.com/dotnet/fundamentals/code-analysis/quality-rules/ca1848) [/home/runner/work/trading-bot-c-/trading-bot-c-/src/BotCore/BotCore.csproj]
/home/runner/work/trading-bot-c-/trading-bot-c-/src/BotCore/Integration/ShadowModeManager.cs(247,13): error CA1848: For improved performance, use the LoggerMessage delegates instead of calling 'LoggerExtensions.LogError(ILogger, Exception?, string?, params object?[])' (https://learn.microsoft.com/dotnet/fundamentals/code-analysis/quality-rules/ca1848) [/home/runner/work/trading-bot-c-/trading-bot-c-/src/BotCore/BotCore.csproj]
/home/runner/work/trading-bot-c-/trading-bot-c-/src/BotCore/Integration/MarketMicrostructureResolvers.cs(177,13): error CA1848: For improved performance, use the LoggerMessage delegates instead of calling 'LoggerExtensions.LogTrace(ILogger, string?, params object?[])' (https://learn.microsoft.com/dotnet/fundamentals/code-analysis/quality-rules/ca1848) [/home/runner/work/trading-bot-c-/trading-bot-c-/src/BotCore/BotCore.csproj]
/home/runner/work/trading-bot-c-/trading-bot-c-/src/BotCore/Integration/MarketMicrostructureResolvers.cs(182,13): error CA1848: For improved performance, use the LoggerMessage delegates instead of calling 'LoggerExtensions.LogError(ILogger, Exception?, string?, params object?[])' (https://learn.microsoft.com/dotnet/fundamentals/code-analysis/quality-rules/ca1848) [/home/runner/work/trading-bot-c-/trading-bot-c-/src/BotCore/BotCore.csproj]
/home/runner/work/trading-bot-c-/trading-bot-c-/src/BotCore/Services/AutonomousDecisionEngine.cs(905,9): error CA1848: For improved performance, use the LoggerMessage delegates instead of calling 'LoggerExtensions.LogDebug(ILogger, string?, params object?[])' (https://learn.microsoft.com/dotnet/fundamentals/code-analysis/quality-rules/ca1848) [/home/runner/work/trading-bot-c-/trading-bot-c-/src/BotCore/BotCore.csproj]
/home/runner/work/trading-bot-c-/trading-bot-c-/src/BotCore/Integration/ProductionIntegrationCoordinator.cs(110,53): error S1172: Remove this unused method parameter 'cancellationToken'. (https://rules.sonarsource.com/csharp/RSPEC-1172) [/home/runner/work/trading-bot-c-/trading-bot-c-/src/BotCore/BotCore.csproj]
/home/runner/work/trading-bot-c-/trading-bot-c-/src/BotCore/Integration/ProductionIntegrationCoordinator.cs(112,9): error CA1848: For improved performance, use the LoggerMessage delegates instead of calling 'LoggerExtensions.LogInformation(ILogger, string?, params object?[])' (https://learn.microsoft.com/dotnet/fundamentals/code-analysis/quality-rules/ca1848) [/home/runner/work/trading-bot-c-/trading-bot-c-/src/BotCore/BotCore.csproj]
/home/runner/work/trading-bot-c-/trading-bot-c-/src/BotCore/Integration/ProductionIntegrationCoordinator.cs(121,13): error CA1848: For improved performance, use the LoggerMessage delegates instead of calling 'LoggerExtensions.LogInformation(ILogger, string?, params object?[])' (https://learn.microsoft.com/dotnet/fundamentals/code-analysis/quality-rules/ca1848) [/home/runner/work/trading-bot-c-/trading-bot-c-/src/BotCore/BotCore.csproj]
/home/runner/work/trading-bot-c-/trading-bot-c-/src/BotCore/Integration/ProductionIntegrationCoordinator.cs(130,13): error CA1848: For improved performance, use the LoggerMessage delegates instead of calling 'LoggerExtensions.LogInformation(ILogger, string?, params object?[])' (https://learn.microsoft.com/dotnet/fundamentals/code-analysis/quality-rules/ca1848) [/home/runner/work/trading-bot-c-/trading-bot-c-/src/BotCore/BotCore.csproj]
/home/runner/work/trading-bot-c-/trading-bot-c-/src/BotCore/Integration/ProductionIntegrationCoordinator.cs(139,21): error CA1848: For improved performance, use the LoggerMessage delegates instead of calling 'LoggerExtensions.LogWarning(ILogger, string?, params object?[])' (https://learn.microsoft.com/dotnet/fundamentals/code-analysis/quality-rules/ca1848) [/home/runner/work/trading-bot-c-/trading-bot-c-/src/BotCore/BotCore.csproj]
/home/runner/work/trading-bot-c-/trading-bot-c-/src/BotCore/Integration/ProductionIntegrationCoordinator.cs(142,17): error CA1848: For improved performance, use the LoggerMessage delegates instead of calling 'LoggerExtensions.LogInformation(ILogger, string?, params object?[])' (https://learn.microsoft.com/dotnet/fundamentals/code-analysis/quality-rules/ca1848) [/home/runner/work/trading-bot-c-/trading-bot-c-/src/BotCore/BotCore.csproj]
/home/runner/work/trading-bot-c-/trading-bot-c-/src/BotCore/Integration/ProductionIntegrationCoordinator.cs(146,9): error CA1848: For improved performance, use the LoggerMessage delegates instead of calling 'LoggerExtensions.LogInformation(ILogger, string?, params object?[])' (https://learn.microsoft.com/dotnet/fundamentals/code-analysis/quality-rules/ca1848) [/home/runner/work/trading-bot-c-/trading-bot-c-/src/BotCore/BotCore.csproj]
/home/runner/work/trading-bot-c-/trading-bot-c-/src/BotCore/Integration/MarketMicrostructureResolvers.cs(248,13): error CA1848: For improved performance, use the LoggerMessage delegates instead of calling 'LoggerExtensions.LogTrace(ILogger, string?, params object?[])' (https://learn.microsoft.com/dotnet/fundamentals/code-analysis/quality-rules/ca1848) [/home/runner/work/trading-bot-c-/trading-bot-c-/src/BotCore/BotCore.csproj]
/home/runner/work/trading-bot-c-/trading-bot-c-/src/BotCore/Integration/MarketMicrostructureResolvers.cs(253,13): error CA1848: For improved performance, use the LoggerMessage delegates instead of calling 'LoggerExtensions.LogError(ILogger, Exception?, string?, params object?[])' (https://learn.microsoft.com/dotnet/fundamentals/code-analysis/quality-rules/ca1848) [/home/runner/work/trading-bot-c-/trading-bot-c-/src/BotCore/BotCore.csproj]
/home/runner/work/trading-bot-c-/trading-bot-c-/src/BotCore/Integration/MarketMicrostructureResolvers.cs(143,13): error CA1848: For improved performance, use the LoggerMessage delegates instead of calling 'LoggerExtensions.LogTrace(ILogger, string?, params object?[])' (https://learn.microsoft.com/dotnet/fundamentals/code-analysis/quality-rules/ca1848) [/home/runner/work/trading-bot-c-/trading-bot-c-/src/BotCore/BotCore.csproj]
/home/runner/work/trading-bot-c-/trading-bot-c-/src/BotCore/Integration/MarketMicrostructureResolvers.cs(148,13): error CA1848: For improved performance, use the LoggerMessage delegates instead of calling 'LoggerExtensions.LogError(ILogger, Exception?, string?, params object?[])' (https://learn.microsoft.com/dotnet/fundamentals/code-analysis/quality-rules/ca1848) [/home/runner/work/trading-bot-c-/trading-bot-c-/src/BotCore/BotCore.csproj]
/home/runner/work/trading-bot-c-/trading-bot-c-/src/BotCore/Integration/MarketMicrostructureResolvers.cs(72,13): error CA1848: For improved performance, use the LoggerMessage delegates instead of calling 'LoggerExtensions.LogTrace(ILogger, string?, params object?[])' (https://learn.microsoft.com/dotnet/fundamentals/code-analysis/quality-rules/ca1848) [/home/runner/work/trading-bot-c-/trading-bot-c-/src/BotCore/BotCore.csproj]
/home/runner/work/trading-bot-c-/trading-bot-c-/src/BotCore/Integration/MarketMicrostructureResolvers.cs(77,13): error CA1848: For improved performance, use the LoggerMessage delegates instead of calling 'LoggerExtensions.LogError(ILogger, Exception?, string?, params object?[])' (https://learn.microsoft.com/dotnet/fundamentals/code-analysis/quality-rules/ca1848) [/home/runner/work/trading-bot-c-/trading-bot-c-/src/BotCore/BotCore.csproj]
/home/runner/work/trading-bot-c-/trading-bot-c-/src/BotCore/Services/AutonomousDecisionEngine.cs(914,9): error CA1848: For improved performance, use the LoggerMessage delegates instead of calling 'LoggerExtensions.LogDebug(ILogger, string?, params object?[])' (https://learn.microsoft.com/dotnet/fundamentals/code-analysis/quality-rules/ca1848) [/home/runner/work/trading-bot-c-/trading-bot-c-/src/BotCore/BotCore.csproj]
/home/runner/work/trading-bot-c-/trading-bot-c-/src/BotCore/Services/AutonomousDecisionEngine.cs(928,13): error CA1848: For improved performance, use the LoggerMessage delegates instead of calling 'LoggerExtensions.LogWarning(ILogger, Exception?, string?, params object?[])' (https://learn.microsoft.com/dotnet/fundamentals/code-analysis/quality-rules/ca1848) [/home/runner/work/trading-bot-c-/trading-bot-c-/src/BotCore/BotCore.csproj]
/home/runner/work/trading-bot-c-/trading-bot-c-/src/BotCore/Services/AutonomousDecisionEngine.cs(926,9): error CA1031: Modify 'ManageExistingPositionsAsync' to catch a more specific allowed exception type, or rethrow the exception (https://learn.microsoft.com/dotnet/fundamentals/code-analysis/quality-rules/ca1031) [/home/runner/work/trading-bot-c-/trading-bot-c-/src/BotCore/BotCore.csproj]
/home/runner/work/trading-bot-c-/trading-bot-c-/src/BotCore/Integration/FeatureMapAuthority.cs(588,17): error CA1848: For improved performance, use the LoggerMessage delegates instead of calling 'LoggerExtensions.LogTrace(ILogger, string?, params object?[])' (https://learn.microsoft.com/dotnet/fundamentals/code-analysis/quality-rules/ca1848) [/home/runner/work/trading-bot-c-/trading-bot-c-/src/BotCore/BotCore.csproj]
/home/runner/work/trading-bot-c-/trading-bot-c-/src/BotCore/Integration/FeatureMapAuthority.cs(592,17): error CA1848: For improved performance, use the LoggerMessage delegates instead of calling 'LoggerExtensions.LogTrace(ILogger, string?, params object?[])' (https://learn.microsoft.com/dotnet/fundamentals/code-analysis/quality-rules/ca1848) [/home/runner/work/trading-bot-c-/trading-bot-c-/src/BotCore/BotCore.csproj]
/home/runner/work/trading-bot-c-/trading-bot-c-/src/BotCore/Integration/FeatureMapAuthority.cs(599,13): error CA1848: For improved performance, use the LoggerMessage delegates instead of calling 'LoggerExtensions.LogError(ILogger, Exception?, string?, params object?[])' (https://learn.microsoft.com/dotnet/fundamentals/code-analysis/quality-rules/ca1848) [/home/runner/work/trading-bot-c-/trading-bot-c-/src/BotCore/BotCore.csproj]
/home/runner/work/trading-bot-c-/trading-bot-c-/src/BotCore/Integration/MarketMicrostructureResolvers.cs(106,13): error CA1848: For improved performance, use the LoggerMessage delegates instead of calling 'LoggerExtensions.LogTrace(ILogger, string?, params object?[])' (https://learn.microsoft.com/dotnet/fundamentals/code-analysis/quality-rules/ca1848) [/home/runner/work/trading-bot-c-/trading-bot-c-/src/BotCore/BotCore.csproj]
/home/runner/work/trading-bot-c-/trading-bot-c-/src/BotCore/Integration/MarketMicrostructureResolvers.cs(111,13): error CA1848: For improved performance, use the LoggerMessage delegates instead of calling 'LoggerExtensions.LogError(ILogger, Exception?, string?, params object?[])' (https://learn.microsoft.com/dotnet/fundamentals/code-analysis/quality-rules/ca1848) [/home/runner/work/trading-bot-c-/trading-bot-c-/src/BotCore/BotCore.csproj]
/home/runner/work/trading-bot-c-/trading-bot-c-/src/BotCore/Integration/MarketMicrostructureResolvers.cs(36,13): error CA1848: For improved performance, use the LoggerMessage delegates instead of calling 'LoggerExtensions.LogTrace(ILogger, string?, params object?[])' (https://learn.microsoft.com/dotnet/fundamentals/code-analysis/quality-rules/ca1848) [/home/runner/work/trading-bot-c-/trading-bot-c-/src/BotCore/BotCore.csproj]
/home/runner/work/trading-bot-c-/trading-bot-c-/src/BotCore/Integration/MarketMicrostructureResolvers.cs(41,13): error CA1848: For improved performance, use the LoggerMessage delegates instead of calling 'LoggerExtensions.LogError(ILogger, Exception?, string?, params object?[])' (https://learn.microsoft.com/dotnet/fundamentals/code-analysis/quality-rules/ca1848) [/home/runner/work/trading-bot-c-/trading-bot-c-/src/BotCore/BotCore.csproj]
/home/runner/work/trading-bot-c-/trading-bot-c-/src/BotCore/Integration/ProductionIntegrationCoordinator.cs(154,9): error CA1848: For improved performance, use the LoggerMessage delegates instead of calling 'LoggerExtensions.LogInformation(ILogger, string?, params object?[])' (https://learn.microsoft.com/dotnet/fundamentals/code-analysis/quality-rules/ca1848) [/home/runner/work/trading-bot-c-/trading-bot-c-/src/BotCore/BotCore.csproj]
/home/runner/work/trading-bot-c-/trading-bot-c-/src/BotCore/Integration/ProductionIntegrationCoordinator.cs(163,13): error CA1848: For improved performance, use the LoggerMessage delegates instead of calling 'LoggerExtensions.LogInformation(ILogger, string?, params object?[])' (https://learn.microsoft.com/dotnet/fundamentals/code-analysis/quality-rules/ca1848) [/home/runner/work/trading-bot-c-/trading-bot-c-/src/BotCore/BotCore.csproj]
/home/runner/work/trading-bot-c-/trading-bot-c-/src/BotCore/Integration/ProductionIntegrationCoordinator.cs(167,13): error CA1848: For improved performance, use the LoggerMessage delegates instead of calling 'LoggerExtensions.LogInformation(ILogger, string?, params object?[])' (https://learn.microsoft.com/dotnet/fundamentals/code-analysis/quality-rules/ca1848) [/home/runner/work/trading-bot-c-/trading-bot-c-/src/BotCore/BotCore.csproj]
/home/runner/work/trading-bot-c-/trading-bot-c-/src/BotCore/Integration/ProductionIntegrationCoordinator.cs(171,13): error CA1848: For improved performance, use the LoggerMessage delegates instead of calling 'LoggerExtensions.LogInformation(ILogger, string?, params object?[])' (https://learn.microsoft.com/dotnet/fundamentals/code-analysis/quality-rules/ca1848) [/home/runner/work/trading-bot-c-/trading-bot-c-/src/BotCore/BotCore.csproj]
/home/runner/work/trading-bot-c-/trading-bot-c-/src/BotCore/Integration/ProductionIntegrationCoordinator.cs(175,13): error CA1848: For improved performance, use the LoggerMessage delegates instead of calling 'LoggerExtensions.LogInformation(ILogger, string?, params object?[])' (https://learn.microsoft.com/dotnet/fundamentals/code-analysis/quality-rules/ca1848) [/home/runner/work/trading-bot-c-/trading-bot-c-/src/BotCore/BotCore.csproj]
/home/runner/work/trading-bot-c-/trading-bot-c-/src/BotCore/Integration/ProductionIntegrationCoordinator.cs(178,9): error CA1848: For improved performance, use the LoggerMessage delegates instead of calling 'LoggerExtensions.LogInformation(ILogger, string?, params object?[])' (https://learn.microsoft.com/dotnet/fundamentals/code-analysis/quality-rules/ca1848) [/home/runner/work/trading-bot-c-/trading-bot-c-/src/BotCore/BotCore.csproj]
/home/runner/work/trading-bot-c-/trading-bot-c-/src/BotCore/Integration/FeatureMapAuthority.cs(71,9): error CA1848: For improved performance, use the LoggerMessage delegates instead of calling 'LoggerExtensions.LogInformation(ILogger, string?, params object?[])' (https://learn.microsoft.com/dotnet/fundamentals/code-analysis/quality-rules/ca1848) [/home/runner/work/trading-bot-c-/trading-bot-c-/src/BotCore/BotCore.csproj]
/home/runner/work/trading-bot-c-/trading-bot-c-/src/BotCore/Integration/FeatureMapAuthority.cs(94,9): error CA1848: For improved performance, use the LoggerMessage delegates instead of calling 'LoggerExtensions.LogInformation(ILogger, string?, params object?[])' (https://learn.microsoft.com/dotnet/fundamentals/code-analysis/quality-rules/ca1848) [/home/runner/work/trading-bot-c-/trading-bot-c-/src/BotCore/BotCore.csproj]
/home/runner/work/trading-bot-c-/trading-bot-c-/src/BotCore/Integration/ProductionIntegrationCoordinator.cs(186,9): error CA1848: For improved performance, use the LoggerMessage delegates instead of calling 'LoggerExtensions.LogInformation(ILogger, string?, params object?[])' (https://learn.microsoft.com/dotnet/fundamentals/code-analysis/quality-rules/ca1848) [/home/runner/work/trading-bot-c-/trading-bot-c-/src/BotCore/BotCore.csproj]
/home/runner/work/trading-bot-c-/trading-bot-c-/src/BotCore/Integration/ProductionIntegrationCoordinator.cs(202,9): error CA1848: For improved performance, use the LoggerMessage delegates instead of calling 'LoggerExtensions.LogInformation(ILogger, string?, params object?[])' (https://learn.microsoft.com/dotnet/fundamentals/code-analysis/quality-rules/ca1848) [/home/runner/work/trading-bot-c-/trading-bot-c-/src/BotCore/BotCore.csproj]
/home/runner/work/trading-bot-c-/trading-bot-c-/src/BotCore/ML/OnnxModelLoader.cs(1001,29): error S1541: The Cyclomatic Complexity of this method is 18 which is greater than 10 authorized. (https://rules.sonarsource.com/csharp/RSPEC-1541) [/home/runner/work/trading-bot-c-/trading-bot-c-/src/BotCore/BotCore.csproj]
/home/runner/work/trading-bot-c-/trading-bot-c-/src/BotCore/Integration/ExecutionResolvers.cs(152,13): error CA1848: For improved performance, use the LoggerMessage delegates instead of calling 'LoggerExtensions.LogTrace(ILogger, string?, params object?[])' (https://learn.microsoft.com/dotnet/fundamentals/code-analysis/quality-rules/ca1848) [/home/runner/work/trading-bot-c-/trading-bot-c-/src/BotCore/BotCore.csproj]
/home/runner/work/trading-bot-c-/trading-bot-c-/src/BotCore/Integration/ExecutionResolvers.cs(157,13): error CA1848: For improved performance, use the LoggerMessage delegates instead of calling 'LoggerExtensions.LogError(ILogger, Exception?, string?, params object?[])' (https://learn.microsoft.com/dotnet/fundamentals/code-analysis/quality-rules/ca1848) [/home/runner/work/trading-bot-c-/trading-bot-c-/src/BotCore/BotCore.csproj]
/home/runner/work/trading-bot-c-/trading-bot-c-/src/BotCore/Integration/FeatureMapAuthority.cs(548,17): error CA1848: For improved performance, use the LoggerMessage delegates instead of calling 'LoggerExtensions.LogTrace(ILogger, string?, params object?[])' (https://learn.microsoft.com/dotnet/fundamentals/code-analysis/quality-rules/ca1848) [/home/runner/work/trading-bot-c-/trading-bot-c-/src/BotCore/BotCore.csproj]
/home/runner/work/trading-bot-c-/trading-bot-c-/src/BotCore/Integration/FeatureMapAuthority.cs(552,17): error CA1848: For improved performance, use the LoggerMessage delegates instead of calling 'LoggerExtensions.LogTrace(ILogger, string?, params object?[])' (https://learn.microsoft.com/dotnet/fundamentals/code-analysis/quality-rules/ca1848) [/home/runner/work/trading-bot-c-/trading-bot-c-/src/BotCore/BotCore.csproj]
/home/runner/work/trading-bot-c-/trading-bot-c-/src/BotCore/Integration/FeatureMapAuthority.cs(559,13): error CA1848: For improved performance, use the LoggerMessage delegates instead of calling 'LoggerExtensions.LogError(ILogger, Exception?, string?, params object?[])' (https://learn.microsoft.com/dotnet/fundamentals/code-analysis/quality-rules/ca1848) [/home/runner/work/trading-bot-c-/trading-bot-c-/src/BotCore/BotCore.csproj]
/home/runner/work/trading-bot-c-/trading-bot-c-/src/BotCore/Integration/ExecutionResolvers.cs(182,13): error CA1848: For improved performance, use the LoggerMessage delegates instead of calling 'LoggerExtensions.LogTrace(ILogger, string?, params object?[])' (https://learn.microsoft.com/dotnet/fundamentals/code-analysis/quality-rules/ca1848) [/home/runner/work/trading-bot-c-/trading-bot-c-/src/BotCore/BotCore.csproj]
/home/runner/work/trading-bot-c-/trading-bot-c-/src/BotCore/Integration/ExecutionResolvers.cs(187,13): error CA1848: For improved performance, use the LoggerMessage delegates instead of calling 'LoggerExtensions.LogError(ILogger, Exception?, string?, params object?[])' (https://learn.microsoft.com/dotnet/fundamentals/code-analysis/quality-rules/ca1848) [/home/runner/work/trading-bot-c-/trading-bot-c-/src/BotCore/BotCore.csproj]
/home/runner/work/trading-bot-c-/trading-bot-c-/src/BotCore/Integration/FeatureMapAuthority.cs(506,17): error CA1848: For improved performance, use the LoggerMessage delegates instead of calling 'LoggerExtensions.LogTrace(ILogger, string?, params object?[])' (https://learn.microsoft.com/dotnet/fundamentals/code-analysis/quality-rules/ca1848) [/home/runner/work/trading-bot-c-/trading-bot-c-/src/BotCore/BotCore.csproj]
/home/runner/work/trading-bot-c-/trading-bot-c-/src/BotCore/Integration/FeatureMapAuthority.cs(510,17): error CA1848: For improved performance, use the LoggerMessage delegates instead of calling 'LoggerExtensions.LogTrace(ILogger, string?, params object?[])' (https://learn.microsoft.com/dotnet/fundamentals/code-analysis/quality-rules/ca1848) [/home/runner/work/trading-bot-c-/trading-bot-c-/src/BotCore/BotCore.csproj]
/home/runner/work/trading-bot-c-/trading-bot-c-/src/BotCore/Integration/FeatureMapAuthority.cs(517,13): error CA1848: For improved performance, use the LoggerMessage delegates instead of calling 'LoggerExtensions.LogError(ILogger, Exception?, string?, params object?[])' (https://learn.microsoft.com/dotnet/fundamentals/code-analysis/quality-rules/ca1848) [/home/runner/work/trading-bot-c-/trading-bot-c-/src/BotCore/BotCore.csproj]
/home/runner/work/trading-bot-c-/trading-bot-c-/src/BotCore/Integration/ExecutionResolvers.cs(122,13): error CA1848: For improved performance, use the LoggerMessage delegates instead of calling 'LoggerExtensions.LogTrace(ILogger, string?, params object?[])' (https://learn.microsoft.com/dotnet/fundamentals/code-analysis/quality-rules/ca1848) [/home/runner/work/trading-bot-c-/trading-bot-c-/src/BotCore/BotCore.csproj]
/home/runner/work/trading-bot-c-/trading-bot-c-/src/BotCore/Integration/ExecutionResolvers.cs(127,13): error CA1848: For improved performance, use the LoggerMessage delegates instead of calling 'LoggerExtensions.LogError(ILogger, Exception?, string?, params object?[])' (https://learn.microsoft.com/dotnet/fundamentals/code-analysis/quality-rules/ca1848) [/home/runner/work/trading-bot-c-/trading-bot-c-/src/BotCore/BotCore.csproj]
/home/runner/work/trading-bot-c-/trading-bot-c-/src/BotCore/Integration/ProductionIntegrationCoordinator.cs(210,9): error CA1848: For improved performance, use the LoggerMessage delegates instead of calling 'LoggerExtensions.LogInformation(ILogger, string?, params object?[])' (https://learn.microsoft.com/dotnet/fundamentals/code-analysis/quality-rules/ca1848) [/home/runner/work/trading-bot-c-/trading-bot-c-/src/BotCore/BotCore.csproj]
/home/runner/work/trading-bot-c-/trading-bot-c-/src/BotCore/Integration/ProductionIntegrationCoordinator.cs(217,9): error CA1848: For improved performance, use the LoggerMessage delegates instead of calling 'LoggerExtensions.LogInformation(ILogger, string?, params object?[])' (https://learn.microsoft.com/dotnet/fundamentals/code-analysis/quality-rules/ca1848) [/home/runner/work/trading-bot-c-/trading-bot-c-/src/BotCore/BotCore.csproj]
/home/runner/work/trading-bot-c-/trading-bot-c-/src/BotCore/Integration/ProductionIntegrationCoordinator.cs(235,17): error CA1848: For improved performance, use the LoggerMessage delegates instead of calling 'LoggerExtensions.LogWarning(ILogger, Exception?, string?, params object?[])' (https://learn.microsoft.com/dotnet/fundamentals/code-analysis/quality-rules/ca1848) [/home/runner/work/trading-bot-c-/trading-bot-c-/src/BotCore/BotCore.csproj]
/home/runner/work/trading-bot-c-/trading-bot-c-/src/BotCore/Integration/ProductionIntegrationCoordinator.cs(239,17): error CA1848: For improved performance, use the LoggerMessage delegates instead of calling 'LoggerExtensions.LogWarning(ILogger, Exception?, string?, params object?[])' (https://learn.microsoft.com/dotnet/fundamentals/code-analysis/quality-rules/ca1848) [/home/runner/work/trading-bot-c-/trading-bot-c-/src/BotCore/BotCore.csproj]
/home/runner/work/trading-bot-c-/trading-bot-c-/src/BotCore/Features/FeatureBuilder.cs(378,21): error S1541: The Cyclomatic Complexity of this method is 22 which is greater than 10 authorized. (https://rules.sonarsource.com/csharp/RSPEC-1541) [/home/runner/work/trading-bot-c-/trading-bot-c-/src/BotCore/BotCore.csproj]
/home/runner/work/trading-bot-c-/trading-bot-c-/src/BotCore/Features/FeatureBuilder.cs(378,21): error S138: This method 'ComputeAdrPct' has 99 lines, which is greater than the 80 lines authorized. Split it into smaller methods. (https://rules.sonarsource.com/csharp/RSPEC-138) [/home/runner/work/trading-bot-c-/trading-bot-c-/src/BotCore/BotCore.csproj]
/home/runner/work/trading-bot-c-/trading-bot-c-/src/BotCore/Fusion/FeatureBusAdapter.cs(627,21): error S1541: The Cyclomatic Complexity of this method is 11 which is greater than 10 authorized. (https://rules.sonarsource.com/csharp/RSPEC-1541) [/home/runner/work/trading-bot-c-/trading-bot-c-/src/BotCore/BotCore.csproj]
/home/runner/work/trading-bot-c-/trading-bot-c-/src/BotCore/Features/FeatureBuilder.cs(384,13): error CA1848: For improved performance, use the LoggerMessage delegates instead of calling 'LoggerExtensions.LogWarning(ILogger, string?, params object?[])' (https://learn.microsoft.com/dotnet/fundamentals/code-analysis/quality-rules/ca1848) [/home/runner/work/trading-bot-c-/trading-bot-c-/src/BotCore/BotCore.csproj]
/home/runner/work/trading-bot-c-/trading-bot-c-/src/BotCore/Features/FeatureBuilder.cs(391,13): error CA1848: For improved performance, use the LoggerMessage delegates instead of calling 'LoggerExtensions.LogError(ILogger, string?, params object?[])' (https://learn.microsoft.com/dotnet/fundamentals/code-analysis/quality-rules/ca1848) [/home/runner/work/trading-bot-c-/trading-bot-c-/src/BotCore/BotCore.csproj]
/home/runner/work/trading-bot-c-/trading-bot-c-/src/BotCore/Features/FeatureBuilder.cs(397,13): error CA1848: For improved performance, use the LoggerMessage delegates instead of calling 'LoggerExtensions.LogError(ILogger, string?, params object?[])' (https://learn.microsoft.com/dotnet/fundamentals/code-analysis/quality-rules/ca1848) [/home/runner/work/trading-bot-c-/trading-bot-c-/src/BotCore/BotCore.csproj]
/home/runner/work/trading-bot-c-/trading-bot-c-/src/BotCore/Features/FeatureBuilder.cs(417,17): error CA1848: For improved performance, use the LoggerMessage delegates instead of calling 'LoggerExtensions.LogWarning(ILogger, string?, params object?[])' (https://learn.microsoft.com/dotnet/fundamentals/code-analysis/quality-rules/ca1848) [/home/runner/work/trading-bot-c-/trading-bot-c-/src/BotCore/BotCore.csproj]
/home/runner/work/trading-bot-c-/trading-bot-c-/src/BotCore/Features/FeatureBuilder.cs(442,17): error CA1848: For improved performance, use the LoggerMessage delegates instead of calling 'LoggerExtensions.LogWarning(ILogger, string?, params object?[])' (https://learn.microsoft.com/dotnet/fundamentals/code-analysis/quality-rules/ca1848) [/home/runner/work/trading-bot-c-/trading-bot-c-/src/BotCore/BotCore.csproj]
/home/runner/work/trading-bot-c-/trading-bot-c-/src/BotCore/Features/FeatureBuilder.cs(475,17): error CA1848: For improved performance, use the LoggerMessage delegates instead of calling 'LoggerExtensions.LogWarning(ILogger, string?, params object?[])' (https://learn.microsoft.com/dotnet/fundamentals/code-analysis/quality-rules/ca1848) [/home/runner/work/trading-bot-c-/trading-bot-c-/src/BotCore/BotCore.csproj]
/home/runner/work/trading-bot-c-/trading-bot-c-/src/BotCore/Features/FeatureBuilder.cs(484,17): error CA1848: For improved performance, use the LoggerMessage delegates instead of calling 'LoggerExtensions.LogWarning(ILogger, string?, params object?[])' (https://learn.microsoft.com/dotnet/fundamentals/code-analysis/quality-rules/ca1848) [/home/runner/work/trading-bot-c-/trading-bot-c-/src/BotCore/BotCore.csproj]
/home/runner/work/trading-bot-c-/trading-bot-c-/src/BotCore/Features/FeatureBuilder.cs(493,17): error CA1848: For improved performance, use the LoggerMessage delegates instead of calling 'LoggerExtensions.LogWarning(ILogger, string?, params object?[])' (https://learn.microsoft.com/dotnet/fundamentals/code-analysis/quality-rules/ca1848) [/home/runner/work/trading-bot-c-/trading-bot-c-/src/BotCore/BotCore.csproj]
/home/runner/work/trading-bot-c-/trading-bot-c-/src/BotCore/Features/FeatureBuilder.cs(501,13): error CA1848: For improved performance, use the LoggerMessage delegates instead of calling 'LoggerExtensions.LogError(ILogger, Exception?, string?, params object?[])' (https://learn.microsoft.com/dotnet/fundamentals/code-analysis/quality-rules/ca1848) [/home/runner/work/trading-bot-c-/trading-bot-c-/src/BotCore/BotCore.csproj]
/home/runner/work/trading-bot-c-/trading-bot-c-/src/BotCore/Features/FeatureBuilder.cs(506,13): error CA1848: For improved performance, use the LoggerMessage delegates instead of calling 'LoggerExtensions.LogError(ILogger, Exception?, string?, params object?[])' (https://learn.microsoft.com/dotnet/fundamentals/code-analysis/quality-rules/ca1848) [/home/runner/work/trading-bot-c-/trading-bot-c-/src/BotCore/BotCore.csproj]
/home/runner/work/trading-bot-c-/trading-bot-c-/src/BotCore/Fusion/FeatureBusAdapter.cs(660,13): error CA1848: For improved performance, use the LoggerMessage delegates instead of calling 'LoggerExtensions.LogError(ILogger, Exception?, string?, params object?[])' (https://learn.microsoft.com/dotnet/fundamentals/code-analysis/quality-rules/ca1848) [/home/runner/work/trading-bot-c-/trading-bot-c-/src/BotCore/BotCore.csproj]
/home/runner/work/trading-bot-c-/trading-bot-c-/src/BotCore/Fusion/FeatureBusAdapter.cs(658,9): error CA1031: Modify 'CalculateKeltnerTouch' to catch a more specific allowed exception type, or rethrow the exception (https://learn.microsoft.com/dotnet/fundamentals/code-analysis/quality-rules/ca1031) [/home/runner/work/trading-bot-c-/trading-bot-c-/src/BotCore/BotCore.csproj]
/home/runner/work/trading-bot-c-/trading-bot-c-/src/BotCore/Integration/ExecutionResolvers.cs(32,13): error CA1848: For improved performance, use the LoggerMessage delegates instead of calling 'LoggerExtensions.LogTrace(ILogger, string?, params object?[])' (https://learn.microsoft.com/dotnet/fundamentals/code-analysis/quality-rules/ca1848) [/home/runner/work/trading-bot-c-/trading-bot-c-/src/BotCore/BotCore.csproj]
/home/runner/work/trading-bot-c-/trading-bot-c-/src/BotCore/Integration/ExecutionResolvers.cs(37,13): error CA1848: For improved performance, use the LoggerMessage delegates instead of calling 'LoggerExtensions.LogError(ILogger, Exception?, string?, params object?[])' (https://learn.microsoft.com/dotnet/fundamentals/code-analysis/quality-rules/ca1848) [/home/runner/work/trading-bot-c-/trading-bot-c-/src/BotCore/BotCore.csproj]
/home/runner/work/trading-bot-c-/trading-bot-c-/src/BotCore/Services/AutonomousDecisionEngine.cs(967,9): error CA1848: For improved performance, use the LoggerMessage delegates instead of calling 'LoggerExtensions.LogDebug(ILogger, string?, params object?[])' (https://learn.microsoft.com/dotnet/fundamentals/code-analysis/quality-rules/ca1848) [/home/runner/work/trading-bot-c-/trading-bot-c-/src/BotCore/BotCore.csproj]
/home/runner/work/trading-bot-c-/trading-bot-c-/src/BotCore/Integration/ExecutionResolvers.cs(92,13): error CA1848: For improved performance, use the LoggerMessage delegates instead of calling 'LoggerExtensions.LogTrace(ILogger, string?, params object?[])' (https://learn.microsoft.com/dotnet/fundamentals/code-analysis/quality-rules/ca1848) [/home/runner/work/trading-bot-c-/trading-bot-c-/src/BotCore/BotCore.csproj]
/home/runner/work/trading-bot-c-/trading-bot-c-/src/BotCore/Integration/ExecutionResolvers.cs(97,13): error CA1848: For improved performance, use the LoggerMessage delegates instead of calling 'LoggerExtensions.LogError(ILogger, Exception?, string?, params object?[])' (https://learn.microsoft.com/dotnet/fundamentals/code-analysis/quality-rules/ca1848) [/home/runner/work/trading-bot-c-/trading-bot-c-/src/BotCore/BotCore.csproj]
/home/runner/work/trading-bot-c-/trading-bot-c-/src/BotCore/Integration/ExecutionResolvers.cs(62,13): error CA1848: For improved performance, use the LoggerMessage delegates instead of calling 'LoggerExtensions.LogTrace(ILogger, string?, params object?[])' (https://learn.microsoft.com/dotnet/fundamentals/code-analysis/quality-rules/ca1848) [/home/runner/work/trading-bot-c-/trading-bot-c-/src/BotCore/BotCore.csproj]
/home/runner/work/trading-bot-c-/trading-bot-c-/src/BotCore/Integration/ExecutionResolvers.cs(67,13): error CA1848: For improved performance, use the LoggerMessage delegates instead of calling 'LoggerExtensions.LogError(ILogger, Exception?, string?, params object?[])' (https://learn.microsoft.com/dotnet/fundamentals/code-analysis/quality-rules/ca1848) [/home/runner/work/trading-bot-c-/trading-bot-c-/src/BotCore/BotCore.csproj]
/home/runner/work/trading-bot-c-/trading-bot-c-/src/BotCore/Integration/EpochFreezeEnforcement.cs(44,9): error CA1848: For improved performance, use the LoggerMessage delegates instead of calling 'LoggerExtensions.LogInformation(ILogger, string?, params object?[])' (https://learn.microsoft.com/dotnet/fundamentals/code-analysis/quality-rules/ca1848) [/home/runner/work/trading-bot-c-/trading-bot-c-/src/BotCore/BotCore.csproj]
/home/runner/work/trading-bot-c-/trading-bot-c-/src/BotCore/Integration/ProductionIntegrationCoordinator.cs(266,17): error CA1848: For improved performance, use the LoggerMessage delegates instead of calling 'LoggerExtensions.LogDebug(ILogger, string?, params object?[])' (https://learn.microsoft.com/dotnet/fundamentals/code-analysis/quality-rules/ca1848) [/home/runner/work/trading-bot-c-/trading-bot-c-/src/BotCore/BotCore.csproj]
/home/runner/work/trading-bot-c-/trading-bot-c-/src/BotCore/Integration/ProductionIntegrationCoordinator.cs(271,17): error CA1848: For improved performance, use the LoggerMessage delegates instead of calling 'LoggerExtensions.LogWarning(ILogger, string?, params object?[])' (https://learn.microsoft.com/dotnet/fundamentals/code-analysis/quality-rules/ca1848) [/home/runner/work/trading-bot-c-/trading-bot-c-/src/BotCore/BotCore.csproj]
/home/runner/work/trading-bot-c-/trading-bot-c-/src/BotCore/Integration/ProductionIntegrationCoordinator.cs(276,13): error CA1848: For improved performance, use the LoggerMessage delegates instead of calling 'LoggerExtensions.LogWarning(ILogger, Exception?, string?, params object?[])' (https://learn.microsoft.com/dotnet/fundamentals/code-analysis/quality-rules/ca1848) [/home/runner/work/trading-bot-c-/trading-bot-c-/src/BotCore/BotCore.csproj]
/home/runner/work/trading-bot-c-/trading-bot-c-/src/BotCore/Integration/ProductionIntegrationCoordinator.cs(280,13): error CA1848: For improved performance, use the LoggerMessage delegates instead of calling 'LoggerExtensions.LogWarning(ILogger, Exception?, string?, params object?[])' (https://learn.microsoft.com/dotnet/fundamentals/code-analysis/quality-rules/ca1848) [/home/runner/work/trading-bot-c-/trading-bot-c-/src/BotCore/BotCore.csproj]
/home/runner/work/trading-bot-c-/trading-bot-c-/src/BotCore/Services/AutonomousDecisionEngine.cs(1004,9): error CA1848: For improved performance, use the LoggerMessage delegates instead of calling 'LoggerExtensions.LogInformation(ILogger, string?, params object?[])' (https://learn.microsoft.com/dotnet/fundamentals/code-analysis/quality-rules/ca1848) [/home/runner/work/trading-bot-c-/trading-bot-c-/src/BotCore/BotCore.csproj]
/home/runner/work/trading-bot-c-/trading-bot-c-/src/BotCore/Services/AutonomousDecisionEngine.cs(1015,17): error CA1848: For improved performance, use the LoggerMessage delegates instead of calling 'LoggerExtensions.LogInformation(ILogger, string?, params object?[])' (https://learn.microsoft.com/dotnet/fundamentals/code-analysis/quality-rules/ca1848) [/home/runner/work/trading-bot-c-/trading-bot-c-/src/BotCore/BotCore.csproj]
/home/runner/work/trading-bot-c-/trading-bot-c-/src/BotCore/Services/AutonomousDecisionEngine.cs(1019,17): error CA1848: For improved performance, use the LoggerMessage delegates instead of calling 'LoggerExtensions.LogWarning(ILogger, string?, params object?[])' (https://learn.microsoft.com/dotnet/fundamentals/code-analysis/quality-rules/ca1848) [/home/runner/work/trading-bot-c-/trading-bot-c-/src/BotCore/BotCore.csproj]
/home/runner/work/trading-bot-c-/trading-bot-c-/src/BotCore/Services/AutonomousDecisionEngine.cs(1024,13): error CA1848: For improved performance, use the LoggerMessage delegates instead of calling 'LoggerExtensions.LogWarning(ILogger, Exception?, string?, params object?[])' (https://learn.microsoft.com/dotnet/fundamentals/code-analysis/quality-rules/ca1848) [/home/runner/work/trading-bot-c-/trading-bot-c-/src/BotCore/BotCore.csproj]
/home/runner/work/trading-bot-c-/trading-bot-c-/src/BotCore/Services/AutonomousDecisionEngine.cs(1022,9): error CA1031: Modify 'LoadHistoricalPerformanceAsync' to catch a more specific allowed exception type, or rethrow the exception (https://learn.microsoft.com/dotnet/fundamentals/code-analysis/quality-rules/ca1031) [/home/runner/work/trading-bot-c-/trading-bot-c-/src/BotCore/BotCore.csproj]
/home/runner/work/trading-bot-c-/trading-bot-c-/src/BotCore/Integration/ShadowModeManager.cs(254,24): error S1541: The Cyclomatic Complexity of this method is 11 which is greater than 10 authorized. (https://rules.sonarsource.com/csharp/RSPEC-1541) [/home/runner/work/trading-bot-c-/trading-bot-c-/src/BotCore/BotCore.csproj]
/home/runner/work/trading-bot-c-/trading-bot-c-/src/BotCore/Services/AutonomousPerformanceTracker.cs(519,75): error S1172: Remove this unused method parameter 'cancellationToken'. (https://rules.sonarsource.com/csharp/RSPEC-1172) [/home/runner/work/trading-bot-c-/trading-bot-c-/src/BotCore/BotCore.csproj]
/home/runner/work/trading-bot-c-/trading-bot-c-/src/BotCore/Fusion/FeatureBusAdapter.cs(668,21): error S1541: The Cyclomatic Complexity of this method is 11 which is greater than 10 authorized. (https://rules.sonarsource.com/csharp/RSPEC-1541) [/home/runner/work/trading-bot-c-/trading-bot-c-/src/BotCore/BotCore.csproj]
/home/runner/work/trading-bot-c-/trading-bot-c-/src/BotCore/Fusion/FeatureBusAdapter.cs(702,13): error CA1848: For improved performance, use the LoggerMessage delegates instead of calling 'LoggerExtensions.LogError(ILogger, Exception?, string?, params object?[])' (https://learn.microsoft.com/dotnet/fundamentals/code-analysis/quality-rules/ca1848) [/home/runner/work/trading-bot-c-/trading-bot-c-/src/BotCore/BotCore.csproj]
/home/runner/work/trading-bot-c-/trading-bot-c-/src/BotCore/Integration/ShadowModeManager.cs(304,17): error CA1848: For improved performance, use the LoggerMessage delegates instead of calling 'LoggerExtensions.LogDebug(ILogger, string?, params object?[])' (https://learn.microsoft.com/dotnet/fundamentals/code-analysis/quality-rules/ca1848) [/home/runner/work/trading-bot-c-/trading-bot-c-/src/BotCore/BotCore.csproj]
/home/runner/work/trading-bot-c-/trading-bot-c-/src/BotCore/Integration/ShadowModeManager.cs(310,13): error CA1848: For improved performance, use the LoggerMessage delegates instead of calling 'LoggerExtensions.LogError(ILogger, Exception?, string?, params object?[])' (https://learn.microsoft.com/dotnet/fundamentals/code-analysis/quality-rules/ca1848) [/home/runner/work/trading-bot-c-/trading-bot-c-/src/BotCore/BotCore.csproj]
/home/runner/work/trading-bot-c-/trading-bot-c-/src/BotCore/Integration/ShadowModeManager.cs(314,13): error CA1848: For improved performance, use the LoggerMessage delegates instead of calling 'LoggerExtensions.LogError(ILogger, Exception?, string?, params object?[])' (https://learn.microsoft.com/dotnet/fundamentals/code-analysis/quality-rules/ca1848) [/home/runner/work/trading-bot-c-/trading-bot-c-/src/BotCore/BotCore.csproj]
/home/runner/work/trading-bot-c-/trading-bot-c-/src/BotCore/Integration/ShadowModeManager.cs(318,13): error CA1848: For improved performance, use the LoggerMessage delegates instead of calling 'LoggerExtensions.LogError(ILogger, Exception?, string?, params object?[])' (https://learn.microsoft.com/dotnet/fundamentals/code-analysis/quality-rules/ca1848) [/home/runner/work/trading-bot-c-/trading-bot-c-/src/BotCore/BotCore.csproj]
/home/runner/work/trading-bot-c-/trading-bot-c-/src/BotCore/Fusion/FeatureBusAdapter.cs(700,9): error CA1031: Modify 'CalculateBollingerTouch' to catch a more specific allowed exception type, or rethrow the exception (https://learn.microsoft.com/dotnet/fundamentals/code-analysis/quality-rules/ca1031) [/home/runner/work/trading-bot-c-/trading-bot-c-/src/BotCore/BotCore.csproj]
/home/runner/work/trading-bot-c-/trading-bot-c-/src/BotCore/Integration/EpochFreezeEnforcement.cs(93,34): error S2139: Either log this exception and handle it, or rethrow it with some contextual information. (https://rules.sonarsource.com/csharp/RSPEC-2139) [/home/runner/work/trading-bot-c-/trading-bot-c-/src/BotCore/BotCore.csproj]
/home/runner/work/trading-bot-c-/trading-bot-c-/src/BotCore/Features/FeatureBuilder.cs(516,21): error S1541: The Cyclomatic Complexity of this method is 16 which is greater than 10 authorized. (https://rules.sonarsource.com/csharp/RSPEC-1541) [/home/runner/work/trading-bot-c-/trading-bot-c-/src/BotCore/BotCore.csproj]
/home/runner/work/trading-bot-c-/trading-bot-c-/src/BotCore/Integration/EpochFreezeEnforcement.cs(98,42): error S2139: Either log this exception and handle it, or rethrow it with some contextual information. (https://rules.sonarsource.com/csharp/RSPEC-2139) [/home/runner/work/trading-bot-c-/trading-bot-c-/src/BotCore/BotCore.csproj]
/home/runner/work/trading-bot-c-/trading-bot-c-/src/BotCore/Integration/ProductionIntegrationCoordinator.cs(300,21): error CA1848: For improved performance, use the LoggerMessage delegates instead of calling 'LoggerExtensions.LogTrace(ILogger, string?, params object?[])' (https://learn.microsoft.com/dotnet/fundamentals/code-analysis/quality-rules/ca1848) [/home/runner/work/trading-bot-c-/trading-bot-c-/src/BotCore/BotCore.csproj]
/home/runner/work/trading-bot-c-/trading-bot-c-/src/BotCore/Integration/ProductionIntegrationCoordinator.cs(305,21): error CA1848: For improved performance, use the LoggerMessage delegates instead of calling 'LoggerExtensions.LogWarning(ILogger, string?, params object?[])' (https://learn.microsoft.com/dotnet/fundamentals/code-analysis/quality-rules/ca1848) [/home/runner/work/trading-bot-c-/trading-bot-c-/src/BotCore/BotCore.csproj]
/home/runner/work/trading-bot-c-/trading-bot-c-/src/BotCore/Integration/ProductionIntegrationCoordinator.cs(309,13): error CA1848: For improved performance, use the LoggerMessage delegates instead of calling 'LoggerExtensions.LogDebug(ILogger, string?, params object?[])' (https://learn.microsoft.com/dotnet/fundamentals/code-analysis/quality-rules/ca1848) [/home/runner/work/trading-bot-c-/trading-bot-c-/src/BotCore/BotCore.csproj]
/home/runner/work/trading-bot-c-/trading-bot-c-/src/BotCore/Integration/ProductionIntegrationCoordinator.cs(314,13): error CA1848: For improved performance, use the LoggerMessage delegates instead of calling 'LoggerExtensions.LogWarning(ILogger, Exception?, string?, params object?[])' (https://learn.microsoft.com/dotnet/fundamentals/code-analysis/quality-rules/ca1848) [/home/runner/work/trading-bot-c-/trading-bot-c-/src/BotCore/BotCore.csproj]
/home/runner/work/trading-bot-c-/trading-bot-c-/src/BotCore/Integration/ProductionIntegrationCoordinator.cs(318,13): error CA1848: For improved performance, use the LoggerMessage delegates instead of calling 'LoggerExtensions.LogWarning(ILogger, Exception?, string?, params object?[])' (https://learn.microsoft.com/dotnet/fundamentals/code-analysis/quality-rules/ca1848) [/home/runner/work/trading-bot-c-/trading-bot-c-/src/BotCore/BotCore.csproj]
/home/runner/work/trading-bot-c-/trading-bot-c-/src/BotCore/Features/FeatureBuilder.cs(529,17): error CA1848: For improved performance, use the LoggerMessage delegates instead of calling 'LoggerExtensions.LogWarning(ILogger, string?, params object?[])' (https://learn.microsoft.com/dotnet/fundamentals/code-analysis/quality-rules/ca1848) [/home/runner/work/trading-bot-c-/trading-bot-c-/src/BotCore/BotCore.csproj]
/home/runner/work/trading-bot-c-/trading-bot-c-/src/BotCore/Features/FeatureBuilder.cs(562,13): error CA1848: For improved performance, use the LoggerMessage delegates instead of calling 'LoggerExtensions.LogWarning(ILogger, Exception?, string?, params object?[])' (https://learn.microsoft.com/dotnet/fundamentals/code-analysis/quality-rules/ca1848) [/home/runner/work/trading-bot-c-/trading-bot-c-/src/BotCore/BotCore.csproj]
/home/runner/work/trading-bot-c-/trading-bot-c-/src/BotCore/Features/FeatureBuilder.cs(567,13): error CA1848: For improved performance, use the LoggerMessage delegates instead of calling 'LoggerExtensions.LogWarning(ILogger, Exception?, string?, params object?[])' (https://learn.microsoft.com/dotnet/fundamentals/code-analysis/quality-rules/ca1848) [/home/runner/work/trading-bot-c-/trading-bot-c-/src/BotCore/BotCore.csproj]
/home/runner/work/trading-bot-c-/trading-bot-c-/src/BotCore/Integration/EpochFreezeEnforcement.cs(88,13): error CA1848: For improved performance, use the LoggerMessage delegates instead of calling 'LoggerExtensions.LogInformation(ILogger, string?, params object?[])' (https://learn.microsoft.com/dotnet/fundamentals/code-analysis/quality-rules/ca1848) [/home/runner/work/trading-bot-c-/trading-bot-c-/src/BotCore/BotCore.csproj]
/home/runner/work/trading-bot-c-/trading-bot-c-/src/BotCore/Integration/EpochFreezeEnforcement.cs(95,13): error CA1848: For improved performance, use the LoggerMessage delegates instead of calling 'LoggerExtensions.LogError(ILogger, Exception?, string?, params object?[])' (https://learn.microsoft.com/dotnet/fundamentals/code-analysis/quality-rules/ca1848) [/home/runner/work/trading-bot-c-/trading-bot-c-/src/BotCore/BotCore.csproj]
/home/runner/work/trading-bot-c-/trading-bot-c-/src/BotCore/Integration/EpochFreezeEnforcement.cs(100,13): error CA1848: For improved performance, use the LoggerMessage delegates instead of calling 'LoggerExtensions.LogError(ILogger, Exception?, string?, params object?[])' (https://learn.microsoft.com/dotnet/fundamentals/code-analysis/quality-rules/ca1848) [/home/runner/work/trading-bot-c-/trading-bot-c-/src/BotCore/BotCore.csproj]
/home/runner/work/trading-bot-c-/trading-bot-c-/src/BotCore/Integration/ConfigurationLocks.cs(49,9): error CA1848: For improved performance, use the LoggerMessage delegates instead of calling 'LoggerExtensions.LogInformation(ILogger, string?, params object?[])' (https://learn.microsoft.com/dotnet/fundamentals/code-analysis/quality-rules/ca1848) [/home/runner/work/trading-bot-c-/trading-bot-c-/src/BotCore/BotCore.csproj]
/home/runner/work/trading-bot-c-/trading-bot-c-/src/BotCore/Integration/ConfigurationLocks.cs(70,17): error CA1848: For improved performance, use the LoggerMessage delegates instead of calling 'LoggerExtensions.LogError(ILogger, string?, params object?[])' (https://learn.microsoft.com/dotnet/fundamentals/code-analysis/quality-rules/ca1848) [/home/runner/work/trading-bot-c-/trading-bot-c-/src/BotCore/BotCore.csproj]
/home/runner/work/trading-bot-c-/trading-bot-c-/src/BotCore/Integration/ConfigurationLocks.cs(75,17): error CA1848: For improved performance, use the LoggerMessage delegates instead of calling 'LoggerExtensions.LogDebug(ILogger, string?, params object?[])' (https://learn.microsoft.com/dotnet/fundamentals/code-analysis/quality-rules/ca1848) [/home/runner/work/trading-bot-c-/trading-bot-c-/src/BotCore/BotCore.csproj]
/home/runner/work/trading-bot-c-/trading-bot-c-/src/BotCore/Integration/ConfigurationLocks.cs(84,13): error CA1848: For improved performance, use the LoggerMessage delegates instead of calling 'LoggerExtensions.LogInformation(ILogger, string?, params object?[])' (https://learn.microsoft.com/dotnet/fundamentals/code-analysis/quality-rules/ca1848) [/home/runner/work/trading-bot-c-/trading-bot-c-/src/BotCore/BotCore.csproj]
/home/runner/work/trading-bot-c-/trading-bot-c-/src/BotCore/Integration/ConfigurationLocks.cs(88,13): error CA1848: For improved performance, use the LoggerMessage delegates instead of calling 'LoggerExtensions.LogError(ILogger, string?, params object?[])' (https://learn.microsoft.com/dotnet/fundamentals/code-analysis/quality-rules/ca1848) [/home/runner/work/trading-bot-c-/trading-bot-c-/src/BotCore/BotCore.csproj]
/home/runner/work/trading-bot-c-/trading-bot-c-/src/BotCore/Integration/FeatureMapAuthority.cs(228,13): error CA1848: For improved performance, use the LoggerMessage delegates instead of calling 'LoggerExtensions.LogWarning(ILogger, string?, params object?[])' (https://learn.microsoft.com/dotnet/fundamentals/code-analysis/quality-rules/ca1848) [/home/runner/work/trading-bot-c-/trading-bot-c-/src/BotCore/BotCore.csproj]
/home/runner/work/trading-bot-c-/trading-bot-c-/src/BotCore/Integration/FeatureMapAuthority.cs(232,9): error CA1848: For improved performance, use the LoggerMessage delegates instead of calling 'LoggerExtensions.LogTrace(ILogger, string?, params object?[])' (https://learn.microsoft.com/dotnet/fundamentals/code-analysis/quality-rules/ca1848) [/home/runner/work/trading-bot-c-/trading-bot-c-/src/BotCore/BotCore.csproj]
/home/runner/work/trading-bot-c-/trading-bot-c-/src/BotCore/Integration/ShadowModeManager.cs(352,9): error CA1848: For improved performance, use the LoggerMessage delegates instead of calling 'LoggerExtensions.LogInformation(ILogger, string?, params object?[])' (https://learn.microsoft.com/dotnet/fundamentals/code-analysis/quality-rules/ca1848) [/home/runner/work/trading-bot-c-/trading-bot-c-/src/BotCore/BotCore.csproj]
/home/runner/work/trading-bot-c-/trading-bot-c-/src/BotCore/Features/FeatureBuilder.cs(572,21): error S1541: The Cyclomatic Complexity of this method is 14 which is greater than 10 authorized. (https://rules.sonarsource.com/csharp/RSPEC-1541) [/home/runner/work/trading-bot-c-/trading-bot-c-/src/BotCore/BotCore.csproj]
/home/runner/work/trading-bot-c-/trading-bot-c-/src/BotCore/Integration/ConfigurationLocks.cs(148,13): error CA1848: For improved performance, use the LoggerMessage delegates instead of calling 'LoggerExtensions.LogWarning(ILogger, string?, params object?[])' (https://learn.microsoft.com/dotnet/fundamentals/code-analysis/quality-rules/ca1848) [/home/runner/work/trading-bot-c-/trading-bot-c-/src/BotCore/BotCore.csproj]
/home/runner/work/trading-bot-c-/trading-bot-c-/src/BotCore/Features/FeatureBuilder.cs(611,13): error CA1848: For improved performance, use the LoggerMessage delegates instead of calling 'LoggerExtensions.LogWarning(ILogger, Exception?, string?, params object?[])' (https://learn.microsoft.com/dotnet/fundamentals/code-analysis/quality-rules/ca1848) [/home/runner/work/trading-bot-c-/trading-bot-c-/src/BotCore/BotCore.csproj]
/home/runner/work/trading-bot-c-/trading-bot-c-/src/BotCore/Features/FeatureBuilder.cs(617,13): error CA1848: For improved performance, use the LoggerMessage delegates instead of calling 'LoggerExtensions.LogWarning(ILogger, Exception?, string?, params object?[])' (https://learn.microsoft.com/dotnet/fundamentals/code-analysis/quality-rules/ca1848) [/home/runner/work/trading-bot-c-/trading-bot-c-/src/BotCore/BotCore.csproj]
/home/runner/work/trading-bot-c-/trading-bot-c-/src/BotCore/Integration/ShadowModeManager.cs(387,9): error CA1848: For improved performance, use the LoggerMessage delegates instead of calling 'LoggerExtensions.LogWarning(ILogger, string?, params object?[])' (https://learn.microsoft.com/dotnet/fundamentals/code-analysis/quality-rules/ca1848) [/home/runner/work/trading-bot-c-/trading-bot-c-/src/BotCore/BotCore.csproj]
/home/runner/work/trading-bot-c-/trading-bot-c-/src/BotCore/Services/AutonomousDecisionEngine.cs(1067,9): error CA1848: For improved performance, use the LoggerMessage delegates instead of calling 'LoggerExtensions.LogInformation(ILogger, string?, params object?[])' (https://learn.microsoft.com/dotnet/fundamentals/code-analysis/quality-rules/ca1848) [/home/runner/work/trading-bot-c-/trading-bot-c-/src/BotCore/BotCore.csproj]
/home/runner/work/trading-bot-c-/trading-bot-c-/src/BotCore/Integration/ProductionIntegrationCoordinator.cs(356,13): error CA1848: For improved performance, use the LoggerMessage delegates instead of calling 'LoggerExtensions.LogDebug(ILogger, string?, params object?[])' (https://learn.microsoft.com/dotnet/fundamentals/code-analysis/quality-rules/ca1848) [/home/runner/work/trading-bot-c-/trading-bot-c-/src/BotCore/BotCore.csproj]
/home/runner/work/trading-bot-c-/trading-bot-c-/src/BotCore/Integration/ProductionIntegrationCoordinator.cs(360,13): error CA1848: For improved performance, use the LoggerMessage delegates instead of calling 'LoggerExtensions.LogWarning(ILogger, Exception?, string?, params object?[])' (https://learn.microsoft.com/dotnet/fundamentals/code-analysis/quality-rules/ca1848) [/home/runner/work/trading-bot-c-/trading-bot-c-/src/BotCore/BotCore.csproj]
/home/runner/work/trading-bot-c-/trading-bot-c-/src/BotCore/Integration/ProductionIntegrationCoordinator.cs(364,13): error CA1848: For improved performance, use the LoggerMessage delegates instead of calling 'LoggerExtensions.LogWarning(ILogger, Exception?, string?, params object?[])' (https://learn.microsoft.com/dotnet/fundamentals/code-analysis/quality-rules/ca1848) [/home/runner/work/trading-bot-c-/trading-bot-c-/src/BotCore/BotCore.csproj]
/home/runner/work/trading-bot-c-/trading-bot-c-/src/BotCore/Fusion/FeatureBusAdapter.cs(710,21): error S1541: The Cyclomatic Complexity of this method is 14 which is greater than 10 authorized. (https://rules.sonarsource.com/csharp/RSPEC-1541) [/home/runner/work/trading-bot-c-/trading-bot-c-/src/BotCore/BotCore.csproj]
/home/runner/work/trading-bot-c-/trading-bot-c-/src/BotCore/Services/AutonomousDecisionEngine.cs(1110,17): error CA1848: For improved performance, use the LoggerMessage delegates instead of calling 'LoggerExtensions.LogDebug(ILogger, string?, params object?[])' (https://learn.microsoft.com/dotnet/fundamentals/code-analysis/quality-rules/ca1848) [/home/runner/work/trading-bot-c-/trading-bot-c-/src/BotCore/BotCore.csproj]
/home/runner/work/trading-bot-c-/trading-bot-c-/src/BotCore/Services/AutonomousDecisionEngine.cs(1119,13): error CA1848: For improved performance, use the LoggerMessage delegates instead of calling 'LoggerExtensions.LogError(ILogger, Exception?, string?, params object?[])' (https://learn.microsoft.com/dotnet/fundamentals/code-analysis/quality-rules/ca1848) [/home/runner/work/trading-bot-c-/trading-bot-c-/src/BotCore/BotCore.csproj]
/home/runner/work/trading-bot-c-/trading-bot-c-/src/BotCore/Integration/EpochFreezeEnforcement.cs(108,52): error S138: This method 'ValidateEpochFreezeAsync' has 81 lines, which is greater than the 80 lines authorized. Split it into smaller methods. (https://rules.sonarsource.com/csharp/RSPEC-138) [/home/runner/work/trading-bot-c-/trading-bot-c-/src/BotCore/BotCore.csproj]
/home/runner/work/trading-bot-c-/trading-bot-c-/src/BotCore/Fusion/FeatureBusAdapter.cs(719,17): error CA1848: For improved performance, use the LoggerMessage delegates instead of calling 'LoggerExtensions.LogDebug(ILogger, string?, params object?[])' (https://learn.microsoft.com/dotnet/fundamentals/code-analysis/quality-rules/ca1848) [/home/runner/work/trading-bot-c-/trading-bot-c-/src/BotCore/BotCore.csproj]
/home/runner/work/trading-bot-c-/trading-bot-c-/src/BotCore/Fusion/FeatureBusAdapter.cs(750,21): error CA1848: For improved performance, use the LoggerMessage delegates instead of calling 'LoggerExtensions.LogTrace(ILogger, string?, params object?[])' (https://learn.microsoft.com/dotnet/fundamentals/code-analysis/quality-rules/ca1848) [/home/runner/work/trading-bot-c-/trading-bot-c-/src/BotCore/BotCore.csproj]
/home/runner/work/trading-bot-c-/trading-bot-c-/src/BotCore/Fusion/FeatureBusAdapter.cs(756,13): error CA1848: For improved performance, use the LoggerMessage delegates instead of calling 'LoggerExtensions.LogWarning(ILogger, string?, params object?[])' (https://learn.microsoft.com/dotnet/fundamentals/code-analysis/quality-rules/ca1848) [/home/runner/work/trading-bot-c-/trading-bot-c-/src/BotCore/BotCore.csproj]
/home/runner/work/trading-bot-c-/trading-bot-c-/src/BotCore/Fusion/FeatureBusAdapter.cs(761,13): error CA1848: For improved performance, use the LoggerMessage delegates instead of calling 'LoggerExtensions.LogError(ILogger, Exception?, string?, params object?[])' (https://learn.microsoft.com/dotnet/fundamentals/code-analysis/quality-rules/ca1848) [/home/runner/work/trading-bot-c-/trading-bot-c-/src/BotCore/BotCore.csproj]
/home/runner/work/trading-bot-c-/trading-bot-c-/src/BotCore/Services/AutonomousDecisionEngine.cs(1127,73): error S1172: Remove this unused method parameter 'cancellationToken'. (https://rules.sonarsource.com/csharp/RSPEC-1172) [/home/runner/work/trading-bot-c-/trading-bot-c-/src/BotCore/BotCore.csproj]
/home/runner/work/trading-bot-c-/trading-bot-c-/src/BotCore/Features/FeatureBuilder.cs(632,17): error CA1848: For improved performance, use the LoggerMessage delegates instead of calling 'LoggerExtensions.LogDebug(ILogger, string?, params object?[])' (https://learn.microsoft.com/dotnet/fundamentals/code-analysis/quality-rules/ca1848) [/home/runner/work/trading-bot-c-/trading-bot-c-/src/BotCore/BotCore.csproj]
/home/runner/work/trading-bot-c-/trading-bot-c-/src/BotCore/Features/FeatureBuilder.cs(654,13): error CA1848: For improved performance, use the LoggerMessage delegates instead of calling 'LoggerExtensions.LogWarning(ILogger, Exception?, string?, params object?[])' (https://learn.microsoft.com/dotnet/fundamentals/code-analysis/quality-rules/ca1848) [/home/runner/work/trading-bot-c-/trading-bot-c-/src/BotCore/BotCore.csproj]
/home/runner/work/trading-bot-c-/trading-bot-c-/src/BotCore/Features/FeatureBuilder.cs(660,13): error CA1848: For improved performance, use the LoggerMessage delegates instead of calling 'LoggerExtensions.LogWarning(ILogger, Exception?, string?, params object?[])' (https://learn.microsoft.com/dotnet/fundamentals/code-analysis/quality-rules/ca1848) [/home/runner/work/trading-bot-c-/trading-bot-c-/src/BotCore/BotCore.csproj]
/home/runner/work/trading-bot-c-/trading-bot-c-/src/BotCore/Integration/EpochFreezeEnforcement.cs(176,17): error CA1848: For improved performance, use the LoggerMessage delegates instead of calling 'LoggerExtensions.LogTrace(ILogger, string?, params object?[])' (https://learn.microsoft.com/dotnet/fundamentals/code-analysis/quality-rules/ca1848) [/home/runner/work/trading-bot-c-/trading-bot-c-/src/BotCore/BotCore.csproj]
/home/runner/work/trading-bot-c-/trading-bot-c-/src/BotCore/Integration/EpochFreezeEnforcement.cs(180,17): error CA1848: For improved performance, use the LoggerMessage delegates instead of calling 'LoggerExtensions.LogWarning(ILogger, string?, params object?[])' (https://learn.microsoft.com/dotnet/fundamentals/code-analysis/quality-rules/ca1848) [/home/runner/work/trading-bot-c-/trading-bot-c-/src/BotCore/BotCore.csproj]
/home/runner/work/trading-bot-c-/trading-bot-c-/src/BotCore/Integration/EpochFreezeEnforcement.cs(195,13): error CA1848: For improved performance, use the LoggerMessage delegates instead of calling 'LoggerExtensions.LogError(ILogger, Exception?, string?, params object?[])' (https://learn.microsoft.com/dotnet/fundamentals/code-analysis/quality-rules/ca1848) [/home/runner/work/trading-bot-c-/trading-bot-c-/src/BotCore/BotCore.csproj]
/home/runner/work/trading-bot-c-/trading-bot-c-/src/BotCore/Integration/EpochFreezeEnforcement.cs(207,13): error CA1848: For improved performance, use the LoggerMessage delegates instead of calling 'LoggerExtensions.LogError(ILogger, Exception?, string?, params object?[])' (https://learn.microsoft.com/dotnet/fundamentals/code-analysis/quality-rules/ca1848) [/home/runner/work/trading-bot-c-/trading-bot-c-/src/BotCore/BotCore.csproj]
/home/runner/work/trading-bot-c-/trading-bot-c-/src/BotCore/Services/AutonomousDecisionEngine.cs(1137,17): error CA1848: For improved performance, use the LoggerMessage delegates instead of calling 'LoggerExtensions.LogDebug(ILogger, string?, params object?[])' (https://learn.microsoft.com/dotnet/fundamentals/code-analysis/quality-rules/ca1848) [/home/runner/work/trading-bot-c-/trading-bot-c-/src/BotCore/BotCore.csproj]
/home/runner/work/trading-bot-c-/trading-bot-c-/src/BotCore/Services/AutonomousDecisionEngine.cs(1142,13): error CA1848: For improved performance, use the LoggerMessage delegates instead of calling 'LoggerExtensions.LogWarning(ILogger, string?, params object?[])' (https://learn.microsoft.com/dotnet/fundamentals/code-analysis/quality-rules/ca1848) [/home/runner/work/trading-bot-c-/trading-bot-c-/src/BotCore/BotCore.csproj]
/home/runner/work/trading-bot-c-/trading-bot-c-/src/BotCore/Services/AutonomousDecisionEngine.cs(1147,13): error CA1848: For improved performance, use the LoggerMessage delegates instead of calling 'LoggerExtensions.LogError(ILogger, Exception?, string?, params object?[])' (https://learn.microsoft.com/dotnet/fundamentals/code-analysis/quality-rules/ca1848) [/home/runner/work/trading-bot-c-/trading-bot-c-/src/BotCore/BotCore.csproj]
/home/runner/work/trading-bot-c-/trading-bot-c-/src/BotCore/Fusion/FeatureBusAdapter.cs(759,9): error CA1031: Modify 'CalculateBidAskSpread' to catch a more specific allowed exception type, or rethrow the exception (https://learn.microsoft.com/dotnet/fundamentals/code-analysis/quality-rules/ca1031) [/home/runner/work/trading-bot-c-/trading-bot-c-/src/BotCore/BotCore.csproj]
/home/runner/work/trading-bot-c-/trading-bot-c-/src/BotCore/Services/AutonomousDecisionEngine.cs(1145,9): error CA1031: Modify 'GetRealMarketPriceAsync' to catch a more specific allowed exception type, or rethrow the exception (https://learn.microsoft.com/dotnet/fundamentals/code-analysis/quality-rules/ca1031) [/home/runner/work/trading-bot-c-/trading-bot-c-/src/BotCore/BotCore.csproj]
/home/runner/work/trading-bot-c-/trading-bot-c-/src/BotCore/Services/AutonomousDecisionEngine.cs(1163,17): error CA1848: For improved performance, use the LoggerMessage delegates instead of calling 'LoggerExtensions.LogDebug(ILogger, string?, params object?[])' (https://learn.microsoft.com/dotnet/fundamentals/code-analysis/quality-rules/ca1848) [/home/runner/work/trading-bot-c-/trading-bot-c-/src/BotCore/BotCore.csproj]
/home/runner/work/trading-bot-c-/trading-bot-c-/src/BotCore/Services/AutonomousDecisionEngine.cs(1172,13): error CA1848: For improved performance, use the LoggerMessage delegates instead of calling 'LoggerExtensions.LogError(ILogger, Exception?, string?, params object?[])' (https://learn.microsoft.com/dotnet/fundamentals/code-analysis/quality-rules/ca1848) [/home/runner/work/trading-bot-c-/trading-bot-c-/src/BotCore/BotCore.csproj]
/home/runner/work/trading-bot-c-/trading-bot-c-/src/BotCore/Integration/ProductionIntegrationCoordinator.cs(390,13): error CA1848: For improved performance, use the LoggerMessage delegates instead of calling 'LoggerExtensions.LogTrace(ILogger, Exception?, string?, params object?[])' (https://learn.microsoft.com/dotnet/fundamentals/code-analysis/quality-rules/ca1848) [/home/runner/work/trading-bot-c-/trading-bot-c-/src/BotCore/BotCore.csproj]
/home/runner/work/trading-bot-c-/trading-bot-c-/src/BotCore/Integration/ProductionIntegrationCoordinator.cs(394,13): error CA1848: For improved performance, use the LoggerMessage delegates instead of calling 'LoggerExtensions.LogTrace(ILogger, Exception?, string?, params object?[])' (https://learn.microsoft.com/dotnet/fundamentals/code-analysis/quality-rules/ca1848) [/home/runner/work/trading-bot-c-/trading-bot-c-/src/BotCore/BotCore.csproj]
/home/runner/work/trading-bot-c-/trading-bot-c-/src/BotCore/Integration/ProductionIntegrationCoordinator.cs(401,18): error S1541: The Cyclomatic Complexity of this method is 15 which is greater than 10 authorized. (https://rules.sonarsource.com/csharp/RSPEC-1541) [/home/runner/work/trading-bot-c-/trading-bot-c-/src/BotCore/BotCore.csproj]
/home/runner/work/trading-bot-c-/trading-bot-c-/src/BotCore/Integration/FeatureMapAuthority.cs(269,17): error CA1848: For improved performance, use the LoggerMessage delegates instead of calling 'LoggerExtensions.LogError(ILogger, string?, params object?[])' (https://learn.microsoft.com/dotnet/fundamentals/code-analysis/quality-rules/ca1848) [/home/runner/work/trading-bot-c-/trading-bot-c-/src/BotCore/BotCore.csproj]
/home/runner/work/trading-bot-c-/trading-bot-c-/src/BotCore/Integration/FeatureMapAuthority.cs(284,17): error CA1848: For improved performance, use the LoggerMessage delegates instead of calling 'LoggerExtensions.LogTrace(ILogger, string?, params object?[])' (https://learn.microsoft.com/dotnet/fundamentals/code-analysis/quality-rules/ca1848) [/home/runner/work/trading-bot-c-/trading-bot-c-/src/BotCore/BotCore.csproj]
/home/runner/work/trading-bot-c-/trading-bot-c-/src/BotCore/Integration/FeatureMapAuthority.cs(289,17): error CA1848: For improved performance, use the LoggerMessage delegates instead of calling 'LoggerExtensions.LogWarning(ILogger, string?, params object?[])' (https://learn.microsoft.com/dotnet/fundamentals/code-analysis/quality-rules/ca1848) [/home/runner/work/trading-bot-c-/trading-bot-c-/src/BotCore/BotCore.csproj]
/home/runner/work/trading-bot-c-/trading-bot-c-/src/BotCore/Integration/FeatureMapAuthority.cs(302,13): error CA1848: For improved performance, use the LoggerMessage delegates instead of calling 'LoggerExtensions.LogError(ILogger, Exception?, string?, params object?[])' (https://learn.microsoft.com/dotnet/fundamentals/code-analysis/quality-rules/ca1848) [/home/runner/work/trading-bot-c-/trading-bot-c-/src/BotCore/BotCore.csproj]
/home/runner/work/trading-bot-c-/trading-bot-c-/src/BotCore/Integration/FeatureMapAuthority.cs(312,13): error CA1848: For improved performance, use the LoggerMessage delegates instead of calling 'LoggerExtensions.LogError(ILogger, Exception?, string?, params object?[])' (https://learn.microsoft.com/dotnet/fundamentals/code-analysis/quality-rules/ca1848) [/home/runner/work/trading-bot-c-/trading-bot-c-/src/BotCore/BotCore.csproj]
/home/runner/work/trading-bot-c-/trading-bot-c-/src/BotCore/Integration/FeatureMapAuthority.cs(322,13): error CA1848: For improved performance, use the LoggerMessage delegates instead of calling 'LoggerExtensions.LogError(ILogger, Exception?, string?, params object?[])' (https://learn.microsoft.com/dotnet/fundamentals/code-analysis/quality-rules/ca1848) [/home/runner/work/trading-bot-c-/trading-bot-c-/src/BotCore/BotCore.csproj]
/home/runner/work/trading-bot-c-/trading-bot-c-/src/BotCore/ML/OnnxModelLoader.cs(1192,43): error S138: This method 'RegisterModelAsync' has 92 lines, which is greater than the 80 lines authorized. Split it into smaller methods. (https://rules.sonarsource.com/csharp/RSPEC-138) [/home/runner/work/trading-bot-c-/trading-bot-c-/src/BotCore/BotCore.csproj]
/home/runner/work/trading-bot-c-/trading-bot-c-/src/BotCore/Integration/ProductionIntegrationCoordinator.cs(413,13): error CA1848: For improved performance, use the LoggerMessage delegates instead of calling 'LoggerExtensions.LogTrace(ILogger, string?, params object?[])' (https://learn.microsoft.com/dotnet/fundamentals/code-analysis/quality-rules/ca1848) [/home/runner/work/trading-bot-c-/trading-bot-c-/src/BotCore/BotCore.csproj]
/home/runner/work/trading-bot-c-/trading-bot-c-/src/BotCore/Integration/ProductionIntegrationCoordinator.cs(421,13): error CA1848: For improved performance, use the LoggerMessage delegates instead of calling 'LoggerExtensions.LogWarning(ILogger, Exception?, string?, params object?[])' (https://learn.microsoft.com/dotnet/fundamentals/code-analysis/quality-rules/ca1848) [/home/runner/work/trading-bot-c-/trading-bot-c-/src/BotCore/BotCore.csproj]
/home/runner/work/trading-bot-c-/trading-bot-c-/src/BotCore/ML/OnnxModelLoader.cs(1256,25): error CA1848: For improved performance, use the LoggerMessage delegates instead of calling 'LoggerExtensions.LogDebug(ILogger, Exception?, string?, params object?[])' (https://learn.microsoft.com/dotnet/fundamentals/code-analysis/quality-rules/ca1848) [/home/runner/work/trading-bot-c-/trading-bot-c-/src/BotCore/BotCore.csproj]
/home/runner/work/trading-bot-c-/trading-bot-c-/src/BotCore/ML/OnnxModelLoader.cs(1261,25): error CA1848: For improved performance, use the LoggerMessage delegates instead of calling 'LoggerExtensions.LogDebug(ILogger, Exception?, string?, params object?[])' (https://learn.microsoft.com/dotnet/fundamentals/code-analysis/quality-rules/ca1848) [/home/runner/work/trading-bot-c-/trading-bot-c-/src/BotCore/BotCore.csproj]
/home/runner/work/trading-bot-c-/trading-bot-c-/src/BotCore/ML/OnnxModelLoader.cs(1268,17): error CA1848: For improved performance, use the LoggerMessage delegates instead of calling 'LoggerExtensions.LogError(ILogger, Exception?, string?, params object?[])' (https://learn.microsoft.com/dotnet/fundamentals/code-analysis/quality-rules/ca1848) [/home/runner/work/trading-bot-c-/trading-bot-c-/src/BotCore/BotCore.csproj]
/home/runner/work/trading-bot-c-/trading-bot-c-/src/BotCore/ML/OnnxModelLoader.cs(1279,25): error CA1848: For improved performance, use the LoggerMessage delegates instead of calling 'LoggerExtensions.LogDebug(ILogger, Exception?, string?, params object?[])' (https://learn.microsoft.com/dotnet/fundamentals/code-analysis/quality-rules/ca1848) [/home/runner/work/trading-bot-c-/trading-bot-c-/src/BotCore/BotCore.csproj]
/home/runner/work/trading-bot-c-/trading-bot-c-/src/BotCore/ML/OnnxModelLoader.cs(1284,25): error CA1848: For improved performance, use the LoggerMessage delegates instead of calling 'LoggerExtensions.LogDebug(ILogger, Exception?, string?, params object?[])' (https://learn.microsoft.com/dotnet/fundamentals/code-analysis/quality-rules/ca1848) [/home/runner/work/trading-bot-c-/trading-bot-c-/src/BotCore/BotCore.csproj]
/home/runner/work/trading-bot-c-/trading-bot-c-/src/BotCore/ML/OnnxModelLoader.cs(1307,13): error CA1848: For improved performance, use the LoggerMessage delegates instead of calling 'LoggerExtensions.LogInformation(ILogger, string?, params object?[])' (https://learn.microsoft.com/dotnet/fundamentals/code-analysis/quality-rules/ca1848) [/home/runner/work/trading-bot-c-/trading-bot-c-/src/BotCore/BotCore.csproj]
/home/runner/work/trading-bot-c-/trading-bot-c-/src/BotCore/ML/OnnxModelLoader.cs(1312,13): error CA1848: For improved performance, use the LoggerMessage delegates instead of calling 'LoggerExtensions.LogError(ILogger, Exception?, string?, params object?[])' (https://learn.microsoft.com/dotnet/fundamentals/code-analysis/quality-rules/ca1848) [/home/runner/work/trading-bot-c-/trading-bot-c-/src/BotCore/BotCore.csproj]
/home/runner/work/trading-bot-c-/trading-bot-c-/src/BotCore/Services/AutonomousDecisionEngine.cs(1188,17): error CA1848: For improved performance, use the LoggerMessage delegates instead of calling 'LoggerExtensions.LogDebug(ILogger, string?, params object?[])' (https://learn.microsoft.com/dotnet/fundamentals/code-analysis/quality-rules/ca1848) [/home/runner/work/trading-bot-c-/trading-bot-c-/src/BotCore/BotCore.csproj]
/home/runner/work/trading-bot-c-/trading-bot-c-/src/BotCore/Services/AutonomousDecisionEngine.cs(1194,21): error CA1848: For improved performance, use the LoggerMessage delegates instead of calling 'LoggerExtensions.LogDebug(ILogger, string?, params object?[])' (https://learn.microsoft.com/dotnet/fundamentals/code-analysis/quality-rules/ca1848) [/home/runner/work/trading-bot-c-/trading-bot-c-/src/BotCore/BotCore.csproj]
/home/runner/work/trading-bot-c-/trading-bot-c-/src/BotCore/Services/AutonomousDecisionEngine.cs(1207,21): error CA1848: For improved performance, use the LoggerMessage delegates instead of calling 'LoggerExtensions.LogDebug(ILogger, string?, params object?[])' (https://learn.microsoft.com/dotnet/fundamentals/code-analysis/quality-rules/ca1848) [/home/runner/work/trading-bot-c-/trading-bot-c-/src/BotCore/BotCore.csproj]
/home/runner/work/trading-bot-c-/trading-bot-c-/src/BotCore/Services/AutonomousDecisionEngine.cs(1212,13): error CA1848: For improved performance, use the LoggerMessage delegates instead of calling 'LoggerExtensions.LogWarning(ILogger, string?, params object?[])' (https://learn.microsoft.com/dotnet/fundamentals/code-analysis/quality-rules/ca1848) [/home/runner/work/trading-bot-c-/trading-bot-c-/src/BotCore/BotCore.csproj]
/home/runner/work/trading-bot-c-/trading-bot-c-/src/BotCore/Services/AutonomousDecisionEngine.cs(1217,13): error CA1848: For improved performance, use the LoggerMessage delegates instead of calling 'LoggerExtensions.LogError(ILogger, Exception?, string?, params object?[])' (https://learn.microsoft.com/dotnet/fundamentals/code-analysis/quality-rules/ca1848) [/home/runner/work/trading-bot-c-/trading-bot-c-/src/BotCore/BotCore.csproj]
/home/runner/work/trading-bot-c-/trading-bot-c-/src/BotCore/Services/AutonomousDecisionEngine.cs(1215,9): error CA1031: Modify 'GetRealVolumeAsync' to catch a more specific allowed exception type, or rethrow the exception (https://learn.microsoft.com/dotnet/fundamentals/code-analysis/quality-rules/ca1031) [/home/runner/work/trading-bot-c-/trading-bot-c-/src/BotCore/BotCore.csproj]
/home/runner/work/trading-bot-c-/trading-bot-c-/src/BotCore/Integration/EpochFreezeEnforcement.cs(237,17): error CA1848: For improved performance, use the LoggerMessage delegates instead of calling 'LoggerExtensions.LogInformation(ILogger, string?, params object?[])' (https://learn.microsoft.com/dotnet/fundamentals/code-analysis/quality-rules/ca1848) [/home/runner/work/trading-bot-c-/trading-bot-c-/src/BotCore/BotCore.csproj]
/home/runner/work/trading-bot-c-/trading-bot-c-/src/BotCore/Integration/EpochFreezeEnforcement.cs(242,17): error CA1848: For improved performance, use the LoggerMessage delegates instead of calling 'LoggerExtensions.LogWarning(ILogger, string?, params object?[])' (https://learn.microsoft.com/dotnet/fundamentals/code-analysis/quality-rules/ca1848) [/home/runner/work/trading-bot-c-/trading-bot-c-/src/BotCore/BotCore.csproj]
/home/runner/work/trading-bot-c-/trading-bot-c-/src/BotCore/Integration/EpochFreezeEnforcement.cs(247,13): error CA1848: For improved performance, use the LoggerMessage delegates instead of calling 'LoggerExtensions.LogError(ILogger, Exception?, string?, params object?[])' (https://learn.microsoft.com/dotnet/fundamentals/code-analysis/quality-rules/ca1848) [/home/runner/work/trading-bot-c-/trading-bot-c-/src/BotCore/BotCore.csproj]
/home/runner/work/trading-bot-c-/trading-bot-c-/src/BotCore/Integration/EpochFreezeEnforcement.cs(251,13): error CA1848: For improved performance, use the LoggerMessage delegates instead of calling 'LoggerExtensions.LogError(ILogger, Exception?, string?, params object?[])' (https://learn.microsoft.com/dotnet/fundamentals/code-analysis/quality-rules/ca1848) [/home/runner/work/trading-bot-c-/trading-bot-c-/src/BotCore/BotCore.csproj]
/home/runner/work/trading-bot-c-/trading-bot-c-/src/BotCore/Integration/ProductionIntegrationCoordinator.cs(428,36): error CA1024: Use properties where appropriate (https://learn.microsoft.com/dotnet/fundamentals/code-analysis/quality-rules/ca1024) [/home/runner/work/trading-bot-c-/trading-bot-c-/src/BotCore/BotCore.csproj]
/home/runner/work/trading-bot-c-/trading-bot-c-/src/BotCore/Services/AutonomousDecisionEngine.cs(1246,13): error CA1848: For improved performance, use the LoggerMessage delegates instead of calling 'LoggerExtensions.LogWarning(ILogger, Exception?, string?, params object?[])' (https://learn.microsoft.com/dotnet/fundamentals/code-analysis/quality-rules/ca1848) [/home/runner/work/trading-bot-c-/trading-bot-c-/src/BotCore/BotCore.csproj]
/home/runner/work/trading-bot-c-/trading-bot-c-/src/BotCore/Services/AutonomousDecisionEngine.cs(1244,9): error CA1031: Modify 'CalculateTechnicalIndicatorsAsync' to catch a more specific allowed exception type, or rethrow the exception (https://learn.microsoft.com/dotnet/fundamentals/code-analysis/quality-rules/ca1031) [/home/runner/work/trading-bot-c-/trading-bot-c-/src/BotCore/BotCore.csproj]
/home/runner/work/trading-bot-c-/trading-bot-c-/src/BotCore/Services/AutonomousDecisionEngine.cs(1265,17): error CA1848: For improved performance, use the LoggerMessage delegates instead of calling 'LoggerExtensions.LogDebug(ILogger, string?, params object?[])' (https://learn.microsoft.com/dotnet/fundamentals/code-analysis/quality-rules/ca1848) [/home/runner/work/trading-bot-c-/trading-bot-c-/src/BotCore/BotCore.csproj]
/home/runner/work/trading-bot-c-/trading-bot-c-/src/BotCore/Services/AutonomousDecisionEngine.cs(1274,13): error CA1848: For improved performance, use the LoggerMessage delegates instead of calling 'LoggerExtensions.LogError(ILogger, Exception?, string?, params object?[])' (https://learn.microsoft.com/dotnet/fundamentals/code-analysis/quality-rules/ca1848) [/home/runner/work/trading-bot-c-/trading-bot-c-/src/BotCore/BotCore.csproj]
/home/runner/work/trading-bot-c-/trading-bot-c-/src/BotCore/Integration/ProductionIntegrationCoordinator.cs(461,9): error CA1848: For improved performance, use the LoggerMessage delegates instead of calling 'LoggerExtensions.LogInformation(ILogger, string?, params object?[])' (https://learn.microsoft.com/dotnet/fundamentals/code-analysis/quality-rules/ca1848) [/home/runner/work/trading-bot-c-/trading-bot-c-/src/BotCore/BotCore.csproj]
/home/runner/work/trading-bot-c-/trading-bot-c-/src/BotCore/Services/AutonomousDecisionEngine.cs(1334,13): error CA1848: For improved performance, use the LoggerMessage delegates instead of calling 'LoggerExtensions.LogDebug(ILogger, string?, params object?[])' (https://learn.microsoft.com/dotnet/fundamentals/code-analysis/quality-rules/ca1848) [/home/runner/work/trading-bot-c-/trading-bot-c-/src/BotCore/BotCore.csproj]
/home/runner/work/trading-bot-c-/trading-bot-c-/src/BotCore/Services/AutonomousDecisionEngine.cs(1343,13): error CA1848: For improved performance, use the LoggerMessage delegates instead of calling 'LoggerExtensions.LogWarning(ILogger, Exception?, string?, params object?[])' (https://learn.microsoft.com/dotnet/fundamentals/code-analysis/quality-rules/ca1848) [/home/runner/work/trading-bot-c-/trading-bot-c-/src/BotCore/BotCore.csproj]
/home/runner/work/trading-bot-c-/trading-bot-c-/src/BotCore/Services/AutonomousDecisionEngine.cs(1341,9): error CA1031: Modify 'GetOpenPositionsAsync' to catch a more specific allowed exception type, or rethrow the exception (https://learn.microsoft.com/dotnet/fundamentals/code-analysis/quality-rules/ca1031) [/home/runner/work/trading-bot-c-/trading-bot-c-/src/BotCore/BotCore.csproj]
/home/runner/work/trading-bot-c-/trading-bot-c-/src/BotCore/Services/AutonomousDecisionEngine.cs(1282,78): error S1172: Remove this unused method parameter 'count'. (https://rules.sonarsource.com/csharp/RSPEC-1172) [/home/runner/work/trading-bot-c-/trading-bot-c-/src/BotCore/BotCore.csproj]
/home/runner/work/trading-bot-c-/trading-bot-c-/src/BotCore/Services/AutonomousDecisionEngine.cs(1282,89): error S1172: Remove this unused method parameter 'cancellationToken'. (https://rules.sonarsource.com/csharp/RSPEC-1172) [/home/runner/work/trading-bot-c-/trading-bot-c-/src/BotCore/BotCore.csproj]
/home/runner/work/trading-bot-c-/trading-bot-c-/src/BotCore/Integration/FeatureMapAuthority.cs(359,17): error CA1848: For improved performance, use the LoggerMessage delegates instead of calling 'LoggerExtensions.LogError(ILogger, string?, params object?[])' (https://learn.microsoft.com/dotnet/fundamentals/code-analysis/quality-rules/ca1848) [/home/runner/work/trading-bot-c-/trading-bot-c-/src/BotCore/BotCore.csproj]
/home/runner/work/trading-bot-c-/trading-bot-c-/src/BotCore/Integration/FeatureMapAuthority.cs(363,17): error CA1848: For improved performance, use the LoggerMessage delegates instead of calling 'LoggerExtensions.LogWarning(ILogger, Exception?, string?, params object?[])' (https://learn.microsoft.com/dotnet/fundamentals/code-analysis/quality-rules/ca1848) [/home/runner/work/trading-bot-c-/trading-bot-c-/src/BotCore/BotCore.csproj]
/home/runner/work/trading-bot-c-/trading-bot-c-/src/BotCore/Integration/FeatureMapAuthority.cs(367,17): error CA1848: For improved performance, use the LoggerMessage delegates instead of calling 'LoggerExtensions.LogWarning(ILogger, Exception?, string?, params object?[])' (https://learn.microsoft.com/dotnet/fundamentals/code-analysis/quality-rules/ca1848) [/home/runner/work/trading-bot-c-/trading-bot-c-/src/BotCore/BotCore.csproj]
/home/runner/work/trading-bot-c-/trading-bot-c-/src/BotCore/Services/AutonomousDecisionEngine.cs(1292,17): error CA1848: For improved performance, use the LoggerMessage delegates instead of calling 'LoggerExtensions.LogDebug(ILogger, string?, params object?[])' (https://learn.microsoft.com/dotnet/fundamentals/code-analysis/quality-rules/ca1848) [/home/runner/work/trading-bot-c-/trading-bot-c-/src/BotCore/BotCore.csproj]
/home/runner/work/trading-bot-c-/trading-bot-c-/src/BotCore/Services/AutonomousDecisionEngine.cs(1310,21): error CA1848: For improved performance, use the LoggerMessage delegates instead of calling 'LoggerExtensions.LogInformation(ILogger, string?, params object?[])' (https://learn.microsoft.com/dotnet/fundamentals/code-analysis/quality-rules/ca1848) [/home/runner/work/trading-bot-c-/trading-bot-c-/src/BotCore/BotCore.csproj]
/home/runner/work/trading-bot-c-/trading-bot-c-/src/BotCore/Services/AutonomousDecisionEngine.cs(1315,13): error CA1848: For improved performance, use the LoggerMessage delegates instead of calling 'LoggerExtensions.LogWarning(ILogger, string?, params object?[])' (https://learn.microsoft.com/dotnet/fundamentals/code-analysis/quality-rules/ca1848) [/home/runner/work/trading-bot-c-/trading-bot-c-/src/BotCore/BotCore.csproj]
/home/runner/work/trading-bot-c-/trading-bot-c-/src/BotCore/Services/AutonomousDecisionEngine.cs(1320,13): error CA1848: For improved performance, use the LoggerMessage delegates instead of calling 'LoggerExtensions.LogError(ILogger, Exception?, string?, params object?[])' (https://learn.microsoft.com/dotnet/fundamentals/code-analysis/quality-rules/ca1848) [/home/runner/work/trading-bot-c-/trading-bot-c-/src/BotCore/BotCore.csproj]
/home/runner/work/trading-bot-c-/trading-bot-c-/src/BotCore/Integration/ConfigurationLocks.cs(201,9): error CA1848: For improved performance, use the LoggerMessage delegates instead of calling 'LoggerExtensions.LogWarning(ILogger, string?, params object?[])' (https://learn.microsoft.com/dotnet/fundamentals/code-analysis/quality-rules/ca1848) [/home/runner/work/trading-bot-c-/trading-bot-c-/src/BotCore/BotCore.csproj]
/home/runner/work/trading-bot-c-/trading-bot-c-/src/BotCore/Integration/ConfigurationLocks.cs(210,13): error CA1848: For improved performance, use the LoggerMessage delegates instead of calling 'LoggerExtensions.LogInformation(ILogger, string?, params object?[])' (https://learn.microsoft.com/dotnet/fundamentals/code-analysis/quality-rules/ca1848) [/home/runner/work/trading-bot-c-/trading-bot-c-/src/BotCore/BotCore.csproj]
/home/runner/work/trading-bot-c-/trading-bot-c-/src/BotCore/Services/AutonomousDecisionEngine.cs(1318,9): error CA1031: Modify 'GetRealHistoricalBarsAsync' to catch a more specific allowed exception type, or rethrow the exception (https://learn.microsoft.com/dotnet/fundamentals/code-analysis/quality-rules/ca1031) [/home/runner/work/trading-bot-c-/trading-bot-c-/src/BotCore/BotCore.csproj]
/home/runner/work/trading-bot-c-/trading-bot-c-/src/BotCore/Integration/EpochFreezeEnforcement.cs(258,72): error S1172: Remove this unused method parameter 'cancellationToken'. (https://rules.sonarsource.com/csharp/RSPEC-1172) [/home/runner/work/trading-bot-c-/trading-bot-c-/src/BotCore/BotCore.csproj]
/home/runner/work/trading-bot-c-/trading-bot-c-/src/BotCore/Services/AutonomousDecisionEngine.cs(1378,13): error CA1848: For improved performance, use the LoggerMessage delegates instead of calling 'LoggerExtensions.LogWarning(ILogger, Exception?, string?, params object?[])' (https://learn.microsoft.com/dotnet/fundamentals/code-analysis/quality-rules/ca1848) [/home/runner/work/trading-bot-c-/trading-bot-c-/src/BotCore/BotCore.csproj]
/home/runner/work/trading-bot-c-/trading-bot-c-/src/BotCore/Services/AutonomousDecisionEngine.cs(1376,9): error CA1031: Modify 'ManageIndividualPositionAsync' to catch a more specific allowed exception type, or rethrow the exception (https://learn.microsoft.com/dotnet/fundamentals/code-analysis/quality-rules/ca1031) [/home/runner/work/trading-bot-c-/trading-bot-c-/src/BotCore/BotCore.csproj]
/home/runner/work/trading-bot-c-/trading-bot-c-/src/BotCore/Integration/EpochFreezeEnforcement.cs(265,17): error CA1848: For improved performance, use the LoggerMessage delegates instead of calling 'LoggerExtensions.LogWarning(ILogger, string?, params object?[])' (https://learn.microsoft.com/dotnet/fundamentals/code-analysis/quality-rules/ca1848) [/home/runner/work/trading-bot-c-/trading-bot-c-/src/BotCore/BotCore.csproj]
/home/runner/work/trading-bot-c-/trading-bot-c-/src/BotCore/Integration/EpochFreezeEnforcement.cs(301,13): error CA1848: For improved performance, use the LoggerMessage delegates instead of calling 'LoggerExtensions.LogError(ILogger, Exception?, string?, params object?[])' (https://learn.microsoft.com/dotnet/fundamentals/code-analysis/quality-rules/ca1848) [/home/runner/work/trading-bot-c-/trading-bot-c-/src/BotCore/BotCore.csproj]
/home/runner/work/trading-bot-c-/trading-bot-c-/src/BotCore/Integration/EpochFreezeEnforcement.cs(305,13): error CA1848: For improved performance, use the LoggerMessage delegates instead of calling 'LoggerExtensions.LogError(ILogger, Exception?, string?, params object?[])' (https://learn.microsoft.com/dotnet/fundamentals/code-analysis/quality-rules/ca1848) [/home/runner/work/trading-bot-c-/trading-bot-c-/src/BotCore/BotCore.csproj]
/home/runner/work/trading-bot-c-/trading-bot-c-/src/BotCore/Integration/ShadowModeManager.cs(482,62): error S1172: Remove this unused method parameter 'strategy'. (https://rules.sonarsource.com/csharp/RSPEC-1172) [/home/runner/work/trading-bot-c-/trading-bot-c-/src/BotCore/BotCore.csproj]
/home/runner/work/trading-bot-c-/trading-bot-c-/src/BotCore/Integration/ShadowModeManager.cs(482,87): error S1172: Remove this unused method parameter 'cancellationToken'. (https://rules.sonarsource.com/csharp/RSPEC-1172) [/home/runner/work/trading-bot-c-/trading-bot-c-/src/BotCore/BotCore.csproj]
/home/runner/work/trading-bot-c-/trading-bot-c-/src/BotCore/Integration/ShadowModeManager.cs(491,54): error S1172: Remove this unused method parameter 'pick'. (https://rules.sonarsource.com/csharp/RSPEC-1172) [/home/runner/work/trading-bot-c-/trading-bot-c-/src/BotCore/BotCore.csproj]
/home/runner/work/trading-bot-c-/trading-bot-c-/src/BotCore/Integration/ShadowModeManager.cs(491,71): error S1172: Remove this unused method parameter 'cancellationToken'. (https://rules.sonarsource.com/csharp/RSPEC-1172) [/home/runner/work/trading-bot-c-/trading-bot-c-/src/BotCore/BotCore.csproj]
/home/runner/work/trading-bot-c-/trading-bot-c-/src/BotCore/Integration/ShadowModeManager.cs(500,55): error S1172: Remove this unused method parameter 'trade'. (https://rules.sonarsource.com/csharp/RSPEC-1172) [/home/runner/work/trading-bot-c-/trading-bot-c-/src/BotCore/BotCore.csproj]
/home/runner/work/trading-bot-c-/trading-bot-c-/src/BotCore/Integration/ShadowModeManager.cs(500,74): error S1172: Remove this unused method parameter 'cancellationToken'. (https://rules.sonarsource.com/csharp/RSPEC-1172) [/home/runner/work/trading-bot-c-/trading-bot-c-/src/BotCore/BotCore.csproj]
/home/runner/work/trading-bot-c-/trading-bot-c-/src/BotCore/Integration/ShadowModeManager.cs(509,59): error S1172: Remove this unused method parameter 'strategy'. (https://rules.sonarsource.com/csharp/RSPEC-1172) [/home/runner/work/trading-bot-c-/trading-bot-c-/src/BotCore/BotCore.csproj]
/home/runner/work/trading-bot-c-/trading-bot-c-/src/BotCore/Integration/ShadowModeManager.cs(509,84): error S1172: Remove this unused method parameter 'metrics'. (https://rules.sonarsource.com/csharp/RSPEC-1172) [/home/runner/work/trading-bot-c-/trading-bot-c-/src/BotCore/BotCore.csproj]
/home/runner/work/trading-bot-c-/trading-bot-c-/src/BotCore/Integration/ShadowModeManager.cs(509,110): error S1172: Remove this unused method parameter 'cancellationToken'. (https://rules.sonarsource.com/csharp/RSPEC-1172) [/home/runner/work/trading-bot-c-/trading-bot-c-/src/BotCore/BotCore.csproj]
/home/runner/work/trading-bot-c-/trading-bot-c-/src/BotCore/Integration/ShadowModeManager.cs(518,58): error S1172: Remove this unused method parameter 'strategy'. (https://rules.sonarsource.com/csharp/RSPEC-1172) [/home/runner/work/trading-bot-c-/trading-bot-c-/src/BotCore/BotCore.csproj]
/home/runner/work/trading-bot-c-/trading-bot-c-/src/BotCore/Integration/ShadowModeManager.cs(518,83): error S1172: Remove this unused method parameter 'reason'. (https://rules.sonarsource.com/csharp/RSPEC-1172) [/home/runner/work/trading-bot-c-/trading-bot-c-/src/BotCore/BotCore.csproj]
/home/runner/work/trading-bot-c-/trading-bot-c-/src/BotCore/Integration/ShadowModeManager.cs(518,98): error S1172: Remove this unused method parameter 'cancellationToken'. (https://rules.sonarsource.com/csharp/RSPEC-1172) [/home/runner/work/trading-bot-c-/trading-bot-c-/src/BotCore/BotCore.csproj]
/home/runner/work/trading-bot-c-/trading-bot-c-/src/BotCore/Services/AutonomousDecisionEngine.cs(1428,80): error S1172: Remove this unused method parameter 'strategy'. (https://rules.sonarsource.com/csharp/RSPEC-1172) [/home/runner/work/trading-bot-c-/trading-bot-c-/src/BotCore/BotCore.csproj]
/home/runner/work/trading-bot-c-/trading-bot-c-/src/BotCore/Services/AutonomousDecisionEngine.cs(1436,9): error CA1031: Modify 'GetStrategyPerformanceFromAnalyzer' to catch a more specific allowed exception type, or rethrow the exception (https://learn.microsoft.com/dotnet/fundamentals/code-analysis/quality-rules/ca1031) [/home/runner/work/trading-bot-c-/trading-bot-c-/src/BotCore/BotCore.csproj]
/home/runner/work/trading-bot-c-/trading-bot-c-/src/BotCore/Services/AutonomousDecisionEngine.cs(1399,21): error CA1848: For improved performance, use the LoggerMessage delegates instead of calling 'LoggerExtensions.LogDebug(ILogger, string?, params object?[])' (https://learn.microsoft.com/dotnet/fundamentals/code-analysis/quality-rules/ca1848) [/home/runner/work/trading-bot-c-/trading-bot-c-/src/BotCore/BotCore.csproj]
/home/runner/work/trading-bot-c-/trading-bot-c-/src/BotCore/Services/AutonomousDecisionEngine.cs(1404,21): error CA1848: For improved performance, use the LoggerMessage delegates instead of calling 'LoggerExtensions.LogDebug(ILogger, string?, params object?[])' (https://learn.microsoft.com/dotnet/fundamentals/code-analysis/quality-rules/ca1848) [/home/runner/work/trading-bot-c-/trading-bot-c-/src/BotCore/BotCore.csproj]
/home/runner/work/trading-bot-c-/trading-bot-c-/src/BotCore/Services/AutonomousDecisionEngine.cs(1408,13): error CA1848: For improved performance, use the LoggerMessage delegates instead of calling 'LoggerExtensions.LogInformation(ILogger, string?, params object?[])' (https://learn.microsoft.com/dotnet/fundamentals/code-analysis/quality-rules/ca1848) [/home/runner/work/trading-bot-c-/trading-bot-c-/src/BotCore/BotCore.csproj]
/home/runner/work/trading-bot-c-/trading-bot-c-/src/BotCore/Services/AutonomousDecisionEngine.cs(1418,13): error CA1848: For improved performance, use the LoggerMessage delegates instead of calling 'LoggerExtensions.LogWarning(ILogger, Exception?, string?, params object?[])' (https://learn.microsoft.com/dotnet/fundamentals/code-analysis/quality-rules/ca1848) [/home/runner/work/trading-bot-c-/trading-bot-c-/src/BotCore/BotCore.csproj]
/home/runner/work/trading-bot-c-/trading-bot-c-/src/BotCore/Services/AutonomousDecisionEngine.cs(1416,9): error CA1031: Modify 'LoadHistoricalPerformanceDataAsync' to catch a more specific allowed exception type, or rethrow the exception (https://learn.microsoft.com/dotnet/fundamentals/code-analysis/quality-rules/ca1031) [/home/runner/work/trading-bot-c-/trading-bot-c-/src/BotCore/BotCore.csproj]
/home/runner/work/trading-bot-c-/trading-bot-c-/src/BotCore/ML/OnnxModelLoader.cs(1355,13): error CA1848: For improved performance, use the LoggerMessage delegates instead of calling 'LoggerExtensions.LogError(ILogger, Exception?, string?, params object?[])' (https://learn.microsoft.com/dotnet/fundamentals/code-analysis/quality-rules/ca1848) [/home/runner/work/trading-bot-c-/trading-bot-c-/src/BotCore/BotCore.csproj]
/home/runner/work/trading-bot-c-/trading-bot-c-/src/BotCore/ML/OnnxModelLoader.cs(1360,13): error CA1848: For improved performance, use the LoggerMessage delegates instead of calling 'LoggerExtensions.LogError(ILogger, Exception?, string?, params object?[])' (https://learn.microsoft.com/dotnet/fundamentals/code-analysis/quality-rules/ca1848) [/home/runner/work/trading-bot-c-/trading-bot-c-/src/BotCore/BotCore.csproj]
/home/runner/work/trading-bot-c-/trading-bot-c-/src/BotCore/ML/OnnxModelLoader.cs(1365,13): error CA1848: For improved performance, use the LoggerMessage delegates instead of calling 'LoggerExtensions.LogError(ILogger, Exception?, string?, params object?[])' (https://learn.microsoft.com/dotnet/fundamentals/code-analysis/quality-rules/ca1848) [/home/runner/work/trading-bot-c-/trading-bot-c-/src/BotCore/BotCore.csproj]
/home/runner/work/trading-bot-c-/trading-bot-c-/src/BotCore/ML/OnnxModelLoader.cs(1370,13): error CA1848: For improved performance, use the LoggerMessage delegates instead of calling 'LoggerExtensions.LogError(ILogger, Exception?, string?, params object?[])' (https://learn.microsoft.com/dotnet/fundamentals/code-analysis/quality-rules/ca1848) [/home/runner/work/trading-bot-c-/trading-bot-c-/src/BotCore/BotCore.csproj]
/home/runner/work/trading-bot-c-/trading-bot-c-/src/BotCore/Fusion/FeatureBusAdapter.cs(769,21): error S1541: The Cyclomatic Complexity of this method is 13 which is greater than 10 authorized. (https://rules.sonarsource.com/csharp/RSPEC-1541) [/home/runner/work/trading-bot-c-/trading-bot-c-/src/BotCore/BotCore.csproj]
/home/runner/work/trading-bot-c-/trading-bot-c-/src/BotCore/Services/AutonomousDecisionEngine.cs(1446,110): error S1172: Remove this unused method parameter 'cancellationToken'. (https://rules.sonarsource.com/csharp/RSPEC-1172) [/home/runner/work/trading-bot-c-/trading-bot-c-/src/BotCore/BotCore.csproj]
/home/runner/work/trading-bot-c-/trading-bot-c-/src/BotCore/Services/AutonomousDecisionEngine.cs(1476,77): error S1172: Remove this unused method parameter 'cancellationToken'. (https://rules.sonarsource.com/csharp/RSPEC-1172) [/home/runner/work/trading-bot-c-/trading-bot-c-/src/BotCore/BotCore.csproj]
/home/runner/work/trading-bot-c-/trading-bot-c-/src/BotCore/Fusion/FeatureBusAdapter.cs(803,21): error CA1848: For improved performance, use the LoggerMessage delegates instead of calling 'LoggerExtensions.LogTrace(ILogger, string?, params object?[])' (https://learn.microsoft.com/dotnet/fundamentals/code-analysis/quality-rules/ca1848) [/home/runner/work/trading-bot-c-/trading-bot-c-/src/BotCore/BotCore.csproj]
/home/runner/work/trading-bot-c-/trading-bot-c-/src/BotCore/Fusion/FeatureBusAdapter.cs(810,13): error CA1848: For improved performance, use the LoggerMessage delegates instead of calling 'LoggerExtensions.LogDebug(ILogger, string?, params object?[])' (https://learn.microsoft.com/dotnet/fundamentals/code-analysis/quality-rules/ca1848) [/home/runner/work/trading-bot-c-/trading-bot-c-/src/BotCore/BotCore.csproj]
/home/runner/work/trading-bot-c-/trading-bot-c-/src/BotCore/Fusion/FeatureBusAdapter.cs(816,13): error CA1848: For improved performance, use the LoggerMessage delegates instead of calling 'LoggerExtensions.LogError(ILogger, Exception?, string?, params object?[])' (https://learn.microsoft.com/dotnet/fundamentals/code-analysis/quality-rules/ca1848) [/home/runner/work/trading-bot-c-/trading-bot-c-/src/BotCore/BotCore.csproj]
/home/runner/work/trading-bot-c-/trading-bot-c-/src/BotCore/Services/AutonomousDecisionEngine.cs(1491,13): error CA1848: For improved performance, use the LoggerMessage delegates instead of calling 'LoggerExtensions.LogDebug(ILogger, string?, params object?[])' (https://learn.microsoft.com/dotnet/fundamentals/code-analysis/quality-rules/ca1848) [/home/runner/work/trading-bot-c-/trading-bot-c-/src/BotCore/BotCore.csproj]
/home/runner/work/trading-bot-c-/trading-bot-c-/src/BotCore/Services/AutonomousDecisionEngine.cs(1495,13): error CA1848: For improved performance, use the LoggerMessage delegates instead of calling 'LoggerExtensions.LogWarning(ILogger, Exception?, string?, params object?[])' (https://learn.microsoft.com/dotnet/fundamentals/code-analysis/quality-rules/ca1848) [/home/runner/work/trading-bot-c-/trading-bot-c-/src/BotCore/BotCore.csproj]
/home/runner/work/trading-bot-c-/trading-bot-c-/src/BotCore/Services/AutonomousDecisionEngine.cs(1493,9): error CA1031: Modify 'SendPerformanceMetricsAsync' to catch a more specific allowed exception type, or rethrow the exception (https://learn.microsoft.com/dotnet/fundamentals/code-analysis/quality-rules/ca1031) [/home/runner/work/trading-bot-c-/trading-bot-c-/src/BotCore/BotCore.csproj]
/home/runner/work/trading-bot-c-/trading-bot-c-/src/BotCore/Services/AutonomousDecisionEngine.cs(1463,17): error CA1848: For improved performance, use the LoggerMessage delegates instead of calling 'LoggerExtensions.LogInformation(ILogger, string?, params object?[])' (https://learn.microsoft.com/dotnet/fundamentals/code-analysis/quality-rules/ca1848) [/home/runner/work/trading-bot-c-/trading-bot-c-/src/BotCore/BotCore.csproj]
/home/runner/work/trading-bot-c-/trading-bot-c-/src/BotCore/Fusion/FeatureBusAdapter.cs(834,17): error CA1848: For improved performance, use the LoggerMessage delegates instead of calling 'LoggerExtensions.LogTrace(ILogger, string?, params object?[])' (https://learn.microsoft.com/dotnet/fundamentals/code-analysis/quality-rules/ca1848) [/home/runner/work/trading-bot-c-/trading-bot-c-/src/BotCore/BotCore.csproj]
/home/runner/work/trading-bot-c-/trading-bot-c-/src/BotCore/Fusion/FeatureBusAdapter.cs(847,13): error CA1848: For improved performance, use the LoggerMessage delegates instead of calling 'LoggerExtensions.LogDebug(ILogger, Exception?, string?, params object?[])' (https://learn.microsoft.com/dotnet/fundamentals/code-analysis/quality-rules/ca1848) [/home/runner/work/trading-bot-c-/trading-bot-c-/src/BotCore/BotCore.csproj]
/home/runner/work/trading-bot-c-/trading-bot-c-/src/BotCore/Fusion/FeatureBusAdapter.cs(845,9): error CA1031: Modify 'EnhanceWithOrderBookData' to catch a more specific allowed exception type, or rethrow the exception (https://learn.microsoft.com/dotnet/fundamentals/code-analysis/quality-rules/ca1031) [/home/runner/work/trading-bot-c-/trading-bot-c-/src/BotCore/BotCore.csproj]
/home/runner/work/trading-bot-c-/trading-bot-c-/src/BotCore/Fusion/FeatureBusAdapter.cs(814,9): error CA1031: Modify 'CalculateLiquidityScore' to catch a more specific allowed exception type, or rethrow the exception (https://learn.microsoft.com/dotnet/fundamentals/code-analysis/quality-rules/ca1031) [/home/runner/work/trading-bot-c-/trading-bot-c-/src/BotCore/BotCore.csproj]
/home/runner/work/trading-bot-c-/trading-bot-c-/src/BotCore/Integration/EpochFreezeEnforcement.cs(328,156): error S1172: Remove this unused method parameter 'cancellationToken'. (https://rules.sonarsource.com/csharp/RSPEC-1172) [/home/runner/work/trading-bot-c-/trading-bot-c-/src/BotCore/BotCore.csproj]
/home/runner/work/trading-bot-c-/trading-bot-c-/src/BotCore/Services/AutonomousDecisionEngine.cs(1504,77): error S1172: Remove this unused method parameter 'cancellationToken'. (https://rules.sonarsource.com/csharp/RSPEC-1172) [/home/runner/work/trading-bot-c-/trading-bot-c-/src/BotCore/BotCore.csproj]
/home/runner/work/trading-bot-c-/trading-bot-c-/src/BotCore/Services/AutonomousDecisionEngine.cs(1511,17): error CA1848: For improved performance, use the LoggerMessage delegates instead of calling 'LoggerExtensions.LogWarning(ILogger, string?, params object?[])' (https://learn.microsoft.com/dotnet/fundamentals/code-analysis/quality-rules/ca1848) [/home/runner/work/trading-bot-c-/trading-bot-c-/src/BotCore/BotCore.csproj]
/home/runner/work/trading-bot-c-/trading-bot-c-/src/BotCore/Services/AutonomousDecisionEngine.cs(1516,17): error CA1848: For improved performance, use the LoggerMessage delegates instead of calling 'LoggerExtensions.LogWarning(ILogger, string?, params object?[])' (https://learn.microsoft.com/dotnet/fundamentals/code-analysis/quality-rules/ca1848) [/home/runner/work/trading-bot-c-/trading-bot-c-/src/BotCore/BotCore.csproj]
/home/runner/work/trading-bot-c-/trading-bot-c-/src/BotCore/Services/AutonomousDecisionEngine.cs(1521,17): error CA1848: For improved performance, use the LoggerMessage delegates instead of calling 'LoggerExtensions.LogInformation(ILogger, string?, params object?[])' (https://learn.microsoft.com/dotnet/fundamentals/code-analysis/quality-rules/ca1848) [/home/runner/work/trading-bot-c-/trading-bot-c-/src/BotCore/BotCore.csproj]
/home/runner/work/trading-bot-c-/trading-bot-c-/src/BotCore/Services/AutonomousDecisionEngine.cs(1526,13): error CA1848: For improved performance, use the LoggerMessage delegates instead of calling 'LoggerExtensions.LogWarning(ILogger, Exception?, string?, params object?[])' (https://learn.microsoft.com/dotnet/fundamentals/code-analysis/quality-rules/ca1848) [/home/runner/work/trading-bot-c-/trading-bot-c-/src/BotCore/BotCore.csproj]
/home/runner/work/trading-bot-c-/trading-bot-c-/src/BotCore/Services/AutonomousDecisionEngine.cs(1524,9): error CA1031: Modify 'CheckPerformanceAlertsAsync' to catch a more specific allowed exception type, or rethrow the exception (https://learn.microsoft.com/dotnet/fundamentals/code-analysis/quality-rules/ca1031) [/home/runner/work/trading-bot-c-/trading-bot-c-/src/BotCore/BotCore.csproj]
/home/runner/work/trading-bot-c-/trading-bot-c-/src/BotCore/ML/OnnxModelLoader.cs(1435,13): error CA1848: For improved performance, use the LoggerMessage delegates instead of calling 'LoggerExtensions.LogInformation(ILogger, string?, params object?[])' (https://learn.microsoft.com/dotnet/fundamentals/code-analysis/quality-rules/ca1848) [/home/runner/work/trading-bot-c-/trading-bot-c-/src/BotCore/BotCore.csproj]
/home/runner/work/trading-bot-c-/trading-bot-c-/src/BotCore/ML/OnnxModelLoader.cs(1440,13): error CA1848: For improved performance, use the LoggerMessage delegates instead of calling 'LoggerExtensions.LogError(ILogger, Exception?, string?, params object?[])' (https://learn.microsoft.com/dotnet/fundamentals/code-analysis/quality-rules/ca1848) [/home/runner/work/trading-bot-c-/trading-bot-c-/src/BotCore/BotCore.csproj]
/home/runner/work/trading-bot-c-/trading-bot-c-/src/BotCore/ML/OnnxModelLoader.cs(1445,13): error CA1848: For improved performance, use the LoggerMessage delegates instead of calling 'LoggerExtensions.LogError(ILogger, Exception?, string?, params object?[])' (https://learn.microsoft.com/dotnet/fundamentals/code-analysis/quality-rules/ca1848) [/home/runner/work/trading-bot-c-/trading-bot-c-/src/BotCore/BotCore.csproj]
/home/runner/work/trading-bot-c-/trading-bot-c-/src/BotCore/ML/OnnxModelLoader.cs(1450,13): error CA1848: For improved performance, use the LoggerMessage delegates instead of calling 'LoggerExtensions.LogError(ILogger, Exception?, string?, params object?[])' (https://learn.microsoft.com/dotnet/fundamentals/code-analysis/quality-rules/ca1848) [/home/runner/work/trading-bot-c-/trading-bot-c-/src/BotCore/BotCore.csproj]
/home/runner/work/trading-bot-c-/trading-bot-c-/src/BotCore/ML/OnnxModelLoader.cs(1455,13): error CA1848: For improved performance, use the LoggerMessage delegates instead of calling 'LoggerExtensions.LogError(ILogger, Exception?, string?, params object?[])' (https://learn.microsoft.com/dotnet/fundamentals/code-analysis/quality-rules/ca1848) [/home/runner/work/trading-bot-c-/trading-bot-c-/src/BotCore/BotCore.csproj]
/home/runner/work/trading-bot-c-/trading-bot-c-/src/BotCore/Integration/EpochFreezeEnforcement.cs(468,39): error S1172: Remove this unused method parameter 'symbol'. (https://rules.sonarsource.com/csharp/RSPEC-1172) [/home/runner/work/trading-bot-c-/trading-bot-c-/src/BotCore/BotCore.csproj]
/home/runner/work/trading-bot-c-/trading-bot-c-/src/BotCore/Fusion/FeatureBusAdapter.cs(856,21): error S1541: The Cyclomatic Complexity of this method is 12 which is greater than 10 authorized. (https://rules.sonarsource.com/csharp/RSPEC-1541) [/home/runner/work/trading-bot-c-/trading-bot-c-/src/BotCore/BotCore.csproj]
/home/runner/work/trading-bot-c-/trading-bot-c-/src/BotCore/Services/AutonomousPerformanceTracker.cs(593,39): error S1541: The Cyclomatic Complexity of this method is 12 which is greater than 10 authorized. (https://rules.sonarsource.com/csharp/RSPEC-1541) [/home/runner/work/trading-bot-c-/trading-bot-c-/src/BotCore/BotCore.csproj]
/home/runner/work/trading-bot-c-/trading-bot-c-/src/BotCore/Fusion/FeatureBusAdapter.cs(890,17): error CA1848: For improved performance, use the LoggerMessage delegates instead of calling 'LoggerExtensions.LogTrace(ILogger, string?, params object?[])' (https://learn.microsoft.com/dotnet/fundamentals/code-analysis/quality-rules/ca1848) [/home/runner/work/trading-bot-c-/trading-bot-c-/src/BotCore/BotCore.csproj]
/home/runner/work/trading-bot-c-/trading-bot-c-/src/BotCore/Fusion/FeatureBusAdapter.cs(898,13): error CA1848: For improved performance, use the LoggerMessage delegates instead of calling 'LoggerExtensions.LogError(ILogger, Exception?, string?, params object?[])' (https://learn.microsoft.com/dotnet/fundamentals/code-analysis/quality-rules/ca1848) [/home/runner/work/trading-bot-c-/trading-bot-c-/src/BotCore/BotCore.csproj]
/home/runner/work/trading-bot-c-/trading-bot-c-/src/BotCore/Integration/EpochFreezeEnforcement.cs(506,13): error CA1848: For improved performance, use the LoggerMessage delegates instead of calling 'LoggerExtensions.LogWarning(ILogger, Exception?, string?, params object?[])' (https://learn.microsoft.com/dotnet/fundamentals/code-analysis/quality-rules/ca1848) [/home/runner/work/trading-bot-c-/trading-bot-c-/src/BotCore/BotCore.csproj]
/home/runner/work/trading-bot-c-/trading-bot-c-/src/BotCore/Integration/EpochFreezeEnforcement.cs(510,13): error CA1848: For improved performance, use the LoggerMessage delegates instead of calling 'LoggerExtensions.LogWarning(ILogger, Exception?, string?, params object?[])' (https://learn.microsoft.com/dotnet/fundamentals/code-analysis/quality-rules/ca1848) [/home/runner/work/trading-bot-c-/trading-bot-c-/src/BotCore/BotCore.csproj]
/home/runner/work/trading-bot-c-/trading-bot-c-/src/BotCore/Integration/EpochFreezeEnforcement.cs(514,13): error CA1848: For improved performance, use the LoggerMessage delegates instead of calling 'LoggerExtensions.LogWarning(ILogger, Exception?, string?, params object?[])' (https://learn.microsoft.com/dotnet/fundamentals/code-analysis/quality-rules/ca1848) [/home/runner/work/trading-bot-c-/trading-bot-c-/src/BotCore/BotCore.csproj]
/home/runner/work/trading-bot-c-/trading-bot-c-/src/BotCore/Fusion/FeatureBusAdapter.cs(896,9): error CA1031: Modify 'CalculateLiquidityAbsorptionBull' to catch a more specific allowed exception type, or rethrow the exception (https://learn.microsoft.com/dotnet/fundamentals/code-analysis/quality-rules/ca1031) [/home/runner/work/trading-bot-c-/trading-bot-c-/src/BotCore/BotCore.csproj]
/home/runner/work/trading-bot-c-/trading-bot-c-/src/BotCore/Integration/EpochFreezeEnforcement.cs(543,13): error CA1848: For improved performance, use the LoggerMessage delegates instead of calling 'LoggerExtensions.LogWarning(ILogger, Exception?, string?, params object?[])' (https://learn.microsoft.com/dotnet/fundamentals/code-analysis/quality-rules/ca1848) [/home/runner/work/trading-bot-c-/trading-bot-c-/src/BotCore/BotCore.csproj]
/home/runner/work/trading-bot-c-/trading-bot-c-/src/BotCore/Integration/EpochFreezeEnforcement.cs(547,13): error CA1848: For improved performance, use the LoggerMessage delegates instead of calling 'LoggerExtensions.LogWarning(ILogger, Exception?, string?, params object?[])' (https://learn.microsoft.com/dotnet/fundamentals/code-analysis/quality-rules/ca1848) [/home/runner/work/trading-bot-c-/trading-bot-c-/src/BotCore/BotCore.csproj]
/home/runner/work/trading-bot-c-/trading-bot-c-/src/BotCore/Integration/EpochFreezeEnforcement.cs(551,13): error CA1848: For improved performance, use the LoggerMessage delegates instead of calling 'LoggerExtensions.LogWarning(ILogger, Exception?, string?, params object?[])' (https://learn.microsoft.com/dotnet/fundamentals/code-analysis/quality-rules/ca1848) [/home/runner/work/trading-bot-c-/trading-bot-c-/src/BotCore/BotCore.csproj]
/home/runner/work/trading-bot-c-/trading-bot-c-/src/BotCore/ML/OnnxModelLoader.cs(1511,46): error AsyncFixer02: ComputeHashAsync should be used instead of sha256.ComputeHash. (https://github.com/semihokur/AsyncFixer) [/home/runner/work/trading-bot-c-/trading-bot-c-/src/BotCore/BotCore.csproj]
/home/runner/work/trading-bot-c-/trading-bot-c-/src/BotCore/Fusion/FeatureBusAdapter.cs(907,21): error S1541: The Cyclomatic Complexity of this method is 12 which is greater than 10 authorized. (https://rules.sonarsource.com/csharp/RSPEC-1541) [/home/runner/work/trading-bot-c-/trading-bot-c-/src/BotCore/BotCore.csproj]
/home/runner/work/trading-bot-c-/trading-bot-c-/src/BotCore/ML/OnnxModelLoader.cs(1485,25): error CA1848: For improved performance, use the LoggerMessage delegates instead of calling 'LoggerExtensions.LogInformation(ILogger, string?, params object?[])' (https://learn.microsoft.com/dotnet/fundamentals/code-analysis/quality-rules/ca1848) [/home/runner/work/trading-bot-c-/trading-bot-c-/src/BotCore/BotCore.csproj]
/home/runner/work/trading-bot-c-/trading-bot-c-/src/BotCore/ML/OnnxModelLoader.cs(1493,13): error CA1848: For improved performance, use the LoggerMessage delegates instead of calling 'LoggerExtensions.LogError(ILogger, Exception?, string?, params object?[])' (https://learn.microsoft.com/dotnet/fundamentals/code-analysis/quality-rules/ca1848) [/home/runner/work/trading-bot-c-/trading-bot-c-/src/BotCore/BotCore.csproj]
/home/runner/work/trading-bot-c-/trading-bot-c-/src/BotCore/ML/OnnxModelLoader.cs(1497,13): error CA1848: For improved performance, use the LoggerMessage delegates instead of calling 'LoggerExtensions.LogError(ILogger, Exception?, string?, params object?[])' (https://learn.microsoft.com/dotnet/fundamentals/code-analysis/quality-rules/ca1848) [/home/runner/work/trading-bot-c-/trading-bot-c-/src/BotCore/BotCore.csproj]
/home/runner/work/trading-bot-c-/trading-bot-c-/src/BotCore/ML/OnnxModelLoader.cs(1501,13): error CA1848: For improved performance, use the LoggerMessage delegates instead of calling 'LoggerExtensions.LogError(ILogger, Exception?, string?, params object?[])' (https://learn.microsoft.com/dotnet/fundamentals/code-analysis/quality-rules/ca1848) [/home/runner/work/trading-bot-c-/trading-bot-c-/src/BotCore/BotCore.csproj]
/home/runner/work/trading-bot-c-/trading-bot-c-/src/BotCore/Fusion/FeatureBusAdapter.cs(941,17): error CA1848: For improved performance, use the LoggerMessage delegates instead of calling 'LoggerExtensions.LogTrace(ILogger, string?, params object?[])' (https://learn.microsoft.com/dotnet/fundamentals/code-analysis/quality-rules/ca1848) [/home/runner/work/trading-bot-c-/trading-bot-c-/src/BotCore/BotCore.csproj]
/home/runner/work/trading-bot-c-/trading-bot-c-/src/BotCore/Fusion/FeatureBusAdapter.cs(949,13): error CA1848: For improved performance, use the LoggerMessage delegates instead of calling 'LoggerExtensions.LogError(ILogger, Exception?, string?, params object?[])' (https://learn.microsoft.com/dotnet/fundamentals/code-analysis/quality-rules/ca1848) [/home/runner/work/trading-bot-c-/trading-bot-c-/src/BotCore/BotCore.csproj]
/home/runner/work/trading-bot-c-/trading-bot-c-/src/BotCore/Integration/EpochFreezeEnforcement.cs(578,13): error CA1848: For improved performance, use the LoggerMessage delegates instead of calling 'LoggerExtensions.LogWarning(ILogger, Exception?, string?, params object?[])' (https://learn.microsoft.com/dotnet/fundamentals/code-analysis/quality-rules/ca1848) [/home/runner/work/trading-bot-c-/trading-bot-c-/src/BotCore/BotCore.csproj]
/home/runner/work/trading-bot-c-/trading-bot-c-/src/BotCore/Integration/EpochFreezeEnforcement.cs(582,13): error CA1848: For improved performance, use the LoggerMessage delegates instead of calling 'LoggerExtensions.LogWarning(ILogger, Exception?, string?, params object?[])' (https://learn.microsoft.com/dotnet/fundamentals/code-analysis/quality-rules/ca1848) [/home/runner/work/trading-bot-c-/trading-bot-c-/src/BotCore/BotCore.csproj]
/home/runner/work/trading-bot-c-/trading-bot-c-/src/BotCore/Integration/EpochFreezeEnforcement.cs(586,13): error CA1848: For improved performance, use the LoggerMessage delegates instead of calling 'LoggerExtensions.LogWarning(ILogger, Exception?, string?, params object?[])' (https://learn.microsoft.com/dotnet/fundamentals/code-analysis/quality-rules/ca1848) [/home/runner/work/trading-bot-c-/trading-bot-c-/src/BotCore/BotCore.csproj]
/home/runner/work/trading-bot-c-/trading-bot-c-/src/BotCore/Integration/EpochFreezeEnforcement.cs(593,29): error CA1024: Use properties where appropriate (https://learn.microsoft.com/dotnet/fundamentals/code-analysis/quality-rules/ca1024) [/home/runner/work/trading-bot-c-/trading-bot-c-/src/BotCore/BotCore.csproj]
/home/runner/work/trading-bot-c-/trading-bot-c-/src/BotCore/Fusion/FeatureBusAdapter.cs(947,9): error CA1031: Modify 'CalculateLiquidityAbsorptionBear' to catch a more specific allowed exception type, or rethrow the exception (https://learn.microsoft.com/dotnet/fundamentals/code-analysis/quality-rules/ca1031) [/home/runner/work/trading-bot-c-/trading-bot-c-/src/BotCore/BotCore.csproj]
/home/runner/work/trading-bot-c-/trading-bot-c-/src/BotCore/ML/OnnxModelLoader.cs(1531,9): error CA1848: For improved performance, use the LoggerMessage delegates instead of calling 'LoggerExtensions.LogInformation(ILogger, string?, params object?[])' (https://learn.microsoft.com/dotnet/fundamentals/code-analysis/quality-rules/ca1848) [/home/runner/work/trading-bot-c-/trading-bot-c-/src/BotCore/BotCore.csproj]
/home/runner/work/trading-bot-c-/trading-bot-c-/src/BotCore/Services/AutonomousDecisionEngine.cs(1606,17): error S1905: Remove this unnecessary cast to 'double'. (https://rules.sonarsource.com/csharp/RSPEC-1905) [/home/runner/work/trading-bot-c-/trading-bot-c-/src/BotCore/BotCore.csproj]
/home/runner/work/trading-bot-c-/trading-bot-c-/src/BotCore/Fusion/FeatureBusAdapter.cs(996,21): error CA1848: For improved performance, use the LoggerMessage delegates instead of calling 'LoggerExtensions.LogTrace(ILogger, string?, params object?[])' (https://learn.microsoft.com/dotnet/fundamentals/code-analysis/quality-rules/ca1848) [/home/runner/work/trading-bot-c-/trading-bot-c-/src/BotCore/BotCore.csproj]
/home/runner/work/trading-bot-c-/trading-bot-c-/src/BotCore/Fusion/FeatureBusAdapter.cs(1006,13): error CA1848: For improved performance, use the LoggerMessage delegates instead of calling 'LoggerExtensions.LogError(ILogger, Exception?, string?, params object?[])' (https://learn.microsoft.com/dotnet/fundamentals/code-analysis/quality-rules/ca1848) [/home/runner/work/trading-bot-c-/trading-bot-c-/src/BotCore/BotCore.csproj]
/home/runner/work/trading-bot-c-/trading-bot-c-/src/BotCore/Fusion/FeatureBusAdapter.cs(1004,9): error CA1031: Modify 'CalculateVolumeProfileRange' to catch a more specific allowed exception type, or rethrow the exception (https://learn.microsoft.com/dotnet/fundamentals/code-analysis/quality-rules/ca1031) [/home/runner/work/trading-bot-c-/trading-bot-c-/src/BotCore/BotCore.csproj]
/home/runner/work/trading-bot-c-/trading-bot-c-/src/BotCore/ML/OnnxModelLoader.cs(1577,17): error CA1848: For improved performance, use the LoggerMessage delegates instead of calling 'LoggerExtensions.LogInformation(ILogger, string?, params object?[])' (https://learn.microsoft.com/dotnet/fundamentals/code-analysis/quality-rules/ca1848) [/home/runner/work/trading-bot-c-/trading-bot-c-/src/BotCore/BotCore.csproj]
/home/runner/work/trading-bot-c-/trading-bot-c-/src/BotCore/ML/OnnxModelLoader.cs(1586,13): error CA1848: For improved performance, use the LoggerMessage delegates instead of calling 'LoggerExtensions.LogWarning(ILogger, Exception?, string?, params object?[])' (https://learn.microsoft.com/dotnet/fundamentals/code-analysis/quality-rules/ca1848) [/home/runner/work/trading-bot-c-/trading-bot-c-/src/BotCore/BotCore.csproj]
/home/runner/work/trading-bot-c-/trading-bot-c-/src/BotCore/ML/OnnxModelLoader.cs(1597,13): error CA1848: For improved performance, use the LoggerMessage delegates instead of calling 'LoggerExtensions.LogInformation(ILogger, string?, params object?[])' (https://learn.microsoft.com/dotnet/fundamentals/code-analysis/quality-rules/ca1848) [/home/runner/work/trading-bot-c-/trading-bot-c-/src/BotCore/BotCore.csproj]
/home/runner/work/trading-bot-c-/trading-bot-c-/src/BotCore/ML/OnnxModelLoader.cs(1603,13): error CA1848: For improved performance, use the LoggerMessage delegates instead of calling 'LoggerExtensions.LogInformation(ILogger, string?, params object?[])' (https://learn.microsoft.com/dotnet/fundamentals/code-analysis/quality-rules/ca1848) [/home/runner/work/trading-bot-c-/trading-bot-c-/src/BotCore/BotCore.csproj]
/home/runner/work/trading-bot-c-/trading-bot-c-/src/BotCore/ML/OnnxModelLoader.cs(1607,13): error CA1848: For improved performance, use the LoggerMessage delegates instead of calling 'LoggerExtensions.LogError(ILogger, Exception?, string?, params object?[])' (https://learn.microsoft.com/dotnet/fundamentals/code-analysis/quality-rules/ca1848) [/home/runner/work/trading-bot-c-/trading-bot-c-/src/BotCore/BotCore.csproj]
/home/runner/work/trading-bot-c-/trading-bot-c-/src/BotCore/ML/OnnxModelLoader.cs(1611,13): error CA1848: For improved performance, use the LoggerMessage delegates instead of calling 'LoggerExtensions.LogError(ILogger, Exception?, string?, params object?[])' (https://learn.microsoft.com/dotnet/fundamentals/code-analysis/quality-rules/ca1848) [/home/runner/work/trading-bot-c-/trading-bot-c-/src/BotCore/BotCore.csproj]
/home/runner/work/trading-bot-c-/trading-bot-c-/src/BotCore/Integration/ComprehensiveTelemetryService.cs(37,9): error CA1848: For improved performance, use the LoggerMessage delegates instead of calling 'LoggerExtensions.LogInformation(ILogger, string?, params object?[])' (https://learn.microsoft.com/dotnet/fundamentals/code-analysis/quality-rules/ca1848) [/home/runner/work/trading-bot-c-/trading-bot-c-/src/BotCore/BotCore.csproj]
/home/runner/work/trading-bot-c-/trading-bot-c-/src/BotCore/Services/AutonomousDecisionEngine.cs(1654,89): error S1172: Remove this unused method parameter 'cancellationToken'. (https://rules.sonarsource.com/csharp/RSPEC-1172) [/home/runner/work/trading-bot-c-/trading-bot-c-/src/BotCore/BotCore.csproj]
/home/runner/work/trading-bot-c-/trading-bot-c-/src/BotCore/Services/AutonomousDecisionEngine.cs(1687,65): error S1172: Remove this unused method parameter 'cancellationToken'. (https://rules.sonarsource.com/csharp/RSPEC-1172) [/home/runner/work/trading-bot-c-/trading-bot-c-/src/BotCore/BotCore.csproj]
/home/runner/work/trading-bot-c-/trading-bot-c-/src/BotCore/Fusion/FeatureBusAdapter.cs(1050,17): error CA1848: For improved performance, use the LoggerMessage delegates instead of calling 'LoggerExtensions.LogTrace(ILogger, string?, params object?[])' (https://learn.microsoft.com/dotnet/fundamentals/code-analysis/quality-rules/ca1848) [/home/runner/work/trading-bot-c-/trading-bot-c-/src/BotCore/BotCore.csproj]
/home/runner/work/trading-bot-c-/trading-bot-c-/src/BotCore/Fusion/FeatureBusAdapter.cs(1059,13): error CA1848: For improved performance, use the LoggerMessage delegates instead of calling 'LoggerExtensions.LogError(ILogger, Exception?, string?, params object?[])' (https://learn.microsoft.com/dotnet/fundamentals/code-analysis/quality-rules/ca1848) [/home/runner/work/trading-bot-c-/trading-bot-c-/src/BotCore/BotCore.csproj]
/home/runner/work/trading-bot-c-/trading-bot-c-/src/BotCore/Services/AutonomousDecisionEngine.cs(1676,13): error CA1848: For improved performance, use the LoggerMessage delegates instead of calling 'LoggerExtensions.LogInformation(ILogger, string?, params object?[])' (https://learn.microsoft.com/dotnet/fundamentals/code-analysis/quality-rules/ca1848) [/home/runner/work/trading-bot-c-/trading-bot-c-/src/BotCore/BotCore.csproj]
/home/runner/work/trading-bot-c-/trading-bot-c-/src/BotCore/Services/AutonomousDecisionEngine.cs(1683,13): error CA1848: For improved performance, use the LoggerMessage delegates instead of calling 'LoggerExtensions.LogError(ILogger, Exception?, string?, params object?[])' (https://learn.microsoft.com/dotnet/fundamentals/code-analysis/quality-rules/ca1848) [/home/runner/work/trading-bot-c-/trading-bot-c-/src/BotCore/BotCore.csproj]
/home/runner/work/trading-bot-c-/trading-bot-c-/src/BotCore/Services/AutonomousDecisionEngine.cs(1694,13): error CA1848: For improved performance, use the LoggerMessage delegates instead of calling 'LoggerExtensions.LogInformation(ILogger, string?, params object?[])' (https://learn.microsoft.com/dotnet/fundamentals/code-analysis/quality-rules/ca1848) [/home/runner/work/trading-bot-c-/trading-bot-c-/src/BotCore/BotCore.csproj]
/home/runner/work/trading-bot-c-/trading-bot-c-/src/BotCore/Services/AutonomousDecisionEngine.cs(1701,13): error CA1848: For improved performance, use the LoggerMessage delegates instead of calling 'LoggerExtensions.LogError(ILogger, Exception?, string?, params object?[])' (https://learn.microsoft.com/dotnet/fundamentals/code-analysis/quality-rules/ca1848) [/home/runner/work/trading-bot-c-/trading-bot-c-/src/BotCore/BotCore.csproj]
/home/runner/work/trading-bot-c-/trading-bot-c-/src/BotCore/Services/AutonomousDecisionEngine.cs(1699,9): error CA1031: Modify 'ScaleOutPositionAsync' to catch a more specific allowed exception type, or rethrow the exception (https://learn.microsoft.com/dotnet/fundamentals/code-analysis/quality-rules/ca1031) [/home/runner/work/trading-bot-c-/trading-bot-c-/src/BotCore/BotCore.csproj]
/home/runner/work/trading-bot-c-/trading-bot-c-/src/BotCore/Services/AutonomousDecisionEngine.cs(1681,9): error CA1031: Modify 'UpdateTrailingStopAsync' to catch a more specific allowed exception type, or rethrow the exception (https://learn.microsoft.com/dotnet/fundamentals/code-analysis/quality-rules/ca1031) [/home/runner/work/trading-bot-c-/trading-bot-c-/src/BotCore/BotCore.csproj]
/home/runner/work/trading-bot-c-/trading-bot-c-/src/BotCore/ML/OnnxModelLoader.cs(1639,13): error CA1848: For improved performance, use the LoggerMessage delegates instead of calling 'LoggerExtensions.LogInformation(ILogger, string?, params object?[])' (https://learn.microsoft.com/dotnet/fundamentals/code-analysis/quality-rules/ca1848) [/home/runner/work/trading-bot-c-/trading-bot-c-/src/BotCore/BotCore.csproj]
/home/runner/work/trading-bot-c-/trading-bot-c-/src/BotCore/ML/OnnxModelLoader.cs(1643,13): error CA1848: For improved performance, use the LoggerMessage delegates instead of calling 'LoggerExtensions.LogError(ILogger, Exception?, string?, params object?[])' (https://learn.microsoft.com/dotnet/fundamentals/code-analysis/quality-rules/ca1848) [/home/runner/work/trading-bot-c-/trading-bot-c-/src/BotCore/BotCore.csproj]
/home/runner/work/trading-bot-c-/trading-bot-c-/src/BotCore/ML/OnnxModelLoader.cs(1647,13): error CA1848: For improved performance, use the LoggerMessage delegates instead of calling 'LoggerExtensions.LogError(ILogger, Exception?, string?, params object?[])' (https://learn.microsoft.com/dotnet/fundamentals/code-analysis/quality-rules/ca1848) [/home/runner/work/trading-bot-c-/trading-bot-c-/src/BotCore/BotCore.csproj]
/home/runner/work/trading-bot-c-/trading-bot-c-/src/BotCore/ML/OnnxModelLoader.cs(1651,13): error CA1848: For improved performance, use the LoggerMessage delegates instead of calling 'LoggerExtensions.LogError(ILogger, Exception?, string?, params object?[])' (https://learn.microsoft.com/dotnet/fundamentals/code-analysis/quality-rules/ca1848) [/home/runner/work/trading-bot-c-/trading-bot-c-/src/BotCore/BotCore.csproj]
/home/runner/work/trading-bot-c-/trading-bot-c-/src/BotCore/Fusion/FeatureBusAdapter.cs(1057,9): error CA1031: Modify 'CalculateOrderFlowImbalanceProxy' to catch a more specific allowed exception type, or rethrow the exception (https://learn.microsoft.com/dotnet/fundamentals/code-analysis/quality-rules/ca1031) [/home/runner/work/trading-bot-c-/trading-bot-c-/src/BotCore/BotCore.csproj]
/home/runner/work/trading-bot-c-/trading-bot-c-/src/BotCore/Services/AutonomousDecisionEngine.cs(1709,13): error CA1848: For improved performance, use the LoggerMessage delegates instead of calling 'LoggerExtensions.LogInformation(ILogger, string?, params object?[])' (https://learn.microsoft.com/dotnet/fundamentals/code-analysis/quality-rules/ca1848) [/home/runner/work/trading-bot-c-/trading-bot-c-/src/BotCore/BotCore.csproj]
/home/runner/work/trading-bot-c-/trading-bot-c-/src/BotCore/Services/AutonomousDecisionEngine.cs(1730,13): error CA1848: For improved performance, use the LoggerMessage delegates instead of calling 'LoggerExtensions.LogError(ILogger, Exception?, string?, params object?[])' (https://learn.microsoft.com/dotnet/fundamentals/code-analysis/quality-rules/ca1848) [/home/runner/work/trading-bot-c-/trading-bot-c-/src/BotCore/BotCore.csproj]
/home/runner/work/trading-bot-c-/trading-bot-c-/src/BotCore/Services/AutonomousDecisionEngine.cs(1728,9): error CA1031: Modify 'ExitPositionAsync' to catch a more specific allowed exception type, or rethrow the exception (https://learn.microsoft.com/dotnet/fundamentals/code-analysis/quality-rules/ca1031) [/home/runner/work/trading-bot-c-/trading-bot-c-/src/BotCore/BotCore.csproj]
/home/runner/work/trading-bot-c-/trading-bot-c-/src/BotCore/Integration/ComprehensiveTelemetryService.cs(73,13): error CA1848: For improved performance, use the LoggerMessage delegates instead of calling 'LoggerExtensions.LogInformation(ILogger, string?, params object?[])' (https://learn.microsoft.com/dotnet/fundamentals/code-analysis/quality-rules/ca1848) [/home/runner/work/trading-bot-c-/trading-bot-c-/src/BotCore/BotCore.csproj]
/home/runner/work/trading-bot-c-/trading-bot-c-/src/BotCore/Integration/ComprehensiveTelemetryService.cs(79,17): error CA1848: For improved performance, use the LoggerMessage delegates instead of calling 'LoggerExtensions.LogTrace(ILogger, string?, params object?[])' (https://learn.microsoft.com/dotnet/fundamentals/code-analysis/quality-rules/ca1848) [/home/runner/work/trading-bot-c-/trading-bot-c-/src/BotCore/BotCore.csproj]
/home/runner/work/trading-bot-c-/trading-bot-c-/src/BotCore/Integration/ComprehensiveTelemetryService.cs(85,17): error CA1848: For improved performance, use the LoggerMessage delegates instead of calling 'LoggerExtensions.LogTrace(ILogger, string?, params object?[])' (https://learn.microsoft.com/dotnet/fundamentals/code-analysis/quality-rules/ca1848) [/home/runner/work/trading-bot-c-/trading-bot-c-/src/BotCore/BotCore.csproj]
/home/runner/work/trading-bot-c-/trading-bot-c-/src/BotCore/Integration/ComprehensiveTelemetryService.cs(92,17): error CA1848: For improved performance, use the LoggerMessage delegates instead of calling 'LoggerExtensions.LogTrace(ILogger, string?, params object?[])' (https://learn.microsoft.com/dotnet/fundamentals/code-analysis/quality-rules/ca1848) [/home/runner/work/trading-bot-c-/trading-bot-c-/src/BotCore/BotCore.csproj]
/home/runner/work/trading-bot-c-/trading-bot-c-/src/BotCore/Integration/ComprehensiveTelemetryService.cs(96,13): error CA1848: For improved performance, use the LoggerMessage delegates instead of calling 'LoggerExtensions.LogTrace(ILogger, string?, params object?[])' (https://learn.microsoft.com/dotnet/fundamentals/code-analysis/quality-rules/ca1848) [/home/runner/work/trading-bot-c-/trading-bot-c-/src/BotCore/BotCore.csproj]
/home/runner/work/trading-bot-c-/trading-bot-c-/src/BotCore/Integration/ComprehensiveTelemetryService.cs(100,13): error CA1848: For improved performance, use the LoggerMessage delegates instead of calling 'LoggerExtensions.LogWarning(ILogger, Exception?, string?, params object?[])' (https://learn.microsoft.com/dotnet/fundamentals/code-analysis/quality-rules/ca1848) [/home/runner/work/trading-bot-c-/trading-bot-c-/src/BotCore/BotCore.csproj]
/home/runner/work/trading-bot-c-/trading-bot-c-/src/BotCore/Integration/ComprehensiveTelemetryService.cs(104,13): error CA1848: For improved performance, use the LoggerMessage delegates instead of calling 'LoggerExtensions.LogWarning(ILogger, Exception?, string?, params object?[])' (https://learn.microsoft.com/dotnet/fundamentals/code-analysis/quality-rules/ca1848) [/home/runner/work/trading-bot-c-/trading-bot-c-/src/BotCore/BotCore.csproj]
/home/runner/work/trading-bot-c-/trading-bot-c-/src/BotCore/Services/AutonomousDecisionEngine.cs(1765,9): error CA1848: For improved performance, use the LoggerMessage delegates instead of calling 'LoggerExtensions.LogInformation(ILogger, string?, params object?[])' (https://learn.microsoft.com/dotnet/fundamentals/code-analysis/quality-rules/ca1848) [/home/runner/work/trading-bot-c-/trading-bot-c-/src/BotCore/BotCore.csproj]
/home/runner/work/trading-bot-c-/trading-bot-c-/src/BotCore/Integration/ComprehensiveTelemetryService.cs(124,13): error CA1848: For improved performance, use the LoggerMessage delegates instead of calling 'LoggerExtensions.LogTrace(ILogger, string?, params object?[])' (https://learn.microsoft.com/dotnet/fundamentals/code-analysis/quality-rules/ca1848) [/home/runner/work/trading-bot-c-/trading-bot-c-/src/BotCore/BotCore.csproj]
/home/runner/work/trading-bot-c-/trading-bot-c-/src/BotCore/Integration/ComprehensiveTelemetryService.cs(129,13): error CA1848: For improved performance, use the LoggerMessage delegates instead of calling 'LoggerExtensions.LogWarning(ILogger, Exception?, string?, params object?[])' (https://learn.microsoft.com/dotnet/fundamentals/code-analysis/quality-rules/ca1848) [/home/runner/work/trading-bot-c-/trading-bot-c-/src/BotCore/BotCore.csproj]
/home/runner/work/trading-bot-c-/trading-bot-c-/src/BotCore/Integration/ComprehensiveTelemetryService.cs(133,13): error CA1848: For improved performance, use the LoggerMessage delegates instead of calling 'LoggerExtensions.LogWarning(ILogger, Exception?, string?, params object?[])' (https://learn.microsoft.com/dotnet/fundamentals/code-analysis/quality-rules/ca1848) [/home/runner/work/trading-bot-c-/trading-bot-c-/src/BotCore/BotCore.csproj]
/home/runner/work/trading-bot-c-/trading-bot-c-/src/BotCore/Integration/ComprehensiveTelemetryService.cs(158,13): error CA1848: For improved performance, use the LoggerMessage delegates instead of calling 'LoggerExtensions.LogTrace(ILogger, string?, params object?[])' (https://learn.microsoft.com/dotnet/fundamentals/code-analysis/quality-rules/ca1848) [/home/runner/work/trading-bot-c-/trading-bot-c-/src/BotCore/BotCore.csproj]
/home/runner/work/trading-bot-c-/trading-bot-c-/src/BotCore/Integration/ComprehensiveTelemetryService.cs(163,13): error CA1848: For improved performance, use the LoggerMessage delegates instead of calling 'LoggerExtensions.LogWarning(ILogger, Exception?, string?, params object?[])' (https://learn.microsoft.com/dotnet/fundamentals/code-analysis/quality-rules/ca1848) [/home/runner/work/trading-bot-c-/trading-bot-c-/src/BotCore/BotCore.csproj]
/home/runner/work/trading-bot-c-/trading-bot-c-/src/BotCore/Integration/ComprehensiveTelemetryService.cs(167,13): error CA1848: For improved performance, use the LoggerMessage delegates instead of calling 'LoggerExtensions.LogWarning(ILogger, Exception?, string?, params object?[])' (https://learn.microsoft.com/dotnet/fundamentals/code-analysis/quality-rules/ca1848) [/home/runner/work/trading-bot-c-/trading-bot-c-/src/BotCore/BotCore.csproj]
/home/runner/work/trading-bot-c-/trading-bot-c-/src/BotCore/Integration/ComprehensiveTelemetryService.cs(191,13): error CA1848: For improved performance, use the LoggerMessage delegates instead of calling 'LoggerExtensions.LogDebug(ILogger, string?, params object?[])' (https://learn.microsoft.com/dotnet/fundamentals/code-analysis/quality-rules/ca1848) [/home/runner/work/trading-bot-c-/trading-bot-c-/src/BotCore/BotCore.csproj]
/home/runner/work/trading-bot-c-/trading-bot-c-/src/BotCore/Integration/ComprehensiveTelemetryService.cs(196,13): error CA1848: For improved performance, use the LoggerMessage delegates instead of calling 'LoggerExtensions.LogWarning(ILogger, Exception?, string?, params object?[])' (https://learn.microsoft.com/dotnet/fundamentals/code-analysis/quality-rules/ca1848) [/home/runner/work/trading-bot-c-/trading-bot-c-/src/BotCore/BotCore.csproj]
/home/runner/work/trading-bot-c-/trading-bot-c-/src/BotCore/Integration/ComprehensiveTelemetryService.cs(200,13): error CA1848: For improved performance, use the LoggerMessage delegates instead of calling 'LoggerExtensions.LogWarning(ILogger, Exception?, string?, params object?[])' (https://learn.microsoft.com/dotnet/fundamentals/code-analysis/quality-rules/ca1848) [/home/runner/work/trading-bot-c-/trading-bot-c-/src/BotCore/BotCore.csproj]
/home/runner/work/trading-bot-c-/trading-bot-c-/src/BotCore/Integration/AtomicStatePersistence.cs(64,9): error CA1848: For improved performance, use the LoggerMessage delegates instead of calling 'LoggerExtensions.LogInformation(ILogger, string?, params object?[])' (https://learn.microsoft.com/dotnet/fundamentals/code-analysis/quality-rules/ca1848) [/home/runner/work/trading-bot-c-/trading-bot-c-/src/BotCore/BotCore.csproj]
/home/runner/work/trading-bot-c-/trading-bot-c-/src/BotCore/Integration/AtomicStatePersistence.cs(86,17): error CA1848: For improved performance, use the LoggerMessage delegates instead of calling 'LoggerExtensions.LogDebug(ILogger, string?, params object?[])' (https://learn.microsoft.com/dotnet/fundamentals/code-analysis/quality-rules/ca1848) [/home/runner/work/trading-bot-c-/trading-bot-c-/src/BotCore/BotCore.csproj]
/home/runner/work/trading-bot-c-/trading-bot-c-/src/BotCore/Integration/ComprehensiveTelemetryService.cs(231,13): error CA1848: For improved performance, use the LoggerMessage delegates instead of calling 'LoggerExtensions.LogWarning(ILogger, string?, params object?[])' (https://learn.microsoft.com/dotnet/fundamentals/code-analysis/quality-rules/ca1848) [/home/runner/work/trading-bot-c-/trading-bot-c-/src/BotCore/BotCore.csproj]
/home/runner/work/trading-bot-c-/trading-bot-c-/src/BotCore/Integration/ComprehensiveTelemetryService.cs(235,13): error CA1848: For improved performance, use the LoggerMessage delegates instead of calling 'LoggerExtensions.LogError(ILogger, Exception?, string?, params object?[])' (https://learn.microsoft.com/dotnet/fundamentals/code-analysis/quality-rules/ca1848) [/home/runner/work/trading-bot-c-/trading-bot-c-/src/BotCore/BotCore.csproj]
/home/runner/work/trading-bot-c-/trading-bot-c-/src/BotCore/Integration/ComprehensiveTelemetryService.cs(239,13): error CA1848: For improved performance, use the LoggerMessage delegates instead of calling 'LoggerExtensions.LogError(ILogger, Exception?, string?, params object?[])' (https://learn.microsoft.com/dotnet/fundamentals/code-analysis/quality-rules/ca1848) [/home/runner/work/trading-bot-c-/trading-bot-c-/src/BotCore/BotCore.csproj]
/home/runner/work/trading-bot-c-/trading-bot-c-/src/BotCore/Integration/ComprehensiveTelemetryService.cs(303,19): error CA1024: Use properties where appropriate (https://learn.microsoft.com/dotnet/fundamentals/code-analysis/quality-rules/ca1024) [/home/runner/work/trading-bot-c-/trading-bot-c-/src/BotCore/BotCore.csproj]
/home/runner/work/trading-bot-c-/trading-bot-c-/src/BotCore/Integration/ComprehensiveTelemetryService.cs(287,13): error CA1848: For improved performance, use the LoggerMessage delegates instead of calling 'LoggerExtensions.LogTrace(ILogger, string?, params object?[])' (https://learn.microsoft.com/dotnet/fundamentals/code-analysis/quality-rules/ca1848) [/home/runner/work/trading-bot-c-/trading-bot-c-/src/BotCore/BotCore.csproj]
/home/runner/work/trading-bot-c-/trading-bot-c-/src/BotCore/Integration/ComprehensiveTelemetryService.cs(292,13): error CA1848: For improved performance, use the LoggerMessage delegates instead of calling 'LoggerExtensions.LogWarning(ILogger, Exception?, string?, params object?[])' (https://learn.microsoft.com/dotnet/fundamentals/code-analysis/quality-rules/ca1848) [/home/runner/work/trading-bot-c-/trading-bot-c-/src/BotCore/BotCore.csproj]
/home/runner/work/trading-bot-c-/trading-bot-c-/src/BotCore/Integration/ComprehensiveTelemetryService.cs(296,13): error CA1848: For improved performance, use the LoggerMessage delegates instead of calling 'LoggerExtensions.LogWarning(ILogger, Exception?, string?, params object?[])' (https://learn.microsoft.com/dotnet/fundamentals/code-analysis/quality-rules/ca1848) [/home/runner/work/trading-bot-c-/trading-bot-c-/src/BotCore/BotCore.csproj]
/home/runner/work/trading-bot-c-/trading-bot-c-/src/BotCore/Integration/ComprehensiveTelemetryService.cs(311,39): error CA1024: Use properties where appropriate (https://learn.microsoft.com/dotnet/fundamentals/code-analysis/quality-rules/ca1024) [/home/runner/work/trading-bot-c-/trading-bot-c-/src/BotCore/BotCore.csproj]
/home/runner/work/trading-bot-c-/trading-bot-c-/src/BotCore/Integration/ComprehensiveTelemetryService.cs(325,9): error CA1848: For improved performance, use the LoggerMessage delegates instead of calling 'LoggerExtensions.LogInformation(ILogger, string?, params object?[])' (https://learn.microsoft.com/dotnet/fundamentals/code-analysis/quality-rules/ca1848) [/home/runner/work/trading-bot-c-/trading-bot-c-/src/BotCore/BotCore.csproj]
/home/runner/work/trading-bot-c-/trading-bot-c-/src/BotCore/Integration/AtomicStatePersistence.cs(110,13): error CA1848: For improved performance, use the LoggerMessage delegates instead of calling 'LoggerExtensions.LogTrace(ILogger, string?, params object?[])' (https://learn.microsoft.com/dotnet/fundamentals/code-analysis/quality-rules/ca1848) [/home/runner/work/trading-bot-c-/trading-bot-c-/src/BotCore/BotCore.csproj]
/home/runner/work/trading-bot-c-/trading-bot-c-/src/BotCore/Integration/AtomicStatePersistence.cs(114,13): error CA1848: For improved performance, use the LoggerMessage delegates instead of calling 'LoggerExtensions.LogError(ILogger, Exception?, string?, params object?[])' (https://learn.microsoft.com/dotnet/fundamentals/code-analysis/quality-rules/ca1848) [/home/runner/work/trading-bot-c-/trading-bot-c-/src/BotCore/BotCore.csproj]
/home/runner/work/trading-bot-c-/trading-bot-c-/src/BotCore/Integration/AtomicStatePersistence.cs(119,13): error CA1848: For improved performance, use the LoggerMessage delegates instead of calling 'LoggerExtensions.LogError(ILogger, Exception?, string?, params object?[])' (https://learn.microsoft.com/dotnet/fundamentals/code-analysis/quality-rules/ca1848) [/home/runner/work/trading-bot-c-/trading-bot-c-/src/BotCore/BotCore.csproj]
/home/runner/work/trading-bot-c-/trading-bot-c-/src/BotCore/Integration/ComprehensiveTelemetryService.cs(331,35): error CA1024: Use properties where appropriate (https://learn.microsoft.com/dotnet/fundamentals/code-analysis/quality-rules/ca1024) [/home/runner/work/trading-bot-c-/trading-bot-c-/src/BotCore/BotCore.csproj]
/home/runner/work/trading-bot-c-/trading-bot-c-/src/BotCore/Integration/AtomicStatePersistence.cs(140,13): error CA1848: For improved performance, use the LoggerMessage delegates instead of calling 'LoggerExtensions.LogTrace(ILogger, string?, params object?[])' (https://learn.microsoft.com/dotnet/fundamentals/code-analysis/quality-rules/ca1848) [/home/runner/work/trading-bot-c-/trading-bot-c-/src/BotCore/BotCore.csproj]
/home/runner/work/trading-bot-c-/trading-bot-c-/src/BotCore/Integration/AtomicStatePersistence.cs(144,13): error CA1848: For improved performance, use the LoggerMessage delegates instead of calling 'LoggerExtensions.LogError(ILogger, Exception?, string?, params object?[])' (https://learn.microsoft.com/dotnet/fundamentals/code-analysis/quality-rules/ca1848) [/home/runner/work/trading-bot-c-/trading-bot-c-/src/BotCore/BotCore.csproj]
/home/runner/work/trading-bot-c-/trading-bot-c-/src/BotCore/Integration/AtomicStatePersistence.cs(149,13): error CA1848: For improved performance, use the LoggerMessage delegates instead of calling 'LoggerExtensions.LogError(ILogger, Exception?, string?, params object?[])' (https://learn.microsoft.com/dotnet/fundamentals/code-analysis/quality-rules/ca1848) [/home/runner/work/trading-bot-c-/trading-bot-c-/src/BotCore/BotCore.csproj]
/home/runner/work/trading-bot-c-/trading-bot-c-/src/BotCore/Integration/AtomicStatePersistence.cs(170,13): error CA1848: For improved performance, use the LoggerMessage delegates instead of calling 'LoggerExtensions.LogTrace(ILogger, string?, params object?[])' (https://learn.microsoft.com/dotnet/fundamentals/code-analysis/quality-rules/ca1848) [/home/runner/work/trading-bot-c-/trading-bot-c-/src/BotCore/BotCore.csproj]
/home/runner/work/trading-bot-c-/trading-bot-c-/src/BotCore/Integration/AtomicStatePersistence.cs(174,13): error CA1848: For improved performance, use the LoggerMessage delegates instead of calling 'LoggerExtensions.LogError(ILogger, Exception?, string?, params object?[])' (https://learn.microsoft.com/dotnet/fundamentals/code-analysis/quality-rules/ca1848) [/home/runner/work/trading-bot-c-/trading-bot-c-/src/BotCore/BotCore.csproj]
/home/runner/work/trading-bot-c-/trading-bot-c-/src/BotCore/Integration/AtomicStatePersistence.cs(179,13): error CA1848: For improved performance, use the LoggerMessage delegates instead of calling 'LoggerExtensions.LogError(ILogger, Exception?, string?, params object?[])' (https://learn.microsoft.com/dotnet/fundamentals/code-analysis/quality-rules/ca1848) [/home/runner/work/trading-bot-c-/trading-bot-c-/src/BotCore/BotCore.csproj]
/home/runner/work/trading-bot-c-/trading-bot-c-/src/BotCore/Config/EnvConfig.cs(49,13): error CA1848: For improved performance, use the LoggerMessage delegates instead of calling 'LoggerExtensions.LogDebug(ILogger, string?, params object?[])' (https://learn.microsoft.com/dotnet/fundamentals/code-analysis/quality-rules/ca1848) [/home/runner/work/trading-bot-c-/trading-bot-c-/src/BotCore/BotCore.csproj]
/home/runner/work/trading-bot-c-/trading-bot-c-/src/BotCore/Config/EsNqTradingSchedule.cs(289,33): error S3267: Loop should be simplified by calling Select(kvp => kvp.Value)) (https://rules.sonarsource.com/csharp/RSPEC-3267) [/home/runner/work/trading-bot-c-/trading-bot-c-/src/BotCore/BotCore.csproj]
/home/runner/work/trading-bot-c-/trading-bot-c-/src/BotCore/Fusion/FeatureBusAdapter.cs(1068,21): error S1541: The Cyclomatic Complexity of this method is 19 which is greater than 10 authorized. (https://rules.sonarsource.com/csharp/RSPEC-1541) [/home/runner/work/trading-bot-c-/trading-bot-c-/src/BotCore/BotCore.csproj]
/home/runner/work/trading-bot-c-/trading-bot-c-/src/BotCore/Integration/AtomicStatePersistence.cs(203,13): error CA1848: For improved performance, use the LoggerMessage delegates instead of calling 'LoggerExtensions.LogTrace(ILogger, string?, params object?[])' (https://learn.microsoft.com/dotnet/fundamentals/code-analysis/quality-rules/ca1848) [/home/runner/work/trading-bot-c-/trading-bot-c-/src/BotCore/BotCore.csproj]
/home/runner/work/trading-bot-c-/trading-bot-c-/src/BotCore/Integration/AtomicStatePersistence.cs(207,13): error CA1848: For improved performance, use the LoggerMessage delegates instead of calling 'LoggerExtensions.LogError(ILogger, Exception?, string?, params object?[])' (https://learn.microsoft.com/dotnet/fundamentals/code-analysis/quality-rules/ca1848) [/home/runner/work/trading-bot-c-/trading-bot-c-/src/BotCore/BotCore.csproj]
/home/runner/work/trading-bot-c-/trading-bot-c-/src/BotCore/Integration/AtomicStatePersistence.cs(212,13): error CA1848: For improved performance, use the LoggerMessage delegates instead of calling 'LoggerExtensions.LogError(ILogger, Exception?, string?, params object?[])' (https://learn.microsoft.com/dotnet/fundamentals/code-analysis/quality-rules/ca1848) [/home/runner/work/trading-bot-c-/trading-bot-c-/src/BotCore/BotCore.csproj]
/home/runner/work/trading-bot-c-/trading-bot-c-/src/BotCore/Config/EnvConfig.cs(60,33): error S3267: Loops should be simplified using the "Where" LINQ method (https://rules.sonarsource.com/csharp/RSPEC-3267) [/home/runner/work/trading-bot-c-/trading-bot-c-/src/BotCore/BotCore.csproj]
/home/runner/work/trading-bot-c-/trading-bot-c-/src/BotCore/Fusion/FeatureBusAdapter.cs(1068,21): error S138: This method 'GetPatternScoreFromEngine' has 91 lines, which is greater than the 80 lines authorized. Split it into smaller methods. (https://rules.sonarsource.com/csharp/RSPEC-138) [/home/runner/work/trading-bot-c-/trading-bot-c-/src/BotCore/BotCore.csproj]
/home/runner/work/trading-bot-c-/trading-bot-c-/src/BotCore/Config/EnvConfig.cs(86,21): error CA1848: For improved performance, use the LoggerMessage delegates instead of calling 'LoggerExtensions.LogDebug(ILogger, string?, params object?[])' (https://learn.microsoft.com/dotnet/fundamentals/code-analysis/quality-rules/ca1848) [/home/runner/work/trading-bot-c-/trading-bot-c-/src/BotCore/BotCore.csproj]
/home/runner/work/trading-bot-c-/trading-bot-c-/src/BotCore/Config/EnvConfig.cs(90,21): error CA1848: For improved performance, use the LoggerMessage delegates instead of calling 'LoggerExtensions.LogWarning(ILogger, Exception?, string?, params object?[])' (https://learn.microsoft.com/dotnet/fundamentals/code-analysis/quality-rules/ca1848) [/home/runner/work/trading-bot-c-/trading-bot-c-/src/BotCore/BotCore.csproj]
/home/runner/work/trading-bot-c-/trading-bot-c-/src/BotCore/Config/EnvConfig.cs(94,21): error CA1848: For improved performance, use the LoggerMessage delegates instead of calling 'LoggerExtensions.LogWarning(ILogger, Exception?, string?, params object?[])' (https://learn.microsoft.com/dotnet/fundamentals/code-analysis/quality-rules/ca1848) [/home/runner/work/trading-bot-c-/trading-bot-c-/src/BotCore/BotCore.csproj]
/home/runner/work/trading-bot-c-/trading-bot-c-/src/BotCore/Config/EnvConfig.cs(73,46): error CA1307: 'string.IndexOf(char)' has a method overload that takes a 'StringComparison' parameter. Replace this call in 'BotCore.Config.EnvConfig.LoadFromEnvFile()' with a call to 'string.IndexOf(char, System.StringComparison)' for clarity of intent. (https://learn.microsoft.com/dotnet/fundamentals/code-analysis/quality-rules/ca1307) [/home/runner/work/trading-bot-c-/trading-bot-c-/src/BotCore/BotCore.csproj]
/home/runner/work/trading-bot-c-/trading-bot-c-/src/BotCore/Fusion/FeatureBusAdapter.cs(1085,25): error CA1848: For improved performance, use the LoggerMessage delegates instead of calling 'LoggerExtensions.LogTrace(ILogger, string?, params object?[])' (https://learn.microsoft.com/dotnet/fundamentals/code-analysis/quality-rules/ca1848) [/home/runner/work/trading-bot-c-/trading-bot-c-/src/BotCore/BotCore.csproj]
/home/runner/work/trading-bot-c-/trading-bot-c-/src/BotCore/Fusion/FeatureBusAdapter.cs(1116,37): error CA1848: For improved performance, use the LoggerMessage delegates instead of calling 'LoggerExtensions.LogTrace(ILogger, string?, params object?[])' (https://learn.microsoft.com/dotnet/fundamentals/code-analysis/quality-rules/ca1848) [/home/runner/work/trading-bot-c-/trading-bot-c-/src/BotCore/BotCore.csproj]
/home/runner/work/trading-bot-c-/trading-bot-c-/src/BotCore/Fusion/FeatureBusAdapter.cs(1128,37): error CA1848: For improved performance, use the LoggerMessage delegates instead of calling 'LoggerExtensions.LogDebug(ILogger, string?, params object?[])' (https://learn.microsoft.com/dotnet/fundamentals/code-analysis/quality-rules/ca1848) [/home/runner/work/trading-bot-c-/trading-bot-c-/src/BotCore/BotCore.csproj]
/home/runner/work/trading-bot-c-/trading-bot-c-/src/BotCore/Fusion/FeatureBusAdapter.cs(1135,29): error CA1848: For improved performance, use the LoggerMessage delegates instead of calling 'LoggerExtensions.LogWarning(ILogger, Exception?, string?, params object?[])' (https://learn.microsoft.com/dotnet/fundamentals/code-analysis/quality-rules/ca1848) [/home/runner/work/trading-bot-c-/trading-bot-c-/src/BotCore/BotCore.csproj]
/home/runner/work/trading-bot-c-/trading-bot-c-/src/BotCore/Fusion/FeatureBusAdapter.cs(1139,29): error CA1848: For improved performance, use the LoggerMessage delegates instead of calling 'LoggerExtensions.LogWarning(ILogger, Exception?, string?, params object?[])' (https://learn.microsoft.com/dotnet/fundamentals/code-analysis/quality-rules/ca1848) [/home/runner/work/trading-bot-c-/trading-bot-c-/src/BotCore/BotCore.csproj]
/home/runner/work/trading-bot-c-/trading-bot-c-/src/BotCore/Fusion/FeatureBusAdapter.cs(1146,25): error CA1848: For improved performance, use the LoggerMessage delegates instead of calling 'LoggerExtensions.LogTrace(ILogger, string?, params object?[])' (https://learn.microsoft.com/dotnet/fundamentals/code-analysis/quality-rules/ca1848) [/home/runner/work/trading-bot-c-/trading-bot-c-/src/BotCore/BotCore.csproj]
/home/runner/work/trading-bot-c-/trading-bot-c-/src/BotCore/Fusion/FeatureBusAdapter.cs(1151,21): error CA1848: For improved performance, use the LoggerMessage delegates instead of calling 'LoggerExtensions.LogDebug(ILogger, string?, params object?[])' (https://learn.microsoft.com/dotnet/fundamentals/code-analysis/quality-rules/ca1848) [/home/runner/work/trading-bot-c-/trading-bot-c-/src/BotCore/BotCore.csproj]
/home/runner/work/trading-bot-c-/trading-bot-c-/src/BotCore/Fusion/FeatureBusAdapter.cs(1156,21): error CA1848: For improved performance, use the LoggerMessage delegates instead of calling 'LoggerExtensions.LogWarning(ILogger, Exception?, string?, params object?[])' (https://learn.microsoft.com/dotnet/fundamentals/code-analysis/quality-rules/ca1848) [/home/runner/work/trading-bot-c-/trading-bot-c-/src/BotCore/BotCore.csproj]
/home/runner/work/trading-bot-c-/trading-bot-c-/src/BotCore/Fusion/FeatureBusAdapter.cs(1163,21): error CA1848: For improved performance, use the LoggerMessage delegates instead of calling 'LoggerExtensions.LogError(ILogger, string?, params object?[])' (https://learn.microsoft.com/dotnet/fundamentals/code-analysis/quality-rules/ca1848) [/home/runner/work/trading-bot-c-/trading-bot-c-/src/BotCore/BotCore.csproj]
/home/runner/work/trading-bot-c-/trading-bot-c-/src/BotCore/Fusion/FeatureBusAdapter.cs(1170,17): error CA1848: For improved performance, use the LoggerMessage delegates instead of calling 'LoggerExtensions.LogTrace(ILogger, string?, params object?[])' (https://learn.microsoft.com/dotnet/fundamentals/code-analysis/quality-rules/ca1848) [/home/runner/work/trading-bot-c-/trading-bot-c-/src/BotCore/BotCore.csproj]
/home/runner/work/trading-bot-c-/trading-bot-c-/src/BotCore/Fusion/FeatureBusAdapter.cs(1177,13): error CA1848: For improved performance, use the LoggerMessage delegates instead of calling 'LoggerExtensions.LogWarning(ILogger, string?, params object?[])' (https://learn.microsoft.com/dotnet/fundamentals/code-analysis/quality-rules/ca1848) [/home/runner/work/trading-bot-c-/trading-bot-c-/src/BotCore/BotCore.csproj]
/home/runner/work/trading-bot-c-/trading-bot-c-/src/BotCore/Fusion/FeatureBusAdapter.cs(1182,13): error CA1848: For improved performance, use the LoggerMessage delegates instead of calling 'LoggerExtensions.LogError(ILogger, Exception?, string?, params object?[])' (https://learn.microsoft.com/dotnet/fundamentals/code-analysis/quality-rules/ca1848) [/home/runner/work/trading-bot-c-/trading-bot-c-/src/BotCore/BotCore.csproj]
/home/runner/work/trading-bot-c-/trading-bot-c-/src/BotCore/Fusion/FeatureBusAdapter.cs(1198,17): error CA1848: For improved performance, use the LoggerMessage delegates instead of calling 'LoggerExtensions.LogDebug(ILogger, string?, params object?[])' (https://learn.microsoft.com/dotnet/fundamentals/code-analysis/quality-rules/ca1848) [/home/runner/work/trading-bot-c-/trading-bot-c-/src/BotCore/BotCore.csproj]
/home/runner/work/trading-bot-c-/trading-bot-c-/src/BotCore/Fusion/FeatureBusAdapter.cs(1204,21): error CA1848: For improved performance, use the LoggerMessage delegates instead of calling 'LoggerExtensions.LogError(ILogger, string?, params object?[])' (https://learn.microsoft.com/dotnet/fundamentals/code-analysis/quality-rules/ca1848) [/home/runner/work/trading-bot-c-/trading-bot-c-/src/BotCore/BotCore.csproj]
/home/runner/work/trading-bot-c-/trading-bot-c-/src/BotCore/Fusion/FeatureBusAdapter.cs(1218,17): error CA1848: For improved performance, use the LoggerMessage delegates instead of calling 'LoggerExtensions.LogTrace(ILogger, string?, params object?[])' (https://learn.microsoft.com/dotnet/fundamentals/code-analysis/quality-rules/ca1848) [/home/runner/work/trading-bot-c-/trading-bot-c-/src/BotCore/BotCore.csproj]
/home/runner/work/trading-bot-c-/trading-bot-c-/src/BotCore/Fusion/FeatureBusAdapter.cs(1223,13): error CA1848: For improved performance, use the LoggerMessage delegates instead of calling 'LoggerExtensions.LogWarning(ILogger, string?, params object?[])' (https://learn.microsoft.com/dotnet/fundamentals/code-analysis/quality-rules/ca1848) [/home/runner/work/trading-bot-c-/trading-bot-c-/src/BotCore/BotCore.csproj]
/home/runner/work/trading-bot-c-/trading-bot-c-/src/BotCore/Fusion/FeatureBusAdapter.cs(1228,13): error CA1848: For improved performance, use the LoggerMessage delegates instead of calling 'LoggerExtensions.LogError(ILogger, Exception?, string?, params object?[])' (https://learn.microsoft.com/dotnet/fundamentals/code-analysis/quality-rules/ca1848) [/home/runner/work/trading-bot-c-/trading-bot-c-/src/BotCore/BotCore.csproj]
/home/runner/work/trading-bot-c-/trading-bot-c-/src/BotCore/Fusion/FeatureBusAdapter.cs(1226,9): error CA1031: Modify 'GetRegimeFromService' to catch a more specific allowed exception type, or rethrow the exception (https://learn.microsoft.com/dotnet/fundamentals/code-analysis/quality-rules/ca1031) [/home/runner/work/trading-bot-c-/trading-bot-c-/src/BotCore/BotCore.csproj]
/home/runner/work/trading-bot-c-/trading-bot-c-/src/BotCore/Integration/AtomicStatePersistence.cs(271,21): error CA1848: For improved performance, use the LoggerMessage delegates instead of calling 'LoggerExtensions.LogInformation(ILogger, Exception?, string?, params object?[])' (https://learn.microsoft.com/dotnet/fundamentals/code-analysis/quality-rules/ca1848) [/home/runner/work/trading-bot-c-/trading-bot-c-/src/BotCore/BotCore.csproj]
/home/runner/work/trading-bot-c-/trading-bot-c-/src/BotCore/Integration/AtomicStatePersistence.cs(275,21): error CA1848: For improved performance, use the LoggerMessage delegates instead of calling 'LoggerExtensions.LogError(ILogger, Exception?, string?, params object?[])' (https://learn.microsoft.com/dotnet/fundamentals/code-analysis/quality-rules/ca1848) [/home/runner/work/trading-bot-c-/trading-bot-c-/src/BotCore/BotCore.csproj]
/home/runner/work/trading-bot-c-/trading-bot-c-/src/BotCore/Fusion/FeatureBusAdapter.cs(1137,25): error CA1031: Modify 'GetPatternScoreFromEngine' to catch a more specific allowed exception type, or rethrow the exception (https://learn.microsoft.com/dotnet/fundamentals/code-analysis/quality-rules/ca1031) [/home/runner/work/trading-bot-c-/trading-bot-c-/src/BotCore/BotCore.csproj]
/home/runner/work/trading-bot-c-/trading-bot-c-/src/BotCore/Fusion/FeatureBusAdapter.cs(1154,17): error CA1031: Modify 'GetPatternScoreFromEngine' to catch a more specific allowed exception type, or rethrow the exception (https://learn.microsoft.com/dotnet/fundamentals/code-analysis/quality-rules/ca1031) [/home/runner/work/trading-bot-c-/trading-bot-c-/src/BotCore/BotCore.csproj]
/home/runner/work/trading-bot-c-/trading-bot-c-/src/BotCore/Fusion/FeatureBusAdapter.cs(1180,9): error CA1031: Modify 'GetPatternScoreFromEngine' to catch a more specific allowed exception type, or rethrow the exception (https://learn.microsoft.com/dotnet/fundamentals/code-analysis/quality-rules/ca1031) [/home/runner/work/trading-bot-c-/trading-bot-c-/src/BotCore/BotCore.csproj]
/home/runner/work/trading-bot-c-/trading-bot-c-/src/BotCore/Fusion/FeatureBusAdapter.cs(1252,13): error CA1848: For improved performance, use the LoggerMessage delegates instead of calling 'LoggerExtensions.LogError(ILogger, Exception?, string?, params object?[])' (https://learn.microsoft.com/dotnet/fundamentals/code-analysis/quality-rules/ca1848) [/home/runner/work/trading-bot-c-/trading-bot-c-/src/BotCore/BotCore.csproj]
/home/runner/work/trading-bot-c-/trading-bot-c-/src/BotCore/Fusion/FeatureBusAdapter.cs(1250,9): error CA1031: Modify 'GetRecentBarCountFromHistory' to catch a more specific allowed exception type, or rethrow the exception (https://learn.microsoft.com/dotnet/fundamentals/code-analysis/quality-rules/ca1031) [/home/runner/work/trading-bot-c-/trading-bot-c-/src/BotCore/BotCore.csproj]
/home/runner/work/trading-bot-c-/trading-bot-c-/src/BotCore/Config/EnvConfig.cs(231,17): error CA1848: For improved performance, use the LoggerMessage delegates instead of calling 'LoggerExtensions.LogInformation(ILogger, string?, params object?[])' (https://learn.microsoft.com/dotnet/fundamentals/code-analysis/quality-rules/ca1848) [/home/runner/work/trading-bot-c-/trading-bot-c-/src/BotCore/BotCore.csproj]
/home/runner/work/trading-bot-c-/trading-bot-c-/src/BotCore/Config/EnvConfig.cs(241,17): error CA1848: For improved performance, use the LoggerMessage delegates instead of calling 'LoggerExtensions.LogInformation(ILogger, string?, params object?[])' (https://learn.microsoft.com/dotnet/fundamentals/code-analysis/quality-rules/ca1848) [/home/runner/work/trading-bot-c-/trading-bot-c-/src/BotCore/BotCore.csproj]
/home/runner/work/trading-bot-c-/trading-bot-c-/src/BotCore/Config/EnvConfig.cs(249,13): error CA1848: For improved performance, use the LoggerMessage delegates instead of calling 'LoggerExtensions.LogError(ILogger, Exception?, string?, params object?[])' (https://learn.microsoft.com/dotnet/fundamentals/code-analysis/quality-rules/ca1848) [/home/runner/work/trading-bot-c-/trading-bot-c-/src/BotCore/BotCore.csproj]
/home/runner/work/trading-bot-c-/trading-bot-c-/src/BotCore/Config/EnvConfig.cs(254,13): error CA1848: For improved performance, use the LoggerMessage delegates instead of calling 'LoggerExtensions.LogError(ILogger, Exception?, string?, params object?[])' (https://learn.microsoft.com/dotnet/fundamentals/code-analysis/quality-rules/ca1848) [/home/runner/work/trading-bot-c-/trading-bot-c-/src/BotCore/BotCore.csproj]
/home/runner/work/trading-bot-c-/trading-bot-c-/src/BotCore/Config/EnvConfig.cs(259,13): error CA1848: For improved performance, use the LoggerMessage delegates instead of calling 'LoggerExtensions.LogError(ILogger, Exception?, string?, params object?[])' (https://learn.microsoft.com/dotnet/fundamentals/code-analysis/quality-rules/ca1848) [/home/runner/work/trading-bot-c-/trading-bot-c-/src/BotCore/BotCore.csproj]
/home/runner/work/trading-bot-c-/trading-bot-c-/src/BotCore/Integration/AtomicStatePersistence.cs(308,17): error CA1848: For improved performance, use the LoggerMessage delegates instead of calling 'LoggerExtensions.LogDebug(ILogger, string?, params object?[])' (https://learn.microsoft.com/dotnet/fundamentals/code-analysis/quality-rules/ca1848) [/home/runner/work/trading-bot-c-/trading-bot-c-/src/BotCore/BotCore.csproj]
/home/runner/work/trading-bot-c-/trading-bot-c-/src/BotCore/Integration/AtomicStatePersistence.cs(315,13): error CA1848: For improved performance, use the LoggerMessage delegates instead of calling 'LoggerExtensions.LogDebug(ILogger, string?, params object?[])' (https://learn.microsoft.com/dotnet/fundamentals/code-analysis/quality-rules/ca1848) [/home/runner/work/trading-bot-c-/trading-bot-c-/src/BotCore/BotCore.csproj]
/home/runner/work/trading-bot-c-/trading-bot-c-/src/BotCore/Integration/AtomicStatePersistence.cs(320,13): error CA1848: For improved performance, use the LoggerMessage delegates instead of calling 'LoggerExtensions.LogError(ILogger, Exception?, string?, params object?[])' (https://learn.microsoft.com/dotnet/fundamentals/code-analysis/quality-rules/ca1848) [/home/runner/work/trading-bot-c-/trading-bot-c-/src/BotCore/BotCore.csproj]
/home/runner/work/trading-bot-c-/trading-bot-c-/src/BotCore/Integration/AtomicStatePersistence.cs(325,13): error CA1848: For improved performance, use the LoggerMessage delegates instead of calling 'LoggerExtensions.LogError(ILogger, Exception?, string?, params object?[])' (https://learn.microsoft.com/dotnet/fundamentals/code-analysis/quality-rules/ca1848) [/home/runner/work/trading-bot-c-/trading-bot-c-/src/BotCore/BotCore.csproj]
/home/runner/work/trading-bot-c-/trading-bot-c-/src/BotCore/Config/EnvConfig.cs(163,17): error CA1848: For improved performance, use the LoggerMessage delegates instead of calling 'LoggerExtensions.LogWarning(ILogger, string?, params object?[])' (https://learn.microsoft.com/dotnet/fundamentals/code-analysis/quality-rules/ca1848) [/home/runner/work/trading-bot-c-/trading-bot-c-/src/BotCore/BotCore.csproj]
/home/runner/work/trading-bot-c-/trading-bot-c-/src/BotCore/Config/EnvConfig.cs(171,17): error CA1848: For improved performance, use the LoggerMessage delegates instead of calling 'LoggerExtensions.LogInformation(ILogger, string?, params object?[])' (https://learn.microsoft.com/dotnet/fundamentals/code-analysis/quality-rules/ca1848) [/home/runner/work/trading-bot-c-/trading-bot-c-/src/BotCore/BotCore.csproj]
/home/runner/work/trading-bot-c-/trading-bot-c-/src/BotCore/Config/EnvConfig.cs(179,17): error CA1848: For improved performance, use the LoggerMessage delegates instead of calling 'LoggerExtensions.LogWarning(ILogger, string?, params object?[])' (https://learn.microsoft.com/dotnet/fundamentals/code-analysis/quality-rules/ca1848) [/home/runner/work/trading-bot-c-/trading-bot-c-/src/BotCore/BotCore.csproj]
/home/runner/work/trading-bot-c-/trading-bot-c-/src/BotCore/Config/EnvConfig.cs(195,17): error CA1848: For improved performance, use the LoggerMessage delegates instead of calling 'LoggerExtensions.LogError(ILogger, string?, params object?[])' (https://learn.microsoft.com/dotnet/fundamentals/code-analysis/quality-rules/ca1848) [/home/runner/work/trading-bot-c-/trading-bot-c-/src/BotCore/BotCore.csproj]
/home/runner/work/trading-bot-c-/trading-bot-c-/src/BotCore/Config/EnvConfig.cs(201,13): error CA1848: For improved performance, use the LoggerMessage delegates instead of calling 'LoggerExtensions.LogInformation(ILogger, string?, params object?[])' (https://learn.microsoft.com/dotnet/fundamentals/code-analysis/quality-rules/ca1848) [/home/runner/work/trading-bot-c-/trading-bot-c-/src/BotCore/BotCore.csproj]
/home/runner/work/trading-bot-c-/trading-bot-c-/src/BotCore/Config/EnvConfig.cs(206,13): error CA1848: For improved performance, use the LoggerMessage delegates instead of calling 'LoggerExtensions.LogError(ILogger, Exception?, string?, params object?[])' (https://learn.microsoft.com/dotnet/fundamentals/code-analysis/quality-rules/ca1848) [/home/runner/work/trading-bot-c-/trading-bot-c-/src/BotCore/BotCore.csproj]
/home/runner/work/trading-bot-c-/trading-bot-c-/src/BotCore/Config/EnvConfig.cs(211,13): error CA1848: For improved performance, use the LoggerMessage delegates instead of calling 'LoggerExtensions.LogError(ILogger, Exception?, string?, params object?[])' (https://learn.microsoft.com/dotnet/fundamentals/code-analysis/quality-rules/ca1848) [/home/runner/work/trading-bot-c-/trading-bot-c-/src/BotCore/BotCore.csproj]
/home/runner/work/trading-bot-c-/trading-bot-c-/src/BotCore/Config/EnvConfig.cs(216,13): error CA1848: For improved performance, use the LoggerMessage delegates instead of calling 'LoggerExtensions.LogError(ILogger, Exception?, string?, params object?[])' (https://learn.microsoft.com/dotnet/fundamentals/code-analysis/quality-rules/ca1848) [/home/runner/work/trading-bot-c-/trading-bot-c-/src/BotCore/BotCore.csproj]
/home/runner/work/trading-bot-c-/trading-bot-c-/src/BotCore/Integration/AtomicStatePersistence.cs(341,17): error CA1848: For improved performance, use the LoggerMessage delegates instead of calling 'LoggerExtensions.LogDebug(ILogger, string?, params object?[])' (https://learn.microsoft.com/dotnet/fundamentals/code-analysis/quality-rules/ca1848) [/home/runner/work/trading-bot-c-/trading-bot-c-/src/BotCore/BotCore.csproj]
/home/runner/work/trading-bot-c-/trading-bot-c-/src/BotCore/Integration/AtomicStatePersistence.cs(348,13): error CA1848: For improved performance, use the LoggerMessage delegates instead of calling 'LoggerExtensions.LogDebug(ILogger, string?, params object?[])' (https://learn.microsoft.com/dotnet/fundamentals/code-analysis/quality-rules/ca1848) [/home/runner/work/trading-bot-c-/trading-bot-c-/src/BotCore/BotCore.csproj]
/home/runner/work/trading-bot-c-/trading-bot-c-/src/BotCore/Integration/AtomicStatePersistence.cs(353,13): error CA1848: For improved performance, use the LoggerMessage delegates instead of calling 'LoggerExtensions.LogError(ILogger, Exception?, string?, params object?[])' (https://learn.microsoft.com/dotnet/fundamentals/code-analysis/quality-rules/ca1848) [/home/runner/work/trading-bot-c-/trading-bot-c-/src/BotCore/BotCore.csproj]
/home/runner/work/trading-bot-c-/trading-bot-c-/src/BotCore/Integration/AtomicStatePersistence.cs(358,13): error CA1848: For improved performance, use the LoggerMessage delegates instead of calling 'LoggerExtensions.LogError(ILogger, Exception?, string?, params object?[])' (https://learn.microsoft.com/dotnet/fundamentals/code-analysis/quality-rules/ca1848) [/home/runner/work/trading-bot-c-/trading-bot-c-/src/BotCore/BotCore.csproj]
/home/runner/work/trading-bot-c-/trading-bot-c-/src/BotCore/Config/EnvConfig.cs(317,9): error CA1848: For improved performance, use the LoggerMessage delegates instead of calling 'LoggerExtensions.LogInformation(ILogger, string?, params object?[])' (https://learn.microsoft.com/dotnet/fundamentals/code-analysis/quality-rules/ca1848) [/home/runner/work/trading-bot-c-/trading-bot-c-/src/BotCore/BotCore.csproj]
/home/runner/work/trading-bot-c-/trading-bot-c-/src/BotCore/Fusion/FeatureBusAdapter.cs(1260,21): error S1541: The Cyclomatic Complexity of this method is 20 which is greater than 10 authorized. (https://rules.sonarsource.com/csharp/RSPEC-1541) [/home/runner/work/trading-bot-c-/trading-bot-c-/src/BotCore/BotCore.csproj]
/home/runner/work/trading-bot-c-/trading-bot-c-/src/BotCore/Config/EnvConfig.cs(332,35): error S6605: Collection-specific "Exists" method should be used instead of the "Any" extension. (https://rules.sonarsource.com/csharp/RSPEC-6605) [/home/runner/work/trading-bot-c-/trading-bot-c-/src/BotCore/BotCore.csproj]
/home/runner/work/trading-bot-c-/trading-bot-c-/src/BotCore/Fusion/FeatureBusAdapter.cs(1267,17): error CA1848: For improved performance, use the LoggerMessage delegates instead of calling 'LoggerExtensions.LogWarning(ILogger, string?, params object?[])' (https://learn.microsoft.com/dotnet/fundamentals/code-analysis/quality-rules/ca1848) [/home/runner/work/trading-bot-c-/trading-bot-c-/src/BotCore/BotCore.csproj]
/home/runner/work/trading-bot-c-/trading-bot-c-/src/BotCore/Fusion/FeatureBusAdapter.cs(1274,17): error CA1848: For improved performance, use the LoggerMessage delegates instead of calling 'LoggerExtensions.LogDebug(ILogger, string?, params object?[])' (https://learn.microsoft.com/dotnet/fundamentals/code-analysis/quality-rules/ca1848) [/home/runner/work/trading-bot-c-/trading-bot-c-/src/BotCore/BotCore.csproj]
/home/runner/work/trading-bot-c-/trading-bot-c-/src/BotCore/Fusion/FeatureBusAdapter.cs(1293,13): error CA1848: For improved performance, use the LoggerMessage delegates instead of calling 'LoggerExtensions.LogError(ILogger, Exception?, string?, params object?[])' (https://learn.microsoft.com/dotnet/fundamentals/code-analysis/quality-rules/ca1848) [/home/runner/work/trading-bot-c-/trading-bot-c-/src/BotCore/BotCore.csproj]
/home/runner/work/trading-bot-c-/trading-bot-c-/src/BotCore/Integration/AtomicStatePersistence.cs(374,17): error CA1848: For improved performance, use the LoggerMessage delegates instead of calling 'LoggerExtensions.LogDebug(ILogger, string?, params object?[])' (https://learn.microsoft.com/dotnet/fundamentals/code-analysis/quality-rules/ca1848) [/home/runner/work/trading-bot-c-/trading-bot-c-/src/BotCore/BotCore.csproj]
/home/runner/work/trading-bot-c-/trading-bot-c-/src/BotCore/Integration/AtomicStatePersistence.cs(381,13): error CA1848: For improved performance, use the LoggerMessage delegates instead of calling 'LoggerExtensions.LogDebug(ILogger, string?, params object?[])' (https://learn.microsoft.com/dotnet/fundamentals/code-analysis/quality-rules/ca1848) [/home/runner/work/trading-bot-c-/trading-bot-c-/src/BotCore/BotCore.csproj]
/home/runner/work/trading-bot-c-/trading-bot-c-/src/BotCore/Integration/AtomicStatePersistence.cs(386,13): error CA1848: For improved performance, use the LoggerMessage delegates instead of calling 'LoggerExtensions.LogError(ILogger, Exception?, string?, params object?[])' (https://learn.microsoft.com/dotnet/fundamentals/code-analysis/quality-rules/ca1848) [/home/runner/work/trading-bot-c-/trading-bot-c-/src/BotCore/BotCore.csproj]
/home/runner/work/trading-bot-c-/trading-bot-c-/src/BotCore/Integration/AtomicStatePersistence.cs(391,13): error CA1848: For improved performance, use the LoggerMessage delegates instead of calling 'LoggerExtensions.LogError(ILogger, Exception?, string?, params object?[])' (https://learn.microsoft.com/dotnet/fundamentals/code-analysis/quality-rules/ca1848) [/home/runner/work/trading-bot-c-/trading-bot-c-/src/BotCore/BotCore.csproj]
/home/runner/work/trading-bot-c-/trading-bot-c-/src/BotCore/Fusion/FeatureBusAdapter.cs(1291,9): error CA1031: Modify 'GetS7FeatureFromService' to catch a more specific allowed exception type, or rethrow the exception (https://learn.microsoft.com/dotnet/fundamentals/code-analysis/quality-rules/ca1031) [/home/runner/work/trading-bot-c-/trading-bot-c-/src/BotCore/BotCore.csproj]
/home/runner/work/trading-bot-c-/trading-bot-c-/src/BotCore/Fusion/FeatureBusAdapter.cs(1308,17): error CA1848: For improved performance, use the LoggerMessage delegates instead of calling 'LoggerExtensions.LogWarning(ILogger, string?, params object?[])' (https://learn.microsoft.com/dotnet/fundamentals/code-analysis/quality-rules/ca1848) [/home/runner/work/trading-bot-c-/trading-bot-c-/src/BotCore/BotCore.csproj]
/home/runner/work/trading-bot-c-/trading-bot-c-/src/BotCore/Fusion/FeatureBusAdapter.cs(1315,17): error CA1848: For improved performance, use the LoggerMessage delegates instead of calling 'LoggerExtensions.LogTrace(ILogger, string?, params object?[])' (https://learn.microsoft.com/dotnet/fundamentals/code-analysis/quality-rules/ca1848) [/home/runner/work/trading-bot-c-/trading-bot-c-/src/BotCore/BotCore.csproj]
/home/runner/work/trading-bot-c-/trading-bot-c-/src/BotCore/Fusion/FeatureBusAdapter.cs(1323,13): error CA1848: For improved performance, use the LoggerMessage delegates instead of calling 'LoggerExtensions.LogError(ILogger, Exception?, string?, params object?[])' (https://learn.microsoft.com/dotnet/fundamentals/code-analysis/quality-rules/ca1848) [/home/runner/work/trading-bot-c-/trading-bot-c-/src/BotCore/BotCore.csproj]
/home/runner/work/trading-bot-c-/trading-bot-c-/src/BotCore/Integration/AtomicStatePersistence.cs(494,17): error CA1848: For improved performance, use the LoggerMessage delegates instead of calling 'LoggerExtensions.LogTrace(ILogger, string?, params object?[])' (https://learn.microsoft.com/dotnet/fundamentals/code-analysis/quality-rules/ca1848) [/home/runner/work/trading-bot-c-/trading-bot-c-/src/BotCore/BotCore.csproj]
/home/runner/work/trading-bot-c-/trading-bot-c-/src/BotCore/Integration/AtomicStatePersistence.cs(499,13): error CA1848: For improved performance, use the LoggerMessage delegates instead of calling 'LoggerExtensions.LogWarning(ILogger, Exception?, string?, params object?[])' (https://learn.microsoft.com/dotnet/fundamentals/code-analysis/quality-rules/ca1848) [/home/runner/work/trading-bot-c-/trading-bot-c-/src/BotCore/BotCore.csproj]
/home/runner/work/trading-bot-c-/trading-bot-c-/src/BotCore/Integration/AtomicStatePersistence.cs(503,13): error CA1848: For improved performance, use the LoggerMessage delegates instead of calling 'LoggerExtensions.LogWarning(ILogger, Exception?, string?, params object?[])' (https://learn.microsoft.com/dotnet/fundamentals/code-analysis/quality-rules/ca1848) [/home/runner/work/trading-bot-c-/trading-bot-c-/src/BotCore/BotCore.csproj]
/home/runner/work/trading-bot-c-/trading-bot-c-/src/BotCore/Fusion/FeatureBusAdapter.cs(1321,9): error CA1031: Modify 'GetConfigValue' to catch a more specific allowed exception type, or rethrow the exception (https://learn.microsoft.com/dotnet/fundamentals/code-analysis/quality-rules/ca1031) [/home/runner/work/trading-bot-c-/trading-bot-c-/src/BotCore/BotCore.csproj]
/home/runner/work/trading-bot-c-/trading-bot-c-/src/BotCore/Integration/AtomicStatePersistence.cs(513,9): error CA1848: For improved performance, use the LoggerMessage delegates instead of calling 'LoggerExtensions.LogInformation(ILogger, string?, params object?[])' (https://learn.microsoft.com/dotnet/fundamentals/code-analysis/quality-rules/ca1848) [/home/runner/work/trading-bot-c-/trading-bot-c-/src/BotCore/BotCore.csproj]
/home/runner/work/trading-bot-c-/trading-bot-c-/src/BotCore/Integration/AtomicStatePersistence.cs(522,9): error CA1848: For improved performance, use the LoggerMessage delegates instead of calling 'LoggerExtensions.LogInformation(ILogger, string?, params object?[])' (https://learn.microsoft.com/dotnet/fundamentals/code-analysis/quality-rules/ca1848) [/home/runner/work/trading-bot-c-/trading-bot-c-/src/BotCore/BotCore.csproj]
/home/runner/work/trading-bot-c-/trading-bot-c-/src/BotCore/Fusion/FeatureBusAdapter.cs(364,89): error CA1859: Change type of parameter 'bars' from 'System.Collections.Generic.IReadOnlyList<BotCore.Market.Bar>' to 'System.Collections.Generic.List<BotCore.Market.Bar>' for improved performance (https://learn.microsoft.com/dotnet/fundamentals/code-analysis/quality-rules/ca1859) [/home/runner/work/trading-bot-c-/trading-bot-c-/src/BotCore/BotCore.csproj]
/home/runner/work/trading-bot-c-/trading-bot-c-/src/BotCore/Fusion/FeatureBusAdapter.cs(311,74): error CA1859: Change type of parameter 'bars' from 'System.Collections.Generic.IReadOnlyList<BotCore.Market.Bar>' to 'System.Collections.Generic.List<BotCore.Market.Bar>' for improved performance (https://learn.microsoft.com/dotnet/fundamentals/code-analysis/quality-rules/ca1859) [/home/runner/work/trading-bot-c-/trading-bot-c-/src/BotCore/BotCore.csproj]
/home/runner/work/trading-bot-c-/trading-bot-c-/src/BotCore/Integration/AtomicStatePersistence.cs(451,25): error CA1848: For improved performance, use the LoggerMessage delegates instead of calling 'LoggerExtensions.LogWarning(ILogger, Exception?, string?, params object?[])' (https://learn.microsoft.com/dotnet/fundamentals/code-analysis/quality-rules/ca1848) [/home/runner/work/trading-bot-c-/trading-bot-c-/src/BotCore/BotCore.csproj]
/home/runner/work/trading-bot-c-/trading-bot-c-/src/BotCore/Integration/AtomicStatePersistence.cs(455,25): error CA1848: For improved performance, use the LoggerMessage delegates instead of calling 'LoggerExtensions.LogWarning(ILogger, Exception?, string?, params object?[])' (https://learn.microsoft.com/dotnet/fundamentals/code-analysis/quality-rules/ca1848) [/home/runner/work/trading-bot-c-/trading-bot-c-/src/BotCore/BotCore.csproj]
/home/runner/work/trading-bot-c-/trading-bot-c-/src/BotCore/Integration/AtomicStatePersistence.cs(460,13): error CA1848: For improved performance, use the LoggerMessage delegates instead of calling 'LoggerExtensions.LogInformation(ILogger, string?, params object?[])' (https://learn.microsoft.com/dotnet/fundamentals/code-analysis/quality-rules/ca1848) [/home/runner/work/trading-bot-c-/trading-bot-c-/src/BotCore/BotCore.csproj]
/home/runner/work/trading-bot-c-/trading-bot-c-/src/BotCore/Integration/AtomicStatePersistence.cs(470,13): error CA1848: For improved performance, use the LoggerMessage delegates instead of calling 'LoggerExtensions.LogError(ILogger, Exception?, string?, params object?[])' (https://learn.microsoft.com/dotnet/fundamentals/code-analysis/quality-rules/ca1848) [/home/runner/work/trading-bot-c-/trading-bot-c-/src/BotCore/BotCore.csproj]
/home/runner/work/trading-bot-c-/trading-bot-c-/src/BotCore/Integration/AtomicStatePersistence.cs(475,13): error CA1848: For improved performance, use the LoggerMessage delegates instead of calling 'LoggerExtensions.LogError(ILogger, Exception?, string?, params object?[])' (https://learn.microsoft.com/dotnet/fundamentals/code-analysis/quality-rules/ca1848) [/home/runner/work/trading-bot-c-/trading-bot-c-/src/BotCore/BotCore.csproj]
/home/runner/work/trading-bot-c-/trading-bot-c-/src/BotCore/Services/TradingBotTuningRunner.cs(781,29): error CA1812: 'TradingBotTuningRunner.BarData' is an internal class that is apparently never instantiated. If so, remove the code from the assembly. If this class is intended to contain only static members, make it 'static' (Module in Visual Basic). (https://learn.microsoft.com/dotnet/fundamentals/code-analysis/quality-rules/ca1812) [/home/runner/work/trading-bot-c-/trading-bot-c-/src/BotCore/BotCore.csproj]
/home/runner/work/trading-bot-c-/trading-bot-c-/src/BotCore/Services/TradingBotTuningRunner.cs(773,29): error CA1812: 'TradingBotTuningRunner.HistoryBarsResponse' is an internal class that is apparently never instantiated. If so, remove the code from the assembly. If this class is intended to contain only static members, make it 'static' (Module in Visual Basic). (https://learn.microsoft.com/dotnet/fundamentals/code-analysis/quality-rules/ca1812) [/home/runner/work/trading-bot-c-/trading-bot-c-/src/BotCore/BotCore.csproj]
    0 Warning(s)
    4222 Error(s)

Time Elapsed 00:02:10.11
